Archive member included to satisfy reference by file (symbol)

.\CortexM3\ARM_GCC_541\Debug\Half_Skeleton_V2_T1.a(Pin_CSMotorX.o)
                              .\CortexM3\ARM_GCC_541\Debug\AS76.o (Pin_CSMotorX_Write)
.\CortexM3\ARM_GCC_541\Debug\Half_Skeleton_V2_T1.a(Pin_CSMotorY.o)
                              .\CortexM3\ARM_GCC_541\Debug\AS76.o (Pin_CSMotorY_Write)
.\CortexM3\ARM_GCC_541\Debug\Half_Skeleton_V2_T1.a(Pin_CSMotorZ.o)
                              .\CortexM3\ARM_GCC_541\Debug\AS76.o (Pin_CSMotorZ_Write)
.\CortexM3\ARM_GCC_541\Debug\Half_Skeleton_V2_T1.a(SPIM.o)
                              .\CortexM3\ARM_GCC_541\Debug\AS76.o (SPIM_WriteTxData)
.\CortexM3\ARM_GCC_541\Debug\Half_Skeleton_V2_T1.a(SPIM_INT.o)
                              .\CortexM3\ARM_GCC_541\Debug\Half_Skeleton_V2_T1.a(SPIM.o) (SPIM_TX_ISR)
.\CortexM3\ARM_GCC_541\Debug\Half_Skeleton_V2_T1.a(CyLib.o)
                              .\CortexM3\ARM_GCC_541\Debug\Cm3Start.o (CyHalt)
.\CortexM3\ARM_GCC_541\Debug\Half_Skeleton_V2_T1.a(cyPm.o)
                              .\CortexM3\ARM_GCC_541\Debug\Half_Skeleton_V2_T1.a(CyLib.o) (CyPmReadStatus)
.\CortexM3\ARM_GCC_541\Debug\Half_Skeleton_V2_T1.a(USB.o)
                              .\CortexM3\ARM_GCC_541\Debug\AS76.o (USB_Start)
.\CortexM3\ARM_GCC_541\Debug\Half_Skeleton_V2_T1.a(USB_cdc.o)
                              .\CortexM3\ARM_GCC_541\Debug\AS76.o (USB_CDC_Init)
.\CortexM3\ARM_GCC_541\Debug\Half_Skeleton_V2_T1.a(USB_drv.o)
                              .\CortexM3\ARM_GCC_541\Debug\Half_Skeleton_V2_T1.a(USB.o) (USB_lastPacketSize)
.\CortexM3\ARM_GCC_541\Debug\Half_Skeleton_V2_T1.a(USB_episr.o)
                              .\CortexM3\ARM_GCC_541\Debug\Half_Skeleton_V2_T1.a(USB.o) (USB_EP_1_ISR)
.\CortexM3\ARM_GCC_541\Debug\Half_Skeleton_V2_T1.a(USB_hid.o)
                              .\CortexM3\ARM_GCC_541\Debug\Half_Skeleton_V2_T1.a(USB.o) (USB_hidProtocol)
.\CortexM3\ARM_GCC_541\Debug\Half_Skeleton_V2_T1.a(USB_pm.o)
                              .\CortexM3\ARM_GCC_541\Debug\Half_Skeleton_V2_T1.a(USB.o) (USB_DP_ISR)
.\CortexM3\ARM_GCC_541\Debug\Half_Skeleton_V2_T1.a(USB_std.o)
                              .\CortexM3\ARM_GCC_541\Debug\Half_Skeleton_V2_T1.a(USB_pm.o) (USB_ConfigReg)
.\CortexM3\ARM_GCC_541\Debug\Half_Skeleton_V2_T1.a(USB_vnd.o)
                              .\CortexM3\ARM_GCC_541\Debug\Half_Skeleton_V2_T1.a(USB_drv.o) (USB_HandleVendorRqst)
.\CortexM3\ARM_GCC_541\Debug\Half_Skeleton_V2_T1.a(USB_Dp.o)
                              .\CortexM3\ARM_GCC_541\Debug\Half_Skeleton_V2_T1.a(USB.o) (USB_Dp_ClearInterrupt)
.\CortexM3\ARM_GCC_541\Debug\Half_Skeleton_V2_T1.a(PWM_CondenserLED.o)
                              .\CortexM3\ARM_GCC_541\Debug\AS76.o (PWM_CondenserLED_WriteCompare)
.\CortexM3\ARM_GCC_541\Debug\Half_Skeleton_V2_T1.a(SPIM_IntClock.o)
                              .\CortexM3\ARM_GCC_541\Debug\Half_Skeleton_V2_T1.a(SPIM.o) (SPIM_IntClock_Start)
.\CortexM3\ARM_GCC_541\Debug\Half_Skeleton_V2_T1.a(QuadDec_X.o)
                              .\CortexM3\ARM_GCC_541\Debug\AS76.o (QuadDec_X_GetCounter)
.\CortexM3\ARM_GCC_541\Debug\Half_Skeleton_V2_T1.a(QuadDec_X_INT.o)
                              .\CortexM3\ARM_GCC_541\Debug\Half_Skeleton_V2_T1.a(QuadDec_X.o) (QuadDec_X_ISR)
.\CortexM3\ARM_GCC_541\Debug\Half_Skeleton_V2_T1.a(QuadDec_X_Cnt16.o)
                              .\CortexM3\ARM_GCC_541\Debug\Half_Skeleton_V2_T1.a(QuadDec_X.o) (QuadDec_X_Cnt16_Stop)
.\CortexM3\ARM_GCC_541\Debug\Half_Skeleton_V2_T1.a(UART_PCB_LOG.o)
                              .\CortexM3\ARM_GCC_541\Debug\main.o (UART_PCB_LOG_Start)
.\CortexM3\ARM_GCC_541\Debug\Half_Skeleton_V2_T1.a(UART_PCB_LOG_INT.o)
                              .\CortexM3\ARM_GCC_541\Debug\Half_Skeleton_V2_T1.a(UART_PCB_LOG.o) (UART_PCB_LOG_RXISR)
.\CortexM3\ARM_GCC_541\Debug\Half_Skeleton_V2_T1.a(UART_PCB_LOG_IntClock.o)
                              .\CortexM3\ARM_GCC_541\Debug\Half_Skeleton_V2_T1.a(UART_PCB_LOG.o) (UART_PCB_LOG_IntClock_Start)
.\CortexM3\ARM_GCC_541\Debug\Half_Skeleton_V2_T1.a(Pin_Backlight.o)
                              .\CortexM3\ARM_GCC_541\Debug\AS76.o (Pin_Backlight_Write)
.\CortexM3\ARM_GCC_541\Debug\Half_Skeleton_V2_T1.a(LED2.o)
                              .\CortexM3\ARM_GCC_541\Debug\main.o (LED2_Write)
.\CortexM3\ARM_GCC_541\Debug\Half_Skeleton_V2_T1.a(Pin_CSMotorO.o)
                              .\CortexM3\ARM_GCC_541\Debug\AS76.o (Pin_CSMotorO_Write)
.\CortexM3\ARM_GCC_541\Debug\Half_Skeleton_V2_T1.a(Pin_CSMotorT.o)
                              .\CortexM3\ARM_GCC_541\Debug\AS76.o (Pin_CSMotorT_Write)
.\CortexM3\ARM_GCC_541\Debug\Half_Skeleton_V2_T1.a(QuadDec_TZ.o)
                              .\CortexM3\ARM_GCC_541\Debug\AS76.o (QuadDec_TZ_GetCounter)
.\CortexM3\ARM_GCC_541\Debug\Half_Skeleton_V2_T1.a(QuadDec_TZ_INT.o)
                              .\CortexM3\ARM_GCC_541\Debug\Half_Skeleton_V2_T1.a(QuadDec_TZ.o) (QuadDec_TZ_ISR)
[...]
Memory Configuration

Name             Origin             Length             Attributes
rom              0x00000000         0x00040000         xr
ram              0x1fff8000         0x00010000         xrw
*default*        0x00000000         0xffffffff

Linker script and memory map

LOAD c:/program files (x86)/cypress/psoc creator/4.4/psoc creator/import/gnu/arm/5.4.1/bin/../lib/gcc/arm-none-eabi/5.4.1/armv7-m/crti.o
LOAD c:/program files (x86)/cypress/psoc creator/4.4/psoc creator/import/gnu/arm/5.4.1/bin/../lib/gcc/arm-none-eabi/5.4.1/armv7-m/crtbegin.o
LOAD c:/program files (x86)/cypress/psoc creator/4.4/psoc creator/import/gnu/arm/5.4.1/bin/../lib/gcc/arm-none-eabi/5.4.1/../../../../arm-none-eabi/lib/armv7-m/crt0.o
START GROUP
LOAD .\CortexM3\ARM_GCC_541\Debug\main.o
LOAD .\CortexM3\ARM_GCC_541\Debug\AS76.o
LOAD .\CortexM3\ARM_GCC_541\Debug\cyfitter_cfg.o
LOAD .\CortexM3\ARM_GCC_541\Debug\cymetadata.o
LOAD .\CortexM3\ARM_GCC_541\Debug\Cm3Start.o
LOAD .\CortexM3\ARM_GCC_541\Debug\Half_Skeleton_V2_T1.a
LOAD C:\Program Files (x86)\Cypress\PSoC Creator\4.4\PSoC Creator\psoc\content\cycomponentlibrary\CyComponentLibrary.cylib\CortexM3\ARM_GCC_541\Debug\CyComponentLibrary.a
LOAD c:/program files (x86)/cypress/psoc creator/4.4/psoc creator/import/gnu/arm/5.4.1/bin/../lib/gcc/arm-none-eabi/5.4.1/../../../../arm-none-eabi/lib/armv7-m\libm.a
END GROUP
START GROUP
LOAD c:/program files (x86)/cypress/psoc creator/4.4/psoc creator/import/gnu/arm/5.4.1/bin/../lib/gcc/arm-none-eabi/5.4.1/armv7-m\libgcc.a
LOAD c:/program files (x86)/cypress/psoc creator/4.4/psoc creator/import/gnu/arm/5.4.1/bin/../lib/gcc/arm-none-eabi/5.4.1/../../../../arm-none-eabi/lib/armv7-m\libg_nano.a
LOAD c:/program files (x86)/cypress/psoc creator/4.4/psoc creator/import/gnu/arm/5.4.1/bin/../lib/gcc/arm-none-eabi/5.4.1/../../../../arm-none-eabi/lib/armv7-m\libc_nano.a
END GROUP
START GROUP
LOAD c:/program files (x86)/cypress/psoc creator/4.4/psoc creator/import/gnu/arm/5.4.1/bin/../lib/gcc/arm-none-eabi/5.4.1/armv7-m\libgcc.a
LOAD c:/program files (x86)/cypress/psoc creator/4.4/psoc creator/import/gnu/arm/5.4.1/bin/../lib/gcc/arm-none-eabi/5.4.1/../../../../arm-none-eabi/lib/armv7-m\libc_nano.a
END GROUP
LOAD c:/program files (x86)/cypress/psoc creator/4.4/psoc creator/import/gnu/arm/5.4.1/bin/../lib/gcc/arm-none-eabi/5.4.1/armv7-m/crtend.o
LOAD c:/program files (x86)/cypress/psoc creator/4.4/psoc creator/import/gnu/arm/5.4.1/bin/../lib/gcc/arm-none-eabi/5.4.1/armv7-m/crtn.o
START GROUP
LOAD c:/program files (x86)/cypress/psoc creator/4.4/psoc creator/import/gnu/arm/5.4.1/bin/../lib/gcc/arm-none-eabi/5.4.1/armv7-m\libgcc.a
LOAD c:/program files (x86)/cypress/psoc creator/4.4/psoc creator/import/gnu/arm/5.4.1/bin/../lib/gcc/arm-none-eabi/5.4.1/../../../../arm-none-eabi/lib/armv7-m\libc.a
LOAD c:/program files (x86)/cypress/psoc creator/4.4/psoc creator/import/gnu/arm/5.4.1/bin/../lib/gcc/arm-none-eabi/5.4.1/../../../../arm-none-eabi/lib/armv7-m\libnosys.a
END GROUP
                0x00000000                CY_APPL_ORIGIN = 0x0
                0x00000100                CY_FLASH_ROW_SIZE = 0x100
                0x00000020                CY_ECC_ROW_SIZE = 0x20
                0x00000000                CY_EE_IN_BTLDR = 0x0
                0x00000000                CY_APPL_LOADABLE = 0x0
                0x00000800                CY_EE_SIZE = 0x800
                0x00000001                CY_APPL_NUM = 0x1
                0x00000001                CY_APPL_MAX = 0x1
                0x00000040                CY_METADATA_SIZE = 0x40
                0x00000000                CY_APPL_LOADABLE = 0x0
                0x00000000                CY_CHECKSUM_EXCLUDE_SIZE = ALIGN (0x0, CY_FLASH_ROW_SIZE)
                [!provide]                PROVIDE (__cy_heap_start, _end)
                0x00000001                PROVIDE (__cy_region_num, ((__cy_regions_end - __cy_regions) / 0x10))
                0x20008000                PROVIDE (__cy_stack, (ORIGIN (ram) + LENGTH (ram)))
                [!provide]                PROVIDE (__cy_heap_end, (__cy_stack - 0x800))

.cybootloader   0x00000000        0x0
 *(.cybootloader)
                0x00000000                appl1_start = CY_APPL_ORIGIN?CY_APPL_ORIGIN:ALIGN (CY_FLASH_ROW_SIZE)
                0x0001ff00                appl2_start = (appl1_start + ALIGN ((((LENGTH (rom) - appl1_start) - (0x2 * CY_FLASH_ROW_SIZE)) / 0x2), CY_FLASH_ROW_SIZE))
                0x00000000                appl_start = (CY_APPL_NUM == 0x1)?appl1_start:appl2_start
                0x00000000                ecc_offset = ((appl_start / CY_FLASH_ROW_SIZE) * CY_ECC_ROW_SIZE)
                0x00000000                ee_offset = (CY_APPL_LOADABLE && ! (CY_EE_IN_BTLDR))?((CY_EE_SIZE / CY_APPL_MAX) * (CY_APPL_NUM - 0x1)):0x0
                0x00000800                ee_size = (CY_APPL_LOADABLE && ! (CY_EE_IN_BTLDR))?(CY_EE_SIZE / CY_APPL_MAX):CY_EE_SIZE
                [!provide]                PROVIDE (CY_ECC_OFFSET, ecc_offset)

.text           0x00000000     0x8768
 CREATE_OBJECT_SYMBOLS
                0x00000000                PROVIDE (__cy_interrupt_vector, RomVectors)
 *(.romvectors)
 .romvectors    0x00000000       0x10 .\CortexM3\ARM_GCC_541\Debug\Cm3Start.o
                0x00000000                RomVectors
                0x00000001                ASSERT ((. != __cy_interrupt_vector), No interrupt vector)
                0x00000001                ASSERT (CY_APPL_ORIGIN?(SIZEOF (.cybootloader) <= CY_APPL_ORIGIN):0x1, Wrong image location)
                0x00000010                PROVIDE (__cy_reset, Reset)
 *(.text.Reset)
 .text.Reset    0x00000010       0x18 .\CortexM3\ARM_GCC_541\Debug\Cm3Start.o
                0x00000010                Reset
                0x00000001                ASSERT ((. != __cy_reset), No reset code)
 *(.dma_init)
                0x00000001                ASSERT ((((appl_start + .) <= 0x10000) || 0x1), DMA Init must be within the first 64k of flash)
 *(.text .text.* .gnu.linkonce.t.*)
 .text          0x00000028       0x5c c:/program files (x86)/cypress/psoc creator/4.4/psoc creator/import/gnu/arm/5.4.1/bin/../lib/gcc/arm-none-eabi/5.4.1/armv7-m/crtbegin.o
 .text.main     0x00000084      0x10c .\CortexM3\ARM_GCC_541\Debug\main.o
                0x00000084                main
 .text.wait_interrupt_Handler
                0x00000190       0x24 .\CortexM3\ARM_GCC_541\Debug\AS76.o
                0x00000190                wait_interrupt_Handler
 .text.Quad_Timer
                0x000001b4       0x24 .\CortexM3\ARM_GCC_541\Debug\AS76.o
                0x000001b4                Quad_Timer
 .text.Initialize_PWM
                0x000001d8       0x50 .\CortexM3\ARM_GCC_541\Debug\AS76.o
                0x000001d8                Initialize_PWM
 .text.Enable_Encoder_T
                0x00000228       0x18 .\CortexM3\ARM_GCC_541\Debug\AS76.o
                0x00000228                Enable_Encoder_T
 .text.Enable_Encoder_Z
                0x00000240       0x18 .\CortexM3\ARM_GCC_541\Debug\AS76.o
                0x00000240                Enable_Encoder_Z
 .text.Initialize_And_Start_All_Opt_Encoder
                0x00000258       0x2c .\CortexM3\ARM_GCC_541\Debug\AS76.o
                0x00000258                Initialize_And_Start_All_Opt_Encoder
 .text.Read_All_Optical_Encoder
                0x00000284       0x44 .\CortexM3\ARM_GCC_541\Debug\AS76.o
                0x00000284                Read_All_Optical_Encoder
 .text.Write_Debug_UART_Char
                0x000002c8       0x1c .\CortexM3\ARM_GCC_541\Debug\AS76.o
                0x000002c8                Write_Debug_UART_Char
 .text.Beep_Once
                0x000002e4       0x24 .\CortexM3\ARM_GCC_541\Debug\AS76.o
                0x000002e4                Beep_Once
 .text.Send_Feedback_to_USB
                0x00000308      0x2dc .\CortexM3\ARM_GCC_541\Debug\AS76.o
                0x00000308                Send_Feedback_to_USB
 .text.Initialize_USB
                0x000005e4       0x38 .\CortexM3\ARM_GCC_541\Debug\AS76.o
                0x000005e4                Initialize_USB
 .text.Write_Debug_UART_Int
                0x0000061c       0x34 .\CortexM3\ARM_GCC_541\Debug\AS76.o
                0x0000061c                Write_Debug_UART_Int
 .text.set_BarcodeCondenser_LED
                0x00000650       0x70 .\CortexM3\ARM_GCC_541\Debug\AS76.o
                0x00000650                set_BarcodeCondenser_LED
 .text.set_CondenserLED
                0x000006c0       0x70 .\CortexM3\ARM_GCC_541\Debug\AS76.o
                0x000006c0                set_CondenserLED
 .text.UART_print_all_values
                0x00000730       0x24 .\CortexM3\ARM_GCC_541\Debug\AS76.o
                0x00000730                UART_print_all_values
 .text.if_all_homing_done
                0x00000754       0x78 .\CortexM3\ARM_GCC_541\Debug\AS76.o
                0x00000754                if_all_homing_done
 .text.Is_USB_Unpluged
                0x000007cc       0x40 .\CortexM3\ARM_GCC_541\Debug\AS76.o
                0x000007cc                Is_USB_Unpluged
 .text.Data_To_Transfer
                0x0000080c       0x10 .\CortexM3\ARM_GCC_541\Debug\AS76.o
                0x0000080c                Data_To_Transfer
 .text.SPI_MOTOR_CHIP_SELECT
                0x0000081c       0x98 .\CortexM3\ARM_GCC_541\Debug\AS76.o
                0x0000081c                SPI_MOTOR_CHIP_SELECT
 .text.Read_32bitSPI_DATA
                0x000008b4       0xec .\CortexM3\ARM_GCC_541\Debug\AS76.o
                0x000008b4                Read_32bitSPI_DATA
 .text.Write_32bitSPI_DATA
                0x000009a0       0x40 .\CortexM3\ARM_GCC_541\Debug\AS76.o
                0x000009a0                Write_32bitSPI_DATA
 .text.GotoPos  0x000009e0       0x28 .\CortexM3\ARM_GCC_541\Debug\AS76.o
                0x000009e0                GotoPos
 .text.Initialize_Motor
                0x00000a08      0x288 .\CortexM3\ARM_GCC_541\Debug\AS76.o
                0x00000a08                Initialize_Motor
 .text.WaitTillPositionReached
                0x00000c90       0x54 .\CortexM3\ARM_GCC_541\Debug\AS76.o
                0x00000c90                WaitTillPositionReached
 *fill*         0x00000ce4        0x4 
 .text.Step_correction_x
                0x00000ce8      0x100 .\CortexM3\ARM_GCC_541\Debug\AS76.o
                0x00000ce8                Step_correction_x
 .text.goTo_X   0x00000de8       0x8c .\CortexM3\ARM_GCC_541\Debug\AS76.o
                0x00000de8                goTo_X
 *fill*         0x00000e74        0x4 
 .text.Step_correction_y
                0x00000e78       0xf0 .\CortexM3\ARM_GCC_541\Debug\AS76.o
                0x00000e78                Step_correction_y
 .text.goTo_Y   0x00000f68       0x8c .\CortexM3\ARM_GCC_541\Debug\AS76.o
                0x00000f68                goTo_Y
 *fill*         0x00000ff4        0x4 
 .text.Step_correction_z
                0x00000ff8       0xf0 .\CortexM3\ARM_GCC_541\Debug\AS76.o
                0x00000ff8                Step_correction_z
 .text.goTo_Z   0x000010e8       0x9c .\CortexM3\ARM_GCC_541\Debug\AS76.o
                0x000010e8                goTo_Z
 *fill*         0x00001184        0x4 
 .text.Step_correction_t
                0x00001188       0xf0 .\CortexM3\ARM_GCC_541\Debug\AS76.o
                0x00001188                Step_correction_t
 .text.goTo_T   0x00001278       0xe4 .\CortexM3\ARM_GCC_541\Debug\AS76.o
                0x00001278                goTo_T
 .text.goTo_XYZ
                0x0000135c       0xcc .\CortexM3\ARM_GCC_541\Debug\AS76.o
                0x0000135c                goTo_XYZ
 .text.update_max_velocity
                0x00001428       0x10 .\CortexM3\ARM_GCC_541\Debug\AS76.o
                0x00001428                update_max_velocity
 .text.homeX    0x00001438      0x1b4 .\CortexM3\ARM_GCC_541\Debug\AS76.o
                0x00001438                homeX
 .text.homeY    0x000015ec      0x1d4 .\CortexM3\ARM_GCC_541\Debug\AS76.o
                0x000015ec                homeY
 .text.homeZ    0x000017c0      0x1d4 .\CortexM3\ARM_GCC_541\Debug\AS76.o
                0x000017c0                homeZ
 .text.homeT    0x00001994      0x228 .\CortexM3\ARM_GCC_541\Debug\AS76.o
                0x00001994                homeT
 .text.run_pump
                0x00001bbc       0x90 .\CortexM3\ARM_GCC_541\Debug\AS76.o
                0x00001bbc                run_pump
 .text.run_pumpvs
                0x00001c4c       0x80 .\CortexM3\ARM_GCC_541\Debug\AS76.o
                0x00001c4c                run_pumpvs
 *fill*         0x00001ccc        0x4 
 .text.GsV2     0x00001cd0       0xc4 .\CortexM3\ARM_GCC_541\Debug\AS76.o
                0x00001cd0                GsV2
 *fill*         0x00001d94        0x4 
 .text.GsV2_1   0x00001d98      0x220 .\CortexM3\ARM_GCC_541\Debug\AS76.o
                0x00001d98                GsV2_1
 .text.Process_USB_Data
                0x00001fb8      0xfa4 .\CortexM3\ARM_GCC_541\Debug\AS76.o
                0x00001fb8                Process_USB_Data
 .text.CyClockStartupError
                0x00002f5c        0x4 .\CortexM3\ARM_GCC_541\Debug\cyfitter_cfg.o
 .text.cfg_write_bytes32
                0x00002f60       0x34 .\CortexM3\ARM_GCC_541\Debug\cyfitter_cfg.o
 .text.AnalogSetDefault
                0x00002f94       0x28 .\CortexM3\ARM_GCC_541\Debug\cyfitter_cfg.o
 .text.CYMEMZERO
                0x00002fbc        0xc .\CortexM3\ARM_GCC_541\Debug\cyfitter_cfg.o
 .text.CYCONFIGCPYCODE
                0x00002fc8        0x8 .\CortexM3\ARM_GCC_541\Debug\cyfitter_cfg.o
 .text.CYCONFIGCPY
                0x00002fd0        0x8 .\CortexM3\ARM_GCC_541\Debug\cyfitter_cfg.o
 .text.ClockSetup
                0x00002fd8       0xe8 .\CortexM3\ARM_GCC_541\Debug\cyfitter_cfg.o
 .text.cyfitter_cfg
                0x000030c0      0x168 .\CortexM3\ARM_GCC_541\Debug\cyfitter_cfg.o
                0x000030c0                cyfitter_cfg
 .text.IntDefaultHandler
                0x00003228       0x10 .\CortexM3\ARM_GCC_541\Debug\Cm3Start.o
                0x00003228                IntDefaultHandler
 .text._sbrk    0x00003238       0x30 .\CortexM3\ARM_GCC_541\Debug\Cm3Start.o
                0x00003238                _sbrk
 .text.Start_c  0x00003268       0x4c .\CortexM3\ARM_GCC_541\Debug\Cm3Start.o
                0x00003268                Start_c
 .text.initialize_psoc
                0x000032b4       0x68 .\CortexM3\ARM_GCC_541\Debug\Cm3Start.o
                0x000032b4                initialize_psoc
 .text.Pin_CSMotorX_Write
                0x0000331c       0x18 .\CortexM3\ARM_GCC_541\Debug\Half_Skeleton_V2_T1.a(Pin_CSMotorX.o)
                0x0000331c                Pin_CSMotorX_Write
 .text.Pin_CSMotorY_Write
                0x00003334       0x18 .\CortexM3\ARM_GCC_541\Debug\Half_Skeleton_V2_T1.a(Pin_CSMotorY.o)
                0x00003334                Pin_CSMotorY_Write
 .text.Pin_CSMotorZ_Write
                0x0000334c       0x18 .\CortexM3\ARM_GCC_541\Debug\Half_Skeleton_V2_T1.a(Pin_CSMotorZ.o)
                0x0000334c                Pin_CSMotorZ_Write
 .text.SPIM_EnableTxInt
                0x00003364        0xc .\CortexM3\ARM_GCC_541\Debug\Half_Skeleton_V2_T1.a(SPIM.o)
                0x00003364                SPIM_EnableTxInt
 .text.SPIM_EnableRxInt
                0x00003370        0xc .\CortexM3\ARM_GCC_541\Debug\Half_Skeleton_V2_T1.a(SPIM.o)
                0x00003370                SPIM_EnableRxInt
 .text.SPIM_Enable
                0x0000337c       0x3c .\CortexM3\ARM_GCC_541\Debug\Half_Skeleton_V2_T1.a(SPIM.o)
                0x0000337c                SPIM_Enable
 .text.SPIM_DisableTxInt
                0x000033b8        0xc .\CortexM3\ARM_GCC_541\Debug\Half_Skeleton_V2_T1.a(SPIM.o)
                0x000033b8                SPIM_DisableTxInt
 .text.SPIM_DisableRxInt
                0x000033c4        0xc .\CortexM3\ARM_GCC_541\Debug\Half_Skeleton_V2_T1.a(SPIM.o)
                0x000033c4                SPIM_DisableRxInt
 .text.SPIM_ReadTxStatus
                0x000033d0       0x28 .\CortexM3\ARM_GCC_541\Debug\Half_Skeleton_V2_T1.a(SPIM.o)
                0x000033d0                SPIM_ReadTxStatus
 .text.SPIM_ReadRxStatus
                0x000033f8       0x28 .\CortexM3\ARM_GCC_541\Debug\Half_Skeleton_V2_T1.a(SPIM.o)
                0x000033f8                SPIM_ReadRxStatus
 .text.SPIM_WriteTxData
                0x00003420       0xd4 .\CortexM3\ARM_GCC_541\Debug\Half_Skeleton_V2_T1.a(SPIM.o)
                0x00003420                SPIM_WriteTxData
 .text.SPIM_ReadRxData
                0x000034f4       0x64 .\CortexM3\ARM_GCC_541\Debug\Half_Skeleton_V2_T1.a(SPIM.o)
                0x000034f4                SPIM_ReadRxData
 .text.SPIM_ClearFIFO
                0x00003558       0x3c .\CortexM3\ARM_GCC_541\Debug\Half_Skeleton_V2_T1.a(SPIM.o)
                0x00003558                SPIM_ClearFIFO
 .text.SPIM_Init
                0x00003594       0x90 .\CortexM3\ARM_GCC_541\Debug\Half_Skeleton_V2_T1.a(SPIM.o)
                0x00003594                SPIM_Init
 .text.SPIM_Start
                0x00003624       0x1c .\CortexM3\ARM_GCC_541\Debug\Half_Skeleton_V2_T1.a(SPIM.o)
                0x00003624                SPIM_Start
 .text.SPIM_TX_ISR
                0x00003640       0xa0 .\CortexM3\ARM_GCC_541\Debug\Half_Skeleton_V2_T1.a(SPIM_INT.o)
                0x00003640                SPIM_TX_ISR
 .text.SPIM_RX_ISR
                0x000036e0       0xa0 .\CortexM3\ARM_GCC_541\Debug\Half_Skeleton_V2_T1.a(SPIM_INT.o)
                0x000036e0                SPIM_RX_ISR
 .text.CyHalt   0x00003780        0x4 .\CortexM3\ARM_GCC_541\Debug\Half_Skeleton_V2_T1.a(CyLib.o)
                0x00003780                CyHalt
 .text.CySoftwareReset
                0x00003784       0x10 .\CortexM3\ARM_GCC_541\Debug\Half_Skeleton_V2_T1.a(CyLib.o)
                0x00003784                CySoftwareReset
 .text.CyDelay  0x00003794       0x2c .\CortexM3\ARM_GCC_541\Debug\Half_Skeleton_V2_T1.a(CyLib.o)
                0x00003794                CyDelay
 .text.CyDelayUs
                0x000037c0       0x14 .\CortexM3\ARM_GCC_541\Debug\Half_Skeleton_V2_T1.a(CyLib.o)
                0x000037c0                CyDelayUs
 .text.CyIntSetVector
                0x000037d4       0x28 .\CortexM3\ARM_GCC_541\Debug\Half_Skeleton_V2_T1.a(CyLib.o)
                0x000037d4                CyIntSetVector
 .text.CyIntSetPriority
                0x000037fc       0x30 .\CortexM3\ARM_GCC_541\Debug\Half_Skeleton_V2_T1.a(CyLib.o)
                0x000037fc                CyIntSetPriority
 .text.CyGetUniqueId
                0x0000382c       0x70 .\CortexM3\ARM_GCC_541\Debug\Half_Skeleton_V2_T1.a(CyLib.o)
                0x0000382c                CyGetUniqueId
 .text.USB_Init
                0x0000389c      0x140 .\CortexM3\ARM_GCC_541\Debug\Half_Skeleton_V2_T1.a(USB.o)
                0x0000389c                USB_Init
 .text.USB_InitComponent
                0x000039dc       0xd0 .\CortexM3\ARM_GCC_541\Debug\Half_Skeleton_V2_T1.a(USB.o)
                0x000039dc                USB_InitComponent
 .text.USB_Start
                0x00003aac       0x24 .\CortexM3\ARM_GCC_541\Debug\Half_Skeleton_V2_T1.a(USB.o)
                0x00003aac                USB_Start
 .text.USB_ReInitComponent
                0x00003ad0       0x64 .\CortexM3\ARM_GCC_541\Debug\Half_Skeleton_V2_T1.a(USB.o)
                0x00003ad0                USB_ReInitComponent
 .text.USB_GetConfiguration
                0x00003b34        0xc .\CortexM3\ARM_GCC_541\Debug\Half_Skeleton_V2_T1.a(USB.o)
                0x00003b34                USB_GetConfiguration
 .text.USB_IsConfigurationChanged
                0x00003b40       0x20 .\CortexM3\ARM_GCC_541\Debug\Half_Skeleton_V2_T1.a(USB.o)
                0x00003b40                USB_IsConfigurationChanged
 .text.USB_GetEPState
                0x00003b60       0x14 .\CortexM3\ARM_GCC_541\Debug\Half_Skeleton_V2_T1.a(USB.o)
                0x00003b60                USB_GetEPState
 .text.USB_GetEPCount
                0x00003b74       0x28 .\CortexM3\ARM_GCC_541\Debug\Half_Skeleton_V2_T1.a(USB.o)
                0x00003b74                USB_GetEPCount
 .text.USB_LoadInEP
                0x00003b9c       0x94 .\CortexM3\ARM_GCC_541\Debug\Half_Skeleton_V2_T1.a(USB.o)
                0x00003b9c                USB_LoadInEP
 .text.USB_EnableOutEP
                0x00003c30       0x2c .\CortexM3\ARM_GCC_541\Debug\Half_Skeleton_V2_T1.a(USB.o)
                0x00003c30                USB_EnableOutEP
 .text.USB_ReadOutEP
                0x00003c5c       0x50 .\CortexM3\ARM_GCC_541\Debug\Half_Skeleton_V2_T1.a(USB.o)
                0x00003c5c                USB_ReadOutEP
 .text.USB_EnableSofInt
                0x00003cac       0x10 .\CortexM3\ARM_GCC_541\Debug\Half_Skeleton_V2_T1.a(USB.o)
                0x00003cac                USB_EnableSofInt
 .text.USB_GetInterfaceComPort
                0x00003cbc       0x38 .\CortexM3\ARM_GCC_541\Debug\Half_Skeleton_V2_T1.a(USB_cdc.o)
                0x00003cbc                USB_GetInterfaceComPort
 .text.USB_DispatchCDCClassRqst
                0x00003cf4       0x98 .\CortexM3\ARM_GCC_541\Debug\Half_Skeleton_V2_T1.a(USB_cdc.o)
                0x00003cf4                USB_DispatchCDCClassRqst
 .text.USB_CDC_Init
                0x00003d8c       0x98 .\CortexM3\ARM_GCC_541\Debug\Half_Skeleton_V2_T1.a(USB_cdc.o)
                0x00003d8c                USB_CDC_Init
 .text.USB_PutData
                0x00003e24       0x50 .\CortexM3\ARM_GCC_541\Debug\Half_Skeleton_V2_T1.a(USB_cdc.o)
                0x00003e24                USB_PutData
 .text.USB_DataIsReady
                0x00003e74       0x18 .\CortexM3\ARM_GCC_541\Debug\Half_Skeleton_V2_T1.a(USB_cdc.o)
                0x00003e74                USB_DataIsReady
 .text.USB_GetAll
                0x00003e8c       0x30 .\CortexM3\ARM_GCC_541\Debug\Half_Skeleton_V2_T1.a(USB_cdc.o)
                0x00003e8c                USB_GetAll
 .text.USB_Cdc_EpInit
                0x00003ebc       0x50 .\CortexM3\ARM_GCC_541\Debug\Half_Skeleton_V2_T1.a(USB_cdc.o)
                0x00003ebc                USB_Cdc_EpInit
 .text.USB_LoadEP0
                0x00003f0c       0x98 .\CortexM3\ARM_GCC_541\Debug\Half_Skeleton_V2_T1.a(USB_drv.o)
                0x00003f0c                USB_LoadEP0
 .text.USB_InitZeroLengthControlTransfer
                0x00003fa4       0x34 .\CortexM3\ARM_GCC_541\Debug\Half_Skeleton_V2_T1.a(USB_drv.o)
                0x00003fa4                USB_InitZeroLengthControlTransfer
 .text.USB_ControlReadDataStage
                0x00003fd8        0x8 .\CortexM3\ARM_GCC_541\Debug\Half_Skeleton_V2_T1.a(USB_drv.o)
                0x00003fd8                USB_ControlReadDataStage
 .text.USB_ControlWriteDataStage
                0x00003fe0       0x84 .\CortexM3\ARM_GCC_541\Debug\Half_Skeleton_V2_T1.a(USB_drv.o)
                0x00003fe0                USB_ControlWriteDataStage
 .text.USB_InitNoDataControlTransfer
                0x00004064       0x2c .\CortexM3\ARM_GCC_541\Debug\Half_Skeleton_V2_T1.a(USB_drv.o)
                0x00004064                USB_InitNoDataControlTransfer
 .text.USB_UpdateStatusBlock
                0x00004090       0x24 .\CortexM3\ARM_GCC_541\Debug\Half_Skeleton_V2_T1.a(USB_drv.o)
                0x00004090                USB_UpdateStatusBlock
 .text.USB_HandleSetup
                0x000040b4       0x5c .\CortexM3\ARM_GCC_541\Debug\Half_Skeleton_V2_T1.a(USB_drv.o)
                0x000040b4                USB_HandleSetup
 .text.USB_ControlReadStatusStage
                0x00004110       0x38 .\CortexM3\ARM_GCC_541\Debug\Half_Skeleton_V2_T1.a(USB_drv.o)
                0x00004110                USB_ControlReadStatusStage
 .text.USB_HandleOUT
                0x00004148       0x38 .\CortexM3\ARM_GCC_541\Debug\Half_Skeleton_V2_T1.a(USB_drv.o)
                0x00004148                USB_HandleOUT
 .text.USB_ControlWriteStatusStage
                0x00004180       0x20 .\CortexM3\ARM_GCC_541\Debug\Half_Skeleton_V2_T1.a(USB_drv.o)
                0x00004180                USB_ControlWriteStatusStage
 .text.USB_NoDataControlStatusStage
                0x000041a0       0x40 .\CortexM3\ARM_GCC_541\Debug\Half_Skeleton_V2_T1.a(USB_drv.o)
                0x000041a0                USB_NoDataControlStatusStage
 .text.USB_HandleIN
                0x000041e0       0x2c .\CortexM3\ARM_GCC_541\Debug\Half_Skeleton_V2_T1.a(USB_drv.o)
                0x000041e0                USB_HandleIN
 .text.USB_EP_0_ISR
                0x0000420c       0xb8 .\CortexM3\ARM_GCC_541\Debug\Half_Skeleton_V2_T1.a(USB_drv.o)
                0x0000420c                USB_EP_0_ISR
 .text.USB_InitializeStatusBlock
                0x000042c4       0x24 .\CortexM3\ARM_GCC_541\Debug\Half_Skeleton_V2_T1.a(USB_drv.o)
                0x000042c4                USB_InitializeStatusBlock
 .text.USB_InitControlRead
                0x000042e8       0x50 .\CortexM3\ARM_GCC_541\Debug\Half_Skeleton_V2_T1.a(USB_drv.o)
                0x000042e8                USB_InitControlRead
 .text.USB_InitControlWrite
                0x00004338       0x48 .\CortexM3\ARM_GCC_541\Debug\Half_Skeleton_V2_T1.a(USB_drv.o)
                0x00004338                USB_InitControlWrite
 .text.USB_EP_1_ISR
                0x00004380       0x30 .\CortexM3\ARM_GCC_541\Debug\Half_Skeleton_V2_T1.a(USB_episr.o)
                0x00004380                USB_EP_1_ISR
 .text.USB_EP_2_ISR
                0x000043b0       0x34 .\CortexM3\ARM_GCC_541\Debug\Half_Skeleton_V2_T1.a(USB_episr.o)
                0x000043b0                USB_EP_2_ISR
 .text.USB_EP_3_ISR
                0x000043e4       0x3c .\CortexM3\ARM_GCC_541\Debug\Half_Skeleton_V2_T1.a(USB_episr.o)
                0x000043e4                USB_EP_3_ISR
 .text.USB_SOF_ISR
                0x00004420        0x4 .\CortexM3\ARM_GCC_541\Debug\Half_Skeleton_V2_T1.a(USB_episr.o)
                0x00004420                USB_SOF_ISR
 .text.USB_BUS_RESET_ISR
                0x00004424        0x8 .\CortexM3\ARM_GCC_541\Debug\Half_Skeleton_V2_T1.a(USB_episr.o)
                0x00004424                USB_BUS_RESET_ISR
 .text.USB_FindHidClassDecriptor
                0x0000442c       0x44 .\CortexM3\ARM_GCC_541\Debug\Half_Skeleton_V2_T1.a(USB_hid.o)
                0x0000442c                USB_FindHidClassDecriptor
 .text.USB_FindReportDescriptor
                0x00004470       0x4c .\CortexM3\ARM_GCC_541\Debug\Half_Skeleton_V2_T1.a(USB_hid.o)
                0x00004470                USB_FindReportDescriptor
 .text.USB_FindReport
                0x000044bc       0x80 .\CortexM3\ARM_GCC_541\Debug\Half_Skeleton_V2_T1.a(USB_hid.o)
                0x000044bc                USB_FindReport
 .text.USB_DispatchHIDClassRqst
                0x0000453c      0x184 .\CortexM3\ARM_GCC_541\Debug\Half_Skeleton_V2_T1.a(USB_hid.o)
                0x0000453c                USB_DispatchHIDClassRqst
 .text.USB_DP_ISR
                0x000046c0        0x8 .\CortexM3\ARM_GCC_541\Debug\Half_Skeleton_V2_T1.a(USB_pm.o)
                0x000046c0                USB_DP_ISR
 .text.USB_ReadDieID
                0x000046c8       0x6c .\CortexM3\ARM_GCC_541\Debug\Half_Skeleton_V2_T1.a(USB_std.o)
                0x000046c8                USB_ReadDieID
 .text.USB_ConfigReg
                0x00004734       0xa4 .\CortexM3\ARM_GCC_541\Debug\Half_Skeleton_V2_T1.a(USB_std.o)
                0x00004734                USB_ConfigReg
 .text.USB_GetConfigTablePtr
                0x000047d8       0x28 .\CortexM3\ARM_GCC_541\Debug\Half_Skeleton_V2_T1.a(USB_std.o)
                0x000047d8                USB_GetConfigTablePtr
 .text.USB_ConfigAltChanged
                0x00004800      0x11c .\CortexM3\ARM_GCC_541\Debug\Half_Skeleton_V2_T1.a(USB_std.o)
                0x00004800                USB_ConfigAltChanged
 .text.USB_GetDeviceTablePtr
                0x0000491c       0x18 .\CortexM3\ARM_GCC_541\Debug\Half_Skeleton_V2_T1.a(USB_std.o)
                0x0000491c                USB_GetDeviceTablePtr
 .text.USB_GetInterfaceClassTablePtr
                0x00004934       0x28 .\CortexM3\ARM_GCC_541\Debug\Half_Skeleton_V2_T1.a(USB_std.o)
                0x00004934                USB_GetInterfaceClassTablePtr
 .text.USB_Config
                0x0000495c      0x1ec .\CortexM3\ARM_GCC_541\Debug\Half_Skeleton_V2_T1.a(USB_std.o)
                0x0000495c                USB_Config
 .text.USB_SetEndpointHalt
                0x00004b48       0x64 .\CortexM3\ARM_GCC_541\Debug\Half_Skeleton_V2_T1.a(USB_std.o)
                0x00004b48                USB_SetEndpointHalt
 .text.USB_ClearEndpointHalt
                0x00004bac       0xac .\CortexM3\ARM_GCC_541\Debug\Half_Skeleton_V2_T1.a(USB_std.o)
                0x00004bac                USB_ClearEndpointHalt
 .text.USB_ValidateAlternateSetting
                0x00004c58       0x4c .\CortexM3\ARM_GCC_541\Debug\Half_Skeleton_V2_T1.a(USB_std.o)
                0x00004c58                USB_ValidateAlternateSetting
 .text.USB_HandleStandardRqst
                0x00004ca4      0x35c .\CortexM3\ARM_GCC_541\Debug\Half_Skeleton_V2_T1.a(USB_std.o)
                0x00004ca4                USB_HandleStandardRqst
 .text.USB_HandleVendorRqst
                0x00005000       0x3c .\CortexM3\ARM_GCC_541\Debug\Half_Skeleton_V2_T1.a(USB_vnd.o)
                0x00005000                USB_HandleVendorRqst
 .text.USB_Dp_ClearInterrupt
                0x0000503c       0x10 .\CortexM3\ARM_GCC_541\Debug\Half_Skeleton_V2_T1.a(USB_Dp.o)
                0x0000503c                USB_Dp_ClearInterrupt
 .text.PWM_CondenserLED_Enable
                0x0000504c       0x28 .\CortexM3\ARM_GCC_541\Debug\Half_Skeleton_V2_T1.a(PWM_CondenserLED.o)
                0x0000504c                PWM_CondenserLED_Enable
 .text.PWM_CondenserLED_WritePeriod
                0x00005074        0xc .\CortexM3\ARM_GCC_541\Debug\Half_Skeleton_V2_T1.a(PWM_CondenserLED.o)
                0x00005074                PWM_CondenserLED_WritePeriod
 .text.PWM_CondenserLED_WriteCompare
                0x00005080        0xc .\CortexM3\ARM_GCC_541\Debug\Half_Skeleton_V2_T1.a(PWM_CondenserLED.o)
                0x00005080                PWM_CondenserLED_WriteCompare
 .text.PWM_CondenserLED_SetInterruptMode
                0x0000508c        0xc .\CortexM3\ARM_GCC_541\Debug\Half_Skeleton_V2_T1.a(PWM_CondenserLED.o)
                0x0000508c                PWM_CondenserLED_SetInterruptMode
 .text.PWM_CondenserLED_Init
                0x00005098       0x74 .\CortexM3\ARM_GCC_541\Debug\Half_Skeleton_V2_T1.a(PWM_CondenserLED.o)
                0x00005098                PWM_CondenserLED_Init
 .text.PWM_CondenserLED_Start
                0x0000510c       0x1c .\CortexM3\ARM_GCC_541\Debug\Half_Skeleton_V2_T1.a(PWM_CondenserLED.o)
                0x0000510c                PWM_CondenserLED_Start
 .text.SPIM_IntClock_Start
                0x00005128       0x1c .\CortexM3\ARM_GCC_541\Debug\Half_Skeleton_V2_T1.a(SPIM_IntClock.o)
                0x00005128                SPIM_IntClock_Start
 .text.QuadDec_X_Init
                0x00005144       0x24 .\CortexM3\ARM_GCC_541\Debug\Half_Skeleton_V2_T1.a(QuadDec_X.o)
                0x00005144                QuadDec_X_Init
 .text.QuadDec_X_GetCounter
                0x00005168       0x2c .\CortexM3\ARM_GCC_541\Debug\Half_Skeleton_V2_T1.a(QuadDec_X.o)
                0x00005168                QuadDec_X_GetCounter
 .text.QuadDec_X_SetCounter
                0x00005194       0x28 .\CortexM3\ARM_GCC_541\Debug\Half_Skeleton_V2_T1.a(QuadDec_X.o)
                0x00005194                QuadDec_X_SetCounter
 .text.QuadDec_X_GetEvents
                0x000051bc       0x10 .\CortexM3\ARM_GCC_541\Debug\Half_Skeleton_V2_T1.a(QuadDec_X.o)
                0x000051bc                QuadDec_X_GetEvents
 .text.QuadDec_X_SetInterruptMask
                0x000051cc       0x10 .\CortexM3\ARM_GCC_541\Debug\Half_Skeleton_V2_T1.a(QuadDec_X.o)
                0x000051cc                QuadDec_X_SetInterruptMask
 .text.QuadDec_X_Enable
                0x000051dc       0x30 .\CortexM3\ARM_GCC_541\Debug\Half_Skeleton_V2_T1.a(QuadDec_X.o)
                0x000051dc                QuadDec_X_Enable
 .text.QuadDec_X_Start
                0x0000520c       0x34 .\CortexM3\ARM_GCC_541\Debug\Half_Skeleton_V2_T1.a(QuadDec_X.o)
                0x0000520c                QuadDec_X_Start
 .text.QuadDec_X_ISR
                0x00005240       0x40 .\CortexM3\ARM_GCC_541\Debug\Half_Skeleton_V2_T1.a(QuadDec_X_INT.o)
                0x00005240                QuadDec_X_ISR
 .text.QuadDec_X_Cnt16_Enable
                0x00005280       0x10 .\CortexM3\ARM_GCC_541\Debug\Half_Skeleton_V2_T1.a(QuadDec_X_Cnt16.o)
                0x00005280                QuadDec_X_Cnt16_Enable
 .text.QuadDec_X_Cnt16_SetInterruptMode
                0x00005290        0xc .\CortexM3\ARM_GCC_541\Debug\Half_Skeleton_V2_T1.a(QuadDec_X_Cnt16.o)
                0x00005290                QuadDec_X_Cnt16_SetInterruptMode
 .text.QuadDec_X_Cnt16_ReadStatusRegister
                0x0000529c        0xc .\CortexM3\ARM_GCC_541\Debug\Half_Skeleton_V2_T1.a(QuadDec_X_Cnt16.o)
                0x0000529c                QuadDec_X_Cnt16_ReadStatusRegister
 .text.QuadDec_X_Cnt16_WriteCounter
                0x000052a8        0xc .\CortexM3\ARM_GCC_541\Debug\Half_Skeleton_V2_T1.a(QuadDec_X_Cnt16.o)
                0x000052a8                QuadDec_X_Cnt16_WriteCounter
 .text.QuadDec_X_Cnt16_ReadCounter
                0x000052b4       0x14 .\CortexM3\ARM_GCC_541\Debug\Half_Skeleton_V2_T1.a(QuadDec_X_Cnt16.o)
                0x000052b4                QuadDec_X_Cnt16_ReadCounter
 .text.QuadDec_X_Cnt16_ReadCapture
                0x000052c8        0xc .\CortexM3\ARM_GCC_541\Debug\Half_Skeleton_V2_T1.a(QuadDec_X_Cnt16.o)
                0x000052c8                QuadDec_X_Cnt16_ReadCapture
 .text.QuadDec_X_Cnt16_WritePeriod
                0x000052d4        0xc .\CortexM3\ARM_GCC_541\Debug\Half_Skeleton_V2_T1.a(QuadDec_X_Cnt16.o)
                0x000052d4                QuadDec_X_Cnt16_WritePeriod
 .text.QuadDec_X_Cnt16_WriteCompare
                0x000052e0        0xc .\CortexM3\ARM_GCC_541\Debug\Half_Skeleton_V2_T1.a(QuadDec_X_Cnt16.o)
                0x000052e0                QuadDec_X_Cnt16_WriteCompare
 .text.QuadDec_X_Cnt16_ClearFIFO
                0x000052ec       0x14 .\CortexM3\ARM_GCC_541\Debug\Half_Skeleton_V2_T1.a(QuadDec_X_Cnt16.o)
                0x000052ec                QuadDec_X_Cnt16_ClearFIFO
 .text.QuadDec_X_Cnt16_Init
                0x00005300       0x58 .\CortexM3\ARM_GCC_541\Debug\Half_Skeleton_V2_T1.a(QuadDec_X_Cnt16.o)
                0x00005300                QuadDec_X_Cnt16_Init
 .text.QuadDec_X_Cnt16_Start
                0x00005358       0x1c .\CortexM3\ARM_GCC_541\Debug\Half_Skeleton_V2_T1.a(QuadDec_X_Cnt16.o)
                0x00005358                QuadDec_X_Cnt16_Start
 .text.UART_PCB_LOG_Init
                0x00005374       0x44 .\CortexM3\ARM_GCC_541\Debug\Half_Skeleton_V2_T1.a(UART_PCB_LOG.o)
                0x00005374                UART_PCB_LOG_Init
 .text.UART_PCB_LOG_Enable
                0x000053b8       0x48 .\CortexM3\ARM_GCC_541\Debug\Half_Skeleton_V2_T1.a(UART_PCB_LOG.o)
                0x000053b8                UART_PCB_LOG_Enable
 .text.UART_PCB_LOG_Start
                0x00005400       0x1c .\CortexM3\ARM_GCC_541\Debug\Half_Skeleton_V2_T1.a(UART_PCB_LOG.o)
                0x00005400                UART_PCB_LOG_Start
 .text.UART_PCB_LOG_PutChar
                0x0000541c       0x18 .\CortexM3\ARM_GCC_541\Debug\Half_Skeleton_V2_T1.a(UART_PCB_LOG.o)
                0x0000541c                UART_PCB_LOG_PutChar
 .text.UART_PCB_LOG_PutString
                0x00005434       0x24 .\CortexM3\ARM_GCC_541\Debug\Half_Skeleton_V2_T1.a(UART_PCB_LOG.o)
                0x00005434                UART_PCB_LOG_PutString
 .text.UART_PCB_LOG_RXISR
                0x00005458       0x98 .\CortexM3\ARM_GCC_541\Debug\Half_Skeleton_V2_T1.a(UART_PCB_LOG_INT.o)
                0x00005458                UART_PCB_LOG_RXISR
 .text.UART_PCB_LOG_IntClock_Start
                0x000054f0       0x1c .\CortexM3\ARM_GCC_541\Debug\Half_Skeleton_V2_T1.a(UART_PCB_LOG_IntClock.o)
                0x000054f0                UART_PCB_LOG_IntClock_Start
 .text.Pin_Backlight_Write
                0x0000550c       0x18 .\CortexM3\ARM_GCC_541\Debug\Half_Skeleton_V2_T1.a(Pin_Backlight.o)
                0x0000550c                Pin_Backlight_Write
 .text.LED2_Write
                0x00005524       0x18 .\CortexM3\ARM_GCC_541\Debug\Half_Skeleton_V2_T1.a(LED2.o)
                0x00005524                LED2_Write
 .text.Pin_CSMotorO_Write
                0x0000553c       0x18 .\CortexM3\ARM_GCC_541\Debug\Half_Skeleton_V2_T1.a(Pin_CSMotorO.o)
                0x0000553c                Pin_CSMotorO_Write
 .text.Pin_CSMotorT_Write
                0x00005554       0x18 .\CortexM3\ARM_GCC_541\Debug\Half_Skeleton_V2_T1.a(Pin_CSMotorT.o)
                0x00005554                Pin_CSMotorT_Write
 .text.QuadDec_TZ_Init
                0x0000556c       0x24 .\CortexM3\ARM_GCC_541\Debug\Half_Skeleton_V2_T1.a(QuadDec_TZ.o)
                0x0000556c                QuadDec_TZ_Init
 .text.QuadDec_TZ_GetCounter
                0x00005590       0x2c .\CortexM3\ARM_GCC_541\Debug\Half_Skeleton_V2_T1.a(QuadDec_TZ.o)
                0x00005590                QuadDec_TZ_GetCounter
 .text.QuadDec_TZ_SetCounter
                0x000055bc       0x28 .\CortexM3\ARM_GCC_541\Debug\Half_Skeleton_V2_T1.a(QuadDec_TZ.o)
                0x000055bc                QuadDec_TZ_SetCounter
 .text.QuadDec_TZ_GetEvents
                0x000055e4       0x10 .\CortexM3\ARM_GCC_541\Debug\Half_Skeleton_V2_T1.a(QuadDec_TZ.o)
                0x000055e4                QuadDec_TZ_GetEvents
 .text.QuadDec_TZ_SetInterruptMask
                0x000055f4       0x10 .\CortexM3\ARM_GCC_541\Debug\Half_Skeleton_V2_T1.a(QuadDec_TZ.o)
                0x000055f4                QuadDec_TZ_SetInterruptMask
 .text.QuadDec_TZ_Enable
                0x00005604       0x30 .\CortexM3\ARM_GCC_541\Debug\Half_Skeleton_V2_T1.a(QuadDec_TZ.o)
                0x00005604                QuadDec_TZ_Enable
 .text.QuadDec_TZ_Start
                0x00005634       0x34 .\CortexM3\ARM_GCC_541\Debug\Half_Skeleton_V2_T1.a(QuadDec_TZ.o)
                0x00005634                QuadDec_TZ_Start
 .text.QuadDec_TZ_ISR
                0x00005668       0x40 .\CortexM3\ARM_GCC_541\Debug\Half_Skeleton_V2_T1.a(QuadDec_TZ_INT.o)
                0x00005668                QuadDec_TZ_ISR
 .text.PWM_Buzzer_Enable
                0x000056a8       0x28 .\CortexM3\ARM_GCC_541\Debug\Half_Skeleton_V2_T1.a(PWM_Buzzer.o)
                0x000056a8                PWM_Buzzer_Enable
 .text.PWM_Buzzer_WritePeriod
                0x000056d0        0xc .\CortexM3\ARM_GCC_541\Debug\Half_Skeleton_V2_T1.a(PWM_Buzzer.o)
                0x000056d0                PWM_Buzzer_WritePeriod
 .text.PWM_Buzzer_WriteCompare
                0x000056dc        0xc .\CortexM3\ARM_GCC_541\Debug\Half_Skeleton_V2_T1.a(PWM_Buzzer.o)
                0x000056dc                PWM_Buzzer_WriteCompare
 .text.PWM_Buzzer_SetInterruptMode
                0x000056e8        0xc .\CortexM3\ARM_GCC_541\Debug\Half_Skeleton_V2_T1.a(PWM_Buzzer.o)
                0x000056e8                PWM_Buzzer_SetInterruptMode
 .text.PWM_Buzzer_Init
                0x000056f4       0x74 .\CortexM3\ARM_GCC_541\Debug\Half_Skeleton_V2_T1.a(PWM_Buzzer.o)
                0x000056f4                PWM_Buzzer_Init
 .text.PWM_Buzzer_Start
                0x00005768       0x1c .\CortexM3\ARM_GCC_541\Debug\Half_Skeleton_V2_T1.a(PWM_Buzzer.o)
                0x00005768                PWM_Buzzer_Start
 .text.QuadDec_Y_Init
                0x00005784       0x24 .\CortexM3\ARM_GCC_541\Debug\Half_Skeleton_V2_T1.a(QuadDec_Y.o)
                0x00005784                QuadDec_Y_Init
 .text.QuadDec_Y_GetCounter
                0x000057a8       0x2c .\CortexM3\ARM_GCC_541\Debug\Half_Skeleton_V2_T1.a(QuadDec_Y.o)
                0x000057a8                QuadDec_Y_GetCounter
 .text.QuadDec_Y_SetCounter
                0x000057d4       0x28 .\CortexM3\ARM_GCC_541\Debug\Half_Skeleton_V2_T1.a(QuadDec_Y.o)
                0x000057d4                QuadDec_Y_SetCounter
 .text.QuadDec_Y_GetEvents
                0x000057fc       0x10 .\CortexM3\ARM_GCC_541\Debug\Half_Skeleton_V2_T1.a(QuadDec_Y.o)
                0x000057fc                QuadDec_Y_GetEvents
 .text.QuadDec_Y_SetInterruptMask
                0x0000580c       0x10 .\CortexM3\ARM_GCC_541\Debug\Half_Skeleton_V2_T1.a(QuadDec_Y.o)
                0x0000580c                QuadDec_Y_SetInterruptMask
 .text.QuadDec_Y_Enable
                0x0000581c       0x30 .\CortexM3\ARM_GCC_541\Debug\Half_Skeleton_V2_T1.a(QuadDec_Y.o)
                0x0000581c                QuadDec_Y_Enable
 .text.QuadDec_Y_Start
                0x0000584c       0x34 .\CortexM3\ARM_GCC_541\Debug\Half_Skeleton_V2_T1.a(QuadDec_Y.o)
                0x0000584c                QuadDec_Y_Start
 .text.QuadDec_Y_ISR
                0x00005880       0x40 .\CortexM3\ARM_GCC_541\Debug\Half_Skeleton_V2_T1.a(QuadDec_Y_INT.o)
                0x00005880                QuadDec_Y_ISR
 .text.PWM_BarcodeCondenser_LED_Enable
                0x000058c0       0x28 .\CortexM3\ARM_GCC_541\Debug\Half_Skeleton_V2_T1.a(PWM_BarcodeCondenser_LED.o)
                0x000058c0                PWM_BarcodeCondenser_LED_Enable
 .text.PWM_BarcodeCondenser_LED_WritePeriod
                0x000058e8        0xc .\CortexM3\ARM_GCC_541\Debug\Half_Skeleton_V2_T1.a(PWM_BarcodeCondenser_LED.o)
                0x000058e8                PWM_BarcodeCondenser_LED_WritePeriod
 .text.PWM_BarcodeCondenser_LED_WriteCompare
                0x000058f4        0xc .\CortexM3\ARM_GCC_541\Debug\Half_Skeleton_V2_T1.a(PWM_BarcodeCondenser_LED.o)
                0x000058f4                PWM_BarcodeCondenser_LED_WriteCompare
 .text.PWM_BarcodeCondenser_LED_SetInterruptMode
                0x00005900        0xc .\CortexM3\ARM_GCC_541\Debug\Half_Skeleton_V2_T1.a(PWM_BarcodeCondenser_LED.o)
                0x00005900                PWM_BarcodeCondenser_LED_SetInterruptMode
 .text.PWM_BarcodeCondenser_LED_Init
                0x0000590c       0x74 .\CortexM3\ARM_GCC_541\Debug\Half_Skeleton_V2_T1.a(PWM_BarcodeCondenser_LED.o)
                0x0000590c                PWM_BarcodeCondenser_LED_Init
 .text.PWM_BarcodeCondenser_LED_Start
                0x00005980       0x1c .\CortexM3\ARM_GCC_541\Debug\Half_Skeleton_V2_T1.a(PWM_BarcodeCondenser_LED.o)
                0x00005980                PWM_BarcodeCondenser_LED_Start
 .text.LED3_Write
                0x0000599c       0x18 .\CortexM3\ARM_GCC_541\Debug\Half_Skeleton_V2_T1.a(LED3.o)
                0x0000599c                LED3_Write
 .text.Encoder_T_Z_Select_Write
                0x000059b4        0xc .\CortexM3\ARM_GCC_541\Debug\Half_Skeleton_V2_T1.a(Encoder_T_Z_Select.o)
                0x000059b4                Encoder_T_Z_Select_Write
 .text.TMC5160_MotorX_EN_Write
                0x000059c0       0x18 .\CortexM3\ARM_GCC_541\Debug\Half_Skeleton_V2_T1.a(TMC5160_MotorX_EN.o)
                0x000059c0                TMC5160_MotorX_EN_Write
 .text.TMC5160_MotorY_EN_Write
                0x000059d8       0x18 .\CortexM3\ARM_GCC_541\Debug\Half_Skeleton_V2_T1.a(TMC5160_MotorY_EN.o)
                0x000059d8                TMC5160_MotorY_EN_Write
 .text.TMC5160_MotorZ_EN_Write
                0x000059f0       0x18 .\CortexM3\ARM_GCC_541\Debug\Half_Skeleton_V2_T1.a(TMC5160_MotorZ_EN.o)
                0x000059f0                TMC5160_MotorZ_EN_Write
 .text.TMC5160_MotorT_EN_Write
                0x00005a08       0x18 .\CortexM3\ARM_GCC_541\Debug\Half_Skeleton_V2_T1.a(TMC5160_MotorT_EN.o)
                0x00005a08                TMC5160_MotorT_EN_Write
 .text.TMC5160_MotorO_EN_Write
                0x00005a20       0x18 .\CortexM3\ARM_GCC_541\Debug\Half_Skeleton_V2_T1.a(TMC5160_MotorO_EN.o)
                0x00005a20                TMC5160_MotorO_EN_Write
 .text.QuadDec_TZ_Cnt16_Enable
                0x00005a38       0x10 .\CortexM3\ARM_GCC_541\Debug\Half_Skeleton_V2_T1.a(QuadDec_TZ_Cnt16.o)
                0x00005a38                QuadDec_TZ_Cnt16_Enable
 .text.QuadDec_TZ_Cnt16_SetInterruptMode
                0x00005a48        0xc .\CortexM3\ARM_GCC_541\Debug\Half_Skeleton_V2_T1.a(QuadDec_TZ_Cnt16.o)
                0x00005a48                QuadDec_TZ_Cnt16_SetInterruptMode
 .text.QuadDec_TZ_Cnt16_ReadStatusRegister
                0x00005a54        0xc .\CortexM3\ARM_GCC_541\Debug\Half_Skeleton_V2_T1.a(QuadDec_TZ_Cnt16.o)
                0x00005a54                QuadDec_TZ_Cnt16_ReadStatusRegister
 .text.QuadDec_TZ_Cnt16_WriteCounter
                0x00005a60        0xc .\CortexM3\ARM_GCC_541\Debug\Half_Skeleton_V2_T1.a(QuadDec_TZ_Cnt16.o)
                0x00005a60                QuadDec_TZ_Cnt16_WriteCounter
 .text.QuadDec_TZ_Cnt16_ReadCounter
                0x00005a6c       0x14 .\CortexM3\ARM_GCC_541\Debug\Half_Skeleton_V2_T1.a(QuadDec_TZ_Cnt16.o)
                0x00005a6c                QuadDec_TZ_Cnt16_ReadCounter
 .text.QuadDec_TZ_Cnt16_ReadCapture
                0x00005a80        0xc .\CortexM3\ARM_GCC_541\Debug\Half_Skeleton_V2_T1.a(QuadDec_TZ_Cnt16.o)
                0x00005a80                QuadDec_TZ_Cnt16_ReadCapture
 .text.QuadDec_TZ_Cnt16_WritePeriod
                0x00005a8c        0xc .\CortexM3\ARM_GCC_541\Debug\Half_Skeleton_V2_T1.a(QuadDec_TZ_Cnt16.o)
                0x00005a8c                QuadDec_TZ_Cnt16_WritePeriod
 .text.QuadDec_TZ_Cnt16_WriteCompare
                0x00005a98        0xc .\CortexM3\ARM_GCC_541\Debug\Half_Skeleton_V2_T1.a(QuadDec_TZ_Cnt16.o)
                0x00005a98                QuadDec_TZ_Cnt16_WriteCompare
 .text.QuadDec_TZ_Cnt16_ClearFIFO
                0x00005aa4       0x14 .\CortexM3\ARM_GCC_541\Debug\Half_Skeleton_V2_T1.a(QuadDec_TZ_Cnt16.o)
                0x00005aa4                QuadDec_TZ_Cnt16_ClearFIFO
 .text.QuadDec_TZ_Cnt16_Init
                0x00005ab8       0x58 .\CortexM3\ARM_GCC_541\Debug\Half_Skeleton_V2_T1.a(QuadDec_TZ_Cnt16.o)
                0x00005ab8                QuadDec_TZ_Cnt16_Init
 .text.QuadDec_TZ_Cnt16_Start
                0x00005b10       0x1c .\CortexM3\ARM_GCC_541\Debug\Half_Skeleton_V2_T1.a(QuadDec_TZ_Cnt16.o)
                0x00005b10                QuadDec_TZ_Cnt16_Start
 .text.QuadDec_Y_Cnt16_Enable
                0x00005b2c       0x10 .\CortexM3\ARM_GCC_541\Debug\Half_Skeleton_V2_T1.a(QuadDec_Y_Cnt16.o)
                0x00005b2c                QuadDec_Y_Cnt16_Enable
 .text.QuadDec_Y_Cnt16_SetInterruptMode
                0x00005b3c        0xc .\CortexM3\ARM_GCC_541\Debug\Half_Skeleton_V2_T1.a(QuadDec_Y_Cnt16.o)
                0x00005b3c                QuadDec_Y_Cnt16_SetInterruptMode
 .text.QuadDec_Y_Cnt16_ReadStatusRegister
                0x00005b48        0xc .\CortexM3\ARM_GCC_541\Debug\Half_Skeleton_V2_T1.a(QuadDec_Y_Cnt16.o)
                0x00005b48                QuadDec_Y_Cnt16_ReadStatusRegister
 .text.QuadDec_Y_Cnt16_WriteCounter
                0x00005b54        0xc .\CortexM3\ARM_GCC_541\Debug\Half_Skeleton_V2_T1.a(QuadDec_Y_Cnt16.o)
                0x00005b54                QuadDec_Y_Cnt16_WriteCounter
 .text.QuadDec_Y_Cnt16_ReadCounter
                0x00005b60       0x14 .\CortexM3\ARM_GCC_541\Debug\Half_Skeleton_V2_T1.a(QuadDec_Y_Cnt16.o)
                0x00005b60                QuadDec_Y_Cnt16_ReadCounter
 .text.QuadDec_Y_Cnt16_ReadCapture
                0x00005b74        0xc .\CortexM3\ARM_GCC_541\Debug\Half_Skeleton_V2_T1.a(QuadDec_Y_Cnt16.o)
                0x00005b74                QuadDec_Y_Cnt16_ReadCapture
 .text.QuadDec_Y_Cnt16_WritePeriod
                0x00005b80        0xc .\CortexM3\ARM_GCC_541\Debug\Half_Skeleton_V2_T1.a(QuadDec_Y_Cnt16.o)
                0x00005b80                QuadDec_Y_Cnt16_WritePeriod
 .text.QuadDec_Y_Cnt16_WriteCompare
                0x00005b8c        0xc .\CortexM3\ARM_GCC_541\Debug\Half_Skeleton_V2_T1.a(QuadDec_Y_Cnt16.o)
                0x00005b8c                QuadDec_Y_Cnt16_WriteCompare
 .text.QuadDec_Y_Cnt16_ClearFIFO
                0x00005b98       0x14 .\CortexM3\ARM_GCC_541\Debug\Half_Skeleton_V2_T1.a(QuadDec_Y_Cnt16.o)
                0x00005b98                QuadDec_Y_Cnt16_ClearFIFO
 .text.QuadDec_Y_Cnt16_Init
                0x00005bac       0x58 .\CortexM3\ARM_GCC_541\Debug\Half_Skeleton_V2_T1.a(QuadDec_Y_Cnt16.o)
                0x00005bac                QuadDec_Y_Cnt16_Init
 .text.QuadDec_Y_Cnt16_Start
                0x00005c04       0x1c .\CortexM3\ARM_GCC_541\Debug\Half_Skeleton_V2_T1.a(QuadDec_Y_Cnt16.o)
                0x00005c04                QuadDec_Y_Cnt16_Start
 .text.wait_timer_Enable
                0x00005c20       0x28 .\CortexM3\ARM_GCC_541\Debug\Half_Skeleton_V2_T1.a(wait_timer.o)
                0x00005c20                wait_timer_Enable
 .text.wait_timer_Stop
                0x00005c48       0x28 .\CortexM3\ARM_GCC_541\Debug\Half_Skeleton_V2_T1.a(wait_timer.o)
                0x00005c48                wait_timer_Stop
 .text.wait_timer_SetInterruptMode
                0x00005c70        0xc .\CortexM3\ARM_GCC_541\Debug\Half_Skeleton_V2_T1.a(wait_timer.o)
                0x00005c70                wait_timer_SetInterruptMode
 .text.wait_timer_WritePeriod
                0x00005c7c        0xc .\CortexM3\ARM_GCC_541\Debug\Half_Skeleton_V2_T1.a(wait_timer.o)
                0x00005c7c                wait_timer_WritePeriod
 .text.wait_timer_WriteCounter
                0x00005c88        0xc .\CortexM3\ARM_GCC_541\Debug\Half_Skeleton_V2_T1.a(wait_timer.o)
                0x00005c88                wait_timer_WriteCounter
 .text.wait_timer_Init
                0x00005c94       0x68 .\CortexM3\ARM_GCC_541\Debug\Half_Skeleton_V2_T1.a(wait_timer.o)
                0x00005c94                wait_timer_Init
 .text.wait_timer_Start
                0x00005cfc       0x1c .\CortexM3\ARM_GCC_541\Debug\Half_Skeleton_V2_T1.a(wait_timer.o)
                0x00005cfc                wait_timer_Start
 .text.wait_interrupt_SetVector
                0x00005d18        0xc .\CortexM3\ARM_GCC_541\Debug\Half_Skeleton_V2_T1.a(wait_interrupt.o)
                0x00005d18                wait_interrupt_SetVector
 .text.wait_interrupt_SetPriority
                0x00005d24       0x10 .\CortexM3\ARM_GCC_541\Debug\Half_Skeleton_V2_T1.a(wait_interrupt.o)
                0x00005d24                wait_interrupt_SetPriority
 .text.wait_interrupt_Enable
                0x00005d34       0x10 .\CortexM3\ARM_GCC_541\Debug\Half_Skeleton_V2_T1.a(wait_interrupt.o)
                0x00005d34                wait_interrupt_Enable
 .text.wait_interrupt_Disable
                0x00005d44       0x10 .\CortexM3\ARM_GCC_541\Debug\Half_Skeleton_V2_T1.a(wait_interrupt.o)
                0x00005d44                wait_interrupt_Disable
 .text.wait_interrupt_StartEx
                0x00005d54       0x1c .\CortexM3\ARM_GCC_541\Debug\Half_Skeleton_V2_T1.a(wait_interrupt.o)
                0x00005d54                wait_interrupt_StartEx
 .text.X_MOT_INT_Read
                0x00005d70       0x10 .\CortexM3\ARM_GCC_541\Debug\Half_Skeleton_V2_T1.a(X_MOT_INT.o)
                0x00005d70                X_MOT_INT_Read
 .text.Z_MOT_INT_Read
                0x00005d80       0x10 .\CortexM3\ARM_GCC_541\Debug\Half_Skeleton_V2_T1.a(Z_MOT_INT.o)
                0x00005d80                Z_MOT_INT_Read
 .text.Camera_Trigger_Write
                0x00005d90       0x18 .\CortexM3\ARM_GCC_541\Debug\Half_Skeleton_V2_T1.a(Camera_Trigger.o)
                0x00005d90                Camera_Trigger_Write
 .text          0x00005da8       0x20 .\CortexM3\ARM_GCC_541\Debug\Half_Skeleton_V2_T1.a(CyBootAsmGnu.o)
                0x00005da8                CyDelayCycles
                0x00005db8                CyEnterCriticalSection
                0x00005dc0                CyExitCriticalSection
 .text.USB_DispatchClassRqst
                0x00005dc8       0x68 .\CortexM3\ARM_GCC_541\Debug\Half_Skeleton_V2_T1.a(USB_cls.o)
                0x00005dc8                USB_DispatchClassRqst
 .text.pow      0x00005e30      0x330 c:/program files (x86)/cypress/psoc creator/4.4/psoc creator/import/gnu/arm/5.4.1/bin/../lib/gcc/arm-none-eabi/5.4.1/../../../../arm-none-eabi/lib/armv7-m\libm.a(lib_a-w_pow.o)
                0x00005e30                pow
 .text.__ieee754_pow
                0x00006160      0xac4 c:/program files (x86)/cypress/psoc creator/4.4/psoc creator/import/gnu/arm/5.4.1/bin/../lib/gcc/arm-none-eabi/5.4.1/../../../../arm-none-eabi/lib/armv7-m\libm.a(lib_a-e_pow.o)
                0x00006160                __ieee754_pow
 .text.__ieee754_sqrt
                0x00006c24      0x188 c:/program files (x86)/cypress/psoc creator/4.4/psoc creator/import/gnu/arm/5.4.1/bin/../lib/gcc/arm-none-eabi/5.4.1/../../../../arm-none-eabi/lib/armv7-m\libm.a(lib_a-e_sqrt.o)
                0x00006c24                __ieee754_sqrt
 .text.fabs     0x00006dac        0x8 c:/program files (x86)/cypress/psoc creator/4.4/psoc creator/import/gnu/arm/5.4.1/bin/../lib/gcc/arm-none-eabi/5.4.1/../../../../arm-none-eabi/lib/armv7-m\libm.a(lib_a-s_fabs.o)
                0x00006dac                fabs
 .text.finite   0x00006db4        0xc c:/program files (x86)/cypress/psoc creator/4.4/psoc creator/import/gnu/arm/5.4.1/bin/../lib/gcc/arm-none-eabi/5.4.1/../../../../arm-none-eabi/lib/armv7-m\libm.a(lib_a-s_finite.o)
                0x00006db4                finite
 .text.matherr  0x00006dc0        0x4 c:/program files (x86)/cypress/psoc creator/4.4/psoc creator/import/gnu/arm/5.4.1/bin/../lib/gcc/arm-none-eabi/5.4.1/../../../../arm-none-eabi/lib/armv7-m\libm.a(lib_a-s_matherr.o)
                0x00006dc0                matherr
 .text.nan      0x00006dc4        0xc c:/program files (x86)/cypress/psoc creator/4.4/psoc creator/import/gnu/arm/5.4.1/bin/../lib/gcc/arm-none-eabi/5.4.1/../../../../arm-none-eabi/lib/armv7-m\libm.a(lib_a-s_nan.o)
                0x00006dc4                nan
 .text.rint     0x00006dd0      0x120 c:/program files (x86)/cypress/psoc creator/4.4/psoc creator/import/gnu/arm/5.4.1/bin/../lib/gcc/arm-none-eabi/5.4.1/../../../../arm-none-eabi/lib/armv7-m\libm.a(lib_a-s_rint.o)
                0x00006dd0                rint
 .text.scalbn   0x00006ef0       0xe4 c:/program files (x86)/cypress/psoc creator/4.4/psoc creator/import/gnu/arm/5.4.1/bin/../lib/gcc/arm-none-eabi/5.4.1/../../../../arm-none-eabi/lib/armv7-m\libm.a(lib_a-s_scalbn.o)
                0x00006ef0                scalbn
 .text.copysign
                0x00006fd4       0x10 c:/program files (x86)/cypress/psoc creator/4.4/psoc creator/import/gnu/arm/5.4.1/bin/../lib/gcc/arm-none-eabi/5.4.1/../../../../arm-none-eabi/lib/armv7-m\libm.a(lib_a-s_copysign.o)
                0x00006fd4                copysign
 .text          0x00006fe4      0x370 c:/program files (x86)/cypress/psoc creator/4.4/psoc creator/import/gnu/arm/5.4.1/bin/../lib/gcc/arm-none-eabi/5.4.1/armv7-m\libgcc.a(_arm_addsubdf3.o)
                0x00006fe4                __aeabi_drsub
                0x00006fec                __aeabi_dsub
                0x00006fec                __subdf3
                0x00006ff0                __aeabi_dadd
                0x00006ff0                __adddf3
                0x00007268                __floatunsidf
                0x00007268                __aeabi_ui2d
                0x00007288                __floatsidf
                0x00007288                __aeabi_i2d
                0x000072ac                __aeabi_f2d
                0x000072ac                __extendsfdf2
                0x000072e8                __floatundidf
                0x000072e8                __aeabi_ul2d
                0x000072f8                __floatdidf
                0x000072f8                __aeabi_l2d
 .text          0x00007354      0x424 c:/program files (x86)/cypress/psoc creator/4.4/psoc creator/import/gnu/arm/5.4.1/bin/../lib/gcc/arm-none-eabi/5.4.1/armv7-m\libgcc.a(_arm_muldivdf3.o)
                0x00007354                __aeabi_dmul
                0x00007354                __muldf3
                0x000075a8                __divdf3
                0x000075a8                __aeabi_ddiv
 .text          0x00007778      0x110 c:/program files (x86)/cypress/psoc creator/4.4/psoc creator/import/gnu/arm/5.4.1/bin/../lib/gcc/arm-none-eabi/5.4.1/armv7-m\libgcc.a(_arm_cmpdf2.o)
                0x00007778                __gtdf2
                0x00007778                __gedf2
                0x00007780                __ltdf2
                0x00007780                __ledf2
                0x00007788                __nedf2
                0x00007788                __eqdf2
                0x00007788                __cmpdf2
                0x00007804                __aeabi_cdrcmple
                0x00007814                __aeabi_cdcmpeq
                0x00007814                __aeabi_cdcmple
                0x00007824                __aeabi_dcmpeq
                0x00007838                __aeabi_dcmplt
                0x0000784c                __aeabi_dcmple
                0x00007860                __aeabi_dcmpge
                0x00007874                __aeabi_dcmpgt
 .text          0x00007888       0x2c c:/program files (x86)/cypress/psoc creator/4.4/psoc creator/import/gnu/arm/5.4.1/bin/../lib/gcc/arm-none-eabi/5.4.1/armv7-m\libgcc.a(_arm_unorddf2.o)
                0x00007888                __unorddf2
                0x00007888                __aeabi_dcmpun
 .text          0x000078b4       0x50 c:/program files (x86)/cypress/psoc creator/4.4/psoc creator/import/gnu/arm/5.4.1/bin/../lib/gcc/arm-none-eabi/5.4.1/armv7-m\libgcc.a(_arm_fixdfsi.o)
                0x000078b4                __aeabi_d2iz
                0x000078b4                __fixdfsi
 .text          0x00007904       0x40 c:/program files (x86)/cypress/psoc creator/4.4/psoc creator/import/gnu/arm/5.4.1/bin/../lib/gcc/arm-none-eabi/5.4.1/armv7-m\libgcc.a(_arm_fixunsdfsi.o)
                0x00007904                __aeabi_d2uiz
                0x00007904                __fixunsdfsi
 .text          0x00007944       0xa0 c:/program files (x86)/cypress/psoc creator/4.4/psoc creator/import/gnu/arm/5.4.1/bin/../lib/gcc/arm-none-eabi/5.4.1/armv7-m\libgcc.a(_arm_truncdfsf2.o)
                0x00007944                __truncdfsf2
                0x00007944                __aeabi_d2f
 .text          0x000079e4      0x21c c:/program files (x86)/cypress/psoc creator/4.4/psoc creator/import/gnu/arm/5.4.1/bin/../lib/gcc/arm-none-eabi/5.4.1/armv7-m\libgcc.a(_arm_addsubsf3.o)
                0x000079e4                __aeabi_frsub
                0x000079ec                __subsf3
                0x000079ec                __aeabi_fsub
                0x000079f0                __aeabi_fadd
                0x000079f0                __addsf3
                0x00007b50                __aeabi_ui2f
                0x00007b50                __floatunsisf
                0x00007b58                __aeabi_i2f
                0x00007b58                __floatsisf
                0x00007b74                __aeabi_ul2f
                0x00007b74                __floatundisf
                0x00007b84                __aeabi_l2f
                0x00007b84                __floatdisf
 .text          0x00007c00      0x2a0 c:/program files (x86)/cypress/psoc creator/4.4/psoc creator/import/gnu/arm/5.4.1/bin/../lib/gcc/arm-none-eabi/5.4.1/armv7-m\libgcc.a(_arm_muldivsf3.o)
                0x00007c00                __mulsf3
                0x00007c00                __aeabi_fmul
                0x00007d68                __aeabi_fdiv
                0x00007d68                __divsf3
 .text.__errno  0x00007ea0        0xc c:/program files (x86)/cypress/psoc creator/4.4/psoc creator/import/gnu/arm/5.4.1/bin/../lib/gcc/arm-none-eabi/5.4.1/../../../../arm-none-eabi/lib/armv7-m\libg_nano.a(lib_a-errno.o)
                0x00007ea0                __errno
 .text.__libc_init_array
                0x00007eac       0x4c c:/program files (x86)/cypress/psoc creator/4.4/psoc creator/import/gnu/arm/5.4.1/bin/../lib/gcc/arm-none-eabi/5.4.1/../../../../arm-none-eabi/lib/armv7-m\libg_nano.a(lib_a-init.o)
                0x00007eac                __libc_init_array
 .text.memcpy   0x00007ef8       0x16 c:/program files (x86)/cypress/psoc creator/4.4/psoc creator/import/gnu/arm/5.4.1/bin/../lib/gcc/arm-none-eabi/5.4.1/../../../../arm-none-eabi/lib/armv7-m\libg_nano.a(lib_a-memcpy-stub.o)
                0x00007ef8                memcpy
 .text.memset   0x00007f0e       0x10 c:/program files (x86)/cypress/psoc creator/4.4/psoc creator/import/gnu/arm/5.4.1/bin/../lib/gcc/arm-none-eabi/5.4.1/../../../../arm-none-eabi/lib/armv7-m\libg_nano.a(lib_a-memset.o)
                0x00007f0e                memset
 *fill*         0x00007f1e        0x2 
 .text.sprintf  0x00007f20       0x48 c:/program files (x86)/cypress/psoc creator/4.4/psoc creator/import/gnu/arm/5.4.1/bin/../lib/gcc/arm-none-eabi/5.4.1/../../../../arm-none-eabi/lib/armv7-m\libg_nano.a(lib_a-sprintf.o)
                0x00007f20                siprintf
                0x00007f20                sprintf
 .text.__ssputs_r
                0x00007f68       0xb2 c:/program files (x86)/cypress/psoc creator/4.4/psoc creator/import/gnu/arm/5.4.1/bin/../lib/gcc/arm-none-eabi/5.4.1/../../../../arm-none-eabi/lib/armv7-m\libg_nano.a(lib_a-nano-svfprintf.o)
                0x00007f68                __ssputs_r
 *fill*         0x0000801a        0x2 
 .text._svfprintf_r
                0x0000801c      0x1e8 c:/program files (x86)/cypress/psoc creator/4.4/psoc creator/import/gnu/arm/5.4.1/bin/../lib/gcc/arm-none-eabi/5.4.1/../../../../arm-none-eabi/lib/armv7-m\libg_nano.a(lib_a-nano-svfprintf.o)
                0x0000801c                _svfiprintf_r
                0x0000801c                _svfprintf_r
 .text._printf_common
                0x00008204       0xec c:/program files (x86)/cypress/psoc creator/4.4/psoc creator/import/gnu/arm/5.4.1/bin/../lib/gcc/arm-none-eabi/5.4.1/../../../../arm-none-eabi/lib/armv7-m\libg_nano.a(lib_a-nano-vfprintf_i.o)
                0x00008204                _printf_common
 .text._printf_i
                0x000082f0      0x24c c:/program files (x86)/cypress/psoc creator/4.4/psoc creator/import/gnu/arm/5.4.1/bin/../lib/gcc/arm-none-eabi/5.4.1/../../../../arm-none-eabi/lib/armv7-m\libg_nano.a(lib_a-nano-vfprintf_i.o)
                0x000082f0                _printf_i
 .text.memchr   0x0000853c       0x1c c:/program files (x86)/cypress/psoc creator/4.4/psoc creator/import/gnu/arm/5.4.1/bin/../lib/gcc/arm-none-eabi/5.4.1/../../../../arm-none-eabi/lib/armv7-m\libg_nano.a(lib_a-memchr-stub.o)
                0x0000853c                memchr
 .text.memmove  0x00008558       0x36 c:/program files (x86)/cypress/psoc creator/4.4/psoc creator/import/gnu/arm/5.4.1/bin/../lib/gcc/arm-none-eabi/5.4.1/../../../../arm-none-eabi/lib/armv7-m\libg_nano.a(lib_a-memmove.o)
                0x00008558                memmove
 *fill*         0x0000858e        0x2 
 .text._free_r  0x00008590       0x98 c:/program files (x86)/cypress/psoc creator/4.4/psoc creator/import/gnu/arm/5.4.1/bin/../lib/gcc/arm-none-eabi/5.4.1/../../../../arm-none-eabi/lib/armv7-m\libg_nano.a(lib_a-nano-freer.o)
                0x00008590                _free_r
 .text._malloc_r
                0x00008628       0xbc c:/program files (x86)/cypress/psoc creator/4.4/psoc creator/import/gnu/arm/5.4.1/bin/../lib/gcc/arm-none-eabi/5.4.1/../../../../arm-none-eabi/lib/armv7-m\libg_nano.a(lib_a-nano-mallocr.o)
                0x00008628                _malloc_r
 .text._realloc_r
                0x000086e4       0x4c c:/program files (x86)/cypress/psoc creator/4.4/psoc creator/import/gnu/arm/5.4.1/bin/../lib/gcc/arm-none-eabi/5.4.1/../../../../arm-none-eabi/lib/armv7-m\libg_nano.a(lib_a-nano-reallocr.o)
                0x000086e4                _realloc_r
 .text._sbrk_r  0x00008730       0x20 c:/program files (x86)/cypress/psoc creator/4.4/psoc creator/import/gnu/arm/5.4.1/bin/../lib/gcc/arm-none-eabi/5.4.1/../../../../arm-none-eabi/lib/armv7-m\libg_nano.a(lib_a-sbrkr.o)
                0x00008730                _sbrk_r
 .text.__malloc_lock
                0x00008750        0x2 c:/program files (x86)/cypress/psoc creator/4.4/psoc creator/import/gnu/arm/5.4.1/bin/../lib/gcc/arm-none-eabi/5.4.1/../../../../arm-none-eabi/lib/armv7-m\libg_nano.a(lib_a-mlock.o)
                0x00008750                __malloc_lock
 .text.__malloc_unlock
                0x00008752        0x2 c:/program files (x86)/cypress/psoc creator/4.4/psoc creator/import/gnu/arm/5.4.1/bin/../lib/gcc/arm-none-eabi/5.4.1/../../../../arm-none-eabi/lib/armv7-m\libg_nano.a(lib_a-mlock.o)
                0x00008752                __malloc_unlock
 .text._malloc_usable_size_r
                0x00008754       0x14 c:/program files (x86)/cypress/psoc creator/4.4/psoc creator/import/gnu/arm/5.4.1/bin/../lib/gcc/arm-none-eabi/5.4.1/../../../../arm-none-eabi/lib/armv7-m\libg_nano.a(lib_a-nano-msizer.o)
                0x00008754                _malloc_usable_size_r
 *(.plt)
 *(.gnu.warning)
 *(.glue_7t)
 .glue_7t       0x00008768        0x0 linker stubs
 *(.glue_7)
 .glue_7        0x00008768        0x0 linker stubs
 *(.vfp11_veneer)
 .vfp11_veneer  0x00008768        0x0 linker stubs
 *(.bootloader)
 *(.ARM.extab* .gnu.linkonce.armextab.*)
 *(.gcc_except_table)

.v4_bx          0x00008768        0x0
 .v4_bx         0x00008768        0x0 linker stubs

.iplt           0x00008768        0x0
 .iplt          0x00008768        0x0 c:/program files (x86)/cypress/psoc creator/4.4/psoc creator/import/gnu/arm/5.4.1/bin/../lib/gcc/arm-none-eabi/5.4.1/armv7-m/crtbegin.o

.eh_frame_hdr
 *(.eh_frame_hdr)

.eh_frame       0x00008768        0x4
 *(.eh_frame)
 .eh_frame      0x00008768        0x0 c:/program files (x86)/cypress/psoc creator/4.4/psoc creator/import/gnu/arm/5.4.1/bin/../lib/gcc/arm-none-eabi/5.4.1/armv7-m/crtbegin.o
 .eh_frame      0x00008768        0x4 c:/program files (x86)/cypress/psoc creator/4.4/psoc creator/import/gnu/arm/5.4.1/bin/../lib/gcc/arm-none-eabi/5.4.1/armv7-m/crtend.o
                [!provide]                PROVIDE (__exidx_start, .)

.ARM.exidx
 *(.ARM.exidx* .gnu.linkonce.armexidx.*)
                0x0000876c                __exidx_end = .

.rodata         0x00008770     0x1a48
 *(.rodata .rodata.* .gnu.linkonce.r.*)
 .rodata.str1.4
                0x00008770       0x32 .\CortexM3\ARM_GCC_541\Debug\main.o
 *fill*         0x000087a2        0x2 
 .rodata.str1.4
                0x000087a4      0x6e5 .\CortexM3\ARM_GCC_541\Debug\AS76.o
                                0x6f9 (size before relaxing)
 *fill*         0x00008e89        0x3 
 .rodata        0x00008e8c     0x1074 .\CortexM3\ARM_GCC_541\Debug\cyfitter_cfg.o
 .rodata.str1.4
                0x00009f00       0x11 .\CortexM3\ARM_GCC_541\Debug\Half_Skeleton_V2_T1.a(USB_std.o)
 *fill*         0x00009f11        0x3 
 .rodata        0x00009f14      0x21a .\CortexM3\ARM_GCC_541\Debug\Half_Skeleton_V2_T1.a(USB_descr.o)
                0x00009f14                USB_MSOS_CONFIGURATION_DESCR
                0x00009f3c                USB_MSOS_DESCRIPTOR
                0x00009f50                USB_TABLE
                0x00009f58                USB_DEVICE0_TABLE
                0x00009f70                USB_DEVICE0_CONFIGURATION0_TABLE
                0x00009f98                USB_DEVICE0_CONFIGURATION0_INTERFACE_CLASS
                0x00009f9c                USB_DEVICE0_CONFIGURATION0_EP_SETTINGS_TABLE
                0x00009fb4                USB_HIDREPORT_DESCRIPTOR1
                0x00009fec                USB_SN_STRING_DESCRIPTOR
                0x00009ff0                USB_STRING_DESCRIPTORS
                0x0000a0d8                USB_DEVICE0_CONFIGURATION0_DESCR
                0x0000a11c                USB_DEVICE0_DESCR
 *fill*         0x0000a12e        0x2 
 .rodata.str1.4
                0x0000a130        0x4 c:/program files (x86)/cypress/psoc creator/4.4/psoc creator/import/gnu/arm/5.4.1/bin/../lib/gcc/arm-none-eabi/5.4.1/../../../../arm-none-eabi/lib/armv7-m\libm.a(lib_a-w_pow.o)
 .rodata.str1.4
                0x0000a134        0x4 c:/program files (x86)/cypress/psoc creator/4.4/psoc creator/import/gnu/arm/5.4.1/bin/../lib/gcc/arm-none-eabi/5.4.1/../../../../arm-none-eabi/lib/armv7-m\libm.a(lib_a-e_pow.o)
                                  0x1 (size before relaxing)
 *fill*         0x0000a134        0x4 
 .rodata.TWO52  0x0000a138       0x10 c:/program files (x86)/cypress/psoc creator/4.4/psoc creator/import/gnu/arm/5.4.1/bin/../lib/gcc/arm-none-eabi/5.4.1/../../../../arm-none-eabi/lib/armv7-m\libm.a(lib_a-s_rint.o)
 .rodata.str1.1
                0x0000a148        0x2 c:/program files (x86)/cypress/psoc creator/4.4/psoc creator/import/gnu/arm/5.4.1/bin/../lib/gcc/arm-none-eabi/5.4.1/../../../../arm-none-eabi/lib/armv7-m\libg_nano.a(lib_a-impure.o)
 .rodata.str1.1
                0x0000a14a       0x11 c:/program files (x86)/cypress/psoc creator/4.4/psoc creator/import/gnu/arm/5.4.1/bin/../lib/gcc/arm-none-eabi/5.4.1/../../../../arm-none-eabi/lib/armv7-m\libg_nano.a(lib_a-nano-svfprintf.o)
 .rodata.str1.1
                0x0000a15b       0x22 c:/program files (x86)/cypress/psoc creator/4.4/psoc creator/import/gnu/arm/5.4.1/bin/../lib/gcc/arm-none-eabi/5.4.1/../../../../arm-none-eabi/lib/armv7-m\libg_nano.a(lib_a-nano-vfprintf_i.o)
                0x0000a180                . = ALIGN (0x4)
 *fill*         0x0000a17d        0x3 
 *(.init)
 .init          0x0000a180        0x4 c:/program files (x86)/cypress/psoc creator/4.4/psoc creator/import/gnu/arm/5.4.1/bin/../lib/gcc/arm-none-eabi/5.4.1/armv7-m/crti.o
                0x0000a180                _init
 .init          0x0000a184        0x8 c:/program files (x86)/cypress/psoc creator/4.4/psoc creator/import/gnu/arm/5.4.1/bin/../lib/gcc/arm-none-eabi/5.4.1/armv7-m/crtn.o
                0x0000a18c                . = ALIGN (0x4)
                0x0000a18c                __preinit_array_start = .
 *(.preinit_array)
                0x0000a18c                __preinit_array_end = .
                0x0000a18c                . = ALIGN (0x4)
                0x0000a18c                __init_array_start = .
 *(SORT(.init_array.*))
 *(.init_array)
 .init_array    0x0000a18c        0x4 c:/program files (x86)/cypress/psoc creator/4.4/psoc creator/import/gnu/arm/5.4.1/bin/../lib/gcc/arm-none-eabi/5.4.1/armv7-m/crtbegin.o
 .init_array    0x0000a190        0x4 .\CortexM3\ARM_GCC_541\Debug\Cm3Start.o
                0x0000a194                __init_array_end = .
                0x0000a194                . = ALIGN (0x4)
 *(.fini)
 .fini          0x0000a194        0x4 c:/program files (x86)/cypress/psoc creator/4.4/psoc creator/import/gnu/arm/5.4.1/bin/../lib/gcc/arm-none-eabi/5.4.1/armv7-m/crti.o
                0x0000a194                _fini
 .fini          0x0000a198        0x8 c:/program files (x86)/cypress/psoc creator/4.4/psoc creator/import/gnu/arm/5.4.1/bin/../lib/gcc/arm-none-eabi/5.4.1/armv7-m/crtn.o
                0x0000a1a0                . = ALIGN (0x4)
                0x0000a1a0                __fini_array_start = .
 *(.fini_array)
 .fini_array    0x0000a1a0        0x4 c:/program files (x86)/cypress/psoc creator/4.4/psoc creator/import/gnu/arm/5.4.1/bin/../lib/gcc/arm-none-eabi/5.4.1/armv7-m/crtbegin.o
 *(SORT(.fini_array.*))
                0x0000a1a4                __fini_array_end = .
                0x0000a1a4                . = ALIGN (0x4)
 *crtbegin.o(.ctors)
 *(EXCLUDE_FILE(*crtend.o) .ctors)
 *(SORT(.ctors.*))
 *crtend.o(.ctors)
                0x0000a1a4                . = ALIGN (0x4)
 *crtbegin.o(.dtors)
 *(EXCLUDE_FILE(*crtend.o) .dtors)
 *(SORT(.dtors.*))
 *crtend.o(.dtors)
                0x0000a1a4                . = ALIGN (0x4)
                0x0000a1a4                __cy_regions = .
                0x0000a1a4        0x4 LONG 0xa1b8 __cy_region_init_ram
                0x0000a1a8        0x4 LONG 0x1fff80c8 __cy_region_start_data
                0x0000a1ac        0x4 LONG 0xc8 __cy_region_init_size_ram
                0x0000a1b0        0x4 LONG 0x270 __cy_region_zero_size_ram
                0x0000a1b4                __cy_regions_end = .
                0x0000a1b8                . = ALIGN (0x8)
 *fill*         0x0000a1b4        0x4 
                0x0000a1b8                _etext = .

.cy_checksum_exclude
                0x0000a1b8        0x0
 *(.cy_checksum_exclude)

.ramvectors     0x1fff8000       0xc0
                0x1fff8000                __cy_region_start_ram = .
 *(.ramvectors)
 .ramvectors    0x1fff8000       0xc0 .\CortexM3\ARM_GCC_541\Debug\Cm3Start.o
                0x1fff8000                CyRamVectors

.noinit         0x1fff80c0        0x1
 *(.noinit)
 .noinit        0x1fff80c0        0x1 .\CortexM3\ARM_GCC_541\Debug\Half_Skeleton_V2_T1.a(CyLib.o)
                0x1fff80c0                CyResetStatus

.data           0x1fff80c8       0xc8 load address 0x0000a1b8
                0x1fff80c8                __cy_region_start_data = .
 *(.jcr)
 .jcr           0x1fff80c8        0x0 c:/program files (x86)/cypress/psoc creator/4.4/psoc creator/import/gnu/arm/5.4.1/bin/../lib/gcc/arm-none-eabi/5.4.1/armv7-m/crtbegin.o
 .jcr           0x1fff80c8        0x4 c:/program files (x86)/cypress/psoc creator/4.4/psoc creator/import/gnu/arm/5.4.1/bin/../lib/gcc/arm-none-eabi/5.4.1/armv7-m/crtend.o
 *(.got.plt)
 *(.got)
 *(.shdata)
 *(.data .data.* .gnu.linkonce.d.*)
 .data          0x1fff80cc        0x4 .\CortexM3\ARM_GCC_541\Debug\main.o
                0x1fff80cc                status_t
                0x1fff80cd                status_z
                0x1fff80ce                status_y
                0x1fff80cf                status_x
 .data          0x1fff80d0       0x25 .\CortexM3\ARM_GCC_541\Debug\AS76.o
                0x1fff80d0                PWM_Condenser_comare_value
                0x1fff80d4                Motor_Speed_X
                0x1fff80d8                Motor_Speed_Y
                0x1fff80dc                Motor_Speed_Z
                0x1fff80e0                HomeY_done
                0x1fff80e1                HomeX_done
                0x1fff80e2                HomeZ_done
                0x1fff80e3                HomeT_done
                0x1fff80e4                T_Pitchfactor
                0x1fff80e8                Z_Pitchfactor
                0x1fff80ec                Y_Pitchfactor
                0x1fff80f0                X_Pitchfactor
                0x1fff80f4                Time_Out_Error
 *fill*         0x1fff80f5        0x3 
 .data          0x1fff80f8        0x4 .\CortexM3\ARM_GCC_541\Debug\Cm3Start.o
 .data          0x1fff80fc       0x10 .\CortexM3\ARM_GCC_541\Debug\Half_Skeleton_V2_T1.a(CyLib.o)
                0x1fff80fc                cydelay_32k_ms
                0x1fff8100                cydelay_freq_khz
                0x1fff8104                cydelay_freq_mhz
                0x1fff8108                cydelay_freq_hz
 .data          0x1fff810c       0x1a .\CortexM3\ARM_GCC_541\Debug\Half_Skeleton_V2_T1.a(USB_cdc.o)
                0x1fff810c                USB_linesCoding
 .data.__fdlib_version
                0x1fff8126        0x1 c:/program files (x86)/cypress/psoc creator/4.4/psoc creator/import/gnu/arm/5.4.1/bin/../lib/gcc/arm-none-eabi/5.4.1/../../../../arm-none-eabi/lib/armv7-m\libm.a(lib_a-s_lib_ver.o)
                0x1fff8126                __fdlib_version
 *fill*         0x1fff8127        0x1 
 .data.impure_data
                0x1fff8128       0x60 c:/program files (x86)/cypress/psoc creator/4.4/psoc creator/import/gnu/arm/5.4.1/bin/../lib/gcc/arm-none-eabi/5.4.1/../../../../arm-none-eabi/lib/armv7-m\libg_nano.a(lib_a-impure.o)
 .data._impure_ptr
                0x1fff8188        0x4 c:/program files (x86)/cypress/psoc creator/4.4/psoc creator/import/gnu/arm/5.4.1/bin/../lib/gcc/arm-none-eabi/5.4.1/../../../../arm-none-eabi/lib/armv7-m\libg_nano.a(lib_a-impure.o)
                0x1fff8188                _impure_ptr
                0x1fff8190                . = ALIGN (0x8)
 *fill*         0x1fff818c        0x4 
 *(.ram)
                0x1fff8190                _edata = .

.igot.plt       0x1fff8190        0x0 load address 0x0000a280
 .igot.plt      0x1fff8190        0x0 c:/program files (x86)/cypress/psoc creator/4.4/psoc creator/import/gnu/arm/5.4.1/bin/../lib/gcc/arm-none-eabi/5.4.1/armv7-m/crtbegin.o

.bss            0x1fff8190      0x270 load address 0x0000a280
                0x1fff8190                PROVIDE (__bss_start__, .)
 *(.shbss)
 *(.bss .bss.* .gnu.linkonce.b.*)
 .bss           0x1fff8190       0x1c c:/program files (x86)/cypress/psoc creator/4.4/psoc creator/import/gnu/arm/5.4.1/bin/../lib/gcc/arm-none-eabi/5.4.1/armv7-m/crtbegin.o
 .bss           0x1fff81ac       0x68 .\CortexM3\ARM_GCC_541\Debug\AS76.o
                0x1fff81ac                ms_count
                0x1fff81b0                exit_loop
                0x1fff81b4                X_QuadPosition
                0x1fff81b8                start_quad
                0x1fff81bc                capture_flag
                0x1fff81c0                EncoderTZSelect
                0x1fff81c4                Y_QuadPosition
                0x1fff81c8                Z_QuadPosition
                0x1fff81cc                T_QuadPosition
                0x1fff81d0                Buffer_Z_QuadPosition
                0x1fff81d4                Buffer_T_QuadPosition
                0x1fff81d8                print_flag
                0x1fff81dc                PWM_barcode_comare_value
                0x1fff81e0                Error
                0x1fff81e5                HomeX_done_Buffer
                0x1fff81e6                HomeY_done_Buffer
                0x1fff81e7                HomeZ_done_Buffer
                0x1fff81e8                HomeT_done_Buffer
                0x1fff81ec                Previous_X_Position
                0x1fff81f0                Previous_Y_Position
                0x1fff81f4                Previous_Z_Position
                0x1fff81f8                Position_X_Requested
                0x1fff81fc                Position_Y_Requested
                0x1fff8200                Position_Z_Requested
                0x1fff8204                Position_T_Requested
                0x1fff8208                time_ms
                0x1fff820c                oil_speed
                0x1fff8210                oil_dir
 .bss           0x1fff8214        0x1 .\CortexM3\ARM_GCC_541\Debug\Half_Skeleton_V2_T1.a(SPIM.o)
                0x1fff8214                SPIM_initVar
 .bss           0x1fff8215        0x1 .\CortexM3\ARM_GCC_541\Debug\Half_Skeleton_V2_T1.a(USB.o)
                0x1fff8215                USB_initVar
 .bss           0x1fff8216        0x1 .\CortexM3\ARM_GCC_541\Debug\Half_Skeleton_V2_T1.a(USB_cdc.o)
 *fill*         0x1fff8217        0x1 
 .bss           0x1fff8218        0x2 .\CortexM3\ARM_GCC_541\Debug\Half_Skeleton_V2_T1.a(USB_std.o)
 .bss           0x1fff821a        0x1 .\CortexM3\ARM_GCC_541\Debug\Half_Skeleton_V2_T1.a(PWM_CondenserLED.o)
                0x1fff821a                PWM_CondenserLED_initVar
 .bss           0x1fff821b        0x1 .\CortexM3\ARM_GCC_541\Debug\Half_Skeleton_V2_T1.a(QuadDec_X.o)
                0x1fff821b                QuadDec_X_initVar
 .bss           0x1fff821c        0x4 .\CortexM3\ARM_GCC_541\Debug\Half_Skeleton_V2_T1.a(QuadDec_X_INT.o)
                0x1fff821c                QuadDec_X_count32SoftPart
 .bss           0x1fff8220        0x1 .\CortexM3\ARM_GCC_541\Debug\Half_Skeleton_V2_T1.a(QuadDec_X_Cnt16.o)
                0x1fff8220                QuadDec_X_Cnt16_initVar
 .bss           0x1fff8221        0x7 .\CortexM3\ARM_GCC_541\Debug\Half_Skeleton_V2_T1.a(UART_PCB_LOG.o)
                0x1fff8221                UART_PCB_LOG_errorStatus
                0x1fff8222                UART_PCB_LOG_initVar
                0x1fff8223                UART_PCB_LOG_rxBufferRead
                0x1fff8224                UART_PCB_LOG_rxBufferWrite
                0x1fff8225                UART_PCB_LOG_rxBufferLoopDetect
                0x1fff8226                UART_PCB_LOG_rxBufferOverflow
 .bss           0x1fff8228        0x1 .\CortexM3\ARM_GCC_541\Debug\Half_Skeleton_V2_T1.a(QuadDec_TZ.o)
                0x1fff8228                QuadDec_TZ_initVar
 *fill*         0x1fff8229        0x3 
 .bss           0x1fff822c        0x4 .\CortexM3\ARM_GCC_541\Debug\Half_Skeleton_V2_T1.a(QuadDec_TZ_INT.o)
                0x1fff822c                QuadDec_TZ_count32SoftPart
 .bss           0x1fff8230        0x1 .\CortexM3\ARM_GCC_541\Debug\Half_Skeleton_V2_T1.a(PWM_Buzzer.o)
                0x1fff8230                PWM_Buzzer_initVar
 .bss           0x1fff8231        0x1 .\CortexM3\ARM_GCC_541\Debug\Half_Skeleton_V2_T1.a(QuadDec_Y.o)
                0x1fff8231                QuadDec_Y_initVar
 *fill*         0x1fff8232        0x2 
 .bss           0x1fff8234        0x4 .\CortexM3\ARM_GCC_541\Debug\Half_Skeleton_V2_T1.a(QuadDec_Y_INT.o)
                0x1fff8234                QuadDec_Y_count32SoftPart
 .bss           0x1fff8238        0x1 .\CortexM3\ARM_GCC_541\Debug\Half_Skeleton_V2_T1.a(PWM_BarcodeCondenser_LED.o)
                0x1fff8238                PWM_BarcodeCondenser_LED_initVar
 .bss           0x1fff8239        0x1 .\CortexM3\ARM_GCC_541\Debug\Half_Skeleton_V2_T1.a(QuadDec_TZ_Cnt16.o)
                0x1fff8239                QuadDec_TZ_Cnt16_initVar
 .bss           0x1fff823a        0x1 .\CortexM3\ARM_GCC_541\Debug\Half_Skeleton_V2_T1.a(QuadDec_Y_Cnt16.o)
                0x1fff823a                QuadDec_Y_Cnt16_initVar
 .bss           0x1fff823b        0x1 .\CortexM3\ARM_GCC_541\Debug\Half_Skeleton_V2_T1.a(wait_timer.o)
                0x1fff823b                wait_timer_initVar
 .bss.__malloc_sbrk_start
                0x1fff823c        0x4 c:/program files (x86)/cypress/psoc creator/4.4/psoc creator/import/gnu/arm/5.4.1/bin/../lib/gcc/arm-none-eabi/5.4.1/../../../../arm-none-eabi/lib/armv7-m\libg_nano.a(lib_a-nano-mallocr.o)
                0x1fff823c                __malloc_sbrk_start
 .bss.__malloc_free_list
                0x1fff8240        0x4 c:/program files (x86)/cypress/psoc creator/4.4/psoc creator/import/gnu/arm/5.4.1/bin/../lib/gcc/arm-none-eabi/5.4.1/../../../../arm-none-eabi/lib/armv7-m\libg_nano.a(lib_a-nano-mallocr.o)
                0x1fff8240                __malloc_free_list
 *(COMMON)
 COMMON         0x1fff8244       0x77 .\CortexM3\ARM_GCC_541\Debug\main.o
                0x1fff8244                Is_Slide_On_Gripper
                0x1fff8248                USB_received
                0x1fff8288                count
                0x1fff828c                USB_transmit
 *fill*         0x1fff82bb        0x1 
 COMMON         0x1fff82bc        0x4 .\CortexM3\ARM_GCC_541\Debug\AS76.o
                0x1fff82bc                command
 COMMON         0x1fff82c0       0x18 .\CortexM3\ARM_GCC_541\Debug\Half_Skeleton_V2_T1.a(SPIM.o)
                0x1fff82c0                SPIM_rxBufferFull
                0x1fff82c4                SPIM_txBuffer
                0x1fff82c9                SPIM_swStatusTx
                0x1fff82cc                SPIM_rxBuffer
                0x1fff82d2                SPIM_txBufferFull
                0x1fff82d3                SPIM_txBufferRead
                0x1fff82d4                SPIM_rxBufferWrite
                0x1fff82d5                SPIM_txBufferWrite
                0x1fff82d6                SPIM_rxBufferRead
                0x1fff82d7                SPIM_swStatusRx
 COMMON         0x1fff82d8       0x16 .\CortexM3\ARM_GCC_541\Debug\Half_Skeleton_V2_T1.a(USB_cdc.o)
                0x1fff82d8                USB_linesControlBitmap
                0x1fff82dc                USB_cdcCommInInterruptEp
                0x1fff82e0                USB_serialStateBitmap
                0x1fff82e4                USB_cdcDataOutEp
                0x1fff82e8                USB_cdcDataInEp
                0x1fff82ec                USB_linesChanged
 *fill*         0x1fff82ee        0x2 
 COMMON         0x1fff82f0       0x98 .\CortexM3\ARM_GCC_541\Debug\Half_Skeleton_V2_T1.a(USB_drv.o)
                0x1fff82f0                USB_transferState
                0x1fff82f1                USB_interfaceNumber
                0x1fff82f2                USB_lastPacketSize
                0x1fff82f4                USB_interfaceClass
                0x1fff82f8                USB_interfaceSetting
                0x1fff82fa                USB_ep0Mode
                0x1fff82fb                USB_device
                0x1fff82fc                USB_deviceAddress
                0x1fff82fd                USB_ep0Toggle
                0x1fff8300                USB_interfaceSettingLast
                0x1fff8302                USB_configurationChanged
                0x1fff8304                USB_interfaceStatus
                0x1fff8306                USB_transferByteCount
                0x1fff8308                USB_configuration
                0x1fff830c                USB_currentTD
                0x1fff8318                USB_ep0Count
                0x1fff8319                USB_deviceStatus
                0x1fff831c                USB_EP
 COMMON         0x1fff8388        0xa .\CortexM3\ARM_GCC_541\Debug\Half_Skeleton_V2_T1.a(USB_hid.o)
                0x1fff8388                USB_hidProtocol
                0x1fff838c                USB_hidIdleRate
                0x1fff8390                USB_hidIdleTimer
 *fill*         0x1fff8392        0x2 
 COMMON         0x1fff8394       0x40 .\CortexM3\ARM_GCC_541\Debug\Half_Skeleton_V2_T1.a(UART_PCB_LOG.o)
                0x1fff8394                UART_PCB_LOG_rxBuffer
 COMMON         0x1fff83d4       0x22 .\CortexM3\ARM_GCC_541\Debug\Half_Skeleton_V2_T1.a(USB_descr.o)
                0x1fff83d4                USB_idSerialNumberStringDescriptor
 *fill*         0x1fff83f6        0x2 
 COMMON         0x1fff83f8        0x4 c:/program files (x86)/cypress/psoc creator/4.4/psoc creator/import/gnu/arm/5.4.1/bin/../lib/gcc/arm-none-eabi/5.4.1/../../../../arm-none-eabi/lib/armv7-m\libg_nano.a(lib_a-reent.o)
                0x1fff83f8                errno
                0x1fff8400                . = ALIGN (0x8)
 *fill*         0x1fff83fc        0x4 
 *(.ram.b)
                0x1fff8400                _end = .
                0x1fff8400                __end = .
                0x1fff8400                PROVIDE (end, .)
                0x1fff8400                PROVIDE (__bss_end__, .)
                0x0000a1b8                __cy_region_init_ram = LOADADDR (.data)
                0x000000c8                __cy_region_init_size_ram = (_edata - ADDR (.data))
                0x00000270                __cy_region_zero_size_ram = (_end - _edata)

.heap           0x1fff8400       0x80 load address 0x0000a280
                0x1fff8400                . = _end
                0x1fff8480                . = (. + 0x80)
 *fill*         0x1fff8400       0x80 
                0x1fff8480                __cy_heap_limit = .

.stack          0x20007800      0x800
                0x20007800                __cy_stack_limit = .
                0x20008000                . = (. + 0x800)
 *fill*         0x20007800      0x800 
                0x00000001                ASSERT ((__cy_stack_limit >= __cy_heap_limit), region RAM overflowed with stack)
                0x00000000                cy_checksum_exclude_size = (CY_APPL_LOADABLE == 0x1)?SIZEOF (.cy_checksum_exclude):0x0
                0x00000001                ASSERT ((cy_checksum_exclude_size <= CY_CHECKSUM_EXCLUDE_SIZE), CY_BOOT: Section .cy_checksum_exclude size exceedes specified limit.)

.cyloadermeta
 *(.cyloadermeta)

.cyloadablemeta
 *(.cyloadablemeta)

.cyconfigecc
 *(.cyconfigecc)

.cycustnvl      0x90000000        0x4
 *(.cycustnvl)
 .cycustnvl     0x90000000        0x4 .\CortexM3\ARM_GCC_541\Debug\cymetadata.o
                0x90000000                cy_meta_custnvl

.cywolatch      0x90100000        0x4
 *(.cywolatch)
 .cywolatch     0x90100000        0x4 .\CortexM3\ARM_GCC_541\Debug\cymetadata.o
                0x90100000                cy_meta_wonvl

.cyeeprom       0x90200000        0x0
 *(.cyeeprom)
                0x00000001                ASSERT ((. <= ((0x90200000 + ee_offset) + ee_size)), .cyeeprom data will not fit in EEPROM)

.cyflashprotect
                0x90400000      0x100
 *(.cyflashprotect)
 .cyflashprotect
                0x90400000      0x100 .\CortexM3\ARM_GCC_541\Debug\cymetadata.o
                0x90400000                cy_meta_flashprotect

.cymeta         0x90500000        0xc
 *(.cymeta)
 .cymeta        0x90500000        0xc .\CortexM3\ARM_GCC_541\Debug\cymetadata.o
                0x90500000                cy_metadata

.rel.dyn        0x0000a280        0x0 load address 0x9050000c
 .rel.iplt      0x0000a280        0x0 c:/program files (x86)/cypress/psoc creator/4.4/psoc creator/import/gnu/arm/5.4.1/bin/../lib/gcc/arm-none-eabi/5.4.1/armv7-m/crtbegin.o

.stab
 *(.stab)

.stabstr
 *(.stabstr)

.debug
 *(.debug)

.line
 *(.line)

.debug_srcinfo
 *(.debug_srcinfo)

.debug_sfnames
 *(.debug_sfnames)

.debug_aranges  0x00000000     0x1778
 *(.debug_aranges)
 .debug_aranges
                0x00000000       0x20 .\CortexM3\ARM_GCC_541\Debug\main.o
 .debug_aranges
                0x00000020      0x1b8 .\CortexM3\ARM_GCC_541\Debug\AS76.o
 .debug_aranges
                0x000001d8       0x60 .\CortexM3\ARM_GCC_541\Debug\cyfitter_cfg.o
 .debug_aranges
                0x00000238       0x18 .\CortexM3\ARM_GCC_541\Debug\cymetadata.o
 .debug_aranges
                0x00000250       0x48 .\CortexM3\ARM_GCC_541\Debug\Cm3Start.o
 .debug_aranges
                0x00000298       0x38 .\CortexM3\ARM_GCC_541\Debug\Half_Skeleton_V2_T1.a(Pin_CSMotorX.o)
 .debug_aranges
                0x000002d0       0x38 .\CortexM3\ARM_GCC_541\Debug\Half_Skeleton_V2_T1.a(Pin_CSMotorY.o)
 .debug_aranges
                0x00000308       0x38 .\CortexM3\ARM_GCC_541\Debug\Half_Skeleton_V2_T1.a(Pin_CSMotorZ.o)
 .debug_aranges
                0x00000340       0xd8 .\CortexM3\ARM_GCC_541\Debug\Half_Skeleton_V2_T1.a(SPIM.o)
 .debug_aranges
                0x00000418       0x28 .\CortexM3\ARM_GCC_541\Debug\Half_Skeleton_V2_T1.a(SPIM_INT.o)
 .debug_aranges
                0x00000440      0x2a0 .\CortexM3\ARM_GCC_541\Debug\Half_Skeleton_V2_T1.a(CyLib.o)
 .debug_aranges
                0x000006e0       0x98 .\CortexM3\ARM_GCC_541\Debug\Half_Skeleton_V2_T1.a(cyPm.o)
 .debug_aranges
                0x00000778       0xc8 .\CortexM3\ARM_GCC_541\Debug\Half_Skeleton_V2_T1.a(USB.o)
 .debug_aranges
                0x00000840       0xe8 .\CortexM3\ARM_GCC_541\Debug\Half_Skeleton_V2_T1.a(USB_cdc.o)
 .debug_aranges
                0x00000928       0x98 .\CortexM3\ARM_GCC_541\Debug\Half_Skeleton_V2_T1.a(USB_drv.o)
 .debug_aranges
                0x000009c0       0x40 .\CortexM3\ARM_GCC_541\Debug\Half_Skeleton_V2_T1.a(USB_episr.o)
 .debug_aranges
                0x00000a00       0x48 .\CortexM3\ARM_GCC_541\Debug\Half_Skeleton_V2_T1.a(USB_hid.o)
 .debug_aranges
                0x00000a48       0x40 .\CortexM3\ARM_GCC_541\Debug\Half_Skeleton_V2_T1.a(USB_pm.o)
 .debug_aranges
                0x00000a88       0x80 .\CortexM3\ARM_GCC_541\Debug\Half_Skeleton_V2_T1.a(USB_std.o)
 .debug_aranges
                0x00000b08       0x20 .\CortexM3\ARM_GCC_541\Debug\Half_Skeleton_V2_T1.a(USB_vnd.o)
 .debug_aranges
                0x00000b28       0x48 .\CortexM3\ARM_GCC_541\Debug\Half_Skeleton_V2_T1.a(USB_Dp.o)
 .debug_aranges
                0x00000b70       0x78 .\CortexM3\ARM_GCC_541\Debug\Half_Skeleton_V2_T1.a(PWM_CondenserLED.o)
 .debug_aranges
                0x00000be8       0x70 .\CortexM3\ARM_GCC_541\Debug\Half_Skeleton_V2_T1.a(SPIM_IntClock.o)
 .debug_aranges
                0x00000c58       0x60 .\CortexM3\ARM_GCC_541\Debug\Half_Skeleton_V2_T1.a(QuadDec_X.o)
 .debug_aranges
                0x00000cb8       0x20 .\CortexM3\ARM_GCC_541\Debug\Half_Skeleton_V2_T1.a(QuadDec_X_INT.o)
 .debug_aranges
                0x00000cd8       0x98 .\CortexM3\ARM_GCC_541\Debug\Half_Skeleton_V2_T1.a(QuadDec_X_Cnt16.o)
 .debug_aranges
                0x00000d70       0xf0 .\CortexM3\ARM_GCC_541\Debug\Half_Skeleton_V2_T1.a(UART_PCB_LOG.o)
 .debug_aranges
                0x00000e60       0x20 .\CortexM3\ARM_GCC_541\Debug\Half_Skeleton_V2_T1.a(UART_PCB_LOG_INT.o)
 .debug_aranges
                0x00000e80       0x70 .\CortexM3\ARM_GCC_541\Debug\Half_Skeleton_V2_T1.a(UART_PCB_LOG_IntClock.o)
 .debug_aranges
                0x00000ef0       0x38 .\CortexM3\ARM_GCC_541\Debug\Half_Skeleton_V2_T1.a(Pin_Backlight.o)
 .debug_aranges
                0x00000f28       0x38 .\CortexM3\ARM_GCC_541\Debug\Half_Skeleton_V2_T1.a(LED2.o)
 .debug_aranges
                0x00000f60       0x38 .\CortexM3\ARM_GCC_541\Debug\Half_Skeleton_V2_T1.a(Pin_CSMotorO.o)
 .debug_aranges
                0x00000f98       0x38 .\CortexM3\ARM_GCC_541\Debug\Half_Skeleton_V2_T1.a(Pin_CSMotorT.o)
 .debug_aranges
                0x00000fd0       0x60 .\CortexM3\ARM_GCC_541\Debug\Half_Skeleton_V2_T1.a(QuadDec_TZ.o)
 .debug_aranges
                0x00001030       0x20 .\CortexM3\ARM_GCC_541\Debug\Half_Skeleton_V2_T1.a(QuadDec_TZ_INT.o)
 .debug_aranges
                0x00001050       0x78 .\CortexM3\ARM_GCC_541\Debug\Half_Skeleton_V2_T1.a(PWM_Buzzer.o)
 .debug_aranges
                0x000010c8       0x60 .\CortexM3\ARM_GCC_541\Debug\Half_Skeleton_V2_T1.a(QuadDec_Y.o)
 .debug_aranges
                0x00001128       0x20 .\CortexM3\ARM_GCC_541\Debug\Half_Skeleton_V2_T1.a(QuadDec_Y_INT.o)
 .debug_aranges
                0x00001148       0x78 .\CortexM3\ARM_GCC_541\Debug\Half_Skeleton_V2_T1.a(PWM_BarcodeCondenser_LED.o)
 .debug_aranges
                0x000011c0       0x38 .\CortexM3\ARM_GCC_541\Debug\Half_Skeleton_V2_T1.a(LED3.o)
 .debug_aranges
                0x000011f8       0x28 .\CortexM3\ARM_GCC_541\Debug\Half_Skeleton_V2_T1.a(Encoder_T_Z_Select.o)
 .debug_aranges
                0x00001220       0x38 .\CortexM3\ARM_GCC_541\Debug\Half_Skeleton_V2_T1.a(TMC5160_MotorX_EN.o)
 .debug_aranges
                0x00001258       0x38 .\CortexM3\ARM_GCC_541\Debug\Half_Skeleton_V2_T1.a(TMC5160_MotorY_EN.o)
 .debug_aranges
                0x00001290       0x38 .\CortexM3\ARM_GCC_541\Debug\Half_Skeleton_V2_T1.a(TMC5160_MotorZ_EN.o)
 .debug_aranges
                0x000012c8       0x38 .\CortexM3\ARM_GCC_541\Debug\Half_Skeleton_V2_T1.a(TMC5160_MotorT_EN.o)
 .debug_aranges
                0x00001300       0x38 .\CortexM3\ARM_GCC_541\Debug\Half_Skeleton_V2_T1.a(TMC5160_MotorO_EN.o)
 .debug_aranges
                0x00001338       0x98 .\CortexM3\ARM_GCC_541\Debug\Half_Skeleton_V2_T1.a(QuadDec_TZ_Cnt16.o)
 .debug_aranges