Archive member included to satisfy reference by file (symbol)

.\CortexM3\ARM_GCC_541\Debug\AS76_FFP5.a(Pin_CSMotorX.o)
                              .\CortexM3\ARM_GCC_541\Debug\AS76.o (Pin_CSMotorX_Write)
.\CortexM3\ARM_GCC_541\Debug\AS76_FFP5.a(Pin_CSMotorY.o)
                              .\CortexM3\ARM_GCC_541\Debug\AS76.o (Pin_CSMotorY_Write)
.\CortexM3\ARM_GCC_541\Debug\AS76_FFP5.a(Pin_CSMotorZ.o)
                              .\CortexM3\ARM_GCC_541\Debug\AS76.o (Pin_CSMotorZ_Write)
.\CortexM3\ARM_GCC_541\Debug\AS76_FFP5.a(SPIM.o)
                              .\CortexM3\ARM_GCC_541\Debug\AS76.o (SPIM_WriteTxData)
.\CortexM3\ARM_GCC_541\Debug\AS76_FFP5.a(SPIM_INT.o)
                              .\CortexM3\ARM_GCC_541\Debug\AS76_FFP5.a(SPIM.o) (SPIM_TX_ISR)
.\CortexM3\ARM_GCC_541\Debug\AS76_FFP5.a(CyLib.o)
                              .\CortexM3\ARM_GCC_541\Debug\Cm3Start.o (CyHalt)
.\CortexM3\ARM_GCC_541\Debug\AS76_FFP5.a(cyPm.o)
                              .\CortexM3\ARM_GCC_541\Debug\AS76_FFP5.a(CyLib.o) (CyPmReadStatus)
.\CortexM3\ARM_GCC_541\Debug\AS76_FFP5.a(USB.o)
                              .\CortexM3\ARM_GCC_541\Debug\AS76.o (USB_Start)
.\CortexM3\ARM_GCC_541\Debug\AS76_FFP5.a(USB_cdc.o)
                              .\CortexM3\ARM_GCC_541\Debug\AS76.o (USB_CDC_Init)
.\CortexM3\ARM_GCC_541\Debug\AS76_FFP5.a(USB_drv.o)
                              .\CortexM3\ARM_GCC_541\Debug\AS76_FFP5.a(USB.o) (USB_lastPacketSize)
.\CortexM3\ARM_GCC_541\Debug\AS76_FFP5.a(USB_episr.o)
                              .\CortexM3\ARM_GCC_541\Debug\AS76_FFP5.a(USB.o) (USB_EP_1_ISR)
.\CortexM3\ARM_GCC_541\Debug\AS76_FFP5.a(USB_hid.o)
                              .\CortexM3\ARM_GCC_541\Debug\AS76_FFP5.a(USB.o) (USB_hidProtocol)
.\CortexM3\ARM_GCC_541\Debug\AS76_FFP5.a(USB_pm.o)
                              .\CortexM3\ARM_GCC_541\Debug\AS76_FFP5.a(USB.o) (USB_DP_ISR)
.\CortexM3\ARM_GCC_541\Debug\AS76_FFP5.a(USB_std.o)
                              .\CortexM3\ARM_GCC_541\Debug\AS76_FFP5.a(USB_pm.o) (USB_ConfigReg)
.\CortexM3\ARM_GCC_541\Debug\AS76_FFP5.a(USB_vnd.o)
                              .\CortexM3\ARM_GCC_541\Debug\AS76_FFP5.a(USB_drv.o) (USB_HandleVendorRqst)
.\CortexM3\ARM_GCC_541\Debug\AS76_FFP5.a(USB_Dp.o)
                              .\CortexM3\ARM_GCC_541\Debug\AS76_FFP5.a(USB.o) (USB_Dp_ClearInterrupt)
.\CortexM3\ARM_GCC_541\Debug\AS76_FFP5.a(PWM_CondenserLED.o)
                              .\CortexM3\ARM_GCC_541\Debug\AS76.o (PWM_CondenserLED_WriteCompare)
.\CortexM3\ARM_GCC_541\Debug\AS76_FFP5.a(SPIM_IntClock.o)
                              .\CortexM3\ARM_GCC_541\Debug\AS76_FFP5.a(SPIM.o) (SPIM_IntClock_Start)
.\CortexM3\ARM_GCC_541\Debug\AS76_FFP5.a(QuadDec_X.o)
                              .\CortexM3\ARM_GCC_541\Debug\AS76.o (QuadDec_X_GetCounter)
.\CortexM3\ARM_GCC_541\Debug\AS76_FFP5.a(QuadDec_X_INT.o)
                              .\CortexM3\ARM_GCC_541\Debug\AS76_FFP5.a(QuadDec_X.o) (QuadDec_X_ISR)
.\CortexM3\ARM_GCC_541\Debug\AS76_FFP5.a(QuadDec_X_Cnt16.o)
                              .\CortexM3\ARM_GCC_541\Debug\AS76_FFP5.a(QuadDec_X.o) (QuadDec_X_Cnt16_Stop)
.\CortexM3\ARM_GCC_541\Debug\AS76_FFP5.a(UART_PCB_LOG.o)
                              .\CortexM3\ARM_GCC_541\Debug\main.o (UART_PCB_LOG_Start)
.\CortexM3\ARM_GCC_541\Debug\AS76_FFP5.a(UART_PCB_LOG_INT.o)
                              .\CortexM3\ARM_GCC_541\Debug\AS76_FFP5.a(UART_PCB_LOG.o) (UART_PCB_LOG_RXISR)
.\CortexM3\ARM_GCC_541\Debug\AS76_FFP5.a(UART_PCB_LOG_IntClock.o)
                              .\CortexM3\ARM_GCC_541\Debug\AS76_FFP5.a(UART_PCB_LOG.o) (UART_PCB_LOG_IntClock_Start)
.\CortexM3\ARM_GCC_541\Debug\AS76_FFP5.a(Pin_Backlight.o)
                              .\CortexM3\ARM_GCC_541\Debug\AS76.o (Pin_Backlight_Write)
.\CortexM3\ARM_GCC_541\Debug\AS76_FFP5.a(LED2.o)
                              .\CortexM3\ARM_GCC_541\Debug\main.o (LED2_Write)
.\CortexM3\ARM_GCC_541\Debug\AS76_FFP5.a(Pin_CSMotorO.o)
                              .\CortexM3\ARM_GCC_541\Debug\AS76.o (Pin_CSMotorO_Write)
.\CortexM3\ARM_GCC_541\Debug\AS76_FFP5.a(Pin_CSMotorT.o)
                              .\CortexM3\ARM_GCC_541\Debug\AS76.o (Pin_CSMotorT_Write)
.\CortexM3\ARM_GCC_541\Debug\AS76_FFP5.a(QuadDec_TZ.o)
                              .\CortexM3\ARM_GCC_541\Debug\AS76.o (QuadDec_TZ_GetCounter)
.\CortexM3\ARM_GCC_541\Debug\AS76_FFP5.a(QuadDec_TZ_INT.o)
                              .\CortexM3\ARM_GCC_541\Debug\AS76_FFP5.a(QuadDec_TZ.o) (QuadDec_TZ_ISR)
.\CortexM3\ARM_GCC_541\Debug\AS76_FFP5.a(PWM_Buzzer.o)
                              .\CortexM3\ARM_GCC_541\Debug\AS76.o (PWM_Buzzer_WriteCompare)
.\CortexM3\ARM_GCC_541\Debug\AS76_FFP5.a(QuadDec_Y.o)
                              .\CortexM3\ARM_GCC_541\Debug\AS76.o (QuadDec_Y_GetCounter)
.\CortexM3\ARM_GCC_541\Debug\AS76_FFP5.a(QuadDec_Y_INT.o)
                              .\CortexM3\ARM_GCC_541\Debug\AS76_FFP5.a(QuadDec_Y.o) (QuadDec_Y_ISR)
[...]
Memory Configuration

Name             Origin             Length             Attributes
rom              0x00000000         0x00040000         xr
ram              0x1fff8000         0x00010000         xrw
*default*        0x00000000         0xffffffff

Linker script and memory map

LOAD c:/program files (x86)/cypress/psoc creator/4.4/psoc creator/import/gnu/arm/5.4.1/bin/../lib/gcc/arm-none-eabi/5.4.1/armv7-m/crti.o
LOAD c:/program files (x86)/cypress/psoc creator/4.4/psoc creator/import/gnu/arm/5.4.1/bin/../lib/gcc/arm-none-eabi/5.4.1/armv7-m/crtbegin.o
LOAD c:/program files (x86)/cypress/psoc creator/4.4/psoc creator/import/gnu/arm/5.4.1/bin/../lib/gcc/arm-none-eabi/5.4.1/../../../../arm-none-eabi/lib/armv7-m/crt0.o
START GROUP
LOAD .\CortexM3\ARM_GCC_541\Debug\main.o
LOAD .\CortexM3\ARM_GCC_541\Debug\AS76.o
LOAD .\CortexM3\ARM_GCC_541\Debug\cyfitter_cfg.o
LOAD .\CortexM3\ARM_GCC_541\Debug\cymetadata.o
LOAD .\CortexM3\ARM_GCC_541\Debug\Cm3Start.o
LOAD .\CortexM3\ARM_GCC_541\Debug\AS76_FFP5.a
LOAD C:\Program Files (x86)\Cypress\PSoC Creator\4.4\PSoC Creator\psoc\content\cycomponentlibrary\CyComponentLibrary.cylib\CortexM3\ARM_GCC_541\Debug\CyComponentLibrary.a
LOAD c:/program files (x86)/cypress/psoc creator/4.4/psoc creator/import/gnu/arm/5.4.1/bin/../lib/gcc/arm-none-eabi/5.4.1/../../../../arm-none-eabi/lib/armv7-m\libm.a
END GROUP
START GROUP
LOAD c:/program files (x86)/cypress/psoc creator/4.4/psoc creator/import/gnu/arm/5.4.1/bin/../lib/gcc/arm-none-eabi/5.4.1/armv7-m\libgcc.a
LOAD c:/program files (x86)/cypress/psoc creator/4.4/psoc creator/import/gnu/arm/5.4.1/bin/../lib/gcc/arm-none-eabi/5.4.1/../../../../arm-none-eabi/lib/armv7-m\libg_nano.a
LOAD c:/program files (x86)/cypress/psoc creator/4.4/psoc creator/import/gnu/arm/5.4.1/bin/../lib/gcc/arm-none-eabi/5.4.1/../../../../arm-none-eabi/lib/armv7-m\libc_nano.a
END GROUP
START GROUP
LOAD c:/program files (x86)/cypress/psoc creator/4.4/psoc creator/import/gnu/arm/5.4.1/bin/../lib/gcc/arm-none-eabi/5.4.1/armv7-m\libgcc.a
LOAD c:/program files (x86)/cypress/psoc creator/4.4/psoc creator/import/gnu/arm/5.4.1/bin/../lib/gcc/arm-none-eabi/5.4.1/../../../../arm-none-eabi/lib/armv7-m\libc_nano.a
END GROUP
LOAD c:/program files (x86)/cypress/psoc creator/4.4/psoc creator/import/gnu/arm/5.4.1/bin/../lib/gcc/arm-none-eabi/5.4.1/armv7-m/crtend.o
LOAD c:/program files (x86)/cypress/psoc creator/4.4/psoc creator/import/gnu/arm/5.4.1/bin/../lib/gcc/arm-none-eabi/5.4.1/armv7-m/crtn.o
START GROUP
LOAD c:/program files (x86)/cypress/psoc creator/4.4/psoc creator/import/gnu/arm/5.4.1/bin/../lib/gcc/arm-none-eabi/5.4.1/armv7-m\libgcc.a
LOAD c:/program files (x86)/cypress/psoc creator/4.4/psoc creator/import/gnu/arm/5.4.1/bin/../lib/gcc/arm-none-eabi/5.4.1/../../../../arm-none-eabi/lib/armv7-m\libc.a
LOAD c:/program files (x86)/cypress/psoc creator/4.4/psoc creator/import/gnu/arm/5.4.1/bin/../lib/gcc/arm-none-eabi/5.4.1/../../../../arm-none-eabi/lib/armv7-m\libnosys.a
END GROUP
                0x00000000                CY_APPL_ORIGIN = 0x0
                0x00000100                CY_FLASH_ROW_SIZE = 0x100
                0x00000020                CY_ECC_ROW_SIZE = 0x20
                0x00000000                CY_EE_IN_BTLDR = 0x0
                0x00000000                CY_APPL_LOADABLE = 0x0
                0x00000800                CY_EE_SIZE = 0x800
                0x00000001                CY_APPL_NUM = 0x1
                0x00000001                CY_APPL_MAX = 0x1
                0x00000040                CY_METADATA_SIZE = 0x40
                0x00000000                CY_APPL_LOADABLE = 0x0
                0x00000000                CY_CHECKSUM_EXCLUDE_SIZE = ALIGN (0x0, CY_FLASH_ROW_SIZE)
                [!provide]                PROVIDE (__cy_heap_start, _end)
                0x00000001                PROVIDE (__cy_region_num, ((__cy_regions_end - __cy_regions) / 0x10))
                0x20008000                PROVIDE (__cy_stack, (ORIGIN (ram) + LENGTH (ram)))
                [!provide]                PROVIDE (__cy_heap_end, (__cy_stack - 0x800))

.cybootloader   0x00000000        0x0
 *(.cybootloader)
                0x00000000                appl1_start = CY_APPL_ORIGIN?CY_APPL_ORIGIN:ALIGN (CY_FLASH_ROW_SIZE)
                0x0001ff00                appl2_start = (appl1_start + ALIGN ((((LENGTH (rom) - appl1_start) - (0x2 * CY_FLASH_ROW_SIZE)) / 0x2), CY_FLASH_ROW_SIZE))
                0x00000000                appl_start = (CY_APPL_NUM == 0x1)?appl1_start:appl2_start
                0x00000000                ecc_offset = ((appl_start / CY_FLASH_ROW_SIZE) * CY_ECC_ROW_SIZE)
                0x00000000                ee_offset = (CY_APPL_LOADABLE && ! (CY_EE_IN_BTLDR))?((CY_EE_SIZE / CY_APPL_MAX) * (CY_APPL_NUM - 0x1)):0x0
                0x00000800                ee_size = (CY_APPL_LOADABLE && ! (CY_EE_IN_BTLDR))?(CY_EE_SIZE / CY_APPL_MAX):CY_EE_SIZE
                [!provide]                PROVIDE (CY_ECC_OFFSET, ecc_offset)

.text           0x00000000     0x6904
 CREATE_OBJECT_SYMBOLS
                0x00000000                PROVIDE (__cy_interrupt_vector, RomVectors)
 *(.romvectors)
 .romvectors    0x00000000       0x10 .\CortexM3\ARM_GCC_541\Debug\Cm3Start.o
                0x00000000                RomVectors
                0x00000001                ASSERT ((. != __cy_interrupt_vector), No interrupt vector)
                0x00000001                ASSERT (CY_APPL_ORIGIN?(SIZEOF (.cybootloader) <= CY_APPL_ORIGIN):0x1, Wrong image location)
                0x00000010                PROVIDE (__cy_reset, Reset)
 *(.text.Reset)
 .text.Reset    0x00000010       0x18 .\CortexM3\ARM_GCC_541\Debug\Cm3Start.o
                0x00000010                Reset
                0x00000001                ASSERT ((. != __cy_reset), No reset code)
 *(.dma_init)
                0x00000001                ASSERT ((((appl_start + .) <= 0x10000) || 0x1), DMA Init must be within the first 64k of flash)
 *(.text .text.* .gnu.linkonce.t.*)
 .text          0x00000028       0x5c c:/program files (x86)/cypress/psoc creator/4.4/psoc creator/import/gnu/arm/5.4.1/bin/../lib/gcc/arm-none-eabi/5.4.1/armv7-m/crtbegin.o
 .text.main     0x00000084       0xf8 .\CortexM3\ARM_GCC_541\Debug\main.o
                0x00000084                main
 .text.wait_interrupt_Handler
                0x0000017c       0x24 .\CortexM3\ARM_GCC_541\Debug\AS76.o
                0x0000017c                wait_interrupt_Handler
 .text.Initialize_PWM
                0x000001a0       0x50 .\CortexM3\ARM_GCC_541\Debug\AS76.o
                0x000001a0                Initialize_PWM
 .text.Enable_Encoder_T
                0x000001f0       0x18 .\CortexM3\ARM_GCC_541\Debug\AS76.o
                0x000001f0                Enable_Encoder_T
 .text.Enable_Encoder_Z
                0x00000208       0x18 .\CortexM3\ARM_GCC_541\Debug\AS76.o
                0x00000208                Enable_Encoder_Z
 .text.Initialize_And_Start_All_Opt_Encoder
                0x00000220       0x2c .\CortexM3\ARM_GCC_541\Debug\AS76.o
                0x00000220                Initialize_And_Start_All_Opt_Encoder
 .text.Read_All_Optical_Encoder
                0x0000024c       0x44 .\CortexM3\ARM_GCC_541\Debug\AS76.o
                0x0000024c                Read_All_Optical_Encoder
 .text.Write_Debug_UART_Char
                0x00000290       0x2c .\CortexM3\ARM_GCC_541\Debug\AS76.o
                0x00000290                Write_Debug_UART_Char
 .text.Beep_Twice
                0x000002bc       0x40 .\CortexM3\ARM_GCC_541\Debug\AS76.o
                0x000002bc                Beep_Twice
 *fill*         0x000002fc        0x4 
 .text.Send_Feedback_to_USB
                0x00000300      0x2f0 .\CortexM3\ARM_GCC_541\Debug\AS76.o
                0x00000300                Send_Feedback_to_USB
 .text.Initialize_USB
                0x000005f0       0x38 .\CortexM3\ARM_GCC_541\Debug\AS76.o
                0x000005f0                Initialize_USB
 .text.Write_Debug_UART_Int
                0x00000628       0x24 .\CortexM3\ARM_GCC_541\Debug\AS76.o
                0x00000628                Write_Debug_UART_Int
 *fill*         0x0000064c        0x4 
 .text.set_BarcodeCondenser_LED
                0x00000650       0x70 .\CortexM3\ARM_GCC_541\Debug\AS76.o
                0x00000650                set_BarcodeCondenser_LED
 .text.set_CondenserLED
                0x000006c0       0x70 .\CortexM3\ARM_GCC_541\Debug\AS76.o
                0x000006c0                set_CondenserLED
 .text.UART_print_all_values
                0x00000730       0x24 .\CortexM3\ARM_GCC_541\Debug\AS76.o
                0x00000730                UART_print_all_values
 .text.if_all_homing_done
                0x00000754       0x7c .\CortexM3\ARM_GCC_541\Debug\AS76.o
                0x00000754                if_all_homing_done
 .text.Is_USB_Unpluged
                0x000007d0       0x40 .\CortexM3\ARM_GCC_541\Debug\AS76.o
                0x000007d0                Is_USB_Unpluged
 .text.Data_To_Transfer
                0x00000810       0x10 .\CortexM3\ARM_GCC_541\Debug\AS76.o
                0x00000810                Data_To_Transfer
 .text.SPI_MOTOR_CHIP_SELECT
                0x00000820       0x98 .\CortexM3\ARM_GCC_541\Debug\AS76.o
                0x00000820                SPI_MOTOR_CHIP_SELECT
 .text.Read_32bitSPI_DATA
                0x000008b8       0xec .\CortexM3\ARM_GCC_541\Debug\AS76.o
                0x000008b8                Read_32bitSPI_DATA
 .text.Write_32bitSPI_DATA
                0x000009a4       0x40 .\CortexM3\ARM_GCC_541\Debug\AS76.o
                0x000009a4                Write_32bitSPI_DATA
 .text.GotoPos  0x000009e4       0x28 .\CortexM3\ARM_GCC_541\Debug\AS76.o
                0x000009e4                GotoPos
 .text.Initialize_Motor
                0x00000a0c      0x288 .\CortexM3\ARM_GCC_541\Debug\AS76.o
                0x00000a0c                Initialize_Motor
 .text.WaitTillPositionReached
                0x00000c94       0x54 .\CortexM3\ARM_GCC_541\Debug\AS76.o
                0x00000c94                WaitTillPositionReached
 .text.Step_correction_x
                0x00000ce8       0xf8 .\CortexM3\ARM_GCC_541\Debug\AS76.o
                0x00000ce8                Step_correction_x
 .text.goTo_X   0x00000de0       0x8c .\CortexM3\ARM_GCC_541\Debug\AS76.o
                0x00000de0                goTo_X
 *fill*         0x00000e6c        0x4 
 .text.Step_correction_y
                0x00000e70       0xf0 .\CortexM3\ARM_GCC_541\Debug\AS76.o
                0x00000e70                Step_correction_y
 .text.goTo_Y   0x00000f60       0x8c .\CortexM3\ARM_GCC_541\Debug\AS76.o
                0x00000f60                goTo_Y
 *fill*         0x00000fec        0x4 
 .text.Step_correction_z
                0x00000ff0       0xf0 .\CortexM3\ARM_GCC_541\Debug\AS76.o
                0x00000ff0                Step_correction_z
 .text.goTo_Z   0x000010e0       0x9c .\CortexM3\ARM_GCC_541\Debug\AS76.o
                0x000010e0                goTo_Z
 *fill*         0x0000117c        0x4 
 .text.Step_correction_t
                0x00001180       0xf0 .\CortexM3\ARM_GCC_541\Debug\AS76.o
                0x00001180                Step_correction_t
 .text.goTo_T   0x00001270       0x9c .\CortexM3\ARM_GCC_541\Debug\AS76.o
                0x00001270                goTo_T
 .text.goTo_XYZ
                0x0000130c       0xa4 .\CortexM3\ARM_GCC_541\Debug\AS76.o
                0x0000130c                goTo_XYZ
 .text.update_max_velocity
                0x000013b0       0x10 .\CortexM3\ARM_GCC_541\Debug\AS76.o
                0x000013b0                update_max_velocity
 .text.homeX    0x000013c0      0x1c0 .\CortexM3\ARM_GCC_541\Debug\AS76.o
                0x000013c0                homeX
 .text.homeY    0x00001580      0x1c0 .\CortexM3\ARM_GCC_541\Debug\AS76.o
                0x00001580                homeY
 .text.homeZ    0x00001740      0x1b4 .\CortexM3\ARM_GCC_541\Debug\AS76.o
                0x00001740                homeZ
 .text.homeT    0x000018f4      0x184 .\CortexM3\ARM_GCC_541\Debug\AS76.o
                0x000018f4                homeT
 .text.run_pump
                0x00001a78      0x1b8 .\CortexM3\ARM_GCC_541\Debug\AS76.o
                0x00001a78                run_pump
 .text.run_pumpvs
                0x00001c30       0x80 .\CortexM3\ARM_GCC_541\Debug\AS76.o
                0x00001c30                run_pumpvs
 .text.Process_USB_Data
                0x00001cb0      0x77c .\CortexM3\ARM_GCC_541\Debug\AS76.o
                0x00001cb0                Process_USB_Data
 .text.CyClockStartupError
                0x0000242c        0x4 .\CortexM3\ARM_GCC_541\Debug\cyfitter_cfg.o
 .text.cfg_write_bytes32
                0x00002430       0x34 .\CortexM3\ARM_GCC_541\Debug\cyfitter_cfg.o
 .text.AnalogSetDefault
                0x00002464       0x28 .\CortexM3\ARM_GCC_541\Debug\cyfitter_cfg.o
 .text.CYMEMZERO
                0x0000248c        0xc .\CortexM3\ARM_GCC_541\Debug\cyfitter_cfg.o
 .text.CYCONFIGCPYCODE
                0x00002498        0x8 .\CortexM3\ARM_GCC_541\Debug\cyfitter_cfg.o
 .text.CYCONFIGCPY
                0x000024a0        0x8 .\CortexM3\ARM_GCC_541\Debug\cyfitter_cfg.o
 .text.ClockSetup
                0x000024a8       0xe8 .\CortexM3\ARM_GCC_541\Debug\cyfitter_cfg.o
 .text.cyfitter_cfg
                0x00002590      0x160 .\CortexM3\ARM_GCC_541\Debug\cyfitter_cfg.o
                0x00002590                cyfitter_cfg
 .text.IntDefaultHandler
                0x000026f0       0x10 .\CortexM3\ARM_GCC_541\Debug\Cm3Start.o
                0x000026f0                IntDefaultHandler
 .text._sbrk    0x00002700       0x30 .\CortexM3\ARM_GCC_541\Debug\Cm3Start.o
                0x00002700                _sbrk
 .text.Start_c  0x00002730       0x4c .\CortexM3\ARM_GCC_541\Debug\Cm3Start.o
                0x00002730                Start_c
 .text.initialize_psoc
                0x0000277c       0x68 .\CortexM3\ARM_GCC_541\Debug\Cm3Start.o
                0x0000277c                initialize_psoc
 .text.Pin_CSMotorX_Write
                0x000027e4       0x18 .\CortexM3\ARM_GCC_541\Debug\AS76_FFP5.a(Pin_CSMotorX.o)
                0x000027e4                Pin_CSMotorX_Write
 .text.Pin_CSMotorY_Write
                0x000027fc       0x18 .\CortexM3\ARM_GCC_541\Debug\AS76_FFP5.a(Pin_CSMotorY.o)
                0x000027fc                Pin_CSMotorY_Write
 .text.Pin_CSMotorZ_Write
                0x00002814       0x18 .\CortexM3\ARM_GCC_541\Debug\AS76_FFP5.a(Pin_CSMotorZ.o)
                0x00002814                Pin_CSMotorZ_Write
 .text.SPIM_EnableTxInt
                0x0000282c        0xc .\CortexM3\ARM_GCC_541\Debug\AS76_FFP5.a(SPIM.o)
                0x0000282c                SPIM_EnableTxInt
 .text.SPIM_EnableRxInt
                0x00002838        0xc .\CortexM3\ARM_GCC_541\Debug\AS76_FFP5.a(SPIM.o)
                0x00002838                SPIM_EnableRxInt
 .text.SPIM_Enable
                0x00002844       0x3c .\CortexM3\ARM_GCC_541\Debug\AS76_FFP5.a(SPIM.o)
                0x00002844                SPIM_Enable
 .text.SPIM_DisableTxInt
                0x00002880        0xc .\CortexM3\ARM_GCC_541\Debug\AS76_FFP5.a(SPIM.o)
                0x00002880                SPIM_DisableTxInt
 .text.SPIM_DisableRxInt
                0x0000288c        0xc .\CortexM3\ARM_GCC_541\Debug\AS76_FFP5.a(SPIM.o)
                0x0000288c                SPIM_DisableRxInt
 .text.SPIM_ReadTxStatus
                0x00002898       0x28 .\CortexM3\ARM_GCC_541\Debug\AS76_FFP5.a(SPIM.o)
                0x00002898                SPIM_ReadTxStatus
 .text.SPIM_ReadRxStatus
                0x000028c0       0x28 .\CortexM3\ARM_GCC_541\Debug\AS76_FFP5.a(SPIM.o)
                0x000028c0                SPIM_ReadRxStatus
 .text.SPIM_WriteTxData
                0x000028e8       0xd4 .\CortexM3\ARM_GCC_541\Debug\AS76_FFP5.a(SPIM.o)
                0x000028e8                SPIM_WriteTxData
 .text.SPIM_ReadRxData
                0x000029bc       0x64 .\CortexM3\ARM_GCC_541\Debug\AS76_FFP5.a(SPIM.o)
                0x000029bc                SPIM_ReadRxData
 .text.SPIM_ClearFIFO
                0x00002a20       0x3c .\CortexM3\ARM_GCC_541\Debug\AS76_FFP5.a(SPIM.o)
                0x00002a20                SPIM_ClearFIFO
 .text.SPIM_Init
                0x00002a5c       0x90 .\CortexM3\ARM_GCC_541\Debug\AS76_FFP5.a(SPIM.o)
                0x00002a5c                SPIM_Init
 .text.SPIM_Start
                0x00002aec       0x1c .\CortexM3\ARM_GCC_541\Debug\AS76_FFP5.a(SPIM.o)
                0x00002aec                SPIM_Start
 .text.SPIM_TX_ISR
                0x00002b08       0xa0 .\CortexM3\ARM_GCC_541\Debug\AS76_FFP5.a(SPIM_INT.o)
                0x00002b08                SPIM_TX_ISR
 .text.SPIM_RX_ISR
                0x00002ba8       0xa0 .\CortexM3\ARM_GCC_541\Debug\AS76_FFP5.a(SPIM_INT.o)
                0x00002ba8                SPIM_RX_ISR
 .text.CyHalt   0x00002c48        0x4 .\CortexM3\ARM_GCC_541\Debug\AS76_FFP5.a(CyLib.o)
                0x00002c48                CyHalt
 .text.CySoftwareReset
                0x00002c4c       0x10 .\CortexM3\ARM_GCC_541\Debug\AS76_FFP5.a(CyLib.o)
                0x00002c4c                CySoftwareReset
 .text.CyDelay  0x00002c5c       0x2c .\CortexM3\ARM_GCC_541\Debug\AS76_FFP5.a(CyLib.o)
                0x00002c5c                CyDelay
 .text.CyDelayUs
                0x00002c88       0x14 .\CortexM3\ARM_GCC_541\Debug\AS76_FFP5.a(CyLib.o)
                0x00002c88                CyDelayUs
 .text.CyIntSetVector
                0x00002c9c       0x28 .\CortexM3\ARM_GCC_541\Debug\AS76_FFP5.a(CyLib.o)
                0x00002c9c                CyIntSetVector
 .text.CyIntSetPriority
                0x00002cc4       0x30 .\CortexM3\ARM_GCC_541\Debug\AS76_FFP5.a(CyLib.o)
                0x00002cc4                CyIntSetPriority
 .text.CyGetUniqueId
                0x00002cf4       0x70 .\CortexM3\ARM_GCC_541\Debug\AS76_FFP5.a(CyLib.o)
                0x00002cf4                CyGetUniqueId
 .text.USB_Init
                0x00002d64      0x140 .\CortexM3\ARM_GCC_541\Debug\AS76_FFP5.a(USB.o)
                0x00002d64                USB_Init
 .text.USB_InitComponent
                0x00002ea4       0xd0 .\CortexM3\ARM_GCC_541\Debug\AS76_FFP5.a(USB.o)
                0x00002ea4                USB_InitComponent
 .text.USB_Start
                0x00002f74       0x24 .\CortexM3\ARM_GCC_541\Debug\AS76_FFP5.a(USB.o)
                0x00002f74                USB_Start
 .text.USB_ReInitComponent
                0x00002f98       0x64 .\CortexM3\ARM_GCC_541\Debug\AS76_FFP5.a(USB.o)
                0x00002f98                USB_ReInitComponent
 .text.USB_GetConfiguration
                0x00002ffc        0xc .\CortexM3\ARM_GCC_541\Debug\AS76_FFP5.a(USB.o)
                0x00002ffc                USB_GetConfiguration
 .text.USB_IsConfigurationChanged
                0x00003008       0x20 .\CortexM3\ARM_GCC_541\Debug\AS76_FFP5.a(USB.o)
                0x00003008                USB_IsConfigurationChanged
 .text.USB_GetEPState
                0x00003028       0x14 .\CortexM3\ARM_GCC_541\Debug\AS76_FFP5.a(USB.o)
                0x00003028                USB_GetEPState
 .text.USB_GetEPCount
                0x0000303c       0x28 .\CortexM3\ARM_GCC_541\Debug\AS76_FFP5.a(USB.o)
                0x0000303c                USB_GetEPCount
 .text.USB_LoadInEP
                0x00003064       0x94 .\CortexM3\ARM_GCC_541\Debug\AS76_FFP5.a(USB.o)
                0x00003064                USB_LoadInEP
 .text.USB_EnableOutEP
                0x000030f8       0x2c .\CortexM3\ARM_GCC_541\Debug\AS76_FFP5.a(USB.o)
                0x000030f8                USB_EnableOutEP
 .text.USB_ReadOutEP
                0x00003124       0x50 .\CortexM3\ARM_GCC_541\Debug\AS76_FFP5.a(USB.o)
                0x00003124                USB_ReadOutEP
 .text.USB_EnableSofInt
                0x00003174       0x10 .\CortexM3\ARM_GCC_541\Debug\AS76_FFP5.a(USB.o)
                0x00003174                USB_EnableSofInt
 .text.USB_GetInterfaceComPort
                0x00003184       0x38 .\CortexM3\ARM_GCC_541\Debug\AS76_FFP5.a(USB_cdc.o)
                0x00003184                USB_GetInterfaceComPort
 .text.USB_DispatchCDCClassRqst
                0x000031bc       0x98 .\CortexM3\ARM_GCC_541\Debug\AS76_FFP5.a(USB_cdc.o)
                0x000031bc                USB_DispatchCDCClassRqst
 .text.USB_CDC_Init
                0x00003254       0x98 .\CortexM3\ARM_GCC_541\Debug\AS76_FFP5.a(USB_cdc.o)
                0x00003254                USB_CDC_Init
 .text.USB_PutData
                0x000032ec       0x50 .\CortexM3\ARM_GCC_541\Debug\AS76_FFP5.a(USB_cdc.o)
                0x000032ec                USB_PutData
 .text.USB_DataIsReady
                0x0000333c       0x18 .\CortexM3\ARM_GCC_541\Debug\AS76_FFP5.a(USB_cdc.o)
                0x0000333c                USB_DataIsReady
 .text.USB_GetAll
                0x00003354       0x30 .\CortexM3\ARM_GCC_541\Debug\AS76_FFP5.a(USB_cdc.o)
                0x00003354                USB_GetAll
 .text.USB_Cdc_EpInit
                0x00003384       0x50 .\CortexM3\ARM_GCC_541\Debug\AS76_FFP5.a(USB_cdc.o)
                0x00003384                USB_Cdc_EpInit
 .text.USB_LoadEP0
                0x000033d4       0x98 .\CortexM3\ARM_GCC_541\Debug\AS76_FFP5.a(USB_drv.o)
                0x000033d4                USB_LoadEP0
 .text.USB_InitZeroLengthControlTransfer
                0x0000346c       0x34 .\CortexM3\ARM_GCC_541\Debug\AS76_FFP5.a(USB_drv.o)
                0x0000346c                USB_InitZeroLengthControlTransfer
 .text.USB_ControlReadDataStage
                0x000034a0        0x8 .\CortexM3\ARM_GCC_541\Debug\AS76_FFP5.a(USB_drv.o)
                0x000034a0                USB_ControlReadDataStage
 .text.USB_ControlWriteDataStage
                0x000034a8       0x84 .\CortexM3\ARM_GCC_541\Debug\AS76_FFP5.a(USB_drv.o)
                0x000034a8                USB_ControlWriteDataStage
 .text.USB_InitNoDataControlTransfer
                0x0000352c       0x2c .\CortexM3\ARM_GCC_541\Debug\AS76_FFP5.a(USB_drv.o)
                0x0000352c                USB_InitNoDataControlTransfer
 .text.USB_UpdateStatusBlock
                0x00003558       0x24 .\CortexM3\ARM_GCC_541\Debug\AS76_FFP5.a(USB_drv.o)
                0x00003558                USB_UpdateStatusBlock
 .text.USB_HandleSetup
                0x0000357c       0x5c .\CortexM3\ARM_GCC_541\Debug\AS76_FFP5.a(USB_drv.o)
                0x0000357c                USB_HandleSetup
 .text.USB_ControlReadStatusStage
                0x000035d8       0x38 .\CortexM3\ARM_GCC_541\Debug\AS76_FFP5.a(USB_drv.o)
                0x000035d8                USB_ControlReadStatusStage
 .text.USB_HandleOUT
                0x00003610       0x38 .\CortexM3\ARM_GCC_541\Debug\AS76_FFP5.a(USB_drv.o)
                0x00003610                USB_HandleOUT
 .text.USB_ControlWriteStatusStage
                0x00003648       0x20 .\CortexM3\ARM_GCC_541\Debug\AS76_FFP5.a(USB_drv.o)
                0x00003648                USB_ControlWriteStatusStage
 .text.USB_NoDataControlStatusStage
                0x00003668       0x40 .\CortexM3\ARM_GCC_541\Debug\AS76_FFP5.a(USB_drv.o)
                0x00003668                USB_NoDataControlStatusStage
 .text.USB_HandleIN
                0x000036a8       0x2c .\CortexM3\ARM_GCC_541\Debug\AS76_FFP5.a(USB_drv.o)
                0x000036a8                USB_HandleIN
 .text.USB_EP_0_ISR
                0x000036d4       0xb8 .\CortexM3\ARM_GCC_541\Debug\AS76_FFP5.a(USB_drv.o)
                0x000036d4                USB_EP_0_ISR
 .text.USB_InitializeStatusBlock
                0x0000378c       0x24 .\CortexM3\ARM_GCC_541\Debug\AS76_FFP5.a(USB_drv.o)
                0x0000378c                USB_InitializeStatusBlock
 .text.USB_InitControlRead
                0x000037b0       0x50 .\CortexM3\ARM_GCC_541\Debug\AS76_FFP5.a(USB_drv.o)
                0x000037b0                USB_InitControlRead
 .text.USB_InitControlWrite
                0x00003800       0x48 .\CortexM3\ARM_GCC_541\Debug\AS76_FFP5.a(USB_drv.o)
                0x00003800                USB_InitControlWrite
 .text.USB_EP_1_ISR
                0x00003848       0x30 .\CortexM3\ARM_GCC_541\Debug\AS76_FFP5.a(USB_episr.o)
                0x00003848                USB_EP_1_ISR
 .text.USB_EP_2_ISR
                0x00003878       0x34 .\CortexM3\ARM_GCC_541\Debug\AS76_FFP5.a(USB_episr.o)
                0x00003878                USB_EP_2_ISR
 .text.USB_EP_3_ISR
                0x000038ac       0x3c .\CortexM3\ARM_GCC_541\Debug\AS76_FFP5.a(USB_episr.o)
                0x000038ac                USB_EP_3_ISR
 .text.USB_SOF_ISR
                0x000038e8        0x4 .\CortexM3\ARM_GCC_541\Debug\AS76_FFP5.a(USB_episr.o)
                0x000038e8                USB_SOF_ISR
 .text.USB_BUS_RESET_ISR
                0x000038ec        0x8 .\CortexM3\ARM_GCC_541\Debug\AS76_FFP5.a(USB_episr.o)
                0x000038ec                USB_BUS_RESET_ISR
 .text.USB_FindHidClassDecriptor
                0x000038f4       0x44 .\CortexM3\ARM_GCC_541\Debug\AS76_FFP5.a(USB_hid.o)
                0x000038f4                USB_FindHidClassDecriptor
 .text.USB_FindReportDescriptor
                0x00003938       0x4c .\CortexM3\ARM_GCC_541\Debug\AS76_FFP5.a(USB_hid.o)
                0x00003938                USB_FindReportDescriptor
 .text.USB_FindReport
                0x00003984       0x80 .\CortexM3\ARM_GCC_541\Debug\AS76_FFP5.a(USB_hid.o)
                0x00003984                USB_FindReport
 .text.USB_DispatchHIDClassRqst
                0x00003a04      0x184 .\CortexM3\ARM_GCC_541\Debug\AS76_FFP5.a(USB_hid.o)
                0x00003a04                USB_DispatchHIDClassRqst
 .text.USB_DP_ISR
                0x00003b88        0x8 .\CortexM3\ARM_GCC_541\Debug\AS76_FFP5.a(USB_pm.o)
                0x00003b88                USB_DP_ISR
 .text.USB_ReadDieID
                0x00003b90       0x6c .\CortexM3\ARM_GCC_541\Debug\AS76_FFP5.a(USB_std.o)
                0x00003b90                USB_ReadDieID
 .text.USB_ConfigReg
                0x00003bfc       0xa4 .\CortexM3\ARM_GCC_541\Debug\AS76_FFP5.a(USB_std.o)
                0x00003bfc                USB_ConfigReg
 .text.USB_GetConfigTablePtr
                0x00003ca0       0x28 .\CortexM3\ARM_GCC_541\Debug\AS76_FFP5.a(USB_std.o)
                0x00003ca0                USB_GetConfigTablePtr
 .text.USB_ConfigAltChanged
                0x00003cc8      0x11c .\CortexM3\ARM_GCC_541\Debug\AS76_FFP5.a(USB_std.o)
                0x00003cc8                USB_ConfigAltChanged
 .text.USB_GetDeviceTablePtr
                0x00003de4       0x18 .\CortexM3\ARM_GCC_541\Debug\AS76_FFP5.a(USB_std.o)
                0x00003de4                USB_GetDeviceTablePtr
 .text.USB_GetInterfaceClassTablePtr
                0x00003dfc       0x28 .\CortexM3\ARM_GCC_541\Debug\AS76_FFP5.a(USB_std.o)
                0x00003dfc                USB_GetInterfaceClassTablePtr
 .text.USB_Config
                0x00003e24      0x1ec .\CortexM3\ARM_GCC_541\Debug\AS76_FFP5.a(USB_std.o)
                0x00003e24                USB_Config
 .text.USB_SetEndpointHalt
                0x00004010       0x64 .\CortexM3\ARM_GCC_541\Debug\AS76_FFP5.a(USB_std.o)
                0x00004010                USB_SetEndpointHalt
 .text.USB_ClearEndpointHalt
                0x00004074       0xac .\CortexM3\ARM_GCC_541\Debug\AS76_FFP5.a(USB_std.o)
                0x00004074                USB_ClearEndpointHalt
 .text.USB_ValidateAlternateSetting
                0x00004120       0x4c .\CortexM3\ARM_GCC_541\Debug\AS76_FFP5.a(USB_std.o)
                0x00004120                USB_ValidateAlternateSetting
 .text.USB_HandleStandardRqst
                0x0000416c      0x35c .\CortexM3\ARM_GCC_541\Debug\AS76_FFP5.a(USB_std.o)
                0x0000416c                USB_HandleStandardRqst
 .text.USB_HandleVendorRqst
                0x000044c8       0x3c .\CortexM3\ARM_GCC_541\Debug\AS76_FFP5.a(USB_vnd.o)
                0x000044c8                USB_HandleVendorRqst
 .text.USB_Dp_ClearInterrupt
                0x00004504       0x10 .\CortexM3\ARM_GCC_541\Debug\AS76_FFP5.a(USB_Dp.o)
                0x00004504                USB_Dp_ClearInterrupt
 .text.PWM_CondenserLED_Enable
                0x00004514       0x28 .\CortexM3\ARM_GCC_541\Debug\AS76_FFP5.a(PWM_CondenserLED.o)
                0x00004514                PWM_CondenserLED_Enable
 .text.PWM_CondenserLED_WritePeriod
                0x0000453c        0xc .\CortexM3\ARM_GCC_541\Debug\AS76_FFP5.a(PWM_CondenserLED.o)
                0x0000453c                PWM_CondenserLED_WritePeriod
 .text.PWM_CondenserLED_WriteCompare
                0x00004548        0xc .\CortexM3\ARM_GCC_541\Debug\AS76_FFP5.a(PWM_CondenserLED.o)
                0x00004548                PWM_CondenserLED_WriteCompare
 .text.PWM_CondenserLED_SetInterruptMode
                0x00004554        0xc .\CortexM3\ARM_GCC_541\Debug\AS76_FFP5.a(PWM_CondenserLED.o)
                0x00004554                PWM_CondenserLED_SetInterruptMode
 .text.PWM_CondenserLED_Init
                0x00004560       0x74 .\CortexM3\ARM_GCC_541\Debug\AS76_FFP5.a(PWM_CondenserLED.o)
                0x00004560                PWM_CondenserLED_Init
 .text.PWM_CondenserLED_Start
                0x000045d4       0x1c .\CortexM3\ARM_GCC_541\Debug\AS76_FFP5.a(PWM_CondenserLED.o)
                0x000045d4                PWM_CondenserLED_Start
 .text.SPIM_IntClock_Start
                0x000045f0       0x1c .\CortexM3\ARM_GCC_541\Debug\AS76_FFP5.a(SPIM_IntClock.o)
                0x000045f0                SPIM_IntClock_Start
 .text.QuadDec_X_Init
                0x0000460c       0x24 .\CortexM3\ARM_GCC_541\Debug\AS76_FFP5.a(QuadDec_X.o)
                0x0000460c                QuadDec_X_Init
 .text.QuadDec_X_GetCounter
                0x00004630       0x2c .\CortexM3\ARM_GCC_541\Debug\AS76_FFP5.a(QuadDec_X.o)
                0x00004630                QuadDec_X_GetCounter
 .text.QuadDec_X_SetCounter
                0x0000465c       0x28 .\CortexM3\ARM_GCC_541\Debug\AS76_FFP5.a(QuadDec_X.o)
                0x0000465c                QuadDec_X_SetCounter
 .text.QuadDec_X_GetEvents
                0x00004684       0x10 .\CortexM3\ARM_GCC_541\Debug\AS76_FFP5.a(QuadDec_X.o)
                0x00004684                QuadDec_X_GetEvents
 .text.QuadDec_X_SetInterruptMask
                0x00004694       0x10 .\CortexM3\ARM_GCC_541\Debug\AS76_FFP5.a(QuadDec_X.o)
                0x00004694                QuadDec_X_SetInterruptMask
 .text.QuadDec_X_Enable
                0x000046a4       0x30 .\CortexM3\ARM_GCC_541\Debug\AS76_FFP5.a(QuadDec_X.o)
                0x000046a4                QuadDec_X_Enable
 .text.QuadDec_X_Start
                0x000046d4       0x34 .\CortexM3\ARM_GCC_541\Debug\AS76_FFP5.a(QuadDec_X.o)
                0x000046d4                QuadDec_X_Start
 .text.QuadDec_X_ISR
                0x00004708       0x40 .\CortexM3\ARM_GCC_541\Debug\AS76_FFP5.a(QuadDec_X_INT.o)
                0x00004708                QuadDec_X_ISR
 .text.QuadDec_X_Cnt16_Enable
                0x00004748       0x10 .\CortexM3\ARM_GCC_541\Debug\AS76_FFP5.a(QuadDec_X_Cnt16.o)
                0x00004748                QuadDec_X_Cnt16_Enable
 .text.QuadDec_X_Cnt16_SetInterruptMode
                0x00004758        0xc .\CortexM3\ARM_GCC_541\Debug\AS76_FFP5.a(QuadDec_X_Cnt16.o)
                0x00004758                QuadDec_X_Cnt16_SetInterruptMode
 .text.QuadDec_X_Cnt16_ReadStatusRegister
                0x00004764        0xc .\CortexM3\ARM_GCC_541\Debug\AS76_FFP5.a(QuadDec_X_Cnt16.o)
                0x00004764                QuadDec_X_Cnt16_ReadStatusRegister
 .text.QuadDec_X_Cnt16_WriteCounter
                0x00004770        0xc .\CortexM3\ARM_GCC_541\Debug\AS76_FFP5.a(QuadDec_X_Cnt16.o)
                0x00004770                QuadDec_X_Cnt16_WriteCounter
 .text.QuadDec_X_Cnt16_ReadCounter
                0x0000477c       0x14 .\CortexM3\ARM_GCC_541\Debug\AS76_FFP5.a(QuadDec_X_Cnt16.o)
                0x0000477c                QuadDec_X_Cnt16_ReadCounter
 .text.QuadDec_X_Cnt16_ReadCapture
                0x00004790        0xc .\CortexM3\ARM_GCC_541\Debug\AS76_FFP5.a(QuadDec_X_Cnt16.o)
                0x00004790                QuadDec_X_Cnt16_ReadCapture
 .text.QuadDec_X_Cnt16_WritePeriod
                0x0000479c        0xc .\CortexM3\ARM_GCC_541\Debug\AS76_FFP5.a(QuadDec_X_Cnt16.o)
                0x0000479c                QuadDec_X_Cnt16_WritePeriod
 .text.QuadDec_X_Cnt16_WriteCompare
                0x000047a8        0xc .\CortexM3\ARM_GCC_541\Debug\AS76_FFP5.a(QuadDec_X_Cnt16.o)
                0x000047a8                QuadDec_X_Cnt16_WriteCompare
 .text.QuadDec_X_Cnt16_ClearFIFO
                0x000047b4       0x14 .\CortexM3\ARM_GCC_541\Debug\AS76_FFP5.a(QuadDec_X_Cnt16.o)
                0x000047b4                QuadDec_X_Cnt16_ClearFIFO
 .text.QuadDec_X_Cnt16_Init
                0x000047c8       0x58 .\CortexM3\ARM_GCC_541\Debug\AS76_FFP5.a(QuadDec_X_Cnt16.o)
                0x000047c8                QuadDec_X_Cnt16_Init
 .text.QuadDec_X_Cnt16_Start
                0x00004820       0x1c .\CortexM3\ARM_GCC_541\Debug\AS76_FFP5.a(QuadDec_X_Cnt16.o)
                0x00004820                QuadDec_X_Cnt16_Start
 .text.UART_PCB_LOG_Init
                0x0000483c       0x44 .\CortexM3\ARM_GCC_541\Debug\AS76_FFP5.a(UART_PCB_LOG.o)
                0x0000483c                UART_PCB_LOG_Init
 .text.UART_PCB_LOG_Enable
                0x00004880       0x44 .\CortexM3\ARM_GCC_541\Debug\AS76_FFP5.a(UART_PCB_LOG.o)
                0x00004880                UART_PCB_LOG_Enable
 .text.UART_PCB_LOG_Start
                0x000048c4       0x1c .\CortexM3\ARM_GCC_541\Debug\AS76_FFP5.a(UART_PCB_LOG.o)
                0x000048c4                UART_PCB_LOG_Start
 .text.UART_PCB_LOG_PutChar
                0x000048e0       0x18 .\CortexM3\ARM_GCC_541\Debug\AS76_FFP5.a(UART_PCB_LOG.o)
                0x000048e0                UART_PCB_LOG_PutChar
 .text.UART_PCB_LOG_PutString
                0x000048f8       0x24 .\CortexM3\ARM_GCC_541\Debug\AS76_FFP5.a(UART_PCB_LOG.o)
                0x000048f8                UART_PCB_LOG_PutString
 .text.UART_PCB_LOG_RXISR
                0x0000491c       0x98 .\CortexM3\ARM_GCC_541\Debug\AS76_FFP5.a(UART_PCB_LOG_INT.o)
                0x0000491c                UART_PCB_LOG_RXISR
 .text.UART_PCB_LOG_IntClock_Start
                0x000049b4       0x1c .\CortexM3\ARM_GCC_541\Debug\AS76_FFP5.a(UART_PCB_LOG_IntClock.o)
                0x000049b4                UART_PCB_LOG_IntClock_Start
 .text.Pin_Backlight_Write
                0x000049d0       0x18 .\CortexM3\ARM_GCC_541\Debug\AS76_FFP5.a(Pin_Backlight.o)
                0x000049d0                Pin_Backlight_Write
 .text.LED2_Write
                0x000049e8       0x18 .\CortexM3\ARM_GCC_541\Debug\AS76_FFP5.a(LED2.o)
                0x000049e8                LED2_Write
 .text.Pin_CSMotorO_Write
                0x00004a00       0x18 .\CortexM3\ARM_GCC_541\Debug\AS76_FFP5.a(Pin_CSMotorO.o)
                0x00004a00                Pin_CSMotorO_Write
 .text.Pin_CSMotorT_Write
                0x00004a18       0x18 .\CortexM3\ARM_GCC_541\Debug\AS76_FFP5.a(Pin_CSMotorT.o)
                0x00004a18                Pin_CSMotorT_Write
 .text.QuadDec_TZ_Init
                0x00004a30       0x24 .\CortexM3\ARM_GCC_541\Debug\AS76_FFP5.a(QuadDec_TZ.o)
                0x00004a30                QuadDec_TZ_Init
 .text.QuadDec_TZ_GetCounter
                0x00004a54       0x2c .\CortexM3\ARM_GCC_541\Debug\AS76_FFP5.a(QuadDec_TZ.o)
                0x00004a54                QuadDec_TZ_GetCounter
 .text.QuadDec_TZ_SetCounter
                0x00004a80       0x28 .\CortexM3\ARM_GCC_541\Debug\AS76_FFP5.a(QuadDec_TZ.o)
                0x00004a80                QuadDec_TZ_SetCounter
 .text.QuadDec_TZ_GetEvents
                0x00004aa8       0x10 .\CortexM3\ARM_GCC_541\Debug\AS76_FFP5.a(QuadDec_TZ.o)
                0x00004aa8                QuadDec_TZ_GetEvents
 .text.QuadDec_TZ_SetInterruptMask
                0x00004ab8       0x10 .\CortexM3\ARM_GCC_541\Debug\AS76_FFP5.a(QuadDec_TZ.o)
                0x00004ab8                QuadDec_TZ_SetInterruptMask
 .text.QuadDec_TZ_Enable
                0x00004ac8       0x30 .\CortexM3\ARM_GCC_541\Debug\AS76_FFP5.a(QuadDec_TZ.o)
                0x00004ac8                QuadDec_TZ_Enable
 .text.QuadDec_TZ_Start
                0x00004af8       0x34 .\CortexM3\ARM_GCC_541\Debug\AS76_FFP5.a(QuadDec_TZ.o)
                0x00004af8                QuadDec_TZ_Start
 .text.QuadDec_TZ_ISR
                0x00004b2c       0x40 .\CortexM3\ARM_GCC_541\Debug\AS76_FFP5.a(QuadDec_TZ_INT.o)
                0x00004b2c                QuadDec_TZ_ISR
 .text.PWM_Buzzer_Enable
                0x00004b6c       0x28 .\CortexM3\ARM_GCC_541\Debug\AS76_FFP5.a(PWM_Buzzer.o)
                0x00004b6c                PWM_Buzzer_Enable
 .text.PWM_Buzzer_WritePeriod
                0x00004b94        0xc .\CortexM3\ARM_GCC_541\Debug\AS76_FFP5.a(PWM_Buzzer.o)
                0x00004b94                PWM_Buzzer_WritePeriod
 .text.PWM_Buzzer_WriteCompare
                0x00004ba0        0xc .\CortexM3\ARM_GCC_541\Debug\AS76_FFP5.a(PWM_Buzzer.o)
                0x00004ba0                PWM_Buzzer_WriteCompare
 .text.PWM_Buzzer_SetInterruptMode
                0x00004bac        0xc .\CortexM3\ARM_GCC_541\Debug\AS76_FFP5.a(PWM_Buzzer.o)
                0x00004bac                PWM_Buzzer_SetInterruptMode
 .text.PWM_Buzzer_Init
                0x00004bb8       0x74 .\CortexM3\ARM_GCC_541\Debug\AS76_FFP5.a(PWM_Buzzer.o)
                0x00004bb8                PWM_Buzzer_Init
 .text.PWM_Buzzer_Start
                0x00004c2c       0x1c .\CortexM3\ARM_GCC_541\Debug\AS76_FFP5.a(PWM_Buzzer.o)
                0x00004c2c                PWM_Buzzer_Start
 .text.QuadDec_Y_Init
                0x00004c48       0x24 .\CortexM3\ARM_GCC_541\Debug\AS76_FFP5.a(QuadDec_Y.o)
                0x00004c48                QuadDec_Y_Init
 .text.QuadDec_Y_GetCounter
                0x00004c6c       0x2c .\CortexM3\ARM_GCC_541\Debug\AS76_FFP5.a(QuadDec_Y.o)
                0x00004c6c                QuadDec_Y_GetCounter
 .text.QuadDec_Y_SetCounter
                0x00004c98       0x28 .\CortexM3\ARM_GCC_541\Debug\AS76_FFP5.a(QuadDec_Y.o)
                0x00004c98                QuadDec_Y_SetCounter
 .text.QuadDec_Y_GetEvents
                0x00004cc0       0x10 .\CortexM3\ARM_GCC_541\Debug\AS76_FFP5.a(QuadDec_Y.o)
                0x00004cc0                QuadDec_Y_GetEvents
 .text.QuadDec_Y_SetInterruptMask
                0x00004cd0       0x10 .\CortexM3\ARM_GCC_541\Debug\AS76_FFP5.a(QuadDec_Y.o)
                0x00004cd0                QuadDec_Y_SetInterruptMask
 .text.QuadDec_Y_Enable
                0x00004ce0       0x30 .\CortexM3\ARM_GCC_541\Debug\AS76_FFP5.a(QuadDec_Y.o)
                0x00004ce0                QuadDec_Y_Enable
 .text.QuadDec_Y_Start
                0x00004d10       0x34 .\CortexM3\ARM_GCC_541\Debug\AS76_FFP5.a(QuadDec_Y.o)
                0x00004d10                QuadDec_Y_Start
 .text.QuadDec_Y_ISR
                0x00004d44       0x40 .\CortexM3\ARM_GCC_541\Debug\AS76_FFP5.a(QuadDec_Y_INT.o)
                0x00004d44                QuadDec_Y_ISR
 .text.PWM_BarcodeCondenser_LED_Enable
                0x00004d84       0x28 .\CortexM3\ARM_GCC_541\Debug\AS76_FFP5.a(PWM_BarcodeCondenser_LED.o)
                0x00004d84                PWM_BarcodeCondenser_LED_Enable
 .text.PWM_BarcodeCondenser_LED_WritePeriod
                0x00004dac        0xc .\CortexM3\ARM_GCC_541\Debug\AS76_FFP5.a(PWM_BarcodeCondenser_LED.o)
                0x00004dac                PWM_BarcodeCondenser_LED_WritePeriod
 .text.PWM_BarcodeCondenser_LED_WriteCompare
                0x00004db8        0xc .\CortexM3\ARM_GCC_541\Debug\AS76_FFP5.a(PWM_BarcodeCondenser_LED.o)
                0x00004db8                PWM_BarcodeCondenser_LED_WriteCompare
 .text.PWM_BarcodeCondenser_LED_SetInterruptMode
                0x00004dc4        0xc .\CortexM3\ARM_GCC_541\Debug\AS76_FFP5.a(PWM_BarcodeCondenser_LED.o)
                0x00004dc4                PWM_BarcodeCondenser_LED_SetInterruptMode
 .text.PWM_BarcodeCondenser_LED_Init
                0x00004dd0       0x74 .\CortexM3\ARM_GCC_541\Debug\AS76_FFP5.a(PWM_BarcodeCondenser_LED.o)
                0x00004dd0                PWM_BarcodeCondenser_LED_Init
 .text.PWM_BarcodeCondenser_LED_Start
                0x00004e44       0x1c .\CortexM3\ARM_GCC_541\Debug\AS76_FFP5.a(PWM_BarcodeCondenser_LED.o)
                0x00004e44                PWM_BarcodeCondenser_LED_Start
 .text.LED3_Write
                0x00004e60       0x18 .\CortexM3\ARM_GCC_541\Debug\AS76_FFP5.a(LED3.o)
                0x00004e60                LED3_Write
 .text.Encoder_T_Z_Select_Write
                0x00004e78        0xc .\CortexM3\ARM_GCC_541\Debug\AS76_FFP5.a(Encoder_T_Z_Select.o)
                0x00004e78                Encoder_T_Z_Select_Write
 .text.TMC5160_MotorX_EN_Write
                0x00004e84       0x18 .\CortexM3\ARM_GCC_541\Debug\AS76_FFP5.a(TMC5160_MotorX_EN.o)
                0x00004e84                TMC5160_MotorX_EN_Write
 .text.TMC5160_MotorY_EN_Write
                0x00004e9c       0x18 .\CortexM3\ARM_GCC_541\Debug\AS76_FFP5.a(TMC5160_MotorY_EN.o)
                0x00004e9c                TMC5160_MotorY_EN_Write
 .text.TMC5160_MotorZ_EN_Write
                0x00004eb4       0x18 .\CortexM3\ARM_GCC_541\Debug\AS76_FFP5.a(TMC5160_MotorZ_EN.o)
                0x00004eb4                TMC5160_MotorZ_EN_Write
 .text.TMC5160_MotorT_EN_Write
                0x00004ecc       0x18 .\CortexM3\ARM_GCC_541\Debug\AS76_FFP5.a(TMC5160_MotorT_EN.o)
                0x00004ecc                TMC5160_MotorT_EN_Write
 .text.TMC5160_MotorO_EN_Write
                0x00004ee4       0x18 .\CortexM3\ARM_GCC_541\Debug\AS76_FFP5.a(TMC5160_MotorO_EN.o)
                0x00004ee4                TMC5160_MotorO_EN_Write
 .text.QuadDec_TZ_Cnt16_Enable
                0x00004efc       0x10 .\CortexM3\ARM_GCC_541\Debug\AS76_FFP5.a(QuadDec_TZ_Cnt16.o)
                0x00004efc                QuadDec_TZ_Cnt16_Enable
 .text.QuadDec_TZ_Cnt16_SetInterruptMode
                0x00004f0c        0xc .\CortexM3\ARM_GCC_541\Debug\AS76_FFP5.a(QuadDec_TZ_Cnt16.o)
                0x00004f0c                QuadDec_TZ_Cnt16_SetInterruptMode
 .text.QuadDec_TZ_Cnt16_ReadStatusRegister
                0x00004f18        0xc .\CortexM3\ARM_GCC_541\Debug\AS76_FFP5.a(QuadDec_TZ_Cnt16.o)
                0x00004f18                QuadDec_TZ_Cnt16_ReadStatusRegister
 .text.QuadDec_TZ_Cnt16_WriteCounter
                0x00004f24        0xc .\CortexM3\ARM_GCC_541\Debug\AS76_FFP5.a(QuadDec_TZ_Cnt16.o)
                0x00004f24                QuadDec_TZ_Cnt16_WriteCounter
 .text.QuadDec_TZ_Cnt16_ReadCounter
                0x00004f30       0x14 .\CortexM3\ARM_GCC_541\Debug\AS76_FFP5.a(QuadDec_TZ_Cnt16.o)
                0x00004f30                QuadDec_TZ_Cnt16_ReadCounter
 .text.QuadDec_TZ_Cnt16_ReadCapture
                0x00004f44        0xc .\CortexM3\ARM_GCC_541\Debug\AS76_FFP5.a(QuadDec_TZ_Cnt16.o)
                0x00004f44                QuadDec_TZ_Cnt16_ReadCapture
 .text.QuadDec_TZ_Cnt16_WritePeriod
                0x00004f50        0xc .\CortexM3\ARM_GCC_541\Debug\AS76_FFP5.a(QuadDec_TZ_Cnt16.o)
                0x00004f50                QuadDec_TZ_Cnt16_WritePeriod
 .text.QuadDec_TZ_Cnt16_WriteCompare
                0x00004f5c        0xc .\CortexM3\ARM_GCC_541\Debug\AS76_FFP5.a(QuadDec_TZ_Cnt16.o)
                0x00004f5c                QuadDec_TZ_Cnt16_WriteCompare
 .text.QuadDec_TZ_Cnt16_ClearFIFO
                0x00004f68       0x14 .\CortexM3\ARM_GCC_541\Debug\AS76_FFP5.a(QuadDec_TZ_Cnt16.o)
                0x00004f68                QuadDec_TZ_Cnt16_ClearFIFO
 .text.QuadDec_TZ_Cnt16_Init
                0x00004f7c       0x58 .\CortexM3\ARM_GCC_541\Debug\AS76_FFP5.a(QuadDec_TZ_Cnt16.o)
                0x00004f7c                QuadDec_TZ_Cnt16_Init
 .text.QuadDec_TZ_Cnt16_Start
                0x00004fd4       0x1c .\CortexM3\ARM_GCC_541\Debug\AS76_FFP5.a(QuadDec_TZ_Cnt16.o)
                0x00004fd4                QuadDec_TZ_Cnt16_Start
 .text.QuadDec_Y_Cnt16_Enable
                0x00004ff0       0x10 .\CortexM3\ARM_GCC_541\Debug\AS76_FFP5.a(QuadDec_Y_Cnt16.o)
                0x00004ff0                QuadDec_Y_Cnt16_Enable
 .text.QuadDec_Y_Cnt16_SetInterruptMode
                0x00005000        0xc .\CortexM3\ARM_GCC_541\Debug\AS76_FFP5.a(QuadDec_Y_Cnt16.o)
                0x00005000                QuadDec_Y_Cnt16_SetInterruptMode
 .text.QuadDec_Y_Cnt16_ReadStatusRegister
                0x0000500c        0xc .\CortexM3\ARM_GCC_541\Debug\AS76_FFP5.a(QuadDec_Y_Cnt16.o)
                0x0000500c                QuadDec_Y_Cnt16_ReadStatusRegister
 .text.QuadDec_Y_Cnt16_WriteCounter
                0x00005018        0xc .\CortexM3\ARM_GCC_541\Debug\AS76_FFP5.a(QuadDec_Y_Cnt16.o)
                0x00005018                QuadDec_Y_Cnt16_WriteCounter
 .text.QuadDec_Y_Cnt16_ReadCounter
                0x00005024       0x14 .\CortexM3\ARM_GCC_541\Debug\AS76_FFP5.a(QuadDec_Y_Cnt16.o)
                0x00005024                QuadDec_Y_Cnt16_ReadCounter
 .text.QuadDec_Y_Cnt16_ReadCapture
                0x00005038        0xc .\CortexM3\ARM_GCC_541\Debug\AS76_FFP5.a(QuadDec_Y_Cnt16.o)
                0x00005038                QuadDec_Y_Cnt16_ReadCapture
 .text.QuadDec_Y_Cnt16_WritePeriod
                0x00005044        0xc .\CortexM3\ARM_GCC_541\Debug\AS76_FFP5.a(QuadDec_Y_Cnt16.o)
                0x00005044                QuadDec_Y_Cnt16_WritePeriod
 .text.QuadDec_Y_Cnt16_WriteCompare
                0x00005050        0xc .\CortexM3\ARM_GCC_541\Debug\AS76_FFP5.a(QuadDec_Y_Cnt16.o)
                0x00005050                QuadDec_Y_Cnt16_WriteCompare
 .text.QuadDec_Y_Cnt16_ClearFIFO
                0x0000505c       0x14 .\CortexM3\ARM_GCC_541\Debug\AS76_FFP5.a(QuadDec_Y_Cnt16.o)
                0x0000505c                QuadDec_Y_Cnt16_ClearFIFO
 .text.QuadDec_Y_Cnt16_Init
                0x00005070       0x58 .\CortexM3\ARM_GCC_541\Debug\AS76_FFP5.a(QuadDec_Y_Cnt16.o)
                0x00005070                QuadDec_Y_Cnt16_Init
 .text.QuadDec_Y_Cnt16_Start
                0x000050c8       0x1c .\CortexM3\ARM_GCC_541\Debug\AS76_FFP5.a(QuadDec_Y_Cnt16.o)
                0x000050c8                QuadDec_Y_Cnt16_Start
 .text.wait_timer_Enable
                0x000050e4       0x28 .\CortexM3\ARM_GCC_541\Debug\AS76_FFP5.a(wait_timer.o)
                0x000050e4                wait_timer_Enable
 .text.wait_timer_Stop
                0x0000510c       0x28 .\CortexM3\ARM_GCC_541\Debug\AS76_FFP5.a(wait_timer.o)
                0x0000510c                wait_timer_Stop
 .text.wait_timer_SetInterruptMode
                0x00005134        0xc .\CortexM3\ARM_GCC_541\Debug\AS76_FFP5.a(wait_timer.o)
                0x00005134                wait_timer_SetInterruptMode
 .text.wait_timer_WritePeriod
                0x00005140        0xc .\CortexM3\ARM_GCC_541\Debug\AS76_FFP5.a(wait_timer.o)
                0x00005140                wait_timer_WritePeriod
 .text.wait_timer_WriteCounter
                0x0000514c        0xc .\CortexM3\ARM_GCC_541\Debug\AS76_FFP5.a(wait_timer.o)
                0x0000514c                wait_timer_WriteCounter
 .text.wait_timer_Init
                0x00005158       0x68 .\CortexM3\ARM_GCC_541\Debug\AS76_FFP5.a(wait_timer.o)
                0x00005158                wait_timer_Init
 .text.wait_timer_Start
                0x000051c0       0x1c .\CortexM3\ARM_GCC_541\Debug\AS76_FFP5.a(wait_timer.o)
                0x000051c0                wait_timer_Start
 .text.wait_interrupt_SetVector
                0x000051dc        0xc .\CortexM3\ARM_GCC_541\Debug\AS76_FFP5.a(wait_interrupt.o)
                0x000051dc                wait_interrupt_SetVector
 .text.wait_interrupt_SetPriority
                0x000051e8       0x10 .\CortexM3\ARM_GCC_541\Debug\AS76_FFP5.a(wait_interrupt.o)
                0x000051e8                wait_interrupt_SetPriority
 .text.wait_interrupt_Enable
                0x000051f8       0x10 .\CortexM3\ARM_GCC_541\Debug\AS76_FFP5.a(wait_interrupt.o)
                0x000051f8                wait_interrupt_Enable
 .text.wait_interrupt_Disable
                0x00005208       0x10 .\CortexM3\ARM_GCC_541\Debug\AS76_FFP5.a(wait_interrupt.o)
                0x00005208                wait_interrupt_Disable
 .text.wait_interrupt_StartEx
                0x00005218       0x1c .\CortexM3\ARM_GCC_541\Debug\AS76_FFP5.a(wait_interrupt.o)
                0x00005218                wait_interrupt_StartEx
 *fill*         0x00005234        0x4 
 .text          0x00005238       0x20 .\CortexM3\ARM_GCC_541\Debug\AS76_FFP5.a(CyBootAsmGnu.o)
                0x00005238                CyDelayCycles
                0x00005248                CyEnterCriticalSection
                0x00005250                CyExitCriticalSection
 .text.USB_DispatchClassRqst
                0x00005258       0x68 .\CortexM3\ARM_GCC_541\Debug\AS76_FFP5.a(USB_cls.o)
                0x00005258                USB_DispatchClassRqst
 .text          0x000052c0      0x370 c:/program files (x86)/cypress/psoc creator/4.4/psoc creator/import/gnu/arm/5.4.1/bin/../lib/gcc/arm-none-eabi/5.4.1/armv7-m\libgcc.a(_arm_addsubdf3.o)
                0x000052c0                __aeabi_drsub
                0x000052c8                __aeabi_dsub
                0x000052c8                __subdf3
                0x000052cc                __aeabi_dadd
                0x000052cc                __adddf3
                0x00005544                __floatunsidf
                0x00005544                __aeabi_ui2d
                0x00005564                __floatsidf
                0x00005564                __aeabi_i2d
                0x00005588                __aeabi_f2d
                0x00005588                __extendsfdf2
                0x000055c4                __floatundidf
                0x000055c4                __aeabi_ul2d
                0x000055d4                __floatdidf
                0x000055d4                __aeabi_l2d
 .text          0x00005630      0x424 c:/program files (x86)/cypress/psoc creator/4.4/psoc creator/import/gnu/arm/5.4.1/bin/../lib/gcc/arm-none-eabi/5.4.1/armv7-m\libgcc.a(_arm_muldivdf3.o)
                0x00005630                __aeabi_dmul
                0x00005630                __muldf3
                0x00005884                __divdf3
                0x00005884                __aeabi_ddiv
 .text          0x00005a54       0x50 c:/program files (x86)/cypress/psoc creator/4.4/psoc creator/import/gnu/arm/5.4.1/bin/../lib/gcc/arm-none-eabi/5.4.1/armv7-m\libgcc.a(_arm_fixdfsi.o)
                0x00005a54                __aeabi_d2iz
                0x00005a54                __fixdfsi
 .text          0x00005aa4       0x40 c:/program files (x86)/cypress/psoc creator/4.4/psoc creator/import/gnu/arm/5.4.1/bin/../lib/gcc/arm-none-eabi/5.4.1/armv7-m\libgcc.a(_arm_fixunsdfsi.o)
                0x00005aa4                __aeabi_d2uiz
                0x00005aa4                __fixunsdfsi
 .text          0x00005ae4      0x21c c:/program files (x86)/cypress/psoc creator/4.4/psoc creator/import/gnu/arm/5.4.1/bin/../lib/gcc/arm-none-eabi/5.4.1/armv7-m\libgcc.a(_arm_addsubsf3.o)
                0x00005ae4                __aeabi_frsub
                0x00005aec                __subsf3
                0x00005aec                __aeabi_fsub
                0x00005af0                __aeabi_fadd
                0x00005af0                __addsf3
                0x00005c50                __aeabi_ui2f
                0x00005c50                __floatunsisf
                0x00005c58                __aeabi_i2f
                0x00005c58                __floatsisf
                0x00005c74                __aeabi_ul2f
                0x00005c74                __floatundisf
                0x00005c84                __aeabi_l2f
                0x00005c84                __floatdisf
 .text          0x00005d00      0x2a0 c:/program files (x86)/cypress/psoc creator/4.4/psoc creator/import/gnu/arm/5.4.1/bin/../lib/gcc/arm-none-eabi/5.4.1/armv7-m\libgcc.a(_arm_muldivsf3.o)
                0x00005d00                __mulsf3
                0x00005d00                __aeabi_fmul
                0x00005e68                __aeabi_fdiv
                0x00005e68                __divsf3
 .text          0x00005fa0       0x4c c:/program files (x86)/cypress/psoc creator/4.4/psoc creator/import/gnu/arm/5.4.1/bin/../lib/gcc/arm-none-eabi/5.4.1/armv7-m\libgcc.a(_arm_fixsfsi.o)
                0x00005fa0                __aeabi_f2iz
                0x00005fa0                __fixsfsi
 .text.__errno  0x00005fec        0xc c:/program files (x86)/cypress/psoc creator/4.4/psoc creator/import/gnu/arm/5.4.1/bin/../lib/gcc/arm-none-eabi/5.4.1/../../../../arm-none-eabi/lib/armv7-m\libg_nano.a(lib_a-errno.o)
                0x00005fec                __errno
 .text.__libc_init_array
                0x00005ff8       0x4c c:/program files (x86)/cypress/psoc creator/4.4/psoc creator/import/gnu/arm/5.4.1/bin/../lib/gcc/arm-none-eabi/5.4.1/../../../../arm-none-eabi/lib/armv7-m\libg_nano.a(lib_a-init.o)
                0x00005ff8                __libc_init_array
 .text.memcpy   0x00006044       0x16 c:/program files (x86)/cypress/psoc creator/4.4/psoc creator/import/gnu/arm/5.4.1/bin/../lib/gcc/arm-none-eabi/5.4.1/../../../../arm-none-eabi/lib/armv7-m\libg_nano.a(lib_a-memcpy-stub.o)
                0x00006044                memcpy
 .text.memset   0x0000605a       0x10 c:/program files (x86)/cypress/psoc creator/4.4/psoc creator/import/gnu/arm/5.4.1/bin/../lib/gcc/arm-none-eabi/5.4.1/../../../../arm-none-eabi/lib/armv7-m\libg_nano.a(lib_a-memset.o)
                0x0000605a                memset
 *fill*         0x0000606a        0x2 
 .text.sprintf  0x0000606c       0x48 c:/program files (x86)/cypress/psoc creator/4.4/psoc creator/import/gnu/arm/5.4.1/bin/../lib/gcc/arm-none-eabi/5.4.1/../../../../arm-none-eabi/lib/armv7-m\libg_nano.a(lib_a-sprintf.o)
                0x0000606c                siprintf
                0x0000606c                sprintf
 .text.strncmp  0x000060b4       0x2a c:/program files (x86)/cypress/psoc creator/4.4/psoc creator/import/gnu/arm/5.4.1/bin/../lib/gcc/arm-none-eabi/5.4.1/../../../../arm-none-eabi/lib/armv7-m\libg_nano.a(lib_a-strncmp.o)
                0x000060b4                strncmp
 .text.strncpy  0x000060de       0x26 c:/program files (x86)/cypress/psoc creator/4.4/psoc creator/import/gnu/arm/5.4.1/bin/../lib/gcc/arm-none-eabi/5.4.1/../../../../arm-none-eabi/lib/armv7-m\libg_nano.a(lib_a-strncpy.o)
                0x000060de                strncpy
 .text.__ssputs_r
                0x00006104       0xb2 c:/program files (x86)/cypress/psoc creator/4.4/psoc creator/import/gnu/arm/5.4.1/bin/../lib/gcc/arm-none-eabi/5.4.1/../../../../arm-none-eabi/lib/armv7-m\libg_nano.a(lib_a-nano-svfprintf.o)
                0x00006104                __ssputs_r
 *fill*         0x000061b6        0x2 
 .text._svfprintf_r
                0x000061b8      0x1e8 c:/program files (x86)/cypress/psoc creator/4.4/psoc creator/import/gnu/arm/5.4.1/bin/../lib/gcc/arm-none-eabi/5.4.1/../../../../arm-none-eabi/lib/armv7-m\libg_nano.a(lib_a-nano-svfprintf.o)
                0x000061b8                _svfiprintf_r
                0x000061b8                _svfprintf_r
 .text._printf_common
                0x000063a0       0xec c:/program files (x86)/cypress/psoc creator/4.4/psoc creator/import/gnu/arm/5.4.1/bin/../lib/gcc/arm-none-eabi/5.4.1/../../../../arm-none-eabi/lib/armv7-m\libg_nano.a(lib_a-nano-vfprintf_i.o)
                0x000063a0                _printf_common
 .text._printf_i
                0x0000648c      0x24c c:/program files (x86)/cypress/psoc creator/4.4/psoc creator/import/gnu/arm/5.4.1/bin/../lib/gcc/arm-none-eabi/5.4.1/../../../../arm-none-eabi/lib/armv7-m\libg_nano.a(lib_a-nano-vfprintf_i.o)
                0x0000648c                _printf_i
 .text.memchr   0x000066d8       0x1c c:/program files (x86)/cypress/psoc creator/4.4/psoc creator/import/gnu/arm/5.4.1/bin/../lib/gcc/arm-none-eabi/5.4.1/../../../../arm-none-eabi/lib/armv7-m\libg_nano.a(lib_a-memchr-stub.o)
                0x000066d8                memchr
 .text.memmove  0x000066f4       0x36 c:/program files (x86)/cypress/psoc creator/4.4/psoc creator/import/gnu/arm/5.4.1/bin/../lib/gcc/arm-none-eabi/5.4.1/../../../../arm-none-eabi/lib/armv7-m\libg_nano.a(lib_a-memmove.o)
                0x000066f4                memmove
 *fill*         0x0000672a        0x2 
 .text._free_r  0x0000672c       0x98 c:/program files (x86)/cypress/psoc creator/4.4/psoc creator/import/gnu/arm/5.4.1/bin/../lib/gcc/arm-none-eabi/5.4.1/../../../../arm-none-eabi/lib/armv7-m\libg_nano.a(lib_a-nano-freer.o)
                0x0000672c                _free_r
 .text._malloc_r
                0x000067c4       0xbc c:/program files (x86)/cypress/psoc creator/4.4/psoc creator/import/gnu/arm/5.4.1/bin/../lib/gcc/arm-none-eabi/5.4.1/../../../../arm-none-eabi/lib/armv7-m\libg_nano.a(lib_a-nano-mallocr.o)
                0x000067c4                _malloc_r
 .text._realloc_r
                0x00006880       0x4c c:/program files (x86)/cypress/psoc creator/4.4/psoc creator/import/gnu/arm/5.4.1/bin/../lib/gcc/arm-none-eabi/5.4.1/../../../../arm-none-eabi/lib/armv7-m\libg_nano.a(lib_a-nano-reallocr.o)
                0x00006880                _realloc_r
 .text._sbrk_r  0x000068cc       0x20 c:/program files (x86)/cypress/psoc creator/4.4/psoc creator/import/gnu/arm/5.4.1/bin/../lib/gcc/arm-none-eabi/5.4.1/../../../../arm-none-eabi/lib/armv7-m\libg_nano.a(lib_a-sbrkr.o)
                0x000068cc                _sbrk_r
 .text.__malloc_lock
                0x000068ec        0x2 c:/program files (x86)/cypress/psoc creator/4.4/psoc creator/import/gnu/arm/5.4.1/bin/../lib/gcc/arm-none-eabi/5.4.1/../../../../arm-none-eabi/lib/armv7-m\libg_nano.a(lib_a-mlock.o)
                0x000068ec                __malloc_lock
 .text.__malloc_unlock
                0x000068ee        0x2 c:/program files (x86)/cypress/psoc creator/4.4/psoc creator/import/gnu/arm/5.4.1/bin/../lib/gcc/arm-none-eabi/5.4.1/../../../../arm-none-eabi/lib/armv7-m\libg_nano.a(lib_a-mlock.o)
                0x000068ee                __malloc_unlock
 .text._malloc_usable_size_r
                0x000068f0       0x14 c:/program files (x86)/cypress/psoc creator/4.4/psoc creator/import/gnu/arm/5.4.1/bin/../lib/gcc/arm-none-eabi/5.4.1/../../../../arm-none-eabi/lib/armv7-m\libg_nano.a(lib_a-nano-msizer.o)
                0x000068f0                _malloc_usable_size_r
 *(.plt)
 *(.gnu.warning)
 *(.glue_7t)
 .glue_7t       0x00006904        0x0 linker stubs
 *(.glue_7)
 .glue_7        0x00006904        0x0 linker stubs
 *(.vfp11_veneer)
 .vfp11_veneer  0x00006904        0x0 linker stubs
 *(.bootloader)
 *(.ARM.extab* .gnu.linkonce.armextab.*)
 *(.gcc_except_table)

.v4_bx          0x00006904        0x0
 .v4_bx         0x00006904        0x0 linker stubs

.iplt           0x00006904        0x0
 .iplt          0x00006904        0x0 c:/program files (x86)/cypress/psoc creator/4.4/psoc creator/import/gnu/arm/5.4.1/bin/../lib/gcc/arm-none-eabi/5.4.1/armv7-m/crtbegin.o

.eh_frame_hdr
 *(.eh_frame_hdr)

.eh_frame       0x00006904        0x4
 *(.eh_frame)
 .eh_frame      0x00006904        0x0 c:/program files (x86)/cypress/psoc creator/4.4/psoc creator/import/gnu/arm/5.4.1/bin/../lib/gcc/arm-none-eabi/5.4.1/armv7-m/crtbegin.o
 .eh_frame      0x00006904        0x4 c:/program files (x86)/cypress/psoc creator/4.4/psoc creator/import/gnu/arm/5.4.1/bin/../lib/gcc/arm-none-eabi/5.4.1/armv7-m/crtend.o
                [!provide]                PROVIDE (__exidx_start, .)

.ARM.exidx
 *(.ARM.exidx* .gnu.linkonce.armexidx.*)
                0x00006908                __exidx_end = .

.rodata         0x00006908     0x1898
 *(.rodata .rodata.* .gnu.linkonce.r.*)
 .rodata.str1.4
                0x00006908       0x32 .\CortexM3\ARM_GCC_541\Debug\main.o
 *fill*         0x0000693a        0x2 
 .rodata.str1.4
                0x0000693c      0x5a1 .\CortexM3\ARM_GCC_541\Debug\AS76.o
                                0x5b1 (size before relaxing)
 *fill*         0x00006edd        0x3 
 .rodata        0x00006ee0     0x1028 .\CortexM3\ARM_GCC_541\Debug\cyfitter_cfg.o
 .rodata.str1.4
                0x00007f08       0x14 .\CortexM3\ARM_GCC_541\Debug\AS76_FFP5.a(USB_std.o)
                                 0x11 (size before relaxing)
 .rodata        0x00007f1c      0x21a .\CortexM3\ARM_GCC_541\Debug\AS76_FFP5.a(USB_descr.o)
                0x00007f1c                USB_MSOS_CONFIGURATION_DESCR
                0x00007f44                USB_MSOS_DESCRIPTOR
                0x00007f58                USB_TABLE
                0x00007f60                USB_DEVICE0_TABLE
                0x00007f78                USB_DEVICE0_CONFIGURATION0_TABLE
                0x00007fa0                USB_DEVICE0_CONFIGURATION0_INTERFACE_CLASS
                0x00007fa4                USB_DEVICE0_CONFIGURATION0_EP_SETTINGS_TABLE
                0x00007fbc                USB_HIDREPORT_DESCRIPTOR1
                0x00007ff4                USB_SN_STRING_DESCRIPTOR
                0x00007ff8                USB_STRING_DESCRIPTORS
                0x000080e0                USB_DEVICE0_CONFIGURATION0_DESCR
                0x00008124                USB_DEVICE0_DESCR
 .rodata.str1.1
                0x00008136        0x2 c:/program files (x86)/cypress/psoc creator/4.4/psoc creator/import/gnu/arm/5.4.1/bin/../lib/gcc/arm-none-eabi/5.4.1/../../../../arm-none-eabi/lib/armv7-m\libg_nano.a(lib_a-impure.o)
 .rodata.str1.1
                0x00008138       0x11 c:/program files (x86)/cypress/psoc creator/4.4/psoc creator/import/gnu/arm/5.4.1/bin/../lib/gcc/arm-none-eabi/5.4.1/../../../../arm-none-eabi/lib/armv7-m\libg_nano.a(lib_a-nano-svfprintf.o)
 .rodata.str1.1
                0x00008149       0x22 c:/program files (x86)/cypress/psoc creator/4.4/psoc creator/import/gnu/arm/5.4.1/bin/../lib/gcc/arm-none-eabi/5.4.1/../../../../arm-none-eabi/lib/armv7-m\libg_nano.a(lib_a-nano-vfprintf_i.o)
                0x0000816c                . = ALIGN (0x4)
 *fill*         0x0000816b        0x1 
 *(.init)
 .init          0x0000816c        0x4 c:/program files (x86)/cypress/psoc creator/4.4/psoc creator/import/gnu/arm/5.4.1/bin/../lib/gcc/arm-none-eabi/5.4.1/armv7-m/crti.o
                0x0000816c                _init
 .init          0x00008170        0x8 c:/program files (x86)/cypress/psoc creator/4.4/psoc creator/import/gnu/arm/5.4.1/bin/../lib/gcc/arm-none-eabi/5.4.1/armv7-m/crtn.o
                0x00008178                . = ALIGN (0x4)
                0x00008178                __preinit_array_start = .
 *(.preinit_array)
                0x00008178                __preinit_array_end = .
                0x00008178                . = ALIGN (0x4)
                0x00008178                __init_array_start = .
 *(SORT(.init_array.*))
 *(.init_array)
 .init_array    0x00008178        0x4 c:/program files (x86)/cypress/psoc creator/4.4/psoc creator/import/gnu/arm/5.4.1/bin/../lib/gcc/arm-none-eabi/5.4.1/armv7-m/crtbegin.o
 .init_array    0x0000817c        0x4 .\CortexM3\ARM_GCC_541\Debug\Cm3Start.o
                0x00008180                __init_array_end = .
                0x00008180                . = ALIGN (0x4)
 *(.fini)
 .fini          0x00008180        0x4 c:/program files (x86)/cypress/psoc creator/4.4/psoc creator/import/gnu/arm/5.4.1/bin/../lib/gcc/arm-none-eabi/5.4.1/armv7-m/crti.o
                0x00008180                _fini
 .fini          0x00008184        0x8 c:/program files (x86)/cypress/psoc creator/4.4/psoc creator/import/gnu/arm/5.4.1/bin/../lib/gcc/arm-none-eabi/5.4.1/armv7-m/crtn.o
                0x0000818c                . = ALIGN (0x4)
                0x0000818c                __fini_array_start = .
 *(.fini_array)
 .fini_array    0x0000818c        0x4 c:/program files (x86)/cypress/psoc creator/4.4/psoc creator/import/gnu/arm/5.4.1/bin/../lib/gcc/arm-none-eabi/5.4.1/armv7-m/crtbegin.o
 *(SORT(.fini_array.*))
                0x00008190                __fini_array_end = .
                0x00008190                . = ALIGN (0x4)
 *crtbegin.o(.ctors)
 *(EXCLUDE_FILE(*crtend.o) .ctors)
 *(SORT(.ctors.*))
 *crtend.o(.ctors)
                0x00008190                . = ALIGN (0x4)
 *crtbegin.o(.dtors)
 *(EXCLUDE_FILE(*crtend.o) .dtors)
 *(SORT(.dtors.*))
 *crtend.o(.dtors)
                0x00008190                . = ALIGN (0x4)
                0x00008190                __cy_regions = .
                0x00008190        0x4 LONG 0x81a0 __cy_region_init_ram
                0x00008194        0x4 LONG 0x1fff80c8 __cy_region_start_data
                0x00008198        0x4 LONG 0xd8 __cy_region_init_size_ram
                0x0000819c        0x4 LONG 0x260 __cy_region_zero_size_ram
                0x000081a0                __cy_regions_end = .
                0x000081a0                . = ALIGN (0x8)
                0x000081a0                _etext = .

.cy_checksum_exclude
                0x000081a0        0x0
 *(.cy_checksum_exclude)

.ramvectors     0x1fff8000       0xc0
                0x1fff8000                __cy_region_start_ram = .
 *(.ramvectors)
 .ramvectors    0x1fff8000       0xc0 .\CortexM3\ARM_GCC_541\Debug\Cm3Start.o
                0x1fff8000                CyRamVectors

.noinit         0x1fff80c0        0x1
 *(.noinit)
 .noinit        0x1fff80c0        0x1 .\CortexM3\ARM_GCC_541\Debug\AS76_FFP5.a(CyLib.o)
                0x1fff80c0                CyResetStatus

.data           0x1fff80c8       0xd8 load address 0x000081a0
                0x1fff80c8                __cy_region_start_data = .
 *(.jcr)
 .jcr           0x1fff80c8        0x0 c:/program files (x86)/cypress/psoc creator/4.4/psoc creator/import/gnu/arm/5.4.1/bin/../lib/gcc/arm-none-eabi/5.4.1/armv7-m/crtbegin.o
 .jcr           0x1fff80c8        0x4 c:/program files (x86)/cypress/psoc creator/4.4/psoc creator/import/gnu/arm/5.4.1/bin/../lib/gcc/arm-none-eabi/5.4.1/armv7-m/crtend.o
 *(.got.plt)
 *(.got)
 *(.shdata)
 *(.data .data.* .gnu.linkonce.d.*)
 .data          0x1fff80cc        0x4 .\CortexM3\ARM_GCC_541\Debug\main.o
                0x1fff80cc                status_t
                0x1fff80cd                status_z
                0x1fff80ce                status_y
                0x1fff80cf                status_x
 .data          0x1fff80d0       0x39 .\CortexM3\ARM_GCC_541\Debug\AS76.o
                0x1fff80d0                PWM_Condenser_comare_value
                0x1fff80e4                Motor_Speed_X
                0x1fff80e8                Motor_Speed_Y
                0x1fff80ec                Motor_Speed_Z
                0x1fff80f0                HomeY_done
                0x1fff80f1                HomeX_done
                0x1fff80f2                HomeZ_done
                0x1fff80f4                X_Pitchfactor
                0x1fff80f8                HomeT_done
                0x1fff80fc                T_Pitchfactor
                0x1fff8100                Z_Pitchfactor
                0x1fff8104                Y_Pitchfactor
                0x1fff8108                Time_Out_Error
 *fill*         0x1fff8109        0x3 
 .data          0x1fff810c        0x4 .\CortexM3\ARM_GCC_541\Debug\Cm3Start.o
 .data          0x1fff8110       0x10 .\CortexM3\ARM_GCC_541\Debug\AS76_FFP5.a(CyLib.o)
                0x1fff8110                cydelay_32k_ms
                0x1fff8114                cydelay_freq_khz
                0x1fff8118                cydelay_freq_mhz
                0x1fff811c                cydelay_freq_hz
 .data          0x1fff8120       0x1a .\CortexM3\ARM_GCC_541\Debug\AS76_FFP5.a(USB_cdc.o)
                0x1fff8120                USB_linesCoding
 *fill*         0x1fff813a        0x2 
 .data.impure_data
                0x1fff813c       0x60 c:/program files (x86)/cypress/psoc creator/4.4/psoc creator/import/gnu/arm/5.4.1/bin/../lib/gcc/arm-none-eabi/5.4.1/../../../../arm-none-eabi/lib/armv7-m\libg_nano.a(lib_a-impure.o)
 .data._impure_ptr
                0x1fff819c        0x4 c:/program files (x86)/cypress/psoc creator/4.4/psoc creator/import/gnu/arm/5.4.1/bin/../lib/gcc/arm-none-eabi/5.4.1/../../../../arm-none-eabi/lib/armv7-m\libg_nano.a(lib_a-impure.o)
                0x1fff819c                _impure_ptr
                0x1fff81a0                . = ALIGN (0x8)
 *(.ram)
                0x1fff81a0                _edata = .

.igot.plt       0x1fff81a0        0x0 load address 0x00008278
 .igot.plt      0x1fff81a0        0x0 c:/program files (x86)/cypress/psoc creator/4.4/psoc creator/import/gnu/arm/5.4.1/bin/../lib/gcc/arm-none-eabi/5.4.1/armv7-m/crtbegin.o

.bss            0x1fff81a0      0x260 load address 0x00008278
                0x1fff81a0                PROVIDE (__bss_start__, .)
 *(.shbss)
 *(.bss .bss.* .gnu.linkonce.b.*)
 .bss           0x1fff81a0       0x1c c:/program files (x86)/cypress/psoc creator/4.4/psoc creator/import/gnu/arm/5.4.1/bin/../lib/gcc/arm-none-eabi/5.4.1/armv7-m/crtbegin.o
 .bss           0x1fff81bc       0x4c .\CortexM3\ARM_GCC_541\Debug\AS76.o
                0x1fff81bc                ms_count
                0x1fff81be                exit_loop
                0x1fff81c0                EncoderTZSelect
                0x1fff81c4                X_QuadPosition
                0x1fff81c8                Y_QuadPosition
                0x1fff81cc                Z_QuadPosition
                0x1fff81d0                T_QuadPosition
                0x1fff81d4                Buffer_Z_QuadPosition
                0x1fff81d8                Buffer_T_QuadPosition
                0x1fff81dc                PWM_barcode_comare_value
                0x1fff81e0                Error
                0x1fff81e5                HomeX_done_Buffer
                0x1fff81e6                HomeY_done_Buffer
                0x1fff81e7                HomeZ_done_Buffer
                0x1fff81e8                HomeT_done_Buffer
                0x1fff81ec                Position_X_Requested
                0x1fff81f0                Position_Y_Requested
                0x1fff81f4                Position_Z_Requested
                0x1fff81f8                Position_T_Requested
                0x1fff81fc                time_ms
                0x1fff8200                oil_speed
                0x1fff8204                oil_dir
 .bss           0x1fff8208        0x1 .\CortexM3\ARM_GCC_541\Debug\AS76_FFP5.a(SPIM.o)
                0x1fff8208                SPIM_initVar
 .bss           0x1fff8209        0x1 .\CortexM3\ARM_GCC_541\Debug\AS76_FFP5.a(USB.o)
                0x1fff8209                USB_initVar
 .bss           0x1fff820a        0x1 .\CortexM3\ARM_GCC_541\Debug\AS76_FFP5.a(USB_cdc.o)
 *fill*         0x1fff820b        0x1 
 .bss           0x1fff820c        0x2 .\CortexM3\ARM_GCC_541\Debug\AS76_FFP5.a(USB_std.o)
 .bss           0x1fff820e        0x1 .\CortexM3\ARM_GCC_541\Debug\AS76_FFP5.a(PWM_CondenserLED.o)
                0x1fff820e                PWM_CondenserLED_initVar
 .bss           0x1fff820f        0x1 .\CortexM3\ARM_GCC_541\Debug\AS76_FFP5.a(QuadDec_X.o)
                0x1fff820f                QuadDec_X_initVar
 .bss           0x1fff8210        0x4 .\CortexM3\ARM_GCC_541\Debug\AS76_FFP5.a(QuadDec_X_INT.o)
                0x1fff8210                QuadDec_X_count32SoftPart
 .bss           0x1fff8214        0x1 .\CortexM3\ARM_GCC_541\Debug\AS76_FFP5.a(QuadDec_X_Cnt16.o)
                0x1fff8214                QuadDec_X_Cnt16_initVar
 .bss           0x1fff8215        0x7 .\CortexM3\ARM_GCC_541\Debug\AS76_FFP5.a(UART_PCB_LOG.o)
                0x1fff8215                UART_PCB_LOG_errorStatus
                0x1fff8216                UART_PCB_LOG_initVar
                0x1fff8217                UART_PCB_LOG_rxBufferRead
                0x1fff8218                UART_PCB_LOG_rxBufferWrite
                0x1fff8219                UART_PCB_LOG_rxBufferLoopDetect
                0x1fff821a                UART_PCB_LOG_rxBufferOverflow
 .bss           0x1fff821c        0x1 .\CortexM3\ARM_GCC_541\Debug\AS76_FFP5.a(QuadDec_TZ.o)
                0x1fff821c                QuadDec_TZ_initVar
 *fill*         0x1fff821d        0x3 
 .bss           0x1fff8220        0x4 .\CortexM3\ARM_GCC_541\Debug\AS76_FFP5.a(QuadDec_TZ_INT.o)
                0x1fff8220                QuadDec_TZ_count32SoftPart
 .bss           0x1fff8224        0x1 .\CortexM3\ARM_GCC_541\Debug\AS76_FFP5.a(PWM_Buzzer.o)
                0x1fff8224                PWM_Buzzer_initVar
 .bss           0x1fff8225        0x1 .\CortexM3\ARM_GCC_541\Debug\AS76_FFP5.a(QuadDec_Y.o)
                0x1fff8225                QuadDec_Y_initVar
 *fill*         0x1fff8226        0x2 
 .bss           0x1fff8228        0x4 .\CortexM3\ARM_GCC_541\Debug\AS76_FFP5.a(QuadDec_Y_INT.o)
                0x1fff8228                QuadDec_Y_count32SoftPart
 .bss           0x1fff822c        0x1 .\CortexM3\ARM_GCC_541\Debug\AS76_FFP5.a(PWM_BarcodeCondenser_LED.o)
                0x1fff822c                PWM_BarcodeCondenser_LED_initVar
 .bss           0x1fff822d        0x1 .\CortexM3\ARM_GCC_541\Debug\AS76_FFP5.a(QuadDec_TZ_Cnt16.o)
                0x1fff822d                QuadDec_TZ_Cnt16_initVar
 .bss           0x1fff822e        0x1 .\CortexM3\ARM_GCC_541\Debug\AS76_FFP5.a(QuadDec_Y_Cnt16.o)
                0x1fff822e                QuadDec_Y_Cnt16_initVar
 .bss           0x1fff822f        0x1 .\CortexM3\ARM_GCC_541\Debug\AS76_FFP5.a(wait_timer.o)
                0x1fff822f                wait_timer_initVar
 .bss.__malloc_sbrk_start
                0x1fff8230        0x4 c:/program files (x86)/cypress/psoc creator/4.4/psoc creator/import/gnu/arm/5.4.1/bin/../lib/gcc/arm-none-eabi/5.4.1/../../../../arm-none-eabi/lib/armv7-m\libg_nano.a(lib_a-nano-mallocr.o)
                0x1fff8230                __malloc_sbrk_start
 .bss.__malloc_free_list
                0x1fff8234        0x4 c:/program files (x86)/cypress/psoc creator/4.4/psoc creator/import/gnu/arm/5.4.1/bin/../lib/gcc/arm-none-eabi/5.4.1/../../../../arm-none-eabi/lib/armv7-m\libg_nano.a(lib_a-nano-mallocr.o)
                0x1fff8234                __malloc_free_list
 *(COMMON)
 COMMON         0x1fff8238       0x82 .\CortexM3\ARM_GCC_541\Debug\main.o
                0x1fff8238                Is_Slide_On_Gripper
                0x1fff823c                USB_received
                0x1fff827c                count
                0x1fff8280                USB_transmit
 *fill*         0x1fff82ba        0x2 
 COMMON         0x1fff82bc        0x4 .\CortexM3\ARM_GCC_541\Debug\AS76.o
                0x1fff82bc                command
 COMMON         0x1fff82c0       0x18 .\CortexM3\ARM_GCC_541\Debug\AS76_FFP5.a(SPIM.o)
                0x1fff82c0                SPIM_rxBufferFull
                0x1fff82c4                SPIM_txBuffer
                0x1fff82c9                SPIM_swStatusTx
                0x1fff82cc                SPIM_rxBuffer
                0x1fff82d2                SPIM_txBufferFull
                0x1fff82d3                SPIM_txBufferRead
                0x1fff82d4                SPIM_rxBufferWrite
                0x1fff82d5                SPIM_txBufferWrite
                0x1fff82d6                SPIM_rxBufferRead
                0x1fff82d7                SPIM_swStatusRx
 COMMON         0x1fff82d8       0x16 .\CortexM3\ARM_GCC_541\Debug\AS76_FFP5.a(USB_cdc.o)
                0x1fff82d8                USB_linesControlBitmap
                0x1fff82dc                USB_cdcCommInInterruptEp
                0x1fff82e0                USB_serialStateBitmap
                0x1fff82e4                USB_cdcDataOutEp
                0x1fff82e8                USB_cdcDataInEp
                0x1fff82ec                USB_linesChanged
 *fill*         0x1fff82ee        0x2 
 COMMON         0x1fff82f0       0x98 .\CortexM3\ARM_GCC_541\Debug\AS76_FFP5.a(USB_drv.o)
                0x1fff82f0                USB_transferState
                0x1fff82f1                USB_interfaceNumber
                0x1fff82f2                USB_lastPacketSize
                0x1fff82f4                USB_interfaceClass
                0x1fff82f8                USB_interfaceSetting
                0x1fff82fa                USB_ep0Mode
                0x1fff82fb                USB_device
                0x1fff82fc                USB_deviceAddress
                0x1fff82fd                USB_ep0Toggle
                0x1fff8300                USB_interfaceSettingLast
                0x1fff8302                USB_configurationChanged
                0x1fff8304                USB_interfaceStatus
                0x1fff8306                USB_transferByteCount
                0x1fff8308                USB_configuration
                0x1fff830c                USB_currentTD
                0x1fff8318                USB_ep0Count
                0x1fff8319                USB_deviceStatus
                0x1fff831c                USB_EP
 COMMON         0x1fff8388        0xa .\CortexM3\ARM_GCC_541\Debug\AS76_FFP5.a(USB_hid.o)
                0x1fff8388                USB_hidProtocol
                0x1fff838c                USB_hidIdleRate
                0x1fff8390                USB_hidIdleTimer
 *fill*         0x1fff8392        0x2 
 COMMON         0x1fff8394       0x40 .\CortexM3\ARM_GCC_541\Debug\AS76_FFP5.a(UART_PCB_LOG.o)
                0x1fff8394                UART_PCB_LOG_rxBuffer
 COMMON         0x1fff83d4       0x22 .\CortexM3\ARM_GCC_541\Debug\AS76_FFP5.a(USB_descr.o)
                0x1fff83d4                USB_idSerialNumberStringDescriptor
 *fill*         0x1fff83f6        0x2 
 COMMON         0x1fff83f8        0x4 c:/program files (x86)/cypress/psoc creator/4.4/psoc creator/import/gnu/arm/5.4.1/bin/../lib/gcc/arm-none-eabi/5.4.1/../../../../arm-none-eabi/lib/armv7-m\libg_nano.a(lib_a-reent.o)
                0x1fff83f8                errno
                0x1fff8400                . = ALIGN (0x8)
 *fill*         0x1fff83fc        0x4 
 *(.ram.b)
                0x1fff8400                _end = .
                0x1fff8400                __end = .
                0x1fff8400                PROVIDE (end, .)
                0x1fff8400                PROVIDE (__bss_end__, .)
                0x000081a0                __cy_region_init_ram = LOADADDR (.data)
                0x000000d8                __cy_region_init_size_ram = (_edata - ADDR (.data))
                0x00000260                __cy_region_zero_size_ram = (_end - _edata)

.heap           0x1fff8400       0x80 load address 0x00008278
                0x1fff8400                . = _end
                0x1fff8480                . = (. + 0x80)
 *fill*         0x1fff8400       0x80 
                0x1fff8480                __cy_heap_limit = .

.stack          0x20007800      0x800
                0x20007800                __cy_stack_limit = .
                0x20008000                . = (. + 0x800)
 *fill*         0x20007800      0x800 
                0x00000001                ASSERT ((__cy_stack_limit >= __cy_heap_limit), region RAM overflowed with stack)
                0x00000000                cy_checksum_exclude_size = (CY_APPL_LOADABLE == 0x1)?SIZEOF (.cy_checksum_exclude):0x0
                0x00000001                ASSERT ((cy_checksum_exclude_size <= CY_CHECKSUM_EXCLUDE_SIZE), CY_BOOT: Section .cy_checksum_exclude size exceedes specified limit.)

.cyloadermeta
 *(.cyloadermeta)

.cyloadablemeta
 *(.cyloadablemeta)

.cyconfigecc
 *(.cyconfigecc)

.cycustnvl      0x90000000        0x4
 *(.cycustnvl)
 .cycustnvl     0x90000000        0x4 .\CortexM3\ARM_GCC_541\Debug\cymetadata.o
                0x90000000                cy_meta_custnvl

.cywolatch      0x90100000        0x4
 *(.cywolatch)
 .cywolatch     0x90100000        0x4 .\CortexM3\ARM_GCC_541\Debug\cymetadata.o
                0x90100000                cy_meta_wonvl

.cyeeprom       0x90200000        0x0
 *(.cyeeprom)
                0x00000001                ASSERT ((. <= ((0x90200000 + ee_offset) + ee_size)), .cyeeprom data will not fit in EEPROM)

.cyflashprotect
                0x90400000      0x100
 *(.cyflashprotect)
 .cyflashprotect
                0x90400000      0x100 .\CortexM3\ARM_GCC_541\Debug\cymetadata.o
                0x90400000                cy_meta_flashprotect

.cymeta         0x90500000        0xc
 *(.cymeta)
 .cymeta        0x90500000        0xc .\CortexM3\ARM_GCC_541\Debug\cymetadata.o
                0x90500000                cy_metadata

.rel.dyn        0x00008278        0x0 load address 0x9050000c
 .rel.iplt      0x00008278        0x0 c:/program files (x86)/cypress/psoc creator/4.4/psoc creator/import/gnu/arm/5.4.1/bin/../lib/gcc/arm-none-eabi/5.4.1/armv7-m/crtbegin.o

.stab
 *(.stab)

.stabstr
 *(.stabstr)

.debug
 *(.debug)

.line
 *(.line)

.debug_srcinfo
 *(.debug_srcinfo)

.debug_sfnames
 *(.debug_sfnames)

.debug_aranges  0x00000000     0x16b0
 *(.debug_aranges)
 .debug_aranges
                0x00000000       0x20 .\CortexM3\ARM_GCC_541\Debug\main.o
 .debug_aranges
                0x00000020      0x198 .\CortexM3\ARM_GCC_541\Debug\AS76.o
 .debug_aranges
                0x000001b8       0x60 .\CortexM3\ARM_GCC_541\Debug\cyfitter_cfg.o
 .debug_aranges
                0x00000218       0x18 .\CortexM3\ARM_GCC_541\Debug\cymetadata.o
 .debug_aranges
                0x00000230       0x48 .\CortexM3\ARM_GCC_541\Debug\Cm3Start.o
 .debug_aranges
                0x00000278       0x38 .\CortexM3\ARM_GCC_541\Debug\AS76_FFP5.a(Pin_CSMotorX.o)
 .debug_aranges
                0x000002b0       0x38 .\CortexM3\ARM_GCC_541\Debug\AS76_FFP5.a(Pin_CSMotorY.o)
 .debug_aranges
                0x000002e8       0x38 .\CortexM3\ARM_GCC_541\Debug\AS76_FFP5.a(Pin_CSMotorZ.o)
 .debug_aranges
                0x00000320       0xd8 .\CortexM3\ARM_GCC_541\Debug\AS76_FFP5.a(SPIM.o)
 .debug_aranges
                0x000003f8       0x28 .\CortexM3\ARM_GCC_541\Debug\AS76_FFP5.a(SPIM_INT.o)
 .debug_aranges
                0x00000420      0x2a0 .\CortexM3\ARM_GCC_541\Debug\AS76_FFP5.a(CyLib.o)
 .debug_aranges
                0x000006c0       0x98 .\CortexM3\ARM_GCC_541\Debug\AS76_FFP5.a(cyPm.o)
 .debug_aranges
                0x00000758       0xc8 .\CortexM3\ARM_GCC_541\Debug\AS76_FFP5.a(USB.o)
 .debug_aranges
                0x00000820       0xe8 .\CortexM3\ARM_GCC_541\Debug\AS76_FFP5.a(USB_cdc.o)
 .debug_aranges
                0x00000908       0x98 .\CortexM3\ARM_GCC_541\Debug\AS76_FFP5.a(USB_drv.o)
 .debug_aranges
                0x000009a0       0x40 .\CortexM3\ARM_GCC_541\Debug\AS76_FFP5.a(USB_episr.o)
 .debug_aranges
                0x000009e0       0x48 .\CortexM3\ARM_GCC_541\Debug\AS76_FFP5.a(USB_hid.o)
 .debug_aranges
                0x00000a28       0x40 .\CortexM3\ARM_GCC_541\Debug\AS76_FFP5.a(USB_pm.o)
 .debug_aranges
                0x00000a68       0x80 .\CortexM3\ARM_GCC_541\Debug\AS76_FFP5.a(USB_std.o)
 .debug_aranges
                0x00000ae8       0x20 .\CortexM3\ARM_GCC_541\Debug\AS76_FFP5.a(USB_vnd.o)
 .debug_aranges
                0x00000b08       0x48 .\CortexM3\ARM_GCC_541\Debug\AS76_FFP5.a(USB_Dp.o)
 .debug_aranges
                0x00000b50       0x78 .\CortexM3\ARM_GCC_541\Debug\AS76_FFP5.a(PWM_CondenserLED.o)
 .debug_aranges
                0x00000bc8       0x70 .\CortexM3\ARM_GCC_541\Debug\AS76_FFP5.a(SPIM_IntClock.o)
 .debug_aranges
                0x00000c38       0x60 .\CortexM3\ARM_GCC_541\Debug\AS76_FFP5.a(QuadDec_X.o)
 .debug_aranges
                0x00000c98       0x20 .\CortexM3\ARM_GCC_541\Debug\AS76_FFP5.a(QuadDec_X_INT.o)
 .debug_aranges
                0x00000cb8       0x98 .\CortexM3\ARM_GCC_541\Debug\AS76_FFP5.a(QuadDec_X_Cnt16.o)
 .debug_aranges
                0x00000d50       0xf0 .\CortexM3\ARM_GCC_541\Debug\AS76_FFP5.a(UART_PCB_LOG.o)
 .debug_aranges
                0x00000e40       0x20 .\CortexM3\ARM_GCC_541\Debug\AS76_FFP5.a(UART_PCB_LOG_INT.o)
 .debug_aranges
                0x00000e60       0x70 .\CortexM3\ARM_GCC_541\Debug\AS76_FFP5.a(UART_PCB_LOG_IntClock.o)
 .debug_aranges
                0x00000ed0       0x38 .\CortexM3\ARM_GCC_541\Debug\AS76_FFP5.a(Pin_Backlight.o)
 .debug_aranges
                0x00000f08       0x38 .\CortexM3\ARM_GCC_541\Debug\AS76_FFP5.a(LED2.o)
 .debug_aranges
                0x00000f40       0x38 .\CortexM3\ARM_GCC_541\Debug\AS76_FFP5.a(Pin_CSMotorO.o)
 .debug_aranges
                0x00000f78       0x38 .\CortexM3\ARM_GCC_541\Debug\AS76_FFP5.a(Pin_CSMotorT.o)
 .debug_aranges
                0x00000fb0       0x60 .\CortexM3\ARM_GCC_541\Debug\AS76_FFP5.a(QuadDec_TZ.o)
 .debug_aranges
                0x00001010       0x20 .\CortexM3\ARM_GCC_541\Debug\AS76_FFP5.a(QuadDec_TZ_INT.o)
 .debug_aranges
                0x00001030       0x78 .\CortexM3\ARM_GCC_541\Debug\AS76_FFP5.a(PWM_Buzzer.o)
 .debug_aranges
                0x000010a8       0x60 .\CortexM3\ARM_GCC_541\Debug\AS76_FFP5.a(QuadDec_Y.o)
 .debug_aranges
                0x00001108       0x20 .\CortexM3\ARM_GCC_541\Debug\AS76_FFP5.a(QuadDec_Y_INT.o)
 .debug_aranges
                0x00001128       0x78 .\CortexM3\ARM_GCC_541\Debug\AS76_FFP5.a(PWM_BarcodeCondenser_LED.o)
 .debug_aranges
                0x000011a0       0x38 .\CortexM3\ARM_GCC_541\Debug\AS76_FFP5.a(LED3.o)
 .debug_aranges
                0x000011d8       0x28 .\CortexM3\ARM_GCC_541\Debug\AS76_FFP5.a(Encoder_T_Z_Select.o)
 .debug_aranges
                0x00001200       0x38 .\CortexM3\ARM_GCC_541\Debug\AS76_FFP5.a(TMC5160_MotorX_EN.o)
 .debug_aranges
                0x00001238       0x38 .\CortexM3\ARM_GCC_541\Debug\AS76_FFP5.a(TMC5160_MotorY_EN.o)
 .debug_aranges
                0x00001270       0x38 .\CortexM3\ARM_GCC_541\Debug\AS76_FFP5.a(TMC5160_MotorZ_EN.o)
 .debug_aranges
                0x000012a8       0x38 .\CortexM3\ARM_GCC_541\Debug\AS76_FFP5.a(TMC5160_MotorT_EN.o)
 .debug_aranges
                0x000012e0       0x38 .\CortexM3\ARM_GCC_541\Debug\AS76_FFP5.a(TMC5160_MotorO_EN.o)
 .debug_aranges
                0x00001318       0x98 .\CortexM3\ARM_GCC_541\Debug\AS76_FFP5.a(QuadDec_TZ_Cnt16.o)
 .debug_aranges
                0x000013b0       0x98 .\CortexM3\ARM_GCC_541\Debug\AS76_FFP5.a(QuadDec_Y_Cnt16.o)
 .debug_aranges
                0x00001448       0x88 .\CortexM3\ARM_GCC_541\Debug\AS76_FFP5.a(wait_timer.o)
 .debug_aranges
                0x000014d0       0x80 .\CortexM3\ARM_GCC_541\Debug\AS76_FFP5.a(wait_interrupt.o)
 .debug_aranges
                0x00001550       0x20 .\CortexM3\ARM_GCC_541\Debug\AS76_FFP5.a(CyBootAsmGnu.o)
 .debug_aranges
                0x00001570       0x88 .\CortexM3\ARM_GCC_541\Debug\AS76_FFP5.a(CyFlash.o)
 .debug_aranges
                0x000015f8       0x80 .\CortexM3\ARM_GCC_541\Debug\AS76_FFP5.a(CySpc.o)
 .debug_aranges
                0x00001678       0x20 .\CortexM3\ARM_GCC_541\Debug\AS76_FFP5.a(USB_cls.o)
 .debug_aranges
                0x00001698       0x18 .\CortexM3\ARM_GCC_541\Debug\AS76_FFP5.a(USB_descr.o)

.debug_pubnames
 *(.debug_pubnames)

.debug_info     0x00000000    0x100d4
 *(.debug_info .gnu.linkonce.wi.*)
 .debug_info    0x00000000      0x53e .\CortexM3\ARM_GCC_541\Debug\main.o
 .debug_info    0x0000053e     0x4452 .\CortexM3\ARM_GCC_541\Debug\AS76.o
 .debug_info    0x00004990      0x7c6 .\CortexM3\ARM_GCC_541\Debug\cyfitter_cfg.o
 .debug_info    0x00005156      0x10e .\CortexM3\ARM_GCC_541\Debug\cymetadata.o
 .debug_info    0x00005264      0x3bb .\CortexM3\ARM_GCC_541\Debug\Cm3Start.o
 .debug_info    0x0000561f      0x11f .\CortexM3\ARM_GCC_541\Debug\AS76_FFP5.a(Pin_CSMotorX.o)
 .debug_info    0x0000573e      0x11f .\CortexM3\ARM_GCC_541\Debug\AS76_FFP5.a(Pin_CSMotorY.o)
 .debug_info    0x0000585d      0x11f .\CortexM3\ARM_GCC_541\Debug\AS76_FFP5.a(Pin_CSMotorZ.o)
 .debug_info    0x0000597c      0x719 .\CortexM3\ARM_GCC_541\Debug\AS76_FFP5.a(SPIM.o)
 .debug_info    0x00006095      0x19d .\CortexM3\ARM_GCC_541\Debug\AS76_FFP5.a(SPIM_INT.o)
 .debug_info    0x00006232     0x1374 .\CortexM3\ARM_GCC_541\Debug\AS76_FFP5.a(CyLib.o)
 .debug_info    0x000075a6      0xa2a .\CortexM3\ARM_GCC_541\Debug\AS76_FFP5.a(cyPm.o)
 .debug_info    0x00007fd0      0x9c1 .\CortexM3\ARM_GCC_541\Debug\AS76_FFP5.a(USB.o)
 .debug_info    0x00008991      0xaf7 .\CortexM3\ARM_GCC_541\Debug\AS76_FFP5.a(USB_cdc.o)
 .debug_info    0x00009488      0x655 .\CortexM3\ARM_GCC_541\Debug\AS76_FFP5.a(USB_drv.o)
 .debug_info    0x00009add      0x254 .\CortexM3\ARM_GCC_541\Debug\AS76_FFP5.a(USB_episr.o)
 .debug_info    0x00009d31      0x43b .\CortexM3\ARM_GCC_541\Debug\AS76_FFP5.a(USB_hid.o)
 .debug_info    0x0000a16c      0x2e4 .\CortexM3\ARM_GCC_541\Debug\AS76_FFP5.a(USB_pm.o)
 .debug_info    0x0000a450      0xb36 .\CortexM3\ARM_GCC_541\Debug\AS76_FFP5.a(USB_std.o)
 .debug_info    0x0000af86      0x1be .\CortexM3\ARM_GCC_541\Debug\AS76_FFP5.a(USB_vnd.o)
 .debug_info    0x0000b144      0x174 .\CortexM3\ARM_GCC_541\Debug\AS76_FFP5.a(USB_Dp.o)
 .debug_info    0x0000b2b8      0x27e .\CortexM3\ARM_GCC_541\Debug\AS76_FFP5.a(PWM_CondenserLED.o)
 .debug_info    0x0000b536      0x283 .\CortexM3\ARM_GCC_541\Debug\AS76_FFP5.a(SPIM_IntClock.o)
 .debug_info    0x0000b7b9      0x357 .\CortexM3\ARM_GCC_541\Debug\AS76_FFP5.a(QuadDec_X.o)
 .debug_info    0x0000bb10       0xf3 .\CortexM3\ARM_GCC_541\Debug\AS76_FFP5.a(QuadDec_X_INT.o)
 .debug_info    0x0000bc03      0x348 .\CortexM3\ARM_GCC_541\Debug\AS76_FFP5.a(QuadDec_X_Cnt16.o)
 .debug_info    0x0000bf4b      0x72d .\CortexM3\ARM_GCC_541\Debug\AS76_FFP5.a(UART_PCB_LOG.o)
 .debug_info    0x0000c678      0x14c .\CortexM3\ARM_GCC_541\Debug\AS76_FFP5.a(UART_PCB_LOG_INT.o)
 .debug_info    0x0000c7c4      0x283 .\CortexM3\ARM_GCC_541\Debug\AS76_FFP5.a(UART_PCB_LOG_IntClock.o)
 .debug_info    0x0000ca47      0x11f .\CortexM3\ARM_GCC_541\Debug\AS76_FFP5.a(Pin_Backlight.o)
 .debug_info    0x0000cb66      0x11f .\CortexM3\ARM_GCC_541\Debug\AS76_FFP5.a(LED2.o)
 .debug_info    0x0000cc85      0x11f .\CortexM3\ARM_GCC_541\Debug\AS76_FFP5.a(Pin_CSMotorO.o)
 .debug_info    0x0000cda4      0x11f .\CortexM3\ARM_GCC_541\Debug\AS76_FFP5.a(Pin_CSMotorT.o)
 .debug_info    0x0000cec3      0x357 .\CortexM3\ARM_GCC_541\Debug\AS76_FFP5.a(QuadDec_TZ.o)
 .debug_info    0x0000d21a       0xf3 .\CortexM3\ARM_GCC_541\Debug\AS76_FFP5.a(QuadDec_TZ_INT.o)
 .debug_info    0x0000d30d      0x27f .\CortexM3\ARM_GCC_541\Debug\AS76_FFP5.a(PWM_Buzzer.o)
 .debug_info    0x0000d58c      0x357 .\CortexM3\ARM_GCC_541\Debug\AS76_FFP5.a(QuadDec_Y.o)
 .debug_info    0x0000d8e3       0xf3 .\CortexM3\ARM_GCC_541\Debug\AS76_FFP5.a(QuadDec_Y_INT.o)
 .debug_info    0x0000d9d6      0x27e .\CortexM3\ARM_GCC_541\Debug\AS76_FFP5.a(PWM_BarcodeCondenser_LED.o)
 .debug_info    0x0000dc54      0x11f .\CortexM3\ARM_GCC_541\Debug\AS76_FFP5.a(LED3.o)
 .debug_info    0x0000dd73       0xd6 .\CortexM3\ARM_GCC_541\Debug\AS76_FFP5.a(Encoder_T_Z_Select.o)
 .debug_info    0x0000de49      0x11f .\CortexM3\ARM_GCC_541\Debug\AS76_FFP5.a(TMC5160_MotorX_EN.o)
 .debug_info    0x0000df68      0x11f .\CortexM3\ARM_GCC_541\Debug\AS76_FFP5.a(TMC5160_MotorY_EN.o)
 .debug_info    0x0000e087      0x11f .\CortexM3\ARM_GCC_541\Debug\AS76_FFP5.a(TMC5160_MotorZ_EN.o)
 .debug_info    0x0000e1a6      0x11f .\CortexM3\ARM_GCC_541\Debug\AS76_FFP5.a(TMC5160_MotorT_EN.o)
 .debug_info    0x0000e2c5      0x11f .\CortexM3\ARM_GCC_541\Debug\AS76_FFP5.a(TMC5160_MotorO_EN.o)
 .debug_info    0x0000e3e4      0x348 .\CortexM3\ARM_GCC_541\Debug\AS76_FFP5.a(QuadDec_TZ_Cnt16.o)
 .debug_info    0x0000e72c      0x348 .\CortexM3\ARM_GCC_541\Debug\AS76_FFP5.a(QuadDec_Y_Cnt16.o)
 .debug_info    0x0000ea74      0x295 .\CortexM3\ARM_GCC_541\Debug\AS76_FFP5.a(wait_timer.o)
 .debug_info    0x0000ed09      0x2d2 .\CortexM3\ARM_GCC_541\Debug\AS76_FFP5.a(wait_interrupt.o)
 .debug_info    0x0000efdb       0x92 .\CortexM3\ARM_GCC_541\Debug\AS76_FFP5.a(CyBootAsmGnu.o)
 .debug_info    0x0000f06d      0x62d .\CortexM3\ARM_GCC_541\Debug\AS76_FFP5.a(CyFlash.o)
 .debug_info    0x0000f69a      0x53c .\CortexM3\ARM_GCC_541\Debug\AS76_FFP5.a(CySpc.o)
 .debug_info    0x0000fbd6      0x1f2 .\CortexM3\ARM_GCC_541\Debug\AS76_FFP5.a(USB_cls.o)
 .debug_info    0x0000fdc8      0x30c .\CortexM3\ARM_GCC_541\Debug\AS76_FFP5.a(USB_descr.o)

.debug_abbrev   0x00000000     0x39fb
 *(.debug_abbrev)
 .debug_abbrev  0x00000000       0xde .\CortexM3\ARM_GCC_541\Debug\main.o
 .debug_abbrev  0x000000de      0x28e .\CortexM3\ARM_GCC_541\Debug\AS76.o
 .debug_abbrev  0x0000036c      0x216 .\CortexM3\ARM_GCC_541\Debug\cyfitter_cfg.o
 .debug_abbrev  0x00000582       0x5d .\CortexM3\ARM_GCC_541\Debug\cymetadata.o
 .debug_abbrev  0x000005df      0x1e8 .\CortexM3\ARM_GCC_541\Debug\Cm3Start.o
 .debug_abbrev  0x000007c7       0x90 .\CortexM3\ARM_GCC_541\Debug\AS76_FFP5.a(Pin_CSMotorX.o)
 .debug_abbrev  0x00000857       0x90 .\CortexM3\ARM_GCC_541\Debug\AS76_FFP5.a(Pin_CSMotorY.o)
 .debug_abbrev  0x000008e7       0x90 .\CortexM3\ARM_GCC_541\Debug\AS76_FFP5.a(Pin_CSMotorZ.o)
 .debug_abbrev  0x00000977      0x162 .\CortexM3\ARM_GCC_541\Debug\AS76_FFP5.a(SPIM.o)
 .debug_abbrev  0x00000ad9       0x8a .\CortexM3\ARM_GCC_541\Debug\AS76_FFP5.a(SPIM_INT.o)
 .debug_abbrev  0x00000b63      0x254 .\CortexM3\ARM_GCC_541\Debug\AS76_FFP5.a(CyLib.o)
 .debug_abbrev  0x00000db7      0x1ab .\CortexM3\ARM_GCC_541\Debug\AS76_FFP5.a(cyPm.o)
 .debug_abbrev  0x00000f62      0x215 .\CortexM3\ARM_GCC_541\Debug\AS76_FFP5.a(USB.o)
 .debug_abbrev  0x00001177      0x245 .\CortexM3\ARM_GCC_541\Debug\AS76_FFP5.a(USB_cdc.o)
 .debug_abbrev  0x000013bc      0x189 .\CortexM3\ARM_GCC_541\Debug\AS76_FFP5.a(USB_drv.o)
 .debug_abbrev  0x00001545      0x11b .\CortexM3\ARM_GCC_541\Debug\AS76_FFP5.a(USB_episr.o)
 .debug_abbrev  0x00001660      0x16d .\CortexM3\ARM_GCC_541\Debug\AS76_FFP5.a(USB_hid.o)
 .debug_abbrev  0x000017cd      0x108 .\CortexM3\ARM_GCC_541\Debug\AS76_FFP5.a(USB_pm.o)
 .debug_abbrev  0x000018d5      0x20a .\CortexM3\ARM_GCC_541\Debug\AS76_FFP5.a(USB_std.o)
 .debug_abbrev  0x00001adf       0xe1 .\CortexM3\ARM_GCC_541\Debug\AS76_FFP5.a(USB_vnd.o)
 .debug_abbrev  0x00001bc0       0x90 .\CortexM3\ARM_GCC_541\Debug\AS76_FFP5.a(USB_Dp.o)
 .debug_abbrev  0x00001c50      0x12d .\CortexM3\ARM_GCC_541\Debug\AS76_FFP5.a(PWM_CondenserLED.o)
 .debug_abbrev  0x00001d7d      0x139 .\CortexM3\ARM_GCC_541\Debug\AS76_FFP5.a(SPIM_IntClock.o)
 .debug_abbrev  0x00001eb6      0x128 .\CortexM3\ARM_GCC_541\Debug\AS76_FFP5.a(QuadDec_X.o)
 .debug_abbrev  0x00001fde       0x78 .\CortexM3\ARM_GCC_541\Debug\AS76_FFP5.a(QuadDec_X_INT.o)
 .debug_abbrev  0x00002056      0x117 .\CortexM3\ARM_GCC_541\Debug\AS76_FFP5.a(QuadDec_X_Cnt16.o)
 .debug_abbrev  0x0000216d      0x16f .\CortexM3\ARM_GCC_541\Debug\AS76_FFP5.a(UART_PCB_LOG.o)
 .debug_abbrev  0x000022dc       0x8a .\CortexM3\ARM_GCC_541\Debug\AS76_FFP5.a(UART_PCB_LOG_INT.o)