Archive member included to satisfy reference by file (symbol)

.\CortexM3\ARM_GCC_541\Debug\AS76_FFP5.a(Pin_CSMotorX.o)
                              .\CortexM3\ARM_GCC_541\Debug\AS76.o (Pin_CSMotorX_Write)
.\CortexM3\ARM_GCC_541\Debug\AS76_FFP5.a(Pin_CSMotorY.o)
                              .\CortexM3\ARM_GCC_541\Debug\AS76.o (Pin_CSMotorY_Write)
.\CortexM3\ARM_GCC_541\Debug\AS76_FFP5.a(Pin_CSMotorZ.o)
                              .\CortexM3\ARM_GCC_541\Debug\AS76.o (Pin_CSMotorZ_Write)
.\CortexM3\ARM_GCC_541\Debug\AS76_FFP5.a(SPIM.o)
                              .\CortexM3\ARM_GCC_541\Debug\AS76.o (SPIM_WriteTxData)
.\CortexM3\ARM_GCC_541\Debug\AS76_FFP5.a(SPIM_INT.o)
                              .\CortexM3\ARM_GCC_541\Debug\AS76_FFP5.a(SPIM.o) (SPIM_TX_ISR)
.\CortexM3\ARM_GCC_541\Debug\AS76_FFP5.a(CyLib.o)
                              .\CortexM3\ARM_GCC_541\Debug\Cm3Start.o (CyHalt)
.\CortexM3\ARM_GCC_541\Debug\AS76_FFP5.a(cyPm.o)
                              .\CortexM3\ARM_GCC_541\Debug\AS76_FFP5.a(CyLib.o) (CyPmReadStatus)
.\CortexM3\ARM_GCC_541\Debug\AS76_FFP5.a(USB.o)
                              .\CortexM3\ARM_GCC_541\Debug\AS76.o (USB_Start)
.\CortexM3\ARM_GCC_541\Debug\AS76_FFP5.a(USB_cdc.o)
                              .\CortexM3\ARM_GCC_541\Debug\AS76.o (USB_CDC_Init)
.\CortexM3\ARM_GCC_541\Debug\AS76_FFP5.a(USB_drv.o)
                              .\CortexM3\ARM_GCC_541\Debug\AS76_FFP5.a(USB.o) (USB_lastPacketSize)
.\CortexM3\ARM_GCC_541\Debug\AS76_FFP5.a(USB_episr.o)
                              .\CortexM3\ARM_GCC_541\Debug\AS76_FFP5.a(USB.o) (USB_EP_1_ISR)
.\CortexM3\ARM_GCC_541\Debug\AS76_FFP5.a(USB_hid.o)
                              .\CortexM3\ARM_GCC_541\Debug\AS76_FFP5.a(USB.o) (USB_hidProtocol)
.\CortexM3\ARM_GCC_541\Debug\AS76_FFP5.a(USB_pm.o)
                              .\CortexM3\ARM_GCC_541\Debug\AS76_FFP5.a(USB.o) (USB_DP_ISR)
.\CortexM3\ARM_GCC_541\Debug\AS76_FFP5.a(USB_std.o)
                              .\CortexM3\ARM_GCC_541\Debug\AS76_FFP5.a(USB_pm.o) (USB_ConfigReg)
.\CortexM3\ARM_GCC_541\Debug\AS76_FFP5.a(USB_vnd.o)
                              .\CortexM3\ARM_GCC_541\Debug\AS76_FFP5.a(USB_drv.o) (USB_HandleVendorRqst)
.\CortexM3\ARM_GCC_541\Debug\AS76_FFP5.a(USB_Dp.o)
                              .\CortexM3\ARM_GCC_541\Debug\AS76_FFP5.a(USB.o) (USB_Dp_ClearInterrupt)
.\CortexM3\ARM_GCC_541\Debug\AS76_FFP5.a(PWM_CondenserLED.o)
                              .\CortexM3\ARM_GCC_541\Debug\AS76.o (PWM_CondenserLED_WriteCompare)
.\CortexM3\ARM_GCC_541\Debug\AS76_FFP5.a(SPIM_IntClock.o)
                              .\CortexM3\ARM_GCC_541\Debug\AS76_FFP5.a(SPIM.o) (SPIM_IntClock_Start)
.\CortexM3\ARM_GCC_541\Debug\AS76_FFP5.a(QuadDec_X.o)
                              .\CortexM3\ARM_GCC_541\Debug\AS76.o (QuadDec_X_GetCounter)
.\CortexM3\ARM_GCC_541\Debug\AS76_FFP5.a(QuadDec_X_INT.o)
                              .\CortexM3\ARM_GCC_541\Debug\AS76_FFP5.a(QuadDec_X.o) (QuadDec_X_ISR)
.\CortexM3\ARM_GCC_541\Debug\AS76_FFP5.a(QuadDec_X_Cnt16.o)
                              .\CortexM3\ARM_GCC_541\Debug\AS76_FFP5.a(QuadDec_X.o) (QuadDec_X_Cnt16_Stop)
.\CortexM3\ARM_GCC_541\Debug\AS76_FFP5.a(UART_PCB_LOG.o)
                              .\CortexM3\ARM_GCC_541\Debug\main.o (UART_PCB_LOG_Start)
.\CortexM3\ARM_GCC_541\Debug\AS76_FFP5.a(UART_PCB_LOG_INT.o)
                              .\CortexM3\ARM_GCC_541\Debug\AS76_FFP5.a(UART_PCB_LOG.o) (UART_PCB_LOG_RXISR)
.\CortexM3\ARM_GCC_541\Debug\AS76_FFP5.a(UART_PCB_LOG_IntClock.o)
                              .\CortexM3\ARM_GCC_541\Debug\AS76_FFP5.a(UART_PCB_LOG.o) (UART_PCB_LOG_IntClock_Start)
.\CortexM3\ARM_GCC_541\Debug\AS76_FFP5.a(Pin_Backlight.o)
                              .\CortexM3\ARM_GCC_541\Debug\AS76.o (Pin_Backlight_Write)
.\CortexM3\ARM_GCC_541\Debug\AS76_FFP5.a(LED2.o)
                              .\CortexM3\ARM_GCC_541\Debug\main.o (LED2_Write)
.\CortexM3\ARM_GCC_541\Debug\AS76_FFP5.a(Pin_CSMotorO.o)
                              .\CortexM3\ARM_GCC_541\Debug\AS76.o (Pin_CSMotorO_Write)
.\CortexM3\ARM_GCC_541\Debug\AS76_FFP5.a(Pin_CSMotorT.o)
                              .\CortexM3\ARM_GCC_541\Debug\AS76.o (Pin_CSMotorT_Write)
.\CortexM3\ARM_GCC_541\Debug\AS76_FFP5.a(QuadDec_TZ.o)
                              .\CortexM3\ARM_GCC_541\Debug\AS76.o (QuadDec_TZ_GetCounter)
.\CortexM3\ARM_GCC_541\Debug\AS76_FFP5.a(QuadDec_TZ_INT.o)
                              .\CortexM3\ARM_GCC_541\Debug\AS76_FFP5.a(QuadDec_TZ.o) (QuadDec_TZ_ISR)
.\CortexM3\ARM_GCC_541\Debug\AS76_FFP5.a(PWM_Buzzer.o)
                              .\CortexM3\ARM_GCC_541\Debug\AS76.o (PWM_Buzzer_WriteCompare)
.\CortexM3\ARM_GCC_541\Debug\AS76_FFP5.a(QuadDec_Y.o)
                              .\CortexM3\ARM_GCC_541\Debug\AS76.o (QuadDec_Y_GetCounter)
.\CortexM3\ARM_GCC_541\Debug\AS76_FFP5.a(QuadDec_Y_INT.o)
                              .\CortexM3\ARM_GCC_541\Debug\AS76_FFP5.a(QuadDec_Y.o) (QuadDec_Y_ISR)
[...]
Memory Configuration

Name             Origin             Length             Attributes
rom              0x00000000         0x00040000         xr
ram              0x1fff8000         0x00010000         xrw
*default*        0x00000000         0xffffffff

Linker script and memory map

LOAD c:/program files (x86)/cypress/psoc creator/4.4/psoc creator/import/gnu/arm/5.4.1/bin/../lib/gcc/arm-none-eabi/5.4.1/armv7-m/crti.o
LOAD c:/program files (x86)/cypress/psoc creator/4.4/psoc creator/import/gnu/arm/5.4.1/bin/../lib/gcc/arm-none-eabi/5.4.1/armv7-m/crtbegin.o
LOAD c:/program files (x86)/cypress/psoc creator/4.4/psoc creator/import/gnu/arm/5.4.1/bin/../lib/gcc/arm-none-eabi/5.4.1/../../../../arm-none-eabi/lib/armv7-m/crt0.o
START GROUP
LOAD .\CortexM3\ARM_GCC_541\Debug\main.o
LOAD .\CortexM3\ARM_GCC_541\Debug\AS76.o
LOAD .\CortexM3\ARM_GCC_541\Debug\APA102.o
LOAD .\CortexM3\ARM_GCC_541\Debug\cyfitter_cfg.o
LOAD .\CortexM3\ARM_GCC_541\Debug\cymetadata.o
LOAD .\CortexM3\ARM_GCC_541\Debug\Cm3Start.o
LOAD .\CortexM3\ARM_GCC_541\Debug\AS76_FFP5.a
LOAD C:\Program Files (x86)\Cypress\PSoC Creator\4.4\PSoC Creator\psoc\content\cycomponentlibrary\CyComponentLibrary.cylib\CortexM3\ARM_GCC_541\Debug\CyComponentLibrary.a
LOAD c:/program files (x86)/cypress/psoc creator/4.4/psoc creator/import/gnu/arm/5.4.1/bin/../lib/gcc/arm-none-eabi/5.4.1/../../../../arm-none-eabi/lib/armv7-m\libm.a
END GROUP
START GROUP
LOAD c:/program files (x86)/cypress/psoc creator/4.4/psoc creator/import/gnu/arm/5.4.1/bin/../lib/gcc/arm-none-eabi/5.4.1/armv7-m\libgcc.a
LOAD c:/program files (x86)/cypress/psoc creator/4.4/psoc creator/import/gnu/arm/5.4.1/bin/../lib/gcc/arm-none-eabi/5.4.1/../../../../arm-none-eabi/lib/armv7-m\libg_nano.a
LOAD c:/program files (x86)/cypress/psoc creator/4.4/psoc creator/import/gnu/arm/5.4.1/bin/../lib/gcc/arm-none-eabi/5.4.1/../../../../arm-none-eabi/lib/armv7-m\libc_nano.a
END GROUP
START GROUP
LOAD c:/program files (x86)/cypress/psoc creator/4.4/psoc creator/import/gnu/arm/5.4.1/bin/../lib/gcc/arm-none-eabi/5.4.1/armv7-m\libgcc.a
LOAD c:/program files (x86)/cypress/psoc creator/4.4/psoc creator/import/gnu/arm/5.4.1/bin/../lib/gcc/arm-none-eabi/5.4.1/../../../../arm-none-eabi/lib/armv7-m\libc_nano.a
END GROUP
LOAD c:/program files (x86)/cypress/psoc creator/4.4/psoc creator/import/gnu/arm/5.4.1/bin/../lib/gcc/arm-none-eabi/5.4.1/armv7-m/crtend.o
LOAD c:/program files (x86)/cypress/psoc creator/4.4/psoc creator/import/gnu/arm/5.4.1/bin/../lib/gcc/arm-none-eabi/5.4.1/armv7-m/crtn.o
START GROUP
LOAD c:/program files (x86)/cypress/psoc creator/4.4/psoc creator/import/gnu/arm/5.4.1/bin/../lib/gcc/arm-none-eabi/5.4.1/armv7-m\libgcc.a
LOAD c:/program files (x86)/cypress/psoc creator/4.4/psoc creator/import/gnu/arm/5.4.1/bin/../lib/gcc/arm-none-eabi/5.4.1/../../../../arm-none-eabi/lib/armv7-m\libc.a
LOAD c:/program files (x86)/cypress/psoc creator/4.4/psoc creator/import/gnu/arm/5.4.1/bin/../lib/gcc/arm-none-eabi/5.4.1/../../../../arm-none-eabi/lib/armv7-m\libnosys.a
END GROUP
                0x00000000                CY_APPL_ORIGIN = 0x0
                0x00000100                CY_FLASH_ROW_SIZE = 0x100
                0x00000020                CY_ECC_ROW_SIZE = 0x20
                0x00000000                CY_EE_IN_BTLDR = 0x0
                0x00000000                CY_APPL_LOADABLE = 0x0
                0x00000800                CY_EE_SIZE = 0x800
                0x00000001                CY_APPL_NUM = 0x1
                0x00000001                CY_APPL_MAX = 0x1
                0x00000040                CY_METADATA_SIZE = 0x40
                0x00000000                CY_APPL_LOADABLE = 0x0
                0x00000000                CY_CHECKSUM_EXCLUDE_SIZE = ALIGN (0x0, CY_FLASH_ROW_SIZE)
                [!provide]                PROVIDE (__cy_heap_start, _end)
                0x00000001                PROVIDE (__cy_region_num, ((__cy_regions_end - __cy_regions) / 0x10))
                0x20008000                PROVIDE (__cy_stack, (ORIGIN (ram) + LENGTH (ram)))
                [!provide]                PROVIDE (__cy_heap_end, (__cy_stack - 0x800))

.cybootloader   0x00000000        0x0
 *(.cybootloader)
                0x00000000                appl1_start = CY_APPL_ORIGIN?CY_APPL_ORIGIN:ALIGN (CY_FLASH_ROW_SIZE)
                0x0001ff00                appl2_start = (appl1_start + ALIGN ((((LENGTH (rom) - appl1_start) - (0x2 * CY_FLASH_ROW_SIZE)) / 0x2), CY_FLASH_ROW_SIZE))
                0x00000000                appl_start = (CY_APPL_NUM == 0x1)?appl1_start:appl2_start
                0x00000000                ecc_offset = ((appl_start / CY_FLASH_ROW_SIZE) * CY_ECC_ROW_SIZE)
                0x00000000                ee_offset = (CY_APPL_LOADABLE && ! (CY_EE_IN_BTLDR))?((CY_EE_SIZE / CY_APPL_MAX) * (CY_APPL_NUM - 0x1)):0x0
                0x00000800                ee_size = (CY_APPL_LOADABLE && ! (CY_EE_IN_BTLDR))?(CY_EE_SIZE / CY_APPL_MAX):CY_EE_SIZE
                [!provide]                PROVIDE (CY_ECC_OFFSET, ecc_offset)

.text           0x00000000     0x72dc
 CREATE_OBJECT_SYMBOLS
                0x00000000                PROVIDE (__cy_interrupt_vector, RomVectors)
 *(.romvectors)
 .romvectors    0x00000000       0x10 .\CortexM3\ARM_GCC_541\Debug\Cm3Start.o
                0x00000000                RomVectors
                0x00000001                ASSERT ((. != __cy_interrupt_vector), No interrupt vector)
                0x00000001                ASSERT (CY_APPL_ORIGIN?(SIZEOF (.cybootloader) <= CY_APPL_ORIGIN):0x1, Wrong image location)
                0x00000010                PROVIDE (__cy_reset, Reset)
 *(.text.Reset)
 .text.Reset    0x00000010       0x18 .\CortexM3\ARM_GCC_541\Debug\Cm3Start.o
                0x00000010                Reset
                0x00000001                ASSERT ((. != __cy_reset), No reset code)
 *(.dma_init)
                0x00000001                ASSERT ((((appl_start + .) <= 0x10000) || 0x1), DMA Init must be within the first 64k of flash)
 *(.text .text.* .gnu.linkonce.t.*)
 .text          0x00000028       0x5c c:/program files (x86)/cypress/psoc creator/4.4/psoc creator/import/gnu/arm/5.4.1/bin/../lib/gcc/arm-none-eabi/5.4.1/armv7-m/crtbegin.o
 .text.main     0x00000084       0xf8 .\CortexM3\ARM_GCC_541\Debug\main.o
                0x00000084                main
 .text.wait_interrupt_Handler
                0x0000017c       0x24 .\CortexM3\ARM_GCC_541\Debug\AS76.o
                0x0000017c                wait_interrupt_Handler
 .text.Initialize_PWM
                0x000001a0       0x50 .\CortexM3\ARM_GCC_541\Debug\AS76.o
                0x000001a0                Initialize_PWM
 .text.Enable_Encoder_T
                0x000001f0       0x18 .\CortexM3\ARM_GCC_541\Debug\AS76.o
                0x000001f0                Enable_Encoder_T
 .text.Enable_Encoder_Z
                0x00000208       0x18 .\CortexM3\ARM_GCC_541\Debug\AS76.o
                0x00000208                Enable_Encoder_Z
 .text.Initialize_And_Start_All_Opt_Encoder
                0x00000220       0x2c .\CortexM3\ARM_GCC_541\Debug\AS76.o
                0x00000220                Initialize_And_Start_All_Opt_Encoder
 .text.Read_All_Optical_Encoder
                0x0000024c       0x44 .\CortexM3\ARM_GCC_541\Debug\AS76.o
                0x0000024c                Read_All_Optical_Encoder
 .text.Write_Debug_UART_Char
                0x00000290       0x2c .\CortexM3\ARM_GCC_541\Debug\AS76.o
                0x00000290                Write_Debug_UART_Char
 .text.Beep_Twice
                0x000002bc       0x40 .\CortexM3\ARM_GCC_541\Debug\AS76.o
                0x000002bc                Beep_Twice
 *fill*         0x000002fc        0x4 
 .text.Send_Feedback_to_USB
                0x00000300      0x300 .\CortexM3\ARM_GCC_541\Debug\AS76.o
                0x00000300                Send_Feedback_to_USB
 .text.Initialize_USB
                0x00000600       0x38 .\CortexM3\ARM_GCC_541\Debug\AS76.o
                0x00000600                Initialize_USB
 .text.Write_Debug_UART_Int
                0x00000638       0x24 .\CortexM3\ARM_GCC_541\Debug\AS76.o
                0x00000638                Write_Debug_UART_Int
 *fill*         0x0000065c        0x4 
 .text.set_BarcodeCondenser_LED
                0x00000660       0x70 .\CortexM3\ARM_GCC_541\Debug\AS76.o
                0x00000660                set_BarcodeCondenser_LED
 .text.set_CondenserLED
                0x000006d0       0x70 .\CortexM3\ARM_GCC_541\Debug\AS76.o
                0x000006d0                set_CondenserLED
 .text.UART_print_all_values
                0x00000740       0x24 .\CortexM3\ARM_GCC_541\Debug\AS76.o
                0x00000740                UART_print_all_values
 .text.if_all_homing_done
                0x00000764       0x7c .\CortexM3\ARM_GCC_541\Debug\AS76.o
                0x00000764                if_all_homing_done
 .text.Is_USB_Unpluged
                0x000007e0       0x40 .\CortexM3\ARM_GCC_541\Debug\AS76.o
                0x000007e0                Is_USB_Unpluged
 .text.Data_To_Transfer
                0x00000820       0x10 .\CortexM3\ARM_GCC_541\Debug\AS76.o
                0x00000820                Data_To_Transfer
 .text.SPI_MOTOR_CHIP_SELECT
                0x00000830       0x98 .\CortexM3\ARM_GCC_541\Debug\AS76.o
                0x00000830                SPI_MOTOR_CHIP_SELECT
 .text.Read_32bitSPI_DATA
                0x000008c8       0xec .\CortexM3\ARM_GCC_541\Debug\AS76.o
                0x000008c8                Read_32bitSPI_DATA
 .text.Write_32bitSPI_DATA
                0x000009b4       0x40 .\CortexM3\ARM_GCC_541\Debug\AS76.o
                0x000009b4                Write_32bitSPI_DATA
 .text.GotoPos  0x000009f4       0x28 .\CortexM3\ARM_GCC_541\Debug\AS76.o
                0x000009f4                GotoPos
 .text.Initialize_Motor
                0x00000a1c      0x288 .\CortexM3\ARM_GCC_541\Debug\AS76.o
                0x00000a1c                Initialize_Motor
 .text.WaitTillPositionReached
                0x00000ca4       0x68 .\CortexM3\ARM_GCC_541\Debug\AS76.o
                0x00000ca4                WaitTillPositionReached
 .text.Step_correction_x
                0x00000d0c      0x16c .\CortexM3\ARM_GCC_541\Debug\AS76.o
                0x00000d0c                Step_correction_x
 .text.goTo_X   0x00000e78       0x7c .\CortexM3\ARM_GCC_541\Debug\AS76.o
                0x00000e78                goTo_X
 *fill*         0x00000ef4        0x4 
 .text.Step_correction_y
                0x00000ef8      0x168 .\CortexM3\ARM_GCC_541\Debug\AS76.o
                0x00000ef8                Step_correction_y
 .text.goTo_Y   0x00001060       0x74 .\CortexM3\ARM_GCC_541\Debug\AS76.o
                0x00001060                goTo_Y
 *fill*         0x000010d4        0x4 
 .text.Step_correction_z
                0x000010d8      0x164 .\CortexM3\ARM_GCC_541\Debug\AS76.o
                0x000010d8                Step_correction_z
 .text.goTo_Z   0x0000123c       0x84 .\CortexM3\ARM_GCC_541\Debug\AS76.o
                0x0000123c                goTo_Z
 .text.Step_correction_t
                0x000012c0       0xf0 .\CortexM3\ARM_GCC_541\Debug\AS76.o
                0x000012c0                Step_correction_t
 .text.goTo_T   0x000013b0       0x90 .\CortexM3\ARM_GCC_541\Debug\AS76.o
                0x000013b0                goTo_T
 .text.goTo_XYZ
                0x00001440       0xcc .\CortexM3\ARM_GCC_541\Debug\AS76.o
                0x00001440                goTo_XYZ
 .text.update_max_velocity
                0x0000150c       0x10 .\CortexM3\ARM_GCC_541\Debug\AS76.o
                0x0000150c                update_max_velocity
 .text.homeX    0x0000151c      0x1f4 .\CortexM3\ARM_GCC_541\Debug\AS76.o
                0x0000151c                homeX
 .text.homeY    0x00001710      0x1f4 .\CortexM3\ARM_GCC_541\Debug\AS76.o
                0x00001710                homeY
 .text.homeZ    0x00001904      0x1ec .\CortexM3\ARM_GCC_541\Debug\AS76.o
                0x00001904                homeZ
 .text.homeT    0x00001af0      0x184 .\CortexM3\ARM_GCC_541\Debug\AS76.o
                0x00001af0                homeT
 .text.run_pump
                0x00001c74      0x1b8 .\CortexM3\ARM_GCC_541\Debug\AS76.o
                0x00001c74                run_pump
 .text.run_pumpvs
                0x00001e2c       0x80 .\CortexM3\ARM_GCC_541\Debug\AS76.o
                0x00001e2c                run_pumpvs
 *fill*         0x00001eac        0x4 
 .text.Process_USB_Data
                0x00001eb0      0xb4c .\CortexM3\ARM_GCC_541\Debug\AS76.o
                0x00001eb0                Process_USB_Data
 .text.LedFrame
                0x000029fc       0x1c .\CortexM3\ARM_GCC_541\Debug\APA102.o
                0x000029fc                LedFrame
 .text.RGB_Byte_TxOp
                0x00002a18       0x38 .\CortexM3\ARM_GCC_541\Debug\APA102.o
                0x00002a18                RGB_Byte_TxOp
 .text.BF2      0x00002a50       0x54 .\CortexM3\ARM_GCC_541\Debug\APA102.o
                0x00002a50                BF2
 .text.Ring     0x00002aa4      0x324 .\CortexM3\ARM_GCC_541\Debug\APA102.o
                0x00002aa4                Ring
 .text.CyClockStartupError
                0x00002dc8        0x4 .\CortexM3\ARM_GCC_541\Debug\cyfitter_cfg.o
 .text.cfg_write_bytes32
                0x00002dcc       0x34 .\CortexM3\ARM_GCC_541\Debug\cyfitter_cfg.o
 .text.AnalogSetDefault
                0x00002e00       0x28 .\CortexM3\ARM_GCC_541\Debug\cyfitter_cfg.o
 .text.CYMEMZERO
                0x00002e28        0xc .\CortexM3\ARM_GCC_541\Debug\cyfitter_cfg.o
 .text.CYCONFIGCPYCODE
                0x00002e34        0x8 .\CortexM3\ARM_GCC_541\Debug\cyfitter_cfg.o
 .text.CYCONFIGCPY
                0x00002e3c        0x8 .\CortexM3\ARM_GCC_541\Debug\cyfitter_cfg.o
 .text.ClockSetup
                0x00002e44       0xe8 .\CortexM3\ARM_GCC_541\Debug\cyfitter_cfg.o
 .text.cyfitter_cfg
                0x00002f2c      0x170 .\CortexM3\ARM_GCC_541\Debug\cyfitter_cfg.o
                0x00002f2c                cyfitter_cfg
 .text.IntDefaultHandler
                0x0000309c       0x10 .\CortexM3\ARM_GCC_541\Debug\Cm3Start.o
                0x0000309c                IntDefaultHandler
 .text._sbrk    0x000030ac       0x30 .\CortexM3\ARM_GCC_541\Debug\Cm3Start.o
                0x000030ac                _sbrk
 .text.Start_c  0x000030dc       0x4c .\CortexM3\ARM_GCC_541\Debug\Cm3Start.o
                0x000030dc                Start_c
 .text.initialize_psoc
                0x00003128       0x68 .\CortexM3\ARM_GCC_541\Debug\Cm3Start.o
                0x00003128                initialize_psoc
 .text.Pin_CSMotorX_Write
                0x00003190       0x18 .\CortexM3\ARM_GCC_541\Debug\AS76_FFP5.a(Pin_CSMotorX.o)
                0x00003190                Pin_CSMotorX_Write
 .text.Pin_CSMotorY_Write
                0x000031a8       0x18 .\CortexM3\ARM_GCC_541\Debug\AS76_FFP5.a(Pin_CSMotorY.o)
                0x000031a8                Pin_CSMotorY_Write
 .text.Pin_CSMotorZ_Write
                0x000031c0       0x18 .\CortexM3\ARM_GCC_541\Debug\AS76_FFP5.a(Pin_CSMotorZ.o)
                0x000031c0                Pin_CSMotorZ_Write
 .text.SPIM_EnableTxInt
                0x000031d8        0xc .\CortexM3\ARM_GCC_541\Debug\AS76_FFP5.a(SPIM.o)
                0x000031d8                SPIM_EnableTxInt
 .text.SPIM_EnableRxInt
                0x000031e4        0xc .\CortexM3\ARM_GCC_541\Debug\AS76_FFP5.a(SPIM.o)
                0x000031e4                SPIM_EnableRxInt
 .text.SPIM_Enable
                0x000031f0       0x3c .\CortexM3\ARM_GCC_541\Debug\AS76_FFP5.a(SPIM.o)
                0x000031f0                SPIM_Enable
 .text.SPIM_DisableTxInt
                0x0000322c        0xc .\CortexM3\ARM_GCC_541\Debug\AS76_FFP5.a(SPIM.o)
                0x0000322c                SPIM_DisableTxInt
 .text.SPIM_DisableRxInt
                0x00003238        0xc .\CortexM3\ARM_GCC_541\Debug\AS76_FFP5.a(SPIM.o)
                0x00003238                SPIM_DisableRxInt
 .text.SPIM_ReadTxStatus
                0x00003244       0x28 .\CortexM3\ARM_GCC_541\Debug\AS76_FFP5.a(SPIM.o)
                0x00003244                SPIM_ReadTxStatus
 .text.SPIM_ReadRxStatus
                0x0000326c       0x28 .\CortexM3\ARM_GCC_541\Debug\AS76_FFP5.a(SPIM.o)
                0x0000326c                SPIM_ReadRxStatus
 .text.SPIM_WriteTxData
                0x00003294       0xd4 .\CortexM3\ARM_GCC_541\Debug\AS76_FFP5.a(SPIM.o)
                0x00003294                SPIM_WriteTxData
 .text.SPIM_ReadRxData
                0x00003368       0x64 .\CortexM3\ARM_GCC_541\Debug\AS76_FFP5.a(SPIM.o)
                0x00003368                SPIM_ReadRxData
 .text.SPIM_ClearFIFO
                0x000033cc       0x3c .\CortexM3\ARM_GCC_541\Debug\AS76_FFP5.a(SPIM.o)
                0x000033cc                SPIM_ClearFIFO
 .text.SPIM_Init
                0x00003408       0x90 .\CortexM3\ARM_GCC_541\Debug\AS76_FFP5.a(SPIM.o)
                0x00003408                SPIM_Init
 .text.SPIM_Start
                0x00003498       0x1c .\CortexM3\ARM_GCC_541\Debug\AS76_FFP5.a(SPIM.o)
                0x00003498                SPIM_Start
 .text.SPIM_TX_ISR
                0x000034b4       0xa0 .\CortexM3\ARM_GCC_541\Debug\AS76_FFP5.a(SPIM_INT.o)
                0x000034b4                SPIM_TX_ISR
 .text.SPIM_RX_ISR
                0x00003554       0xa0 .\CortexM3\ARM_GCC_541\Debug\AS76_FFP5.a(SPIM_INT.o)
                0x00003554                SPIM_RX_ISR
 .text.CyHalt   0x000035f4        0x4 .\CortexM3\ARM_GCC_541\Debug\AS76_FFP5.a(CyLib.o)
                0x000035f4                CyHalt
 .text.CySoftwareReset
                0x000035f8       0x10 .\CortexM3\ARM_GCC_541\Debug\AS76_FFP5.a(CyLib.o)
                0x000035f8                CySoftwareReset
 .text.CyDelay  0x00003608       0x2c .\CortexM3\ARM_GCC_541\Debug\AS76_FFP5.a(CyLib.o)
                0x00003608                CyDelay
 .text.CyDelayUs
                0x00003634       0x14 .\CortexM3\ARM_GCC_541\Debug\AS76_FFP5.a(CyLib.o)
                0x00003634                CyDelayUs
 .text.CyIntSetVector
                0x00003648       0x28 .\CortexM3\ARM_GCC_541\Debug\AS76_FFP5.a(CyLib.o)
                0x00003648                CyIntSetVector
 .text.CyIntSetPriority
                0x00003670       0x30 .\CortexM3\ARM_GCC_541\Debug\AS76_FFP5.a(CyLib.o)
                0x00003670                CyIntSetPriority
 .text.CyGetUniqueId
                0x000036a0       0x70 .\CortexM3\ARM_GCC_541\Debug\AS76_FFP5.a(CyLib.o)
                0x000036a0                CyGetUniqueId
 .text.USB_Init
                0x00003710      0x140 .\CortexM3\ARM_GCC_541\Debug\AS76_FFP5.a(USB.o)
                0x00003710                USB_Init
 .text.USB_InitComponent
                0x00003850       0xd0 .\CortexM3\ARM_GCC_541\Debug\AS76_FFP5.a(USB.o)
                0x00003850                USB_InitComponent
 .text.USB_Start
                0x00003920       0x24 .\CortexM3\ARM_GCC_541\Debug\AS76_FFP5.a(USB.o)
                0x00003920                USB_Start
 .text.USB_ReInitComponent
                0x00003944       0x64 .\CortexM3\ARM_GCC_541\Debug\AS76_FFP5.a(USB.o)
                0x00003944                USB_ReInitComponent
 .text.USB_GetConfiguration
                0x000039a8        0xc .\CortexM3\ARM_GCC_541\Debug\AS76_FFP5.a(USB.o)
                0x000039a8                USB_GetConfiguration
 .text.USB_IsConfigurationChanged
                0x000039b4       0x20 .\CortexM3\ARM_GCC_541\Debug\AS76_FFP5.a(USB.o)
                0x000039b4                USB_IsConfigurationChanged
 .text.USB_GetEPState
                0x000039d4       0x14 .\CortexM3\ARM_GCC_541\Debug\AS76_FFP5.a(USB.o)
                0x000039d4                USB_GetEPState
 .text.USB_GetEPCount
                0x000039e8       0x28 .\CortexM3\ARM_GCC_541\Debug\AS76_FFP5.a(USB.o)
                0x000039e8                USB_GetEPCount
 .text.USB_LoadInEP
                0x00003a10       0x94 .\CortexM3\ARM_GCC_541\Debug\AS76_FFP5.a(USB.o)
                0x00003a10                USB_LoadInEP
 .text.USB_EnableOutEP
                0x00003aa4       0x2c .\CortexM3\ARM_GCC_541\Debug\AS76_FFP5.a(USB.o)
                0x00003aa4                USB_EnableOutEP
 .text.USB_ReadOutEP
                0x00003ad0       0x50 .\CortexM3\ARM_GCC_541\Debug\AS76_FFP5.a(USB.o)
                0x00003ad0                USB_ReadOutEP
 .text.USB_EnableSofInt
                0x00003b20       0x10 .\CortexM3\ARM_GCC_541\Debug\AS76_FFP5.a(USB.o)
                0x00003b20                USB_EnableSofInt
 .text.USB_GetInterfaceComPort
                0x00003b30       0x38 .\CortexM3\ARM_GCC_541\Debug\AS76_FFP5.a(USB_cdc.o)
                0x00003b30                USB_GetInterfaceComPort
 .text.USB_DispatchCDCClassRqst
                0x00003b68       0x98 .\CortexM3\ARM_GCC_541\Debug\AS76_FFP5.a(USB_cdc.o)
                0x00003b68                USB_DispatchCDCClassRqst
 .text.USB_CDC_Init
                0x00003c00       0x98 .\CortexM3\ARM_GCC_541\Debug\AS76_FFP5.a(USB_cdc.o)
                0x00003c00                USB_CDC_Init
 .text.USB_PutData
                0x00003c98       0x50 .\CortexM3\ARM_GCC_541\Debug\AS76_FFP5.a(USB_cdc.o)
                0x00003c98                USB_PutData
 .text.USB_DataIsReady
                0x00003ce8       0x18 .\CortexM3\ARM_GCC_541\Debug\AS76_FFP5.a(USB_cdc.o)
                0x00003ce8                USB_DataIsReady
 .text.USB_GetAll
                0x00003d00       0x30 .\CortexM3\ARM_GCC_541\Debug\AS76_FFP5.a(USB_cdc.o)
                0x00003d00                USB_GetAll
 .text.USB_Cdc_EpInit
                0x00003d30       0x50 .\CortexM3\ARM_GCC_541\Debug\AS76_FFP5.a(USB_cdc.o)
                0x00003d30                USB_Cdc_EpInit
 .text.USB_LoadEP0
                0x00003d80       0x98 .\CortexM3\ARM_GCC_541\Debug\AS76_FFP5.a(USB_drv.o)
                0x00003d80                USB_LoadEP0
 .text.USB_InitZeroLengthControlTransfer
                0x00003e18       0x34 .\CortexM3\ARM_GCC_541\Debug\AS76_FFP5.a(USB_drv.o)
                0x00003e18                USB_InitZeroLengthControlTransfer
 .text.USB_ControlReadDataStage
                0x00003e4c        0x8 .\CortexM3\ARM_GCC_541\Debug\AS76_FFP5.a(USB_drv.o)
                0x00003e4c                USB_ControlReadDataStage
 .text.USB_ControlWriteDataStage
                0x00003e54       0x84 .\CortexM3\ARM_GCC_541\Debug\AS76_FFP5.a(USB_drv.o)
                0x00003e54                USB_ControlWriteDataStage
 .text.USB_InitNoDataControlTransfer
                0x00003ed8       0x2c .\CortexM3\ARM_GCC_541\Debug\AS76_FFP5.a(USB_drv.o)
                0x00003ed8                USB_InitNoDataControlTransfer
 .text.USB_UpdateStatusBlock
                0x00003f04       0x24 .\CortexM3\ARM_GCC_541\Debug\AS76_FFP5.a(USB_drv.o)
                0x00003f04                USB_UpdateStatusBlock
 .text.USB_HandleSetup
                0x00003f28       0x5c .\CortexM3\ARM_GCC_541\Debug\AS76_FFP5.a(USB_drv.o)
                0x00003f28                USB_HandleSetup
 .text.USB_ControlReadStatusStage
                0x00003f84       0x38 .\CortexM3\ARM_GCC_541\Debug\AS76_FFP5.a(USB_drv.o)
                0x00003f84                USB_ControlReadStatusStage
 .text.USB_HandleOUT
                0x00003fbc       0x38 .\CortexM3\ARM_GCC_541\Debug\AS76_FFP5.a(USB_drv.o)
                0x00003fbc                USB_HandleOUT
 .text.USB_ControlWriteStatusStage
                0x00003ff4       0x20 .\CortexM3\ARM_GCC_541\Debug\AS76_FFP5.a(USB_drv.o)
                0x00003ff4                USB_ControlWriteStatusStage
 .text.USB_NoDataControlStatusStage
                0x00004014       0x40 .\CortexM3\ARM_GCC_541\Debug\AS76_FFP5.a(USB_drv.o)
                0x00004014                USB_NoDataControlStatusStage
 .text.USB_HandleIN
                0x00004054       0x2c .\CortexM3\ARM_GCC_541\Debug\AS76_FFP5.a(USB_drv.o)
                0x00004054                USB_HandleIN
 .text.USB_EP_0_ISR
                0x00004080       0xb8 .\CortexM3\ARM_GCC_541\Debug\AS76_FFP5.a(USB_drv.o)
                0x00004080                USB_EP_0_ISR
 .text.USB_InitializeStatusBlock
                0x00004138       0x24 .\CortexM3\ARM_GCC_541\Debug\AS76_FFP5.a(USB_drv.o)
                0x00004138                USB_InitializeStatusBlock
 .text.USB_InitControlRead
                0x0000415c       0x50 .\CortexM3\ARM_GCC_541\Debug\AS76_FFP5.a(USB_drv.o)
                0x0000415c                USB_InitControlRead
 .text.USB_InitControlWrite
                0x000041ac       0x48 .\CortexM3\ARM_GCC_541\Debug\AS76_FFP5.a(USB_drv.o)
                0x000041ac                USB_InitControlWrite
 .text.USB_EP_1_ISR
                0x000041f4       0x30 .\CortexM3\ARM_GCC_541\Debug\AS76_FFP5.a(USB_episr.o)
                0x000041f4                USB_EP_1_ISR
 .text.USB_EP_2_ISR
                0x00004224       0x34 .\CortexM3\ARM_GCC_541\Debug\AS76_FFP5.a(USB_episr.o)
                0x00004224                USB_EP_2_ISR
 .text.USB_EP_3_ISR
                0x00004258       0x3c .\CortexM3\ARM_GCC_541\Debug\AS76_FFP5.a(USB_episr.o)
                0x00004258                USB_EP_3_ISR
 .text.USB_SOF_ISR
                0x00004294        0x4 .\CortexM3\ARM_GCC_541\Debug\AS76_FFP5.a(USB_episr.o)
                0x00004294                USB_SOF_ISR
 .text.USB_BUS_RESET_ISR
                0x00004298        0x8 .\CortexM3\ARM_GCC_541\Debug\AS76_FFP5.a(USB_episr.o)
                0x00004298                USB_BUS_RESET_ISR
 .text.USB_FindHidClassDecriptor
                0x000042a0       0x44 .\CortexM3\ARM_GCC_541\Debug\AS76_FFP5.a(USB_hid.o)
                0x000042a0                USB_FindHidClassDecriptor
 .text.USB_FindReportDescriptor
                0x000042e4       0x4c .\CortexM3\ARM_GCC_541\Debug\AS76_FFP5.a(USB_hid.o)
                0x000042e4                USB_FindReportDescriptor
 .text.USB_FindReport
                0x00004330       0x80 .\CortexM3\ARM_GCC_541\Debug\AS76_FFP5.a(USB_hid.o)
                0x00004330                USB_FindReport
 .text.USB_DispatchHIDClassRqst
                0x000043b0      0x184 .\CortexM3\ARM_GCC_541\Debug\AS76_FFP5.a(USB_hid.o)
                0x000043b0                USB_DispatchHIDClassRqst
 .text.USB_DP_ISR
                0x00004534        0x8 .\CortexM3\ARM_GCC_541\Debug\AS76_FFP5.a(USB_pm.o)
                0x00004534                USB_DP_ISR
 .text.USB_ReadDieID
                0x0000453c       0x6c .\CortexM3\ARM_GCC_541\Debug\AS76_FFP5.a(USB_std.o)
                0x0000453c                USB_ReadDieID
 .text.USB_ConfigReg
                0x000045a8       0xa4 .\CortexM3\ARM_GCC_541\Debug\AS76_FFP5.a(USB_std.o)
                0x000045a8                USB_ConfigReg
 .text.USB_GetConfigTablePtr
                0x0000464c       0x28 .\CortexM3\ARM_GCC_541\Debug\AS76_FFP5.a(USB_std.o)
                0x0000464c                USB_GetConfigTablePtr
 .text.USB_ConfigAltChanged
                0x00004674      0x11c .\CortexM3\ARM_GCC_541\Debug\AS76_FFP5.a(USB_std.o)
                0x00004674                USB_ConfigAltChanged
 .text.USB_GetDeviceTablePtr
                0x00004790       0x18 .\CortexM3\ARM_GCC_541\Debug\AS76_FFP5.a(USB_std.o)
                0x00004790                USB_GetDeviceTablePtr
 .text.USB_GetInterfaceClassTablePtr
                0x000047a8       0x28 .\CortexM3\ARM_GCC_541\Debug\AS76_FFP5.a(USB_std.o)
                0x000047a8                USB_GetInterfaceClassTablePtr
 .text.USB_Config
                0x000047d0      0x1ec .\CortexM3\ARM_GCC_541\Debug\AS76_FFP5.a(USB_std.o)
                0x000047d0                USB_Config
 .text.USB_SetEndpointHalt
                0x000049bc       0x64 .\CortexM3\ARM_GCC_541\Debug\AS76_FFP5.a(USB_std.o)
                0x000049bc                USB_SetEndpointHalt
 .text.USB_ClearEndpointHalt
                0x00004a20       0xac .\CortexM3\ARM_GCC_541\Debug\AS76_FFP5.a(USB_std.o)
                0x00004a20                USB_ClearEndpointHalt
 .text.USB_ValidateAlternateSetting
                0x00004acc       0x4c .\CortexM3\ARM_GCC_541\Debug\AS76_FFP5.a(USB_std.o)
                0x00004acc                USB_ValidateAlternateSetting
 .text.USB_HandleStandardRqst
                0x00004b18      0x35c .\CortexM3\ARM_GCC_541\Debug\AS76_FFP5.a(USB_std.o)
                0x00004b18                USB_HandleStandardRqst
 .text.USB_HandleVendorRqst
                0x00004e74       0x3c .\CortexM3\ARM_GCC_541\Debug\AS76_FFP5.a(USB_vnd.o)
                0x00004e74                USB_HandleVendorRqst
 .text.USB_Dp_ClearInterrupt
                0x00004eb0       0x10 .\CortexM3\ARM_GCC_541\Debug\AS76_FFP5.a(USB_Dp.o)
                0x00004eb0                USB_Dp_ClearInterrupt
 .text.PWM_CondenserLED_Enable
                0x00004ec0       0x28 .\CortexM3\ARM_GCC_541\Debug\AS76_FFP5.a(PWM_CondenserLED.o)
                0x00004ec0                PWM_CondenserLED_Enable
 .text.PWM_CondenserLED_WritePeriod
                0x00004ee8        0xc .\CortexM3\ARM_GCC_541\Debug\AS76_FFP5.a(PWM_CondenserLED.o)
                0x00004ee8                PWM_CondenserLED_WritePeriod
 .text.PWM_CondenserLED_WriteCompare
                0x00004ef4        0xc .\CortexM3\ARM_GCC_541\Debug\AS76_FFP5.a(PWM_CondenserLED.o)
                0x00004ef4                PWM_CondenserLED_WriteCompare
 .text.PWM_CondenserLED_SetInterruptMode
                0x00004f00        0xc .\CortexM3\ARM_GCC_541\Debug\AS76_FFP5.a(PWM_CondenserLED.o)
                0x00004f00                PWM_CondenserLED_SetInterruptMode
 .text.PWM_CondenserLED_Init
                0x00004f0c       0x74 .\CortexM3\ARM_GCC_541\Debug\AS76_FFP5.a(PWM_CondenserLED.o)
                0x00004f0c                PWM_CondenserLED_Init
 .text.PWM_CondenserLED_Start
                0x00004f80       0x1c .\CortexM3\ARM_GCC_541\Debug\AS76_FFP5.a(PWM_CondenserLED.o)
                0x00004f80                PWM_CondenserLED_Start
 .text.SPIM_IntClock_Start
                0x00004f9c       0x1c .\CortexM3\ARM_GCC_541\Debug\AS76_FFP5.a(SPIM_IntClock.o)
                0x00004f9c                SPIM_IntClock_Start
 .text.QuadDec_X_Init
                0x00004fb8       0x24 .\CortexM3\ARM_GCC_541\Debug\AS76_FFP5.a(QuadDec_X.o)
                0x00004fb8                QuadDec_X_Init
 .text.QuadDec_X_GetCounter
                0x00004fdc       0x2c .\CortexM3\ARM_GCC_541\Debug\AS76_FFP5.a(QuadDec_X.o)
                0x00004fdc                QuadDec_X_GetCounter
 .text.QuadDec_X_SetCounter
                0x00005008       0x28 .\CortexM3\ARM_GCC_541\Debug\AS76_FFP5.a(QuadDec_X.o)
                0x00005008                QuadDec_X_SetCounter
 .text.QuadDec_X_GetEvents
                0x00005030       0x10 .\CortexM3\ARM_GCC_541\Debug\AS76_FFP5.a(QuadDec_X.o)
                0x00005030                QuadDec_X_GetEvents
 .text.QuadDec_X_SetInterruptMask
                0x00005040       0x10 .\CortexM3\ARM_GCC_541\Debug\AS76_FFP5.a(QuadDec_X.o)
                0x00005040                QuadDec_X_SetInterruptMask
 .text.QuadDec_X_Enable
                0x00005050       0x30 .\CortexM3\ARM_GCC_541\Debug\AS76_FFP5.a(QuadDec_X.o)
                0x00005050                QuadDec_X_Enable
 .text.QuadDec_X_Start
                0x00005080       0x34 .\CortexM3\ARM_GCC_541\Debug\AS76_FFP5.a(QuadDec_X.o)
                0x00005080                QuadDec_X_Start
 .text.QuadDec_X_ISR
                0x000050b4       0x40 .\CortexM3\ARM_GCC_541\Debug\AS76_FFP5.a(QuadDec_X_INT.o)
                0x000050b4                QuadDec_X_ISR
 .text.QuadDec_X_Cnt16_Enable
                0x000050f4       0x10 .\CortexM3\ARM_GCC_541\Debug\AS76_FFP5.a(QuadDec_X_Cnt16.o)
                0x000050f4                QuadDec_X_Cnt16_Enable
 .text.QuadDec_X_Cnt16_SetInterruptMode
                0x00005104        0xc .\CortexM3\ARM_GCC_541\Debug\AS76_FFP5.a(QuadDec_X_Cnt16.o)
                0x00005104                QuadDec_X_Cnt16_SetInterruptMode
 .text.QuadDec_X_Cnt16_ReadStatusRegister
                0x00005110        0xc .\CortexM3\ARM_GCC_541\Debug\AS76_FFP5.a(QuadDec_X_Cnt16.o)
                0x00005110                QuadDec_X_Cnt16_ReadStatusRegister
 .text.QuadDec_X_Cnt16_WriteCounter
                0x0000511c        0xc .\CortexM3\ARM_GCC_541\Debug\AS76_FFP5.a(QuadDec_X_Cnt16.o)
                0x0000511c                QuadDec_X_Cnt16_WriteCounter
 .text.QuadDec_X_Cnt16_ReadCounter
                0x00005128       0x14 .\CortexM3\ARM_GCC_541\Debug\AS76_FFP5.a(QuadDec_X_Cnt16.o)
                0x00005128                QuadDec_X_Cnt16_ReadCounter
 .text.QuadDec_X_Cnt16_ReadCapture
                0x0000513c        0xc .\CortexM3\ARM_GCC_541\Debug\AS76_FFP5.a(QuadDec_X_Cnt16.o)
                0x0000513c                QuadDec_X_Cnt16_ReadCapture
 .text.QuadDec_X_Cnt16_WritePeriod
                0x00005148        0xc .\CortexM3\ARM_GCC_541\Debug\AS76_FFP5.a(QuadDec_X_Cnt16.o)
                0x00005148                QuadDec_X_Cnt16_WritePeriod
 .text.QuadDec_X_Cnt16_WriteCompare
                0x00005154        0xc .\CortexM3\ARM_GCC_541\Debug\AS76_FFP5.a(QuadDec_X_Cnt16.o)
                0x00005154                QuadDec_X_Cnt16_WriteCompare
 .text.QuadDec_X_Cnt16_ClearFIFO
                0x00005160       0x14 .\CortexM3\ARM_GCC_541\Debug\AS76_FFP5.a(QuadDec_X_Cnt16.o)
                0x00005160                QuadDec_X_Cnt16_ClearFIFO
 .text.QuadDec_X_Cnt16_Init
                0x00005174       0x58 .\CortexM3\ARM_GCC_541\Debug\AS76_FFP5.a(QuadDec_X_Cnt16.o)
                0x00005174                QuadDec_X_Cnt16_Init
 .text.QuadDec_X_Cnt16_Start
                0x000051cc       0x1c .\CortexM3\ARM_GCC_541\Debug\AS76_FFP5.a(QuadDec_X_Cnt16.o)
                0x000051cc                QuadDec_X_Cnt16_Start
 .text.UART_PCB_LOG_Init
                0x000051e8       0x44 .\CortexM3\ARM_GCC_541\Debug\AS76_FFP5.a(UART_PCB_LOG.o)
                0x000051e8                UART_PCB_LOG_Init
 .text.UART_PCB_LOG_Enable
                0x0000522c       0x44 .\CortexM3\ARM_GCC_541\Debug\AS76_FFP5.a(UART_PCB_LOG.o)
                0x0000522c                UART_PCB_LOG_Enable
 .text.UART_PCB_LOG_Start
                0x00005270       0x1c .\CortexM3\ARM_GCC_541\Debug\AS76_FFP5.a(UART_PCB_LOG.o)
                0x00005270                UART_PCB_LOG_Start
 .text.UART_PCB_LOG_PutChar
                0x0000528c       0x18 .\CortexM3\ARM_GCC_541\Debug\AS76_FFP5.a(UART_PCB_LOG.o)
                0x0000528c                UART_PCB_LOG_PutChar
 .text.UART_PCB_LOG_PutString
                0x000052a4       0x24 .\CortexM3\ARM_GCC_541\Debug\AS76_FFP5.a(UART_PCB_LOG.o)
                0x000052a4                UART_PCB_LOG_PutString
 .text.UART_PCB_LOG_RXISR
                0x000052c8       0x98 .\CortexM3\ARM_GCC_541\Debug\AS76_FFP5.a(UART_PCB_LOG_INT.o)
                0x000052c8                UART_PCB_LOG_RXISR
 .text.UART_PCB_LOG_IntClock_Start
                0x00005360       0x1c .\CortexM3\ARM_GCC_541\Debug\AS76_FFP5.a(UART_PCB_LOG_IntClock.o)
                0x00005360                UART_PCB_LOG_IntClock_Start
 .text.Pin_Backlight_Write
                0x0000537c       0x18 .\CortexM3\ARM_GCC_541\Debug\AS76_FFP5.a(Pin_Backlight.o)
                0x0000537c                Pin_Backlight_Write
 .text.LED2_Write
                0x00005394       0x18 .\CortexM3\ARM_GCC_541\Debug\AS76_FFP5.a(LED2.o)
                0x00005394                LED2_Write
 .text.Pin_CSMotorO_Write
                0x000053ac       0x18 .\CortexM3\ARM_GCC_541\Debug\AS76_FFP5.a(Pin_CSMotorO.o)
                0x000053ac                Pin_CSMotorO_Write
 .text.Pin_CSMotorT_Write
                0x000053c4       0x18 .\CortexM3\ARM_GCC_541\Debug\AS76_FFP5.a(Pin_CSMotorT.o)
                0x000053c4                Pin_CSMotorT_Write
 .text.QuadDec_TZ_Init
                0x000053dc       0x24 .\CortexM3\ARM_GCC_541\Debug\AS76_FFP5.a(QuadDec_TZ.o)
                0x000053dc                QuadDec_TZ_Init
 .text.QuadDec_TZ_GetCounter
                0x00005400       0x2c .\CortexM3\ARM_GCC_541\Debug\AS76_FFP5.a(QuadDec_TZ.o)
                0x00005400                QuadDec_TZ_GetCounter
 .text.QuadDec_TZ_SetCounter
                0x0000542c       0x28 .\CortexM3\ARM_GCC_541\Debug\AS76_FFP5.a(QuadDec_TZ.o)
                0x0000542c                QuadDec_TZ_SetCounter
 .text.QuadDec_TZ_GetEvents
                0x00005454       0x10 .\CortexM3\ARM_GCC_541\Debug\AS76_FFP5.a(QuadDec_TZ.o)
                0x00005454                QuadDec_TZ_GetEvents
 .text.QuadDec_TZ_SetInterruptMask
                0x00005464       0x10 .\CortexM3\ARM_GCC_541\Debug\AS76_FFP5.a(QuadDec_TZ.o)
                0x00005464                QuadDec_TZ_SetInterruptMask
 .text.QuadDec_TZ_Enable
                0x00005474       0x30 .\CortexM3\ARM_GCC_541\Debug\AS76_FFP5.a(QuadDec_TZ.o)
                0x00005474                QuadDec_TZ_Enable
 .text.QuadDec_TZ_Start
                0x000054a4       0x34 .\CortexM3\ARM_GCC_541\Debug\AS76_FFP5.a(QuadDec_TZ.o)
                0x000054a4                QuadDec_TZ_Start
 .text.QuadDec_TZ_ISR
                0x000054d8       0x40 .\CortexM3\ARM_GCC_541\Debug\AS76_FFP5.a(QuadDec_TZ_INT.o)
                0x000054d8                QuadDec_TZ_ISR
 .text.PWM_Buzzer_Enable
                0x00005518       0x28 .\CortexM3\ARM_GCC_541\Debug\AS76_FFP5.a(PWM_Buzzer.o)
                0x00005518                PWM_Buzzer_Enable
 .text.PWM_Buzzer_WritePeriod
                0x00005540        0xc .\CortexM3\ARM_GCC_541\Debug\AS76_FFP5.a(PWM_Buzzer.o)
                0x00005540                PWM_Buzzer_WritePeriod
 .text.PWM_Buzzer_WriteCompare
                0x0000554c        0xc .\CortexM3\ARM_GCC_541\Debug\AS76_FFP5.a(PWM_Buzzer.o)
                0x0000554c                PWM_Buzzer_WriteCompare
 .text.PWM_Buzzer_SetInterruptMode
                0x00005558        0xc .\CortexM3\ARM_GCC_541\Debug\AS76_FFP5.a(PWM_Buzzer.o)
                0x00005558                PWM_Buzzer_SetInterruptMode
 .text.PWM_Buzzer_Init
                0x00005564       0x74 .\CortexM3\ARM_GCC_541\Debug\AS76_FFP5.a(PWM_Buzzer.o)
                0x00005564                PWM_Buzzer_Init
 .text.PWM_Buzzer_Start
                0x000055d8       0x1c .\CortexM3\ARM_GCC_541\Debug\AS76_FFP5.a(PWM_Buzzer.o)
                0x000055d8                PWM_Buzzer_Start
 .text.QuadDec_Y_Init
                0x000055f4       0x24 .\CortexM3\ARM_GCC_541\Debug\AS76_FFP5.a(QuadDec_Y.o)
                0x000055f4                QuadDec_Y_Init
 .text.QuadDec_Y_GetCounter
                0x00005618       0x2c .\CortexM3\ARM_GCC_541\Debug\AS76_FFP5.a(QuadDec_Y.o)
                0x00005618                QuadDec_Y_GetCounter
 .text.QuadDec_Y_SetCounter
                0x00005644       0x28 .\CortexM3\ARM_GCC_541\Debug\AS76_FFP5.a(QuadDec_Y.o)
                0x00005644                QuadDec_Y_SetCounter
 .text.QuadDec_Y_GetEvents
                0x0000566c       0x10 .\CortexM3\ARM_GCC_541\Debug\AS76_FFP5.a(QuadDec_Y.o)
                0x0000566c                QuadDec_Y_GetEvents
 .text.QuadDec_Y_SetInterruptMask
                0x0000567c       0x10 .\CortexM3\ARM_GCC_541\Debug\AS76_FFP5.a(QuadDec_Y.o)
                0x0000567c                QuadDec_Y_SetInterruptMask
 .text.QuadDec_Y_Enable
                0x0000568c       0x30 .\CortexM3\ARM_GCC_541\Debug\AS76_FFP5.a(QuadDec_Y.o)
                0x0000568c                QuadDec_Y_Enable
 .text.QuadDec_Y_Start
                0x000056bc       0x34 .\CortexM3\ARM_GCC_541\Debug\AS76_FFP5.a(QuadDec_Y.o)
                0x000056bc                QuadDec_Y_Start
 .text.QuadDec_Y_ISR
                0x000056f0       0x40 .\CortexM3\ARM_GCC_541\Debug\AS76_FFP5.a(QuadDec_Y_INT.o)
                0x000056f0                QuadDec_Y_ISR
 .text.PWM_BarcodeCondenser_LED_Enable
                0x00005730       0x28 .\CortexM3\ARM_GCC_541\Debug\AS76_FFP5.a(PWM_BarcodeCondenser_LED.o)
                0x00005730                PWM_BarcodeCondenser_LED_Enable
 .text.PWM_BarcodeCondenser_LED_WritePeriod
                0x00005758        0xc .\CortexM3\ARM_GCC_541\Debug\AS76_FFP5.a(PWM_BarcodeCondenser_LED.o)
                0x00005758                PWM_BarcodeCondenser_LED_WritePeriod
 .text.PWM_BarcodeCondenser_LED_WriteCompare
                0x00005764        0xc .\CortexM3\ARM_GCC_541\Debug\AS76_FFP5.a(PWM_BarcodeCondenser_LED.o)
                0x00005764                PWM_BarcodeCondenser_LED_WriteCompare
 .text.PWM_BarcodeCondenser_LED_SetInterruptMode
                0x00005770        0xc .\CortexM3\ARM_GCC_541\Debug\AS76_FFP5.a(PWM_BarcodeCondenser_LED.o)
                0x00005770                PWM_BarcodeCondenser_LED_SetInterruptMode
 .text.PWM_BarcodeCondenser_LED_Init
                0x0000577c       0x74 .\CortexM3\ARM_GCC_541\Debug\AS76_FFP5.a(PWM_BarcodeCondenser_LED.o)
                0x0000577c                PWM_BarcodeCondenser_LED_Init
 .text.PWM_BarcodeCondenser_LED_Start
                0x000057f0       0x1c .\CortexM3\ARM_GCC_541\Debug\AS76_FFP5.a(PWM_BarcodeCondenser_LED.o)
                0x000057f0                PWM_BarcodeCondenser_LED_Start
 .text.LED3_Write
                0x0000580c       0x18 .\CortexM3\ARM_GCC_541\Debug\AS76_FFP5.a(LED3.o)
                0x0000580c                LED3_Write
 .text.Encoder_T_Z_Select_Write
                0x00005824        0xc .\CortexM3\ARM_GCC_541\Debug\AS76_FFP5.a(Encoder_T_Z_Select.o)
                0x00005824                Encoder_T_Z_Select_Write
 .text.TMC5160_MotorX_EN_Write
                0x00005830       0x18 .\CortexM3\ARM_GCC_541\Debug\AS76_FFP5.a(TMC5160_MotorX_EN.o)
                0x00005830                TMC5160_MotorX_EN_Write
 .text.TMC5160_MotorY_EN_Write
                0x00005848       0x18 .\CortexM3\ARM_GCC_541\Debug\AS76_FFP5.a(TMC5160_MotorY_EN.o)
                0x00005848                TMC5160_MotorY_EN_Write
 .text.TMC5160_MotorZ_EN_Write
                0x00005860       0x18 .\CortexM3\ARM_GCC_541\Debug\AS76_FFP5.a(TMC5160_MotorZ_EN.o)
                0x00005860                TMC5160_MotorZ_EN_Write
 .text.TMC5160_MotorT_EN_Write
                0x00005878       0x18 .\CortexM3\ARM_GCC_541\Debug\AS76_FFP5.a(TMC5160_MotorT_EN.o)
                0x00005878                TMC5160_MotorT_EN_Write
 .text.TMC5160_MotorO_EN_Write
                0x00005890       0x18 .\CortexM3\ARM_GCC_541\Debug\AS76_FFP5.a(TMC5160_MotorO_EN.o)
                0x00005890                TMC5160_MotorO_EN_Write
 .text.QuadDec_TZ_Cnt16_Enable
                0x000058a8       0x10 .\CortexM3\ARM_GCC_541\Debug\AS76_FFP5.a(QuadDec_TZ_Cnt16.o)
                0x000058a8                QuadDec_TZ_Cnt16_Enable
 .text.QuadDec_TZ_Cnt16_SetInterruptMode
                0x000058b8        0xc .\CortexM3\ARM_GCC_541\Debug\AS76_FFP5.a(QuadDec_TZ_Cnt16.o)
                0x000058b8                QuadDec_TZ_Cnt16_SetInterruptMode
 .text.QuadDec_TZ_Cnt16_ReadStatusRegister
                0x000058c4        0xc .\CortexM3\ARM_GCC_541\Debug\AS76_FFP5.a(QuadDec_TZ_Cnt16.o)
                0x000058c4                QuadDec_TZ_Cnt16_ReadStatusRegister
 .text.QuadDec_TZ_Cnt16_WriteCounter
                0x000058d0        0xc .\CortexM3\ARM_GCC_541\Debug\AS76_FFP5.a(QuadDec_TZ_Cnt16.o)
                0x000058d0                QuadDec_TZ_Cnt16_WriteCounter
 .text.QuadDec_TZ_Cnt16_ReadCounter
                0x000058dc       0x14 .\CortexM3\ARM_GCC_541\Debug\AS76_FFP5.a(QuadDec_TZ_Cnt16.o)
                0x000058dc                QuadDec_TZ_Cnt16_ReadCounter
 .text.QuadDec_TZ_Cnt16_ReadCapture
                0x000058f0        0xc .\CortexM3\ARM_GCC_541\Debug\AS76_FFP5.a(QuadDec_TZ_Cnt16.o)
                0x000058f0                QuadDec_TZ_Cnt16_ReadCapture
 .text.QuadDec_TZ_Cnt16_WritePeriod
                0x000058fc        0xc .\CortexM3\ARM_GCC_541\Debug\AS76_FFP5.a(QuadDec_TZ_Cnt16.o)
                0x000058fc                QuadDec_TZ_Cnt16_WritePeriod
 .text.QuadDec_TZ_Cnt16_WriteCompare
                0x00005908        0xc .\CortexM3\ARM_GCC_541\Debug\AS76_FFP5.a(QuadDec_TZ_Cnt16.o)
                0x00005908                QuadDec_TZ_Cnt16_WriteCompare
 .text.QuadDec_TZ_Cnt16_ClearFIFO
                0x00005914       0x14 .\CortexM3\ARM_GCC_541\Debug\AS76_FFP5.a(QuadDec_TZ_Cnt16.o)
                0x00005914                QuadDec_TZ_Cnt16_ClearFIFO
 .text.QuadDec_TZ_Cnt16_Init
                0x00005928       0x58 .\CortexM3\ARM_GCC_541\Debug\AS76_FFP5.a(QuadDec_TZ_Cnt16.o)
                0x00005928                QuadDec_TZ_Cnt16_Init
 .text.QuadDec_TZ_Cnt16_Start
                0x00005980       0x1c .\CortexM3\ARM_GCC_541\Debug\AS76_FFP5.a(QuadDec_TZ_Cnt16.o)
                0x00005980                QuadDec_TZ_Cnt16_Start
 .text.QuadDec_Y_Cnt16_Enable
                0x0000599c       0x10 .\CortexM3\ARM_GCC_541\Debug\AS76_FFP5.a(QuadDec_Y_Cnt16.o)
                0x0000599c                QuadDec_Y_Cnt16_Enable
 .text.QuadDec_Y_Cnt16_SetInterruptMode
                0x000059ac        0xc .\CortexM3\ARM_GCC_541\Debug\AS76_FFP5.a(QuadDec_Y_Cnt16.o)
                0x000059ac                QuadDec_Y_Cnt16_SetInterruptMode
 .text.QuadDec_Y_Cnt16_ReadStatusRegister
                0x000059b8        0xc .\CortexM3\ARM_GCC_541\Debug\AS76_FFP5.a(QuadDec_Y_Cnt16.o)
                0x000059b8                QuadDec_Y_Cnt16_ReadStatusRegister
 .text.QuadDec_Y_Cnt16_WriteCounter
                0x000059c4        0xc .\CortexM3\ARM_GCC_541\Debug\AS76_FFP5.a(QuadDec_Y_Cnt16.o)
                0x000059c4                QuadDec_Y_Cnt16_WriteCounter
 .text.QuadDec_Y_Cnt16_ReadCounter
                0x000059d0       0x14 .\CortexM3\ARM_GCC_541\Debug\AS76_FFP5.a(QuadDec_Y_Cnt16.o)
                0x000059d0                QuadDec_Y_Cnt16_ReadCounter
 .text.QuadDec_Y_Cnt16_ReadCapture
                0x000059e4        0xc .\CortexM3\ARM_GCC_541\Debug\AS76_FFP5.a(QuadDec_Y_Cnt16.o)
                0x000059e4                QuadDec_Y_Cnt16_ReadCapture
 .text.QuadDec_Y_Cnt16_WritePeriod
                0x000059f0        0xc .\CortexM3\ARM_GCC_541\Debug\AS76_FFP5.a(QuadDec_Y_Cnt16.o)
                0x000059f0                QuadDec_Y_Cnt16_WritePeriod
 .text.QuadDec_Y_Cnt16_WriteCompare
                0x000059fc        0xc .\CortexM3\ARM_GCC_541\Debug\AS76_FFP5.a(QuadDec_Y_Cnt16.o)
                0x000059fc                QuadDec_Y_Cnt16_WriteCompare
 .text.QuadDec_Y_Cnt16_ClearFIFO
                0x00005a08       0x14 .\CortexM3\ARM_GCC_541\Debug\AS76_FFP5.a(QuadDec_Y_Cnt16.o)
                0x00005a08                QuadDec_Y_Cnt16_ClearFIFO
 .text.QuadDec_Y_Cnt16_Init
                0x00005a1c       0x58 .\CortexM3\ARM_GCC_541\Debug\AS76_FFP5.a(QuadDec_Y_Cnt16.o)
                0x00005a1c                QuadDec_Y_Cnt16_Init
 .text.QuadDec_Y_Cnt16_Start
                0x00005a74       0x1c .\CortexM3\ARM_GCC_541\Debug\AS76_FFP5.a(QuadDec_Y_Cnt16.o)
                0x00005a74                QuadDec_Y_Cnt16_Start
 .text.wait_timer_Enable
                0x00005a90       0x28 .\CortexM3\ARM_GCC_541\Debug\AS76_FFP5.a(wait_timer.o)
                0x00005a90                wait_timer_Enable
 .text.wait_timer_Stop
                0x00005ab8       0x28 .\CortexM3\ARM_GCC_541\Debug\AS76_FFP5.a(wait_timer.o)
                0x00005ab8                wait_timer_Stop
 .text.wait_timer_SetInterruptMode
                0x00005ae0        0xc .\CortexM3\ARM_GCC_541\Debug\AS76_FFP5.a(wait_timer.o)
                0x00005ae0                wait_timer_SetInterruptMode
 .text.wait_timer_WritePeriod
                0x00005aec        0xc .\CortexM3\ARM_GCC_541\Debug\AS76_FFP5.a(wait_timer.o)
                0x00005aec                wait_timer_WritePeriod
 .text.wait_timer_WriteCounter
                0x00005af8        0xc .\CortexM3\ARM_GCC_541\Debug\AS76_FFP5.a(wait_timer.o)
                0x00005af8                wait_timer_WriteCounter
 .text.wait_timer_Init
                0x00005b04       0x68 .\CortexM3\ARM_GCC_541\Debug\AS76_FFP5.a(wait_timer.o)
                0x00005b04                wait_timer_Init
 .text.wait_timer_Start
                0x00005b6c       0x1c .\CortexM3\ARM_GCC_541\Debug\AS76_FFP5.a(wait_timer.o)
                0x00005b6c                wait_timer_Start
 .text.wait_interrupt_SetVector
                0x00005b88        0xc .\CortexM3\ARM_GCC_541\Debug\AS76_FFP5.a(wait_interrupt.o)
                0x00005b88                wait_interrupt_SetVector
 .text.wait_interrupt_SetPriority
                0x00005b94       0x10 .\CortexM3\ARM_GCC_541\Debug\AS76_FFP5.a(wait_interrupt.o)
                0x00005b94                wait_interrupt_SetPriority
 .text.wait_interrupt_Enable
                0x00005ba4       0x10 .\CortexM3\ARM_GCC_541\Debug\AS76_FFP5.a(wait_interrupt.o)
                0x00005ba4                wait_interrupt_Enable
 .text.wait_interrupt_Disable
                0x00005bb4       0x10 .\CortexM3\ARM_GCC_541\Debug\AS76_FFP5.a(wait_interrupt.o)
                0x00005bb4                wait_interrupt_Disable
 .text.wait_interrupt_StartEx
                0x00005bc4       0x1c .\CortexM3\ARM_GCC_541\Debug\AS76_FFP5.a(wait_interrupt.o)
                0x00005bc4                wait_interrupt_StartEx
 .text.Pin_SDO_RGB_Write
                0x00005be0       0x18 .\CortexM3\ARM_GCC_541\Debug\AS76_FFP5.a(Pin_SDO_RGB.o)
                0x00005be0                Pin_SDO_RGB_Write
 .text.Pin_Clock_RGB_Write
                0x00005bf8       0x18 .\CortexM3\ARM_GCC_541\Debug\AS76_FFP5.a(Pin_Clock_RGB.o)
                0x00005bf8                Pin_Clock_RGB_Write
 .text          0x00005c10       0x20 .\CortexM3\ARM_GCC_541\Debug\AS76_FFP5.a(CyBootAsmGnu.o)
                0x00005c10                CyDelayCycles
                0x00005c20                CyEnterCriticalSection
                0x00005c28                CyExitCriticalSection
 .text.USB_DispatchClassRqst
                0x00005c30       0x68 .\CortexM3\ARM_GCC_541\Debug\AS76_FFP5.a(USB_cls.o)
                0x00005c30                USB_DispatchClassRqst
 .text          0x00005c98      0x370 c:/program files (x86)/cypress/psoc creator/4.4/psoc creator/import/gnu/arm/5.4.1/bin/../lib/gcc/arm-none-eabi/5.4.1/armv7-m\libgcc.a(_arm_addsubdf3.o)
                0x00005c98                __aeabi_drsub
                0x00005ca0                __aeabi_dsub
                0x00005ca0                __subdf3
                0x00005ca4                __aeabi_dadd
                0x00005ca4                __adddf3
                0x00005f1c                __floatunsidf
                0x00005f1c                __aeabi_ui2d
                0x00005f3c                __floatsidf
                0x00005f3c                __aeabi_i2d
                0x00005f60                __aeabi_f2d
                0x00005f60                __extendsfdf2
                0x00005f9c                __floatundidf
                0x00005f9c                __aeabi_ul2d
                0x00005fac                __floatdidf
                0x00005fac                __aeabi_l2d
 .text          0x00006008      0x424 c:/program files (x86)/cypress/psoc creator/4.4/psoc creator/import/gnu/arm/5.4.1/bin/../lib/gcc/arm-none-eabi/5.4.1/armv7-m\libgcc.a(_arm_muldivdf3.o)
                0x00006008                __aeabi_dmul
                0x00006008                __muldf3
                0x0000625c                __divdf3
                0x0000625c                __aeabi_ddiv
 .text          0x0000642c       0x50 c:/program files (x86)/cypress/psoc creator/4.4/psoc creator/import/gnu/arm/5.4.1/bin/../lib/gcc/arm-none-eabi/5.4.1/armv7-m\libgcc.a(_arm_fixdfsi.o)
                0x0000642c                __aeabi_d2iz
                0x0000642c                __fixdfsi
 .text          0x0000647c       0x40 c:/program files (x86)/cypress/psoc creator/4.4/psoc creator/import/gnu/arm/5.4.1/bin/../lib/gcc/arm-none-eabi/5.4.1/armv7-m\libgcc.a(_arm_fixunsdfsi.o)
                0x0000647c                __aeabi_d2uiz
                0x0000647c                __fixunsdfsi
 .text          0x000064bc      0x21c c:/program files (x86)/cypress/psoc creator/4.4/psoc creator/import/gnu/arm/5.4.1/bin/../lib/gcc/arm-none-eabi/5.4.1/armv7-m\libgcc.a(_arm_addsubsf3.o)
                0x000064bc                __aeabi_frsub
                0x000064c4                __subsf3
                0x000064c4                __aeabi_fsub
                0x000064c8                __aeabi_fadd
                0x000064c8                __addsf3
                0x00006628                __aeabi_ui2f
                0x00006628                __floatunsisf
                0x00006630                __aeabi_i2f
                0x00006630                __floatsisf
                0x0000664c                __aeabi_ul2f
                0x0000664c                __floatundisf
                0x0000665c                __aeabi_l2f
                0x0000665c                __floatdisf
 .text          0x000066d8      0x2a0 c:/program files (x86)/cypress/psoc creator/4.4/psoc creator/import/gnu/arm/5.4.1/bin/../lib/gcc/arm-none-eabi/5.4.1/armv7-m\libgcc.a(_arm_muldivsf3.o)
                0x000066d8                __mulsf3
                0x000066d8                __aeabi_fmul
                0x00006840                __aeabi_fdiv
                0x00006840                __divsf3
 .text          0x00006978       0x4c c:/program files (x86)/cypress/psoc creator/4.4/psoc creator/import/gnu/arm/5.4.1/bin/../lib/gcc/arm-none-eabi/5.4.1/armv7-m\libgcc.a(_arm_fixsfsi.o)
                0x00006978                __aeabi_f2iz
                0x00006978                __fixsfsi
 .text.__errno  0x000069c4        0xc c:/program files (x86)/cypress/psoc creator/4.4/psoc creator/import/gnu/arm/5.4.1/bin/../lib/gcc/arm-none-eabi/5.4.1/../../../../arm-none-eabi/lib/armv7-m\libg_nano.a(lib_a-errno.o)
                0x000069c4                __errno
 .text.__libc_init_array
                0x000069d0       0x4c c:/program files (x86)/cypress/psoc creator/4.4/psoc creator/import/gnu/arm/5.4.1/bin/../lib/gcc/arm-none-eabi/5.4.1/../../../../arm-none-eabi/lib/armv7-m\libg_nano.a(lib_a-init.o)
                0x000069d0                __libc_init_array
 .text.memcpy   0x00006a1c       0x16 c:/program files (x86)/cypress/psoc creator/4.4/psoc creator/import/gnu/arm/5.4.1/bin/../lib/gcc/arm-none-eabi/5.4.1/../../../../arm-none-eabi/lib/armv7-m\libg_nano.a(lib_a-memcpy-stub.o)
                0x00006a1c                memcpy
 .text.memset   0x00006a32       0x10 c:/program files (x86)/cypress/psoc creator/4.4/psoc creator/import/gnu/arm/5.4.1/bin/../lib/gcc/arm-none-eabi/5.4.1/../../../../arm-none-eabi/lib/armv7-m\libg_nano.a(lib_a-memset.o)
                0x00006a32                memset
 *fill*         0x00006a42        0x2 
 .text.sprintf  0x00006a44       0x48 c:/program files (x86)/cypress/psoc creator/4.4/psoc creator/import/gnu/arm/5.4.1/bin/../lib/gcc/arm-none-eabi/5.4.1/../../../../arm-none-eabi/lib/armv7-m\libg_nano.a(lib_a-sprintf.o)
                0x00006a44                siprintf
                0x00006a44                sprintf
 .text.strncmp  0x00006a8c       0x2a c:/program files (x86)/cypress/psoc creator/4.4/psoc creator/import/gnu/arm/5.4.1/bin/../lib/gcc/arm-none-eabi/5.4.1/../../../../arm-none-eabi/lib/armv7-m\libg_nano.a(lib_a-strncmp.o)
                0x00006a8c                strncmp
 .text.strncpy  0x00006ab6       0x26 c:/program files (x86)/cypress/psoc creator/4.4/psoc creator/import/gnu/arm/5.4.1/bin/../lib/gcc/arm-none-eabi/5.4.1/../../../../arm-none-eabi/lib/armv7-m\libg_nano.a(lib_a-strncpy.o)
                0x00006ab6                strncpy
 .text.__ssputs_r
                0x00006adc       0xb2 c:/program files (x86)/cypress/psoc creator/4.4/psoc creator/import/gnu/arm/5.4.1/bin/../lib/gcc/arm-none-eabi/5.4.1/../../../../arm-none-eabi/lib/armv7-m\libg_nano.a(lib_a-nano-svfprintf.o)
                0x00006adc                __ssputs_r
 *fill*         0x00006b8e        0x2 
 .text._svfprintf_r
                0x00006b90      0x1e8 c:/program files (x86)/cypress/psoc creator/4.4/psoc creator/import/gnu/arm/5.4.1/bin/../lib/gcc/arm-none-eabi/5.4.1/../../../../arm-none-eabi/lib/armv7-m\libg_nano.a(lib_a-nano-svfprintf.o)
                0x00006b90                _svfiprintf_r
                0x00006b90                _svfprintf_r
 .text._printf_common
                0x00006d78       0xec c:/program files (x86)/cypress/psoc creator/4.4/psoc creator/import/gnu/arm/5.4.1/bin/../lib/gcc/arm-none-eabi/5.4.1/../../../../arm-none-eabi/lib/armv7-m\libg_nano.a(lib_a-nano-vfprintf_i.o)
                0x00006d78                _printf_common
 .text._printf_i
                0x00006e64      0x24c c:/program files (x86)/cypress/psoc creator/4.4/psoc creator/import/gnu/arm/5.4.1/bin/../lib/gcc/arm-none-eabi/5.4.1/../../../../arm-none-eabi/lib/armv7-m\libg_nano.a(lib_a-nano-vfprintf_i.o)
                0x00006e64                _printf_i
 .text.memchr   0x000070b0       0x1c c:/program files (x86)/cypress/psoc creator/4.4/psoc creator/import/gnu/arm/5.4.1/bin/../lib/gcc/arm-none-eabi/5.4.1/../../../../arm-none-eabi/lib/armv7-m\libg_nano.a(lib_a-memchr-stub.o)
                0x000070b0                memchr
 .text.memmove  0x000070cc       0x36 c:/program files (x86)/cypress/psoc creator/4.4/psoc creator/import/gnu/arm/5.4.1/bin/../lib/gcc/arm-none-eabi/5.4.1/../../../../arm-none-eabi/lib/armv7-m\libg_nano.a(lib_a-memmove.o)
                0x000070cc                memmove
 *fill*         0x00007102        0x2 
 .text._free_r  0x00007104       0x98 c:/program files (x86)/cypress/psoc creator/4.4/psoc creator/import/gnu/arm/5.4.1/bin/../lib/gcc/arm-none-eabi/5.4.1/../../../../arm-none-eabi/lib/armv7-m\libg_nano.a(lib_a-nano-freer.o)
                0x00007104                _free_r
 .text._malloc_r
                0x0000719c       0xbc c:/program files (x86)/cypress/psoc creator/4.4/psoc creator/import/gnu/arm/5.4.1/bin/../lib/gcc/arm-none-eabi/5.4.1/../../../../arm-none-eabi/lib/armv7-m\libg_nano.a(lib_a-nano-mallocr.o)
                0x0000719c                _malloc_r
 .text._realloc_r
                0x00007258       0x4c c:/program files (x86)/cypress/psoc creator/4.4/psoc creator/import/gnu/arm/5.4.1/bin/../lib/gcc/arm-none-eabi/5.4.1/../../../../arm-none-eabi/lib/armv7-m\libg_nano.a(lib_a-nano-reallocr.o)
                0x00007258                _realloc_r
 .text._sbrk_r  0x000072a4       0x20 c:/program files (x86)/cypress/psoc creator/4.4/psoc creator/import/gnu/arm/5.4.1/bin/../lib/gcc/arm-none-eabi/5.4.1/../../../../arm-none-eabi/lib/armv7-m\libg_nano.a(lib_a-sbrkr.o)
                0x000072a4                _sbrk_r
 .text.__malloc_lock
                0x000072c4        0x2 c:/program files (x86)/cypress/psoc creator/4.4/psoc creator/import/gnu/arm/5.4.1/bin/../lib/gcc/arm-none-eabi/5.4.1/../../../../arm-none-eabi/lib/armv7-m\libg_nano.a(lib_a-mlock.o)
                0x000072c4                __malloc_lock
 .text.__malloc_unlock
                0x000072c6        0x2 c:/program files (x86)/cypress/psoc creator/4.4/psoc creator/import/gnu/arm/5.4.1/bin/../lib/gcc/arm-none-eabi/5.4.1/../../../../arm-none-eabi/lib/armv7-m\libg_nano.a(lib_a-mlock.o)
                0x000072c6                __malloc_unlock
 .text._malloc_usable_size_r
                0x000072c8       0x14 c:/program files (x86)/cypress/psoc creator/4.4/psoc creator/import/gnu/arm/5.4.1/bin/../lib/gcc/arm-none-eabi/5.4.1/../../../../arm-none-eabi/lib/armv7-m\libg_nano.a(lib_a-nano-msizer.o)
                0x000072c8                _malloc_usable_size_r
 *(.plt)
 *(.gnu.warning)
 *(.glue_7t)
 .glue_7t       0x000072dc        0x0 linker stubs
 *(.glue_7)
 .glue_7        0x000072dc        0x0 linker stubs
 *(.vfp11_veneer)
 .vfp11_veneer  0x000072dc        0x0 linker stubs
 *(.bootloader)
 *(.ARM.extab* .gnu.linkonce.armextab.*)
 *(.gcc_except_table)

.v4_bx          0x000072dc        0x0
 .v4_bx         0x000072dc        0x0 linker stubs

.iplt           0x000072dc        0x0
 .iplt          0x000072dc        0x0 c:/program files (x86)/cypress/psoc creator/4.4/psoc creator/import/gnu/arm/5.4.1/bin/../lib/gcc/arm-none-eabi/5.4.1/armv7-m/crtbegin.o

.eh_frame_hdr
 *(.eh_frame_hdr)

.eh_frame       0x000072dc        0x4
 *(.eh_frame)
 .eh_frame      0x000072dc        0x0 c:/program files (x86)/cypress/psoc creator/4.4/psoc creator/import/gnu/arm/5.4.1/bin/../lib/gcc/arm-none-eabi/5.4.1/armv7-m/crtbegin.o
 .eh_frame      0x000072dc        0x4 c:/program files (x86)/cypress/psoc creator/4.4/psoc creator/import/gnu/arm/5.4.1/bin/../lib/gcc/arm-none-eabi/5.4.1/armv7-m/crtend.o
                [!provide]                PROVIDE (__exidx_start, .)

.ARM.exidx
 *(.ARM.exidx* .gnu.linkonce.armexidx.*)
                0x000072e0                __exidx_end = .

.rodata         0x000072e0     0x1d08
 *(.rodata .rodata.* .gnu.linkonce.r.*)
 .rodata.str1.4
                0x000072e0       0x32 .\CortexM3\ARM_GCC_541\Debug\main.o
 *fill*         0x00007312        0x2 
 .rodata.str1.4
                0x00007314      0xa0d .\CortexM3\ARM_GCC_541\Debug\AS76.o
                                0xa1d (size before relaxing)
 *fill*         0x00007d21        0x3 
 .rodata        0x00007d24     0x1028 .\CortexM3\ARM_GCC_541\Debug\cyfitter_cfg.o
 .rodata.str1.4
                0x00008d4c       0x14 .\CortexM3\ARM_GCC_541\Debug\AS76_FFP5.a(USB_std.o)
                                 0x11 (size before relaxing)
 .rodata        0x00008d60      0x21a .\CortexM3\ARM_GCC_541\Debug\AS76_FFP5.a(USB_descr.o)
                0x00008d60                USB_MSOS_CONFIGURATION_DESCR
                0x00008d88                USB_MSOS_DESCRIPTOR
                0x00008d9c                USB_TABLE
                0x00008da4                USB_DEVICE0_TABLE
                0x00008dbc                USB_DEVICE0_CONFIGURATION0_TABLE
                0x00008de4                USB_DEVICE0_CONFIGURATION0_INTERFACE_CLASS
                0x00008de8                USB_DEVICE0_CONFIGURATION0_EP_SETTINGS_TABLE
                0x00008e00                USB_HIDREPORT_DESCRIPTOR1
                0x00008e38                USB_SN_STRING_DESCRIPTOR
                0x00008e3c                USB_STRING_DESCRIPTORS
                0x00008f24                USB_DEVICE0_CONFIGURATION0_DESCR
                0x00008f68                USB_DEVICE0_DESCR
 .rodata.str1.1
                0x00008f7a        0x2 c:/program files (x86)/cypress/psoc creator/4.4/psoc creator/import/gnu/arm/5.4.1/bin/../lib/gcc/arm-none-eabi/5.4.1/../../../../arm-none-eabi/lib/armv7-m\libg_nano.a(lib_a-impure.o)
 .rodata.str1.1
                0x00008f7c       0x11 c:/program files (x86)/cypress/psoc creator/4.4/psoc creator/import/gnu/arm/5.4.1/bin/../lib/gcc/arm-none-eabi/5.4.1/../../../../arm-none-eabi/lib/armv7-m\libg_nano.a(lib_a-nano-svfprintf.o)
 .rodata.str1.1
                0x00008f8d       0x22 c:/program files (x86)/cypress/psoc creator/4.4/psoc creator/import/gnu/arm/5.4.1/bin/../lib/gcc/arm-none-eabi/5.4.1/../../../../arm-none-eabi/lib/armv7-m\libg_nano.a(lib_a-nano-vfprintf_i.o)
                0x00008fb0                . = ALIGN (0x4)
 *fill*         0x00008faf        0x1 
 *(.init)
 .init          0x00008fb0        0x4 c:/program files (x86)/cypress/psoc creator/4.4/psoc creator/import/gnu/arm/5.4.1/bin/../lib/gcc/arm-none-eabi/5.4.1/armv7-m/crti.o
                0x00008fb0                _init
 .init          0x00008fb4        0x8 c:/program files (x86)/cypress/psoc creator/4.4/psoc creator/import/gnu/arm/5.4.1/bin/../lib/gcc/arm-none-eabi/5.4.1/armv7-m/crtn.o
                0x00008fbc                . = ALIGN (0x4)
                0x00008fbc                __preinit_array_start = .
 *(.preinit_array)
                0x00008fbc                __preinit_array_end = .
                0x00008fbc                . = ALIGN (0x4)
                0x00008fbc                __init_array_start = .
 *(SORT(.init_array.*))
 *(.init_array)
 .init_array    0x00008fbc        0x4 c:/program files (x86)/cypress/psoc creator/4.4/psoc creator/import/gnu/arm/5.4.1/bin/../lib/gcc/arm-none-eabi/5.4.1/armv7-m/crtbegin.o
 .init_array    0x00008fc0        0x4 .\CortexM3\ARM_GCC_541\Debug\Cm3Start.o
                0x00008fc4                __init_array_end = .
                0x00008fc4                . = ALIGN (0x4)
 *(.fini)
 .fini          0x00008fc4        0x4 c:/program files (x86)/cypress/psoc creator/4.4/psoc creator/import/gnu/arm/5.4.1/bin/../lib/gcc/arm-none-eabi/5.4.1/armv7-m/crti.o
                0x00008fc4                _fini
 .fini          0x00008fc8        0x8 c:/program files (x86)/cypress/psoc creator/4.4/psoc creator/import/gnu/arm/5.4.1/bin/../lib/gcc/arm-none-eabi/5.4.1/armv7-m/crtn.o
                0x00008fd0                . = ALIGN (0x4)
                0x00008fd0                __fini_array_start = .
 *(.fini_array)
 .fini_array    0x00008fd0        0x4 c:/program files (x86)/cypress/psoc creator/4.4/psoc creator/import/gnu/arm/5.4.1/bin/../lib/gcc/arm-none-eabi/5.4.1/armv7-m/crtbegin.o
 *(SORT(.fini_array.*))
                0x00008fd4                __fini_array_end = .
                0x00008fd4                . = ALIGN (0x4)
 *crtbegin.o(.ctors)
 *(EXCLUDE_FILE(*crtend.o) .ctors)
 *(SORT(.ctors.*))
 *crtend.o(.ctors)
                0x00008fd4                . = ALIGN (0x4)
 *crtbegin.o(.dtors)
 *(EXCLUDE_FILE(*crtend.o) .dtors)
 *(SORT(.dtors.*))
 *crtend.o(.dtors)
                0x00008fd4                . = ALIGN (0x4)
                0x00008fd4                __cy_regions = .
                0x00008fd4        0x4 LONG 0x8fe8 __cy_region_init_ram
                0x00008fd8        0x4 LONG 0x1fff80c8 __cy_region_start_data
                0x00008fdc        0x4 LONG 0xd8 __cy_region_init_size_ram
                0x00008fe0        0x4 LONG 0x280 __cy_region_zero_size_ram
                0x00008fe4                __cy_regions_end = .
                0x00008fe8                . = ALIGN (0x8)
 *fill*         0x00008fe4        0x4 
                0x00008fe8                _etext = .

.cy_checksum_exclude
                0x00008fe8        0x0
 *(.cy_checksum_exclude)

.ramvectors     0x1fff8000       0xc0
                0x1fff8000                __cy_region_start_ram = .
 *(.ramvectors)
 .ramvectors    0x1fff8000       0xc0 .\CortexM3\ARM_GCC_541\Debug\Cm3Start.o
                0x1fff8000                CyRamVectors

.noinit         0x1fff80c0        0x1
 *(.noinit)
 .noinit        0x1fff80c0        0x1 .\CortexM3\ARM_GCC_541\Debug\AS76_FFP5.a(CyLib.o)
                0x1fff80c0                CyResetStatus

.data           0x1fff80c8       0xd8 load address 0x00008fe8
                0x1fff80c8                __cy_region_start_data = .
 *(.jcr)
 .jcr           0x1fff80c8        0x0 c:/program files (x86)/cypress/psoc creator/4.4/psoc creator/import/gnu/arm/5.4.1/bin/../lib/gcc/arm-none-eabi/5.4.1/armv7-m/crtbegin.o
 .jcr           0x1fff80c8        0x4 c:/program files (x86)/cypress/psoc creator/4.4/psoc creator/import/gnu/arm/5.4.1/bin/../lib/gcc/arm-none-eabi/5.4.1/armv7-m/crtend.o
 *(.got.plt)
 *(.got)
 *(.shdata)
 *(.data .data.* .gnu.linkonce.d.*)
 .data          0x1fff80cc        0x4 .\CortexM3\ARM_GCC_541\Debug\main.o
                0x1fff80cc                status_t
                0x1fff80cd                status_z
                0x1fff80ce                status_y
                0x1fff80cf                status_x
 .data          0x1fff80d0       0x39 .\CortexM3\ARM_GCC_541\Debug\AS76.o
                0x1fff80d0                PWM_Condenser_comare_value
                0x1fff80e4                Motor_Speed_X
                0x1fff80e8                Motor_Speed_Y
                0x1fff80ec                Motor_Speed_Z
                0x1fff80f0                HomeY_done
                0x1fff80f1                HomeX_done
                0x1fff80f2                HomeZ_done
                0x1fff80f4                X_Pitchfactor
                0x1fff80f8                HomeT_done
                0x1fff80fc                T_Pitchfactor
                0x1fff8100                Z_Pitchfactor
                0x1fff8104                Y_Pitchfactor
                0x1fff8108                Time_Out_Error
 *fill*         0x1fff8109        0x3 
 .data          0x1fff810c        0x4 .\CortexM3\ARM_GCC_541\Debug\Cm3Start.o
 .data          0x1fff8110       0x10 .\CortexM3\ARM_GCC_541\Debug\AS76_FFP5.a(CyLib.o)
                0x1fff8110                cydelay_32k_ms
                0x1fff8114                cydelay_freq_khz
                0x1fff8118                cydelay_freq_mhz
                0x1fff811c                cydelay_freq_hz
 .data          0x1fff8120       0x1a .\CortexM3\ARM_GCC_541\Debug\AS76_FFP5.a(USB_cdc.o)
                0x1fff8120                USB_linesCoding
 *fill*         0x1fff813a        0x2 
 .data.impure_data
                0x1fff813c       0x60 c:/program files (x86)/cypress/psoc creator/4.4/psoc creator/import/gnu/arm/5.4.1/bin/../lib/gcc/arm-none-eabi/5.4.1/../../../../arm-none-eabi/lib/armv7-m\libg_nano.a(lib_a-impure.o)
 .data._impure_ptr
                0x1fff819c        0x4 c:/program files (x86)/cypress/psoc creator/4.4/psoc creator/import/gnu/arm/5.4.1/bin/../lib/gcc/arm-none-eabi/5.4.1/../../../../arm-none-eabi/lib/armv7-m\libg_nano.a(lib_a-impure.o)
                0x1fff819c                _impure_ptr
                0x1fff81a0                . = ALIGN (0x8)
 *(.ram)
                0x1fff81a0                _edata = .

.igot.plt       0x1fff81a0        0x0 load address 0x000090c0
 .igot.plt      0x1fff81a0        0x0 c:/program files (x86)/cypress/psoc creator/4.4/psoc creator/import/gnu/arm/5.4.1/bin/../lib/gcc/arm-none-eabi/5.4.1/armv7-m/crtbegin.o

.bss            0x1fff81a0      0x280 load address 0x000090c0
                0x1fff81a0                PROVIDE (__bss_start__, .)
 *(.shbss)
 *(.bss .bss.* .gnu.linkonce.b.*)
 .bss           0x1fff81a0       0x1c c:/program files (x86)/cypress/psoc creator/4.4/psoc creator/import/gnu/arm/5.4.1/bin/../lib/gcc/arm-none-eabi/5.4.1/armv7-m/crtbegin.o
 .bss           0x1fff81bc       0x58 .\CortexM3\ARM_GCC_541\Debug\AS76.o
                0x1fff81bc                ms_count
                0x1fff81be                exit_loop
                0x1fff81c0                EncoderTZSelect
                0x1fff81c4                X_QuadPosition
                0x1fff81c8                Y_QuadPosition
                0x1fff81cc                Z_QuadPosition
                0x1fff81d0                T_QuadPosition
                0x1fff81d4                Buffer_Z_QuadPosition
                0x1fff81d8                Buffer_T_QuadPosition
                0x1fff81dc                PWM_barcode_comare_value
                0x1fff81e0                Error
                0x1fff81e5                HomeX_done_Buffer
                0x1fff81e6                HomeY_done_Buffer
                0x1fff81e7                HomeZ_done_Buffer
                0x1fff81e8                HomeT_done_Buffer
                0x1fff81ec                Previous_X_Position
                0x1fff81f0                Previous_Y_Position
                0x1fff81f4                Previous_Z_Position
                0x1fff81f8                Position_X_Requested
                0x1fff81fc                Position_Y_Requested
                0x1fff8200                Position_Z_Requested
                0x1fff8204                Position_T_Requested
                0x1fff8208                time_ms
                0x1fff820c                oil_speed
                0x1fff8210                oil_dir
 .bss           0x1fff8214        0xc .\CortexM3\ARM_GCC_541\Debug\APA102.o
                0x1fff8214                BnB
                0x1fff8216                GnR
                0x1fff8218                STFB
                0x1fff821c                LedCnt
                0x1fff821d                MaxB
                0x1fff821e                B
                0x1fff821f                j
 .bss           0x1fff8220        0x1 .\CortexM3\ARM_GCC_541\Debug\AS76_FFP5.a(SPIM.o)
                0x1fff8220                SPIM_initVar
 .bss           0x1fff8221        0x1 .\CortexM3\ARM_GCC_541\Debug\AS76_FFP5.a(USB.o)
                0x1fff8221                USB_initVar
 .bss           0x1fff8222        0x1 .\CortexM3\ARM_GCC_541\Debug\AS76_FFP5.a(USB_cdc.o)
 *fill*         0x1fff8223        0x1 
 .bss           0x1fff8224        0x2 .\CortexM3\ARM_GCC_541\Debug\AS76_FFP5.a(USB_std.o)
 .bss           0x1fff8226        0x1 .\CortexM3\ARM_GCC_541\Debug\AS76_FFP5.a(PWM_CondenserLED.o)
                0x1fff8226                PWM_CondenserLED_initVar
 .bss           0x1fff8227        0x1 .\CortexM3\ARM_GCC_541\Debug\AS76_FFP5.a(QuadDec_X.o)
                0x1fff8227                QuadDec_X_initVar
 .bss           0x1fff8228        0x4 .\CortexM3\ARM_GCC_541\Debug\AS76_FFP5.a(QuadDec_X_INT.o)
                0x1fff8228                QuadDec_X_count32SoftPart
 .bss           0x1fff822c        0x1 .\CortexM3\ARM_GCC_541\Debug\AS76_FFP5.a(QuadDec_X_Cnt16.o)
                0x1fff822c                QuadDec_X_Cnt16_initVar
 .bss           0x1fff822d        0x7 .\CortexM3\ARM_GCC_541\Debug\AS76_FFP5.a(UART_PCB_LOG.o)
                0x1fff822d                UART_PCB_LOG_errorStatus
                0x1fff822e                UART_PCB_LOG_initVar
                0x1fff822f                UART_PCB_LOG_rxBufferRead
                0x1fff8230                UART_PCB_LOG_rxBufferWrite
                0x1fff8231                UART_PCB_LOG_rxBufferLoopDetect
                0x1fff8232                UART_PCB_LOG_rxBufferOverflow
 .bss           0x1fff8234        0x1 .\CortexM3\ARM_GCC_541\Debug\AS76_FFP5.a(QuadDec_TZ.o)
                0x1fff8234                QuadDec_TZ_initVar
 *fill*         0x1fff8235        0x3 
 .bss           0x1fff8238        0x4 .\CortexM3\ARM_GCC_541\Debug\AS76_FFP5.a(QuadDec_TZ_INT.o)
                0x1fff8238                QuadDec_TZ_count32SoftPart
 .bss           0x1fff823c        0x1 .\CortexM3\ARM_GCC_541\Debug\AS76_FFP5.a(PWM_Buzzer.o)
                0x1fff823c                PWM_Buzzer_initVar
 .bss           0x1fff823d        0x1 .\CortexM3\ARM_GCC_541\Debug\AS76_FFP5.a(QuadDec_Y.o)
                0x1fff823d                QuadDec_Y_initVar
 *fill*         0x1fff823e        0x2 
 .bss           0x1fff8240        0x4 .\CortexM3\ARM_GCC_541\Debug\AS76_FFP5.a(QuadDec_Y_INT.o)
                0x1fff8240                QuadDec_Y_count32SoftPart
 .bss           0x1fff8244        0x1 .\CortexM3\ARM_GCC_541\Debug\AS76_FFP5.a(PWM_BarcodeCondenser_LED.o)
                0x1fff8244                PWM_BarcodeCondenser_LED_initVar
 .bss           0x1fff8245        0x1 .\CortexM3\ARM_GCC_541\Debug\AS76_FFP5.a(QuadDec_TZ_Cnt16.o)
                0x1fff8245                QuadDec_TZ_Cnt16_initVar
 .bss           0x1fff8246        0x1 .\CortexM3\ARM_GCC_541\Debug\AS76_FFP5.a(QuadDec_Y_Cnt16.o)
                0x1fff8246                QuadDec_Y_Cnt16_initVar
 .bss           0x1fff8247        0x1 .\CortexM3\ARM_GCC_541\Debug\AS76_FFP5.a(wait_timer.o)
                0x1fff8247                wait_timer_initVar
 .bss.__malloc_sbrk_start
                0x1fff8248        0x4 c:/program files (x86)/cypress/psoc creator/4.4/psoc creator/import/gnu/arm/5.4.1/bin/../lib/gcc/arm-none-eabi/5.4.1/../../../../arm-none-eabi/lib/armv7-m\libg_nano.a(lib_a-nano-mallocr.o)
                0x1fff8248                __malloc_sbrk_start
 .bss.__malloc_free_list
                0x1fff824c        0x4 c:/program files (x86)/cypress/psoc creator/4.4/psoc creator/import/gnu/arm/5.4.1/bin/../lib/gcc/arm-none-eabi/5.4.1/../../../../arm-none-eabi/lib/armv7-m\libg_nano.a(lib_a-nano-mallocr.o)
                0x1fff824c                __malloc_free_list
 *(COMMON)
 COMMON         0x1fff8250       0x82 .\CortexM3\ARM_GCC_541\Debug\main.o
                0x1fff8250                Is_Slide_On_Gripper
                0x1fff8254                USB_received
                0x1fff8294                count
                0x1fff8298                USB_transmit
 *fill*         0x1fff82d2        0x2 
 COMMON         0x1fff82d4        0x4 .\CortexM3\ARM_GCC_541\Debug\AS76.o
                0x1fff82d4                command
 COMMON         0x1fff82d8        0x7 .\CortexM3\ARM_GCC_541\Debug\APA102.o
                0x1fff82d8                SPI_RGB_DATA
                0x1fff82dc                i
                0x1fff82dd                G
                0x1fff82de                R
 *fill*         0x1fff82df        0x1 
 COMMON         0x1fff82e0       0x18 .\CortexM3\ARM_GCC_541\Debug\AS76_FFP5.a(SPIM.o)
                0x1fff82e0                SPIM_rxBufferFull
                0x1fff82e4                SPIM_txBuffer
                0x1fff82e9                SPIM_swStatusTx
                0x1fff82ec                SPIM_rxBuffer
                0x1fff82f2                SPIM_txBufferFull
                0x1fff82f3                SPIM_txBufferRead
                0x1fff82f4                SPIM_rxBufferWrite
                0x1fff82f5                SPIM_txBufferWrite
                0x1fff82f6                SPIM_rxBufferRead
                0x1fff82f7                SPIM_swStatusRx
 COMMON         0x1fff82f8       0x16 .\CortexM3\ARM_GCC_541\Debug\AS76_FFP5.a(USB_cdc.o)
                0x1fff82f8                USB_linesControlBitmap
                0x1fff82fc                USB_cdcCommInInterruptEp
                0x1fff8300                USB_serialStateBitmap
                0x1fff8304                USB_cdcDataOutEp
                0x1fff8308                USB_cdcDataInEp
                0x1fff830c                USB_linesChanged
 *fill*         0x1fff830e        0x2 
 COMMON         0x1fff8310       0x98 .\CortexM3\ARM_GCC_541\Debug\AS76_FFP5.a(USB_drv.o)
                0x1fff8310                USB_transferState
                0x1fff8311                USB_interfaceNumber
                0x1fff8312                USB_lastPacketSize
                0x1fff8314                USB_interfaceClass
                0x1fff8318                USB_interfaceSetting
                0x1fff831a                USB_ep0Mode
                0x1fff831b                USB_device
                0x1fff831c                USB_deviceAddress
                0x1fff831d                USB_ep0Toggle
                0x1fff8320                USB_interfaceSettingLast
                0x1fff8322                USB_configurationChanged
                0x1fff8324                USB_interfaceStatus
                0x1fff8326                USB_transferByteCount
                0x1fff8328                USB_configuration
                0x1fff832c                USB_currentTD
                0x1fff8338                USB_ep0Count
                0x1fff8339                USB_deviceStatus
                0x1fff833c                USB_EP
 COMMON         0x1fff83a8        0xa .\CortexM3\ARM_GCC_541\Debug\AS76_FFP5.a(USB_hid.o)
                0x1fff83a8                USB_hidProtocol
                0x1fff83ac                USB_hidIdleRate
                0x1fff83b0                USB_hidIdleTimer
 *fill*         0x1fff83b2        0x2 
 COMMON         0x1fff83b4       0x40 .\CortexM3\ARM_GCC_541\Debug\AS76_FFP5.a(UART_PCB_LOG.o)
                0x1fff83b4                UART_PCB_LOG_rxBuffer
 COMMON         0x1fff83f4       0x22 .\CortexM3\ARM_GCC_541\Debug\AS76_FFP5.a(USB_descr.o)
                0x1fff83f4                USB_idSerialNumberStringDescriptor
 *fill*         0x1fff8416        0x2 
 COMMON         0x1fff8418        0x4 c:/program files (x86)/cypress/psoc creator/4.4/psoc creator/import/gnu/arm/5.4.1/bin/../lib/gcc/arm-none-eabi/5.4.1/../../../../arm-none-eabi/lib/armv7-m\libg_nano.a(lib_a-reent.o)
                0x1fff8418                errno
                0x1fff8420                . = ALIGN (0x8)
 *fill*         0x1fff841c        0x4 
 *(.ram.b)
                0x1fff8420                _end = .
                0x1fff8420                __end = .
                0x1fff8420                PROVIDE (end, .)
                0x1fff8420                PROVIDE (__bss_end__, .)
                0x00008fe8                __cy_region_init_ram = LOADADDR (.data)
                0x000000d8                __cy_region_init_size_ram = (_edata - ADDR (.data))
                0x00000280                __cy_region_zero_size_ram = (_end - _edata)

.heap           0x1fff8420       0x80 load address 0x000090c0
                0x1fff8420                . = _end
                0x1fff84a0                . = (. + 0x80)
 *fill*         0x1fff8420       0x80 
                0x1fff84a0                __cy_heap_limit = .

.stack          0x20007800      0x800
                0x20007800                __cy_stack_limit = .
                0x20008000                . = (. + 0x800)
 *fill*         0x20007800      0x800 
                0x00000001                ASSERT ((__cy_stack_limit >= __cy_heap_limit), region RAM overflowed with stack)
                0x00000000                cy_checksum_exclude_size = (CY_APPL_LOADABLE == 0x1)?SIZEOF (.cy_checksum_exclude):0x0
                0x00000001                ASSERT ((cy_checksum_exclude_size <= CY_CHECKSUM_EXCLUDE_SIZE), CY_BOOT: Section .cy_checksum_exclude size exceedes specified limit.)

.cyloadermeta
 *(.cyloadermeta)

.cyloadablemeta
 *(.cyloadablemeta)

.cyconfigecc
 *(.cyconfigecc)

.cycustnvl      0x90000000        0x4
 *(.cycustnvl)
 .cycustnvl     0x90000000        0x4 .\CortexM3\ARM_GCC_541\Debug\cymetadata.o
                0x90000000                cy_meta_custnvl

.cywolatch      0x90100000        0x4
 *(.cywolatch)
 .cywolatch     0x90100000        0x4 .\CortexM3\ARM_GCC_541\Debug\cymetadata.o
                0x90100000                cy_meta_wonvl

.cyeeprom       0x90200000        0x0
 *(.cyeeprom)
                0x00000001                ASSERT ((. <= ((0x90200000 + ee_offset) + ee_size)), .cyeeprom data will not fit in EEPROM)

.cyflashprotect
                0x90400000      0x100
 *(.cyflashprotect)
 .cyflashprotect
                0x90400000      0x100 .\CortexM3\ARM_GCC_541\Debug\cymetadata.o
                0x90400000                cy_meta_flashprotect

.cymeta         0x90500000        0xc
 *(.cymeta)
 .cymeta        0x90500000        0xc .\CortexM3\ARM_GCC_541\Debug\cymetadata.o
                0x90500000                cy_metadata

.rel.dyn        0x000090c0        0x0 load address 0x9050000c
 .rel.iplt      0x000090c0        0x0 c:/program files (x86)/cypress/psoc creator/4.4/psoc creator/import/gnu/arm/5.4.1/bin/../lib/gcc/arm-none-eabi/5.4.1/armv7-m/crtbegin.o

.stab
 *(.stab)

.stabstr
 *(.stabstr)

.debug
 *(.debug)

.line
 *(.line)

.debug_srcinfo
 *(.debug_srcinfo)

.debug_sfnames
 *(.debug_sfnames)

.debug_aranges  0x00000000     0x1760
 *(.debug_aranges)
 .debug_aranges
                0x00000000       0x20 .\CortexM3\ARM_GCC_541\Debug\main.o
 .debug_aranges
                0x00000020      0x198 .\CortexM3\ARM_GCC_541\Debug\AS76.o
 .debug_aranges
                0x000001b8       0x40 .\CortexM3\ARM_GCC_541\Debug\APA102.o
 .debug_aranges
                0x000001f8       0x60 .\CortexM3\ARM_GCC_541\Debug\cyfitter_cfg.o
 .debug_aranges
                0x00000258       0x18 .\CortexM3\ARM_GCC_541\Debug\cymetadata.o
 .debug_aranges
                0x00000270       0x48 .\CortexM3\ARM_GCC_541\Debug\Cm3Start.o
 .debug_aranges
                0x000002b8       0x38 .\CortexM3\ARM_GCC_541\Debug\AS76_FFP5.a(Pin_CSMotorX.o)
 .debug_aranges
                0x000002f0       0x38 .\CortexM3\ARM_GCC_541\Debug\AS76_FFP5.a(Pin_CSMotorY.o)
 .debug_aranges
                0x00000328       0x38 .\CortexM3\ARM_GCC_541\Debug\AS76_FFP5.a(Pin_CSMotorZ.o)
 .debug_aranges
                0x00000360       0xd8 .\CortexM3\ARM_GCC_541\Debug\AS76_FFP5.a(SPIM.o)
 .debug_aranges
                0x00000438       0x28 .\CortexM3\ARM_GCC_541\Debug\AS76_FFP5.a(SPIM_INT.o)
 .debug_aranges
                0x00000460      0x2a0 .\CortexM3\ARM_GCC_541\Debug\AS76_FFP5.a(CyLib.o)
 .debug_aranges
                0x00000700       0x98 .\CortexM3\ARM_GCC_541\Debug\AS76_FFP5.a(cyPm.o)
 .debug_aranges
                0x00000798       0xc8 .\CortexM3\ARM_GCC_541\Debug\AS76_FFP5.a(USB.o)
 .debug_aranges
                0x00000860       0xe8 .\CortexM3\ARM_GCC_541\Debug\AS76_FFP5.a(USB_cdc.o)
 .debug_aranges
                0x00000948       0x98 .\CortexM3\ARM_GCC_541\Debug\AS76_FFP5.a(USB_drv.o)
 .debug_aranges
                0x000009e0       0x40 .\CortexM3\ARM_GCC_541\Debug\AS76_FFP5.a(USB_episr.o)
 .debug_aranges
                0x00000a20       0x48 .\CortexM3\ARM_GCC_541\Debug\AS76_FFP5.a(USB_hid.o)
 .debug_aranges
                0x00000a68       0x40 .\CortexM3\ARM_GCC_541\Debug\AS76_FFP5.a(USB_pm.o)
 .debug_aranges
                0x00000aa8       0x80 .\CortexM3\ARM_GCC_541\Debug\AS76_FFP5.a(USB_std.o)
 .debug_aranges
                0x00000b28       0x20 .\CortexM3\ARM_GCC_541\Debug\AS76_FFP5.a(USB_vnd.o)
 .debug_aranges
                0x00000b48       0x48 .\CortexM3\ARM_GCC_541\Debug\AS76_FFP5.a(USB_Dp.o)
 .debug_aranges
                0x00000b90       0x78 .\CortexM3\ARM_GCC_541\Debug\AS76_FFP5.a(PWM_CondenserLED.o)
 .debug_aranges
                0x00000c08       0x70 .\CortexM3\ARM_GCC_541\Debug\AS76_FFP5.a(SPIM_IntClock.o)
 .debug_aranges
                0x00000c78       0x60 .\CortexM3\ARM_GCC_541\Debug\AS76_FFP5.a(QuadDec_X.o)
 .debug_aranges
                0x00000cd8       0x20 .\CortexM3\ARM_GCC_541\Debug\AS76_FFP5.a(QuadDec_X_INT.o)
 .debug_aranges
                0x00000cf8       0x98 .\CortexM3\ARM_GCC_541\Debug\AS76_FFP5.a(QuadDec_X_Cnt16.o)
 .debug_aranges
                0x00000d90       0xf0 .\CortexM3\ARM_GCC_541\Debug\AS76_FFP5.a(UART_PCB_LOG.o)
 .debug_aranges
                0x00000e80       0x20 .\CortexM3\ARM_GCC_541\Debug\AS76_FFP5.a(UART_PCB_LOG_INT.o)
 .debug_aranges
                0x00000ea0       0x70 .\CortexM3\ARM_GCC_541\Debug\AS76_FFP5.a(UART_PCB_LOG_IntClock.o)
 .debug_aranges
                0x00000f10       0x38 .\CortexM3\ARM_GCC_541\Debug\AS76_FFP5.a(Pin_Backlight.o)
 .debug_aranges
                0x00000f48       0x38 .\CortexM3\ARM_GCC_541\Debug\AS76_FFP5.a(LED2.o)
 .debug_aranges
                0x00000f80       0x38 .\CortexM3\ARM_GCC_541\Debug\AS76_FFP5.a(Pin_CSMotorO.o)
 .debug_aranges
                0x00000fb8       0x38 .\CortexM3\ARM_GCC_541\Debug\AS76_FFP5.a(Pin_CSMotorT.o)
 .debug_aranges
                0x00000ff0       0x60 .\CortexM3\ARM_GCC_541\Debug\AS76_FFP5.a(QuadDec_TZ.o)
 .debug_aranges
                0x00001050       0x20 .\CortexM3\ARM_GCC_541\Debug\AS76_FFP5.a(QuadDec_TZ_INT.o)
 .debug_aranges
                0x00001070       0x78 .\CortexM3\ARM_GCC_541\Debug\AS76_FFP5.a(PWM_Buzzer.o)
 .debug_aranges
                0x000010e8       0x60 .\CortexM3\ARM_GCC_541\Debug\AS76_FFP5.a(QuadDec_Y.o)
 .debug_aranges
                0x00001148       0x20 .\CortexM3\ARM_GCC_541\Debug\AS76_FFP5.a(QuadDec_Y_INT.o)
 .debug_aranges
                0x00001168       0x78 .\CortexM3\ARM_GCC_541\Debug\AS76_FFP5.a(PWM_BarcodeCondenser_LED.o)
 .debug_aranges
                0x000011e0       0x38 .\CortexM3\ARM_GCC_541\Debug\AS76_FFP5.a(LED3.o)
 .debug_aranges
                0x00001218       0x28 .\CortexM3\ARM_GCC_541\Debug\AS76_FFP5.a(Encoder_T_Z_Select.o)
 .debug_aranges
                0x00001240       0x38 .\CortexM3\ARM_GCC_541\Debug\AS76_FFP5.a(TMC5160_MotorX_EN.o)
 .debug_aranges
                0x00001278       0x38 .\CortexM3\ARM_GCC_541\Debug\AS76_FFP5.a(TMC5160_MotorY_EN.o)
 .debug_aranges
                0x000012b0       0x38 .\CortexM3\ARM_GCC_541\Debug\AS76_FFP5.a(TMC5160_MotorZ_EN.o)
 .debug_aranges
                0x000012e8       0x38 .\CortexM3\ARM_GCC_541\Debug\AS76_FFP5.a(TMC5160_MotorT_EN.o)
 .debug_aranges
                0x00001320       0x38 .\CortexM3\ARM_GCC_541\Debug\AS76_FFP5.a(TMC5160_MotorO_EN.o)
 .debug_aranges
                0x00001358       0x98 .\CortexM3\ARM_GCC_541\Debug\AS76_FFP5.a(QuadDec_TZ_Cnt16.o)
 .debug_aranges
                0x000013f0       0x98 .\CortexM3\ARM_GCC_541\Debug\AS76_FFP5.a(QuadDec_Y_Cnt16.o)
 .debug_aranges
                0x00001488       0x88 .\CortexM3\ARM_GCC_541\Debug\AS76_FFP5.a(wait_timer.o)
 .debug_aranges
                0x00001510       0x80 .\CortexM3\ARM_GCC_541\Debug\AS76_FFP5.a(wait_interrupt.o)
 .debug_aranges
                0x00001590       0x38 .\CortexM3\ARM_GCC_541\Debug\AS76_FFP5.a(Pin_SDO_RGB.o)
 .debug_aranges
                0x000015c8       0x38 .\CortexM3\ARM_GCC_541\Debug\AS76_FFP5.a(Pin_Clock_RGB.o)
 .debug_aranges
                0x00001600       0x20 .\CortexM3\ARM_GCC_541\Debug\AS76_FFP5.a(CyBootAsmGnu.o)
 .debug_aranges
                0x00001620       0x88 .\CortexM3\ARM_GCC_541\Debug\AS76_FFP5.a(CyFlash.o)
 .debug_aranges
                0x000016a8       0x80 .\CortexM3\ARM_GCC_541\Debug\AS76_FFP5.a(CySpc.o)
 .debug_aranges
                0x00001728       0x20 .\CortexM3\ARM_GCC_541\Debug\AS76_FFP5.a(USB_cls.o)
 .debug_aranges
                0x00001748       0x18 .\CortexM3\ARM_GCC_541\Debug\AS76_FFP5.a(USB_descr.o)

.debug_pubnames
 *(.debug_pubnames)

.debug_info     0x00000000    0x11f28
 *(.debug_info .gnu.linkonce.wi.*)
 .debug_info    0x00000000      0x533 .\CortexM3\ARM_GCC_541\Debug\main.o
 .debug_info    0x00000533     0x51eb .\CortexM3\ARM_GCC_541\Debug\AS76.o
 .debug_info    0x0000571e      0xe4f .\CortexM3\ARM_GCC_541\Debug\APA102.o
 .debug_info    0x0000656d      0x7ff .\CortexM3\ARM_GCC_541\Debug\cyfitter_cfg.o
 .debug_info    0x00006d6c      0x10e .\CortexM3\ARM_GCC_541\Debug\cymetadata.o
 .debug_info    0x00006e7a      0x3bb .\CortexM3\ARM_GCC_541\Debug\Cm3Start.o
 .debug_info    0x00007235      0x11f .\CortexM3\ARM_GCC_541\Debug\AS76_FFP5.a(Pin_CSMotorX.o)
 .debug_info    0x00007354      0x11f .\CortexM3\ARM_GCC_541\Debug\AS76_FFP5.a(Pin_CSMotorY.o)
 .debug_info    0x00007473      0x11f .\CortexM3\ARM_GCC_541\Debug\AS76_FFP5.a(Pin_CSMotorZ.o)
 .debug_info    0x00007592      0x719 .\CortexM3\ARM_GCC_541\Debug\AS76_FFP5.a(SPIM.o)
 .debug_info    0x00007cab      0x19d .\CortexM3\ARM_GCC_541\Debug\AS76_FFP5.a(SPIM_INT.o)
 .debug_info    0x00007e48     0x1374 .\CortexM3\ARM_GCC_541\Debug\AS76_FFP5.a(CyLib.o)
 .debug_info    0x000091bc      0xa2a .\CortexM3\ARM_GCC_541\Debug\AS76_FFP5.a(cyPm.o)
 .debug_info    0x00009be6      0x9c1 .\CortexM3\ARM_GCC_541\Debug\AS76_FFP5.a(USB.o)
 .debug_info    0x0000a5a7      0xaf7 .\CortexM3\ARM_GCC_541\Debug\AS76_FFP5.a(USB_cdc.o)
 .debug_info    0x0000b09e      0x655 .\CortexM3\ARM_GCC_541\Debug\AS76_FFP5.a(USB_drv.o)
 .debug_info    0x0000b6f3      0x254 .\CortexM3\ARM_GCC_541\Debug\AS76_FFP5.a(USB_episr.o)
 .debug_info    0x0000b947      0x43b .\CortexM3\ARM_GCC_541\Debug\AS76_FFP5.a(USB_hid.o)
 .debug_info    0x0000bd82      0x2e4 .\CortexM3\ARM_GCC_541\Debug\AS76_FFP5.a(USB_pm.o)
 .debug_info    0x0000c066      0xb36 .\CortexM3\ARM_GCC_541\Debug\AS76_FFP5.a(USB_std.o)
 .debug_info    0x0000cb9c      0x1be .\CortexM3\ARM_GCC_541\Debug\AS76_FFP5.a(USB_vnd.o)
 .debug_info    0x0000cd5a      0x174 .\CortexM3\ARM_GCC_541\Debug\AS76_FFP5.a(USB_Dp.o)
 .debug_info    0x0000cece      0x27e .\CortexM3\ARM_GCC_541\Debug\AS76_FFP5.a(PWM_CondenserLED.o)
 .debug_info    0x0000d14c      0x283 .\CortexM3\ARM_GCC_541\Debug\AS76_FFP5.a(SPIM_IntClock.o)
 .debug_info    0x0000d3cf      0x357 .\CortexM3\ARM_GCC_541\Debug\AS76_FFP5.a(QuadDec_X.o)
 .debug_info    0x0000d726       0xf3 .\CortexM3\ARM_GCC_541\Debug\AS76_FFP5.a(QuadDec_X_INT.o)
 .debug_info    0x0000d819      0x348 .\CortexM3\ARM_GCC_541\Debug\AS76_FFP5.a(QuadDec_X_Cnt16.o)
 .debug_info    0x0000db61      0x72d .\CortexM3\ARM_GCC_541\Debug\AS76_FFP5.a(UART_PCB_LOG.o)
 .debug_info    0x0000e28e      0x14c .\CortexM3\ARM_GCC_541\Debug\AS76_FFP5.a(UART_PCB_LOG_INT.o)
 .debug_info    0x0000e3da      0x283 .\CortexM3\ARM_GCC_541\Debug\AS76_FFP5.a(UART_PCB_LOG_IntClock.o)
 .debug_info    0x0000e65d      0x11f .\CortexM3\ARM_GCC_541\Debug\AS76_FFP5.a(Pin_Backlight.o)
 .debug_info    0x0000e77c      0x11f .\CortexM3\ARM_GCC_541\Debug\AS76_FFP5.a(LED2.o)
 .debug_info    0x0000e89b      0x11f .\CortexM3\ARM_GCC_541\Debug\AS76_FFP5.a(Pin_CSMotorO.o)
 .debug_info    0x0000e9ba      0x11f .\CortexM3\ARM_GCC_541\Debug\AS76_FFP5.a(Pin_CSMotorT.o)
 .debug_info    0x0000ead9      0x357 .\CortexM3\ARM_GCC_541\Debug\AS76_FFP5.a(QuadDec_TZ.o)
 .debug_info    0x0000ee30       0xf3 .\CortexM3\ARM_GCC_541\Debug\AS76_FFP5.a(QuadDec_TZ_INT.o)
 .debug_info    0x0000ef23      0x27f .\CortexM3\ARM_GCC_541\Debug\AS76_FFP5.a(PWM_Buzzer.o)
 .debug_info    0x0000f1a2      0x357 .\CortexM3\ARM_GCC_541\Debug\AS76_FFP5.a(QuadDec_Y.o)
 .debug_info    0x0000f4f9       0xf3 .\CortexM3\ARM_GCC_541\Debug\AS76_FFP5.a(QuadDec_Y_INT.o)
 .debug_info    0x0000f5ec      0x27e .\CortexM3\ARM_GCC_541\Debug\AS76_FFP5.a(PWM_BarcodeCondenser_LED.o)
 .debug_info    0x0000f86a      0x11f .\CortexM3\ARM_GCC_541\Debug\AS76_FFP5.a(LED3.o)
 .debug_info    0x0000f989       0xd6 .\CortexM3\ARM_GCC_541\Debug\AS76_FFP5.a(Encoder_T_Z_Select.o)
 .debug_info    0x0000fa5f      0x11f .\CortexM3\ARM_GCC_541\Debug\AS76_FFP5.a(TMC5160_MotorX_EN.o)
 .debug_info    0x0000fb7e      0x11f .\CortexM3\ARM_GCC_541\Debug\AS76_FFP5.a(TMC5160_MotorY_EN.o)
 .debug_info    0x0000fc9d      0x11f .\CortexM3\ARM_GCC_541\Debug\AS76_FFP5.a(TMC5160_MotorZ_EN.o)
 .debug_info    0x0000fdbc      0x11f .\CortexM3\ARM_GCC_541\Debug\AS76_FFP5.a(TMC5160_MotorT_EN.o)
 .debug_info    0x0000fedb      0x11f .\CortexM3\ARM_GCC_541\Debug\AS76_FFP5.a(TMC5160_MotorO_EN.o)
 .debug_info    0x0000fffa      0x348 .\CortexM3\ARM_GCC_541\Debug\AS76_FFP5.a(QuadDec_TZ_Cnt16.o)
 .debug_info    0x00010342      0x348 .\CortexM3\ARM_GCC_541\Debug\AS76_FFP5.a(QuadDec_Y_Cnt16.o)
 .debug_info    0x0001068a      0x295 .\CortexM3\ARM_GCC_541\Debug\AS76_FFP5.a(wait_timer.o)
 .debug_info    0x0001091f      0x2d2 .\CortexM3\ARM_GCC_541\Debug\AS76_FFP5.a(wait_interrupt.o)
 .debug_info    0x00010bf1      0x11f .\CortexM3\ARM_GCC_541\Debug\AS76_FFP5.a(Pin_SDO_RGB.o)
 .debug_info    0x00010d10      0x11f .\CortexM3\ARM_GCC_541\Debug\AS76_FFP5.a(Pin_Clock_RGB.o)
 .debug_info    0x00010e2f       0x92 .\CortexM3\ARM_GCC_541\Debug\AS76_FFP5.a(CyBootAsmGnu.o)
 .debug_info    0x00010ec1      0x62d .\CortexM3\ARM_GCC_541\Debug\AS76_FFP5.a(CyFlash.o)
 .debug_info    0x000114ee      0x53c .\CortexM3\ARM_GCC_541\Debug\AS76_FFP5.a(CySpc.o)
 .debug_info    0x00011a2a      0x1f2 .\CortexM3\ARM_GCC_541\Debug\AS76_FFP5.a(USB_cls.o)
 .debug_info    0x00011c1c      0x30c .\CortexM3\ARM_GCC_541\Debug\AS76_FFP5.a(USB_descr.o)

.debug_abbrev   0x00000000     0x3c73
 *(.debug_abbrev)
 .debug_abbrev  0x00000000       0xf6 .\CortexM3\ARM_GCC_541\Debug\main.o