Archive member included to satisfy reference by file (symbol)

.\CortexM3\ARM_GCC_541\Debug\AS76_FFP5.a(Pin_CSMotorX.o)
                              .\CortexM3\ARM_GCC_541\Debug\AS76.o (Pin_CSMotorX_Write)
.\CortexM3\ARM_GCC_541\Debug\AS76_FFP5.a(Pin_CSMotorY.o)
                              .\CortexM3\ARM_GCC_541\Debug\AS76.o (Pin_CSMotorY_Write)
.\CortexM3\ARM_GCC_541\Debug\AS76_FFP5.a(Pin_CSMotorZ.o)
                              .\CortexM3\ARM_GCC_541\Debug\AS76.o (Pin_CSMotorZ_Write)
.\CortexM3\ARM_GCC_541\Debug\AS76_FFP5.a(SPIM.o)
                              .\CortexM3\ARM_GCC_541\Debug\AS76.o (SPIM_WriteTxData)
.\CortexM3\ARM_GCC_541\Debug\AS76_FFP5.a(SPIM_INT.o)
                              .\CortexM3\ARM_GCC_541\Debug\AS76_FFP5.a(SPIM.o) (SPIM_TX_ISR)
.\CortexM3\ARM_GCC_541\Debug\AS76_FFP5.a(CyLib.o)
                              .\CortexM3\ARM_GCC_541\Debug\Cm3Start.o (CyHalt)
.\CortexM3\ARM_GCC_541\Debug\AS76_FFP5.a(cyPm.o)
                              .\CortexM3\ARM_GCC_541\Debug\AS76_FFP5.a(CyLib.o) (CyPmReadStatus)
.\CortexM3\ARM_GCC_541\Debug\AS76_FFP5.a(USB.o)
                              .\CortexM3\ARM_GCC_541\Debug\AS76.o (USB_Start)
.\CortexM3\ARM_GCC_541\Debug\AS76_FFP5.a(USB_cdc.o)
                              .\CortexM3\ARM_GCC_541\Debug\AS76.o (USB_CDC_Init)
.\CortexM3\ARM_GCC_541\Debug\AS76_FFP5.a(USB_drv.o)
                              .\CortexM3\ARM_GCC_541\Debug\AS76_FFP5.a(USB.o) (USB_lastPacketSize)
.\CortexM3\ARM_GCC_541\Debug\AS76_FFP5.a(USB_episr.o)
                              .\CortexM3\ARM_GCC_541\Debug\AS76_FFP5.a(USB.o) (USB_EP_1_ISR)
.\CortexM3\ARM_GCC_541\Debug\AS76_FFP5.a(USB_hid.o)
                              .\CortexM3\ARM_GCC_541\Debug\AS76_FFP5.a(USB.o) (USB_hidProtocol)
.\CortexM3\ARM_GCC_541\Debug\AS76_FFP5.a(USB_pm.o)
                              .\CortexM3\ARM_GCC_541\Debug\AS76_FFP5.a(USB.o) (USB_DP_ISR)
.\CortexM3\ARM_GCC_541\Debug\AS76_FFP5.a(USB_std.o)
                              .\CortexM3\ARM_GCC_541\Debug\AS76_FFP5.a(USB_pm.o) (USB_ConfigReg)
.\CortexM3\ARM_GCC_541\Debug\AS76_FFP5.a(USB_vnd.o)
                              .\CortexM3\ARM_GCC_541\Debug\AS76_FFP5.a(USB_drv.o) (USB_HandleVendorRqst)
.\CortexM3\ARM_GCC_541\Debug\AS76_FFP5.a(USB_Dp.o)
                              .\CortexM3\ARM_GCC_541\Debug\AS76_FFP5.a(USB.o) (USB_Dp_ClearInterrupt)
.\CortexM3\ARM_GCC_541\Debug\AS76_FFP5.a(PWM_CondenserLED.o)
                              .\CortexM3\ARM_GCC_541\Debug\AS76.o (PWM_CondenserLED_WriteCompare)
.\CortexM3\ARM_GCC_541\Debug\AS76_FFP5.a(SPIM_IntClock.o)
                              .\CortexM3\ARM_GCC_541\Debug\AS76_FFP5.a(SPIM.o) (SPIM_IntClock_Start)
.\CortexM3\ARM_GCC_541\Debug\AS76_FFP5.a(QuadDec_X.o)
                              .\CortexM3\ARM_GCC_541\Debug\AS76.o (QuadDec_X_GetCounter)
.\CortexM3\ARM_GCC_541\Debug\AS76_FFP5.a(QuadDec_X_INT.o)
                              .\CortexM3\ARM_GCC_541\Debug\AS76_FFP5.a(QuadDec_X.o) (QuadDec_X_ISR)
.\CortexM3\ARM_GCC_541\Debug\AS76_FFP5.a(QuadDec_X_Cnt16.o)
                              .\CortexM3\ARM_GCC_541\Debug\AS76_FFP5.a(QuadDec_X.o) (QuadDec_X_Cnt16_Stop)
.\CortexM3\ARM_GCC_541\Debug\AS76_FFP5.a(UART_PCB_LOG.o)
                              .\CortexM3\ARM_GCC_541\Debug\main.o (UART_PCB_LOG_Start)
.\CortexM3\ARM_GCC_541\Debug\AS76_FFP5.a(UART_PCB_LOG_INT.o)
                              .\CortexM3\ARM_GCC_541\Debug\AS76_FFP5.a(UART_PCB_LOG.o) (UART_PCB_LOG_RXISR)
.\CortexM3\ARM_GCC_541\Debug\AS76_FFP5.a(UART_PCB_LOG_IntClock.o)
                              .\CortexM3\ARM_GCC_541\Debug\AS76_FFP5.a(UART_PCB_LOG.o) (UART_PCB_LOG_IntClock_Start)
.\CortexM3\ARM_GCC_541\Debug\AS76_FFP5.a(Pin_Backlight.o)
                              .\CortexM3\ARM_GCC_541\Debug\AS76.o (Pin_Backlight_Write)
.\CortexM3\ARM_GCC_541\Debug\AS76_FFP5.a(LED2.o)
                              .\CortexM3\ARM_GCC_541\Debug\main.o (LED2_Write)
.\CortexM3\ARM_GCC_541\Debug\AS76_FFP5.a(Pin_CSMotorO.o)
                              .\CortexM3\ARM_GCC_541\Debug\AS76.o (Pin_CSMotorO_Write)
.\CortexM3\ARM_GCC_541\Debug\AS76_FFP5.a(Pin_CSMotorT.o)
                              .\CortexM3\ARM_GCC_541\Debug\AS76.o (Pin_CSMotorT_Write)
.\CortexM3\ARM_GCC_541\Debug\AS76_FFP5.a(QuadDec_TZ.o)
                              .\CortexM3\ARM_GCC_541\Debug\AS76.o (QuadDec_TZ_GetCounter)
.\CortexM3\ARM_GCC_541\Debug\AS76_FFP5.a(QuadDec_TZ_INT.o)
                              .\CortexM3\ARM_GCC_541\Debug\AS76_FFP5.a(QuadDec_TZ.o) (QuadDec_TZ_ISR)
.\CortexM3\ARM_GCC_541\Debug\AS76_FFP5.a(PWM_Buzzer.o)
                              .\CortexM3\ARM_GCC_541\Debug\AS76.o (PWM_Buzzer_WriteCompare)
.\CortexM3\ARM_GCC_541\Debug\AS76_FFP5.a(QuadDec_Y.o)
                              .\CortexM3\ARM_GCC_541\Debug\AS76.o (QuadDec_Y_GetCounter)
.\CortexM3\ARM_GCC_541\Debug\AS76_FFP5.a(QuadDec_Y_INT.o)
                              .\CortexM3\ARM_GCC_541\Debug\AS76_FFP5.a(QuadDec_Y.o) (QuadDec_Y_ISR)
[...]
Memory Configuration

Name             Origin             Length             Attributes
rom              0x00000000         0x00040000         xr
ram              0x1fff8000         0x00010000         xrw
*default*        0x00000000         0xffffffff

Linker script and memory map

LOAD c:/program files (x86)/cypress/psoc creator/4.4/psoc creator/import/gnu/arm/5.4.1/bin/../lib/gcc/arm-none-eabi/5.4.1/armv7-m/crti.o
LOAD c:/program files (x86)/cypress/psoc creator/4.4/psoc creator/import/gnu/arm/5.4.1/bin/../lib/gcc/arm-none-eabi/5.4.1/armv7-m/crtbegin.o
LOAD c:/program files (x86)/cypress/psoc creator/4.4/psoc creator/import/gnu/arm/5.4.1/bin/../lib/gcc/arm-none-eabi/5.4.1/../../../../arm-none-eabi/lib/armv7-m/crt0.o
START GROUP
LOAD .\CortexM3\ARM_GCC_541\Debug\main.o
LOAD .\CortexM3\ARM_GCC_541\Debug\AS76.o
LOAD .\CortexM3\ARM_GCC_541\Debug\APA102.o
LOAD .\CortexM3\ARM_GCC_541\Debug\cyfitter_cfg.o
LOAD .\CortexM3\ARM_GCC_541\Debug\cymetadata.o
LOAD .\CortexM3\ARM_GCC_541\Debug\Cm3Start.o
LOAD .\CortexM3\ARM_GCC_541\Debug\AS76_FFP5.a
LOAD C:\Program Files (x86)\Cypress\PSoC Creator\4.4\PSoC Creator\psoc\content\cycomponentlibrary\CyComponentLibrary.cylib\CortexM3\ARM_GCC_541\Debug\CyComponentLibrary.a
LOAD c:/program files (x86)/cypress/psoc creator/4.4/psoc creator/import/gnu/arm/5.4.1/bin/../lib/gcc/arm-none-eabi/5.4.1/../../../../arm-none-eabi/lib/armv7-m\libm.a
END GROUP
START GROUP
LOAD c:/program files (x86)/cypress/psoc creator/4.4/psoc creator/import/gnu/arm/5.4.1/bin/../lib/gcc/arm-none-eabi/5.4.1/armv7-m\libgcc.a
LOAD c:/program files (x86)/cypress/psoc creator/4.4/psoc creator/import/gnu/arm/5.4.1/bin/../lib/gcc/arm-none-eabi/5.4.1/../../../../arm-none-eabi/lib/armv7-m\libg_nano.a
LOAD c:/program files (x86)/cypress/psoc creator/4.4/psoc creator/import/gnu/arm/5.4.1/bin/../lib/gcc/arm-none-eabi/5.4.1/../../../../arm-none-eabi/lib/armv7-m\libc_nano.a
END GROUP
START GROUP
LOAD c:/program files (x86)/cypress/psoc creator/4.4/psoc creator/import/gnu/arm/5.4.1/bin/../lib/gcc/arm-none-eabi/5.4.1/armv7-m\libgcc.a
LOAD c:/program files (x86)/cypress/psoc creator/4.4/psoc creator/import/gnu/arm/5.4.1/bin/../lib/gcc/arm-none-eabi/5.4.1/../../../../arm-none-eabi/lib/armv7-m\libc_nano.a
END GROUP
LOAD c:/program files (x86)/cypress/psoc creator/4.4/psoc creator/import/gnu/arm/5.4.1/bin/../lib/gcc/arm-none-eabi/5.4.1/armv7-m/crtend.o
LOAD c:/program files (x86)/cypress/psoc creator/4.4/psoc creator/import/gnu/arm/5.4.1/bin/../lib/gcc/arm-none-eabi/5.4.1/armv7-m/crtn.o
START GROUP
LOAD c:/program files (x86)/cypress/psoc creator/4.4/psoc creator/import/gnu/arm/5.4.1/bin/../lib/gcc/arm-none-eabi/5.4.1/armv7-m\libgcc.a
LOAD c:/program files (x86)/cypress/psoc creator/4.4/psoc creator/import/gnu/arm/5.4.1/bin/../lib/gcc/arm-none-eabi/5.4.1/../../../../arm-none-eabi/lib/armv7-m\libc.a
LOAD c:/program files (x86)/cypress/psoc creator/4.4/psoc creator/import/gnu/arm/5.4.1/bin/../lib/gcc/arm-none-eabi/5.4.1/../../../../arm-none-eabi/lib/armv7-m\libnosys.a
END GROUP
                0x00000000                CY_APPL_ORIGIN = 0x0
                0x00000100                CY_FLASH_ROW_SIZE = 0x100
                0x00000020                CY_ECC_ROW_SIZE = 0x20
                0x00000000                CY_EE_IN_BTLDR = 0x0
                0x00000000                CY_APPL_LOADABLE = 0x0
                0x00000800                CY_EE_SIZE = 0x800
                0x00000001                CY_APPL_NUM = 0x1
                0x00000001                CY_APPL_MAX = 0x1
                0x00000040                CY_METADATA_SIZE = 0x40
                0x00000000                CY_APPL_LOADABLE = 0x0
                0x00000000                CY_CHECKSUM_EXCLUDE_SIZE = ALIGN (0x0, CY_FLASH_ROW_SIZE)
                [!provide]                PROVIDE (__cy_heap_start, _end)
                0x00000001                PROVIDE (__cy_region_num, ((__cy_regions_end - __cy_regions) / 0x10))
                0x20008000                PROVIDE (__cy_stack, (ORIGIN (ram) + LENGTH (ram)))
                [!provide]                PROVIDE (__cy_heap_end, (__cy_stack - 0x800))

.cybootloader   0x00000000        0x0
 *(.cybootloader)
                0x00000000                appl1_start = CY_APPL_ORIGIN?CY_APPL_ORIGIN:ALIGN (CY_FLASH_ROW_SIZE)
                0x0001ff00                appl2_start = (appl1_start + ALIGN ((((LENGTH (rom) - appl1_start) - (0x2 * CY_FLASH_ROW_SIZE)) / 0x2), CY_FLASH_ROW_SIZE))
                0x00000000                appl_start = (CY_APPL_NUM == 0x1)?appl1_start:appl2_start
                0x00000000                ecc_offset = ((appl_start / CY_FLASH_ROW_SIZE) * CY_ECC_ROW_SIZE)
                0x00000000                ee_offset = (CY_APPL_LOADABLE && ! (CY_EE_IN_BTLDR))?((CY_EE_SIZE / CY_APPL_MAX) * (CY_APPL_NUM - 0x1)):0x0
                0x00000800                ee_size = (CY_APPL_LOADABLE && ! (CY_EE_IN_BTLDR))?(CY_EE_SIZE / CY_APPL_MAX):CY_EE_SIZE
                [!provide]                PROVIDE (CY_ECC_OFFSET, ecc_offset)

.text           0x00000000     0x73a4
 CREATE_OBJECT_SYMBOLS
                0x00000000                PROVIDE (__cy_interrupt_vector, RomVectors)
 *(.romvectors)
 .romvectors    0x00000000       0x10 .\CortexM3\ARM_GCC_541\Debug\Cm3Start.o
                0x00000000                RomVectors
                0x00000001                ASSERT ((. != __cy_interrupt_vector), No interrupt vector)
                0x00000001                ASSERT (CY_APPL_ORIGIN?(SIZEOF (.cybootloader) <= CY_APPL_ORIGIN):0x1, Wrong image location)
                0x00000010                PROVIDE (__cy_reset, Reset)
 *(.text.Reset)
 .text.Reset    0x00000010       0x18 .\CortexM3\ARM_GCC_541\Debug\Cm3Start.o
                0x00000010                Reset
                0x00000001                ASSERT ((. != __cy_reset), No reset code)
 *(.dma_init)
                0x00000001                ASSERT ((((appl_start + .) <= 0x10000) || 0x1), DMA Init must be within the first 64k of flash)
 *(.text .text.* .gnu.linkonce.t.*)
 .text          0x00000028       0x5c c:/program files (x86)/cypress/psoc creator/4.4/psoc creator/import/gnu/arm/5.4.1/bin/../lib/gcc/arm-none-eabi/5.4.1/armv7-m/crtbegin.o
 .text.main     0x00000084       0xfc .\CortexM3\ARM_GCC_541\Debug\main.o
                0x00000084                main
 .text.wait_interrupt_Handler
                0x00000180       0x24 .\CortexM3\ARM_GCC_541\Debug\AS76.o
                0x00000180                wait_interrupt_Handler
 .text.wait_interrupt_Handler1
                0x000001a4       0x10 .\CortexM3\ARM_GCC_541\Debug\AS76.o
                0x000001a4                wait_interrupt_Handler1
 .text.Initialize_PWM
                0x000001b4       0x50 .\CortexM3\ARM_GCC_541\Debug\AS76.o
                0x000001b4                Initialize_PWM
 .text.Enable_Encoder_T
                0x00000204       0x18 .\CortexM3\ARM_GCC_541\Debug\AS76.o
                0x00000204                Enable_Encoder_T
 .text.Enable_Encoder_Z
                0x0000021c       0x18 .\CortexM3\ARM_GCC_541\Debug\AS76.o
                0x0000021c                Enable_Encoder_Z
 .text.Initialize_And_Start_All_Opt_Encoder
                0x00000234       0x2c .\CortexM3\ARM_GCC_541\Debug\AS76.o
                0x00000234                Initialize_And_Start_All_Opt_Encoder
 .text.Read_All_Optical_Encoder
                0x00000260       0x44 .\CortexM3\ARM_GCC_541\Debug\AS76.o
                0x00000260                Read_All_Optical_Encoder
 .text.Write_Debug_UART_Char
                0x000002a4       0x3c .\CortexM3\ARM_GCC_541\Debug\AS76.o
                0x000002a4                Write_Debug_UART_Char
 .text.Beep_Twice
                0x000002e0       0x40 .\CortexM3\ARM_GCC_541\Debug\AS76.o
                0x000002e0                Beep_Twice
 .text.Send_Feedback_to_USB
                0x00000320      0x300 .\CortexM3\ARM_GCC_541\Debug\AS76.o
                0x00000320                Send_Feedback_to_USB
 .text.Initialize_USB
                0x00000620       0x38 .\CortexM3\ARM_GCC_541\Debug\AS76.o
                0x00000620                Initialize_USB
 .text.Write_Debug_UART_Int
                0x00000658       0x34 .\CortexM3\ARM_GCC_541\Debug\AS76.o
                0x00000658                Write_Debug_UART_Int
 *fill*         0x0000068c        0x4 
 .text.set_BarcodeCondenser_LED
                0x00000690       0x70 .\CortexM3\ARM_GCC_541\Debug\AS76.o
                0x00000690                set_BarcodeCondenser_LED
 .text.set_CondenserLED
                0x00000700       0x70 .\CortexM3\ARM_GCC_541\Debug\AS76.o
                0x00000700                set_CondenserLED
 .text.UART_print_all_values
                0x00000770       0x24 .\CortexM3\ARM_GCC_541\Debug\AS76.o
                0x00000770                UART_print_all_values
 .text.if_all_homing_done
                0x00000794       0x7c .\CortexM3\ARM_GCC_541\Debug\AS76.o
                0x00000794                if_all_homing_done
 .text.Is_USB_Unpluged
                0x00000810       0x40 .\CortexM3\ARM_GCC_541\Debug\AS76.o
                0x00000810                Is_USB_Unpluged
 .text.Data_To_Transfer
                0x00000850       0x10 .\CortexM3\ARM_GCC_541\Debug\AS76.o
                0x00000850                Data_To_Transfer
 .text.SPI_MOTOR_CHIP_SELECT
                0x00000860       0x98 .\CortexM3\ARM_GCC_541\Debug\AS76.o
                0x00000860                SPI_MOTOR_CHIP_SELECT
 .text.Read_32bitSPI_DATA
                0x000008f8       0xec .\CortexM3\ARM_GCC_541\Debug\AS76.o
                0x000008f8                Read_32bitSPI_DATA
 .text.Write_32bitSPI_DATA
                0x000009e4       0x40 .\CortexM3\ARM_GCC_541\Debug\AS76.o
                0x000009e4                Write_32bitSPI_DATA
 .text.GotoPos  0x00000a24       0x28 .\CortexM3\ARM_GCC_541\Debug\AS76.o
                0x00000a24                GotoPos
 .text.Initialize_Motor
                0x00000a4c      0x288 .\CortexM3\ARM_GCC_541\Debug\AS76.o
                0x00000a4c                Initialize_Motor
 .text.WaitTillPositionReached
                0x00000cd4       0x54 .\CortexM3\ARM_GCC_541\Debug\AS76.o
                0x00000cd4                WaitTillPositionReached
 .text.Step_correction_x
                0x00000d28      0x190 .\CortexM3\ARM_GCC_541\Debug\AS76.o
                0x00000d28                Step_correction_x
 .text.goTo_X   0x00000eb8       0x7c .\CortexM3\ARM_GCC_541\Debug\AS76.o
                0x00000eb8                goTo_X
 *fill*         0x00000f34        0x4 
 .text.Step_correction_y
                0x00000f38      0x198 .\CortexM3\ARM_GCC_541\Debug\AS76.o
                0x00000f38                Step_correction_y
 .text.goTo_Y   0x000010d0       0x74 .\CortexM3\ARM_GCC_541\Debug\AS76.o
                0x000010d0                goTo_Y
 *fill*         0x00001144        0x4 
 .text.Step_correction_z
                0x00001148      0x164 .\CortexM3\ARM_GCC_541\Debug\AS76.o
                0x00001148                Step_correction_z
 .text.goTo_Z   0x000012ac       0x84 .\CortexM3\ARM_GCC_541\Debug\AS76.o
                0x000012ac                goTo_Z
 .text.Step_correction_t
                0x00001330       0xf0 .\CortexM3\ARM_GCC_541\Debug\AS76.o
                0x00001330                Step_correction_t
 .text.goTo_T   0x00001420       0x90 .\CortexM3\ARM_GCC_541\Debug\AS76.o
                0x00001420                goTo_T
 .text.goTo_XYZ
                0x000014b0       0xcc .\CortexM3\ARM_GCC_541\Debug\AS76.o
                0x000014b0                goTo_XYZ
 .text.update_max_velocity
                0x0000157c       0x10 .\CortexM3\ARM_GCC_541\Debug\AS76.o
                0x0000157c                update_max_velocity
 .text.homeX    0x0000158c      0x1f4 .\CortexM3\ARM_GCC_541\Debug\AS76.o
                0x0000158c                homeX
 .text.homeY    0x00001780      0x1f4 .\CortexM3\ARM_GCC_541\Debug\AS76.o
                0x00001780                homeY
 .text.homeZ    0x00001974      0x1ec .\CortexM3\ARM_GCC_541\Debug\AS76.o
                0x00001974                homeZ
 .text.homeT    0x00001b60      0x184 .\CortexM3\ARM_GCC_541\Debug\AS76.o
                0x00001b60                homeT
 .text.run_pump
                0x00001ce4       0x90 .\CortexM3\ARM_GCC_541\Debug\AS76.o
                0x00001ce4                run_pump
 .text.run_pumpvs
                0x00001d74       0x80 .\CortexM3\ARM_GCC_541\Debug\AS76.o
                0x00001d74                run_pumpvs
 *fill*         0x00001df4        0x4 
 .text.Process_USB_Data
                0x00001df8      0xccc .\CortexM3\ARM_GCC_541\Debug\AS76.o
                0x00001df8                Process_USB_Data
 .text.LedFrame
                0x00002ac4       0x1c .\CortexM3\ARM_GCC_541\Debug\APA102.o
                0x00002ac4                LedFrame
 .text.RGB_Byte_TxOp
                0x00002ae0       0x38 .\CortexM3\ARM_GCC_541\Debug\APA102.o
                0x00002ae0                RGB_Byte_TxOp
 .text.BF2      0x00002b18       0x54 .\CortexM3\ARM_GCC_541\Debug\APA102.o
                0x00002b18                BF2
 .text.Ring     0x00002b6c      0x324 .\CortexM3\ARM_GCC_541\Debug\APA102.o
                0x00002b6c                Ring
 .text.CyClockStartupError
                0x00002e90        0x4 .\CortexM3\ARM_GCC_541\Debug\cyfitter_cfg.o
 .text.cfg_write_bytes32
                0x00002e94       0x34 .\CortexM3\ARM_GCC_541\Debug\cyfitter_cfg.o
 .text.AnalogSetDefault
                0x00002ec8       0x28 .\CortexM3\ARM_GCC_541\Debug\cyfitter_cfg.o
 .text.CYMEMZERO
                0x00002ef0        0xc .\CortexM3\ARM_GCC_541\Debug\cyfitter_cfg.o
 .text.CYCONFIGCPYCODE
                0x00002efc        0x8 .\CortexM3\ARM_GCC_541\Debug\cyfitter_cfg.o
 .text.CYCONFIGCPY
                0x00002f04        0x8 .\CortexM3\ARM_GCC_541\Debug\cyfitter_cfg.o
 .text.ClockSetup
                0x00002f0c       0xe8 .\CortexM3\ARM_GCC_541\Debug\cyfitter_cfg.o
 .text.cyfitter_cfg
                0x00002ff4      0x170 .\CortexM3\ARM_GCC_541\Debug\cyfitter_cfg.o
                0x00002ff4                cyfitter_cfg
 .text.IntDefaultHandler
                0x00003164       0x10 .\CortexM3\ARM_GCC_541\Debug\Cm3Start.o
                0x00003164                IntDefaultHandler
 .text._sbrk    0x00003174       0x30 .\CortexM3\ARM_GCC_541\Debug\Cm3Start.o
                0x00003174                _sbrk
 .text.Start_c  0x000031a4       0x4c .\CortexM3\ARM_GCC_541\Debug\Cm3Start.o
                0x000031a4                Start_c
 .text.initialize_psoc
                0x000031f0       0x68 .\CortexM3\ARM_GCC_541\Debug\Cm3Start.o
                0x000031f0                initialize_psoc
 .text.Pin_CSMotorX_Write
                0x00003258       0x18 .\CortexM3\ARM_GCC_541\Debug\AS76_FFP5.a(Pin_CSMotorX.o)
                0x00003258                Pin_CSMotorX_Write
 .text.Pin_CSMotorY_Write
                0x00003270       0x18 .\CortexM3\ARM_GCC_541\Debug\AS76_FFP5.a(Pin_CSMotorY.o)
                0x00003270                Pin_CSMotorY_Write
 .text.Pin_CSMotorZ_Write
                0x00003288       0x18 .\CortexM3\ARM_GCC_541\Debug\AS76_FFP5.a(Pin_CSMotorZ.o)
                0x00003288                Pin_CSMotorZ_Write
 .text.SPIM_EnableTxInt
                0x000032a0        0xc .\CortexM3\ARM_GCC_541\Debug\AS76_FFP5.a(SPIM.o)
                0x000032a0                SPIM_EnableTxInt
 .text.SPIM_EnableRxInt
                0x000032ac        0xc .\CortexM3\ARM_GCC_541\Debug\AS76_FFP5.a(SPIM.o)
                0x000032ac                SPIM_EnableRxInt
 .text.SPIM_Enable
                0x000032b8       0x3c .\CortexM3\ARM_GCC_541\Debug\AS76_FFP5.a(SPIM.o)
                0x000032b8                SPIM_Enable
 .text.SPIM_DisableTxInt
                0x000032f4        0xc .\CortexM3\ARM_GCC_541\Debug\AS76_FFP5.a(SPIM.o)
                0x000032f4                SPIM_DisableTxInt
 .text.SPIM_DisableRxInt
                0x00003300        0xc .\CortexM3\ARM_GCC_541\Debug\AS76_FFP5.a(SPIM.o)
                0x00003300                SPIM_DisableRxInt
 .text.SPIM_ReadTxStatus
                0x0000330c       0x28 .\CortexM3\ARM_GCC_541\Debug\AS76_FFP5.a(SPIM.o)
                0x0000330c                SPIM_ReadTxStatus
 .text.SPIM_ReadRxStatus
                0x00003334       0x28 .\CortexM3\ARM_GCC_541\Debug\AS76_FFP5.a(SPIM.o)
                0x00003334                SPIM_ReadRxStatus
 .text.SPIM_WriteTxData
                0x0000335c       0xd4 .\CortexM3\ARM_GCC_541\Debug\AS76_FFP5.a(SPIM.o)
                0x0000335c                SPIM_WriteTxData
 .text.SPIM_ReadRxData
                0x00003430       0x64 .\CortexM3\ARM_GCC_541\Debug\AS76_FFP5.a(SPIM.o)
                0x00003430                SPIM_ReadRxData
 .text.SPIM_ClearFIFO
                0x00003494       0x3c .\CortexM3\ARM_GCC_541\Debug\AS76_FFP5.a(SPIM.o)
                0x00003494                SPIM_ClearFIFO
 .text.SPIM_Init
                0x000034d0       0x90 .\CortexM3\ARM_GCC_541\Debug\AS76_FFP5.a(SPIM.o)
                0x000034d0                SPIM_Init
 .text.SPIM_Start
                0x00003560       0x1c .\CortexM3\ARM_GCC_541\Debug\AS76_FFP5.a(SPIM.o)
                0x00003560                SPIM_Start
 .text.SPIM_TX_ISR
                0x0000357c       0xa0 .\CortexM3\ARM_GCC_541\Debug\AS76_FFP5.a(SPIM_INT.o)
                0x0000357c                SPIM_TX_ISR
 .text.SPIM_RX_ISR
                0x0000361c       0xa0 .\CortexM3\ARM_GCC_541\Debug\AS76_FFP5.a(SPIM_INT.o)
                0x0000361c                SPIM_RX_ISR
 .text.CyHalt   0x000036bc        0x4 .\CortexM3\ARM_GCC_541\Debug\AS76_FFP5.a(CyLib.o)
                0x000036bc                CyHalt
 .text.CySoftwareReset
                0x000036c0       0x10 .\CortexM3\ARM_GCC_541\Debug\AS76_FFP5.a(CyLib.o)
                0x000036c0                CySoftwareReset
 .text.CyDelay  0x000036d0       0x2c .\CortexM3\ARM_GCC_541\Debug\AS76_FFP5.a(CyLib.o)
                0x000036d0                CyDelay
 .text.CyDelayUs
                0x000036fc       0x14 .\CortexM3\ARM_GCC_541\Debug\AS76_FFP5.a(CyLib.o)
                0x000036fc                CyDelayUs
 .text.CyIntSetVector
                0x00003710       0x28 .\CortexM3\ARM_GCC_541\Debug\AS76_FFP5.a(CyLib.o)
                0x00003710                CyIntSetVector
 .text.CyIntSetPriority
                0x00003738       0x30 .\CortexM3\ARM_GCC_541\Debug\AS76_FFP5.a(CyLib.o)
                0x00003738                CyIntSetPriority
 .text.CyGetUniqueId
                0x00003768       0x70 .\CortexM3\ARM_GCC_541\Debug\AS76_FFP5.a(CyLib.o)
                0x00003768                CyGetUniqueId
 .text.USB_Init
                0x000037d8      0x140 .\CortexM3\ARM_GCC_541\Debug\AS76_FFP5.a(USB.o)
                0x000037d8                USB_Init
 .text.USB_InitComponent
                0x00003918       0xd0 .\CortexM3\ARM_GCC_541\Debug\AS76_FFP5.a(USB.o)
                0x00003918                USB_InitComponent
 .text.USB_Start
                0x000039e8       0x24 .\CortexM3\ARM_GCC_541\Debug\AS76_FFP5.a(USB.o)
                0x000039e8                USB_Start
 .text.USB_ReInitComponent
                0x00003a0c       0x64 .\CortexM3\ARM_GCC_541\Debug\AS76_FFP5.a(USB.o)
                0x00003a0c                USB_ReInitComponent
 .text.USB_GetConfiguration
                0x00003a70        0xc .\CortexM3\ARM_GCC_541\Debug\AS76_FFP5.a(USB.o)
                0x00003a70                USB_GetConfiguration
 .text.USB_IsConfigurationChanged
                0x00003a7c       0x20 .\CortexM3\ARM_GCC_541\Debug\AS76_FFP5.a(USB.o)
                0x00003a7c                USB_IsConfigurationChanged
 .text.USB_GetEPState
                0x00003a9c       0x14 .\CortexM3\ARM_GCC_541\Debug\AS76_FFP5.a(USB.o)
                0x00003a9c                USB_GetEPState
 .text.USB_GetEPCount
                0x00003ab0       0x28 .\CortexM3\ARM_GCC_541\Debug\AS76_FFP5.a(USB.o)
                0x00003ab0                USB_GetEPCount
 .text.USB_LoadInEP
                0x00003ad8       0x94 .\CortexM3\ARM_GCC_541\Debug\AS76_FFP5.a(USB.o)
                0x00003ad8                USB_LoadInEP
 .text.USB_EnableOutEP
                0x00003b6c       0x2c .\CortexM3\ARM_GCC_541\Debug\AS76_FFP5.a(USB.o)
                0x00003b6c                USB_EnableOutEP
 .text.USB_ReadOutEP
                0x00003b98       0x50 .\CortexM3\ARM_GCC_541\Debug\AS76_FFP5.a(USB.o)
                0x00003b98                USB_ReadOutEP
 .text.USB_EnableSofInt
                0x00003be8       0x10 .\CortexM3\ARM_GCC_541\Debug\AS76_FFP5.a(USB.o)
                0x00003be8                USB_EnableSofInt
 .text.USB_GetInterfaceComPort
                0x00003bf8       0x38 .\CortexM3\ARM_GCC_541\Debug\AS76_FFP5.a(USB_cdc.o)
                0x00003bf8                USB_GetInterfaceComPort
 .text.USB_DispatchCDCClassRqst
                0x00003c30       0x98 .\CortexM3\ARM_GCC_541\Debug\AS76_FFP5.a(USB_cdc.o)
                0x00003c30                USB_DispatchCDCClassRqst
 .text.USB_CDC_Init
                0x00003cc8       0x98 .\CortexM3\ARM_GCC_541\Debug\AS76_FFP5.a(USB_cdc.o)
                0x00003cc8                USB_CDC_Init
 .text.USB_PutData
                0x00003d60       0x50 .\CortexM3\ARM_GCC_541\Debug\AS76_FFP5.a(USB_cdc.o)
                0x00003d60                USB_PutData
 .text.USB_DataIsReady
                0x00003db0       0x18 .\CortexM3\ARM_GCC_541\Debug\AS76_FFP5.a(USB_cdc.o)
                0x00003db0                USB_DataIsReady
 .text.USB_GetAll
                0x00003dc8       0x30 .\CortexM3\ARM_GCC_541\Debug\AS76_FFP5.a(USB_cdc.o)
                0x00003dc8                USB_GetAll
 .text.USB_Cdc_EpInit
                0x00003df8       0x50 .\CortexM3\ARM_GCC_541\Debug\AS76_FFP5.a(USB_cdc.o)
                0x00003df8                USB_Cdc_EpInit
 .text.USB_LoadEP0
                0x00003e48       0x98 .\CortexM3\ARM_GCC_541\Debug\AS76_FFP5.a(USB_drv.o)
                0x00003e48                USB_LoadEP0
 .text.USB_InitZeroLengthControlTransfer
                0x00003ee0       0x34 .\CortexM3\ARM_GCC_541\Debug\AS76_FFP5.a(USB_drv.o)
                0x00003ee0                USB_InitZeroLengthControlTransfer
 .text.USB_ControlReadDataStage
                0x00003f14        0x8 .\CortexM3\ARM_GCC_541\Debug\AS76_FFP5.a(USB_drv.o)
                0x00003f14                USB_ControlReadDataStage
 .text.USB_ControlWriteDataStage
                0x00003f1c       0x84 .\CortexM3\ARM_GCC_541\Debug\AS76_FFP5.a(USB_drv.o)
                0x00003f1c                USB_ControlWriteDataStage
 .text.USB_InitNoDataControlTransfer
                0x00003fa0       0x2c .\CortexM3\ARM_GCC_541\Debug\AS76_FFP5.a(USB_drv.o)
                0x00003fa0                USB_InitNoDataControlTransfer
 .text.USB_UpdateStatusBlock
                0x00003fcc       0x24 .\CortexM3\ARM_GCC_541\Debug\AS76_FFP5.a(USB_drv.o)
                0x00003fcc                USB_UpdateStatusBlock
 .text.USB_HandleSetup
                0x00003ff0       0x5c .\CortexM3\ARM_GCC_541\Debug\AS76_FFP5.a(USB_drv.o)
                0x00003ff0                USB_HandleSetup
 .text.USB_ControlReadStatusStage
                0x0000404c       0x38 .\CortexM3\ARM_GCC_541\Debug\AS76_FFP5.a(USB_drv.o)
                0x0000404c                USB_ControlReadStatusStage
 .text.USB_HandleOUT
                0x00004084       0x38 .\CortexM3\ARM_GCC_541\Debug\AS76_FFP5.a(USB_drv.o)
                0x00004084                USB_HandleOUT
 .text.USB_ControlWriteStatusStage
                0x000040bc       0x20 .\CortexM3\ARM_GCC_541\Debug\AS76_FFP5.a(USB_drv.o)
                0x000040bc                USB_ControlWriteStatusStage
 .text.USB_NoDataControlStatusStage
                0x000040dc       0x40 .\CortexM3\ARM_GCC_541\Debug\AS76_FFP5.a(USB_drv.o)
                0x000040dc                USB_NoDataControlStatusStage
 .text.USB_HandleIN
                0x0000411c       0x2c .\CortexM3\ARM_GCC_541\Debug\AS76_FFP5.a(USB_drv.o)
                0x0000411c                USB_HandleIN
 .text.USB_EP_0_ISR
                0x00004148       0xb8 .\CortexM3\ARM_GCC_541\Debug\AS76_FFP5.a(USB_drv.o)
                0x00004148                USB_EP_0_ISR
 .text.USB_InitializeStatusBlock
                0x00004200       0x24 .\CortexM3\ARM_GCC_541\Debug\AS76_FFP5.a(USB_drv.o)
                0x00004200                USB_InitializeStatusBlock
 .text.USB_InitControlRead
                0x00004224       0x50 .\CortexM3\ARM_GCC_541\Debug\AS76_FFP5.a(USB_drv.o)
                0x00004224                USB_InitControlRead
 .text.USB_InitControlWrite
                0x00004274       0x48 .\CortexM3\ARM_GCC_541\Debug\AS76_FFP5.a(USB_drv.o)
                0x00004274                USB_InitControlWrite
 .text.USB_EP_1_ISR
                0x000042bc       0x30 .\CortexM3\ARM_GCC_541\Debug\AS76_FFP5.a(USB_episr.o)
                0x000042bc                USB_EP_1_ISR
 .text.USB_EP_2_ISR
                0x000042ec       0x34 .\CortexM3\ARM_GCC_541\Debug\AS76_FFP5.a(USB_episr.o)
                0x000042ec                USB_EP_2_ISR
 .text.USB_EP_3_ISR
                0x00004320       0x3c .\CortexM3\ARM_GCC_541\Debug\AS76_FFP5.a(USB_episr.o)
                0x00004320                USB_EP_3_ISR
 .text.USB_SOF_ISR
                0x0000435c        0x4 .\CortexM3\ARM_GCC_541\Debug\AS76_FFP5.a(USB_episr.o)
                0x0000435c                USB_SOF_ISR
 .text.USB_BUS_RESET_ISR
                0x00004360        0x8 .\CortexM3\ARM_GCC_541\Debug\AS76_FFP5.a(USB_episr.o)
                0x00004360                USB_BUS_RESET_ISR
 .text.USB_FindHidClassDecriptor
                0x00004368       0x44 .\CortexM3\ARM_GCC_541\Debug\AS76_FFP5.a(USB_hid.o)
                0x00004368                USB_FindHidClassDecriptor
 .text.USB_FindReportDescriptor
                0x000043ac       0x4c .\CortexM3\ARM_GCC_541\Debug\AS76_FFP5.a(USB_hid.o)
                0x000043ac                USB_FindReportDescriptor
 .text.USB_FindReport
                0x000043f8       0x80 .\CortexM3\ARM_GCC_541\Debug\AS76_FFP5.a(USB_hid.o)
                0x000043f8                USB_FindReport
 .text.USB_DispatchHIDClassRqst
                0x00004478      0x184 .\CortexM3\ARM_GCC_541\Debug\AS76_FFP5.a(USB_hid.o)
                0x00004478                USB_DispatchHIDClassRqst
 .text.USB_DP_ISR
                0x000045fc        0x8 .\CortexM3\ARM_GCC_541\Debug\AS76_FFP5.a(USB_pm.o)
                0x000045fc                USB_DP_ISR
 .text.USB_ReadDieID
                0x00004604       0x6c .\CortexM3\ARM_GCC_541\Debug\AS76_FFP5.a(USB_std.o)
                0x00004604                USB_ReadDieID
 .text.USB_ConfigReg
                0x00004670       0xa4 .\CortexM3\ARM_GCC_541\Debug\AS76_FFP5.a(USB_std.o)
                0x00004670                USB_ConfigReg
 .text.USB_GetConfigTablePtr
                0x00004714       0x28 .\CortexM3\ARM_GCC_541\Debug\AS76_FFP5.a(USB_std.o)
                0x00004714                USB_GetConfigTablePtr
 .text.USB_ConfigAltChanged
                0x0000473c      0x11c .\CortexM3\ARM_GCC_541\Debug\AS76_FFP5.a(USB_std.o)
                0x0000473c                USB_ConfigAltChanged
 .text.USB_GetDeviceTablePtr
                0x00004858       0x18 .\CortexM3\ARM_GCC_541\Debug\AS76_FFP5.a(USB_std.o)
                0x00004858                USB_GetDeviceTablePtr
 .text.USB_GetInterfaceClassTablePtr
                0x00004870       0x28 .\CortexM3\ARM_GCC_541\Debug\AS76_FFP5.a(USB_std.o)
                0x00004870                USB_GetInterfaceClassTablePtr
 .text.USB_Config
                0x00004898      0x1ec .\CortexM3\ARM_GCC_541\Debug\AS76_FFP5.a(USB_std.o)
                0x00004898                USB_Config
 .text.USB_SetEndpointHalt
                0x00004a84       0x64 .\CortexM3\ARM_GCC_541\Debug\AS76_FFP5.a(USB_std.o)
                0x00004a84                USB_SetEndpointHalt
 .text.USB_ClearEndpointHalt
                0x00004ae8       0xac .\CortexM3\ARM_GCC_541\Debug\AS76_FFP5.a(USB_std.o)
                0x00004ae8                USB_ClearEndpointHalt
 .text.USB_ValidateAlternateSetting
                0x00004b94       0x4c .\CortexM3\ARM_GCC_541\Debug\AS76_FFP5.a(USB_std.o)
                0x00004b94                USB_ValidateAlternateSetting
 .text.USB_HandleStandardRqst
                0x00004be0      0x35c .\CortexM3\ARM_GCC_541\Debug\AS76_FFP5.a(USB_std.o)
                0x00004be0                USB_HandleStandardRqst
 .text.USB_HandleVendorRqst
                0x00004f3c       0x3c .\CortexM3\ARM_GCC_541\Debug\AS76_FFP5.a(USB_vnd.o)
                0x00004f3c                USB_HandleVendorRqst
 .text.USB_Dp_ClearInterrupt
                0x00004f78       0x10 .\CortexM3\ARM_GCC_541\Debug\AS76_FFP5.a(USB_Dp.o)
                0x00004f78                USB_Dp_ClearInterrupt
 .text.PWM_CondenserLED_Enable
                0x00004f88       0x28 .\CortexM3\ARM_GCC_541\Debug\AS76_FFP5.a(PWM_CondenserLED.o)
                0x00004f88                PWM_CondenserLED_Enable
 .text.PWM_CondenserLED_WritePeriod
                0x00004fb0        0xc .\CortexM3\ARM_GCC_541\Debug\AS76_FFP5.a(PWM_CondenserLED.o)
                0x00004fb0                PWM_CondenserLED_WritePeriod
 .text.PWM_CondenserLED_WriteCompare
                0x00004fbc        0xc .\CortexM3\ARM_GCC_541\Debug\AS76_FFP5.a(PWM_CondenserLED.o)
                0x00004fbc                PWM_CondenserLED_WriteCompare
 .text.PWM_CondenserLED_SetInterruptMode
                0x00004fc8        0xc .\CortexM3\ARM_GCC_541\Debug\AS76_FFP5.a(PWM_CondenserLED.o)
                0x00004fc8                PWM_CondenserLED_SetInterruptMode
 .text.PWM_CondenserLED_Init
                0x00004fd4       0x74 .\CortexM3\ARM_GCC_541\Debug\AS76_FFP5.a(PWM_CondenserLED.o)
                0x00004fd4                PWM_CondenserLED_Init
 .text.PWM_CondenserLED_Start
                0x00005048       0x1c .\CortexM3\ARM_GCC_541\Debug\AS76_FFP5.a(PWM_CondenserLED.o)
                0x00005048                PWM_CondenserLED_Start
 .text.SPIM_IntClock_Start
                0x00005064       0x1c .\CortexM3\ARM_GCC_541\Debug\AS76_FFP5.a(SPIM_IntClock.o)
                0x00005064                SPIM_IntClock_Start
 .text.QuadDec_X_Init
                0x00005080       0x24 .\CortexM3\ARM_GCC_541\Debug\AS76_FFP5.a(QuadDec_X.o)
                0x00005080                QuadDec_X_Init
 .text.QuadDec_X_GetCounter
                0x000050a4       0x2c .\CortexM3\ARM_GCC_541\Debug\AS76_FFP5.a(QuadDec_X.o)
                0x000050a4                QuadDec_X_GetCounter
 .text.QuadDec_X_SetCounter
                0x000050d0       0x28 .\CortexM3\ARM_GCC_541\Debug\AS76_FFP5.a(QuadDec_X.o)
                0x000050d0                QuadDec_X_SetCounter
 .text.QuadDec_X_GetEvents
                0x000050f8       0x10 .\CortexM3\ARM_GCC_541\Debug\AS76_FFP5.a(QuadDec_X.o)
                0x000050f8                QuadDec_X_GetEvents
 .text.QuadDec_X_SetInterruptMask
                0x00005108       0x10 .\CortexM3\ARM_GCC_541\Debug\AS76_FFP5.a(QuadDec_X.o)
                0x00005108                QuadDec_X_SetInterruptMask
 .text.QuadDec_X_Enable
                0x00005118       0x30 .\CortexM3\ARM_GCC_541\Debug\AS76_FFP5.a(QuadDec_X.o)
                0x00005118                QuadDec_X_Enable
 .text.QuadDec_X_Start
                0x00005148       0x34 .\CortexM3\ARM_GCC_541\Debug\AS76_FFP5.a(QuadDec_X.o)
                0x00005148                QuadDec_X_Start
 .text.QuadDec_X_ISR
                0x0000517c       0x40 .\CortexM3\ARM_GCC_541\Debug\AS76_FFP5.a(QuadDec_X_INT.o)
                0x0000517c                QuadDec_X_ISR
 .text.QuadDec_X_Cnt16_Enable
                0x000051bc       0x10 .\CortexM3\ARM_GCC_541\Debug\AS76_FFP5.a(QuadDec_X_Cnt16.o)
                0x000051bc                QuadDec_X_Cnt16_Enable
 .text.QuadDec_X_Cnt16_SetInterruptMode
                0x000051cc        0xc .\CortexM3\ARM_GCC_541\Debug\AS76_FFP5.a(QuadDec_X_Cnt16.o)
                0x000051cc                QuadDec_X_Cnt16_SetInterruptMode
 .text.QuadDec_X_Cnt16_ReadStatusRegister
                0x000051d8        0xc .\CortexM3\ARM_GCC_541\Debug\AS76_FFP5.a(QuadDec_X_Cnt16.o)
                0x000051d8                QuadDec_X_Cnt16_ReadStatusRegister
 .text.QuadDec_X_Cnt16_WriteCounter
                0x000051e4        0xc .\CortexM3\ARM_GCC_541\Debug\AS76_FFP5.a(QuadDec_X_Cnt16.o)
                0x000051e4                QuadDec_X_Cnt16_WriteCounter
 .text.QuadDec_X_Cnt16_ReadCounter
                0x000051f0       0x14 .\CortexM3\ARM_GCC_541\Debug\AS76_FFP5.a(QuadDec_X_Cnt16.o)
                0x000051f0                QuadDec_X_Cnt16_ReadCounter
 .text.QuadDec_X_Cnt16_ReadCapture
                0x00005204        0xc .\CortexM3\ARM_GCC_541\Debug\AS76_FFP5.a(QuadDec_X_Cnt16.o)
                0x00005204                QuadDec_X_Cnt16_ReadCapture
 .text.QuadDec_X_Cnt16_WritePeriod
                0x00005210        0xc .\CortexM3\ARM_GCC_541\Debug\AS76_FFP5.a(QuadDec_X_Cnt16.o)
                0x00005210                QuadDec_X_Cnt16_WritePeriod
 .text.QuadDec_X_Cnt16_WriteCompare
                0x0000521c        0xc .\CortexM3\ARM_GCC_541\Debug\AS76_FFP5.a(QuadDec_X_Cnt16.o)
                0x0000521c                QuadDec_X_Cnt16_WriteCompare
 .text.QuadDec_X_Cnt16_ClearFIFO
                0x00005228       0x14 .\CortexM3\ARM_GCC_541\Debug\AS76_FFP5.a(QuadDec_X_Cnt16.o)
                0x00005228                QuadDec_X_Cnt16_ClearFIFO
 .text.QuadDec_X_Cnt16_Init
                0x0000523c       0x58 .\CortexM3\ARM_GCC_541\Debug\AS76_FFP5.a(QuadDec_X_Cnt16.o)
                0x0000523c                QuadDec_X_Cnt16_Init
 .text.QuadDec_X_Cnt16_Start
                0x00005294       0x1c .\CortexM3\ARM_GCC_541\Debug\AS76_FFP5.a(QuadDec_X_Cnt16.o)
                0x00005294                QuadDec_X_Cnt16_Start
 .text.UART_PCB_LOG_Init
                0x000052b0       0x44 .\CortexM3\ARM_GCC_541\Debug\AS76_FFP5.a(UART_PCB_LOG.o)
                0x000052b0                UART_PCB_LOG_Init
 .text.UART_PCB_LOG_Enable
                0x000052f4       0x44 .\CortexM3\ARM_GCC_541\Debug\AS76_FFP5.a(UART_PCB_LOG.o)
                0x000052f4                UART_PCB_LOG_Enable
 .text.UART_PCB_LOG_Start
                0x00005338       0x1c .\CortexM3\ARM_GCC_541\Debug\AS76_FFP5.a(UART_PCB_LOG.o)
                0x00005338                UART_PCB_LOG_Start
 .text.UART_PCB_LOG_PutChar
                0x00005354       0x18 .\CortexM3\ARM_GCC_541\Debug\AS76_FFP5.a(UART_PCB_LOG.o)
                0x00005354                UART_PCB_LOG_PutChar
 .text.UART_PCB_LOG_PutString
                0x0000536c       0x24 .\CortexM3\ARM_GCC_541\Debug\AS76_FFP5.a(UART_PCB_LOG.o)
                0x0000536c                UART_PCB_LOG_PutString
 .text.UART_PCB_LOG_RXISR
                0x00005390       0x98 .\CortexM3\ARM_GCC_541\Debug\AS76_FFP5.a(UART_PCB_LOG_INT.o)
                0x00005390                UART_PCB_LOG_RXISR
 .text.UART_PCB_LOG_IntClock_Start
                0x00005428       0x1c .\CortexM3\ARM_GCC_541\Debug\AS76_FFP5.a(UART_PCB_LOG_IntClock.o)
                0x00005428                UART_PCB_LOG_IntClock_Start
 .text.Pin_Backlight_Write
                0x00005444       0x18 .\CortexM3\ARM_GCC_541\Debug\AS76_FFP5.a(Pin_Backlight.o)
                0x00005444                Pin_Backlight_Write
 .text.LED2_Write
                0x0000545c       0x18 .\CortexM3\ARM_GCC_541\Debug\AS76_FFP5.a(LED2.o)
                0x0000545c                LED2_Write
 .text.Pin_CSMotorO_Write
                0x00005474       0x18 .\CortexM3\ARM_GCC_541\Debug\AS76_FFP5.a(Pin_CSMotorO.o)
                0x00005474                Pin_CSMotorO_Write
 .text.Pin_CSMotorT_Write
                0x0000548c       0x18 .\CortexM3\ARM_GCC_541\Debug\AS76_FFP5.a(Pin_CSMotorT.o)
                0x0000548c                Pin_CSMotorT_Write
 .text.QuadDec_TZ_Init
                0x000054a4       0x24 .\CortexM3\ARM_GCC_541\Debug\AS76_FFP5.a(QuadDec_TZ.o)
                0x000054a4                QuadDec_TZ_Init
 .text.QuadDec_TZ_GetCounter
                0x000054c8       0x2c .\CortexM3\ARM_GCC_541\Debug\AS76_FFP5.a(QuadDec_TZ.o)
                0x000054c8                QuadDec_TZ_GetCounter
 .text.QuadDec_TZ_SetCounter
                0x000054f4       0x28 .\CortexM3\ARM_GCC_541\Debug\AS76_FFP5.a(QuadDec_TZ.o)
                0x000054f4                QuadDec_TZ_SetCounter
 .text.QuadDec_TZ_GetEvents
                0x0000551c       0x10 .\CortexM3\ARM_GCC_541\Debug\AS76_FFP5.a(QuadDec_TZ.o)
                0x0000551c                QuadDec_TZ_GetEvents
 .text.QuadDec_TZ_SetInterruptMask
                0x0000552c       0x10 .\CortexM3\ARM_GCC_541\Debug\AS76_FFP5.a(QuadDec_TZ.o)
                0x0000552c                QuadDec_TZ_SetInterruptMask
 .text.QuadDec_TZ_Enable
                0x0000553c       0x30 .\CortexM3\ARM_GCC_541\Debug\AS76_FFP5.a(QuadDec_TZ.o)
                0x0000553c                QuadDec_TZ_Enable
 .text.QuadDec_TZ_Start
                0x0000556c       0x34 .\CortexM3\ARM_GCC_541\Debug\AS76_FFP5.a(QuadDec_TZ.o)
                0x0000556c                QuadDec_TZ_Start
 .text.QuadDec_TZ_ISR
                0x000055a0       0x40 .\CortexM3\ARM_GCC_541\Debug\AS76_FFP5.a(QuadDec_TZ_INT.o)
                0x000055a0                QuadDec_TZ_ISR
 .text.PWM_Buzzer_Enable
                0x000055e0       0x28 .\CortexM3\ARM_GCC_541\Debug\AS76_FFP5.a(PWM_Buzzer.o)
                0x000055e0                PWM_Buzzer_Enable
 .text.PWM_Buzzer_WritePeriod
                0x00005608        0xc .\CortexM3\ARM_GCC_541\Debug\AS76_FFP5.a(PWM_Buzzer.o)
                0x00005608                PWM_Buzzer_WritePeriod
 .text.PWM_Buzzer_WriteCompare
                0x00005614        0xc .\CortexM3\ARM_GCC_541\Debug\AS76_FFP5.a(PWM_Buzzer.o)
                0x00005614                PWM_Buzzer_WriteCompare
 .text.PWM_Buzzer_SetInterruptMode
                0x00005620        0xc .\CortexM3\ARM_GCC_541\Debug\AS76_FFP5.a(PWM_Buzzer.o)
                0x00005620                PWM_Buzzer_SetInterruptMode
 .text.PWM_Buzzer_Init
                0x0000562c       0x74 .\CortexM3\ARM_GCC_541\Debug\AS76_FFP5.a(PWM_Buzzer.o)
                0x0000562c                PWM_Buzzer_Init
 .text.PWM_Buzzer_Start
                0x000056a0       0x1c .\CortexM3\ARM_GCC_541\Debug\AS76_FFP5.a(PWM_Buzzer.o)
                0x000056a0                PWM_Buzzer_Start
 .text.QuadDec_Y_Init
                0x000056bc       0x24 .\CortexM3\ARM_GCC_541\Debug\AS76_FFP5.a(QuadDec_Y.o)
                0x000056bc                QuadDec_Y_Init
 .text.QuadDec_Y_GetCounter
                0x000056e0       0x2c .\CortexM3\ARM_GCC_541\Debug\AS76_FFP5.a(QuadDec_Y.o)
                0x000056e0                QuadDec_Y_GetCounter
 .text.QuadDec_Y_SetCounter
                0x0000570c       0x28 .\CortexM3\ARM_GCC_541\Debug\AS76_FFP5.a(QuadDec_Y.o)
                0x0000570c                QuadDec_Y_SetCounter
 .text.QuadDec_Y_GetEvents
                0x00005734       0x10 .\CortexM3\ARM_GCC_541\Debug\AS76_FFP5.a(QuadDec_Y.o)
                0x00005734                QuadDec_Y_GetEvents
 .text.QuadDec_Y_SetInterruptMask
                0x00005744       0x10 .\CortexM3\ARM_GCC_541\Debug\AS76_FFP5.a(QuadDec_Y.o)
                0x00005744                QuadDec_Y_SetInterruptMask
 .text.QuadDec_Y_Enable
                0x00005754       0x30 .\CortexM3\ARM_GCC_541\Debug\AS76_FFP5.a(QuadDec_Y.o)
                0x00005754                QuadDec_Y_Enable
 .text.QuadDec_Y_Start
                0x00005784       0x34 .\CortexM3\ARM_GCC_541\Debug\AS76_FFP5.a(QuadDec_Y.o)
                0x00005784                QuadDec_Y_Start
 .text.QuadDec_Y_ISR
                0x000057b8       0x40 .\CortexM3\ARM_GCC_541\Debug\AS76_FFP5.a(QuadDec_Y_INT.o)
                0x000057b8                QuadDec_Y_ISR
 .text.PWM_BarcodeCondenser_LED_Enable
                0x000057f8       0x28 .\CortexM3\ARM_GCC_541\Debug\AS76_FFP5.a(PWM_BarcodeCondenser_LED.o)
                0x000057f8                PWM_BarcodeCondenser_LED_Enable
 .text.PWM_BarcodeCondenser_LED_WritePeriod
                0x00005820        0xc .\CortexM3\ARM_GCC_541\Debug\AS76_FFP5.a(PWM_BarcodeCondenser_LED.o)
                0x00005820                PWM_BarcodeCondenser_LED_WritePeriod
 .text.PWM_BarcodeCondenser_LED_WriteCompare
                0x0000582c        0xc .\CortexM3\ARM_GCC_541\Debug\AS76_FFP5.a(PWM_BarcodeCondenser_LED.o)
                0x0000582c                PWM_BarcodeCondenser_LED_WriteCompare
 .text.PWM_BarcodeCondenser_LED_SetInterruptMode
                0x00005838        0xc .\CortexM3\ARM_GCC_541\Debug\AS76_FFP5.a(PWM_BarcodeCondenser_LED.o)
                0x00005838                PWM_BarcodeCondenser_LED_SetInterruptMode
 .text.PWM_BarcodeCondenser_LED_Init
                0x00005844       0x74 .\CortexM3\ARM_GCC_541\Debug\AS76_FFP5.a(PWM_BarcodeCondenser_LED.o)
                0x00005844                PWM_BarcodeCondenser_LED_Init
 .text.PWM_BarcodeCondenser_LED_Start
                0x000058b8       0x1c .\CortexM3\ARM_GCC_541\Debug\AS76_FFP5.a(PWM_BarcodeCondenser_LED.o)
                0x000058b8                PWM_BarcodeCondenser_LED_Start
 .text.LED3_Write
                0x000058d4       0x18 .\CortexM3\ARM_GCC_541\Debug\AS76_FFP5.a(LED3.o)
                0x000058d4                LED3_Write
 .text.Encoder_T_Z_Select_Write
                0x000058ec        0xc .\CortexM3\ARM_GCC_541\Debug\AS76_FFP5.a(Encoder_T_Z_Select.o)
                0x000058ec                Encoder_T_Z_Select_Write
 .text.TMC5160_MotorX_EN_Write
                0x000058f8       0x18 .\CortexM3\ARM_GCC_541\Debug\AS76_FFP5.a(TMC5160_MotorX_EN.o)
                0x000058f8                TMC5160_MotorX_EN_Write
 .text.TMC5160_MotorY_EN_Write
                0x00005910       0x18 .\CortexM3\ARM_GCC_541\Debug\AS76_FFP5.a(TMC5160_MotorY_EN.o)
                0x00005910                TMC5160_MotorY_EN_Write
 .text.TMC5160_MotorZ_EN_Write
                0x00005928       0x18 .\CortexM3\ARM_GCC_541\Debug\AS76_FFP5.a(TMC5160_MotorZ_EN.o)
                0x00005928                TMC5160_MotorZ_EN_Write
 .text.TMC5160_MotorT_EN_Write
                0x00005940       0x18 .\CortexM3\ARM_GCC_541\Debug\AS76_FFP5.a(TMC5160_MotorT_EN.o)
                0x00005940                TMC5160_MotorT_EN_Write
 .text.TMC5160_MotorO_EN_Write
                0x00005958       0x18 .\CortexM3\ARM_GCC_541\Debug\AS76_FFP5.a(TMC5160_MotorO_EN.o)
                0x00005958                TMC5160_MotorO_EN_Write
 .text.QuadDec_TZ_Cnt16_Enable
                0x00005970       0x10 .\CortexM3\ARM_GCC_541\Debug\AS76_FFP5.a(QuadDec_TZ_Cnt16.o)
                0x00005970                QuadDec_TZ_Cnt16_Enable
 .text.QuadDec_TZ_Cnt16_SetInterruptMode
                0x00005980        0xc .\CortexM3\ARM_GCC_541\Debug\AS76_FFP5.a(QuadDec_TZ_Cnt16.o)
                0x00005980                QuadDec_TZ_Cnt16_SetInterruptMode
 .text.QuadDec_TZ_Cnt16_ReadStatusRegister
                0x0000598c        0xc .\CortexM3\ARM_GCC_541\Debug\AS76_FFP5.a(QuadDec_TZ_Cnt16.o)
                0x0000598c                QuadDec_TZ_Cnt16_ReadStatusRegister
 .text.QuadDec_TZ_Cnt16_WriteCounter
                0x00005998        0xc .\CortexM3\ARM_GCC_541\Debug\AS76_FFP5.a(QuadDec_TZ_Cnt16.o)
                0x00005998                QuadDec_TZ_Cnt16_WriteCounter
 .text.QuadDec_TZ_Cnt16_ReadCounter
                0x000059a4       0x14 .\CortexM3\ARM_GCC_541\Debug\AS76_FFP5.a(QuadDec_TZ_Cnt16.o)
                0x000059a4                QuadDec_TZ_Cnt16_ReadCounter
 .text.QuadDec_TZ_Cnt16_ReadCapture
                0x000059b8        0xc .\CortexM3\ARM_GCC_541\Debug\AS76_FFP5.a(QuadDec_TZ_Cnt16.o)
                0x000059b8                QuadDec_TZ_Cnt16_ReadCapture
 .text.QuadDec_TZ_Cnt16_WritePeriod
                0x000059c4        0xc .\CortexM3\ARM_GCC_541\Debug\AS76_FFP5.a(QuadDec_TZ_Cnt16.o)
                0x000059c4                QuadDec_TZ_Cnt16_WritePeriod
 .text.QuadDec_TZ_Cnt16_WriteCompare
                0x000059d0        0xc .\CortexM3\ARM_GCC_541\Debug\AS76_FFP5.a(QuadDec_TZ_Cnt16.o)
                0x000059d0                QuadDec_TZ_Cnt16_WriteCompare
 .text.QuadDec_TZ_Cnt16_ClearFIFO
                0x000059dc       0x14 .\CortexM3\ARM_GCC_541\Debug\AS76_FFP5.a(QuadDec_TZ_Cnt16.o)
                0x000059dc                QuadDec_TZ_Cnt16_ClearFIFO
 .text.QuadDec_TZ_Cnt16_Init
                0x000059f0       0x58 .\CortexM3\ARM_GCC_541\Debug\AS76_FFP5.a(QuadDec_TZ_Cnt16.o)
                0x000059f0                QuadDec_TZ_Cnt16_Init
 .text.QuadDec_TZ_Cnt16_Start
                0x00005a48       0x1c .\CortexM3\ARM_GCC_541\Debug\AS76_FFP5.a(QuadDec_TZ_Cnt16.o)
                0x00005a48                QuadDec_TZ_Cnt16_Start
 .text.QuadDec_Y_Cnt16_Enable
                0x00005a64       0x10 .\CortexM3\ARM_GCC_541\Debug\AS76_FFP5.a(QuadDec_Y_Cnt16.o)
                0x00005a64                QuadDec_Y_Cnt16_Enable
 .text.QuadDec_Y_Cnt16_SetInterruptMode
                0x00005a74        0xc .\CortexM3\ARM_GCC_541\Debug\AS76_FFP5.a(QuadDec_Y_Cnt16.o)
                0x00005a74                QuadDec_Y_Cnt16_SetInterruptMode
 .text.QuadDec_Y_Cnt16_ReadStatusRegister
                0x00005a80        0xc .\CortexM3\ARM_GCC_541\Debug\AS76_FFP5.a(QuadDec_Y_Cnt16.o)
                0x00005a80                QuadDec_Y_Cnt16_ReadStatusRegister
 .text.QuadDec_Y_Cnt16_WriteCounter
                0x00005a8c        0xc .\CortexM3\ARM_GCC_541\Debug\AS76_FFP5.a(QuadDec_Y_Cnt16.o)
                0x00005a8c                QuadDec_Y_Cnt16_WriteCounter
 .text.QuadDec_Y_Cnt16_ReadCounter
                0x00005a98       0x14 .\CortexM3\ARM_GCC_541\Debug\AS76_FFP5.a(QuadDec_Y_Cnt16.o)
                0x00005a98                QuadDec_Y_Cnt16_ReadCounter
 .text.QuadDec_Y_Cnt16_ReadCapture
                0x00005aac        0xc .\CortexM3\ARM_GCC_541\Debug\AS76_FFP5.a(QuadDec_Y_Cnt16.o)
                0x00005aac                QuadDec_Y_Cnt16_ReadCapture
 .text.QuadDec_Y_Cnt16_WritePeriod
                0x00005ab8        0xc .\CortexM3\ARM_GCC_541\Debug\AS76_FFP5.a(QuadDec_Y_Cnt16.o)
                0x00005ab8                QuadDec_Y_Cnt16_WritePeriod
 .text.QuadDec_Y_Cnt16_WriteCompare
                0x00005ac4        0xc .\CortexM3\ARM_GCC_541\Debug\AS76_FFP5.a(QuadDec_Y_Cnt16.o)
                0x00005ac4                QuadDec_Y_Cnt16_WriteCompare
 .text.QuadDec_Y_Cnt16_ClearFIFO
                0x00005ad0       0x14 .\CortexM3\ARM_GCC_541\Debug\AS76_FFP5.a(QuadDec_Y_Cnt16.o)
                0x00005ad0                QuadDec_Y_Cnt16_ClearFIFO
 .text.QuadDec_Y_Cnt16_Init
                0x00005ae4       0x58 .\CortexM3\ARM_GCC_541\Debug\AS76_FFP5.a(QuadDec_Y_Cnt16.o)
                0x00005ae4                QuadDec_Y_Cnt16_Init
 .text.QuadDec_Y_Cnt16_Start
                0x00005b3c       0x1c .\CortexM3\ARM_GCC_541\Debug\AS76_FFP5.a(QuadDec_Y_Cnt16.o)
                0x00005b3c                QuadDec_Y_Cnt16_Start
 .text.wait_timer_Enable
                0x00005b58       0x28 .\CortexM3\ARM_GCC_541\Debug\AS76_FFP5.a(wait_timer.o)
                0x00005b58                wait_timer_Enable
 .text.wait_timer_Stop
                0x00005b80       0x28 .\CortexM3\ARM_GCC_541\Debug\AS76_FFP5.a(wait_timer.o)
                0x00005b80                wait_timer_Stop
 .text.wait_timer_SetInterruptMode
                0x00005ba8        0xc .\CortexM3\ARM_GCC_541\Debug\AS76_FFP5.a(wait_timer.o)
                0x00005ba8                wait_timer_SetInterruptMode
 .text.wait_timer_WritePeriod
                0x00005bb4        0xc .\CortexM3\ARM_GCC_541\Debug\AS76_FFP5.a(wait_timer.o)
                0x00005bb4                wait_timer_WritePeriod
 .text.wait_timer_WriteCounter
                0x00005bc0        0xc .\CortexM3\ARM_GCC_541\Debug\AS76_FFP5.a(wait_timer.o)
                0x00005bc0                wait_timer_WriteCounter
 .text.wait_timer_Init
                0x00005bcc       0x68 .\CortexM3\ARM_GCC_541\Debug\AS76_FFP5.a(wait_timer.o)
                0x00005bcc                wait_timer_Init
 .text.wait_timer_Start
                0x00005c34       0x1c .\CortexM3\ARM_GCC_541\Debug\AS76_FFP5.a(wait_timer.o)
                0x00005c34                wait_timer_Start
 .text.wait_interrupt_SetVector
                0x00005c50        0xc .\CortexM3\ARM_GCC_541\Debug\AS76_FFP5.a(wait_interrupt.o)
                0x00005c50                wait_interrupt_SetVector
 .text.wait_interrupt_SetPriority
                0x00005c5c       0x10 .\CortexM3\ARM_GCC_541\Debug\AS76_FFP5.a(wait_interrupt.o)
                0x00005c5c                wait_interrupt_SetPriority
 .text.wait_interrupt_Enable
                0x00005c6c       0x10 .\CortexM3\ARM_GCC_541\Debug\AS76_FFP5.a(wait_interrupt.o)
                0x00005c6c                wait_interrupt_Enable
 .text.wait_interrupt_Disable
                0x00005c7c       0x10 .\CortexM3\ARM_GCC_541\Debug\AS76_FFP5.a(wait_interrupt.o)
                0x00005c7c                wait_interrupt_Disable
 .text.wait_interrupt_StartEx
                0x00005c8c       0x1c .\CortexM3\ARM_GCC_541\Debug\AS76_FFP5.a(wait_interrupt.o)
                0x00005c8c                wait_interrupt_StartEx
 .text.Pin_SDO_RGB_Write
                0x00005ca8       0x18 .\CortexM3\ARM_GCC_541\Debug\AS76_FFP5.a(Pin_SDO_RGB.o)
                0x00005ca8                Pin_SDO_RGB_Write
 .text.Pin_Clock_RGB_Write
                0x00005cc0       0x18 .\CortexM3\ARM_GCC_541\Debug\AS76_FFP5.a(Pin_Clock_RGB.o)
                0x00005cc0                Pin_Clock_RGB_Write
 .text          0x00005cd8       0x20 .\CortexM3\ARM_GCC_541\Debug\AS76_FFP5.a(CyBootAsmGnu.o)
                0x00005cd8                CyDelayCycles
                0x00005ce8                CyEnterCriticalSection
                0x00005cf0                CyExitCriticalSection
 .text.USB_DispatchClassRqst
                0x00005cf8       0x68 .\CortexM3\ARM_GCC_541\Debug\AS76_FFP5.a(USB_cls.o)
                0x00005cf8                USB_DispatchClassRqst
 .text          0x00005d60      0x370 c:/program files (x86)/cypress/psoc creator/4.4/psoc creator/import/gnu/arm/5.4.1/bin/../lib/gcc/arm-none-eabi/5.4.1/armv7-m\libgcc.a(_arm_addsubdf3.o)
                0x00005d60                __aeabi_drsub
                0x00005d68                __aeabi_dsub
                0x00005d68                __subdf3
                0x00005d6c                __aeabi_dadd
                0x00005d6c                __adddf3
                0x00005fe4                __floatunsidf
                0x00005fe4                __aeabi_ui2d
                0x00006004                __floatsidf
                0x00006004                __aeabi_i2d
                0x00006028                __aeabi_f2d
                0x00006028                __extendsfdf2
                0x00006064                __floatundidf
                0x00006064                __aeabi_ul2d
                0x00006074                __floatdidf
                0x00006074                __aeabi_l2d
 .text          0x000060d0      0x424 c:/program files (x86)/cypress/psoc creator/4.4/psoc creator/import/gnu/arm/5.4.1/bin/../lib/gcc/arm-none-eabi/5.4.1/armv7-m\libgcc.a(_arm_muldivdf3.o)
                0x000060d0                __aeabi_dmul
                0x000060d0                __muldf3
                0x00006324                __divdf3
                0x00006324                __aeabi_ddiv
 .text          0x000064f4       0x50 c:/program files (x86)/cypress/psoc creator/4.4/psoc creator/import/gnu/arm/5.4.1/bin/../lib/gcc/arm-none-eabi/5.4.1/armv7-m\libgcc.a(_arm_fixdfsi.o)
                0x000064f4                __aeabi_d2iz
                0x000064f4                __fixdfsi
 .text          0x00006544       0x40 c:/program files (x86)/cypress/psoc creator/4.4/psoc creator/import/gnu/arm/5.4.1/bin/../lib/gcc/arm-none-eabi/5.4.1/armv7-m\libgcc.a(_arm_fixunsdfsi.o)
                0x00006544                __aeabi_d2uiz
                0x00006544                __fixunsdfsi
 .text          0x00006584      0x21c c:/program files (x86)/cypress/psoc creator/4.4/psoc creator/import/gnu/arm/5.4.1/bin/../lib/gcc/arm-none-eabi/5.4.1/armv7-m\libgcc.a(_arm_addsubsf3.o)
                0x00006584                __aeabi_frsub
                0x0000658c                __subsf3
                0x0000658c                __aeabi_fsub
                0x00006590                __aeabi_fadd
                0x00006590                __addsf3
                0x000066f0                __aeabi_ui2f
                0x000066f0                __floatunsisf
                0x000066f8                __aeabi_i2f
                0x000066f8                __floatsisf
                0x00006714                __aeabi_ul2f
                0x00006714                __floatundisf
                0x00006724                __aeabi_l2f
                0x00006724                __floatdisf
 .text          0x000067a0      0x2a0 c:/program files (x86)/cypress/psoc creator/4.4/psoc creator/import/gnu/arm/5.4.1/bin/../lib/gcc/arm-none-eabi/5.4.1/armv7-m\libgcc.a(_arm_muldivsf3.o)
                0x000067a0                __mulsf3
                0x000067a0                __aeabi_fmul
                0x00006908                __aeabi_fdiv
                0x00006908                __divsf3
 .text          0x00006a40       0x4c c:/program files (x86)/cypress/psoc creator/4.4/psoc creator/import/gnu/arm/5.4.1/bin/../lib/gcc/arm-none-eabi/5.4.1/armv7-m\libgcc.a(_arm_fixsfsi.o)
                0x00006a40                __aeabi_f2iz
                0x00006a40                __fixsfsi
 .text.__errno  0x00006a8c        0xc c:/program files (x86)/cypress/psoc creator/4.4/psoc creator/import/gnu/arm/5.4.1/bin/../lib/gcc/arm-none-eabi/5.4.1/../../../../arm-none-eabi/lib/armv7-m\libg_nano.a(lib_a-errno.o)
                0x00006a8c                __errno
 .text.__libc_init_array
                0x00006a98       0x4c c:/program files (x86)/cypress/psoc creator/4.4/psoc creator/import/gnu/arm/5.4.1/bin/../lib/gcc/arm-none-eabi/5.4.1/../../../../arm-none-eabi/lib/armv7-m\libg_nano.a(lib_a-init.o)
                0x00006a98                __libc_init_array
 .text.memcpy   0x00006ae4       0x16 c:/program files (x86)/cypress/psoc creator/4.4/psoc creator/import/gnu/arm/5.4.1/bin/../lib/gcc/arm-none-eabi/5.4.1/../../../../arm-none-eabi/lib/armv7-m\libg_nano.a(lib_a-memcpy-stub.o)
                0x00006ae4                memcpy
 .text.memset   0x00006afa       0x10 c:/program files (x86)/cypress/psoc creator/4.4/psoc creator/import/gnu/arm/5.4.1/bin/../lib/gcc/arm-none-eabi/5.4.1/../../../../arm-none-eabi/lib/armv7-m\libg_nano.a(lib_a-memset.o)
                0x00006afa                memset
 *fill*         0x00006b0a        0x2 
 .text.sprintf  0x00006b0c       0x48 c:/program files (x86)/cypress/psoc creator/4.4/psoc creator/import/gnu/arm/5.4.1/bin/../lib/gcc/arm-none-eabi/5.4.1/../../../../arm-none-eabi/lib/armv7-m\libg_nano.a(lib_a-sprintf.o)
                0x00006b0c                siprintf
                0x00006b0c                sprintf
 .text.strncmp  0x00006b54       0x2a c:/program files (x86)/cypress/psoc creator/4.4/psoc creator/import/gnu/arm/5.4.1/bin/../lib/gcc/arm-none-eabi/5.4.1/../../../../arm-none-eabi/lib/armv7-m\libg_nano.a(lib_a-strncmp.o)
                0x00006b54                strncmp
 .text.strncpy  0x00006b7e       0x26 c:/program files (x86)/cypress/psoc creator/4.4/psoc creator/import/gnu/arm/5.4.1/bin/../lib/gcc/arm-none-eabi/5.4.1/../../../../arm-none-eabi/lib/armv7-m\libg_nano.a(lib_a-strncpy.o)
                0x00006b7e                strncpy
 .text.__ssputs_r
                0x00006ba4       0xb2 c:/program files (x86)/cypress/psoc creator/4.4/psoc creator/import/gnu/arm/5.4.1/bin/../lib/gcc/arm-none-eabi/5.4.1/../../../../arm-none-eabi/lib/armv7-m\libg_nano.a(lib_a-nano-svfprintf.o)
                0x00006ba4                __ssputs_r
 *fill*         0x00006c56        0x2 
 .text._svfprintf_r
                0x00006c58      0x1e8 c:/program files (x86)/cypress/psoc creator/4.4/psoc creator/import/gnu/arm/5.4.1/bin/../lib/gcc/arm-none-eabi/5.4.1/../../../../arm-none-eabi/lib/armv7-m\libg_nano.a(lib_a-nano-svfprintf.o)
                0x00006c58                _svfiprintf_r
                0x00006c58                _svfprintf_r
 .text._printf_common
                0x00006e40       0xec c:/program files (x86)/cypress/psoc creator/4.4/psoc creator/import/gnu/arm/5.4.1/bin/../lib/gcc/arm-none-eabi/5.4.1/../../../../arm-none-eabi/lib/armv7-m\libg_nano.a(lib_a-nano-vfprintf_i.o)
                0x00006e40                _printf_common
 .text._printf_i
                0x00006f2c      0x24c c:/program files (x86)/cypress/psoc creator/4.4/psoc creator/import/gnu/arm/5.4.1/bin/../lib/gcc/arm-none-eabi/5.4.1/../../../../arm-none-eabi/lib/armv7-m\libg_nano.a(lib_a-nano-vfprintf_i.o)
                0x00006f2c                _printf_i
 .text.memchr   0x00007178       0x1c c:/program files (x86)/cypress/psoc creator/4.4/psoc creator/import/gnu/arm/5.4.1/bin/../lib/gcc/arm-none-eabi/5.4.1/../../../../arm-none-eabi/lib/armv7-m\libg_nano.a(lib_a-memchr-stub.o)
                0x00007178                memchr
 .text.memmove  0x00007194       0x36 c:/program files (x86)/cypress/psoc creator/4.4/psoc creator/import/gnu/arm/5.4.1/bin/../lib/gcc/arm-none-eabi/5.4.1/../../../../arm-none-eabi/lib/armv7-m\libg_nano.a(lib_a-memmove.o)
                0x00007194                memmove
 *fill*         0x000071ca        0x2 
 .text._free_r  0x000071cc       0x98 c:/program files (x86)/cypress/psoc creator/4.4/psoc creator/import/gnu/arm/5.4.1/bin/../lib/gcc/arm-none-eabi/5.4.1/../../../../arm-none-eabi/lib/armv7-m\libg_nano.a(lib_a-nano-freer.o)
                0x000071cc                _free_r
 .text._malloc_r
                0x00007264       0xbc c:/program files (x86)/cypress/psoc creator/4.4/psoc creator/import/gnu/arm/5.4.1/bin/../lib/gcc/arm-none-eabi/5.4.1/../../../../arm-none-eabi/lib/armv7-m\libg_nano.a(lib_a-nano-mallocr.o)
                0x00007264                _malloc_r
 .text._realloc_r
                0x00007320       0x4c c:/program files (x86)/cypress/psoc creator/4.4/psoc creator/import/gnu/arm/5.4.1/bin/../lib/gcc/arm-none-eabi/5.4.1/../../../../arm-none-eabi/lib/armv7-m\libg_nano.a(lib_a-nano-reallocr.o)
                0x00007320                _realloc_r
 .text._sbrk_r  0x0000736c       0x20 c:/program files (x86)/cypress/psoc creator/4.4/psoc creator/import/gnu/arm/5.4.1/bin/../lib/gcc/arm-none-eabi/5.4.1/../../../../arm-none-eabi/lib/armv7-m\libg_nano.a(lib_a-sbrkr.o)
                0x0000736c                _sbrk_r
 .text.__malloc_lock
                0x0000738c        0x2 c:/program files (x86)/cypress/psoc creator/4.4/psoc creator/import/gnu/arm/5.4.1/bin/../lib/gcc/arm-none-eabi/5.4.1/../../../../arm-none-eabi/lib/armv7-m\libg_nano.a(lib_a-mlock.o)
                0x0000738c                __malloc_lock
 .text.__malloc_unlock
                0x0000738e        0x2 c:/program files (x86)/cypress/psoc creator/4.4/psoc creator/import/gnu/arm/5.4.1/bin/../lib/gcc/arm-none-eabi/5.4.1/../../../../arm-none-eabi/lib/armv7-m\libg_nano.a(lib_a-mlock.o)
                0x0000738e                __malloc_unlock
 .text._malloc_usable_size_r
                0x00007390       0x14 c:/program files (x86)/cypress/psoc creator/4.4/psoc creator/import/gnu/arm/5.4.1/bin/../lib/gcc/arm-none-eabi/5.4.1/../../../../arm-none-eabi/lib/armv7-m\libg_nano.a(lib_a-nano-msizer.o)
                0x00007390                _malloc_usable_size_r
 *(.plt)
 *(.gnu.warning)
 *(.glue_7t)
 .glue_7t       0x000073a4        0x0 linker stubs
 *(.glue_7)
 .glue_7        0x000073a4        0x0 linker stubs
 *(.vfp11_veneer)
 .vfp11_veneer  0x000073a4        0x0 linker stubs
 *(.bootloader)
 *(.ARM.extab* .gnu.linkonce.armextab.*)
 *(.gcc_except_table)

.v4_bx          0x000073a4        0x0
 .v4_bx         0x000073a4        0x0 linker stubs

.iplt           0x000073a4        0x0
 .iplt          0x000073a4        0x0 c:/program files (x86)/cypress/psoc creator/4.4/psoc creator/import/gnu/arm/5.4.1/bin/../lib/gcc/arm-none-eabi/5.4.1/armv7-m/crtbegin.o

.eh_frame_hdr
 *(.eh_frame_hdr)

.eh_frame       0x000073a4        0x4
 *(.eh_frame)
 .eh_frame      0x000073a4        0x0 c:/program files (x86)/cypress/psoc creator/4.4/psoc creator/import/gnu/arm/5.4.1/bin/../lib/gcc/arm-none-eabi/5.4.1/armv7-m/crtbegin.o
 .eh_frame      0x000073a4        0x4 c:/program files (x86)/cypress/psoc creator/4.4/psoc creator/import/gnu/arm/5.4.1/bin/../lib/gcc/arm-none-eabi/5.4.1/armv7-m/crtend.o
                [!provide]                PROVIDE (__exidx_start, .)

.ARM.exidx
 *(.ARM.exidx* .gnu.linkonce.armexidx.*)
                0x000073a8                __exidx_end = .

.rodata         0x000073a8     0x1cc8
 *(.rodata .rodata.* .gnu.linkonce.r.*)
 .rodata.str1.4
                0x000073a8       0x32 .\CortexM3\ARM_GCC_541\Debug\main.o
 *fill*         0x000073da        0x2 
 .rodata.str1.4
                0x000073dc      0x9d1 .\CortexM3\ARM_GCC_541\Debug\AS76.o
                                0x9e5 (size before relaxing)
 *fill*         0x00007dad        0x3 
 .rodata        0x00007db0     0x1028 .\CortexM3\ARM_GCC_541\Debug\cyfitter_cfg.o
 .rodata.str1.4
                0x00008dd8       0x14 .\CortexM3\ARM_GCC_541\Debug\AS76_FFP5.a(USB_std.o)
                                 0x11 (size before relaxing)
 .rodata        0x00008dec      0x21a .\CortexM3\ARM_GCC_541\Debug\AS76_FFP5.a(USB_descr.o)
                0x00008dec                USB_MSOS_CONFIGURATION_DESCR
                0x00008e14                USB_MSOS_DESCRIPTOR
                0x00008e28                USB_TABLE
                0x00008e30                USB_DEVICE0_TABLE
                0x00008e48                USB_DEVICE0_CONFIGURATION0_TABLE
                0x00008e70                USB_DEVICE0_CONFIGURATION0_INTERFACE_CLASS
                0x00008e74                USB_DEVICE0_CONFIGURATION0_EP_SETTINGS_TABLE
                0x00008e8c                USB_HIDREPORT_DESCRIPTOR1
                0x00008ec4                USB_SN_STRING_DESCRIPTOR
                0x00008ec8                USB_STRING_DESCRIPTORS
                0x00008fb0                USB_DEVICE0_CONFIGURATION0_DESCR
                0x00008ff4                USB_DEVICE0_DESCR
 .rodata.str1.1
                0x00009006        0x2 c:/program files (x86)/cypress/psoc creator/4.4/psoc creator/import/gnu/arm/5.4.1/bin/../lib/gcc/arm-none-eabi/5.4.1/../../../../arm-none-eabi/lib/armv7-m\libg_nano.a(lib_a-impure.o)
 .rodata.str1.1
                0x00009008       0x11 c:/program files (x86)/cypress/psoc creator/4.4/psoc creator/import/gnu/arm/5.4.1/bin/../lib/gcc/arm-none-eabi/5.4.1/../../../../arm-none-eabi/lib/armv7-m\libg_nano.a(lib_a-nano-svfprintf.o)
 .rodata.str1.1
                0x00009019       0x22 c:/program files (x86)/cypress/psoc creator/4.4/psoc creator/import/gnu/arm/5.4.1/bin/../lib/gcc/arm-none-eabi/5.4.1/../../../../arm-none-eabi/lib/armv7-m\libg_nano.a(lib_a-nano-vfprintf_i.o)
                0x0000903c                . = ALIGN (0x4)
 *fill*         0x0000903b        0x1 
 *(.init)
 .init          0x0000903c        0x4 c:/program files (x86)/cypress/psoc creator/4.4/psoc creator/import/gnu/arm/5.4.1/bin/../lib/gcc/arm-none-eabi/5.4.1/armv7-m/crti.o
                0x0000903c                _init
 .init          0x00009040        0x8 c:/program files (x86)/cypress/psoc creator/4.4/psoc creator/import/gnu/arm/5.4.1/bin/../lib/gcc/arm-none-eabi/5.4.1/armv7-m/crtn.o
                0x00009048                . = ALIGN (0x4)
                0x00009048                __preinit_array_start = .
 *(.preinit_array)
                0x00009048                __preinit_array_end = .
                0x00009048                . = ALIGN (0x4)
                0x00009048                __init_array_start = .
 *(SORT(.init_array.*))
 *(.init_array)
 .init_array    0x00009048        0x4 c:/program files (x86)/cypress/psoc creator/4.4/psoc creator/import/gnu/arm/5.4.1/bin/../lib/gcc/arm-none-eabi/5.4.1/armv7-m/crtbegin.o
 .init_array    0x0000904c        0x4 .\CortexM3\ARM_GCC_541\Debug\Cm3Start.o
                0x00009050                __init_array_end = .
                0x00009050                . = ALIGN (0x4)
 *(.fini)
 .fini          0x00009050        0x4 c:/program files (x86)/cypress/psoc creator/4.4/psoc creator/import/gnu/arm/5.4.1/bin/../lib/gcc/arm-none-eabi/5.4.1/armv7-m/crti.o
                0x00009050                _fini
 .fini          0x00009054        0x8 c:/program files (x86)/cypress/psoc creator/4.4/psoc creator/import/gnu/arm/5.4.1/bin/../lib/gcc/arm-none-eabi/5.4.1/armv7-m/crtn.o
                0x0000905c                . = ALIGN (0x4)
                0x0000905c                __fini_array_start = .
 *(.fini_array)
 .fini_array    0x0000905c        0x4 c:/program files (x86)/cypress/psoc creator/4.4/psoc creator/import/gnu/arm/5.4.1/bin/../lib/gcc/arm-none-eabi/5.4.1/armv7-m/crtbegin.o
 *(SORT(.fini_array.*))
                0x00009060                __fini_array_end = .
                0x00009060                . = ALIGN (0x4)
 *crtbegin.o(.ctors)
 *(EXCLUDE_FILE(*crtend.o) .ctors)
 *(SORT(.ctors.*))
 *crtend.o(.ctors)
                0x00009060                . = ALIGN (0x4)
 *crtbegin.o(.dtors)
 *(EXCLUDE_FILE(*crtend.o) .dtors)
 *(SORT(.dtors.*))
 *crtend.o(.dtors)
                0x00009060                . = ALIGN (0x4)
                0x00009060                __cy_regions = .
                0x00009060        0x4 LONG 0x9070 __cy_region_init_ram
                0x00009064        0x4 LONG 0x1fff80c8 __cy_region_start_data
                0x00009068        0x4 LONG 0xd8 __cy_region_init_size_ram
                0x0000906c        0x4 LONG 0x280 __cy_region_zero_size_ram
                0x00009070                __cy_regions_end = .
                0x00009070                . = ALIGN (0x8)
                0x00009070                _etext = .

.cy_checksum_exclude
                0x00009070        0x0
 *(.cy_checksum_exclude)

.ramvectors     0x1fff8000       0xc0
                0x1fff8000                __cy_region_start_ram = .
 *(.ramvectors)
 .ramvectors    0x1fff8000       0xc0 .\CortexM3\ARM_GCC_541\Debug\Cm3Start.o
                0x1fff8000                CyRamVectors

.noinit         0x1fff80c0        0x1
 *(.noinit)
 .noinit        0x1fff80c0        0x1 .\CortexM3\ARM_GCC_541\Debug\AS76_FFP5.a(CyLib.o)
                0x1fff80c0                CyResetStatus

.data           0x1fff80c8       0xd8 load address 0x00009070
                0x1fff80c8                __cy_region_start_data = .
 *(.jcr)
 .jcr           0x1fff80c8        0x0 c:/program files (x86)/cypress/psoc creator/4.4/psoc creator/import/gnu/arm/5.4.1/bin/../lib/gcc/arm-none-eabi/5.4.1/armv7-m/crtbegin.o
 .jcr           0x1fff80c8        0x4 c:/program files (x86)/cypress/psoc creator/4.4/psoc creator/import/gnu/arm/5.4.1/bin/../lib/gcc/arm-none-eabi/5.4.1/armv7-m/crtend.o
 *(.got.plt)
 *(.got)
 *(.shdata)
 *(.data .data.* .gnu.linkonce.d.*)
 .data          0x1fff80cc        0x4 .\CortexM3\ARM_GCC_541\Debug\main.o
                0x1fff80cc                status_t
                0x1fff80cd                status_z
                0x1fff80ce                status_y
                0x1fff80cf                status_x
 .data          0x1fff80d0       0x39 .\CortexM3\ARM_GCC_541\Debug\AS76.o
                0x1fff80d0                PWM_Condenser_comare_value
                0x1fff80e4                Motor_Speed_X
                0x1fff80e8                Motor_Speed_Y
                0x1fff80ec                Motor_Speed_Z
                0x1fff80f0                HomeY_done
                0x1fff80f1                HomeX_done
                0x1fff80f2                HomeZ_done
                0x1fff80f4                X_Pitchfactor
                0x1fff80f8                HomeT_done
                0x1fff80fc                T_Pitchfactor
                0x1fff8100                Z_Pitchfactor
                0x1fff8104                Y_Pitchfactor
                0x1fff8108                Time_Out_Error
 *fill*         0x1fff8109        0x3 
 .data          0x1fff810c        0x4 .\CortexM3\ARM_GCC_541\Debug\Cm3Start.o
 .data          0x1fff8110       0x10 .\CortexM3\ARM_GCC_541\Debug\AS76_FFP5.a(CyLib.o)
                0x1fff8110                cydelay_32k_ms
                0x1fff8114                cydelay_freq_khz
                0x1fff8118                cydelay_freq_mhz
                0x1fff811c                cydelay_freq_hz
 .data          0x1fff8120       0x1a .\CortexM3\ARM_GCC_541\Debug\AS76_FFP5.a(USB_cdc.o)
                0x1fff8120                USB_linesCoding
 *fill*         0x1fff813a        0x2 
 .data.impure_data
                0x1fff813c       0x60 c:/program files (x86)/cypress/psoc creator/4.4/psoc creator/import/gnu/arm/5.4.1/bin/../lib/gcc/arm-none-eabi/5.4.1/../../../../arm-none-eabi/lib/armv7-m\libg_nano.a(lib_a-impure.o)
 .data._impure_ptr
                0x1fff819c        0x4 c:/program files (x86)/cypress/psoc creator/4.4/psoc creator/import/gnu/arm/5.4.1/bin/../lib/gcc/arm-none-eabi/5.4.1/../../../../arm-none-eabi/lib/armv7-m\libg_nano.a(lib_a-impure.o)
                0x1fff819c                _impure_ptr
                0x1fff81a0                . = ALIGN (0x8)
 *(.ram)
                0x1fff81a0                _edata = .

.igot.plt       0x1fff81a0        0x0 load address 0x00009148
 .igot.plt      0x1fff81a0        0x0 c:/program files (x86)/cypress/psoc creator/4.4/psoc creator/import/gnu/arm/5.4.1/bin/../lib/gcc/arm-none-eabi/5.4.1/armv7-m/crtbegin.o

.bss            0x1fff81a0      0x280 load address 0x00009148
                0x1fff81a0                PROVIDE (__bss_start__, .)
 *(.shbss)
 *(.bss .bss.* .gnu.linkonce.b.*)
 .bss           0x1fff81a0       0x1c c:/program files (x86)/cypress/psoc creator/4.4/psoc creator/import/gnu/arm/5.4.1/bin/../lib/gcc/arm-none-eabi/5.4.1/armv7-m/crtbegin.o
 .bss           0x1fff81bc       0x5c .\CortexM3\ARM_GCC_541\Debug\AS76.o
                0x1fff81bc                ms_count
                0x1fff81be                exit_loop
                0x1fff81c0                EncoderTZSelect
                0x1fff81c4                X_QuadPosition
                0x1fff81c8                Y_QuadPosition
                0x1fff81cc                Z_QuadPosition
                0x1fff81d0                T_QuadPosition
                0x1fff81d4                Buffer_Z_QuadPosition
                0x1fff81d8                Buffer_T_QuadPosition
                0x1fff81dc                print_flag
                0x1fff81e0                PWM_barcode_comare_value
                0x1fff81e4                Error
                0x1fff81e9                HomeX_done_Buffer
                0x1fff81ea                HomeY_done_Buffer
                0x1fff81eb                HomeZ_done_Buffer
                0x1fff81ec                HomeT_done_Buffer
                0x1fff81f0                Previous_X_Position
                0x1fff81f4                Previous_Y_Position
                0x1fff81f8                Previous_Z_Position
                0x1fff81fc                Position_X_Requested
                0x1fff8200                Position_Y_Requested
                0x1fff8204                Position_Z_Requested
                0x1fff8208                Position_T_Requested
                0x1fff820c                time_ms
                0x1fff8210                oil_speed
                0x1fff8214                oil_dir
 .bss           0x1fff8218        0xc .\CortexM3\ARM_GCC_541\Debug\APA102.o
                0x1fff8218                BnB
                0x1fff821a                GnR
                0x1fff821c                STFB
                0x1fff8220                LedCnt
                0x1fff8221                MaxB
                0x1fff8222                B
                0x1fff8223                j
 .bss           0x1fff8224        0x1 .\CortexM3\ARM_GCC_541\Debug\AS76_FFP5.a(SPIM.o)
                0x1fff8224                SPIM_initVar
 .bss           0x1fff8225        0x1 .\CortexM3\ARM_GCC_541\Debug\AS76_FFP5.a(USB.o)
                0x1fff8225                USB_initVar
 .bss           0x1fff8226        0x1 .\CortexM3\ARM_GCC_541\Debug\AS76_FFP5.a(USB_cdc.o)
 *fill*         0x1fff8227        0x1 
 .bss           0x1fff8228        0x2 .\CortexM3\ARM_GCC_541\Debug\AS76_FFP5.a(USB_std.o)
 .bss           0x1fff822a        0x1 .\CortexM3\ARM_GCC_541\Debug\AS76_FFP5.a(PWM_CondenserLED.o)
                0x1fff822a                PWM_CondenserLED_initVar
 .bss           0x1fff822b        0x1 .\CortexM3\ARM_GCC_541\Debug\AS76_FFP5.a(QuadDec_X.o)
                0x1fff822b                QuadDec_X_initVar
 .bss           0x1fff822c        0x4 .\CortexM3\ARM_GCC_541\Debug\AS76_FFP5.a(QuadDec_X_INT.o)
                0x1fff822c                QuadDec_X_count32SoftPart
 .bss           0x1fff8230        0x1 .\CortexM3\ARM_GCC_541\Debug\AS76_FFP5.a(QuadDec_X_Cnt16.o)
                0x1fff8230                QuadDec_X_Cnt16_initVar
 .bss           0x1fff8231        0x7 .\CortexM3\ARM_GCC_541\Debug\AS76_FFP5.a(UART_PCB_LOG.o)
                0x1fff8231                UART_PCB_LOG_errorStatus
                0x1fff8232                UART_PCB_LOG_initVar
                0x1fff8233                UART_PCB_LOG_rxBufferRead
                0x1fff8234                UART_PCB_LOG_rxBufferWrite
                0x1fff8235                UART_PCB_LOG_rxBufferLoopDetect
                0x1fff8236                UART_PCB_LOG_rxBufferOverflow
 .bss           0x1fff8238        0x1 .\CortexM3\ARM_GCC_541\Debug\AS76_FFP5.a(QuadDec_TZ.o)
                0x1fff8238                QuadDec_TZ_initVar
 *fill*         0x1fff8239        0x3 
 .bss           0x1fff823c        0x4 .\CortexM3\ARM_GCC_541\Debug\AS76_FFP5.a(QuadDec_TZ_INT.o)
                0x1fff823c                QuadDec_TZ_count32SoftPart
 .bss           0x1fff8240        0x1 .\CortexM3\ARM_GCC_541\Debug\AS76_FFP5.a(PWM_Buzzer.o)
                0x1fff8240                PWM_Buzzer_initVar
 .bss           0x1fff8241        0x1 .\CortexM3\ARM_GCC_541\Debug\AS76_FFP5.a(QuadDec_Y.o)
                0x1fff8241                QuadDec_Y_initVar
 *fill*         0x1fff8242        0x2 
 .bss           0x1fff8244        0x4 .\CortexM3\ARM_GCC_541\Debug\AS76_FFP5.a(QuadDec_Y_INT.o)
                0x1fff8244                QuadDec_Y_count32SoftPart
 .bss           0x1fff8248        0x1 .\CortexM3\ARM_GCC_541\Debug\AS76_FFP5.a(PWM_BarcodeCondenser_LED.o)
                0x1fff8248                PWM_BarcodeCondenser_LED_initVar
 .bss           0x1fff8249        0x1 .\CortexM3\ARM_GCC_541\Debug\AS76_FFP5.a(QuadDec_TZ_Cnt16.o)
                0x1fff8249                QuadDec_TZ_Cnt16_initVar
 .bss           0x1fff824a        0x1 .\CortexM3\ARM_GCC_541\Debug\AS76_FFP5.a(QuadDec_Y_Cnt16.o)
                0x1fff824a                QuadDec_Y_Cnt16_initVar
 .bss           0x1fff824b        0x1 .\CortexM3\ARM_GCC_541\Debug\AS76_FFP5.a(wait_timer.o)
                0x1fff824b                wait_timer_initVar
 .bss.__malloc_sbrk_start
                0x1fff824c        0x4 c:/program files (x86)/cypress/psoc creator/4.4/psoc creator/import/gnu/arm/5.4.1/bin/../lib/gcc/arm-none-eabi/5.4.1/../../../../arm-none-eabi/lib/armv7-m\libg_nano.a(lib_a-nano-mallocr.o)
                0x1fff824c                __malloc_sbrk_start
 .bss.__malloc_free_list
                0x1fff8250        0x4 c:/program files (x86)/cypress/psoc creator/4.4/psoc creator/import/gnu/arm/5.4.1/bin/../lib/gcc/arm-none-eabi/5.4.1/../../../../arm-none-eabi/lib/armv7-m\libg_nano.a(lib_a-nano-mallocr.o)
                0x1fff8250                __malloc_free_list
 *(COMMON)
 COMMON         0x1fff8254       0x82 .\CortexM3\ARM_GCC_541\Debug\main.o
                0x1fff8254                Is_Slide_On_Gripper
                0x1fff8258                USB_received
                0x1fff8298                count
                0x1fff829c                USB_transmit
 *fill*         0x1fff82d6        0x2 
 COMMON         0x1fff82d8        0x4 .\CortexM3\ARM_GCC_541\Debug\AS76.o
                0x1fff82d8                command
 COMMON         0x1fff82dc        0x7 .\CortexM3\ARM_GCC_541\Debug\APA102.o
                0x1fff82dc                SPI_RGB_DATA
                0x1fff82e0                i
                0x1fff82e1                G
                0x1fff82e2                R
 *fill*         0x1fff82e3        0x1 
 COMMON         0x1fff82e4       0x18 .\CortexM3\ARM_GCC_541\Debug\AS76_FFP5.a(SPIM.o)
                0x1fff82e4                SPIM_rxBufferFull
                0x1fff82e8                SPIM_txBuffer
                0x1fff82ed                SPIM_swStatusTx
                0x1fff82f0                SPIM_rxBuffer
                0x1fff82f6                SPIM_txBufferFull
                0x1fff82f7                SPIM_txBufferRead
                0x1fff82f8                SPIM_rxBufferWrite
                0x1fff82f9                SPIM_txBufferWrite
                0x1fff82fa                SPIM_rxBufferRead
                0x1fff82fb                SPIM_swStatusRx
 COMMON         0x1fff82fc       0x16 .\CortexM3\ARM_GCC_541\Debug\AS76_FFP5.a(USB_cdc.o)
                0x1fff82fc                USB_linesControlBitmap
                0x1fff8300                USB_cdcCommInInterruptEp
                0x1fff8304                USB_serialStateBitmap
                0x1fff8308                USB_cdcDataOutEp
                0x1fff830c                USB_cdcDataInEp
                0x1fff8310                USB_linesChanged
 *fill*         0x1fff8312        0x2 
 COMMON         0x1fff8314       0x98 .\CortexM3\ARM_GCC_541\Debug\AS76_FFP5.a(USB_drv.o)
                0x1fff8314                USB_transferState
                0x1fff8315                USB_interfaceNumber
                0x1fff8316                USB_lastPacketSize
                0x1fff8318                USB_interfaceClass
                0x1fff831c                USB_interfaceSetting
                0x1fff831e                USB_ep0Mode
                0x1fff831f                USB_device
                0x1fff8320                USB_deviceAddress
                0x1fff8321                USB_ep0Toggle
                0x1fff8324                USB_interfaceSettingLast
                0x1fff8326                USB_configurationChanged
                0x1fff8328                USB_interfaceStatus
                0x1fff832a                USB_transferByteCount
                0x1fff832c                USB_configuration
                0x1fff8330                USB_currentTD
                0x1fff833c                USB_ep0Count
                0x1fff833d                USB_deviceStatus
                0x1fff8340                USB_EP
 COMMON         0x1fff83ac        0xa .\CortexM3\ARM_GCC_541\Debug\AS76_FFP5.a(USB_hid.o)
                0x1fff83ac                USB_hidProtocol
                0x1fff83b0                USB_hidIdleRate
                0x1fff83b4                USB_hidIdleTimer
 *fill*         0x1fff83b6        0x2 
 COMMON         0x1fff83b8       0x40 .\CortexM3\ARM_GCC_541\Debug\AS76_FFP5.a(UART_PCB_LOG.o)
                0x1fff83b8                UART_PCB_LOG_rxBuffer
 COMMON         0x1fff83f8       0x22 .\CortexM3\ARM_GCC_541\Debug\AS76_FFP5.a(USB_descr.o)
                0x1fff83f8                USB_idSerialNumberStringDescriptor
 *fill*         0x1fff841a        0x2 
 COMMON         0x1fff841c        0x4 c:/program files (x86)/cypress/psoc creator/4.4/psoc creator/import/gnu/arm/5.4.1/bin/../lib/gcc/arm-none-eabi/5.4.1/../../../../arm-none-eabi/lib/armv7-m\libg_nano.a(lib_a-reent.o)
                0x1fff841c                errno
                0x1fff8420                . = ALIGN (0x8)
 *(.ram.b)
                0x1fff8420                _end = .
                0x1fff8420                __end = .
                0x1fff8420                PROVIDE (end, .)
                0x1fff8420                PROVIDE (__bss_end__, .)
                0x00009070                __cy_region_init_ram = LOADADDR (.data)
                0x000000d8                __cy_region_init_size_ram = (_edata - ADDR (.data))
                0x00000280                __cy_region_zero_size_ram = (_end - _edata)

.heap           0x1fff8420       0x80 load address 0x00009148
                0x1fff8420                . = _end
                0x1fff84a0                . = (. + 0x80)
 *fill*         0x1fff8420       0x80 
                0x1fff84a0                __cy_heap_limit = .

.stack          0x20007800      0x800
                0x20007800                __cy_stack_limit = .
                0x20008000                . = (. + 0x800)
 *fill*         0x20007800      0x800 
                0x00000001                ASSERT ((__cy_stack_limit >= __cy_heap_limit), region RAM overflowed with stack)
                0x00000000                cy_checksum_exclude_size = (CY_APPL_LOADABLE == 0x1)?SIZEOF (.cy_checksum_exclude):0x0
                0x00000001                ASSERT ((cy_checksum_exclude_size <= CY_CHECKSUM_EXCLUDE_SIZE), CY_BOOT: Section .cy_checksum_exclude size exceedes specified limit.)

.cyloadermeta
 *(.cyloadermeta)

.cyloadablemeta
 *(.cyloadablemeta)

.cyconfigecc
 *(.cyconfigecc)

.cycustnvl      0x90000000        0x4
 *(.cycustnvl)
 .cycustnvl     0x90000000        0x4 .\CortexM3\ARM_GCC_541\Debug\cymetadata.o
                0x90000000                cy_meta_custnvl

.cywolatch      0x90100000        0x4
 *(.cywolatch)
 .cywolatch     0x90100000        0x4 .\CortexM3\ARM_GCC_541\Debug\cymetadata.o
                0x90100000                cy_meta_wonvl

.cyeeprom       0x90200000        0x0
 *(.cyeeprom)
                0x00000001                ASSERT ((. <= ((0x90200000 + ee_offset) + ee_size)), .cyeeprom data will not fit in EEPROM)

.cyflashprotect
                0x90400000      0x100
 *(.cyflashprotect)
 .cyflashprotect
                0x90400000      0x100 .\CortexM3\ARM_GCC_541\Debug\cymetadata.o
                0x90400000                cy_meta_flashprotect

.cymeta         0x90500000        0xc
 *(.cymeta)
 .cymeta        0x90500000        0xc .\CortexM3\ARM_GCC_541\Debug\cymetadata.o
                0x90500000                cy_metadata

.rel.dyn        0x00009148        0x0 load address 0x9050000c
 .rel.iplt      0x00009148        0x0 c:/program files (x86)/cypress/psoc creator/4.4/psoc creator/import/gnu/arm/5.4.1/bin/../lib/gcc/arm-none-eabi/5.4.1/armv7-m/crtbegin.o

.stab
 *(.stab)

.stabstr
 *(.stabstr)

.debug
 *(.debug)

.line
 *(.line)

.debug_srcinfo
 *(.debug_srcinfo)

.debug_sfnames
 *(.debug_sfnames)

.debug_aranges  0x00000000     0x1768
 *(.debug_aranges)
 .debug_aranges
                0x00000000       0x20 .\CortexM3\ARM_GCC_541\Debug\main.o
 .debug_aranges
                0x00000020      0x1a0 .\CortexM3\ARM_GCC_541\Debug\AS76.o
 .debug_aranges
                0x000001c0       0x40 .\CortexM3\ARM_GCC_541\Debug\APA102.o
 .debug_aranges
                0x00000200       0x60 .\CortexM3\ARM_GCC_541\Debug\cyfitter_cfg.o
 .debug_aranges
                0x00000260       0x18 .\CortexM3\ARM_GCC_541\Debug\cymetadata.o
 .debug_aranges
                0x00000278       0x48 .\CortexM3\ARM_GCC_541\Debug\Cm3Start.o
 .debug_aranges
                0x000002c0       0x38 .\CortexM3\ARM_GCC_541\Debug\AS76_FFP5.a(Pin_CSMotorX.o)
 .debug_aranges
                0x000002f8       0x38 .\CortexM3\ARM_GCC_541\Debug\AS76_FFP5.a(Pin_CSMotorY.o)
 .debug_aranges
                0x00000330       0x38 .\CortexM3\ARM_GCC_541\Debug\AS76_FFP5.a(Pin_CSMotorZ.o)
 .debug_aranges
                0x00000368       0xd8 .\CortexM3\ARM_GCC_541\Debug\AS76_FFP5.a(SPIM.o)
 .debug_aranges
                0x00000440       0x28 .\CortexM3\ARM_GCC_541\Debug\AS76_FFP5.a(SPIM_INT.o)
 .debug_aranges
                0x00000468      0x2a0 .\CortexM3\ARM_GCC_541\Debug\AS76_FFP5.a(CyLib.o)
 .debug_aranges
                0x00000708       0x98 .\CortexM3\ARM_GCC_541\Debug\AS76_FFP5.a(cyPm.o)
 .debug_aranges
                0x000007a0       0xc8 .\CortexM3\ARM_GCC_541\Debug\AS76_FFP5.a(USB.o)
 .debug_aranges
                0x00000868       0xe8 .\CortexM3\ARM_GCC_541\Debug\AS76_FFP5.a(USB_cdc.o)
 .debug_aranges
                0x00000950       0x98 .\CortexM3\ARM_GCC_541\Debug\AS76_FFP5.a(USB_drv.o)
 .debug_aranges
                0x000009e8       0x40 .\CortexM3\ARM_GCC_541\Debug\AS76_FFP5.a(USB_episr.o)
 .debug_aranges
                0x00000a28       0x48 .\CortexM3\ARM_GCC_541\Debug\AS76_FFP5.a(USB_hid.o)
 .debug_aranges
                0x00000a70       0x40 .\CortexM3\ARM_GCC_541\Debug\AS76_FFP5.a(USB_pm.o)
 .debug_aranges
                0x00000ab0       0x80 .\CortexM3\ARM_GCC_541\Debug\AS76_FFP5.a(USB_std.o)
 .debug_aranges
                0x00000b30       0x20 .\CortexM3\ARM_GCC_541\Debug\AS76_FFP5.a(USB_vnd.o)
 .debug_aranges
                0x00000b50       0x48 .\CortexM3\ARM_GCC_541\Debug\AS76_FFP5.a(USB_Dp.o)
 .debug_aranges
                0x00000b98       0x78 .\CortexM3\ARM_GCC_541\Debug\AS76_FFP5.a(PWM_CondenserLED.o)
 .debug_aranges
                0x00000c10       0x70 .\CortexM3\ARM_GCC_541\Debug\AS76_FFP5.a(SPIM_IntClock.o)
 .debug_aranges
                0x00000c80       0x60 .\CortexM3\ARM_GCC_541\Debug\AS76_FFP5.a(QuadDec_X.o)
 .debug_aranges
                0x00000ce0       0x20 .\CortexM3\ARM_GCC_541\Debug\AS76_FFP5.a(QuadDec_X_INT.o)
 .debug_aranges
                0x00000d00       0x98 .\CortexM3\ARM_GCC_541\Debug\AS76_FFP5.a(QuadDec_X_Cnt16.o)
 .debug_aranges
                0x00000d98       0xf0 .\CortexM3\ARM_GCC_541\Debug\AS76_FFP5.a(UART_PCB_LOG.o)
 .debug_aranges
                0x00000e88       0x20 .\CortexM3\ARM_GCC_541\Debug\AS76_FFP5.a(UART_PCB_LOG_INT.o)
 .debug_aranges
                0x00000ea8       0x70 .\CortexM3\ARM_GCC_541\Debug\AS76_FFP5.a(UART_PCB_LOG_IntClock.o)
 .debug_aranges
                0x00000f18       0x38 .\CortexM3\ARM_GCC_541\Debug\AS76_FFP5.a(Pin_Backlight.o)
 .debug_aranges
                0x00000f50       0x38 .\CortexM3\ARM_GCC_541\Debug\AS76_FFP5.a(LED2.o)
 .debug_aranges
                0x00000f88       0x38 .\CortexM3\ARM_GCC_541\Debug\AS76_FFP5.a(Pin_CSMotorO.o)
 .debug_aranges
                0x00000fc0       0x38 .\CortexM3\ARM_GCC_541\Debug\AS76_FFP5.a(Pin_CSMotorT.o)
 .debug_aranges
                0x00000ff8       0x60 .\CortexM3\ARM_GCC_541\Debug\AS76_FFP5.a(QuadDec_TZ.o)
 .debug_aranges
                0x00001058       0x20 .\CortexM3\ARM_GCC_541\Debug\AS76_FFP5.a(QuadDec_TZ_INT.o)
 .debug_aranges
                0x00001078       0x78 .\CortexM3\ARM_GCC_541\Debug\AS76_FFP5.a(PWM_Buzzer.o)
 .debug_aranges
                0x000010f0       0x60 .\CortexM3\ARM_GCC_541\Debug\AS76_FFP5.a(QuadDec_Y.o)
 .debug_aranges
                0x00001150       0x20 .\CortexM3\ARM_GCC_541\Debug\AS76_FFP5.a(QuadDec_Y_INT.o)
 .debug_aranges
                0x00001170       0x78 .\CortexM3\ARM_GCC_541\Debug\AS76_FFP5.a(PWM_BarcodeCondenser_LED.o)
 .debug_aranges
                0x000011e8       0x38 .\CortexM3\ARM_GCC_541\Debug\AS76_FFP5.a(LED3.o)
 .debug_aranges
                0x00001220       0x28 .\CortexM3\ARM_GCC_541\Debug\AS76_FFP5.a(Encoder_T_Z_Select.o)
 .debug_aranges
                0x00001248       0x38 .\CortexM3\ARM_GCC_541\Debug\AS76_FFP5.a(TMC5160_MotorX_EN.o)
 .debug_aranges
                0x00001280       0x38 .\CortexM3\ARM_GCC_541\Debug\AS76_FFP5.a(TMC5160_MotorY_EN.o)
 .debug_aranges
                0x000012b8       0x38 .\CortexM3\ARM_GCC_541\Debug\AS76_FFP5.a(TMC5160_MotorZ_EN.o)
 .debug_aranges
                0x000012f0       0x38 .\CortexM3\ARM_GCC_541\Debug\AS76_FFP5.a(TMC5160_MotorT_EN.o)
 .debug_aranges
                0x00001328       0x38 .\CortexM3\ARM_GCC_541\Debug\AS76_FFP5.a(TMC5160_MotorO_EN.o)
 .debug_aranges
                0x00001360       0x98 .\CortexM3\ARM_GCC_541\Debug\AS76_FFP5.a(QuadDec_TZ_Cnt16.o)
 .debug_aranges
                0x000013f8       0x98 .\CortexM3\ARM_GCC_541\Debug\AS76_FFP5.a(QuadDec_Y_Cnt16.o)
 .debug_aranges
                0x00001490       0x88 .\CortexM3\ARM_GCC_541\Debug\AS76_FFP5.a(wait_timer.o)
 .debug_aranges
                0x00001518       0x80 .\CortexM3\ARM_GCC_541\Debug\AS76_FFP5.a(wait_interrupt.o)
 .debug_aranges
                0x00001598       0x38 .\CortexM3\ARM_GCC_541\Debug\AS76_FFP5.a(Pin_SDO_RGB.o)
 .debug_aranges
                0x000015d0       0x38 .\CortexM3\ARM_GCC_541\Debug\AS76_FFP5.a(Pin_Clock_RGB.o)
 .debug_aranges
                0x00001608       0x20 .\CortexM3\ARM_GCC_541\Debug\AS76_FFP5.a(CyBootAsmGnu.o)
 .debug_aranges
                0x00001628       0x88 .\CortexM3\ARM_GCC_541\Debug\AS76_FFP5.a(CyFlash.o)
 .debug_aranges
                0x000016b0       0x80 .\CortexM3\ARM_GCC_541\Debug\AS76_FFP5.a(CySpc.o)
 .debug_aranges
                0x00001730       0x20 .\CortexM3\ARM_GCC_541\Debug\AS76_FFP5.a(USB_cls.o)
 .debug_aranges
                0x00001750       0x18 .\CortexM3\ARM_GCC_541\Debug\AS76_FFP5.a(USB_descr.o)

.debug_pubnames
 *(.debug_pubnames)

.debug_info     0x00000000    0x11ea6
 *(.debug_info .gnu.linkonce.wi.*)
 .debug_info    0x00000000      0x547 .\CortexM3\ARM_GCC_541\Debug\main.o
 .debug_info    0x00000547     0x5155 .\CortexM3\ARM_GCC_541\Debug\AS76.o
 .debug_info    0x0000569c      0xe4f .\CortexM3\ARM_GCC_541\Debug\APA102.o
 .debug_info    0x000064eb      0x7ff .\CortexM3\ARM_GCC_541\Debug\cyfitter_cfg.o
 .debug_info    0x00006cea      0x10e .\CortexM3\ARM_GCC_541\Debug\cymetadata.o
 .debug_info    0x00006df8      0x3bb .\CortexM3\ARM_GCC_541\Debug\Cm3Start.o
 .debug_info    0x000071b3      0x11f .\CortexM3\ARM_GCC_541\Debug\AS76_FFP5.a(Pin_CSMotorX.o)
 .debug_info    0x000072d2      0x11f .\CortexM3\ARM_GCC_541\Debug\AS76_FFP5.a(Pin_CSMotorY.o)
 .debug_info    0x000073f1      0x11f .\CortexM3\ARM_GCC_541\Debug\AS76_FFP5.a(Pin_CSMotorZ.o)
 .debug_info    0x00007510      0x719 .\CortexM3\ARM_GCC_541\Debug\AS76_FFP5.a(SPIM.o)
 .debug_info    0x00007c29      0x19d .\CortexM3\ARM_GCC_541\Debug\AS76_FFP5.a(SPIM_INT.o)
 .debug_info    0x00007dc6     0x1374 .\CortexM3\ARM_GCC_541\Debug\AS76_FFP5.a(CyLib.o)
 .debug_info    0x0000913a      0xa2a .\CortexM3\ARM_GCC_541\Debug\AS76_FFP5.a(cyPm.o)
 .debug_info    0x00009b64      0x9c1 .\CortexM3\ARM_GCC_541\Debug\AS76_FFP5.a(USB.o)
 .debug_info    0x0000a525      0xaf7 .\CortexM3\ARM_GCC_541\Debug\AS76_FFP5.a(USB_cdc.o)
 .debug_info    0x0000b01c      0x655 .\CortexM3\ARM_GCC_541\Debug\AS76_FFP5.a(USB_drv.o)
 .debug_info    0x0000b671      0x254 .\CortexM3\ARM_GCC_541\Debug\AS76_FFP5.a(USB_episr.o)
 .debug_info    0x0000b8c5      0x43b .\CortexM3\ARM_GCC_541\Debug\AS76_FFP5.a(USB_hid.o)
 .debug_info    0x0000bd00      0x2e4 .\CortexM3\ARM_GCC_541\Debug\AS76_FFP5.a(USB_pm.o)
 .debug_info    0x0000bfe4      0xb36 .\CortexM3\ARM_GCC_541\Debug\AS76_FFP5.a(USB_std.o)
 .debug_info    0x0000cb1a      0x1be .\CortexM3\ARM_GCC_541\Debug\AS76_FFP5.a(USB_vnd.o)
 .debug_info    0x0000ccd8      0x174 .\CortexM3\ARM_GCC_541\Debug\AS76_FFP5.a(USB_Dp.o)
 .debug_info    0x0000ce4c      0x27e .\CortexM3\ARM_GCC_541\Debug\AS76_FFP5.a(PWM_CondenserLED.o)
 .debug_info    0x0000d0ca      0x283 .\CortexM3\ARM_GCC_541\Debug\AS76_FFP5.a(SPIM_IntClock.o)
 .debug_info    0x0000d34d      0x357 .\CortexM3\ARM_GCC_541\Debug\AS76_FFP5.a(QuadDec_X.o)
 .debug_info    0x0000d6a4       0xf3 .\CortexM3\ARM_GCC_541\Debug\AS76_FFP5.a(QuadDec_X_INT.o)
 .debug_info    0x0000d797      0x348 .\CortexM3\ARM_GCC_541\Debug\AS76_FFP5.a(QuadDec_X_Cnt16.o)
 .debug_info    0x0000dadf      0x72d .\CortexM3\ARM_GCC_541\Debug\AS76_FFP5.a(UART_PCB_LOG.o)
 .debug_info    0x0000e20c      0x14c .\CortexM3\ARM_GCC_541\Debug\AS76_FFP5.a(UART_PCB_LOG_INT.o)
 .debug_info    0x0000e358      0x283 .\CortexM3\ARM_GCC_541\Debug\AS76_FFP5.a(UART_PCB_LOG_IntClock.o)
 .debug_info    0x0000e5db      0x11f .\CortexM3\ARM_GCC_541\Debug\AS76_FFP5.a(Pin_Backlight.o)
 .debug_info    0x0000e6fa      0x11f .\CortexM3\ARM_GCC_541\Debug\AS76_FFP5.a(LED2.o)
 .debug_info    0x0000e819      0x11f .\CortexM3\ARM_GCC_541\Debug\AS76_FFP5.a(Pin_CSMotorO.o)
 .debug_info    0x0000e938      0x11f .\CortexM3\ARM_GCC_541\Debug\AS76_FFP5.a(Pin_CSMotorT.o)
 .debug_info    0x0000ea57      0x357 .\CortexM3\ARM_GCC_541\Debug\AS76_FFP5.a(QuadDec_TZ.o)
 .debug_info    0x0000edae       0xf3 .\CortexM3\ARM_GCC_541\Debug\AS76_FFP5.a(QuadDec_TZ_INT.o)
 .debug_info    0x0000eea1      0x27f .\CortexM3\ARM_GCC_541\Debug\AS76_FFP5.a(PWM_Buzzer.o)
 .debug_info    0x0000f120      0x357 .\CortexM3\ARM_GCC_541\Debug\AS76_FFP5.a(QuadDec_Y.o)
 .debug_info    0x0000f477       0xf3 .\CortexM3\ARM_GCC_541\Debug\AS76_FFP5.a(QuadDec_Y_INT.o)
 .debug_info    0x0000f56a      0x27e .\CortexM3\ARM_GCC_541\Debug\AS76_FFP5.a(PWM_BarcodeCondenser_LED.o)
 .debug_info    0x0000f7e8      0x11f .\CortexM3\ARM_GCC_541\Debug\AS76_FFP5.a(LED3.o)
 .debug_info    0x0000f907       0xd6 .\CortexM3\ARM_GCC_541\Debug\AS76_FFP5.a(Encoder_T_Z_Select.o)
 .debug_info    0x0000f9dd      0x11f .\CortexM3\ARM_GCC_541\Debug\AS76_FFP5.a(TMC5160_MotorX_EN.o)
 .debug_info    0x0000fafc      0x11f .\CortexM3\ARM_GCC_541\Debug\AS76_FFP5.a(TMC5160_MotorY_EN.o)
 .debug_info    0x0000fc1b      0x11f .\CortexM3\ARM_GCC_541\Debug\AS76_FFP5.a(TMC5160_MotorZ_EN.o)
 .debug_info    0x0000fd3a      0x11f .\CortexM3\ARM_GCC_541\Debug\AS76_FFP5.a(TMC5160_MotorT_EN.o)
 .debug_info    0x0000fe59      0x11f .\CortexM3\ARM_GCC_541\Debug\AS76_FFP5.a(TMC5160_MotorO_EN.o)
 .debug_info    0x0000ff78      0x348 .\CortexM3\ARM_GCC_541\Debug\AS76_FFP5.a(QuadDec_TZ_Cnt16.o)
 .debug_info    0x000102c0      0x348 .\CortexM3\ARM_GCC_541\Debug\AS76_FFP5.a(QuadDec_Y_Cnt16.o)
 .debug_info    0x00010608      0x295 .\CortexM3\ARM_GCC_541\Debug\AS76_FFP5.a(wait_timer.o)
 .debug_info    0x0001089d      0x2d2 .\CortexM3\ARM_GCC_541\Debug\AS76_FFP5.a(wait_interrupt.o)
 .debug_info    0x00010b6f      0x11f .\CortexM3\ARM_GCC_541\Debug\AS76_FFP5.a(Pin_SDO_RGB.o)
 .debug_info    0x00010c8e      0x11f .\CortexM3\ARM_GCC_541\Debug\AS76_FFP5.a(Pin_Clock_RGB.o)
 .debug_info    0x00010dad       0x92 .\CortexM3\ARM_GCC_541\Debug\AS76_FFP5.a(CyBootAsmGnu.o)
 .debug_info    0x00010e3f      0x62d .\CortexM3\ARM_GCC_541\Debug\AS76_FFP5.a(CyFlash.o)
 .debug_info    0x0001146c      0x53c .\CortexM3\ARM_GCC_541\Debug\AS76_FFP5.a(CySpc.o)
 .debug_info    0x000119a8      0x1f2 .\CortexM3\ARM_GCC_541\Debug\AS76_FFP5.a(USB_cls.o)
 .debug_info    0x00011b9a      0x30c .\CortexM3\ARM_GCC_541\Debug\AS76_FFP5.a(USB_descr.o)

.debug_abbrev   0x00000000     0x3c73
 *(.debug_abbrev)