Archive member included to satisfy reference by file (symbol)

.\CortexM3\ARM_GCC_541\Debug\AS76_FFP5.a(Pin_CSMotorX.o)
                              .\CortexM3\ARM_GCC_541\Debug\AS76.o (Pin_CSMotorX_Write)
.\CortexM3\ARM_GCC_541\Debug\AS76_FFP5.a(Pin_CSMotorY.o)
                              .\CortexM3\ARM_GCC_541\Debug\AS76.o (Pin_CSMotorY_Write)
.\CortexM3\ARM_GCC_541\Debug\AS76_FFP5.a(Pin_CSMotorZ.o)
                              .\CortexM3\ARM_GCC_541\Debug\AS76.o (Pin_CSMotorZ_Write)
.\CortexM3\ARM_GCC_541\Debug\AS76_FFP5.a(SPIM.o)
                              .\CortexM3\ARM_GCC_541\Debug\AS76.o (SPIM_WriteTxData)
.\CortexM3\ARM_GCC_541\Debug\AS76_FFP5.a(SPIM_INT.o)
                              .\CortexM3\ARM_GCC_541\Debug\AS76_FFP5.a(SPIM.o) (SPIM_TX_ISR)
.\CortexM3\ARM_GCC_541\Debug\AS76_FFP5.a(CyLib.o)
                              .\CortexM3\ARM_GCC_541\Debug\Cm3Start.o (CyHalt)
.\CortexM3\ARM_GCC_541\Debug\AS76_FFP5.a(cyPm.o)
                              .\CortexM3\ARM_GCC_541\Debug\AS76_FFP5.a(CyLib.o) (CyPmReadStatus)
.\CortexM3\ARM_GCC_541\Debug\AS76_FFP5.a(USB.o)
                              .\CortexM3\ARM_GCC_541\Debug\AS76.o (USB_Start)
.\CortexM3\ARM_GCC_541\Debug\AS76_FFP5.a(USB_cdc.o)
                              .\CortexM3\ARM_GCC_541\Debug\AS76.o (USB_CDC_Init)
.\CortexM3\ARM_GCC_541\Debug\AS76_FFP5.a(USB_drv.o)
                              .\CortexM3\ARM_GCC_541\Debug\AS76_FFP5.a(USB.o) (USB_lastPacketSize)
.\CortexM3\ARM_GCC_541\Debug\AS76_FFP5.a(USB_episr.o)
                              .\CortexM3\ARM_GCC_541\Debug\AS76_FFP5.a(USB.o) (USB_EP_1_ISR)
.\CortexM3\ARM_GCC_541\Debug\AS76_FFP5.a(USB_hid.o)
                              .\CortexM3\ARM_GCC_541\Debug\AS76_FFP5.a(USB.o) (USB_hidProtocol)
.\CortexM3\ARM_GCC_541\Debug\AS76_FFP5.a(USB_pm.o)
                              .\CortexM3\ARM_GCC_541\Debug\AS76_FFP5.a(USB.o) (USB_DP_ISR)
.\CortexM3\ARM_GCC_541\Debug\AS76_FFP5.a(USB_std.o)
                              .\CortexM3\ARM_GCC_541\Debug\AS76_FFP5.a(USB_pm.o) (USB_ConfigReg)
.\CortexM3\ARM_GCC_541\Debug\AS76_FFP5.a(USB_vnd.o)
                              .\CortexM3\ARM_GCC_541\Debug\AS76_FFP5.a(USB_drv.o) (USB_HandleVendorRqst)
.\CortexM3\ARM_GCC_541\Debug\AS76_FFP5.a(USB_Dp.o)
                              .\CortexM3\ARM_GCC_541\Debug\AS76_FFP5.a(USB.o) (USB_Dp_ClearInterrupt)
.\CortexM3\ARM_GCC_541\Debug\AS76_FFP5.a(PWM_CondenserLED.o)
                              .\CortexM3\ARM_GCC_541\Debug\AS76.o (PWM_CondenserLED_WriteCompare)
.\CortexM3\ARM_GCC_541\Debug\AS76_FFP5.a(SPIM_IntClock.o)
                              .\CortexM3\ARM_GCC_541\Debug\AS76_FFP5.a(SPIM.o) (SPIM_IntClock_Start)
.\CortexM3\ARM_GCC_541\Debug\AS76_FFP5.a(QuadDec_X.o)
                              .\CortexM3\ARM_GCC_541\Debug\AS76.o (QuadDec_X_GetCounter)
.\CortexM3\ARM_GCC_541\Debug\AS76_FFP5.a(QuadDec_X_INT.o)
                              .\CortexM3\ARM_GCC_541\Debug\AS76_FFP5.a(QuadDec_X.o) (QuadDec_X_ISR)
.\CortexM3\ARM_GCC_541\Debug\AS76_FFP5.a(QuadDec_X_Cnt16.o)
                              .\CortexM3\ARM_GCC_541\Debug\AS76_FFP5.a(QuadDec_X.o) (QuadDec_X_Cnt16_Stop)
.\CortexM3\ARM_GCC_541\Debug\AS76_FFP5.a(UART_PCB_LOG.o)
                              .\CortexM3\ARM_GCC_541\Debug\main.o (UART_PCB_LOG_Start)
.\CortexM3\ARM_GCC_541\Debug\AS76_FFP5.a(UART_PCB_LOG_INT.o)
                              .\CortexM3\ARM_GCC_541\Debug\AS76_FFP5.a(UART_PCB_LOG.o) (UART_PCB_LOG_RXISR)
.\CortexM3\ARM_GCC_541\Debug\AS76_FFP5.a(UART_PCB_LOG_IntClock.o)
                              .\CortexM3\ARM_GCC_541\Debug\AS76_FFP5.a(UART_PCB_LOG.o) (UART_PCB_LOG_IntClock_Start)
.\CortexM3\ARM_GCC_541\Debug\AS76_FFP5.a(Pin_Backlight.o)
                              .\CortexM3\ARM_GCC_541\Debug\AS76.o (Pin_Backlight_Write)
.\CortexM3\ARM_GCC_541\Debug\AS76_FFP5.a(LED2.o)
                              .\CortexM3\ARM_GCC_541\Debug\main.o (LED2_Write)
.\CortexM3\ARM_GCC_541\Debug\AS76_FFP5.a(Pin_CSMotorO.o)
                              .\CortexM3\ARM_GCC_541\Debug\AS76.o (Pin_CSMotorO_Write)
.\CortexM3\ARM_GCC_541\Debug\AS76_FFP5.a(Pin_CSMotorT.o)
                              .\CortexM3\ARM_GCC_541\Debug\AS76.o (Pin_CSMotorT_Write)
.\CortexM3\ARM_GCC_541\Debug\AS76_FFP5.a(QuadDec_TZ.o)
                              .\CortexM3\ARM_GCC_541\Debug\AS76.o (QuadDec_TZ_GetCounter)
.\CortexM3\ARM_GCC_541\Debug\AS76_FFP5.a(QuadDec_TZ_INT.o)
                              .\CortexM3\ARM_GCC_541\Debug\AS76_FFP5.a(QuadDec_TZ.o) (QuadDec_TZ_ISR)
.\CortexM3\ARM_GCC_541\Debug\AS76_FFP5.a(PWM_Buzzer.o)
                              .\CortexM3\ARM_GCC_541\Debug\AS76.o (PWM_Buzzer_WriteCompare)
.\CortexM3\ARM_GCC_541\Debug\AS76_FFP5.a(QuadDec_Y.o)
                              .\CortexM3\ARM_GCC_541\Debug\AS76.o (QuadDec_Y_GetCounter)
.\CortexM3\ARM_GCC_541\Debug\AS76_FFP5.a(QuadDec_Y_INT.o)
                              .\CortexM3\ARM_GCC_541\Debug\AS76_FFP5.a(QuadDec_Y.o) (QuadDec_Y_ISR)
[...]
Memory Configuration

Name             Origin             Length             Attributes
rom              0x00000000         0x00040000         xr
ram              0x1fff8000         0x00010000         xrw
*default*        0x00000000         0xffffffff

Linker script and memory map

LOAD c:/program files (x86)/cypress/psoc creator/4.4/psoc creator/import/gnu/arm/5.4.1/bin/../lib/gcc/arm-none-eabi/5.4.1/armv7-m/crti.o
LOAD c:/program files (x86)/cypress/psoc creator/4.4/psoc creator/import/gnu/arm/5.4.1/bin/../lib/gcc/arm-none-eabi/5.4.1/armv7-m/crtbegin.o
LOAD c:/program files (x86)/cypress/psoc creator/4.4/psoc creator/import/gnu/arm/5.4.1/bin/../lib/gcc/arm-none-eabi/5.4.1/../../../../arm-none-eabi/lib/armv7-m/crt0.o
START GROUP
LOAD .\CortexM3\ARM_GCC_541\Debug\main.o
LOAD .\CortexM3\ARM_GCC_541\Debug\AS76.o
LOAD .\CortexM3\ARM_GCC_541\Debug\APA102.o
LOAD .\CortexM3\ARM_GCC_541\Debug\cyfitter_cfg.o
LOAD .\CortexM3\ARM_GCC_541\Debug\cymetadata.o
LOAD .\CortexM3\ARM_GCC_541\Debug\Cm3Start.o
LOAD .\CortexM3\ARM_GCC_541\Debug\AS76_FFP5.a
LOAD C:\Program Files (x86)\Cypress\PSoC Creator\4.4\PSoC Creator\psoc\content\cycomponentlibrary\CyComponentLibrary.cylib\CortexM3\ARM_GCC_541\Debug\CyComponentLibrary.a
LOAD c:/program files (x86)/cypress/psoc creator/4.4/psoc creator/import/gnu/arm/5.4.1/bin/../lib/gcc/arm-none-eabi/5.4.1/../../../../arm-none-eabi/lib/armv7-m\libm.a
END GROUP
START GROUP
LOAD c:/program files (x86)/cypress/psoc creator/4.4/psoc creator/import/gnu/arm/5.4.1/bin/../lib/gcc/arm-none-eabi/5.4.1/armv7-m\libgcc.a
LOAD c:/program files (x86)/cypress/psoc creator/4.4/psoc creator/import/gnu/arm/5.4.1/bin/../lib/gcc/arm-none-eabi/5.4.1/../../../../arm-none-eabi/lib/armv7-m\libg_nano.a
LOAD c:/program files (x86)/cypress/psoc creator/4.4/psoc creator/import/gnu/arm/5.4.1/bin/../lib/gcc/arm-none-eabi/5.4.1/../../../../arm-none-eabi/lib/armv7-m\libc_nano.a
END GROUP
START GROUP
LOAD c:/program files (x86)/cypress/psoc creator/4.4/psoc creator/import/gnu/arm/5.4.1/bin/../lib/gcc/arm-none-eabi/5.4.1/armv7-m\libgcc.a
LOAD c:/program files (x86)/cypress/psoc creator/4.4/psoc creator/import/gnu/arm/5.4.1/bin/../lib/gcc/arm-none-eabi/5.4.1/../../../../arm-none-eabi/lib/armv7-m\libc_nano.a
END GROUP
LOAD c:/program files (x86)/cypress/psoc creator/4.4/psoc creator/import/gnu/arm/5.4.1/bin/../lib/gcc/arm-none-eabi/5.4.1/armv7-m/crtend.o
LOAD c:/program files (x86)/cypress/psoc creator/4.4/psoc creator/import/gnu/arm/5.4.1/bin/../lib/gcc/arm-none-eabi/5.4.1/armv7-m/crtn.o
START GROUP
LOAD c:/program files (x86)/cypress/psoc creator/4.4/psoc creator/import/gnu/arm/5.4.1/bin/../lib/gcc/arm-none-eabi/5.4.1/armv7-m\libgcc.a
LOAD c:/program files (x86)/cypress/psoc creator/4.4/psoc creator/import/gnu/arm/5.4.1/bin/../lib/gcc/arm-none-eabi/5.4.1/../../../../arm-none-eabi/lib/armv7-m\libc.a
LOAD c:/program files (x86)/cypress/psoc creator/4.4/psoc creator/import/gnu/arm/5.4.1/bin/../lib/gcc/arm-none-eabi/5.4.1/../../../../arm-none-eabi/lib/armv7-m\libnosys.a
END GROUP
                0x00000000                CY_APPL_ORIGIN = 0x0
                0x00000100                CY_FLASH_ROW_SIZE = 0x100
                0x00000020                CY_ECC_ROW_SIZE = 0x20
                0x00000000                CY_EE_IN_BTLDR = 0x0
                0x00000000                CY_APPL_LOADABLE = 0x0
                0x00000800                CY_EE_SIZE = 0x800
                0x00000001                CY_APPL_NUM = 0x1
                0x00000001                CY_APPL_MAX = 0x1
                0x00000040                CY_METADATA_SIZE = 0x40
                0x00000000                CY_APPL_LOADABLE = 0x0
                0x00000000                CY_CHECKSUM_EXCLUDE_SIZE = ALIGN (0x0, CY_FLASH_ROW_SIZE)
                [!provide]                PROVIDE (__cy_heap_start, _end)
                0x00000001                PROVIDE (__cy_region_num, ((__cy_regions_end - __cy_regions) / 0x10))
                0x20008000                PROVIDE (__cy_stack, (ORIGIN (ram) + LENGTH (ram)))
                [!provide]                PROVIDE (__cy_heap_end, (__cy_stack - 0x800))

.cybootloader   0x00000000        0x0
 *(.cybootloader)
                0x00000000                appl1_start = CY_APPL_ORIGIN?CY_APPL_ORIGIN:ALIGN (CY_FLASH_ROW_SIZE)
                0x0001ff00                appl2_start = (appl1_start + ALIGN ((((LENGTH (rom) - appl1_start) - (0x2 * CY_FLASH_ROW_SIZE)) / 0x2), CY_FLASH_ROW_SIZE))
                0x00000000                appl_start = (CY_APPL_NUM == 0x1)?appl1_start:appl2_start
                0x00000000                ecc_offset = ((appl_start / CY_FLASH_ROW_SIZE) * CY_ECC_ROW_SIZE)
                0x00000000                ee_offset = (CY_APPL_LOADABLE && ! (CY_EE_IN_BTLDR))?((CY_EE_SIZE / CY_APPL_MAX) * (CY_APPL_NUM - 0x1)):0x0
                0x00000800                ee_size = (CY_APPL_LOADABLE && ! (CY_EE_IN_BTLDR))?(CY_EE_SIZE / CY_APPL_MAX):CY_EE_SIZE
                [!provide]                PROVIDE (CY_ECC_OFFSET, ecc_offset)

.text           0x00000000     0x734c
 CREATE_OBJECT_SYMBOLS
                0x00000000                PROVIDE (__cy_interrupt_vector, RomVectors)
 *(.romvectors)
 .romvectors    0x00000000       0x10 .\CortexM3\ARM_GCC_541\Debug\Cm3Start.o
                0x00000000                RomVectors
                0x00000001                ASSERT ((. != __cy_interrupt_vector), No interrupt vector)
                0x00000001                ASSERT (CY_APPL_ORIGIN?(SIZEOF (.cybootloader) <= CY_APPL_ORIGIN):0x1, Wrong image location)
                0x00000010                PROVIDE (__cy_reset, Reset)
 *(.text.Reset)
 .text.Reset    0x00000010       0x18 .\CortexM3\ARM_GCC_541\Debug\Cm3Start.o
                0x00000010                Reset
                0x00000001                ASSERT ((. != __cy_reset), No reset code)
 *(.dma_init)
                0x00000001                ASSERT ((((appl_start + .) <= 0x10000) || 0x1), DMA Init must be within the first 64k of flash)
 *(.text .text.* .gnu.linkonce.t.*)
 .text          0x00000028       0x5c c:/program files (x86)/cypress/psoc creator/4.4/psoc creator/import/gnu/arm/5.4.1/bin/../lib/gcc/arm-none-eabi/5.4.1/armv7-m/crtbegin.o
 .text.main     0x00000084       0xfc .\CortexM3\ARM_GCC_541\Debug\main.o
                0x00000084                main
 .text.wait_interrupt_Handler
                0x00000180       0x24 .\CortexM3\ARM_GCC_541\Debug\AS76.o
                0x00000180                wait_interrupt_Handler
 .text.wait_interrupt_Handler1
                0x000001a4       0x10 .\CortexM3\ARM_GCC_541\Debug\AS76.o
                0x000001a4                wait_interrupt_Handler1
 .text.Initialize_PWM
                0x000001b4       0x50 .\CortexM3\ARM_GCC_541\Debug\AS76.o
                0x000001b4                Initialize_PWM
 .text.Enable_Encoder_T
                0x00000204       0x18 .\CortexM3\ARM_GCC_541\Debug\AS76.o
                0x00000204                Enable_Encoder_T
 .text.Enable_Encoder_Z
                0x0000021c       0x18 .\CortexM3\ARM_GCC_541\Debug\AS76.o
                0x0000021c                Enable_Encoder_Z
 .text.Initialize_And_Start_All_Opt_Encoder
                0x00000234       0x2c .\CortexM3\ARM_GCC_541\Debug\AS76.o
                0x00000234                Initialize_And_Start_All_Opt_Encoder
 .text.Read_All_Optical_Encoder
                0x00000260       0x44 .\CortexM3\ARM_GCC_541\Debug\AS76.o
                0x00000260                Read_All_Optical_Encoder
 .text.Write_Debug_UART_Char
                0x000002a4       0x3c .\CortexM3\ARM_GCC_541\Debug\AS76.o
                0x000002a4                Write_Debug_UART_Char
 .text.Beep_Twice
                0x000002e0       0x40 .\CortexM3\ARM_GCC_541\Debug\AS76.o
                0x000002e0                Beep_Twice
 .text.Send_Feedback_to_USB
                0x00000320      0x300 .\CortexM3\ARM_GCC_541\Debug\AS76.o
                0x00000320                Send_Feedback_to_USB
 .text.Initialize_USB
                0x00000620       0x38 .\CortexM3\ARM_GCC_541\Debug\AS76.o
                0x00000620                Initialize_USB
 .text.Write_Debug_UART_Int
                0x00000658       0x34 .\CortexM3\ARM_GCC_541\Debug\AS76.o
                0x00000658                Write_Debug_UART_Int
 *fill*         0x0000068c        0x4 
 .text.set_BarcodeCondenser_LED
                0x00000690       0x70 .\CortexM3\ARM_GCC_541\Debug\AS76.o
                0x00000690                set_BarcodeCondenser_LED
 .text.set_CondenserLED
                0x00000700       0x70 .\CortexM3\ARM_GCC_541\Debug\AS76.o
                0x00000700                set_CondenserLED
 .text.UART_print_all_values
                0x00000770       0x24 .\CortexM3\ARM_GCC_541\Debug\AS76.o
                0x00000770                UART_print_all_values
 .text.if_all_homing_done
                0x00000794       0x7c .\CortexM3\ARM_GCC_541\Debug\AS76.o
                0x00000794                if_all_homing_done
 .text.Is_USB_Unpluged
                0x00000810       0x40 .\CortexM3\ARM_GCC_541\Debug\AS76.o
                0x00000810                Is_USB_Unpluged
 .text.Data_To_Transfer
                0x00000850       0x10 .\CortexM3\ARM_GCC_541\Debug\AS76.o
                0x00000850                Data_To_Transfer
 .text.SPI_MOTOR_CHIP_SELECT
                0x00000860       0x98 .\CortexM3\ARM_GCC_541\Debug\AS76.o
                0x00000860                SPI_MOTOR_CHIP_SELECT
 .text.Read_32bitSPI_DATA
                0x000008f8       0xec .\CortexM3\ARM_GCC_541\Debug\AS76.o
                0x000008f8                Read_32bitSPI_DATA
 .text.Write_32bitSPI_DATA
                0x000009e4       0x40 .\CortexM3\ARM_GCC_541\Debug\AS76.o
                0x000009e4                Write_32bitSPI_DATA
 .text.GotoPos  0x00000a24       0x28 .\CortexM3\ARM_GCC_541\Debug\AS76.o
                0x00000a24                GotoPos
 .text.Initialize_Motor
                0x00000a4c      0x288 .\CortexM3\ARM_GCC_541\Debug\AS76.o
                0x00000a4c                Initialize_Motor
 .text.WaitTillPositionReached
                0x00000cd4       0x54 .\CortexM3\ARM_GCC_541\Debug\AS76.o
                0x00000cd4                WaitTillPositionReached
 .text.Step_correction_x
                0x00000d28      0x16c .\CortexM3\ARM_GCC_541\Debug\AS76.o
                0x00000d28                Step_correction_x
 .text.goTo_X   0x00000e94       0x7c .\CortexM3\ARM_GCC_541\Debug\AS76.o
                0x00000e94                goTo_X
 .text.Step_correction_y
                0x00000f10      0x168 .\CortexM3\ARM_GCC_541\Debug\AS76.o
                0x00000f10                Step_correction_y
 .text.goTo_Y   0x00001078       0x74 .\CortexM3\ARM_GCC_541\Debug\AS76.o
                0x00001078                goTo_Y
 *fill*         0x000010ec        0x4 
 .text.Step_correction_z
                0x000010f0      0x164 .\CortexM3\ARM_GCC_541\Debug\AS76.o
                0x000010f0                Step_correction_z
 .text.goTo_Z   0x00001254       0x84 .\CortexM3\ARM_GCC_541\Debug\AS76.o
                0x00001254                goTo_Z
 .text.Step_correction_t
                0x000012d8       0xf0 .\CortexM3\ARM_GCC_541\Debug\AS76.o
                0x000012d8                Step_correction_t
 .text.goTo_T   0x000013c8       0x90 .\CortexM3\ARM_GCC_541\Debug\AS76.o
                0x000013c8                goTo_T
 .text.goTo_XYZ
                0x00001458       0xcc .\CortexM3\ARM_GCC_541\Debug\AS76.o
                0x00001458                goTo_XYZ
 .text.update_max_velocity
                0x00001524       0x10 .\CortexM3\ARM_GCC_541\Debug\AS76.o
                0x00001524                update_max_velocity
 .text.homeX    0x00001534      0x1f4 .\CortexM3\ARM_GCC_541\Debug\AS76.o
                0x00001534                homeX
 .text.homeY    0x00001728      0x1f4 .\CortexM3\ARM_GCC_541\Debug\AS76.o
                0x00001728                homeY
 .text.homeZ    0x0000191c      0x1ec .\CortexM3\ARM_GCC_541\Debug\AS76.o
                0x0000191c                homeZ
 .text.homeT    0x00001b08      0x184 .\CortexM3\ARM_GCC_541\Debug\AS76.o
                0x00001b08                homeT
 .text.run_pump
                0x00001c8c       0x90 .\CortexM3\ARM_GCC_541\Debug\AS76.o
                0x00001c8c                run_pump
 .text.run_pumpvs
                0x00001d1c       0x80 .\CortexM3\ARM_GCC_541\Debug\AS76.o
                0x00001d1c                run_pumpvs
 *fill*         0x00001d9c        0x4 
 .text.Process_USB_Data
                0x00001da0      0xccc .\CortexM3\ARM_GCC_541\Debug\AS76.o
                0x00001da0                Process_USB_Data
 .text.LedFrame
                0x00002a6c       0x1c .\CortexM3\ARM_GCC_541\Debug\APA102.o
                0x00002a6c                LedFrame
 .text.RGB_Byte_TxOp
                0x00002a88       0x38 .\CortexM3\ARM_GCC_541\Debug\APA102.o
                0x00002a88                RGB_Byte_TxOp
 .text.BF2      0x00002ac0       0x54 .\CortexM3\ARM_GCC_541\Debug\APA102.o
                0x00002ac0                BF2
 .text.Ring     0x00002b14      0x324 .\CortexM3\ARM_GCC_541\Debug\APA102.o
                0x00002b14                Ring
 .text.CyClockStartupError
                0x00002e38        0x4 .\CortexM3\ARM_GCC_541\Debug\cyfitter_cfg.o
 .text.cfg_write_bytes32
                0x00002e3c       0x34 .\CortexM3\ARM_GCC_541\Debug\cyfitter_cfg.o
 .text.AnalogSetDefault
                0x00002e70       0x28 .\CortexM3\ARM_GCC_541\Debug\cyfitter_cfg.o
 .text.CYMEMZERO
                0x00002e98        0xc .\CortexM3\ARM_GCC_541\Debug\cyfitter_cfg.o
 .text.CYCONFIGCPYCODE
                0x00002ea4        0x8 .\CortexM3\ARM_GCC_541\Debug\cyfitter_cfg.o
 .text.CYCONFIGCPY
                0x00002eac        0x8 .\CortexM3\ARM_GCC_541\Debug\cyfitter_cfg.o
 .text.ClockSetup
                0x00002eb4       0xe8 .\CortexM3\ARM_GCC_541\Debug\cyfitter_cfg.o
 .text.cyfitter_cfg
                0x00002f9c      0x170 .\CortexM3\ARM_GCC_541\Debug\cyfitter_cfg.o
                0x00002f9c                cyfitter_cfg
 .text.IntDefaultHandler
                0x0000310c       0x10 .\CortexM3\ARM_GCC_541\Debug\Cm3Start.o
                0x0000310c                IntDefaultHandler
 .text._sbrk    0x0000311c       0x30 .\CortexM3\ARM_GCC_541\Debug\Cm3Start.o
                0x0000311c                _sbrk
 .text.Start_c  0x0000314c       0x4c .\CortexM3\ARM_GCC_541\Debug\Cm3Start.o
                0x0000314c                Start_c
 .text.initialize_psoc
                0x00003198       0x68 .\CortexM3\ARM_GCC_541\Debug\Cm3Start.o
                0x00003198                initialize_psoc
 .text.Pin_CSMotorX_Write
                0x00003200       0x18 .\CortexM3\ARM_GCC_541\Debug\AS76_FFP5.a(Pin_CSMotorX.o)
                0x00003200                Pin_CSMotorX_Write
 .text.Pin_CSMotorY_Write
                0x00003218       0x18 .\CortexM3\ARM_GCC_541\Debug\AS76_FFP5.a(Pin_CSMotorY.o)
                0x00003218                Pin_CSMotorY_Write
 .text.Pin_CSMotorZ_Write
                0x00003230       0x18 .\CortexM3\ARM_GCC_541\Debug\AS76_FFP5.a(Pin_CSMotorZ.o)
                0x00003230                Pin_CSMotorZ_Write
 .text.SPIM_EnableTxInt
                0x00003248        0xc .\CortexM3\ARM_GCC_541\Debug\AS76_FFP5.a(SPIM.o)
                0x00003248                SPIM_EnableTxInt
 .text.SPIM_EnableRxInt
                0x00003254        0xc .\CortexM3\ARM_GCC_541\Debug\AS76_FFP5.a(SPIM.o)
                0x00003254                SPIM_EnableRxInt
 .text.SPIM_Enable
                0x00003260       0x3c .\CortexM3\ARM_GCC_541\Debug\AS76_FFP5.a(SPIM.o)
                0x00003260                SPIM_Enable
 .text.SPIM_DisableTxInt
                0x0000329c        0xc .\CortexM3\ARM_GCC_541\Debug\AS76_FFP5.a(SPIM.o)
                0x0000329c                SPIM_DisableTxInt
 .text.SPIM_DisableRxInt
                0x000032a8        0xc .\CortexM3\ARM_GCC_541\Debug\AS76_FFP5.a(SPIM.o)
                0x000032a8                SPIM_DisableRxInt
 .text.SPIM_ReadTxStatus
                0x000032b4       0x28 .\CortexM3\ARM_GCC_541\Debug\AS76_FFP5.a(SPIM.o)
                0x000032b4                SPIM_ReadTxStatus
 .text.SPIM_ReadRxStatus
                0x000032dc       0x28 .\CortexM3\ARM_GCC_541\Debug\AS76_FFP5.a(SPIM.o)
                0x000032dc                SPIM_ReadRxStatus
 .text.SPIM_WriteTxData
                0x00003304       0xd4 .\CortexM3\ARM_GCC_541\Debug\AS76_FFP5.a(SPIM.o)
                0x00003304                SPIM_WriteTxData
 .text.SPIM_ReadRxData
                0x000033d8       0x64 .\CortexM3\ARM_GCC_541\Debug\AS76_FFP5.a(SPIM.o)
                0x000033d8                SPIM_ReadRxData
 .text.SPIM_ClearFIFO
                0x0000343c       0x3c .\CortexM3\ARM_GCC_541\Debug\AS76_FFP5.a(SPIM.o)
                0x0000343c                SPIM_ClearFIFO
 .text.SPIM_Init
                0x00003478       0x90 .\CortexM3\ARM_GCC_541\Debug\AS76_FFP5.a(SPIM.o)
                0x00003478                SPIM_Init
 .text.SPIM_Start
                0x00003508       0x1c .\CortexM3\ARM_GCC_541\Debug\AS76_FFP5.a(SPIM.o)
                0x00003508                SPIM_Start
 .text.SPIM_TX_ISR
                0x00003524       0xa0 .\CortexM3\ARM_GCC_541\Debug\AS76_FFP5.a(SPIM_INT.o)
                0x00003524                SPIM_TX_ISR
 .text.SPIM_RX_ISR
                0x000035c4       0xa0 .\CortexM3\ARM_GCC_541\Debug\AS76_FFP5.a(SPIM_INT.o)
                0x000035c4                SPIM_RX_ISR
 .text.CyHalt   0x00003664        0x4 .\CortexM3\ARM_GCC_541\Debug\AS76_FFP5.a(CyLib.o)
                0x00003664                CyHalt
 .text.CySoftwareReset
                0x00003668       0x10 .\CortexM3\ARM_GCC_541\Debug\AS76_FFP5.a(CyLib.o)
                0x00003668                CySoftwareReset
 .text.CyDelay  0x00003678       0x2c .\CortexM3\ARM_GCC_541\Debug\AS76_FFP5.a(CyLib.o)
                0x00003678                CyDelay
 .text.CyDelayUs
                0x000036a4       0x14 .\CortexM3\ARM_GCC_541\Debug\AS76_FFP5.a(CyLib.o)
                0x000036a4                CyDelayUs
 .text.CyIntSetVector
                0x000036b8       0x28 .\CortexM3\ARM_GCC_541\Debug\AS76_FFP5.a(CyLib.o)
                0x000036b8                CyIntSetVector
 .text.CyIntSetPriority
                0x000036e0       0x30 .\CortexM3\ARM_GCC_541\Debug\AS76_FFP5.a(CyLib.o)
                0x000036e0                CyIntSetPriority
 .text.CyGetUniqueId
                0x00003710       0x70 .\CortexM3\ARM_GCC_541\Debug\AS76_FFP5.a(CyLib.o)
                0x00003710                CyGetUniqueId
 .text.USB_Init
                0x00003780      0x140 .\CortexM3\ARM_GCC_541\Debug\AS76_FFP5.a(USB.o)
                0x00003780                USB_Init
 .text.USB_InitComponent
                0x000038c0       0xd0 .\CortexM3\ARM_GCC_541\Debug\AS76_FFP5.a(USB.o)
                0x000038c0                USB_InitComponent
 .text.USB_Start
                0x00003990       0x24 .\CortexM3\ARM_GCC_541\Debug\AS76_FFP5.a(USB.o)
                0x00003990                USB_Start
 .text.USB_ReInitComponent
                0x000039b4       0x64 .\CortexM3\ARM_GCC_541\Debug\AS76_FFP5.a(USB.o)
                0x000039b4                USB_ReInitComponent
 .text.USB_GetConfiguration
                0x00003a18        0xc .\CortexM3\ARM_GCC_541\Debug\AS76_FFP5.a(USB.o)
                0x00003a18                USB_GetConfiguration
 .text.USB_IsConfigurationChanged
                0x00003a24       0x20 .\CortexM3\ARM_GCC_541\Debug\AS76_FFP5.a(USB.o)
                0x00003a24                USB_IsConfigurationChanged
 .text.USB_GetEPState
                0x00003a44       0x14 .\CortexM3\ARM_GCC_541\Debug\AS76_FFP5.a(USB.o)
                0x00003a44                USB_GetEPState
 .text.USB_GetEPCount
                0x00003a58       0x28 .\CortexM3\ARM_GCC_541\Debug\AS76_FFP5.a(USB.o)
                0x00003a58                USB_GetEPCount
 .text.USB_LoadInEP
                0x00003a80       0x94 .\CortexM3\ARM_GCC_541\Debug\AS76_FFP5.a(USB.o)
                0x00003a80                USB_LoadInEP
 .text.USB_EnableOutEP
                0x00003b14       0x2c .\CortexM3\ARM_GCC_541\Debug\AS76_FFP5.a(USB.o)
                0x00003b14                USB_EnableOutEP
 .text.USB_ReadOutEP
                0x00003b40       0x50 .\CortexM3\ARM_GCC_541\Debug\AS76_FFP5.a(USB.o)
                0x00003b40                USB_ReadOutEP
 .text.USB_EnableSofInt
                0x00003b90       0x10 .\CortexM3\ARM_GCC_541\Debug\AS76_FFP5.a(USB.o)
                0x00003b90                USB_EnableSofInt
 .text.USB_GetInterfaceComPort
                0x00003ba0       0x38 .\CortexM3\ARM_GCC_541\Debug\AS76_FFP5.a(USB_cdc.o)
                0x00003ba0                USB_GetInterfaceComPort
 .text.USB_DispatchCDCClassRqst
                0x00003bd8       0x98 .\CortexM3\ARM_GCC_541\Debug\AS76_FFP5.a(USB_cdc.o)
                0x00003bd8                USB_DispatchCDCClassRqst
 .text.USB_CDC_Init
                0x00003c70       0x98 .\CortexM3\ARM_GCC_541\Debug\AS76_FFP5.a(USB_cdc.o)
                0x00003c70                USB_CDC_Init
 .text.USB_PutData
                0x00003d08       0x50 .\CortexM3\ARM_GCC_541\Debug\AS76_FFP5.a(USB_cdc.o)
                0x00003d08                USB_PutData
 .text.USB_DataIsReady
                0x00003d58       0x18 .\CortexM3\ARM_GCC_541\Debug\AS76_FFP5.a(USB_cdc.o)
                0x00003d58                USB_DataIsReady
 .text.USB_GetAll
                0x00003d70       0x30 .\CortexM3\ARM_GCC_541\Debug\AS76_FFP5.a(USB_cdc.o)
                0x00003d70                USB_GetAll
 .text.USB_Cdc_EpInit
                0x00003da0       0x50 .\CortexM3\ARM_GCC_541\Debug\AS76_FFP5.a(USB_cdc.o)
                0x00003da0                USB_Cdc_EpInit
 .text.USB_LoadEP0
                0x00003df0       0x98 .\CortexM3\ARM_GCC_541\Debug\AS76_FFP5.a(USB_drv.o)
                0x00003df0                USB_LoadEP0
 .text.USB_InitZeroLengthControlTransfer
                0x00003e88       0x34 .\CortexM3\ARM_GCC_541\Debug\AS76_FFP5.a(USB_drv.o)
                0x00003e88                USB_InitZeroLengthControlTransfer
 .text.USB_ControlReadDataStage
                0x00003ebc        0x8 .\CortexM3\ARM_GCC_541\Debug\AS76_FFP5.a(USB_drv.o)
                0x00003ebc                USB_ControlReadDataStage
 .text.USB_ControlWriteDataStage
                0x00003ec4       0x84 .\CortexM3\ARM_GCC_541\Debug\AS76_FFP5.a(USB_drv.o)
                0x00003ec4                USB_ControlWriteDataStage
 .text.USB_InitNoDataControlTransfer
                0x00003f48       0x2c .\CortexM3\ARM_GCC_541\Debug\AS76_FFP5.a(USB_drv.o)
                0x00003f48                USB_InitNoDataControlTransfer
 .text.USB_UpdateStatusBlock
                0x00003f74       0x24 .\CortexM3\ARM_GCC_541\Debug\AS76_FFP5.a(USB_drv.o)
                0x00003f74                USB_UpdateStatusBlock
 .text.USB_HandleSetup
                0x00003f98       0x5c .\CortexM3\ARM_GCC_541\Debug\AS76_FFP5.a(USB_drv.o)
                0x00003f98                USB_HandleSetup
 .text.USB_ControlReadStatusStage
                0x00003ff4       0x38 .\CortexM3\ARM_GCC_541\Debug\AS76_FFP5.a(USB_drv.o)
                0x00003ff4                USB_ControlReadStatusStage
 .text.USB_HandleOUT
                0x0000402c       0x38 .\CortexM3\ARM_GCC_541\Debug\AS76_FFP5.a(USB_drv.o)
                0x0000402c                USB_HandleOUT
 .text.USB_ControlWriteStatusStage
                0x00004064       0x20 .\CortexM3\ARM_GCC_541\Debug\AS76_FFP5.a(USB_drv.o)
                0x00004064                USB_ControlWriteStatusStage
 .text.USB_NoDataControlStatusStage
                0x00004084       0x40 .\CortexM3\ARM_GCC_541\Debug\AS76_FFP5.a(USB_drv.o)
                0x00004084                USB_NoDataControlStatusStage
 .text.USB_HandleIN
                0x000040c4       0x2c .\CortexM3\ARM_GCC_541\Debug\AS76_FFP5.a(USB_drv.o)
                0x000040c4                USB_HandleIN
 .text.USB_EP_0_ISR
                0x000040f0       0xb8 .\CortexM3\ARM_GCC_541\Debug\AS76_FFP5.a(USB_drv.o)
                0x000040f0                USB_EP_0_ISR
 .text.USB_InitializeStatusBlock
                0x000041a8       0x24 .\CortexM3\ARM_GCC_541\Debug\AS76_FFP5.a(USB_drv.o)
                0x000041a8                USB_InitializeStatusBlock
 .text.USB_InitControlRead
                0x000041cc       0x50 .\CortexM3\ARM_GCC_541\Debug\AS76_FFP5.a(USB_drv.o)
                0x000041cc                USB_InitControlRead
 .text.USB_InitControlWrite
                0x0000421c       0x48 .\CortexM3\ARM_GCC_541\Debug\AS76_FFP5.a(USB_drv.o)
                0x0000421c                USB_InitControlWrite
 .text.USB_EP_1_ISR
                0x00004264       0x30 .\CortexM3\ARM_GCC_541\Debug\AS76_FFP5.a(USB_episr.o)
                0x00004264                USB_EP_1_ISR
 .text.USB_EP_2_ISR
                0x00004294       0x34 .\CortexM3\ARM_GCC_541\Debug\AS76_FFP5.a(USB_episr.o)
                0x00004294                USB_EP_2_ISR
 .text.USB_EP_3_ISR
                0x000042c8       0x3c .\CortexM3\ARM_GCC_541\Debug\AS76_FFP5.a(USB_episr.o)
                0x000042c8                USB_EP_3_ISR
 .text.USB_SOF_ISR
                0x00004304        0x4 .\CortexM3\ARM_GCC_541\Debug\AS76_FFP5.a(USB_episr.o)
                0x00004304                USB_SOF_ISR
 .text.USB_BUS_RESET_ISR
                0x00004308        0x8 .\CortexM3\ARM_GCC_541\Debug\AS76_FFP5.a(USB_episr.o)
                0x00004308                USB_BUS_RESET_ISR
 .text.USB_FindHidClassDecriptor
                0x00004310       0x44 .\CortexM3\ARM_GCC_541\Debug\AS76_FFP5.a(USB_hid.o)
                0x00004310                USB_FindHidClassDecriptor
 .text.USB_FindReportDescriptor
                0x00004354       0x4c .\CortexM3\ARM_GCC_541\Debug\AS76_FFP5.a(USB_hid.o)
                0x00004354                USB_FindReportDescriptor
 .text.USB_FindReport
                0x000043a0       0x80 .\CortexM3\ARM_GCC_541\Debug\AS76_FFP5.a(USB_hid.o)
                0x000043a0                USB_FindReport
 .text.USB_DispatchHIDClassRqst
                0x00004420      0x184 .\CortexM3\ARM_GCC_541\Debug\AS76_FFP5.a(USB_hid.o)
                0x00004420                USB_DispatchHIDClassRqst
 .text.USB_DP_ISR
                0x000045a4        0x8 .\CortexM3\ARM_GCC_541\Debug\AS76_FFP5.a(USB_pm.o)
                0x000045a4                USB_DP_ISR
 .text.USB_ReadDieID
                0x000045ac       0x6c .\CortexM3\ARM_GCC_541\Debug\AS76_FFP5.a(USB_std.o)
                0x000045ac                USB_ReadDieID
 .text.USB_ConfigReg
                0x00004618       0xa4 .\CortexM3\ARM_GCC_541\Debug\AS76_FFP5.a(USB_std.o)
                0x00004618                USB_ConfigReg
 .text.USB_GetConfigTablePtr
                0x000046bc       0x28 .\CortexM3\ARM_GCC_541\Debug\AS76_FFP5.a(USB_std.o)
                0x000046bc                USB_GetConfigTablePtr
 .text.USB_ConfigAltChanged
                0x000046e4      0x11c .\CortexM3\ARM_GCC_541\Debug\AS76_FFP5.a(USB_std.o)
                0x000046e4                USB_ConfigAltChanged
 .text.USB_GetDeviceTablePtr
                0x00004800       0x18 .\CortexM3\ARM_GCC_541\Debug\AS76_FFP5.a(USB_std.o)
                0x00004800                USB_GetDeviceTablePtr
 .text.USB_GetInterfaceClassTablePtr
                0x00004818       0x28 .\CortexM3\ARM_GCC_541\Debug\AS76_FFP5.a(USB_std.o)
                0x00004818                USB_GetInterfaceClassTablePtr
 .text.USB_Config
                0x00004840      0x1ec .\CortexM3\ARM_GCC_541\Debug\AS76_FFP5.a(USB_std.o)
                0x00004840                USB_Config
 .text.USB_SetEndpointHalt
                0x00004a2c       0x64 .\CortexM3\ARM_GCC_541\Debug\AS76_FFP5.a(USB_std.o)
                0x00004a2c                USB_SetEndpointHalt
 .text.USB_ClearEndpointHalt
                0x00004a90       0xac .\CortexM3\ARM_GCC_541\Debug\AS76_FFP5.a(USB_std.o)
                0x00004a90                USB_ClearEndpointHalt
 .text.USB_ValidateAlternateSetting
                0x00004b3c       0x4c .\CortexM3\ARM_GCC_541\Debug\AS76_FFP5.a(USB_std.o)
                0x00004b3c                USB_ValidateAlternateSetting
 .text.USB_HandleStandardRqst
                0x00004b88      0x35c .\CortexM3\ARM_GCC_541\Debug\AS76_FFP5.a(USB_std.o)
                0x00004b88                USB_HandleStandardRqst
 .text.USB_HandleVendorRqst
                0x00004ee4       0x3c .\CortexM3\ARM_GCC_541\Debug\AS76_FFP5.a(USB_vnd.o)
                0x00004ee4                USB_HandleVendorRqst
 .text.USB_Dp_ClearInterrupt
                0x00004f20       0x10 .\CortexM3\ARM_GCC_541\Debug\AS76_FFP5.a(USB_Dp.o)
                0x00004f20                USB_Dp_ClearInterrupt
 .text.PWM_CondenserLED_Enable
                0x00004f30       0x28 .\CortexM3\ARM_GCC_541\Debug\AS76_FFP5.a(PWM_CondenserLED.o)
                0x00004f30                PWM_CondenserLED_Enable
 .text.PWM_CondenserLED_WritePeriod
                0x00004f58        0xc .\CortexM3\ARM_GCC_541\Debug\AS76_FFP5.a(PWM_CondenserLED.o)
                0x00004f58                PWM_CondenserLED_WritePeriod
 .text.PWM_CondenserLED_WriteCompare
                0x00004f64        0xc .\CortexM3\ARM_GCC_541\Debug\AS76_FFP5.a(PWM_CondenserLED.o)
                0x00004f64                PWM_CondenserLED_WriteCompare
 .text.PWM_CondenserLED_SetInterruptMode
                0x00004f70        0xc .\CortexM3\ARM_GCC_541\Debug\AS76_FFP5.a(PWM_CondenserLED.o)
                0x00004f70                PWM_CondenserLED_SetInterruptMode
 .text.PWM_CondenserLED_Init
                0x00004f7c       0x74 .\CortexM3\ARM_GCC_541\Debug\AS76_FFP5.a(PWM_CondenserLED.o)
                0x00004f7c                PWM_CondenserLED_Init
 .text.PWM_CondenserLED_Start
                0x00004ff0       0x1c .\CortexM3\ARM_GCC_541\Debug\AS76_FFP5.a(PWM_CondenserLED.o)
                0x00004ff0                PWM_CondenserLED_Start
 .text.SPIM_IntClock_Start
                0x0000500c       0x1c .\CortexM3\ARM_GCC_541\Debug\AS76_FFP5.a(SPIM_IntClock.o)
                0x0000500c                SPIM_IntClock_Start
 .text.QuadDec_X_Init
                0x00005028       0x24 .\CortexM3\ARM_GCC_541\Debug\AS76_FFP5.a(QuadDec_X.o)
                0x00005028                QuadDec_X_Init
 .text.QuadDec_X_GetCounter
                0x0000504c       0x2c .\CortexM3\ARM_GCC_541\Debug\AS76_FFP5.a(QuadDec_X.o)
                0x0000504c                QuadDec_X_GetCounter
 .text.QuadDec_X_SetCounter
                0x00005078       0x28 .\CortexM3\ARM_GCC_541\Debug\AS76_FFP5.a(QuadDec_X.o)
                0x00005078                QuadDec_X_SetCounter
 .text.QuadDec_X_GetEvents
                0x000050a0       0x10 .\CortexM3\ARM_GCC_541\Debug\AS76_FFP5.a(QuadDec_X.o)
                0x000050a0                QuadDec_X_GetEvents
 .text.QuadDec_X_SetInterruptMask
                0x000050b0       0x10 .\CortexM3\ARM_GCC_541\Debug\AS76_FFP5.a(QuadDec_X.o)
                0x000050b0                QuadDec_X_SetInterruptMask
 .text.QuadDec_X_Enable
                0x000050c0       0x30 .\CortexM3\ARM_GCC_541\Debug\AS76_FFP5.a(QuadDec_X.o)
                0x000050c0                QuadDec_X_Enable
 .text.QuadDec_X_Start
                0x000050f0       0x34 .\CortexM3\ARM_GCC_541\Debug\AS76_FFP5.a(QuadDec_X.o)
                0x000050f0                QuadDec_X_Start
 .text.QuadDec_X_ISR
                0x00005124       0x40 .\CortexM3\ARM_GCC_541\Debug\AS76_FFP5.a(QuadDec_X_INT.o)
                0x00005124                QuadDec_X_ISR
 .text.QuadDec_X_Cnt16_Enable
                0x00005164       0x10 .\CortexM3\ARM_GCC_541\Debug\AS76_FFP5.a(QuadDec_X_Cnt16.o)
                0x00005164                QuadDec_X_Cnt16_Enable
 .text.QuadDec_X_Cnt16_SetInterruptMode
                0x00005174        0xc .\CortexM3\ARM_GCC_541\Debug\AS76_FFP5.a(QuadDec_X_Cnt16.o)
                0x00005174                QuadDec_X_Cnt16_SetInterruptMode
 .text.QuadDec_X_Cnt16_ReadStatusRegister
                0x00005180        0xc .\CortexM3\ARM_GCC_541\Debug\AS76_FFP5.a(QuadDec_X_Cnt16.o)
                0x00005180                QuadDec_X_Cnt16_ReadStatusRegister
 .text.QuadDec_X_Cnt16_WriteCounter
                0x0000518c        0xc .\CortexM3\ARM_GCC_541\Debug\AS76_FFP5.a(QuadDec_X_Cnt16.o)
                0x0000518c                QuadDec_X_Cnt16_WriteCounter
 .text.QuadDec_X_Cnt16_ReadCounter
                0x00005198       0x14 .\CortexM3\ARM_GCC_541\Debug\AS76_FFP5.a(QuadDec_X_Cnt16.o)
                0x00005198                QuadDec_X_Cnt16_ReadCounter
 .text.QuadDec_X_Cnt16_ReadCapture
                0x000051ac        0xc .\CortexM3\ARM_GCC_541\Debug\AS76_FFP5.a(QuadDec_X_Cnt16.o)
                0x000051ac                QuadDec_X_Cnt16_ReadCapture
 .text.QuadDec_X_Cnt16_WritePeriod
                0x000051b8        0xc .\CortexM3\ARM_GCC_541\Debug\AS76_FFP5.a(QuadDec_X_Cnt16.o)
                0x000051b8                QuadDec_X_Cnt16_WritePeriod
 .text.QuadDec_X_Cnt16_WriteCompare
                0x000051c4        0xc .\CortexM3\ARM_GCC_541\Debug\AS76_FFP5.a(QuadDec_X_Cnt16.o)
                0x000051c4                QuadDec_X_Cnt16_WriteCompare
 .text.QuadDec_X_Cnt16_ClearFIFO
                0x000051d0       0x14 .\CortexM3\ARM_GCC_541\Debug\AS76_FFP5.a(QuadDec_X_Cnt16.o)
                0x000051d0                QuadDec_X_Cnt16_ClearFIFO
 .text.QuadDec_X_Cnt16_Init
                0x000051e4       0x58 .\CortexM3\ARM_GCC_541\Debug\AS76_FFP5.a(QuadDec_X_Cnt16.o)
                0x000051e4                QuadDec_X_Cnt16_Init
 .text.QuadDec_X_Cnt16_Start
                0x0000523c       0x1c .\CortexM3\ARM_GCC_541\Debug\AS76_FFP5.a(QuadDec_X_Cnt16.o)
                0x0000523c                QuadDec_X_Cnt16_Start
 .text.UART_PCB_LOG_Init
                0x00005258       0x44 .\CortexM3\ARM_GCC_541\Debug\AS76_FFP5.a(UART_PCB_LOG.o)
                0x00005258                UART_PCB_LOG_Init
 .text.UART_PCB_LOG_Enable
                0x0000529c       0x44 .\CortexM3\ARM_GCC_541\Debug\AS76_FFP5.a(UART_PCB_LOG.o)
                0x0000529c                UART_PCB_LOG_Enable
 .text.UART_PCB_LOG_Start
                0x000052e0       0x1c .\CortexM3\ARM_GCC_541\Debug\AS76_FFP5.a(UART_PCB_LOG.o)
                0x000052e0                UART_PCB_LOG_Start
 .text.UART_PCB_LOG_PutChar
                0x000052fc       0x18 .\CortexM3\ARM_GCC_541\Debug\AS76_FFP5.a(UART_PCB_LOG.o)
                0x000052fc                UART_PCB_LOG_PutChar
 .text.UART_PCB_LOG_PutString
                0x00005314       0x24 .\CortexM3\ARM_GCC_541\Debug\AS76_FFP5.a(UART_PCB_LOG.o)
                0x00005314                UART_PCB_LOG_PutString
 .text.UART_PCB_LOG_RXISR
                0x00005338       0x98 .\CortexM3\ARM_GCC_541\Debug\AS76_FFP5.a(UART_PCB_LOG_INT.o)
                0x00005338                UART_PCB_LOG_RXISR
 .text.UART_PCB_LOG_IntClock_Start
                0x000053d0       0x1c .\CortexM3\ARM_GCC_541\Debug\AS76_FFP5.a(UART_PCB_LOG_IntClock.o)
                0x000053d0                UART_PCB_LOG_IntClock_Start
 .text.Pin_Backlight_Write
                0x000053ec       0x18 .\CortexM3\ARM_GCC_541\Debug\AS76_FFP5.a(Pin_Backlight.o)
                0x000053ec                Pin_Backlight_Write
 .text.LED2_Write
                0x00005404       0x18 .\CortexM3\ARM_GCC_541\Debug\AS76_FFP5.a(LED2.o)
                0x00005404                LED2_Write
 .text.Pin_CSMotorO_Write
                0x0000541c       0x18 .\CortexM3\ARM_GCC_541\Debug\AS76_FFP5.a(Pin_CSMotorO.o)
                0x0000541c                Pin_CSMotorO_Write
 .text.Pin_CSMotorT_Write
                0x00005434       0x18 .\CortexM3\ARM_GCC_541\Debug\AS76_FFP5.a(Pin_CSMotorT.o)
                0x00005434                Pin_CSMotorT_Write
 .text.QuadDec_TZ_Init
                0x0000544c       0x24 .\CortexM3\ARM_GCC_541\Debug\AS76_FFP5.a(QuadDec_TZ.o)
                0x0000544c                QuadDec_TZ_Init
 .text.QuadDec_TZ_GetCounter
                0x00005470       0x2c .\CortexM3\ARM_GCC_541\Debug\AS76_FFP5.a(QuadDec_TZ.o)
                0x00005470                QuadDec_TZ_GetCounter
 .text.QuadDec_TZ_SetCounter
                0x0000549c       0x28 .\CortexM3\ARM_GCC_541\Debug\AS76_FFP5.a(QuadDec_TZ.o)
                0x0000549c                QuadDec_TZ_SetCounter
 .text.QuadDec_TZ_GetEvents
                0x000054c4       0x10 .\CortexM3\ARM_GCC_541\Debug\AS76_FFP5.a(QuadDec_TZ.o)
                0x000054c4                QuadDec_TZ_GetEvents
 .text.QuadDec_TZ_SetInterruptMask
                0x000054d4       0x10 .\CortexM3\ARM_GCC_541\Debug\AS76_FFP5.a(QuadDec_TZ.o)
                0x000054d4                QuadDec_TZ_SetInterruptMask
 .text.QuadDec_TZ_Enable
                0x000054e4       0x30 .\CortexM3\ARM_GCC_541\Debug\AS76_FFP5.a(QuadDec_TZ.o)
                0x000054e4                QuadDec_TZ_Enable
 .text.QuadDec_TZ_Start
                0x00005514       0x34 .\CortexM3\ARM_GCC_541\Debug\AS76_FFP5.a(QuadDec_TZ.o)
                0x00005514                QuadDec_TZ_Start
 .text.QuadDec_TZ_ISR
                0x00005548       0x40 .\CortexM3\ARM_GCC_541\Debug\AS76_FFP5.a(QuadDec_TZ_INT.o)
                0x00005548                QuadDec_TZ_ISR
 .text.PWM_Buzzer_Enable
                0x00005588       0x28 .\CortexM3\ARM_GCC_541\Debug\AS76_FFP5.a(PWM_Buzzer.o)
                0x00005588                PWM_Buzzer_Enable
 .text.PWM_Buzzer_WritePeriod
                0x000055b0        0xc .\CortexM3\ARM_GCC_541\Debug\AS76_FFP5.a(PWM_Buzzer.o)
                0x000055b0                PWM_Buzzer_WritePeriod
 .text.PWM_Buzzer_WriteCompare
                0x000055bc        0xc .\CortexM3\ARM_GCC_541\Debug\AS76_FFP5.a(PWM_Buzzer.o)
                0x000055bc                PWM_Buzzer_WriteCompare
 .text.PWM_Buzzer_SetInterruptMode
                0x000055c8        0xc .\CortexM3\ARM_GCC_541\Debug\AS76_FFP5.a(PWM_Buzzer.o)
                0x000055c8                PWM_Buzzer_SetInterruptMode
 .text.PWM_Buzzer_Init
                0x000055d4       0x74 .\CortexM3\ARM_GCC_541\Debug\AS76_FFP5.a(PWM_Buzzer.o)
                0x000055d4                PWM_Buzzer_Init
 .text.PWM_Buzzer_Start
                0x00005648       0x1c .\CortexM3\ARM_GCC_541\Debug\AS76_FFP5.a(PWM_Buzzer.o)
                0x00005648                PWM_Buzzer_Start
 .text.QuadDec_Y_Init
                0x00005664       0x24 .\CortexM3\ARM_GCC_541\Debug\AS76_FFP5.a(QuadDec_Y.o)
                0x00005664                QuadDec_Y_Init
 .text.QuadDec_Y_GetCounter
                0x00005688       0x2c .\CortexM3\ARM_GCC_541\Debug\AS76_FFP5.a(QuadDec_Y.o)
                0x00005688                QuadDec_Y_GetCounter
 .text.QuadDec_Y_SetCounter
                0x000056b4       0x28 .\CortexM3\ARM_GCC_541\Debug\AS76_FFP5.a(QuadDec_Y.o)
                0x000056b4                QuadDec_Y_SetCounter
 .text.QuadDec_Y_GetEvents
                0x000056dc       0x10 .\CortexM3\ARM_GCC_541\Debug\AS76_FFP5.a(QuadDec_Y.o)
                0x000056dc                QuadDec_Y_GetEvents
 .text.QuadDec_Y_SetInterruptMask
                0x000056ec       0x10 .\CortexM3\ARM_GCC_541\Debug\AS76_FFP5.a(QuadDec_Y.o)
                0x000056ec                QuadDec_Y_SetInterruptMask
 .text.QuadDec_Y_Enable
                0x000056fc       0x30 .\CortexM3\ARM_GCC_541\Debug\AS76_FFP5.a(QuadDec_Y.o)
                0x000056fc                QuadDec_Y_Enable
 .text.QuadDec_Y_Start
                0x0000572c       0x34 .\CortexM3\ARM_GCC_541\Debug\AS76_FFP5.a(QuadDec_Y.o)
                0x0000572c                QuadDec_Y_Start
 .text.QuadDec_Y_ISR
                0x00005760       0x40 .\CortexM3\ARM_GCC_541\Debug\AS76_FFP5.a(QuadDec_Y_INT.o)
                0x00005760                QuadDec_Y_ISR
 .text.PWM_BarcodeCondenser_LED_Enable
                0x000057a0       0x28 .\CortexM3\ARM_GCC_541\Debug\AS76_FFP5.a(PWM_BarcodeCondenser_LED.o)
                0x000057a0                PWM_BarcodeCondenser_LED_Enable
 .text.PWM_BarcodeCondenser_LED_WritePeriod
                0x000057c8        0xc .\CortexM3\ARM_GCC_541\Debug\AS76_FFP5.a(PWM_BarcodeCondenser_LED.o)
                0x000057c8                PWM_BarcodeCondenser_LED_WritePeriod
 .text.PWM_BarcodeCondenser_LED_WriteCompare
                0x000057d4        0xc .\CortexM3\ARM_GCC_541\Debug\AS76_FFP5.a(PWM_BarcodeCondenser_LED.o)
                0x000057d4                PWM_BarcodeCondenser_LED_WriteCompare
 .text.PWM_BarcodeCondenser_LED_SetInterruptMode
                0x000057e0        0xc .\CortexM3\ARM_GCC_541\Debug\AS76_FFP5.a(PWM_BarcodeCondenser_LED.o)
                0x000057e0                PWM_BarcodeCondenser_LED_SetInterruptMode
 .text.PWM_BarcodeCondenser_LED_Init
                0x000057ec       0x74 .\CortexM3\ARM_GCC_541\Debug\AS76_FFP5.a(PWM_BarcodeCondenser_LED.o)
                0x000057ec                PWM_BarcodeCondenser_LED_Init
 .text.PWM_BarcodeCondenser_LED_Start
                0x00005860       0x1c .\CortexM3\ARM_GCC_541\Debug\AS76_FFP5.a(PWM_BarcodeCondenser_LED.o)
                0x00005860                PWM_BarcodeCondenser_LED_Start
 .text.LED3_Write
                0x0000587c       0x18 .\CortexM3\ARM_GCC_541\Debug\AS76_FFP5.a(LED3.o)
                0x0000587c                LED3_Write
 .text.Encoder_T_Z_Select_Write
                0x00005894        0xc .\CortexM3\ARM_GCC_541\Debug\AS76_FFP5.a(Encoder_T_Z_Select.o)
                0x00005894                Encoder_T_Z_Select_Write
 .text.TMC5160_MotorX_EN_Write
                0x000058a0       0x18 .\CortexM3\ARM_GCC_541\Debug\AS76_FFP5.a(TMC5160_MotorX_EN.o)
                0x000058a0                TMC5160_MotorX_EN_Write
 .text.TMC5160_MotorY_EN_Write
                0x000058b8       0x18 .\CortexM3\ARM_GCC_541\Debug\AS76_FFP5.a(TMC5160_MotorY_EN.o)
                0x000058b8                TMC5160_MotorY_EN_Write
 .text.TMC5160_MotorZ_EN_Write
                0x000058d0       0x18 .\CortexM3\ARM_GCC_541\Debug\AS76_FFP5.a(TMC5160_MotorZ_EN.o)
                0x000058d0                TMC5160_MotorZ_EN_Write
 .text.TMC5160_MotorT_EN_Write
                0x000058e8       0x18 .\CortexM3\ARM_GCC_541\Debug\AS76_FFP5.a(TMC5160_MotorT_EN.o)
                0x000058e8                TMC5160_MotorT_EN_Write
 .text.TMC5160_MotorO_EN_Write
                0x00005900       0x18 .\CortexM3\ARM_GCC_541\Debug\AS76_FFP5.a(TMC5160_MotorO_EN.o)
                0x00005900                TMC5160_MotorO_EN_Write
 .text.QuadDec_TZ_Cnt16_Enable
                0x00005918       0x10 .\CortexM3\ARM_GCC_541\Debug\AS76_FFP5.a(QuadDec_TZ_Cnt16.o)
                0x00005918                QuadDec_TZ_Cnt16_Enable
 .text.QuadDec_TZ_Cnt16_SetInterruptMode
                0x00005928        0xc .\CortexM3\ARM_GCC_541\Debug\AS76_FFP5.a(QuadDec_TZ_Cnt16.o)
                0x00005928                QuadDec_TZ_Cnt16_SetInterruptMode
 .text.QuadDec_TZ_Cnt16_ReadStatusRegister
                0x00005934        0xc .\CortexM3\ARM_GCC_541\Debug\AS76_FFP5.a(QuadDec_TZ_Cnt16.o)
                0x00005934                QuadDec_TZ_Cnt16_ReadStatusRegister
 .text.QuadDec_TZ_Cnt16_WriteCounter
                0x00005940        0xc .\CortexM3\ARM_GCC_541\Debug\AS76_FFP5.a(QuadDec_TZ_Cnt16.o)
                0x00005940                QuadDec_TZ_Cnt16_WriteCounter
 .text.QuadDec_TZ_Cnt16_ReadCounter
                0x0000594c       0x14 .\CortexM3\ARM_GCC_541\Debug\AS76_FFP5.a(QuadDec_TZ_Cnt16.o)
                0x0000594c                QuadDec_TZ_Cnt16_ReadCounter
 .text.QuadDec_TZ_Cnt16_ReadCapture
                0x00005960        0xc .\CortexM3\ARM_GCC_541\Debug\AS76_FFP5.a(QuadDec_TZ_Cnt16.o)
                0x00005960                QuadDec_TZ_Cnt16_ReadCapture
 .text.QuadDec_TZ_Cnt16_WritePeriod
                0x0000596c        0xc .\CortexM3\ARM_GCC_541\Debug\AS76_FFP5.a(QuadDec_TZ_Cnt16.o)
                0x0000596c                QuadDec_TZ_Cnt16_WritePeriod
 .text.QuadDec_TZ_Cnt16_WriteCompare
                0x00005978        0xc .\CortexM3\ARM_GCC_541\Debug\AS76_FFP5.a(QuadDec_TZ_Cnt16.o)
                0x00005978                QuadDec_TZ_Cnt16_WriteCompare
 .text.QuadDec_TZ_Cnt16_ClearFIFO
                0x00005984       0x14 .\CortexM3\ARM_GCC_541\Debug\AS76_FFP5.a(QuadDec_TZ_Cnt16.o)
                0x00005984                QuadDec_TZ_Cnt16_ClearFIFO
 .text.QuadDec_TZ_Cnt16_Init
                0x00005998       0x58 .\CortexM3\ARM_GCC_541\Debug\AS76_FFP5.a(QuadDec_TZ_Cnt16.o)
                0x00005998                QuadDec_TZ_Cnt16_Init
 .text.QuadDec_TZ_Cnt16_Start
                0x000059f0       0x1c .\CortexM3\ARM_GCC_541\Debug\AS76_FFP5.a(QuadDec_TZ_Cnt16.o)
                0x000059f0                QuadDec_TZ_Cnt16_Start
 .text.QuadDec_Y_Cnt16_Enable
                0x00005a0c       0x10 .\CortexM3\ARM_GCC_541\Debug\AS76_FFP5.a(QuadDec_Y_Cnt16.o)
                0x00005a0c                QuadDec_Y_Cnt16_Enable
 .text.QuadDec_Y_Cnt16_SetInterruptMode
                0x00005a1c        0xc .\CortexM3\ARM_GCC_541\Debug\AS76_FFP5.a(QuadDec_Y_Cnt16.o)
                0x00005a1c                QuadDec_Y_Cnt16_SetInterruptMode
 .text.QuadDec_Y_Cnt16_ReadStatusRegister
                0x00005a28        0xc .\CortexM3\ARM_GCC_541\Debug\AS76_FFP5.a(QuadDec_Y_Cnt16.o)
                0x00005a28                QuadDec_Y_Cnt16_ReadStatusRegister
 .text.QuadDec_Y_Cnt16_WriteCounter
                0x00005a34        0xc .\CortexM3\ARM_GCC_541\Debug\AS76_FFP5.a(QuadDec_Y_Cnt16.o)
                0x00005a34                QuadDec_Y_Cnt16_WriteCounter
 .text.QuadDec_Y_Cnt16_ReadCounter
                0x00005a40       0x14 .\CortexM3\ARM_GCC_541\Debug\AS76_FFP5.a(QuadDec_Y_Cnt16.o)
                0x00005a40                QuadDec_Y_Cnt16_ReadCounter
 .text.QuadDec_Y_Cnt16_ReadCapture
                0x00005a54        0xc .\CortexM3\ARM_GCC_541\Debug\AS76_FFP5.a(QuadDec_Y_Cnt16.o)
                0x00005a54                QuadDec_Y_Cnt16_ReadCapture
 .text.QuadDec_Y_Cnt16_WritePeriod
                0x00005a60        0xc .\CortexM3\ARM_GCC_541\Debug\AS76_FFP5.a(QuadDec_Y_Cnt16.o)
                0x00005a60                QuadDec_Y_Cnt16_WritePeriod
 .text.QuadDec_Y_Cnt16_WriteCompare
                0x00005a6c        0xc .\CortexM3\ARM_GCC_541\Debug\AS76_FFP5.a(QuadDec_Y_Cnt16.o)
                0x00005a6c                QuadDec_Y_Cnt16_WriteCompare
 .text.QuadDec_Y_Cnt16_ClearFIFO
                0x00005a78       0x14 .\CortexM3\ARM_GCC_541\Debug\AS76_FFP5.a(QuadDec_Y_Cnt16.o)
                0x00005a78                QuadDec_Y_Cnt16_ClearFIFO
 .text.QuadDec_Y_Cnt16_Init
                0x00005a8c       0x58 .\CortexM3\ARM_GCC_541\Debug\AS76_FFP5.a(QuadDec_Y_Cnt16.o)
                0x00005a8c                QuadDec_Y_Cnt16_Init
 .text.QuadDec_Y_Cnt16_Start
                0x00005ae4       0x1c .\CortexM3\ARM_GCC_541\Debug\AS76_FFP5.a(QuadDec_Y_Cnt16.o)
                0x00005ae4                QuadDec_Y_Cnt16_Start
 .text.wait_timer_Enable
                0x00005b00       0x28 .\CortexM3\ARM_GCC_541\Debug\AS76_FFP5.a(wait_timer.o)
                0x00005b00                wait_timer_Enable
 .text.wait_timer_Stop
                0x00005b28       0x28 .\CortexM3\ARM_GCC_541\Debug\AS76_FFP5.a(wait_timer.o)
                0x00005b28                wait_timer_Stop
 .text.wait_timer_SetInterruptMode
                0x00005b50        0xc .\CortexM3\ARM_GCC_541\Debug\AS76_FFP5.a(wait_timer.o)
                0x00005b50                wait_timer_SetInterruptMode
 .text.wait_timer_WritePeriod
                0x00005b5c        0xc .\CortexM3\ARM_GCC_541\Debug\AS76_FFP5.a(wait_timer.o)
                0x00005b5c                wait_timer_WritePeriod
 .text.wait_timer_WriteCounter
                0x00005b68        0xc .\CortexM3\ARM_GCC_541\Debug\AS76_FFP5.a(wait_timer.o)
                0x00005b68                wait_timer_WriteCounter
 .text.wait_timer_Init
                0x00005b74       0x68 .\CortexM3\ARM_GCC_541\Debug\AS76_FFP5.a(wait_timer.o)
                0x00005b74                wait_timer_Init
 .text.wait_timer_Start
                0x00005bdc       0x1c .\CortexM3\ARM_GCC_541\Debug\AS76_FFP5.a(wait_timer.o)
                0x00005bdc                wait_timer_Start
 .text.wait_interrupt_SetVector
                0x00005bf8        0xc .\CortexM3\ARM_GCC_541\Debug\AS76_FFP5.a(wait_interrupt.o)
                0x00005bf8                wait_interrupt_SetVector
 .text.wait_interrupt_SetPriority
                0x00005c04       0x10 .\CortexM3\ARM_GCC_541\Debug\AS76_FFP5.a(wait_interrupt.o)
                0x00005c04                wait_interrupt_SetPriority
 .text.wait_interrupt_Enable
                0x00005c14       0x10 .\CortexM3\ARM_GCC_541\Debug\AS76_FFP5.a(wait_interrupt.o)
                0x00005c14                wait_interrupt_Enable
 .text.wait_interrupt_Disable
                0x00005c24       0x10 .\CortexM3\ARM_GCC_541\Debug\AS76_FFP5.a(wait_interrupt.o)
                0x00005c24                wait_interrupt_Disable
 .text.wait_interrupt_StartEx
                0x00005c34       0x1c .\CortexM3\ARM_GCC_541\Debug\AS76_FFP5.a(wait_interrupt.o)
                0x00005c34                wait_interrupt_StartEx
 .text.Pin_SDO_RGB_Write
                0x00005c50       0x18 .\CortexM3\ARM_GCC_541\Debug\AS76_FFP5.a(Pin_SDO_RGB.o)
                0x00005c50                Pin_SDO_RGB_Write
 .text.Pin_Clock_RGB_Write
                0x00005c68       0x18 .\CortexM3\ARM_GCC_541\Debug\AS76_FFP5.a(Pin_Clock_RGB.o)
                0x00005c68                Pin_Clock_RGB_Write
 .text          0x00005c80       0x20 .\CortexM3\ARM_GCC_541\Debug\AS76_FFP5.a(CyBootAsmGnu.o)
                0x00005c80                CyDelayCycles
                0x00005c90                CyEnterCriticalSection
                0x00005c98                CyExitCriticalSection
 .text.USB_DispatchClassRqst
                0x00005ca0       0x68 .\CortexM3\ARM_GCC_541\Debug\AS76_FFP5.a(USB_cls.o)
                0x00005ca0                USB_DispatchClassRqst
 .text          0x00005d08      0x370 c:/program files (x86)/cypress/psoc creator/4.4/psoc creator/import/gnu/arm/5.4.1/bin/../lib/gcc/arm-none-eabi/5.4.1/armv7-m\libgcc.a(_arm_addsubdf3.o)
                0x00005d08                __aeabi_drsub
                0x00005d10                __aeabi_dsub
                0x00005d10                __subdf3
                0x00005d14                __aeabi_dadd
                0x00005d14                __adddf3
                0x00005f8c                __floatunsidf
                0x00005f8c                __aeabi_ui2d
                0x00005fac                __floatsidf
                0x00005fac                __aeabi_i2d
                0x00005fd0                __aeabi_f2d
                0x00005fd0                __extendsfdf2
                0x0000600c                __floatundidf
                0x0000600c                __aeabi_ul2d
                0x0000601c                __floatdidf
                0x0000601c                __aeabi_l2d
 .text          0x00006078      0x424 c:/program files (x86)/cypress/psoc creator/4.4/psoc creator/import/gnu/arm/5.4.1/bin/../lib/gcc/arm-none-eabi/5.4.1/armv7-m\libgcc.a(_arm_muldivdf3.o)
                0x00006078                __aeabi_dmul
                0x00006078                __muldf3
                0x000062cc                __divdf3
                0x000062cc                __aeabi_ddiv
 .text          0x0000649c       0x50 c:/program files (x86)/cypress/psoc creator/4.4/psoc creator/import/gnu/arm/5.4.1/bin/../lib/gcc/arm-none-eabi/5.4.1/armv7-m\libgcc.a(_arm_fixdfsi.o)
                0x0000649c                __aeabi_d2iz
                0x0000649c                __fixdfsi
 .text          0x000064ec       0x40 c:/program files (x86)/cypress/psoc creator/4.4/psoc creator/import/gnu/arm/5.4.1/bin/../lib/gcc/arm-none-eabi/5.4.1/armv7-m\libgcc.a(_arm_fixunsdfsi.o)
                0x000064ec                __aeabi_d2uiz
                0x000064ec                __fixunsdfsi
 .text          0x0000652c      0x21c c:/program files (x86)/cypress/psoc creator/4.4/psoc creator/import/gnu/arm/5.4.1/bin/../lib/gcc/arm-none-eabi/5.4.1/armv7-m\libgcc.a(_arm_addsubsf3.o)
                0x0000652c                __aeabi_frsub
                0x00006534                __subsf3
                0x00006534                __aeabi_fsub
                0x00006538                __aeabi_fadd
                0x00006538                __addsf3
                0x00006698                __aeabi_ui2f
                0x00006698                __floatunsisf
                0x000066a0                __aeabi_i2f
                0x000066a0                __floatsisf
                0x000066bc                __aeabi_ul2f
                0x000066bc                __floatundisf
                0x000066cc                __aeabi_l2f
                0x000066cc                __floatdisf
 .text          0x00006748      0x2a0 c:/program files (x86)/cypress/psoc creator/4.4/psoc creator/import/gnu/arm/5.4.1/bin/../lib/gcc/arm-none-eabi/5.4.1/armv7-m\libgcc.a(_arm_muldivsf3.o)
                0x00006748                __mulsf3
                0x00006748                __aeabi_fmul
                0x000068b0                __aeabi_fdiv
                0x000068b0                __divsf3
 .text          0x000069e8       0x4c c:/program files (x86)/cypress/psoc creator/4.4/psoc creator/import/gnu/arm/5.4.1/bin/../lib/gcc/arm-none-eabi/5.4.1/armv7-m\libgcc.a(_arm_fixsfsi.o)
                0x000069e8                __aeabi_f2iz
                0x000069e8                __fixsfsi
 .text.__errno  0x00006a34        0xc c:/program files (x86)/cypress/psoc creator/4.4/psoc creator/import/gnu/arm/5.4.1/bin/../lib/gcc/arm-none-eabi/5.4.1/../../../../arm-none-eabi/lib/armv7-m\libg_nano.a(lib_a-errno.o)
                0x00006a34                __errno
 .text.__libc_init_array
                0x00006a40       0x4c c:/program files (x86)/cypress/psoc creator/4.4/psoc creator/import/gnu/arm/5.4.1/bin/../lib/gcc/arm-none-eabi/5.4.1/../../../../arm-none-eabi/lib/armv7-m\libg_nano.a(lib_a-init.o)
                0x00006a40                __libc_init_array
 .text.memcpy   0x00006a8c       0x16 c:/program files (x86)/cypress/psoc creator/4.4/psoc creator/import/gnu/arm/5.4.1/bin/../lib/gcc/arm-none-eabi/5.4.1/../../../../arm-none-eabi/lib/armv7-m\libg_nano.a(lib_a-memcpy-stub.o)
                0x00006a8c                memcpy
 .text.memset   0x00006aa2       0x10 c:/program files (x86)/cypress/psoc creator/4.4/psoc creator/import/gnu/arm/5.4.1/bin/../lib/gcc/arm-none-eabi/5.4.1/../../../../arm-none-eabi/lib/armv7-m\libg_nano.a(lib_a-memset.o)
                0x00006aa2                memset
 *fill*         0x00006ab2        0x2 
 .text.sprintf  0x00006ab4       0x48 c:/program files (x86)/cypress/psoc creator/4.4/psoc creator/import/gnu/arm/5.4.1/bin/../lib/gcc/arm-none-eabi/5.4.1/../../../../arm-none-eabi/lib/armv7-m\libg_nano.a(lib_a-sprintf.o)
                0x00006ab4                siprintf
                0x00006ab4                sprintf
 .text.strncmp  0x00006afc       0x2a c:/program files (x86)/cypress/psoc creator/4.4/psoc creator/import/gnu/arm/5.4.1/bin/../lib/gcc/arm-none-eabi/5.4.1/../../../../arm-none-eabi/lib/armv7-m\libg_nano.a(lib_a-strncmp.o)
                0x00006afc                strncmp
 .text.strncpy  0x00006b26       0x26 c:/program files (x86)/cypress/psoc creator/4.4/psoc creator/import/gnu/arm/5.4.1/bin/../lib/gcc/arm-none-eabi/5.4.1/../../../../arm-none-eabi/lib/armv7-m\libg_nano.a(lib_a-strncpy.o)
                0x00006b26                strncpy
 .text.__ssputs_r
                0x00006b4c       0xb2 c:/program files (x86)/cypress/psoc creator/4.4/psoc creator/import/gnu/arm/5.4.1/bin/../lib/gcc/arm-none-eabi/5.4.1/../../../../arm-none-eabi/lib/armv7-m\libg_nano.a(lib_a-nano-svfprintf.o)
                0x00006b4c                __ssputs_r
 *fill*         0x00006bfe        0x2 
 .text._svfprintf_r
                0x00006c00      0x1e8 c:/program files (x86)/cypress/psoc creator/4.4/psoc creator/import/gnu/arm/5.4.1/bin/../lib/gcc/arm-none-eabi/5.4.1/../../../../arm-none-eabi/lib/armv7-m\libg_nano.a(lib_a-nano-svfprintf.o)
                0x00006c00                _svfiprintf_r
                0x00006c00                _svfprintf_r
 .text._printf_common
                0x00006de8       0xec c:/program files (x86)/cypress/psoc creator/4.4/psoc creator/import/gnu/arm/5.4.1/bin/../lib/gcc/arm-none-eabi/5.4.1/../../../../arm-none-eabi/lib/armv7-m\libg_nano.a(lib_a-nano-vfprintf_i.o)
                0x00006de8                _printf_common
 .text._printf_i
                0x00006ed4      0x24c c:/program files (x86)/cypress/psoc creator/4.4/psoc creator/import/gnu/arm/5.4.1/bin/../lib/gcc/arm-none-eabi/5.4.1/../../../../arm-none-eabi/lib/armv7-m\libg_nano.a(lib_a-nano-vfprintf_i.o)
                0x00006ed4                _printf_i
 .text.memchr   0x00007120       0x1c c:/program files (x86)/cypress/psoc creator/4.4/psoc creator/import/gnu/arm/5.4.1/bin/../lib/gcc/arm-none-eabi/5.4.1/../../../../arm-none-eabi/lib/armv7-m\libg_nano.a(lib_a-memchr-stub.o)
                0x00007120                memchr
 .text.memmove  0x0000713c       0x36 c:/program files (x86)/cypress/psoc creator/4.4/psoc creator/import/gnu/arm/5.4.1/bin/../lib/gcc/arm-none-eabi/5.4.1/../../../../arm-none-eabi/lib/armv7-m\libg_nano.a(lib_a-memmove.o)
                0x0000713c                memmove
 *fill*         0x00007172        0x2 
 .text._free_r  0x00007174       0x98 c:/program files (x86)/cypress/psoc creator/4.4/psoc creator/import/gnu/arm/5.4.1/bin/../lib/gcc/arm-none-eabi/5.4.1/../../../../arm-none-eabi/lib/armv7-m\libg_nano.a(lib_a-nano-freer.o)
                0x00007174                _free_r
 .text._malloc_r
                0x0000720c       0xbc c:/program files (x86)/cypress/psoc creator/4.4/psoc creator/import/gnu/arm/5.4.1/bin/../lib/gcc/arm-none-eabi/5.4.1/../../../../arm-none-eabi/lib/armv7-m\libg_nano.a(lib_a-nano-mallocr.o)
                0x0000720c                _malloc_r
 .text._realloc_r
                0x000072c8       0x4c c:/program files (x86)/cypress/psoc creator/4.4/psoc creator/import/gnu/arm/5.4.1/bin/../lib/gcc/arm-none-eabi/5.4.1/../../../../arm-none-eabi/lib/armv7-m\libg_nano.a(lib_a-nano-reallocr.o)
                0x000072c8                _realloc_r
 .text._sbrk_r  0x00007314       0x20 c:/program files (x86)/cypress/psoc creator/4.4/psoc creator/import/gnu/arm/5.4.1/bin/../lib/gcc/arm-none-eabi/5.4.1/../../../../arm-none-eabi/lib/armv7-m\libg_nano.a(lib_a-sbrkr.o)
                0x00007314                _sbrk_r
 .text.__malloc_lock
                0x00007334        0x2 c:/program files (x86)/cypress/psoc creator/4.4/psoc creator/import/gnu/arm/5.4.1/bin/../lib/gcc/arm-none-eabi/5.4.1/../../../../arm-none-eabi/lib/armv7-m\libg_nano.a(lib_a-mlock.o)
                0x00007334                __malloc_lock
 .text.__malloc_unlock
                0x00007336        0x2 c:/program files (x86)/cypress/psoc creator/4.4/psoc creator/import/gnu/arm/5.4.1/bin/../lib/gcc/arm-none-eabi/5.4.1/../../../../arm-none-eabi/lib/armv7-m\libg_nano.a(lib_a-mlock.o)
                0x00007336                __malloc_unlock
 .text._malloc_usable_size_r
                0x00007338       0x14 c:/program files (x86)/cypress/psoc creator/4.4/psoc creator/import/gnu/arm/5.4.1/bin/../lib/gcc/arm-none-eabi/5.4.1/../../../../arm-none-eabi/lib/armv7-m\libg_nano.a(lib_a-nano-msizer.o)
                0x00007338                _malloc_usable_size_r
 *(.plt)
 *(.gnu.warning)
 *(.glue_7t)
 .glue_7t       0x0000734c        0x0 linker stubs
 *(.glue_7)
 .glue_7        0x0000734c        0x0 linker stubs
 *(.vfp11_veneer)
 .vfp11_veneer  0x0000734c        0x0 linker stubs
 *(.bootloader)
 *(.ARM.extab* .gnu.linkonce.armextab.*)
 *(.gcc_except_table)

.v4_bx          0x0000734c        0x0
 .v4_bx         0x0000734c        0x0 linker stubs

.iplt           0x0000734c        0x0
 .iplt          0x0000734c        0x0 c:/program files (x86)/cypress/psoc creator/4.4/psoc creator/import/gnu/arm/5.4.1/bin/../lib/gcc/arm-none-eabi/5.4.1/armv7-m/crtbegin.o

.eh_frame_hdr
 *(.eh_frame_hdr)

.eh_frame       0x0000734c        0x4
 *(.eh_frame)
 .eh_frame      0x0000734c        0x0 c:/program files (x86)/cypress/psoc creator/4.4/psoc creator/import/gnu/arm/5.4.1/bin/../lib/gcc/arm-none-eabi/5.4.1/armv7-m/crtbegin.o
 .eh_frame      0x0000734c        0x4 c:/program files (x86)/cypress/psoc creator/4.4/psoc creator/import/gnu/arm/5.4.1/bin/../lib/gcc/arm-none-eabi/5.4.1/armv7-m/crtend.o
                [!provide]                PROVIDE (__exidx_start, .)

.ARM.exidx
 *(.ARM.exidx* .gnu.linkonce.armexidx.*)
                0x00007350                __exidx_end = .

.rodata         0x00007350     0x1cc8
 *(.rodata .rodata.* .gnu.linkonce.r.*)
 .rodata.str1.4
                0x00007350       0x32 .\CortexM3\ARM_GCC_541\Debug\main.o
 *fill*         0x00007382        0x2 
 .rodata.str1.4
                0x00007384      0x9d1 .\CortexM3\ARM_GCC_541\Debug\AS76.o
                                0x9e5 (size before relaxing)
 *fill*         0x00007d55        0x3 
 .rodata        0x00007d58     0x1028 .\CortexM3\ARM_GCC_541\Debug\cyfitter_cfg.o
 .rodata.str1.4
                0x00008d80       0x14 .\CortexM3\ARM_GCC_541\Debug\AS76_FFP5.a(USB_std.o)
                                 0x11 (size before relaxing)
 .rodata        0x00008d94      0x21a .\CortexM3\ARM_GCC_541\Debug\AS76_FFP5.a(USB_descr.o)
                0x00008d94                USB_MSOS_CONFIGURATION_DESCR
                0x00008dbc                USB_MSOS_DESCRIPTOR
                0x00008dd0                USB_TABLE
                0x00008dd8                USB_DEVICE0_TABLE
                0x00008df0                USB_DEVICE0_CONFIGURATION0_TABLE
                0x00008e18                USB_DEVICE0_CONFIGURATION0_INTERFACE_CLASS
                0x00008e1c                USB_DEVICE0_CONFIGURATION0_EP_SETTINGS_TABLE
                0x00008e34                USB_HIDREPORT_DESCRIPTOR1
                0x00008e6c                USB_SN_STRING_DESCRIPTOR
                0x00008e70                USB_STRING_DESCRIPTORS
                0x00008f58                USB_DEVICE0_CONFIGURATION0_DESCR
                0x00008f9c                USB_DEVICE0_DESCR
 .rodata.str1.1
                0x00008fae        0x2 c:/program files (x86)/cypress/psoc creator/4.4/psoc creator/import/gnu/arm/5.4.1/bin/../lib/gcc/arm-none-eabi/5.4.1/../../../../arm-none-eabi/lib/armv7-m\libg_nano.a(lib_a-impure.o)
 .rodata.str1.1
                0x00008fb0       0x11 c:/program files (x86)/cypress/psoc creator/4.4/psoc creator/import/gnu/arm/5.4.1/bin/../lib/gcc/arm-none-eabi/5.4.1/../../../../arm-none-eabi/lib/armv7-m\libg_nano.a(lib_a-nano-svfprintf.o)
 .rodata.str1.1
                0x00008fc1       0x22 c:/program files (x86)/cypress/psoc creator/4.4/psoc creator/import/gnu/arm/5.4.1/bin/../lib/gcc/arm-none-eabi/5.4.1/../../../../arm-none-eabi/lib/armv7-m\libg_nano.a(lib_a-nano-vfprintf_i.o)
                0x00008fe4                . = ALIGN (0x4)
 *fill*         0x00008fe3        0x1 
 *(.init)
 .init          0x00008fe4        0x4 c:/program files (x86)/cypress/psoc creator/4.4/psoc creator/import/gnu/arm/5.4.1/bin/../lib/gcc/arm-none-eabi/5.4.1/armv7-m/crti.o
                0x00008fe4                _init
 .init          0x00008fe8        0x8 c:/program files (x86)/cypress/psoc creator/4.4/psoc creator/import/gnu/arm/5.4.1/bin/../lib/gcc/arm-none-eabi/5.4.1/armv7-m/crtn.o
                0x00008ff0                . = ALIGN (0x4)
                0x00008ff0                __preinit_array_start = .
 *(.preinit_array)
                0x00008ff0                __preinit_array_end = .
                0x00008ff0                . = ALIGN (0x4)
                0x00008ff0                __init_array_start = .
 *(SORT(.init_array.*))
 *(.init_array)
 .init_array    0x00008ff0        0x4 c:/program files (x86)/cypress/psoc creator/4.4/psoc creator/import/gnu/arm/5.4.1/bin/../lib/gcc/arm-none-eabi/5.4.1/armv7-m/crtbegin.o
 .init_array    0x00008ff4        0x4 .\CortexM3\ARM_GCC_541\Debug\Cm3Start.o
                0x00008ff8                __init_array_end = .
                0x00008ff8                . = ALIGN (0x4)
 *(.fini)
 .fini          0x00008ff8        0x4 c:/program files (x86)/cypress/psoc creator/4.4/psoc creator/import/gnu/arm/5.4.1/bin/../lib/gcc/arm-none-eabi/5.4.1/armv7-m/crti.o
                0x00008ff8                _fini
 .fini          0x00008ffc        0x8 c:/program files (x86)/cypress/psoc creator/4.4/psoc creator/import/gnu/arm/5.4.1/bin/../lib/gcc/arm-none-eabi/5.4.1/armv7-m/crtn.o
                0x00009004                . = ALIGN (0x4)
                0x00009004                __fini_array_start = .
 *(.fini_array)
 .fini_array    0x00009004        0x4 c:/program files (x86)/cypress/psoc creator/4.4/psoc creator/import/gnu/arm/5.4.1/bin/../lib/gcc/arm-none-eabi/5.4.1/armv7-m/crtbegin.o
 *(SORT(.fini_array.*))
                0x00009008                __fini_array_end = .
                0x00009008                . = ALIGN (0x4)
 *crtbegin.o(.ctors)
 *(EXCLUDE_FILE(*crtend.o) .ctors)
 *(SORT(.ctors.*))
 *crtend.o(.ctors)
                0x00009008                . = ALIGN (0x4)
 *crtbegin.o(.dtors)
 *(EXCLUDE_FILE(*crtend.o) .dtors)
 *(SORT(.dtors.*))
 *crtend.o(.dtors)
                0x00009008                . = ALIGN (0x4)
                0x00009008                __cy_regions = .
                0x00009008        0x4 LONG 0x9018 __cy_region_init_ram
                0x0000900c        0x4 LONG 0x1fff80c8 __cy_region_start_data
                0x00009010        0x4 LONG 0xd8 __cy_region_init_size_ram
                0x00009014        0x4 LONG 0x280 __cy_region_zero_size_ram
                0x00009018                __cy_regions_end = .
                0x00009018                . = ALIGN (0x8)
                0x00009018                _etext = .

.cy_checksum_exclude
                0x00009018        0x0
 *(.cy_checksum_exclude)

.ramvectors     0x1fff8000       0xc0
                0x1fff8000                __cy_region_start_ram = .
 *(.ramvectors)
 .ramvectors    0x1fff8000       0xc0 .\CortexM3\ARM_GCC_541\Debug\Cm3Start.o
                0x1fff8000                CyRamVectors

.noinit         0x1fff80c0        0x1
 *(.noinit)
 .noinit        0x1fff80c0        0x1 .\CortexM3\ARM_GCC_541\Debug\AS76_FFP5.a(CyLib.o)
                0x1fff80c0                CyResetStatus

.data           0x1fff80c8       0xd8 load address 0x00009018
                0x1fff80c8                __cy_region_start_data = .
 *(.jcr)
 .jcr           0x1fff80c8        0x0 c:/program files (x86)/cypress/psoc creator/4.4/psoc creator/import/gnu/arm/5.4.1/bin/../lib/gcc/arm-none-eabi/5.4.1/armv7-m/crtbegin.o
 .jcr           0x1fff80c8        0x4 c:/program files (x86)/cypress/psoc creator/4.4/psoc creator/import/gnu/arm/5.4.1/bin/../lib/gcc/arm-none-eabi/5.4.1/armv7-m/crtend.o
 *(.got.plt)
 *(.got)
 *(.shdata)
 *(.data .data.* .gnu.linkonce.d.*)
 .data          0x1fff80cc        0x4 .\CortexM3\ARM_GCC_541\Debug\main.o
                0x1fff80cc                status_t
                0x1fff80cd                status_z
                0x1fff80ce                status_y
                0x1fff80cf                status_x
 .data          0x1fff80d0       0x39 .\CortexM3\ARM_GCC_541\Debug\AS76.o
                0x1fff80d0                PWM_Condenser_comare_value
                0x1fff80e4                Motor_Speed_X
                0x1fff80e8                Motor_Speed_Y
                0x1fff80ec                Motor_Speed_Z
                0x1fff80f0                HomeY_done
                0x1fff80f1                HomeX_done
                0x1fff80f2                HomeZ_done
                0x1fff80f4                X_Pitchfactor
                0x1fff80f8                HomeT_done
                0x1fff80fc                T_Pitchfactor
                0x1fff8100                Z_Pitchfactor
                0x1fff8104                Y_Pitchfactor
                0x1fff8108                Time_Out_Error
 *fill*         0x1fff8109        0x3 
 .data          0x1fff810c        0x4 .\CortexM3\ARM_GCC_541\Debug\Cm3Start.o
 .data          0x1fff8110       0x10 .\CortexM3\ARM_GCC_541\Debug\AS76_FFP5.a(CyLib.o)
                0x1fff8110                cydelay_32k_ms
                0x1fff8114                cydelay_freq_khz
                0x1fff8118                cydelay_freq_mhz
                0x1fff811c                cydelay_freq_hz
 .data          0x1fff8120       0x1a .\CortexM3\ARM_GCC_541\Debug\AS76_FFP5.a(USB_cdc.o)
                0x1fff8120                USB_linesCoding
 *fill*         0x1fff813a        0x2 
 .data.impure_data
                0x1fff813c       0x60 c:/program files (x86)/cypress/psoc creator/4.4/psoc creator/import/gnu/arm/5.4.1/bin/../lib/gcc/arm-none-eabi/5.4.1/../../../../arm-none-eabi/lib/armv7-m\libg_nano.a(lib_a-impure.o)
 .data._impure_ptr
                0x1fff819c        0x4 c:/program files (x86)/cypress/psoc creator/4.4/psoc creator/import/gnu/arm/5.4.1/bin/../lib/gcc/arm-none-eabi/5.4.1/../../../../arm-none-eabi/lib/armv7-m\libg_nano.a(lib_a-impure.o)
                0x1fff819c                _impure_ptr
                0x1fff81a0                . = ALIGN (0x8)
 *(.ram)
                0x1fff81a0                _edata = .

.igot.plt       0x1fff81a0        0x0 load address 0x000090f0
 .igot.plt      0x1fff81a0        0x0 c:/program files (x86)/cypress/psoc creator/4.4/psoc creator/import/gnu/arm/5.4.1/bin/../lib/gcc/arm-none-eabi/5.4.1/armv7-m/crtbegin.o

.bss            0x1fff81a0      0x280 load address 0x000090f0
                0x1fff81a0                PROVIDE (__bss_start__, .)
 *(.shbss)
 *(.bss .bss.* .gnu.linkonce.b.*)
 .bss           0x1fff81a0       0x1c c:/program files (x86)/cypress/psoc creator/4.4/psoc creator/import/gnu/arm/5.4.1/bin/../lib/gcc/arm-none-eabi/5.4.1/armv7-m/crtbegin.o
 .bss           0x1fff81bc       0x5c .\CortexM3\ARM_GCC_541\Debug\AS76.o
                0x1fff81bc                ms_count
                0x1fff81be                exit_loop
                0x1fff81c0                EncoderTZSelect
                0x1fff81c4                X_QuadPosition
                0x1fff81c8                Y_QuadPosition
                0x1fff81cc                Z_QuadPosition
                0x1fff81d0                T_QuadPosition
                0x1fff81d4                Buffer_Z_QuadPosition
                0x1fff81d8                Buffer_T_QuadPosition
                0x1fff81dc                print_flag
                0x1fff81e0                PWM_barcode_comare_value
                0x1fff81e4                Error
                0x1fff81e9                HomeX_done_Buffer
                0x1fff81ea                HomeY_done_Buffer
                0x1fff81eb                HomeZ_done_Buffer
                0x1fff81ec                HomeT_done_Buffer
                0x1fff81f0                Previous_X_Position
                0x1fff81f4                Previous_Y_Position
                0x1fff81f8                Previous_Z_Position
                0x1fff81fc                Position_X_Requested
                0x1fff8200                Position_Y_Requested
                0x1fff8204                Position_Z_Requested
                0x1fff8208                Position_T_Requested
                0x1fff820c                time_ms
                0x1fff8210                oil_speed
                0x1fff8214                oil_dir
 .bss           0x1fff8218        0xc .\CortexM3\ARM_GCC_541\Debug\APA102.o
                0x1fff8218                BnB
                0x1fff821a                GnR
                0x1fff821c                STFB
                0x1fff8220                LedCnt
                0x1fff8221                MaxB
                0x1fff8222                B
                0x1fff8223                j
 .bss           0x1fff8224        0x1 .\CortexM3\ARM_GCC_541\Debug\AS76_FFP5.a(SPIM.o)
                0x1fff8224                SPIM_initVar
 .bss           0x1fff8225        0x1 .\CortexM3\ARM_GCC_541\Debug\AS76_FFP5.a(USB.o)
                0x1fff8225                USB_initVar
 .bss           0x1fff8226        0x1 .\CortexM3\ARM_GCC_541\Debug\AS76_FFP5.a(USB_cdc.o)
 *fill*         0x1fff8227        0x1 
 .bss           0x1fff8228        0x2 .\CortexM3\ARM_GCC_541\Debug\AS76_FFP5.a(USB_std.o)
 .bss           0x1fff822a        0x1 .\CortexM3\ARM_GCC_541\Debug\AS76_FFP5.a(PWM_CondenserLED.o)
                0x1fff822a                PWM_CondenserLED_initVar
 .bss           0x1fff822b        0x1 .\CortexM3\ARM_GCC_541\Debug\AS76_FFP5.a(QuadDec_X.o)
                0x1fff822b                QuadDec_X_initVar
 .bss           0x1fff822c        0x4 .\CortexM3\ARM_GCC_541\Debug\AS76_FFP5.a(QuadDec_X_INT.o)
                0x1fff822c                QuadDec_X_count32SoftPart
 .bss           0x1fff8230        0x1 .\CortexM3\ARM_GCC_541\Debug\AS76_FFP5.a(QuadDec_X_Cnt16.o)
                0x1fff8230                QuadDec_X_Cnt16_initVar
 .bss           0x1fff8231        0x7 .\CortexM3\ARM_GCC_541\Debug\AS76_FFP5.a(UART_PCB_LOG.o)
                0x1fff8231                UART_PCB_LOG_errorStatus
                0x1fff8232                UART_PCB_LOG_initVar
                0x1fff8233                UART_PCB_LOG_rxBufferRead
                0x1fff8234                UART_PCB_LOG_rxBufferWrite
                0x1fff8235                UART_PCB_LOG_rxBufferLoopDetect
                0x1fff8236                UART_PCB_LOG_rxBufferOverflow
 .bss           0x1fff8238        0x1 .\CortexM3\ARM_GCC_541\Debug\AS76_FFP5.a(QuadDec_TZ.o)
                0x1fff8238                QuadDec_TZ_initVar
 *fill*         0x1fff8239        0x3 
 .bss           0x1fff823c        0x4 .\CortexM3\ARM_GCC_541\Debug\AS76_FFP5.a(QuadDec_TZ_INT.o)
                0x1fff823c                QuadDec_TZ_count32SoftPart
 .bss           0x1fff8240        0x1 .\CortexM3\ARM_GCC_541\Debug\AS76_FFP5.a(PWM_Buzzer.o)
                0x1fff8240                PWM_Buzzer_initVar
 .bss           0x1fff8241        0x1 .\CortexM3\ARM_GCC_541\Debug\AS76_FFP5.a(QuadDec_Y.o)
                0x1fff8241                QuadDec_Y_initVar
 *fill*         0x1fff8242        0x2 
 .bss           0x1fff8244        0x4 .\CortexM3\ARM_GCC_541\Debug\AS76_FFP5.a(QuadDec_Y_INT.o)
                0x1fff8244                QuadDec_Y_count32SoftPart
 .bss           0x1fff8248        0x1 .\CortexM3\ARM_GCC_541\Debug\AS76_FFP5.a(PWM_BarcodeCondenser_LED.o)
                0x1fff8248                PWM_BarcodeCondenser_LED_initVar
 .bss           0x1fff8249        0x1 .\CortexM3\ARM_GCC_541\Debug\AS76_FFP5.a(QuadDec_TZ_Cnt16.o)
                0x1fff8249                QuadDec_TZ_Cnt16_initVar
 .bss           0x1fff824a        0x1 .\CortexM3\ARM_GCC_541\Debug\AS76_FFP5.a(QuadDec_Y_Cnt16.o)
                0x1fff824a                QuadDec_Y_Cnt16_initVar
 .bss           0x1fff824b        0x1 .\CortexM3\ARM_GCC_541\Debug\AS76_FFP5.a(wait_timer.o)
                0x1fff824b                wait_timer_initVar
 .bss.__malloc_sbrk_start
                0x1fff824c        0x4 c:/program files (x86)/cypress/psoc creator/4.4/psoc creator/import/gnu/arm/5.4.1/bin/../lib/gcc/arm-none-eabi/5.4.1/../../../../arm-none-eabi/lib/armv7-m\libg_nano.a(lib_a-nano-mallocr.o)
                0x1fff824c                __malloc_sbrk_start
 .bss.__malloc_free_list
                0x1fff8250        0x4 c:/program files (x86)/cypress/psoc creator/4.4/psoc creator/import/gnu/arm/5.4.1/bin/../lib/gcc/arm-none-eabi/5.4.1/../../../../arm-none-eabi/lib/armv7-m\libg_nano.a(lib_a-nano-mallocr.o)
                0x1fff8250                __malloc_free_list
 *(COMMON)
 COMMON         0x1fff8254       0x82 .\CortexM3\ARM_GCC_541\Debug\main.o
                0x1fff8254                Is_Slide_On_Gripper
                0x1fff8258                USB_received
                0x1fff8298                count
                0x1fff829c                USB_transmit
 *fill*         0x1fff82d6        0x2 
 COMMON         0x1fff82d8        0x4 .\CortexM3\ARM_GCC_541\Debug\AS76.o
                0x1fff82d8                command
 COMMON         0x1fff82dc        0x7 .\CortexM3\ARM_GCC_541\Debug\APA102.o
                0x1fff82dc                SPI_RGB_DATA
                0x1fff82e0                i
                0x1fff82e1                G
                0x1fff82e2                R
 *fill*         0x1fff82e3        0x1 
 COMMON         0x1fff82e4       0x18 .\CortexM3\ARM_GCC_541\Debug\AS76_FFP5.a(SPIM.o)
                0x1fff82e4                SPIM_rxBufferFull
                0x1fff82e8                SPIM_txBuffer
                0x1fff82ed                SPIM_swStatusTx
                0x1fff82f0                SPIM_rxBuffer
                0x1fff82f6                SPIM_txBufferFull
                0x1fff82f7                SPIM_txBufferRead
                0x1fff82f8                SPIM_rxBufferWrite
                0x1fff82f9                SPIM_txBufferWrite
                0x1fff82fa                SPIM_rxBufferRead
                0x1fff82fb                SPIM_swStatusRx
 COMMON         0x1fff82fc       0x16 .\CortexM3\ARM_GCC_541\Debug\AS76_FFP5.a(USB_cdc.o)
                0x1fff82fc                USB_linesControlBitmap
                0x1fff8300                USB_cdcCommInInterruptEp
                0x1fff8304                USB_serialStateBitmap
                0x1fff8308                USB_cdcDataOutEp
                0x1fff830c                USB_cdcDataInEp
                0x1fff8310                USB_linesChanged
 *fill*         0x1fff8312        0x2 
 COMMON         0x1fff8314       0x98 .\CortexM3\ARM_GCC_541\Debug\AS76_FFP5.a(USB_drv.o)
                0x1fff8314                USB_transferState
                0x1fff8315                USB_interfaceNumber
                0x1fff8316                USB_lastPacketSize
                0x1fff8318                USB_interfaceClass
                0x1fff831c                USB_interfaceSetting
                0x1fff831e                USB_ep0Mode
                0x1fff831f                USB_device
                0x1fff8320                USB_deviceAddress
                0x1fff8321                USB_ep0Toggle
                0x1fff8324                USB_interfaceSettingLast
                0x1fff8326                USB_configurationChanged
                0x1fff8328                USB_interfaceStatus
                0x1fff832a                USB_transferByteCount
                0x1fff832c                USB_configuration
                0x1fff8330                USB_currentTD
                0x1fff833c                USB_ep0Count
                0x1fff833d                USB_deviceStatus
                0x1fff8340                USB_EP
 COMMON         0x1fff83ac        0xa .\CortexM3\ARM_GCC_541\Debug\AS76_FFP5.a(USB_hid.o)
                0x1fff83ac                USB_hidProtocol
                0x1fff83b0                USB_hidIdleRate
                0x1fff83b4                USB_hidIdleTimer
 *fill*         0x1fff83b6        0x2 
 COMMON         0x1fff83b8       0x40 .\CortexM3\ARM_GCC_541\Debug\AS76_FFP5.a(UART_PCB_LOG.o)
                0x1fff83b8                UART_PCB_LOG_rxBuffer
 COMMON         0x1fff83f8       0x22 .\CortexM3\ARM_GCC_541\Debug\AS76_FFP5.a(USB_descr.o)
                0x1fff83f8                USB_idSerialNumberStringDescriptor
 *fill*         0x1fff841a        0x2 
 COMMON         0x1fff841c        0x4 c:/program files (x86)/cypress/psoc creator/4.4/psoc creator/import/gnu/arm/5.4.1/bin/../lib/gcc/arm-none-eabi/5.4.1/../../../../arm-none-eabi/lib/armv7-m\libg_nano.a(lib_a-reent.o)
                0x1fff841c                errno
                0x1fff8420                . = ALIGN (0x8)
 *(.ram.b)
                0x1fff8420                _end = .
                0x1fff8420                __end = .
                0x1fff8420                PROVIDE (end, .)
                0x1fff8420                PROVIDE (__bss_end__, .)
                0x00009018                __cy_region_init_ram = LOADADDR (.data)
                0x000000d8                __cy_region_init_size_ram = (_edata - ADDR (.data))
                0x00000280                __cy_region_zero_size_ram = (_end - _edata)

.heap           0x1fff8420       0x80 load address 0x000090f0
                0x1fff8420                . = _end
                0x1fff84a0                . = (. + 0x80)
 *fill*         0x1fff8420       0x80 
                0x1fff84a0                __cy_heap_limit = .

.stack          0x20007800      0x800
                0x20007800                __cy_stack_limit = .
                0x20008000                . = (. + 0x800)
 *fill*         0x20007800      0x800 
                0x00000001                ASSERT ((__cy_stack_limit >= __cy_heap_limit), region RAM overflowed with stack)
                0x00000000                cy_checksum_exclude_size = (CY_APPL_LOADABLE == 0x1)?SIZEOF (.cy_checksum_exclude):0x0
                0x00000001                ASSERT ((cy_checksum_exclude_size <= CY_CHECKSUM_EXCLUDE_SIZE), CY_BOOT: Section .cy_checksum_exclude size exceedes specified limit.)

.cyloadermeta
 *(.cyloadermeta)

.cyloadablemeta
 *(.cyloadablemeta)

.cyconfigecc
 *(.cyconfigecc)

.cycustnvl      0x90000000        0x4
 *(.cycustnvl)
 .cycustnvl     0x90000000        0x4 .\CortexM3\ARM_GCC_541\Debug\cymetadata.o
                0x90000000                cy_meta_custnvl

.cywolatch      0x90100000        0x4
 *(.cywolatch)
 .cywolatch     0x90100000        0x4 .\CortexM3\ARM_GCC_541\Debug\cymetadata.o
                0x90100000                cy_meta_wonvl

.cyeeprom       0x90200000        0x0
 *(.cyeeprom)
                0x00000001                ASSERT ((. <= ((0x90200000 + ee_offset) + ee_size)), .cyeeprom data will not fit in EEPROM)

.cyflashprotect
                0x90400000      0x100
 *(.cyflashprotect)
 .cyflashprotect
                0x90400000      0x100 .\CortexM3\ARM_GCC_541\Debug\cymetadata.o
                0x90400000                cy_meta_flashprotect

.cymeta         0x90500000        0xc
 *(.cymeta)
 .cymeta        0x90500000        0xc .\CortexM3\ARM_GCC_541\Debug\cymetadata.o
                0x90500000                cy_metadata

.rel.dyn        0x000090f0        0x0 load address 0x9050000c
 .rel.iplt      0x000090f0        0x0 c:/program files (x86)/cypress/psoc creator/4.4/psoc creator/import/gnu/arm/5.4.1/bin/../lib/gcc/arm-none-eabi/5.4.1/armv7-m/crtbegin.o

.stab
 *(.stab)

.stabstr
 *(.stabstr)

.debug
 *(.debug)

.line
 *(.line)

.debug_srcinfo
 *(.debug_srcinfo)

.debug_sfnames
 *(.debug_sfnames)

.debug_aranges  0x00000000     0x1768
 *(.debug_aranges)
 .debug_aranges
                0x00000000       0x20 .\CortexM3\ARM_GCC_541\Debug\main.o
 .debug_aranges
                0x00000020      0x1a0 .\CortexM3\ARM_GCC_541\Debug\AS76.o
 .debug_aranges
                0x000001c0       0x40 .\CortexM3\ARM_GCC_541\Debug\APA102.o
 .debug_aranges
                0x00000200       0x60 .\CortexM3\ARM_GCC_541\Debug\cyfitter_cfg.o
 .debug_aranges
                0x00000260       0x18 .\CortexM3\ARM_GCC_541\Debug\cymetadata.o
 .debug_aranges
                0x00000278       0x48 .\CortexM3\ARM_GCC_541\Debug\Cm3Start.o
 .debug_aranges
                0x000002c0       0x38 .\CortexM3\ARM_GCC_541\Debug\AS76_FFP5.a(Pin_CSMotorX.o)
 .debug_aranges
                0x000002f8       0x38 .\CortexM3\ARM_GCC_541\Debug\AS76_FFP5.a(Pin_CSMotorY.o)
 .debug_aranges
                0x00000330       0x38 .\CortexM3\ARM_GCC_541\Debug\AS76_FFP5.a(Pin_CSMotorZ.o)
 .debug_aranges
                0x00000368       0xd8 .\CortexM3\ARM_GCC_541\Debug\AS76_FFP5.a(SPIM.o)
 .debug_aranges
                0x00000440       0x28 .\CortexM3\ARM_GCC_541\Debug\AS76_FFP5.a(SPIM_INT.o)
 .debug_aranges
                0x00000468      0x2a0 .\CortexM3\ARM_GCC_541\Debug\AS76_FFP5.a(CyLib.o)
 .debug_aranges
                0x00000708       0x98 .\CortexM3\ARM_GCC_541\Debug\AS76_FFP5.a(cyPm.o)
 .debug_aranges
                0x000007a0       0xc8 .\CortexM3\ARM_GCC_541\Debug\AS76_FFP5.a(USB.o)
 .debug_aranges
                0x00000868       0xe8 .\CortexM3\ARM_GCC_541\Debug\AS76_FFP5.a(USB_cdc.o)
 .debug_aranges
                0x00000950       0x98 .\CortexM3\ARM_GCC_541\Debug\AS76_FFP5.a(USB_drv.o)
 .debug_aranges
                0x000009e8       0x40 .\CortexM3\ARM_GCC_541\Debug\AS76_FFP5.a(USB_episr.o)
 .debug_aranges
                0x00000a28       0x48 .\CortexM3\ARM_GCC_541\Debug\AS76_FFP5.a(USB_hid.o)
 .debug_aranges
                0x00000a70       0x40 .\CortexM3\ARM_GCC_541\Debug\AS76_FFP5.a(USB_pm.o)
 .debug_aranges
                0x00000ab0       0x80 .\CortexM3\ARM_GCC_541\Debug\AS76_FFP5.a(USB_std.o)
 .debug_aranges
                0x00000b30       0x20 .\CortexM3\ARM_GCC_541\Debug\AS76_FFP5.a(USB_vnd.o)
 .debug_aranges
                0x00000b50       0x48 .\CortexM3\ARM_GCC_541\Debug\AS76_FFP5.a(USB_Dp.o)
 .debug_aranges
                0x00000b98       0x78 .\CortexM3\ARM_GCC_541\Debug\AS76_FFP5.a(PWM_CondenserLED.o)
 .debug_aranges
                0x00000c10       0x70 .\CortexM3\ARM_GCC_541\Debug\AS76_FFP5.a(SPIM_IntClock.o)
 .debug_aranges
                0x00000c80       0x60 .\CortexM3\ARM_GCC_541\Debug\AS76_FFP5.a(QuadDec_X.o)
 .debug_aranges
                0x00000ce0       0x20 .\CortexM3\ARM_GCC_541\Debug\AS76_FFP5.a(QuadDec_X_INT.o)
 .debug_aranges
                0x00000d00       0x98 .\CortexM3\ARM_GCC_541\Debug\AS76_FFP5.a(QuadDec_X_Cnt16.o)
 .debug_aranges
                0x00000d98       0xf0 .\CortexM3\ARM_GCC_541\Debug\AS76_FFP5.a(UART_PCB_LOG.o)
 .debug_aranges
                0x00000e88       0x20 .\CortexM3\ARM_GCC_541\Debug\AS76_FFP5.a(UART_PCB_LOG_INT.o)
 .debug_aranges
                0x00000ea8       0x70 .\CortexM3\ARM_GCC_541\Debug\AS76_FFP5.a(UART_PCB_LOG_IntClock.o)
 .debug_aranges
                0x00000f18       0x38 .\CortexM3\ARM_GCC_541\Debug\AS76_FFP5.a(Pin_Backlight.o)
 .debug_aranges
                0x00000f50       0x38 .\CortexM3\ARM_GCC_541\Debug\AS76_FFP5.a(LED2.o)
 .debug_aranges
                0x00000f88       0x38 .\CortexM3\ARM_GCC_541\Debug\AS76_FFP5.a(Pin_CSMotorO.o)
 .debug_aranges
                0x00000fc0       0x38 .\CortexM3\ARM_GCC_541\Debug\AS76_FFP5.a(Pin_CSMotorT.o)
 .debug_aranges
                0x00000ff8       0x60 .\CortexM3\ARM_GCC_541\Debug\AS76_FFP5.a(QuadDec_TZ.o)
 .debug_aranges
                0x00001058       0x20 .\CortexM3\ARM_GCC_541\Debug\AS76_FFP5.a(QuadDec_TZ_INT.o)
 .debug_aranges
                0x00001078       0x78 .\CortexM3\ARM_GCC_541\Debug\AS76_FFP5.a(PWM_Buzzer.o)
 .debug_aranges
                0x000010f0       0x60 .\CortexM3\ARM_GCC_541\Debug\AS76_FFP5.a(QuadDec_Y.o)
 .debug_aranges
                0x00001150       0x20 .\CortexM3\ARM_GCC_541\Debug\AS76_FFP5.a(QuadDec_Y_INT.o)
 .debug_aranges
                0x00001170       0x78 .\CortexM3\ARM_GCC_541\Debug\AS76_FFP5.a(PWM_BarcodeCondenser_LED.o)
 .debug_aranges
                0x000011e8       0x38 .\CortexM3\ARM_GCC_541\Debug\AS76_FFP5.a(LED3.o)
 .debug_aranges
                0x00001220       0x28 .\CortexM3\ARM_GCC_541\Debug\AS76_FFP5.a(Encoder_T_Z_Select.o)
 .debug_aranges
                0x00001248       0x38 .\CortexM3\ARM_GCC_541\Debug\AS76_FFP5.a(TMC5160_MotorX_EN.o)
 .debug_aranges
                0x00001280       0x38 .\CortexM3\ARM_GCC_541\Debug\AS76_FFP5.a(TMC5160_MotorY_EN.o)
 .debug_aranges
                0x000012b8       0x38 .\CortexM3\ARM_GCC_541\Debug\AS76_FFP5.a(TMC5160_MotorZ_EN.o)
 .debug_aranges
                0x000012f0       0x38 .\CortexM3\ARM_GCC_541\Debug\AS76_FFP5.a(TMC5160_MotorT_EN.o)
 .debug_aranges
                0x00001328       0x38 .\CortexM3\ARM_GCC_541\Debug\AS76_FFP5.a(TMC5160_MotorO_EN.o)
 .debug_aranges
                0x00001360       0x98 .\CortexM3\ARM_GCC_541\Debug\AS76_FFP5.a(QuadDec_TZ_Cnt16.o)
 .debug_aranges
                0x000013f8       0x98 .\CortexM3\ARM_GCC_541\Debug\AS76_FFP5.a(QuadDec_Y_Cnt16.o)
 .debug_aranges
                0x00001490       0x88 .\CortexM3\ARM_GCC_541\Debug\AS76_FFP5.a(wait_timer.o)
 .debug_aranges
                0x00001518       0x80 .\CortexM3\ARM_GCC_541\Debug\AS76_FFP5.a(wait_interrupt.o)
 .debug_aranges
                0x00001598       0x38 .\CortexM3\ARM_GCC_541\Debug\AS76_FFP5.a(Pin_SDO_RGB.o)
 .debug_aranges
                0x000015d0       0x38 .\CortexM3\ARM_GCC_541\Debug\AS76_FFP5.a(Pin_Clock_RGB.o)
 .debug_aranges
                0x00001608       0x20 .\CortexM3\ARM_GCC_541\Debug\AS76_FFP5.a(CyBootAsmGnu.o)
 .debug_aranges
                0x00001628       0x88 .\CortexM3\ARM_GCC_541\Debug\AS76_FFP5.a(CyFlash.o)
 .debug_aranges
                0x000016b0       0x80 .\CortexM3\ARM_GCC_541\Debug\AS76_FFP5.a(CySpc.o)
 .debug_aranges
                0x00001730       0x20 .\CortexM3\ARM_GCC_541\Debug\AS76_FFP5.a(USB_cls.o)
 .debug_aranges
                0x00001750       0x18 .\CortexM3\ARM_GCC_541\Debug\AS76_FFP5.a(USB_descr.o)

.debug_pubnames
 *(.debug_pubnames)

.debug_info     0x00000000    0x11e5e
 *(.debug_info .gnu.linkonce.wi.*)
 .debug_info    0x00000000      0x547 .\CortexM3\ARM_GCC_541\Debug\main.o
 .debug_info    0x00000547     0x510d .\CortexM3\ARM_GCC_541\Debug\AS76.o
 .debug_info    0x00005654      0xe4f .\CortexM3\ARM_GCC_541\Debug\APA102.o
 .debug_info    0x000064a3      0x7ff .\CortexM3\ARM_GCC_541\Debug\cyfitter_cfg.o
 .debug_info    0x00006ca2      0x10e .\CortexM3\ARM_GCC_541\Debug\cymetadata.o
 .debug_info    0x00006db0      0x3bb .\CortexM3\ARM_GCC_541\Debug\Cm3Start.o
 .debug_info    0x0000716b      0x11f .\CortexM3\ARM_GCC_541\Debug\AS76_FFP5.a(Pin_CSMotorX.o)
 .debug_info    0x0000728a      0x11f .\CortexM3\ARM_GCC_541\Debug\AS76_FFP5.a(Pin_CSMotorY.o)
 .debug_info    0x000073a9      0x11f .\CortexM3\ARM_GCC_541\Debug\AS76_FFP5.a(Pin_CSMotorZ.o)
 .debug_info    0x000074c8      0x719 .\CortexM3\ARM_GCC_541\Debug\AS76_FFP5.a(SPIM.o)
 .debug_info    0x00007be1      0x19d .\CortexM3\ARM_GCC_541\Debug\AS76_FFP5.a(SPIM_INT.o)
 .debug_info    0x00007d7e     0x1374 .\CortexM3\ARM_GCC_541\Debug\AS76_FFP5.a(CyLib.o)
 .debug_info    0x000090f2      0xa2a .\CortexM3\ARM_GCC_541\Debug\AS76_FFP5.a(cyPm.o)
 .debug_info    0x00009b1c      0x9c1 .\CortexM3\ARM_GCC_541\Debug\AS76_FFP5.a(USB.o)
 .debug_info    0x0000a4dd      0xaf7 .\CortexM3\ARM_GCC_541\Debug\AS76_FFP5.a(USB_cdc.o)
 .debug_info    0x0000afd4      0x655 .\CortexM3\ARM_GCC_541\Debug\AS76_FFP5.a(USB_drv.o)
 .debug_info    0x0000b629      0x254 .\CortexM3\ARM_GCC_541\Debug\AS76_FFP5.a(USB_episr.o)
 .debug_info    0x0000b87d      0x43b .\CortexM3\ARM_GCC_541\Debug\AS76_FFP5.a(USB_hid.o)
 .debug_info    0x0000bcb8      0x2e4 .\CortexM3\ARM_GCC_541\Debug\AS76_FFP5.a(USB_pm.o)
 .debug_info    0x0000bf9c      0xb36 .\CortexM3\ARM_GCC_541\Debug\AS76_FFP5.a(USB_std.o)
 .debug_info    0x0000cad2      0x1be .\CortexM3\ARM_GCC_541\Debug\AS76_FFP5.a(USB_vnd.o)
 .debug_info    0x0000cc90      0x174 .\CortexM3\ARM_GCC_541\Debug\AS76_FFP5.a(USB_Dp.o)
 .debug_info    0x0000ce04      0x27e .\CortexM3\ARM_GCC_541\Debug\AS76_FFP5.a(PWM_CondenserLED.o)
 .debug_info    0x0000d082      0x283 .\CortexM3\ARM_GCC_541\Debug\AS76_FFP5.a(SPIM_IntClock.o)
 .debug_info    0x0000d305      0x357 .\CortexM3\ARM_GCC_541\Debug\AS76_FFP5.a(QuadDec_X.o)
 .debug_info    0x0000d65c       0xf3 .\CortexM3\ARM_GCC_541\Debug\AS76_FFP5.a(QuadDec_X_INT.o)
 .debug_info    0x0000d74f      0x348 .\CortexM3\ARM_GCC_541\Debug\AS76_FFP5.a(QuadDec_X_Cnt16.o)
 .debug_info    0x0000da97      0x72d .\CortexM3\ARM_GCC_541\Debug\AS76_FFP5.a(UART_PCB_LOG.o)
 .debug_info    0x0000e1c4      0x14c .\CortexM3\ARM_GCC_541\Debug\AS76_FFP5.a(UART_PCB_LOG_INT.o)
 .debug_info    0x0000e310      0x283 .\CortexM3\ARM_GCC_541\Debug\AS76_FFP5.a(UART_PCB_LOG_IntClock.o)
 .debug_info    0x0000e593      0x11f .\CortexM3\ARM_GCC_541\Debug\AS76_FFP5.a(Pin_Backlight.o)
 .debug_info    0x0000e6b2      0x11f .\CortexM3\ARM_GCC_541\Debug\AS76_FFP5.a(LED2.o)
 .debug_info    0x0000e7d1      0x11f .\CortexM3\ARM_GCC_541\Debug\AS76_FFP5.a(Pin_CSMotorO.o)
 .debug_info    0x0000e8f0      0x11f .\CortexM3\ARM_GCC_541\Debug\AS76_FFP5.a(Pin_CSMotorT.o)
 .debug_info    0x0000ea0f      0x357 .\CortexM3\ARM_GCC_541\Debug\AS76_FFP5.a(QuadDec_TZ.o)
 .debug_info    0x0000ed66       0xf3 .\CortexM3\ARM_GCC_541\Debug\AS76_FFP5.a(QuadDec_TZ_INT.o)
 .debug_info    0x0000ee59      0x27f .\CortexM3\ARM_GCC_541\Debug\AS76_FFP5.a(PWM_Buzzer.o)
 .debug_info    0x0000f0d8      0x357 .\CortexM3\ARM_GCC_541\Debug\AS76_FFP5.a(QuadDec_Y.o)
 .debug_info    0x0000f42f       0xf3 .\CortexM3\ARM_GCC_541\Debug\AS76_FFP5.a(QuadDec_Y_INT.o)
 .debug_info    0x0000f522      0x27e .\CortexM3\ARM_GCC_541\Debug\AS76_FFP5.a(PWM_BarcodeCondenser_LED.o)
 .debug_info    0x0000f7a0      0x11f .\CortexM3\ARM_GCC_541\Debug\AS76_FFP5.a(LED3.o)
 .debug_info    0x0000f8bf       0xd6 .\CortexM3\ARM_GCC_541\Debug\AS76_FFP5.a(Encoder_T_Z_Select.o)
 .debug_info    0x0000f995      0x11f .\CortexM3\ARM_GCC_541\Debug\AS76_FFP5.a(TMC5160_MotorX_EN.o)
 .debug_info    0x0000fab4      0x11f .\CortexM3\ARM_GCC_541\Debug\AS76_FFP5.a(TMC5160_MotorY_EN.o)
 .debug_info    0x0000fbd3      0x11f .\CortexM3\ARM_GCC_541\Debug\AS76_FFP5.a(TMC5160_MotorZ_EN.o)
 .debug_info    0x0000fcf2      0x11f .\CortexM3\ARM_GCC_541\Debug\AS76_FFP5.a(TMC5160_MotorT_EN.o)
 .debug_info    0x0000fe11      0x11f .\CortexM3\ARM_GCC_541\Debug\AS76_FFP5.a(TMC5160_MotorO_EN.o)
 .debug_info    0x0000ff30      0x348 .\CortexM3\ARM_GCC_541\Debug\AS76_FFP5.a(QuadDec_TZ_Cnt16.o)
 .debug_info    0x00010278      0x348 .\CortexM3\ARM_GCC_541\Debug\AS76_FFP5.a(QuadDec_Y_Cnt16.o)
 .debug_info    0x000105c0      0x295 .\CortexM3\ARM_GCC_541\Debug\AS76_FFP5.a(wait_timer.o)
 .debug_info    0x00010855      0x2d2 .\CortexM3\ARM_GCC_541\Debug\AS76_FFP5.a(wait_interrupt.o)
 .debug_info    0x00010b27      0x11f .\CortexM3\ARM_GCC_541\Debug\AS76_FFP5.a(Pin_SDO_RGB.o)
 .debug_info    0x00010c46      0x11f .\CortexM3\ARM_GCC_541\Debug\AS76_FFP5.a(Pin_Clock_RGB.o)
 .debug_info    0x00010d65       0x92 .\CortexM3\ARM_GCC_541\Debug\AS76_FFP5.a(CyBootAsmGnu.o)
 .debug_info    0x00010df7      0x62d .\CortexM3\ARM_GCC_541\Debug\AS76_FFP5.a(CyFlash.o)
 .debug_info    0x00011424      0x53c .\CortexM3\ARM_GCC_541\Debug\AS76_FFP5.a(CySpc.o)
 .debug_info    0x00011960      0x1f2 .\CortexM3\ARM_GCC_541\Debug\AS76_FFP5.a(USB_cls.o)
 .debug_info    0x00011b52      0x30c .\CortexM3\ARM_GCC_541\Debug\AS76_FFP5.a(USB_descr.o)

.debug_abbrev   0x00000000     0x3c73
 *(.debug_abbrev)