Archive member included to satisfy reference by file (symbol)

.\CortexM3\ARM_GCC_541\Release\Design01.a(Pin_FlagMotorX.o)
                              .\CortexM3\ARM_GCC_541\Release\L6470.o (Pin_FlagMotorX_Read)
.\CortexM3\ARM_GCC_541\Release\Design01.a(Pin_BusyMotorX.o)
                              .\CortexM3\ARM_GCC_541\Release\L6470.o (Pin_BusyMotorX_Read)
.\CortexM3\ARM_GCC_541\Release\Design01.a(Pin_ResetMotorX.o)
                              .\CortexM3\ARM_GCC_541\Release\L6470.o (Pin_ResetMotorX_Write)
.\CortexM3\ARM_GCC_541\Release\Design01.a(Pin_FlagMotorY.o)
                              .\CortexM3\ARM_GCC_541\Release\L6470.o (Pin_FlagMotorY_Read)
.\CortexM3\ARM_GCC_541\Release\Design01.a(Pin_BusyMotorY.o)
                              .\CortexM3\ARM_GCC_541\Release\L6470.o (Pin_BusyMotorY_Read)
.\CortexM3\ARM_GCC_541\Release\Design01.a(Pin_ResetMotorY.o)
                              .\CortexM3\ARM_GCC_541\Release\L6470.o (Pin_ResetMotorY_Write)
.\CortexM3\ARM_GCC_541\Release\Design01.a(Pin_FlagMotorZ.o)
                              .\CortexM3\ARM_GCC_541\Release\L6470.o (Pin_FlagMotorZ_Read)
.\CortexM3\ARM_GCC_541\Release\Design01.a(Pin_BusyMotorZ.o)
                              .\CortexM3\ARM_GCC_541\Release\L6470.o (Pin_BusyMotorZ_Read)
.\CortexM3\ARM_GCC_541\Release\Design01.a(Pin_ResetMotorZ.o)
                              .\CortexM3\ARM_GCC_541\Release\L6470.o (Pin_ResetMotorZ_Write)
.\CortexM3\ARM_GCC_541\Release\Design01.a(SPIM.o)
                              .\CortexM3\ARM_GCC_541\Release\main.o (SPIM_Start)
.\CortexM3\ARM_GCC_541\Release\Design01.a(SPIM_INT.o)
                              .\CortexM3\ARM_GCC_541\Release\Design01.a(SPIM.o) (SPIM_TX_ISR)
.\CortexM3\ARM_GCC_541\Release\Design01.a(CyDmac.o)
                              .\CortexM3\ARM_GCC_541\Release\Cm3Start.o (CyDmacConfigure)
.\CortexM3\ARM_GCC_541\Release\Design01.a(CyLib.o)
                              .\CortexM3\ARM_GCC_541\Release\Cm3Start.o (CyResetStatus)
.\CortexM3\ARM_GCC_541\Release\Design01.a(cyPm.o)
                              .\CortexM3\ARM_GCC_541\Release\Design01.a(CyLib.o) (CyPmReadStatus)
.\CortexM3\ARM_GCC_541\Release\Design01.a(USB.o)
                              .\CortexM3\ARM_GCC_541\Release\L6470.o (USB_Start)
.\CortexM3\ARM_GCC_541\Release\Design01.a(USB_cdc.o)
                              .\CortexM3\ARM_GCC_541\Release\L6470.o (USB_CDC_Init)
.\CortexM3\ARM_GCC_541\Release\Design01.a(USB_drv.o)
                              .\CortexM3\ARM_GCC_541\Release\Design01.a(USB.o) (USB_EP)
.\CortexM3\ARM_GCC_541\Release\Design01.a(USB_episr.o)
                              .\CortexM3\ARM_GCC_541\Release\Design01.a(USB.o) (USB_EP_1_ISR)
.\CortexM3\ARM_GCC_541\Release\Design01.a(USB_hid.o)
                              .\CortexM3\ARM_GCC_541\Release\Design01.a(USB.o) (USB_hidProtocol)
.\CortexM3\ARM_GCC_541\Release\Design01.a(USB_pm.o)
                              .\CortexM3\ARM_GCC_541\Release\Design01.a(USB.o) (USB_DP_ISR)
.\CortexM3\ARM_GCC_541\Release\Design01.a(USB_std.o)
                              .\CortexM3\ARM_GCC_541\Release\Design01.a(USB_drv.o) (USB_HandleStandardRqst)
.\CortexM3\ARM_GCC_541\Release\Design01.a(USB_vnd.o)
                              .\CortexM3\ARM_GCC_541\Release\Design01.a(USB_drv.o) (USB_HandleVendorRqst)
.\CortexM3\ARM_GCC_541\Release\Design01.a(USB_Dp.o)
                              .\CortexM3\ARM_GCC_541\Release\Design01.a(USB.o) (USB_Dp_ClearInterrupt)
.\CortexM3\ARM_GCC_541\Release\Design01.a(PWM_CondenserLED.o)
                              .\CortexM3\ARM_GCC_541\Release\L6470.o (PWM_CondenserLED_Start)
.\CortexM3\ARM_GCC_541\Release\Design01.a(SPIM_IntClock.o)
                              .\CortexM3\ARM_GCC_541\Release\Design01.a(SPIM.o) (SPIM_IntClock_Start)
.\CortexM3\ARM_GCC_541\Release\Design01.a(ADC_SAR_Seq.o)
                              .\CortexM3\ARM_GCC_541\Release\main.o (ADC_SAR_Seq_Start)
.\CortexM3\ARM_GCC_541\Release\Design01.a(ADC_SAR_Seq_INT.o)
                              .\CortexM3\ARM_GCC_541\Release\Design01.a(ADC_SAR_Seq.o) (ADC_SAR_Seq_ISR)
.\CortexM3\ARM_GCC_541\Release\Design01.a(ADC_SAR_Seq_SAR.o)
                              .\CortexM3\ARM_GCC_541\Release\Design01.a(ADC_SAR_Seq.o) (ADC_SAR_Seq_SAR_shift)
.\CortexM3\ARM_GCC_541\Release\Design01.a(ADC_SAR_Seq_TempBuf_dma.o)
                              .\CortexM3\ARM_GCC_541\Release\Design01.a(ADC_SAR_Seq.o) (ADC_SAR_Seq_TempBuf_DmaInitialize)
.\CortexM3\ARM_GCC_541\Release\Design01.a(ADC_SAR_Seq_FinalBuf_dma.o)
                              .\CortexM3\ARM_GCC_541\Release\Design01.a(ADC_SAR_Seq.o) (ADC_SAR_Seq_FinalBuf_DmaInitialize)
.\CortexM3\ARM_GCC_541\Release\Design01.a(ADC_SAR_Seq_IRQ.o)
                              .\CortexM3\ARM_GCC_541\Release\Design01.a(ADC_SAR_Seq.o) (ADC_SAR_Seq_IRQ_SetVector)
.\CortexM3\ARM_GCC_541\Release\Design01.a(SPI_SS_Control_Reg.o)
                              .\CortexM3\ARM_GCC_541\Release\L6470.o (SPI_SS_Control_Reg_Write)
[...]
Memory Configuration

Name             Origin             Length             Attributes
rom              0x00000000         0x00040000         xr
ram              0x1fff8000         0x00010000         xrw
*default*        0x00000000         0xffffffff

Linker script and memory map

LOAD c:/program files (x86)/cypress/psoc creator/4.4/psoc creator/import/gnu/arm/5.4.1/bin/../lib/gcc/arm-none-eabi/5.4.1/armv7-m/crti.o
LOAD c:/program files (x86)/cypress/psoc creator/4.4/psoc creator/import/gnu/arm/5.4.1/bin/../lib/gcc/arm-none-eabi/5.4.1/armv7-m/crtbegin.o
LOAD c:/program files (x86)/cypress/psoc creator/4.4/psoc creator/import/gnu/arm/5.4.1/bin/../lib/gcc/arm-none-eabi/5.4.1/../../../../arm-none-eabi/lib/armv7-m/crt0.o
START GROUP
LOAD .\CortexM3\ARM_GCC_541\Release\main.o
LOAD .\CortexM3\ARM_GCC_541\Release\L6470.o
LOAD .\CortexM3\ARM_GCC_541\Release\cyfitter_cfg.o
LOAD .\CortexM3\ARM_GCC_541\Release\cymetadata.o
LOAD .\CortexM3\ARM_GCC_541\Release\Cm3Start.o
LOAD .\CortexM3\ARM_GCC_541\Release\Design01.a
LOAD C:\Program Files (x86)\Cypress\PSoC Creator\4.4\PSoC Creator\psoc\content\cycomponentlibrary\CyComponentLibrary.cylib\CortexM3\ARM_GCC_541\Release\CyComponentLibrary.a
LOAD c:/program files (x86)/cypress/psoc creator/4.4/psoc creator/import/gnu/arm/5.4.1/bin/../lib/gcc/arm-none-eabi/5.4.1/../../../../arm-none-eabi/lib/armv7-m\libm.a
END GROUP
START GROUP
LOAD c:/program files (x86)/cypress/psoc creator/4.4/psoc creator/import/gnu/arm/5.4.1/bin/../lib/gcc/arm-none-eabi/5.4.1/armv7-m\libgcc.a
LOAD c:/program files (x86)/cypress/psoc creator/4.4/psoc creator/import/gnu/arm/5.4.1/bin/../lib/gcc/arm-none-eabi/5.4.1/../../../../arm-none-eabi/lib/armv7-m\libg_nano.a
LOAD c:/program files (x86)/cypress/psoc creator/4.4/psoc creator/import/gnu/arm/5.4.1/bin/../lib/gcc/arm-none-eabi/5.4.1/../../../../arm-none-eabi/lib/armv7-m\libc_nano.a
END GROUP
START GROUP
LOAD c:/program files (x86)/cypress/psoc creator/4.4/psoc creator/import/gnu/arm/5.4.1/bin/../lib/gcc/arm-none-eabi/5.4.1/armv7-m\libgcc.a
LOAD c:/program files (x86)/cypress/psoc creator/4.4/psoc creator/import/gnu/arm/5.4.1/bin/../lib/gcc/arm-none-eabi/5.4.1/../../../../arm-none-eabi/lib/armv7-m\libc_nano.a
END GROUP
LOAD c:/program files (x86)/cypress/psoc creator/4.4/psoc creator/import/gnu/arm/5.4.1/bin/../lib/gcc/arm-none-eabi/5.4.1/armv7-m/crtend.o
LOAD c:/program files (x86)/cypress/psoc creator/4.4/psoc creator/import/gnu/arm/5.4.1/bin/../lib/gcc/arm-none-eabi/5.4.1/armv7-m/crtn.o
START GROUP
LOAD c:/program files (x86)/cypress/psoc creator/4.4/psoc creator/import/gnu/arm/5.4.1/bin/../lib/gcc/arm-none-eabi/5.4.1/armv7-m\libgcc.a
LOAD c:/program files (x86)/cypress/psoc creator/4.4/psoc creator/import/gnu/arm/5.4.1/bin/../lib/gcc/arm-none-eabi/5.4.1/../../../../arm-none-eabi/lib/armv7-m\libc.a
LOAD c:/program files (x86)/cypress/psoc creator/4.4/psoc creator/import/gnu/arm/5.4.1/bin/../lib/gcc/arm-none-eabi/5.4.1/../../../../arm-none-eabi/lib/armv7-m\libnosys.a
END GROUP
                0x00000000                CY_APPL_ORIGIN = 0x0
                0x00000100                CY_FLASH_ROW_SIZE = 0x100
                0x00000020                CY_ECC_ROW_SIZE = 0x20
                0x00000000                CY_EE_IN_BTLDR = 0x0
                0x00000000                CY_APPL_LOADABLE = 0x0
                0x00000800                CY_EE_SIZE = 0x800
                0x00000001                CY_APPL_NUM = 0x1
                0x00000001                CY_APPL_MAX = 0x1
                0x00000040                CY_METADATA_SIZE = 0x40
                0x00000000                CY_APPL_LOADABLE = 0x0
                0x00000000                CY_CHECKSUM_EXCLUDE_SIZE = ALIGN (0x0, CY_FLASH_ROW_SIZE)
                [!provide]                PROVIDE (__cy_heap_start, _end)
                0x00000001                PROVIDE (__cy_region_num, ((__cy_regions_end - __cy_regions) / 0x10))
                0x20008000                PROVIDE (__cy_stack, (ORIGIN (ram) + LENGTH (ram)))
                [!provide]                PROVIDE (__cy_heap_end, (__cy_stack - 0x800))

.cybootloader   0x00000000        0x0
 *(.cybootloader)
                0x00000000                appl1_start = CY_APPL_ORIGIN?CY_APPL_ORIGIN:ALIGN (CY_FLASH_ROW_SIZE)
                0x0001ff00                appl2_start = (appl1_start + ALIGN ((((LENGTH (rom) - appl1_start) - (0x2 * CY_FLASH_ROW_SIZE)) / 0x2), CY_FLASH_ROW_SIZE))
                0x00000000                appl_start = (CY_APPL_NUM == 0x1)?appl1_start:appl2_start
                0x00000000                ecc_offset = ((appl_start / CY_FLASH_ROW_SIZE) * CY_ECC_ROW_SIZE)
                0x00000000                ee_offset = (CY_APPL_LOADABLE && ! (CY_EE_IN_BTLDR))?((CY_EE_SIZE / CY_APPL_MAX) * (CY_APPL_NUM - 0x1)):0x0
                0x00000800                ee_size = (CY_APPL_LOADABLE && ! (CY_EE_IN_BTLDR))?(CY_EE_SIZE / CY_APPL_MAX):CY_EE_SIZE
                [!provide]                PROVIDE (CY_ECC_OFFSET, ecc_offset)

.text           0x00000000     0x847c
 CREATE_OBJECT_SYMBOLS
                0x00000000                PROVIDE (__cy_interrupt_vector, RomVectors)
 *(.romvectors)
 .romvectors    0x00000000       0x10 .\CortexM3\ARM_GCC_541\Release\Cm3Start.o
                0x00000000                RomVectors
                0x00000001                ASSERT ((. != __cy_interrupt_vector), No interrupt vector)
                0x00000001                ASSERT (CY_APPL_ORIGIN?(SIZEOF (.cybootloader) <= CY_APPL_ORIGIN):0x1, Wrong image location)
                0x00000010                PROVIDE (__cy_reset, Reset)
 *(.text.Reset)
 .text.Reset    0x00000010       0x18 .\CortexM3\ARM_GCC_541\Release\Cm3Start.o
                0x00000010                Reset
                0x00000001                ASSERT ((. != __cy_reset), No reset code)
 *(.dma_init)
                0x00000001                ASSERT ((((appl_start + .) <= 0x10000) || 0x1), DMA Init must be within the first 64k of flash)
 *(.text .text.* .gnu.linkonce.t.*)
 .text          0x00000028       0x5c c:/program files (x86)/cypress/psoc creator/4.4/psoc creator/import/gnu/arm/5.4.1/bin/../lib/gcc/arm-none-eabi/5.4.1/armv7-m/crtbegin.o
 .text.main     0x00000084       0x6c .\CortexM3\ARM_GCC_541\Release\main.o
                0x00000084                main
 .text.home_X   0x000000f0      0x24c .\CortexM3\ARM_GCC_541\Release\L6470.o
                0x000000f0                home_X
 .text.home_Y   0x0000033c      0x228 .\CortexM3\ARM_GCC_541\Release\L6470.o
                0x0000033c                home_Y
 .text.home_Z   0x00000564      0x210 .\CortexM3\ARM_GCC_541\Release\L6470.o
                0x00000564                home_Z
 .text.goTo_X   0x00000774      0x1dc .\CortexM3\ARM_GCC_541\Release\L6470.o
                0x00000774                goTo_X
 .text.goTo_Y   0x00000950      0x1f0 .\CortexM3\ARM_GCC_541\Release\L6470.o
                0x00000950                goTo_Y
 .text.goTo_Z   0x00000b40      0x1d8 .\CortexM3\ARM_GCC_541\Release\L6470.o
                0x00000b40                goTo_Z
 .text.is_X_Step_Correct
                0x00000d18      0x11c .\CortexM3\ARM_GCC_541\Release\L6470.o
                0x00000d18                is_X_Step_Correct
 .text.is_Y_Step_Correct
                0x00000e34      0x114 .\CortexM3\ARM_GCC_541\Release\L6470.o
                0x00000e34                is_Y_Step_Correct
 .text.is_Z_Step_Correct
                0x00000f48       0xd4 .\CortexM3\ARM_GCC_541\Release\L6470.o
                0x00000f48                is_Z_Step_Correct
 .text.if_all_homing_done
                0x0000101c       0xa4 .\CortexM3\ARM_GCC_541\Release\L6470.o
                0x0000101c                if_all_homing_done
 .text.Initialize_PWM
                0x000010c0       0x14 .\CortexM3\ARM_GCC_541\Release\L6470.o
                0x000010c0                Initialize_PWM
 *fill*         0x000010d4        0x4 
 .text.set_CondenserLED
                0x000010d8       0x98 .\CortexM3\ARM_GCC_541\Release\L6470.o
                0x000010d8                set_CondenserLED
 .text.Initialize_And_Start_All_Opt_Encoder
                0x00001170       0x3c .\CortexM3\ARM_GCC_541\Release\L6470.o
                0x00001170                Initialize_And_Start_All_Opt_Encoder
 .text.Enable_Encoder_X
                0x000011ac       0x28 .\CortexM3\ARM_GCC_541\Release\L6470.o
                0x000011ac                Enable_Encoder_X
 .text.Enable_Encoder_Y
                0x000011d4       0x28 .\CortexM3\ARM_GCC_541\Release\L6470.o
                0x000011d4                Enable_Encoder_Y
 .text.Read_All_Optical_Encoder
                0x000011fc       0x64 .\CortexM3\ARM_GCC_541\Release\L6470.o
                0x000011fc                Read_All_Optical_Encoder
 .text.Process_USB_Data
                0x00001260      0x234 .\CortexM3\ARM_GCC_541\Release\L6470.o
                0x00001260                Process_USB_Data
 .text.Send_Feedback_to_USB
                0x00001494      0x420 .\CortexM3\ARM_GCC_541\Release\L6470.o
                0x00001494                Send_Feedback_to_USB
 .text.Initialize_USB
                0x000018b4       0x40 .\CortexM3\ARM_GCC_541\Release\L6470.o
                0x000018b4                Initialize_USB
 .text.Is_USB_Unpluged
                0x000018f4       0x48 .\CortexM3\ARM_GCC_541\Release\L6470.o
                0x000018f4                Is_USB_Unpluged
 .text.Clear_USB_RX_Buffer
                0x0000193c       0x34 .\CortexM3\ARM_GCC_541\Release\L6470.o
                0x0000193c                Clear_USB_RX_Buffer
 .text.Clear_Pending_USB_Data
                0x00001970       0x28 .\CortexM3\ARM_GCC_541\Release\L6470.o
                0x00001970                Clear_Pending_USB_Data
 .text.Write_Debug_UART_Char
                0x00001998       0x44 .\CortexM3\ARM_GCC_541\Release\L6470.o
                0x00001998                Write_Debug_UART_Char
 .text.Write_Debug_UART_Int
                0x000019dc       0x3c .\CortexM3\ARM_GCC_541\Release\L6470.o
                0x000019dc                Write_Debug_UART_Int
 .text.UART_print_all_values
                0x00001a18      0x380 .\CortexM3\ARM_GCC_541\Release\L6470.o
                0x00001a18                UART_print_all_values
 .text.Reset_All_L6470_Motor
                0x00001d98       0x50 .\CortexM3\ARM_GCC_541\Release\L6470.o
                0x00001d98                Reset_All_L6470_Motor
 .text.Configure_L6470_For_X_Motor
                0x00001de8       0xec .\CortexM3\ARM_GCC_541\Release\L6470.o
                0x00001de8                Configure_L6470_For_X_Motor
 .text.Configure_L6470_For_Y_Motor
                0x00001ed4       0xec .\CortexM3\ARM_GCC_541\Release\L6470.o
                0x00001ed4                Configure_L6470_For_Y_Motor
 .text.Configure_L6470_For_Z_Motor
                0x00001fc0       0xec .\CortexM3\ARM_GCC_541\Release\L6470.o
                0x00001fc0                Configure_L6470_For_Z_Motor
 .text.check_Error
                0x000020ac       0xb0 .\CortexM3\ARM_GCC_541\Release\L6470.o
                0x000020ac                check_Error
 .text.disconnect_all_motor
                0x0000215c       0x10 .\CortexM3\ARM_GCC_541\Release\L6470.o
                0x0000215c                disconnect_all_motor
 .text.set_no_of_execution
                0x0000216c       0x98 .\CortexM3\ARM_GCC_541\Release\L6470.o
                0x0000216c                set_no_of_execution
 .text.Set_Speed
                0x00002204       0x90 .\CortexM3\ARM_GCC_541\Release\L6470.o
                0x00002204                Set_Speed
 *fill*         0x00002294        0x4 
 .text.FSCalc   0x00002298       0x6c .\CortexM3\ARM_GCC_541\Release\L6470.o
                0x00002298                FSCalc
 *fill*         0x00002304        0x4 
 .text.MaxSpdCalc
                0x00002308       0x58 .\CortexM3\ARM_GCC_541\Release\L6470.o
                0x00002308                MaxSpdCalc
 .text.Data_To_Transfer
                0x00002360       0x24 .\CortexM3\ARM_GCC_541\Release\L6470.o
                0x00002360                Data_To_Transfer
 .text.SetParam
                0x00002384       0x28 .\CortexM3\ARM_GCC_541\Release\L6470.o
                0x00002384                SetParam
 *fill*         0x000023ac        0x4 
 .text.Move     0x000023b0       0x8c .\CortexM3\ARM_GCC_541\Release\L6470.o
                0x000023b0                Move
 .text.GetStatus
                0x0000243c       0x38 .\CortexM3\ARM_GCC_541\Release\L6470.o
                0x0000243c                GetStatus
 .text.ParamHandler
                0x00002474      0x20c .\CortexM3\ARM_GCC_541\Release\L6470.o
                0x00002474                ParamHandler
 .text.Param    0x00002680       0xa8 .\CortexM3\ARM_GCC_541\Release\L6470.o
                0x00002680                Param
 .text.CYMEMZERO
                0x00002728       0x1c .\CortexM3\ARM_GCC_541\Release\cyfitter_cfg.o
 .text.CYCONFIGCPY
                0x00002744       0x20 .\CortexM3\ARM_GCC_541\Release\cyfitter_cfg.o
 .text.CYCONFIGCPYCODE
                0x00002764       0x20 .\CortexM3\ARM_GCC_541\Release\cyfitter_cfg.o
 .text.CyClockStartupError
                0x00002784        0xc .\CortexM3\ARM_GCC_541\Release\cyfitter_cfg.o
 .text.cfg_write_bytes32
                0x00002790       0x74 .\CortexM3\ARM_GCC_541\Release\cyfitter_cfg.o
 .text.ClockSetup
                0x00002804      0x154 .\CortexM3\ARM_GCC_541\Release\cyfitter_cfg.o
 .text.AnalogSetDefault
                0x00002958       0xc4 .\CortexM3\ARM_GCC_541\Release\cyfitter_cfg.o
 .text.cyfitter_cfg
                0x00002a1c      0x1fc .\CortexM3\ARM_GCC_541\Release\cyfitter_cfg.o
                0x00002a1c                cyfitter_cfg
 .text.IntDefaultHandler
                0x00002c18       0x14 .\CortexM3\ARM_GCC_541\Release\Cm3Start.o
                0x00002c18                IntDefaultHandler
 .text._sbrk    0x00002c2c       0x50 .\CortexM3\ARM_GCC_541\Release\Cm3Start.o
                0x00002c2c                _sbrk
 .text.Start_c  0x00002c7c       0x98 .\CortexM3\ARM_GCC_541\Release\Cm3Start.o
                0x00002c7c                Start_c
 .text.initialize_psoc
                0x00002d14       0x94 .\CortexM3\ARM_GCC_541\Release\Cm3Start.o
                0x00002d14                initialize_psoc
 .text.Pin_FlagMotorX_Read
                0x00002da8       0x20 .\CortexM3\ARM_GCC_541\Release\Design01.a(Pin_FlagMotorX.o)
                0x00002da8                Pin_FlagMotorX_Read
 .text.Pin_BusyMotorX_Read
                0x00002dc8       0x1c .\CortexM3\ARM_GCC_541\Release\Design01.a(Pin_BusyMotorX.o)
                0x00002dc8                Pin_BusyMotorX_Read
 .text.Pin_ResetMotorX_Write
                0x00002de4       0x3c .\CortexM3\ARM_GCC_541\Release\Design01.a(Pin_ResetMotorX.o)
                0x00002de4                Pin_ResetMotorX_Write
 .text.Pin_FlagMotorY_Read
                0x00002e20       0x20 .\CortexM3\ARM_GCC_541\Release\Design01.a(Pin_FlagMotorY.o)
                0x00002e20                Pin_FlagMotorY_Read
 .text.Pin_BusyMotorY_Read
                0x00002e40       0x20 .\CortexM3\ARM_GCC_541\Release\Design01.a(Pin_BusyMotorY.o)
                0x00002e40                Pin_BusyMotorY_Read
 .text.Pin_ResetMotorY_Write
                0x00002e60       0x3c .\CortexM3\ARM_GCC_541\Release\Design01.a(Pin_ResetMotorY.o)
                0x00002e60                Pin_ResetMotorY_Write
 .text.Pin_FlagMotorZ_Read
                0x00002e9c       0x20 .\CortexM3\ARM_GCC_541\Release\Design01.a(Pin_FlagMotorZ.o)
                0x00002e9c                Pin_FlagMotorZ_Read
 .text.Pin_BusyMotorZ_Read
                0x00002ebc       0x20 .\CortexM3\ARM_GCC_541\Release\Design01.a(Pin_BusyMotorZ.o)
                0x00002ebc                Pin_BusyMotorZ_Read
 .text.Pin_ResetMotorZ_Write
                0x00002edc       0x3c .\CortexM3\ARM_GCC_541\Release\Design01.a(Pin_ResetMotorZ.o)
                0x00002edc                Pin_ResetMotorZ_Write
 .text.SPIM_Init
                0x00002f18       0x70 .\CortexM3\ARM_GCC_541\Release\Design01.a(SPIM.o)
                0x00002f18                SPIM_Init
 .text.SPIM_Enable
                0x00002f88       0x68 .\CortexM3\ARM_GCC_541\Release\Design01.a(SPIM.o)
                0x00002f88                SPIM_Enable
 .text.SPIM_Start
                0x00002ff0       0x24 .\CortexM3\ARM_GCC_541\Release\Design01.a(SPIM.o)
                0x00002ff0                SPIM_Start
 .text.SPIM_EnableTxInt
                0x00003014       0x18 .\CortexM3\ARM_GCC_541\Release\Design01.a(SPIM.o)
                0x00003014                SPIM_EnableTxInt
 .text.SPIM_EnableRxInt
                0x0000302c        0xc .\CortexM3\ARM_GCC_541\Release\Design01.a(SPIM.o)
                0x0000302c                SPIM_EnableRxInt
 .text.SPIM_DisableTxInt
                0x00003038       0x18 .\CortexM3\ARM_GCC_541\Release\Design01.a(SPIM.o)
                0x00003038                SPIM_DisableTxInt
 .text.SPIM_ReadTxStatus
                0x00003050       0x3c .\CortexM3\ARM_GCC_541\Release\Design01.a(SPIM.o)
                0x00003050                SPIM_ReadTxStatus
 .text.SPIM_ReadRxStatus
                0x0000308c       0x1c .\CortexM3\ARM_GCC_541\Release\Design01.a(SPIM.o)
                0x0000308c                SPIM_ReadRxStatus
 .text.SPIM_WriteTxData
                0x000030a8      0x110 .\CortexM3\ARM_GCC_541\Release\Design01.a(SPIM.o)
                0x000030a8                SPIM_WriteTxData
 .text.SPIM_ClearFIFO
                0x000031b8       0x60 .\CortexM3\ARM_GCC_541\Release\Design01.a(SPIM.o)
                0x000031b8                SPIM_ClearFIFO
 .text.SPIM_TX_ISR
                0x00003218       0xd4 .\CortexM3\ARM_GCC_541\Release\Design01.a(SPIM_INT.o)
                0x00003218                SPIM_TX_ISR
 .text.CyDmacConfigure
                0x000032ec       0x5c .\CortexM3\ARM_GCC_541\Release\Design01.a(CyDmac.o)
                0x000032ec                CyDmacConfigure
 .text.CyDmaChEnable
                0x00003348       0x8c .\CortexM3\ARM_GCC_541\Release\Design01.a(CyDmac.o)
                0x00003348                CyDmaChEnable
 .text.CyDmaClearPendingDrq
                0x000033d4       0x60 .\CortexM3\ARM_GCC_541\Release\Design01.a(CyDmac.o)
                0x000033d4                CyDmaClearPendingDrq
 .text.CyDmaChPriority
                0x00003434       0x64 .\CortexM3\ARM_GCC_541\Release\Design01.a(CyDmac.o)
                0x00003434                CyDmaChPriority
 .text.CyDmaChSetExtendedAddress
                0x00003498       0x78 .\CortexM3\ARM_GCC_541\Release\Design01.a(CyDmac.o)
                0x00003498                CyDmaChSetExtendedAddress
 .text.CyDmaChSetInitialTd
                0x00003510       0x3c .\CortexM3\ARM_GCC_541\Release\Design01.a(CyDmac.o)
                0x00003510                CyDmaChSetInitialTd
 .text.CyDmaChSetConfiguration
                0x0000354c       0xa0 .\CortexM3\ARM_GCC_541\Release\Design01.a(CyDmac.o)
                0x0000354c                CyDmaChSetConfiguration
 .text.CyDmaTdAllocate
                0x000035ec       0x5c .\CortexM3\ARM_GCC_541\Release\Design01.a(CyDmac.o)
                0x000035ec                CyDmaTdAllocate
 .text.CyDmaTdSetConfiguration
                0x00003648       0x80 .\CortexM3\ARM_GCC_541\Release\Design01.a(CyDmac.o)
                0x00003648                CyDmaTdSetConfiguration
 .text.CyDmaTdSetAddress
                0x000036c8       0x5c .\CortexM3\ARM_GCC_541\Release\Design01.a(CyDmac.o)
                0x000036c8                CyDmaTdSetAddress
 .text.CySoftwareReset
                0x00003724       0x20 .\CortexM3\ARM_GCC_541\Release\Design01.a(CyLib.o)
                0x00003724                CySoftwareReset
 .text.CyDelay  0x00003744       0x44 .\CortexM3\ARM_GCC_541\Release\Design01.a(CyLib.o)
                0x00003744                CyDelay
 .text.CyDelayUs
                0x00003788       0x28 .\CortexM3\ARM_GCC_541\Release\Design01.a(CyLib.o)
                0x00003788                CyDelayUs
 .text.CyIntSetVector
                0x000037b0       0x48 .\CortexM3\ARM_GCC_541\Release\Design01.a(CyLib.o)
                0x000037b0                CyIntSetVector
 .text.CyIntSetPriority
                0x000037f8       0x30 .\CortexM3\ARM_GCC_541\Release\Design01.a(CyLib.o)
                0x000037f8                CyIntSetPriority
 .text.CyGetUniqueId
                0x00003828       0xc4 .\CortexM3\ARM_GCC_541\Release\Design01.a(CyLib.o)
                0x00003828                CyGetUniqueId
 .text.USB_Start
                0x000038ec       0x3c .\CortexM3\ARM_GCC_541\Release\Design01.a(USB.o)
                0x000038ec                USB_Start
 .text.USB_Init
                0x00003928      0x1a4 .\CortexM3\ARM_GCC_541\Release\Design01.a(USB.o)
                0x00003928                USB_Init
 .text.USB_InitComponent
                0x00003acc      0x120 .\CortexM3\ARM_GCC_541\Release\Design01.a(USB.o)
                0x00003acc                USB_InitComponent
 .text.USB_ReInitComponent
                0x00003bec       0x88 .\CortexM3\ARM_GCC_541\Release\Design01.a(USB.o)
                0x00003bec                USB_ReInitComponent
 .text.USB_GetConfiguration
                0x00003c74       0x18 .\CortexM3\ARM_GCC_541\Release\Design01.a(USB.o)
                0x00003c74                USB_GetConfiguration
 .text.USB_IsConfigurationChanged
                0x00003c8c       0x30 .\CortexM3\ARM_GCC_541\Release\Design01.a(USB.o)
                0x00003c8c                USB_IsConfigurationChanged
 .text.USB_GetEPState
                0x00003cbc       0x2c .\CortexM3\ARM_GCC_541\Release\Design01.a(USB.o)
                0x00003cbc                USB_GetEPState
 .text.USB_GetEPCount
                0x00003ce8       0x60 .\CortexM3\ARM_GCC_541\Release\Design01.a(USB.o)
                0x00003ce8                USB_GetEPCount
 .text.USB_LoadInEP
                0x00003d48      0x108 .\CortexM3\ARM_GCC_541\Release\Design01.a(USB.o)
                0x00003d48                USB_LoadInEP
 .text.USB_ReadOutEP
                0x00003e50       0x8c .\CortexM3\ARM_GCC_541\Release\Design01.a(USB.o)
                0x00003e50                USB_ReadOutEP
 .text.USB_EnableOutEP
                0x00003edc       0x5c .\CortexM3\ARM_GCC_541\Release\Design01.a(USB.o)
                0x00003edc                USB_EnableOutEP
 .text.USB_EnableSofInt
                0x00003f38       0x18 .\CortexM3\ARM_GCC_541\Release\Design01.a(USB.o)
                0x00003f38                USB_EnableSofInt
 .text.USB_DispatchCDCClassRqst
                0x00003f50       0xe4 .\CortexM3\ARM_GCC_541\Release\Design01.a(USB_cdc.o)
                0x00003f50                USB_DispatchCDCClassRqst
 .text.USB_GetInterfaceComPort
                0x00004034       0x60 .\CortexM3\ARM_GCC_541\Release\Design01.a(USB_cdc.o)
                0x00004034                USB_GetInterfaceComPort
 .text.USB_CDC_Init
                0x00004094       0xa8 .\CortexM3\ARM_GCC_541\Release\Design01.a(USB_cdc.o)
                0x00004094                USB_CDC_Init
 .text.USB_PutData
                0x0000413c       0x68 .\CortexM3\ARM_GCC_541\Release\Design01.a(USB_cdc.o)
                0x0000413c                USB_PutData
 .text.USB_DataIsReady
                0x000041a4       0x24 .\CortexM3\ARM_GCC_541\Release\Design01.a(USB_cdc.o)
                0x000041a4                USB_DataIsReady
 .text.USB_GetAll
                0x000041c8       0x4c .\CortexM3\ARM_GCC_541\Release\Design01.a(USB_cdc.o)
                0x000041c8                USB_GetAll
 .text.USB_Cdc_EpInit
                0x00004214       0x90 .\CortexM3\ARM_GCC_541\Release\Design01.a(USB_cdc.o)
                0x00004214                USB_Cdc_EpInit
 .text.USB_EP_0_ISR
                0x000042a4       0xf8 .\CortexM3\ARM_GCC_541\Release\Design01.a(USB_drv.o)
                0x000042a4                USB_EP_0_ISR
 .text.USB_HandleSetup
                0x0000439c       0x88 .\CortexM3\ARM_GCC_541\Release\Design01.a(USB_drv.o)
                0x0000439c                USB_HandleSetup
 .text.USB_HandleIN
                0x00004424       0x4c .\CortexM3\ARM_GCC_541\Release\Design01.a(USB_drv.o)
                0x00004424                USB_HandleIN
 .text.USB_HandleOUT
                0x00004470       0x58 .\CortexM3\ARM_GCC_541\Release\Design01.a(USB_drv.o)
                0x00004470                USB_HandleOUT
 .text.USB_LoadEP0
                0x000044c8       0xd0 .\CortexM3\ARM_GCC_541\Release\Design01.a(USB_drv.o)
                0x000044c8                USB_LoadEP0
 .text.USB_InitControlRead
                0x00004598       0x70 .\CortexM3\ARM_GCC_541\Release\Design01.a(USB_drv.o)
                0x00004598                USB_InitControlRead
 .text.USB_InitZeroLengthControlTransfer
                0x00004608       0x40 .\CortexM3\ARM_GCC_541\Release\Design01.a(USB_drv.o)
                0x00004608                USB_InitZeroLengthControlTransfer
 .text.USB_ControlReadDataStage
                0x00004648        0xc .\CortexM3\ARM_GCC_541\Release\Design01.a(USB_drv.o)
                0x00004648                USB_ControlReadDataStage
 .text.USB_ControlReadStatusStage
                0x00004654       0x40 .\CortexM3\ARM_GCC_541\Release\Design01.a(USB_drv.o)
                0x00004654                USB_ControlReadStatusStage
 .text.USB_InitControlWrite
                0x00004694       0x64 .\CortexM3\ARM_GCC_541\Release\Design01.a(USB_drv.o)
                0x00004694                USB_InitControlWrite
 .text.USB_ControlWriteDataStage
                0x000046f8       0xb4 .\CortexM3\ARM_GCC_541\Release\Design01.a(USB_drv.o)
                0x000046f8                USB_ControlWriteDataStage
 .text.USB_ControlWriteStatusStage
                0x000047ac       0x24 .\CortexM3\ARM_GCC_541\Release\Design01.a(USB_drv.o)
                0x000047ac                USB_ControlWriteStatusStage
 .text.USB_InitNoDataControlTransfer
                0x000047d0       0x38 .\CortexM3\ARM_GCC_541\Release\Design01.a(USB_drv.o)
                0x000047d0                USB_InitNoDataControlTransfer
 .text.USB_NoDataControlStatusStage
                0x00004808       0x4c .\CortexM3\ARM_GCC_541\Release\Design01.a(USB_drv.o)
                0x00004808                USB_NoDataControlStatusStage
 .text.USB_UpdateStatusBlock
                0x00004854       0x40 .\CortexM3\ARM_GCC_541\Release\Design01.a(USB_drv.o)
                0x00004854                USB_UpdateStatusBlock
 .text.USB_InitializeStatusBlock
                0x00004894       0x34 .\CortexM3\ARM_GCC_541\Release\Design01.a(USB_drv.o)
                0x00004894                USB_InitializeStatusBlock
 .text.USB_EP_1_ISR
                0x000048c8       0x48 .\CortexM3\ARM_GCC_541\Release\Design01.a(USB_episr.o)
                0x000048c8                USB_EP_1_ISR
 .text.USB_EP_2_ISR
                0x00004910       0x4c .\CortexM3\ARM_GCC_541\Release\Design01.a(USB_episr.o)
                0x00004910                USB_EP_2_ISR
 .text.USB_EP_3_ISR
                0x0000495c       0x54 .\CortexM3\ARM_GCC_541\Release\Design01.a(USB_episr.o)
                0x0000495c                USB_EP_3_ISR
 .text.USB_SOF_ISR
                0x000049b0        0xc .\CortexM3\ARM_GCC_541\Release\Design01.a(USB_episr.o)
                0x000049b0                USB_SOF_ISR
 .text.USB_BUS_RESET_ISR
                0x000049bc        0xc .\CortexM3\ARM_GCC_541\Release\Design01.a(USB_episr.o)
                0x000049bc                USB_BUS_RESET_ISR
 .text.USB_DispatchHIDClassRqst
                0x000049c8      0x1e4 .\CortexM3\ARM_GCC_541\Release\Design01.a(USB_hid.o)
                0x000049c8                USB_DispatchHIDClassRqst
 .text.USB_FindHidClassDecriptor
                0x00004bac       0x7c .\CortexM3\ARM_GCC_541\Release\Design01.a(USB_hid.o)
                0x00004bac                USB_FindHidClassDecriptor
 .text.USB_FindReportDescriptor
                0x00004c28       0x90 .\CortexM3\ARM_GCC_541\Release\Design01.a(USB_hid.o)
                0x00004c28                USB_FindReportDescriptor
 .text.USB_FindReport
                0x00004cb8       0xcc .\CortexM3\ARM_GCC_541\Release\Design01.a(USB_hid.o)
                0x00004cb8                USB_FindReport
 .text.USB_DP_ISR
                0x00004d84        0xc .\CortexM3\ARM_GCC_541\Release\Design01.a(USB_pm.o)
                0x00004d84                USB_DP_ISR
 .text.USB_HandleStandardRqst
                0x00004d90      0x4a4 .\CortexM3\ARM_GCC_541\Release\Design01.a(USB_std.o)
                0x00004d90                USB_HandleStandardRqst
 .text.USB_ReadDieID
                0x00005234       0xd8 .\CortexM3\ARM_GCC_541\Release\Design01.a(USB_std.o)
                0x00005234                USB_ReadDieID
 .text.USB_ConfigReg
                0x0000530c      0x138 .\CortexM3\ARM_GCC_541\Release\Design01.a(USB_std.o)
                0x0000530c                USB_ConfigReg
 .text.USB_Config
                0x00005444      0x3b4 .\CortexM3\ARM_GCC_541\Release\Design01.a(USB_std.o)
                0x00005444                USB_Config
 .text.USB_ConfigAltChanged
                0x000057f8      0x25c .\CortexM3\ARM_GCC_541\Release\Design01.a(USB_std.o)
                0x000057f8                USB_ConfigAltChanged
 .text.USB_GetConfigTablePtr
                0x00005a54       0x50 .\CortexM3\ARM_GCC_541\Release\Design01.a(USB_std.o)
                0x00005a54                USB_GetConfigTablePtr
 .text.USB_GetDeviceTablePtr
                0x00005aa4       0x24 .\CortexM3\ARM_GCC_541\Release\Design01.a(USB_std.o)
                0x00005aa4                USB_GetDeviceTablePtr
 .text.USB_GetInterfaceClassTablePtr
                0x00005ac8       0x4c .\CortexM3\ARM_GCC_541\Release\Design01.a(USB_std.o)
                0x00005ac8                USB_GetInterfaceClassTablePtr
 .text.USB_SetEndpointHalt
                0x00005b14       0xe8 .\CortexM3\ARM_GCC_541\Release\Design01.a(USB_std.o)
                0x00005b14                USB_SetEndpointHalt
 .text.USB_ClearEndpointHalt
                0x00005bfc      0x158 .\CortexM3\ARM_GCC_541\Release\Design01.a(USB_std.o)
                0x00005bfc                USB_ClearEndpointHalt
 .text.USB_ValidateAlternateSetting
                0x00005d54       0x70 .\CortexM3\ARM_GCC_541\Release\Design01.a(USB_std.o)
                0x00005d54                USB_ValidateAlternateSetting
 .text.USB_HandleVendorRqst
                0x00005dc4       0x54 .\CortexM3\ARM_GCC_541\Release\Design01.a(USB_vnd.o)
                0x00005dc4                USB_HandleVendorRqst
 .text.USB_Dp_ClearInterrupt
                0x00005e18       0x20 .\CortexM3\ARM_GCC_541\Release\Design01.a(USB_Dp.o)
                0x00005e18                USB_Dp_ClearInterrupt
 .text.PWM_CondenserLED_Start
                0x00005e38       0x24 .\CortexM3\ARM_GCC_541\Release\Design01.a(PWM_CondenserLED.o)
                0x00005e38                PWM_CondenserLED_Start
 .text.PWM_CondenserLED_Init
                0x00005e5c       0xbc .\CortexM3\ARM_GCC_541\Release\Design01.a(PWM_CondenserLED.o)
                0x00005e5c                PWM_CondenserLED_Init
 .text.PWM_CondenserLED_Enable
                0x00005f18       0x48 .\CortexM3\ARM_GCC_541\Release\Design01.a(PWM_CondenserLED.o)
                0x00005f18                PWM_CondenserLED_Enable
 .text.PWM_CondenserLED_WritePeriod
                0x00005f60       0x20 .\CortexM3\ARM_GCC_541\Release\Design01.a(PWM_CondenserLED.o)
                0x00005f60                PWM_CondenserLED_WritePeriod
 .text.PWM_CondenserLED_WriteCompare
                0x00005f80       0x20 .\CortexM3\ARM_GCC_541\Release\Design01.a(PWM_CondenserLED.o)
                0x00005f80                PWM_CondenserLED_WriteCompare
 .text.PWM_CondenserLED_SetInterruptMode
                0x00005fa0       0x20 .\CortexM3\ARM_GCC_541\Release\Design01.a(PWM_CondenserLED.o)
                0x00005fa0                PWM_CondenserLED_SetInterruptMode
 .text.SPIM_IntClock_Start
                0x00005fc0       0x34 .\CortexM3\ARM_GCC_541\Release\Design01.a(SPIM_IntClock.o)
                0x00005fc0                SPIM_IntClock_Start
 .text.ADC_SAR_Seq_Init
                0x00005ff4       0x50 .\CortexM3\ARM_GCC_541\Release\Design01.a(ADC_SAR_Seq.o)
                0x00005ff4                ADC_SAR_Seq_Init
 .text.ADC_SAR_Seq_Enable
                0x00006044      0x130 .\CortexM3\ARM_GCC_541\Release\Design01.a(ADC_SAR_Seq.o)
                0x00006044                ADC_SAR_Seq_Enable
 .text.ADC_SAR_Seq_Start
                0x00006174       0x30 .\CortexM3\ARM_GCC_541\Release\Design01.a(ADC_SAR_Seq.o)
                0x00006174                ADC_SAR_Seq_Start
 .text.ADC_SAR_Seq_StartConvert
                0x000061a4        0xc .\CortexM3\ARM_GCC_541\Release\Design01.a(ADC_SAR_Seq.o)
                0x000061a4                ADC_SAR_Seq_StartConvert
 .text.ADC_SAR_Seq_GetResult16
                0x000061b0       0x38 .\CortexM3\ARM_GCC_541\Release\Design01.a(ADC_SAR_Seq.o)
                0x000061b0                ADC_SAR_Seq_GetResult16
 .text.ADC_SAR_Seq_ISR
                0x000061e8        0xc .\CortexM3\ARM_GCC_541\Release\Design01.a(ADC_SAR_Seq_INT.o)
                0x000061e8                ADC_SAR_Seq_ISR
 .text.ADC_SAR_Seq_SAR_Start
                0x000061f4       0x24 .\CortexM3\ARM_GCC_541\Release\Design01.a(ADC_SAR_Seq_SAR.o)
                0x000061f4                ADC_SAR_Seq_SAR_Start
 .text.ADC_SAR_Seq_SAR_Init
                0x00006218       0x2c .\CortexM3\ARM_GCC_541\Release\Design01.a(ADC_SAR_Seq_SAR.o)
                0x00006218                ADC_SAR_Seq_SAR_Init
 .text.ADC_SAR_Seq_SAR_Enable
                0x00006244       0xc4 .\CortexM3\ARM_GCC_541\Release\Design01.a(ADC_SAR_Seq_SAR.o)
                0x00006244                ADC_SAR_Seq_SAR_Enable
 .text.ADC_SAR_Seq_SAR_SetResolution
                0x00006308       0x4c .\CortexM3\ARM_GCC_541\Release\Design01.a(ADC_SAR_Seq_SAR.o)
                0x00006308                ADC_SAR_Seq_SAR_SetResolution
 .text.ADC_SAR_Seq_SAR_StartConvert
                0x00006354       0x20 .\CortexM3\ARM_GCC_541\Release\Design01.a(ADC_SAR_Seq_SAR.o)
                0x00006354                ADC_SAR_Seq_SAR_StartConvert
 .text.ADC_SAR_Seq_SAR_CalcGain
                0x00006374       0x7c .\CortexM3\ARM_GCC_541\Release\Design01.a(ADC_SAR_Seq_SAR.o)
 .text.ADC_SAR_Seq_TempBuf_DmaInitialize
                0x000063f0       0x64 .\CortexM3\ARM_GCC_541\Release\Design01.a(ADC_SAR_Seq_TempBuf_dma.o)
                0x000063f0                ADC_SAR_Seq_TempBuf_DmaInitialize
 .text.ADC_SAR_Seq_FinalBuf_DmaInitialize
                0x00006454       0x64 .\CortexM3\ARM_GCC_541\Release\Design01.a(ADC_SAR_Seq_FinalBuf_dma.o)
                0x00006454                ADC_SAR_Seq_FinalBuf_DmaInitialize
 .text.ADC_SAR_Seq_IRQ_SetVector
                0x000064b8       0x24 .\CortexM3\ARM_GCC_541\Release\Design01.a(ADC_SAR_Seq_IRQ.o)
                0x000064b8                ADC_SAR_Seq_IRQ_SetVector
 .text.ADC_SAR_Seq_IRQ_SetPriority
                0x000064dc       0x24 .\CortexM3\ARM_GCC_541\Release\Design01.a(ADC_SAR_Seq_IRQ.o)
                0x000064dc                ADC_SAR_Seq_IRQ_SetPriority
 .text.SPI_SS_Control_Reg_Write
                0x00006500       0x20 .\CortexM3\ARM_GCC_541\Release\Design01.a(SPI_SS_Control_Reg.o)
                0x00006500                SPI_SS_Control_Reg_Write
 .text.Pin_USB_RX_TX_Indicator_LED_Write
                0x00006520       0x34 .\CortexM3\ARM_GCC_541\Release\Design01.a(Pin_USB_RX_TX_Indicator_LED.o)
                0x00006520                Pin_USB_RX_TX_Indicator_LED_Write
 .text.QuadDec_Z_Init
                0x00006554       0x28 .\CortexM3\ARM_GCC_541\Release\Design01.a(QuadDec_Z.o)
                0x00006554                QuadDec_Z_Init
 .text.QuadDec_Z_Enable
                0x0000657c       0x48 .\CortexM3\ARM_GCC_541\Release\Design01.a(QuadDec_Z.o)
                0x0000657c                QuadDec_Z_Enable
 .text.QuadDec_Z_Start
                0x000065c4       0x38 .\CortexM3\ARM_GCC_541\Release\Design01.a(QuadDec_Z.o)
                0x000065c4                QuadDec_Z_Start
 .text.QuadDec_Z_Stop
                0x000065fc       0x40 .\CortexM3\ARM_GCC_541\Release\Design01.a(QuadDec_Z.o)
                0x000065fc                QuadDec_Z_Stop
 .text.QuadDec_Z_GetCounter
                0x0000663c       0x48 .\CortexM3\ARM_GCC_541\Release\Design01.a(QuadDec_Z.o)
                0x0000663c                QuadDec_Z_GetCounter
 .text.QuadDec_Z_SetCounter
                0x00006684       0x38 .\CortexM3\ARM_GCC_541\Release\Design01.a(QuadDec_Z.o)
                0x00006684                QuadDec_Z_SetCounter
 .text.QuadDec_Z_GetEvents
                0x000066bc       0x1c .\CortexM3\ARM_GCC_541\Release\Design01.a(QuadDec_Z.o)
                0x000066bc                QuadDec_Z_GetEvents
 .text.QuadDec_Z_SetInterruptMask
                0x000066d8       0x28 .\CortexM3\ARM_GCC_541\Release\Design01.a(QuadDec_Z.o)
                0x000066d8                QuadDec_Z_SetInterruptMask
 .text.QuadDec_Z_ISR
                0x00006700       0x60 .\CortexM3\ARM_GCC_541\Release\Design01.a(QuadDec_Z_INT.o)
                0x00006700                QuadDec_Z_ISR
 .text.QuadDec_Z_Cnt16_Init
                0x00006760       0x80 .\CortexM3\ARM_GCC_541\Release\Design01.a(QuadDec_Z_Cnt16.o)
                0x00006760                QuadDec_Z_Cnt16_Init
 .text.QuadDec_Z_Cnt16_Enable
                0x000067e0       0x20 .\CortexM3\ARM_GCC_541\Release\Design01.a(QuadDec_Z_Cnt16.o)
                0x000067e0                QuadDec_Z_Cnt16_Enable
 .text.QuadDec_Z_Cnt16_Start
                0x00006800       0x24 .\CortexM3\ARM_GCC_541\Release\Design01.a(QuadDec_Z_Cnt16.o)
                0x00006800                QuadDec_Z_Cnt16_Start
 .text.QuadDec_Z_Cnt16_Stop
                0x00006824       0x20 .\CortexM3\ARM_GCC_541\Release\Design01.a(QuadDec_Z_Cnt16.o)
                0x00006824                QuadDec_Z_Cnt16_Stop
 .text.QuadDec_Z_Cnt16_SetInterruptMode
                0x00006844       0x20 .\CortexM3\ARM_GCC_541\Release\Design01.a(QuadDec_Z_Cnt16.o)
                0x00006844                QuadDec_Z_Cnt16_SetInterruptMode
 .text.QuadDec_Z_Cnt16_ReadStatusRegister
                0x00006864       0x18 .\CortexM3\ARM_GCC_541\Release\Design01.a(QuadDec_Z_Cnt16.o)
                0x00006864                QuadDec_Z_Cnt16_ReadStatusRegister
 .text.QuadDec_Z_Cnt16_WriteCounter
                0x0000687c       0x20 .\CortexM3\ARM_GCC_541\Release\Design01.a(QuadDec_Z_Cnt16.o)
                0x0000687c                QuadDec_Z_Cnt16_WriteCounter
 .text.QuadDec_Z_Cnt16_ReadCounter
                0x0000689c       0x20 .\CortexM3\ARM_GCC_541\Release\Design01.a(QuadDec_Z_Cnt16.o)
                0x0000689c                QuadDec_Z_Cnt16_ReadCounter
 .text.QuadDec_Z_Cnt16_ReadCapture
                0x000068bc       0x18 .\CortexM3\ARM_GCC_541\Release\Design01.a(QuadDec_Z_Cnt16.o)
                0x000068bc                QuadDec_Z_Cnt16_ReadCapture
 .text.QuadDec_Z_Cnt16_WritePeriod
                0x000068d4       0x20 .\CortexM3\ARM_GCC_541\Release\Design01.a(QuadDec_Z_Cnt16.o)
                0x000068d4                QuadDec_Z_Cnt16_WritePeriod
 .text.QuadDec_Z_Cnt16_WriteCompare
                0x000068f4       0x20 .\CortexM3\ARM_GCC_541\Release\Design01.a(QuadDec_Z_Cnt16.o)
                0x000068f4                QuadDec_Z_Cnt16_WriteCompare
 .text.QuadDec_Z_Cnt16_ClearFIFO
                0x00006914       0x1c .\CortexM3\ARM_GCC_541\Release\Design01.a(QuadDec_Z_Cnt16.o)
                0x00006914                QuadDec_Z_Cnt16_ClearFIFO
 .text.Pin_UART_Enable_Read
                0x00006930       0x20 .\CortexM3\ARM_GCC_541\Release\Design01.a(Pin_UART_Enable.o)
                0x00006930                Pin_UART_Enable_Read
 .text.UART_PCB_LOG_Start
                0x00006950       0x24 .\CortexM3\ARM_GCC_541\Release\Design01.a(UART_PCB_LOG.o)
                0x00006950                UART_PCB_LOG_Start
 .text.UART_PCB_LOG_Init
                0x00006974       0x2c .\CortexM3\ARM_GCC_541\Release\Design01.a(UART_PCB_LOG.o)
                0x00006974                UART_PCB_LOG_Init
 .text.UART_PCB_LOG_Enable
                0x000069a0       0x38 .\CortexM3\ARM_GCC_541\Release\Design01.a(UART_PCB_LOG.o)
                0x000069a0                UART_PCB_LOG_Enable
 .text.UART_PCB_LOG_PutChar
                0x000069d8       0x34 .\CortexM3\ARM_GCC_541\Release\Design01.a(UART_PCB_LOG.o)
                0x000069d8                UART_PCB_LOG_PutChar
 .text.UART_PCB_LOG_PutString
                0x00006a0c       0x44 .\CortexM3\ARM_GCC_541\Release\Design01.a(UART_PCB_LOG.o)
                0x00006a0c                UART_PCB_LOG_PutString
 .text.UART_PCB_LOG_IntClock_Start
                0x00006a50       0x34 .\CortexM3\ARM_GCC_541\Release\Design01.a(UART_PCB_LOG_IntClock.o)
                0x00006a50                UART_PCB_LOG_IntClock_Start
 .text.EncoderXnYSelect_Control_Reg_Write
                0x00006a84       0x20 .\CortexM3\ARM_GCC_541\Release\Design01.a(EncoderXnYSelect_Control_Reg.o)
                0x00006a84                EncoderXnYSelect_Control_Reg_Write
 .text.QuadDec_XY_Init
                0x00006aa4       0x28 .\CortexM3\ARM_GCC_541\Release\Design01.a(QuadDec_XY.o)
                0x00006aa4                QuadDec_XY_Init
 .text.QuadDec_XY_Enable
                0x00006acc       0x48 .\CortexM3\ARM_GCC_541\Release\Design01.a(QuadDec_XY.o)
                0x00006acc                QuadDec_XY_Enable
 .text.QuadDec_XY_Start
                0x00006b14       0x38 .\CortexM3\ARM_GCC_541\Release\Design01.a(QuadDec_XY.o)
                0x00006b14                QuadDec_XY_Start
 .text.QuadDec_XY_Stop
                0x00006b4c       0x40 .\CortexM3\ARM_GCC_541\Release\Design01.a(QuadDec_XY.o)
                0x00006b4c                QuadDec_XY_Stop
 .text.QuadDec_XY_GetCounter
                0x00006b8c       0x48 .\CortexM3\ARM_GCC_541\Release\Design01.a(QuadDec_XY.o)
                0x00006b8c                QuadDec_XY_GetCounter
 .text.QuadDec_XY_SetCounter
                0x00006bd4       0x38 .\CortexM3\ARM_GCC_541\Release\Design01.a(QuadDec_XY.o)
                0x00006bd4                QuadDec_XY_SetCounter
 .text.QuadDec_XY_GetEvents
                0x00006c0c       0x1c .\CortexM3\ARM_GCC_541\Release\Design01.a(QuadDec_XY.o)
                0x00006c0c                QuadDec_XY_GetEvents
 .text.QuadDec_XY_SetInterruptMask
                0x00006c28       0x28 .\CortexM3\ARM_GCC_541\Release\Design01.a(QuadDec_XY.o)
                0x00006c28                QuadDec_XY_SetInterruptMask
 .text.QuadDec_XY_ISR
                0x00006c50       0x60 .\CortexM3\ARM_GCC_541\Release\Design01.a(QuadDec_XY_INT.o)
                0x00006c50                QuadDec_XY_ISR
 .text.QuadDec_XY_Cnt16_Init
                0x00006cb0       0x80 .\CortexM3\ARM_GCC_541\Release\Design01.a(QuadDec_XY_Cnt16.o)
                0x00006cb0                QuadDec_XY_Cnt16_Init
 .text.QuadDec_XY_Cnt16_Enable
                0x00006d30       0x20 .\CortexM3\ARM_GCC_541\Release\Design01.a(QuadDec_XY_Cnt16.o)
                0x00006d30                QuadDec_XY_Cnt16_Enable
 .text.QuadDec_XY_Cnt16_Start
                0x00006d50       0x24 .\CortexM3\ARM_GCC_541\Release\Design01.a(QuadDec_XY_Cnt16.o)
                0x00006d50                QuadDec_XY_Cnt16_Start
 .text.QuadDec_XY_Cnt16_Stop
                0x00006d74       0x20 .\CortexM3\ARM_GCC_541\Release\Design01.a(QuadDec_XY_Cnt16.o)
                0x00006d74                QuadDec_XY_Cnt16_Stop
 .text.QuadDec_XY_Cnt16_SetInterruptMode
                0x00006d94       0x20 .\CortexM3\ARM_GCC_541\Release\Design01.a(QuadDec_XY_Cnt16.o)
                0x00006d94                QuadDec_XY_Cnt16_SetInterruptMode
 .text.QuadDec_XY_Cnt16_ReadStatusRegister
                0x00006db4       0x18 .\CortexM3\ARM_GCC_541\Release\Design01.a(QuadDec_XY_Cnt16.o)
                0x00006db4                QuadDec_XY_Cnt16_ReadStatusRegister
 .text.QuadDec_XY_Cnt16_WriteCounter
                0x00006dcc       0x20 .\CortexM3\ARM_GCC_541\Release\Design01.a(QuadDec_XY_Cnt16.o)
                0x00006dcc                QuadDec_XY_Cnt16_WriteCounter
 .text.QuadDec_XY_Cnt16_ReadCounter
                0x00006dec       0x20 .\CortexM3\ARM_GCC_541\Release\Design01.a(QuadDec_XY_Cnt16.o)
                0x00006dec                QuadDec_XY_Cnt16_ReadCounter
 .text.QuadDec_XY_Cnt16_ReadCapture
                0x00006e0c       0x18 .\CortexM3\ARM_GCC_541\Release\Design01.a(QuadDec_XY_Cnt16.o)
                0x00006e0c                QuadDec_XY_Cnt16_ReadCapture
 .text.QuadDec_XY_Cnt16_WritePeriod
                0x00006e24       0x20 .\CortexM3\ARM_GCC_541\Release\Design01.a(QuadDec_XY_Cnt16.o)
                0x00006e24                QuadDec_XY_Cnt16_WritePeriod
 .text.QuadDec_XY_Cnt16_WriteCompare
                0x00006e44       0x20 .\CortexM3\ARM_GCC_541\Release\Design01.a(QuadDec_XY_Cnt16.o)
                0x00006e44                QuadDec_XY_Cnt16_WriteCompare
 .text.QuadDec_XY_Cnt16_ClearFIFO
                0x00006e64       0x1c .\CortexM3\ARM_GCC_541\Release\Design01.a(QuadDec_XY_Cnt16.o)
                0x00006e64                QuadDec_XY_Cnt16_ClearFIFO
 .text          0x00006e80       0x20 .\CortexM3\ARM_GCC_541\Release\Design01.a(CyBootAsmGnu.o)
                0x00006e80                CyDelayCycles
                0x00006e90                CyEnterCriticalSection
                0x00006e98                CyExitCriticalSection
 .text.USB_DispatchClassRqst
                0x00006ea0       0x94 .\CortexM3\ARM_GCC_541\Release\Design01.a(USB_cls.o)
                0x00006ea0                USB_DispatchClassRqst
 .text          0x00006f34      0x370 c:/program files (x86)/cypress/psoc creator/4.4/psoc creator/import/gnu/arm/5.4.1/bin/../lib/gcc/arm-none-eabi/5.4.1/armv7-m\libgcc.a(_arm_addsubdf3.o)
                0x00006f34                __aeabi_drsub
                0x00006f3c                __aeabi_dsub
                0x00006f3c                __subdf3
                0x00006f40                __aeabi_dadd
                0x00006f40                __adddf3
                0x000071b8                __floatunsidf
                0x000071b8                __aeabi_ui2d
                0x000071d8                __floatsidf
                0x000071d8                __aeabi_i2d
                0x000071fc                __aeabi_f2d
                0x000071fc                __extendsfdf2
                0x00007238                __floatundidf
                0x00007238                __aeabi_ul2d
                0x00007248                __floatdidf
                0x00007248                __aeabi_l2d
 .text          0x000072a4      0x424 c:/program files (x86)/cypress/psoc creator/4.4/psoc creator/import/gnu/arm/5.4.1/bin/../lib/gcc/arm-none-eabi/5.4.1/armv7-m\libgcc.a(_arm_muldivdf3.o)
                0x000072a4                __aeabi_dmul
                0x000072a4                __muldf3
                0x000074f8                __divdf3
                0x000074f8                __aeabi_ddiv
 .text          0x000076c8      0x110 c:/program files (x86)/cypress/psoc creator/4.4/psoc creator/import/gnu/arm/5.4.1/bin/../lib/gcc/arm-none-eabi/5.4.1/armv7-m\libgcc.a(_arm_cmpdf2.o)
                0x000076c8                __gtdf2
                0x000076c8                __gedf2
                0x000076d0                __ltdf2
                0x000076d0                __ledf2
                0x000076d8                __nedf2
                0x000076d8                __eqdf2
                0x000076d8                __cmpdf2
                0x00007754                __aeabi_cdrcmple
                0x00007764                __aeabi_cdcmpeq
                0x00007764                __aeabi_cdcmple
                0x00007774                __aeabi_dcmpeq
                0x00007788                __aeabi_dcmplt
                0x0000779c                __aeabi_dcmple
                0x000077b0                __aeabi_dcmpge
                0x000077c4                __aeabi_dcmpgt
 .text          0x000077d8       0x50 c:/program files (x86)/cypress/psoc creator/4.4/psoc creator/import/gnu/arm/5.4.1/bin/../lib/gcc/arm-none-eabi/5.4.1/armv7-m\libgcc.a(_arm_fixdfsi.o)
                0x000077d8                __aeabi_d2iz
                0x000077d8                __fixdfsi
 .text          0x00007828       0x40 c:/program files (x86)/cypress/psoc creator/4.4/psoc creator/import/gnu/arm/5.4.1/bin/../lib/gcc/arm-none-eabi/5.4.1/armv7-m\libgcc.a(_arm_fixunsdfsi.o)
                0x00007828                __aeabi_d2uiz
                0x00007828                __fixunsdfsi
 .text          0x00007868       0xa0 c:/program files (x86)/cypress/psoc creator/4.4/psoc creator/import/gnu/arm/5.4.1/bin/../lib/gcc/arm-none-eabi/5.4.1/armv7-m\libgcc.a(_arm_truncdfsf2.o)
                0x00007868                __truncdfsf2
                0x00007868                __aeabi_d2f
 .text          0x00007908      0x21c c:/program files (x86)/cypress/psoc creator/4.4/psoc creator/import/gnu/arm/5.4.1/bin/../lib/gcc/arm-none-eabi/5.4.1/armv7-m\libgcc.a(_arm_addsubsf3.o)
                0x00007908                __aeabi_frsub
                0x00007910                __subsf3
                0x00007910                __aeabi_fsub
                0x00007914                __aeabi_fadd
                0x00007914                __addsf3
                0x00007a74                __aeabi_ui2f
                0x00007a74                __floatunsisf
                0x00007a7c                __aeabi_i2f
                0x00007a7c                __floatsisf
                0x00007a98                __aeabi_ul2f
                0x00007a98                __floatundisf
                0x00007aa8                __aeabi_l2f
                0x00007aa8                __floatdisf
 .text          0x00007b24       0x40 c:/program files (x86)/cypress/psoc creator/4.4/psoc creator/import/gnu/arm/5.4.1/bin/../lib/gcc/arm-none-eabi/5.4.1/armv7-m\libgcc.a(_arm_fixunssfsi.o)
                0x00007b24                __fixunssfsi
                0x00007b24                __aeabi_f2uiz
 .text.__errno  0x00007b64        0xc c:/program files (x86)/cypress/psoc creator/4.4/psoc creator/import/gnu/arm/5.4.1/bin/../lib/gcc/arm-none-eabi/5.4.1/../../../../arm-none-eabi/lib/armv7-m\libg_nano.a(lib_a-errno.o)
                0x00007b64                __errno
 .text.__libc_init_array
                0x00007b70       0x4c c:/program files (x86)/cypress/psoc creator/4.4/psoc creator/import/gnu/arm/5.4.1/bin/../lib/gcc/arm-none-eabi/5.4.1/../../../../arm-none-eabi/lib/armv7-m\libg_nano.a(lib_a-init.o)
                0x00007b70                __libc_init_array
 .text.memcpy   0x00007bbc       0x16 c:/program files (x86)/cypress/psoc creator/4.4/psoc creator/import/gnu/arm/5.4.1/bin/../lib/gcc/arm-none-eabi/5.4.1/../../../../arm-none-eabi/lib/armv7-m\libg_nano.a(lib_a-memcpy-stub.o)
                0x00007bbc                memcpy
 .text.memset   0x00007bd2       0x10 c:/program files (x86)/cypress/psoc creator/4.4/psoc creator/import/gnu/arm/5.4.1/bin/../lib/gcc/arm-none-eabi/5.4.1/../../../../arm-none-eabi/lib/armv7-m\libg_nano.a(lib_a-memset.o)
                0x00007bd2                memset
 *fill*         0x00007be2        0x2 
 .text.sprintf  0x00007be4       0x48 c:/program files (x86)/cypress/psoc creator/4.4/psoc creator/import/gnu/arm/5.4.1/bin/../lib/gcc/arm-none-eabi/5.4.1/../../../../arm-none-eabi/lib/armv7-m\libg_nano.a(lib_a-sprintf.o)
                0x00007be4                siprintf
                0x00007be4                sprintf
 .text.strncmp  0x00007c2c       0x2a c:/program files (x86)/cypress/psoc creator/4.4/psoc creator/import/gnu/arm/5.4.1/bin/../lib/gcc/arm-none-eabi/5.4.1/../../../../arm-none-eabi/lib/armv7-m\libg_nano.a(lib_a-strncmp.o)
                0x00007c2c                strncmp
 .text.strncpy  0x00007c56       0x26 c:/program files (x86)/cypress/psoc creator/4.4/psoc creator/import/gnu/arm/5.4.1/bin/../lib/gcc/arm-none-eabi/5.4.1/../../../../arm-none-eabi/lib/armv7-m\libg_nano.a(lib_a-strncpy.o)
                0x00007c56                strncpy
 .text.__ssputs_r
                0x00007c7c       0xb2 c:/program files (x86)/cypress/psoc creator/4.4/psoc creator/import/gnu/arm/5.4.1/bin/../lib/gcc/arm-none-eabi/5.4.1/../../../../arm-none-eabi/lib/armv7-m\libg_nano.a(lib_a-nano-svfprintf.o)
                0x00007c7c                __ssputs_r
 *fill*         0x00007d2e        0x2 
 .text._svfprintf_r
                0x00007d30      0x1e8 c:/program files (x86)/cypress/psoc creator/4.4/psoc creator/import/gnu/arm/5.4.1/bin/../lib/gcc/arm-none-eabi/5.4.1/../../../../arm-none-eabi/lib/armv7-m\libg_nano.a(lib_a-nano-svfprintf.o)
                0x00007d30                _svfiprintf_r
                0x00007d30                _svfprintf_r
 .text._printf_common
                0x00007f18       0xec c:/program files (x86)/cypress/psoc creator/4.4/psoc creator/import/gnu/arm/5.4.1/bin/../lib/gcc/arm-none-eabi/5.4.1/../../../../arm-none-eabi/lib/armv7-m\libg_nano.a(lib_a-nano-vfprintf_i.o)
                0x00007f18                _printf_common
 .text._printf_i
                0x00008004      0x24c c:/program files (x86)/cypress/psoc creator/4.4/psoc creator/import/gnu/arm/5.4.1/bin/../lib/gcc/arm-none-eabi/5.4.1/../../../../arm-none-eabi/lib/armv7-m\libg_nano.a(lib_a-nano-vfprintf_i.o)
                0x00008004                _printf_i
 .text.memchr   0x00008250       0x1c c:/program files (x86)/cypress/psoc creator/4.4/psoc creator/import/gnu/arm/5.4.1/bin/../lib/gcc/arm-none-eabi/5.4.1/../../../../arm-none-eabi/lib/armv7-m\libg_nano.a(lib_a-memchr-stub.o)
                0x00008250                memchr
 .text.memmove  0x0000826c       0x36 c:/program files (x86)/cypress/psoc creator/4.4/psoc creator/import/gnu/arm/5.4.1/bin/../lib/gcc/arm-none-eabi/5.4.1/../../../../arm-none-eabi/lib/armv7-m\libg_nano.a(lib_a-memmove.o)
                0x0000826c                memmove
 *fill*         0x000082a2        0x2 
 .text._free_r  0x000082a4       0x98 c:/program files (x86)/cypress/psoc creator/4.4/psoc creator/import/gnu/arm/5.4.1/bin/../lib/gcc/arm-none-eabi/5.4.1/../../../../arm-none-eabi/lib/armv7-m\libg_nano.a(lib_a-nano-freer.o)
                0x000082a4                _free_r
 .text._malloc_r
                0x0000833c       0xbc c:/program files (x86)/cypress/psoc creator/4.4/psoc creator/import/gnu/arm/5.4.1/bin/../lib/gcc/arm-none-eabi/5.4.1/../../../../arm-none-eabi/lib/armv7-m\libg_nano.a(lib_a-nano-mallocr.o)
                0x0000833c                _malloc_r
 .text._realloc_r
                0x000083f8       0x4c c:/program files (x86)/cypress/psoc creator/4.4/psoc creator/import/gnu/arm/5.4.1/bin/../lib/gcc/arm-none-eabi/5.4.1/../../../../arm-none-eabi/lib/armv7-m\libg_nano.a(lib_a-nano-reallocr.o)
                0x000083f8                _realloc_r
 .text._sbrk_r  0x00008444       0x20 c:/program files (x86)/cypress/psoc creator/4.4/psoc creator/import/gnu/arm/5.4.1/bin/../lib/gcc/arm-none-eabi/5.4.1/../../../../arm-none-eabi/lib/armv7-m\libg_nano.a(lib_a-sbrkr.o)
                0x00008444                _sbrk_r
 .text.__malloc_lock
                0x00008464        0x2 c:/program files (x86)/cypress/psoc creator/4.4/psoc creator/import/gnu/arm/5.4.1/bin/../lib/gcc/arm-none-eabi/5.4.1/../../../../arm-none-eabi/lib/armv7-m\libg_nano.a(lib_a-mlock.o)
                0x00008464                __malloc_lock
 .text.__malloc_unlock
                0x00008466        0x2 c:/program files (x86)/cypress/psoc creator/4.4/psoc creator/import/gnu/arm/5.4.1/bin/../lib/gcc/arm-none-eabi/5.4.1/../../../../arm-none-eabi/lib/armv7-m\libg_nano.a(lib_a-mlock.o)
                0x00008466                __malloc_unlock
 .text._malloc_usable_size_r
                0x00008468       0x14 c:/program files (x86)/cypress/psoc creator/4.4/psoc creator/import/gnu/arm/5.4.1/bin/../lib/gcc/arm-none-eabi/5.4.1/../../../../arm-none-eabi/lib/armv7-m\libg_nano.a(lib_a-nano-msizer.o)
                0x00008468                _malloc_usable_size_r
 *(.plt)
 *(.gnu.warning)
 *(.glue_7t)
 .glue_7t       0x0000847c        0x0 linker stubs
 *(.glue_7)
 .glue_7        0x0000847c        0x0 linker stubs
 *(.vfp11_veneer)
 .vfp11_veneer  0x0000847c        0x0 linker stubs
 *(.bootloader)
 *(.ARM.extab* .gnu.linkonce.armextab.*)
 *(.gcc_except_table)

.v4_bx          0x0000847c        0x0
 .v4_bx         0x0000847c        0x0 linker stubs

.iplt           0x0000847c        0x0
 .iplt          0x0000847c        0x0 c:/program files (x86)/cypress/psoc creator/4.4/psoc creator/import/gnu/arm/5.4.1/bin/../lib/gcc/arm-none-eabi/5.4.1/armv7-m/crtbegin.o

.eh_frame_hdr
 *(.eh_frame_hdr)

.eh_frame       0x0000847c        0x4
 *(.eh_frame)
 .eh_frame      0x0000847c        0x0 c:/program files (x86)/cypress/psoc creator/4.4/psoc creator/import/gnu/arm/5.4.1/bin/../lib/gcc/arm-none-eabi/5.4.1/armv7-m/crtbegin.o
 .eh_frame      0x0000847c        0x4 c:/program files (x86)/cypress/psoc creator/4.4/psoc creator/import/gnu/arm/5.4.1/bin/../lib/gcc/arm-none-eabi/5.4.1/armv7-m/crtend.o
                [!provide]                PROVIDE (__exidx_start, .)

.ARM.exidx
 *(.ARM.exidx* .gnu.linkonce.armexidx.*)
                0x00008480                __exidx_end = .

.rodata         0x00008480     0x1e88
 *(.rodata .rodata.* .gnu.linkonce.r.*)
 .rodata        0x00008480       0x44 .\CortexM3\ARM_GCC_541\Release\main.o
 .rodata        0x000084c4      0xbb2 .\CortexM3\ARM_GCC_541\Release\L6470.o
 *fill*         0x00009076        0x2 
 .rodata        0x00009078      0xff4 .\CortexM3\ARM_GCC_541\Release\cyfitter_cfg.o
 .rodata        0x0000a06c       0x11 .\CortexM3\ARM_GCC_541\Release\Design01.a(USB_std.o)
 *fill*         0x0000a07d        0x3 
 .rodata        0x0000a080      0x21c .\CortexM3\ARM_GCC_541\Release\Design01.a(USB_descr.o)
                0x0000a080                USB_DEVICE0_DESCR
                0x0000a094                USB_DEVICE0_CONFIGURATION0_DESCR
                0x0000a0d8                USB_STRING_DESCRIPTORS
                0x0000a1c0                USB_SN_STRING_DESCRIPTOR
                0x0000a1c4                USB_HIDREPORT_DESCRIPTOR1
                0x0000a1fc                USB_DEVICE0_CONFIGURATION0_EP_SETTINGS_TABLE
                0x0000a214                USB_DEVICE0_CONFIGURATION0_INTERFACE_CLASS
                0x0000a218                USB_DEVICE0_CONFIGURATION0_TABLE
                0x0000a240                USB_DEVICE0_TABLE
                0x0000a258                USB_TABLE
                0x0000a260                USB_MSOS_DESCRIPTOR
                0x0000a274                USB_MSOS_CONFIGURATION_DESCR
 .rodata.str1.1
                0x0000a29c        0x2 c:/program files (x86)/cypress/psoc creator/4.4/psoc creator/import/gnu/arm/5.4.1/bin/../lib/gcc/arm-none-eabi/5.4.1/../../../../arm-none-eabi/lib/armv7-m\libg_nano.a(lib_a-impure.o)
 .rodata.str1.1
                0x0000a29e       0x11 c:/program files (x86)/cypress/psoc creator/4.4/psoc creator/import/gnu/arm/5.4.1/bin/../lib/gcc/arm-none-eabi/5.4.1/../../../../arm-none-eabi/lib/armv7-m\libg_nano.a(lib_a-nano-svfprintf.o)
 .rodata.str1.1
                0x0000a2af       0x22 c:/program files (x86)/cypress/psoc creator/4.4/psoc creator/import/gnu/arm/5.4.1/bin/../lib/gcc/arm-none-eabi/5.4.1/../../../../arm-none-eabi/lib/armv7-m\libg_nano.a(lib_a-nano-vfprintf_i.o)
                0x0000a2d4                . = ALIGN (0x4)
 *fill*         0x0000a2d1        0x3 
 *(.init)
 .init          0x0000a2d4        0x4 c:/program files (x86)/cypress/psoc creator/4.4/psoc creator/import/gnu/arm/5.4.1/bin/../lib/gcc/arm-none-eabi/5.4.1/armv7-m/crti.o
                0x0000a2d4                _init
 .init          0x0000a2d8        0x8 c:/program files (x86)/cypress/psoc creator/4.4/psoc creator/import/gnu/arm/5.4.1/bin/../lib/gcc/arm-none-eabi/5.4.1/armv7-m/crtn.o
                0x0000a2e0                . = ALIGN (0x4)
                0x0000a2e0                __preinit_array_start = .
 *(.preinit_array)
                0x0000a2e0                __preinit_array_end = .
                0x0000a2e0                . = ALIGN (0x4)
                0x0000a2e0                __init_array_start = .
 *(SORT(.init_array.*))
 *(.init_array)
 .init_array    0x0000a2e0        0x4 c:/program files (x86)/cypress/psoc creator/4.4/psoc creator/import/gnu/arm/5.4.1/bin/../lib/gcc/arm-none-eabi/5.4.1/armv7-m/crtbegin.o
 .init_array    0x0000a2e4        0x4 .\CortexM3\ARM_GCC_541\Release\Cm3Start.o
                0x0000a2e8                __init_array_end = .
                0x0000a2e8                . = ALIGN (0x4)
 *(.fini)
 .fini          0x0000a2e8        0x4 c:/program files (x86)/cypress/psoc creator/4.4/psoc creator/import/gnu/arm/5.4.1/bin/../lib/gcc/arm-none-eabi/5.4.1/armv7-m/crti.o
                0x0000a2e8                _fini
 .fini          0x0000a2ec        0x8 c:/program files (x86)/cypress/psoc creator/4.4/psoc creator/import/gnu/arm/5.4.1/bin/../lib/gcc/arm-none-eabi/5.4.1/armv7-m/crtn.o
                0x0000a2f4                . = ALIGN (0x4)
                0x0000a2f4                __fini_array_start = .
 *(.fini_array)
 .fini_array    0x0000a2f4        0x4 c:/program files (x86)/cypress/psoc creator/4.4/psoc creator/import/gnu/arm/5.4.1/bin/../lib/gcc/arm-none-eabi/5.4.1/armv7-m/crtbegin.o
 *(SORT(.fini_array.*))
                0x0000a2f8                __fini_array_end = .
                0x0000a2f8                . = ALIGN (0x4)
 *crtbegin.o(.ctors)
 *(EXCLUDE_FILE(*crtend.o) .ctors)
 *(SORT(.ctors.*))
 *crtend.o(.ctors)
                0x0000a2f8                . = ALIGN (0x4)
 *crtbegin.o(.dtors)
 *(EXCLUDE_FILE(*crtend.o) .dtors)
 *(SORT(.dtors.*))
 *crtend.o(.dtors)
                0x0000a2f8                . = ALIGN (0x4)
                0x0000a2f8                __cy_regions = .
                0x0000a2f8        0x4 LONG 0xa308 __cy_region_init_ram
                0x0000a2fc        0x4 LONG 0x1fff80c8 __cy_region_start_data
                0x0000a300        0x4 LONG 0xd0 __cy_region_init_size_ram
                0x0000a304        0x4 LONG 0x238 __cy_region_zero_size_ram
                0x0000a308                __cy_regions_end = .
                0x0000a308                . = ALIGN (0x8)
                0x0000a308                _etext = .

.cy_checksum_exclude
                0x0000a308        0x0
 *(.cy_checksum_exclude)

.ramvectors     0x1fff8000       0xc0
                0x1fff8000                __cy_region_start_ram = .
 *(.ramvectors)
 .ramvectors    0x1fff8000       0xc0 .\CortexM3\ARM_GCC_541\Release\Cm3Start.o
                0x1fff8000                CyRamVectors

.noinit         0x1fff80c0        0x5
 *(.noinit)
 .noinit        0x1fff80c0        0x4 .\CortexM3\ARM_GCC_541\Release\Cm3Start.o
 .noinit        0x1fff80c4        0x1 .\CortexM3\ARM_GCC_541\Release\Design01.a(CyLib.o)
                0x1fff80c4                CyResetStatus

.data           0x1fff80c8       0xd0 load address 0x0000a308
                0x1fff80c8                __cy_region_start_data = .
 *(.jcr)
 .jcr           0x1fff80c8        0x0 c:/program files (x86)/cypress/psoc creator/4.4/psoc creator/import/gnu/arm/5.4.1/bin/../lib/gcc/arm-none-eabi/5.4.1/armv7-m/crtbegin.o
 .jcr           0x1fff80c8        0x4 c:/program files (x86)/cypress/psoc creator/4.4/psoc creator/import/gnu/arm/5.4.1/bin/../lib/gcc/arm-none-eabi/5.4.1/armv7-m/crtend.o
 *(.got.plt)
 *(.got)
 *(.shdata)
 *(.data .data.* .gnu.linkonce.d.*)
 .data          0x1fff80cc       0x29 .\CortexM3\ARM_GCC_541\Release\L6470.o
                0x1fff80cc                Time_Out_Error
                0x1fff80d0                Motor_Speed_X
                0x1fff80d4                Motor_Speed_Y
                0x1fff80d8                Motor_Speed_Z
                0x1fff80dc                step_correction_loop_x
                0x1fff80e0                step_correction_loop_y
                0x1fff80e4                step_correction_loop_z
 *fill*         0x1fff80f5        0x3 
 .data          0x1fff80f8        0x4 .\CortexM3\ARM_GCC_541\Release\Cm3Start.o
 .data          0x1fff80fc        0x8 .\CortexM3\ARM_GCC_541\Release\Design01.a(CyDmac.o)
 .data          0x1fff8104       0x10 .\CortexM3\ARM_GCC_541\Release\Design01.a(CyLib.o)
                0x1fff8104                cydelay_freq_hz
                0x1fff8108                cydelay_freq_khz
                0x1fff810c                cydelay_freq_mhz
                0x1fff8110                cydelay_32k_ms
 .data          0x1fff8114       0x1a .\CortexM3\ARM_GCC_541\Release\Design01.a(USB_cdc.o)
                0x1fff8114                USB_linesCoding
 .data          0x1fff812e        0x2 .\CortexM3\ARM_GCC_541\Release\Design01.a(ADC_SAR_Seq.o)
 .data          0x1fff8130        0x1 .\CortexM3\ARM_GCC_541\Release\Design01.a(ADC_SAR_Seq_TempBuf_dma.o)
                0x1fff8130                ADC_SAR_Seq_TempBuf_DmaHandle
 .data          0x1fff8131        0x1 .\CortexM3\ARM_GCC_541\Release\Design01.a(ADC_SAR_Seq_FinalBuf_dma.o)
                0x1fff8131                ADC_SAR_Seq_FinalBuf_DmaHandle
 *fill*         0x1fff8132        0x2 
 .data.impure_data
                0x1fff8134       0x60 c:/program files (x86)/cypress/psoc creator/4.4/psoc creator/import/gnu/arm/5.4.1/bin/../lib/gcc/arm-none-eabi/5.4.1/../../../../arm-none-eabi/lib/armv7-m\libg_nano.a(lib_a-impure.o)
 .data._impure_ptr
                0x1fff8194        0x4 c:/program files (x86)/cypress/psoc creator/4.4/psoc creator/import/gnu/arm/5.4.1/bin/../lib/gcc/arm-none-eabi/5.4.1/../../../../arm-none-eabi/lib/armv7-m\libg_nano.a(lib_a-impure.o)
                0x1fff8194                _impure_ptr
                0x1fff8198                . = ALIGN (0x8)
 *(.ram)
                0x1fff8198                _edata = .

.igot.plt       0x1fff8198        0x0 load address 0x0000a3d8
 .igot.plt      0x1fff8198        0x0 c:/program files (x86)/cypress/psoc creator/4.4/psoc creator/import/gnu/arm/5.4.1/bin/../lib/gcc/arm-none-eabi/5.4.1/armv7-m/crtbegin.o

.bss            0x1fff8198      0x238 load address 0x0000a3d8
                0x1fff8198                PROVIDE (__bss_start__, .)
 *(.shbss)
 *(.bss .bss.* .gnu.linkonce.b.*)
 .bss           0x1fff8198       0x1c c:/program files (x86)/cypress/psoc creator/4.4/psoc creator/import/gnu/arm/5.4.1/bin/../lib/gcc/arm-none-eabi/5.4.1/armv7-m/crtbegin.o
 .bss           0x1fff81b4       0x55 .\CortexM3\ARM_GCC_541\Release\L6470.o
                0x1fff81b4                Error
                0x1fff81b8                X_last_position
                0x1fff81bc                Y_last_position
                0x1fff81c0                Z_last_position
                0x1fff81c4                Position_X_Requested
                0x1fff81c8                Position_Y_Requested
                0x1fff81cc                Position_Z_Requested
                0x1fff81d0                Position_X_Move
                0x1fff81d4                Position_Y_Move
                0x1fff81d8                Position_Z_Move
                0x1fff81dc                X_QuadPosition
                0x1fff81e0                Y_QuadPosition
                0x1fff81e4                Z_QuadPosition
                0x1fff81e8                No_of_X_Cycle
                0x1fff81ec                No_of_Y_Cycle
                0x1fff81f0                No_of_Z_Cycle
                0x1fff81f4                HomeX_done
                0x1fff81f5                HomeY_done
                0x1fff81f6                HomeZ_done
                0x1fff81f8                EncoderXnYSelect
                0x1fff81fc                Buffer_X_QuadPosition
                0x1fff8200                Buffer_Y_QuadPosition
                0x1fff8204                PWM_comare_value
 .bss           0x1fff8209        0x1 .\CortexM3\ARM_GCC_541\Release\Design01.a(SPIM.o)
                0x1fff8209                SPIM_initVar
 .bss           0x1fff820a        0x1 .\CortexM3\ARM_GCC_541\Release\Design01.a(USB.o)
                0x1fff820a                USB_initVar
 .bss           0x1fff820b        0x1 .\CortexM3\ARM_GCC_541\Release\Design01.a(USB_cdc.o)
 .bss           0x1fff820c        0x2 .\CortexM3\ARM_GCC_541\Release\Design01.a(USB_std.o)
 .bss           0x1fff820e        0x1 .\CortexM3\ARM_GCC_541\Release\Design01.a(PWM_CondenserLED.o)
                0x1fff820e                PWM_CondenserLED_initVar
 *fill*         0x1fff820f        0x1 
 .bss           0x1fff8210        0xe .\CortexM3\ARM_GCC_541\Release\Design01.a(ADC_SAR_Seq.o)
                0x1fff8210                ADC_SAR_Seq_initVar
 .bss           0x1fff821e        0x1 .\CortexM3\ARM_GCC_541\Release\Design01.a(ADC_SAR_Seq_SAR.o)
                0x1fff821e                ADC_SAR_Seq_SAR_initVar
 .bss           0x1fff821f        0x1 .\CortexM3\ARM_GCC_541\Release\Design01.a(QuadDec_Z.o)
                0x1fff821f                QuadDec_Z_initVar
 .bss           0x1fff8220        0x4 .\CortexM3\ARM_GCC_541\Release\Design01.a(QuadDec_Z_INT.o)
                0x1fff8220                QuadDec_Z_count32SoftPart
 .bss           0x1fff8224        0x1 .\CortexM3\ARM_GCC_541\Release\Design01.a(QuadDec_Z_Cnt16.o)
                0x1fff8224                QuadDec_Z_Cnt16_initVar
 .bss           0x1fff8225        0x2 .\CortexM3\ARM_GCC_541\Release\Design01.a(UART_PCB_LOG.o)
                0x1fff8225                UART_PCB_LOG_initVar
 .bss           0x1fff8227        0x1 .\CortexM3\ARM_GCC_541\Release\Design01.a(QuadDec_XY.o)
                0x1fff8227                QuadDec_XY_initVar
 .bss           0x1fff8228        0x4 .\CortexM3\ARM_GCC_541\Release\Design01.a(QuadDec_XY_INT.o)
                0x1fff8228                QuadDec_XY_count32SoftPart
 .bss           0x1fff822c        0x1 .\CortexM3\ARM_GCC_541\Release\Design01.a(QuadDec_XY_Cnt16.o)
                0x1fff822c                QuadDec_XY_Cnt16_initVar
 *fill*         0x1fff822d        0x3 
 .bss.__malloc_sbrk_start
                0x1fff8230        0x4 c:/program files (x86)/cypress/psoc creator/4.4/psoc creator/import/gnu/arm/5.4.1/bin/../lib/gcc/arm-none-eabi/5.4.1/../../../../arm-none-eabi/lib/armv7-m\libg_nano.a(lib_a-nano-mallocr.o)
                0x1fff8230                __malloc_sbrk_start
 .bss.__malloc_free_list
                0x1fff8234        0x4 c:/program files (x86)/cypress/psoc creator/4.4/psoc creator/import/gnu/arm/5.4.1/bin/../lib/gcc/arm-none-eabi/5.4.1/../../../../arm-none-eabi/lib/armv7-m\libg_nano.a(lib_a-nano-mallocr.o)
                0x1fff8234                __malloc_free_list
 *(COMMON)
 COMMON         0x1fff8238       0x8a .\CortexM3\ARM_GCC_541\Release\main.o
                0x1fff8238                Inter_Stage_QuadPosition
                0x1fff823c                Is_Slide_On_Gripper
                0x1fff8240                USB_received
                0x1fff8280                InterStage_QuadPosition
                0x1fff8284                count
                0x1fff8288                USB_transmit
 *fill*         0x1fff82c2        0x2 
 COMMON         0x1fff82c4        0x4 .\CortexM3\ARM_GCC_541\Release\L6470.o
                0x1fff82c4                command
 COMMON         0x1fff82c8        0xf .\CortexM3\ARM_GCC_541\Release\Design01.a(SPIM.o)
                0x1fff82c8                SPIM_txBuffer
                0x1fff82d2                SPIM_swStatusTx
                0x1fff82d3                SPIM_txBufferFull
                0x1fff82d4                SPIM_txBufferRead
                0x1fff82d5                SPIM_txBufferWrite
                0x1fff82d6                SPIM_swStatusRx
 *fill*         0x1fff82d7        0x1 
 COMMON         0x1fff82d8       0x16 .\CortexM3\ARM_GCC_541\Release\Design01.a(USB_cdc.o)
                0x1fff82d8                USB_linesControlBitmap
                0x1fff82dc                USB_cdcCommInInterruptEp
                0x1fff82e0                USB_serialStateBitmap
                0x1fff82e4                USB_cdcDataOutEp
                0x1fff82e8                USB_cdcDataInEp
                0x1fff82ec                USB_linesChanged
 *fill*         0x1fff82ee        0x2 
 COMMON         0x1fff82f0       0x98 .\CortexM3\ARM_GCC_541\Release\Design01.a(USB_drv.o)
                0x1fff82f0                USB_transferState
                0x1fff82f1                USB_interfaceNumber
                0x1fff82f2                USB_lastPacketSize
                0x1fff82f4                USB_interfaceClass
                0x1fff82f8                USB_interfaceSetting
                0x1fff82fa                USB_ep0Mode
                0x1fff82fb                USB_device
                0x1fff82fc                USB_deviceAddress
                0x1fff82fd                USB_ep0Toggle
                0x1fff8300                USB_interfaceSettingLast
                0x1fff8302                USB_configurationChanged
                0x1fff8304                USB_interfaceStatus
                0x1fff8306                USB_transferByteCount
                0x1fff8308                USB_configuration
                0x1fff830c                USB_currentTD
                0x1fff8318                USB_ep0Count
                0x1fff8319                USB_deviceStatus
                0x1fff831c                USB_EP
 COMMON         0x1fff8388        0xa .\CortexM3\ARM_GCC_541\Release\Design01.a(USB_hid.o)
                0x1fff8388                USB_hidProtocol
                0x1fff838c                USB_hidIdleRate
                0x1fff8390                USB_hidIdleTimer
 *fill*         0x1fff8392        0x2 
 COMMON         0x1fff8394        0x6 .\CortexM3\ARM_GCC_541\Release\Design01.a(ADC_SAR_Seq.o)
                0x1fff8394                ADC_SAR_Seq_finalArray
 *fill*         0x1fff839a        0x2 
 COMMON         0x1fff839c        0xa .\CortexM3\ARM_GCC_541\Release\Design01.a(ADC_SAR_Seq_SAR.o)
                0x1fff839c                ADC_SAR_Seq_SAR_offset
                0x1fff839e                ADC_SAR_Seq_SAR_countsPerVolt
                0x1fff83a0                ADC_SAR_Seq_SAR_countsPer10Volt
                0x1fff83a4                ADC_SAR_Seq_SAR_shift
 *fill*         0x1fff83a6        0x2 
 COMMON         0x1fff83a8       0x22 .\CortexM3\ARM_GCC_541\Release\Design01.a(USB_descr.o)
                0x1fff83a8                USB_idSerialNumberStringDescriptor
 *fill*         0x1fff83ca        0x2 
 COMMON         0x1fff83cc        0x4 c:/program files (x86)/cypress/psoc creator/4.4/psoc creator/import/gnu/arm/5.4.1/bin/../lib/gcc/arm-none-eabi/5.4.1/../../../../arm-none-eabi/lib/armv7-m\libg_nano.a(lib_a-reent.o)
                0x1fff83cc                errno
                0x1fff83d0                . = ALIGN (0x8)
 *(.ram.b)
                0x1fff83d0                _end = .
                0x1fff83d0                __end = .
                0x1fff83d0                PROVIDE (end, .)
                0x1fff83d0                PROVIDE (__bss_end__, .)
                0x0000a308                __cy_region_init_ram = LOADADDR (.data)
                0x000000d0                __cy_region_init_size_ram = (_edata - ADDR (.data))
                0x00000238                __cy_region_zero_size_ram = (_end - _edata)

.heap           0x1fff83d0       0x80 load address 0x0000a3d8
                0x1fff83d0                . = _end
                0x1fff8450                . = (. + 0x80)
 *fill*         0x1fff83d0       0x80 
                0x1fff8450                __cy_heap_limit = .

.stack          0x20007800      0x800
                0x20007800                __cy_stack_limit = .
                0x20008000                . = (. + 0x800)
 *fill*         0x20007800      0x800 
                0x00000001                ASSERT ((__cy_stack_limit >= __cy_heap_limit), region RAM overflowed with stack)
                0x00000000                cy_checksum_exclude_size = (CY_APPL_LOADABLE == 0x1)?SIZEOF (.cy_checksum_exclude):0x0
                0x00000001                ASSERT ((cy_checksum_exclude_size <= CY_CHECKSUM_EXCLUDE_SIZE), CY_BOOT: Section .cy_checksum_exclude size exceedes specified limit.)

.cyloadermeta
 *(.cyloadermeta)

.cyloadablemeta
 *(.cyloadablemeta)

.cyconfigecc
 *(.cyconfigecc)

.cycustnvl      0x90000000        0x4
 *(.cycustnvl)
 .cycustnvl     0x90000000        0x4 .\CortexM3\ARM_GCC_541\Release\cymetadata.o
                0x90000000                cy_meta_custnvl

.cywolatch      0x90100000        0x4
 *(.cywolatch)
 .cywolatch     0x90100000        0x4 .\CortexM3\ARM_GCC_541\Release\cymetadata.o
                0x90100000                cy_meta_wonvl

.cyeeprom       0x90200000        0x0
 *(.cyeeprom)
                0x00000001                ASSERT ((. <= ((0x90200000 + ee_offset) + ee_size)), .cyeeprom data will not fit in EEPROM)

.cyflashprotect
                0x90400000      0x100
 *(.cyflashprotect)
 .cyflashprotect
                0x90400000      0x100 .\CortexM3\ARM_GCC_541\Release\cymetadata.o
                0x90400000                cy_meta_flashprotect

.cymeta         0x90500000        0xc
 *(.cymeta)
 .cymeta        0x90500000        0xc .\CortexM3\ARM_GCC_541\Release\cymetadata.o
                0x90500000                cy_metadata

.rel.dyn        0x0000a3d8        0x0 load address 0x9050000c
 .rel.iplt      0x0000a3d8        0x0 c:/program files (x86)/cypress/psoc creator/4.4/psoc creator/import/gnu/arm/5.4.1/bin/../lib/gcc/arm-none-eabi/5.4.1/armv7-m/crtbegin.o

.stab
 *(.stab)

.stabstr
 *(.stabstr)

.debug
 *(.debug)

.line
 *(.line)

.debug_srcinfo
 *(.debug_srcinfo)

.debug_sfnames
 *(.debug_sfnames)

.debug_aranges  0x00000000     0x15e8
 *(.debug_aranges)
 .debug_aranges
                0x00000000       0x20 .\CortexM3\ARM_GCC_541\Release\main.o
 .debug_aranges
                0x00000020      0x188 .\CortexM3\ARM_GCC_541\Release\L6470.o
 .debug_aranges
                0x000001a8       0x60 .\CortexM3\ARM_GCC_541\Release\cyfitter_cfg.o
 .debug_aranges
                0x00000208       0x18 .\CortexM3\ARM_GCC_541\Release\cymetadata.o
 .debug_aranges
                0x00000220       0x48 .\CortexM3\ARM_GCC_541\Release\Cm3Start.o
 .debug_aranges
                0x00000268       0x38 .\CortexM3\ARM_GCC_541\Release\Design01.a(Pin_FlagMotorX.o)
 .debug_aranges
                0x000002a0       0x38 .\CortexM3\ARM_GCC_541\Release\Design01.a(Pin_BusyMotorX.o)
 .debug_aranges
                0x000002d8       0x38 .\CortexM3\ARM_GCC_541\Release\Design01.a(Pin_ResetMotorX.o)
 .debug_aranges
                0x00000310       0x38 .\CortexM3\ARM_GCC_541\Release\Design01.a(Pin_FlagMotorY.o)
 .debug_aranges
                0x00000348       0x38 .\CortexM3\ARM_GCC_541\Release\Design01.a(Pin_BusyMotorY.o)
 .debug_aranges
                0x00000380       0x38 .\CortexM3\ARM_GCC_541\Release\Design01.a(Pin_ResetMotorY.o)
 .debug_aranges
                0x000003b8       0x38 .\CortexM3\ARM_GCC_541\Release\Design01.a(Pin_FlagMotorZ.o)
 .debug_aranges
                0x000003f0       0x38 .\CortexM3\ARM_GCC_541\Release\Design01.a(Pin_BusyMotorZ.o)
 .debug_aranges
                0x00000428       0x38 .\CortexM3\ARM_GCC_541\Release\Design01.a(Pin_ResetMotorZ.o)
 .debug_aranges
                0x00000460       0xd8 .\CortexM3\ARM_GCC_541\Release\Design01.a(SPIM.o)
 .debug_aranges
                0x00000538       0x28 .\CortexM3\ARM_GCC_541\Release\Design01.a(SPIM_INT.o)
 .debug_aranges
                0x00000560       0xd8 .\CortexM3\ARM_GCC_541\Release\Design01.a(CyDmac.o)
 .debug_aranges
                0x00000638      0x2a0 .\CortexM3\ARM_GCC_541\Release\Design01.a(CyLib.o)
 .debug_aranges
                0x000008d8       0x98 .\CortexM3\ARM_GCC_541\Release\Design01.a(cyPm.o)
 .debug_aranges
                0x00000970       0xc8 .\CortexM3\ARM_GCC_541\Release\Design01.a(USB.o)
 .debug_aranges
                0x00000a38       0xe8 .\CortexM3\ARM_GCC_541\Release\Design01.a(USB_cdc.o)
 .debug_aranges
                0x00000b20       0x98 .\CortexM3\ARM_GCC_541\Release\Design01.a(USB_drv.o)
 .debug_aranges
                0x00000bb8       0x40 .\CortexM3\ARM_GCC_541\Release\Design01.a(USB_episr.o)
 .debug_aranges
                0x00000bf8       0x48 .\CortexM3\ARM_GCC_541\Release\Design01.a(USB_hid.o)
 .debug_aranges
                0x00000c40       0x40 .\CortexM3\ARM_GCC_541\Release\Design01.a(USB_pm.o)
 .debug_aranges
                0x00000c80       0x80 .\CortexM3\ARM_GCC_541\Release\Design01.a(USB_std.o)
 .debug_aranges
                0x00000d00       0x20 .\CortexM3\ARM_GCC_541\Release\Design01.a(USB_vnd.o)
 .debug_aranges
                0x00000d20       0x48 .\CortexM3\ARM_GCC_541\Release\Design01.a(USB_Dp.o)
 .debug_aranges
                0x00000d68       0x78 .\CortexM3\ARM_GCC_541\Release\Design01.a(PWM_CondenserLED.o)
 .debug_aranges
                0x00000de0       0x70 .\CortexM3\ARM_GCC_541\Release\Design01.a(SPIM_IntClock.o)
 .debug_aranges
                0x00000e50       0xa0 .\CortexM3\ARM_GCC_541\Release\Design01.a(ADC_SAR_Seq.o)
 .debug_aranges
                0x00000ef0       0x20 .\CortexM3\ARM_GCC_541\Release\Design01.a(ADC_SAR_Seq_INT.o)
 .debug_aranges
                0x00000f10       0xa8 .\CortexM3\ARM_GCC_541\Release\Design01.a(ADC_SAR_Seq_SAR.o)
 .debug_aranges
                0x00000fb8       0x28 .\CortexM3\ARM_GCC_541\Release\Design01.a(ADC_SAR_Seq_TempBuf_dma.o)
 .debug_aranges
                0x00000fe0       0x28 .\CortexM3\ARM_GCC_541\Release\Design01.a(ADC_SAR_Seq_FinalBuf_dma.o)
 .debug_aranges
                0x00001008       0x80 .\CortexM3\ARM_GCC_541\Release\Design01.a(ADC_SAR_Seq_IRQ.o)
 .debug_aranges
                0x00001088       0x28 .\CortexM3\ARM_GCC_541\Release\Design01.a(SPI_SS_Control_Reg.o)
 .debug_aranges
                0x000010b0       0x38 .\CortexM3\ARM_GCC_541\Release\Design01.a(Pin_USB_RX_TX_Indicator_LED.o)
 .debug_aranges
                0x000010e8       0x60 .\CortexM3\ARM_GCC_541\Release\Design01.a(QuadDec_Z.o)
 .debug_aranges
                0x00001148       0x20 .\CortexM3\ARM_GCC_541\Release\Design01.a(QuadDec_Z_INT.o)
 .debug_aranges
                0x00001168       0x98 .\CortexM3\ARM_GCC_541\Release\Design01.a(QuadDec_Z_Cnt16.o)
 .debug_aranges
                0x00001200       0x38 .\CortexM3\ARM_GCC_541\Release\Design01.a(Pin_UART_Enable.o)
 .debug_aranges
                0x00001238       0xa0 .\CortexM3\ARM_GCC_541\Release\Design01.a(UART_PCB_LOG.o)
 .debug_aranges
                0x000012d8       0x70 .\CortexM3\ARM_GCC_541\Release\Design01.a(UART_PCB_LOG_IntClock.o)
 .debug_aranges
                0x00001348       0x28 .\CortexM3\ARM_GCC_541\Release\Design01.a(EncoderXnYSelect_Control_Reg.o)
 .debug_aranges
                0x00001370       0x60 .\CortexM3\ARM_GCC_541\Release\Design01.a(QuadDec_XY.o)
 .debug_aranges
                0x000013d0       0x20 .\CortexM3\ARM_GCC_541\Release\Design01.a(QuadDec_XY_INT.o)
 .debug_aranges
                0x000013f0       0x98 .\CortexM3\ARM_GCC_541\Release\Design01.a(QuadDec_XY_Cnt16.o)
 .debug_aranges
                0x00001488       0x20 .\CortexM3\ARM_GCC_541\Release\Design01.a(CyBootAsmGnu.o)
 .debug_aranges
                0x000014a8       0x88 .\CortexM3\ARM_GCC_541\Release\Design01.a(CyFlash.o)
 .debug_aranges
                0x00001530       0x80 .\CortexM3\ARM_GCC_541\Release\Design01.a(CySpc.o)
 .debug_aranges
                0x000015b0       0x20 .\CortexM3\ARM_GCC_541\Release\Design01.a(USB_cls.o)
 .debug_aranges
                0x000015d0       0x18 .\CortexM3\ARM_GCC_541\Release\Design01.a(USB_descr.o)

.debug_pubnames
 *(.debug_pubnames)

.debug_info     0x00000000     0xa0e3
 *(.debug_info .gnu.linkonce.wi.*)
 .debug_info    0x00000000      0x188 .\CortexM3\ARM_GCC_541\Release\main.o
 .debug_info    0x00000188      0xa57 .\CortexM3\ARM_GCC_541\Release\L6470.o
 .debug_info    0x00000bdf      0x626 .\CortexM3\ARM_GCC_541\Release\cyfitter_cfg.o
 .debug_info    0x00001205      0x10e .\CortexM3\ARM_GCC_541\Release\cymetadata.o
 .debug_info    0x00001313      0x32b .\CortexM3\ARM_GCC_541\Release\Cm3Start.o
 .debug_info    0x0000163e      0x11e .\CortexM3\ARM_GCC_541\Release\Design01.a(Pin_FlagMotorX.o)
 .debug_info    0x0000175c      0x11e .\CortexM3\ARM_GCC_541\Release\Design01.a(Pin_BusyMotorX.o)
 .debug_info    0x0000187a      0x11e .\CortexM3\ARM_GCC_541\Release\Design01.a(Pin_ResetMotorX.o)
 .debug_info    0x00001998      0x11e .\CortexM3\ARM_GCC_541\Release\Design01.a(Pin_FlagMotorY.o)
 .debug_info    0x00001ab6      0x11e .\CortexM3\ARM_GCC_541\Release\Design01.a(Pin_BusyMotorY.o)
 .debug_info    0x00001bd4      0x11e .\CortexM3\ARM_GCC_541\Release\Design01.a(Pin_ResetMotorY.o)
 .debug_info    0x00001cf2      0x11e .\CortexM3\ARM_GCC_541\Release\Design01.a(Pin_FlagMotorZ.o)
 .debug_info    0x00001e10      0x11e .\CortexM3\ARM_GCC_541\Release\Design01.a(Pin_BusyMotorZ.o)
 .debug_info    0x00001f2e      0x11e .\CortexM3\ARM_GCC_541\Release\Design01.a(Pin_ResetMotorZ.o)
 .debug_info    0x0000204c      0x488 .\CortexM3\ARM_GCC_541\Release\Design01.a(SPIM.o)
 .debug_info    0x000024d4      0x12d .\CortexM3\ARM_GCC_541\Release\Design01.a(SPIM_INT.o)
 .debug_info    0x00002601      0x8c0 .\CortexM3\ARM_GCC_541\Release\Design01.a(CyDmac.o)
 .debug_info    0x00002ec1      0xe51 .\CortexM3\ARM_GCC_541\Release\Design01.a(CyLib.o)
 .debug_info    0x00003d12      0x57a .\CortexM3\ARM_GCC_541\Release\Design01.a(cyPm.o)
 .debug_info    0x0000428c      0x747 .\CortexM3\ARM_GCC_541\Release\Design01.a(USB.o)
 .debug_info    0x000049d3      0x924 .\CortexM3\ARM_GCC_541\Release\Design01.a(USB_cdc.o)
 .debug_info    0x000052f7      0x52d .\CortexM3\ARM_GCC_541\Release\Design01.a(USB_drv.o)
 .debug_info    0x00005824      0x23b .\CortexM3\ARM_GCC_541\Release\Design01.a(USB_episr.o)
 .debug_info    0x00005a5f      0x37b .\CortexM3\ARM_GCC_541\Release\Design01.a(USB_hid.o)
 .debug_info    0x00005dda      0x18d .\CortexM3\ARM_GCC_541\Release\Design01.a(USB_pm.o)
 .debug_info    0x00005f67      0x961 .\CortexM3\ARM_GCC_541\Release\Design01.a(USB_std.o)
 .debug_info    0x000068c8      0x1a9 .\CortexM3\ARM_GCC_541\Release\Design01.a(USB_vnd.o)
 .debug_info    0x00006a71      0x171 .\CortexM3\ARM_GCC_541\Release\Design01.a(USB_Dp.o)
 .debug_info    0x00006be2      0x235 .\CortexM3\ARM_GCC_541\Release\Design01.a(PWM_CondenserLED.o)
 .debug_info    0x00006e17      0x25d .\CortexM3\ARM_GCC_541\Release\Design01.a(SPIM_IntClock.o)
 .debug_info    0x00007074      0x3ab .\CortexM3\ARM_GCC_541\Release\Design01.a(ADC_SAR_Seq.o)
 .debug_info    0x0000741f       0xa0 .\CortexM3\ARM_GCC_541\Release\Design01.a(ADC_SAR_Seq_INT.o)
 .debug_info    0x000074bf      0x462 .\CortexM3\ARM_GCC_541\Release\Design01.a(ADC_SAR_Seq_SAR.o)
 .debug_info    0x00007921      0x11b .\CortexM3\ARM_GCC_541\Release\Design01.a(ADC_SAR_Seq_TempBuf_dma.o)
 .debug_info    0x00007a3c      0x11b .\CortexM3\ARM_GCC_541\Release\Design01.a(ADC_SAR_Seq_FinalBuf_dma.o)
 .debug_info    0x00007b57      0x241 .\CortexM3\ARM_GCC_541\Release\Design01.a(ADC_SAR_Seq_IRQ.o)
 .debug_info    0x00007d98       0xd7 .\CortexM3\ARM_GCC_541\Release\Design01.a(SPI_SS_Control_Reg.o)
 .debug_info    0x00007e6f      0x11e .\CortexM3\ARM_GCC_541\Release\Design01.a(Pin_USB_RX_TX_Indicator_LED.o)
 .debug_info    0x00007f8d      0x234 .\CortexM3\ARM_GCC_541\Release\Design01.a(QuadDec_Z.o)
 .debug_info    0x000081c1       0xf2 .\CortexM3\ARM_GCC_541\Release\Design01.a(QuadDec_Z_INT.o)
 .debug_info    0x000082b3      0x291 .\CortexM3\ARM_GCC_541\Release\Design01.a(QuadDec_Z_Cnt16.o)
 .debug_info    0x00008544      0x11e .\CortexM3\ARM_GCC_541\Release\Design01.a(Pin_UART_Enable.o)
 .debug_info    0x00008662      0x37f .\CortexM3\ARM_GCC_541\Release\Design01.a(UART_PCB_LOG.o)
 .debug_info    0x000089e1      0x25d .\CortexM3\ARM_GCC_541\Release\Design01.a(UART_PCB_LOG_IntClock.o)
 .debug_info    0x00008c3e       0xd7 .\CortexM3\ARM_GCC_541\Release\Design01.a(EncoderXnYSelect_Control_Reg.o)
 .debug_info    0x00008d15      0x234 .\CortexM3\ARM_GCC_541\Release\Design01.a(QuadDec_XY.o)
 .debug_info    0x00008f49       0xf2 .\CortexM3\ARM_GCC_541\Release\Design01.a(QuadDec_XY_INT.o)
 .debug_info    0x0000903b      0x291 .\CortexM3\ARM_GCC_541\Release\Design01.a(QuadDec_XY_Cnt16.o)
 .debug_info    0x000092cc       0xea .\CortexM3\ARM_GCC_541\Release\Design01.a(CyBootAsmGnu.o)
 .debug_info    0x000093b6      0x3a8 .\CortexM3\ARM_GCC_541\Release\Design01.a(CyFlash.o)
 .debug_info    0x0000975e      0x4b1 .\CortexM3\ARM_GCC_541\Release\Design01.a(CySpc.o)
 .debug_info    0x00009c0f      0x1c8 .\CortexM3\ARM_GCC_541\Release\Design01.a(USB_cls.o)
 .debug_info    0x00009dd7      0x30c .\CortexM3\ARM_GCC_541\Release\Design01.a(USB_descr.o)

.debug_abbrev   0x00000000     0x3465
 *(.debug_abbrev)
 .debug_abbrev  0x00000000       0x99 .\CortexM3\ARM_GCC_541\Release\main.o
 .debug_abbrev  0x00000099      0x1a4 .\CortexM3\ARM_GCC_541\Release\L6470.o
 .debug_abbrev  0x0000023d      0x1c2 .\CortexM3\ARM_GCC_541\Release\cyfitter_cfg.o
 .debug_abbrev  0x000003ff       0x5d .\CortexM3\ARM_GCC_541\Release\cymetadata.o
 .debug_abbrev  0x0000045c      0x1d6 .\CortexM3\ARM_GCC_541\Release\Cm3Start.o
 .debug_abbrev  0x00000632       0x90 .\CortexM3\ARM_GCC_541\Release\Design01.a(Pin_FlagMotorX.o)
 .debug_abbrev  0x000006c2       0x90 .\CortexM3\ARM_GCC_541\Release\Design01.a(Pin_BusyMotorX.o)
 .debug_abbrev  0x00000752       0x90 .\CortexM3\ARM_GCC_541\Release\Design01.a(Pin_ResetMotorX.o)
 .debug_abbrev  0x000007e2       0x90 .\CortexM3\ARM_GCC_541\Release\Design01.a(Pin_FlagMotorY.o)
 .debug_abbrev  0x00000872       0x90 .\CortexM3\ARM_GCC_541\Release\Design01.a(Pin_BusyMotorY.o)
 .debug_abbrev  0x00000902       0x90 .\CortexM3\ARM_GCC_541\Release\Design01.a(Pin_ResetMotorY.o)
 .debug_abbrev  0x00000992       0x90 .\CortexM3\ARM_GCC_541\Release\Design01.a(Pin_FlagMotorZ.o)
 .debug_abbrev  0x00000a22       0x90 .\CortexM3\ARM_GCC_541\Release\Design01.a(Pin_BusyMotorZ.o)
 .debug_abbrev  0x00000ab2       0x90 .\CortexM3\ARM_GCC_541\Release\Design01.a(Pin_ResetMotorZ.o)
 .debug_abbrev  0x00000b42      0x184 .\CortexM3\ARM_GCC_541\Release\Design01.a(SPIM.o)
 .debug_abbrev  0x00000cc6       0xa2 .\CortexM3\ARM_GCC_541\Release\Design01.a(SPIM_INT.o)
 .debug_abbrev  0x00000d68      0x194 .\CortexM3\ARM_GCC_541\Release\Design01.a(CyDmac.o)
 .debug_abbrev  0x00000efc      0x217 .\CortexM3\ARM_GCC_541\Release\Design01.a(CyLib.o)
 .debug_abbrev  0x00001113      0x17b .\CortexM3\ARM_GCC_541\Release\Design01.a(cyPm.o)
 .debug_abbrev  0x0000128e      0x1f3 .\CortexM3\ARM_GCC_541\Release\Design01.a(USB.o)
 .debug_abbrev  0x00001481      0x233 .\CortexM3\ARM_GCC_541\Release\Design01.a(USB_cdc.o)
 .debug_abbrev  0x000016b4      0x161 .\CortexM3\ARM_GCC_541\Release\Design01.a(USB_drv.o)
 .debug_abbrev  0x00001815       0xfd .\CortexM3\ARM_GCC_541\Release\Design01.a(USB_episr.o)
 .debug_abbrev  0x00001912      0x15e .\CortexM3\ARM_GCC_541\Release\Design01.a(USB_hid.o)
 .debug_abbrev  0x00001a70       0xd1 .\CortexM3\ARM_GCC_541\Release\Design01.a(USB_pm.o)
 .debug_abbrev  0x00001b41      0x1c2 .\CortexM3\ARM_GCC_541\Release\Design01.a(USB_std.o)
 .debug_abbrev  0x00001d03       0xc5 .\CortexM3\ARM_GCC_541\Release\Design01.a(USB_vnd.o)
 .debug_abbrev  0x00001dc8       0x90 .\CortexM3\ARM_GCC_541\Release\Design01.a(USB_Dp.o)
 .debug_abbrev  0x00001e58      0x116 .\CortexM3\ARM_GCC_541\Release\Design01.a(PWM_CondenserLED.o)
 .debug_abbrev  0x00001f6e      0x11d .\CortexM3\ARM_GCC_541\Release\Design01.a(SPIM_IntClock.o)
 .debug_abbrev  0x0000208b      0x155 .\CortexM3\ARM_GCC_541\Release\Design01.a(ADC_SAR_Seq.o)
 .debug_abbrev  0x000021e0       0x42 .\CortexM3\ARM_GCC_541\Release\Design01.a(ADC_SAR_Seq_INT.o)
 .debug_abbrev  0x00002222      0x173 .\CortexM3\ARM_GCC_541\Release\Design01.a(ADC_SAR_Seq_SAR.o)
 .debug_abbrev  0x00002395       0x8b .\CortexM3\ARM_GCC_541\Release\Design01.a(ADC_SAR_Seq_TempBuf_dma.o)
 .debug_abbrev  0x00002420       0x8b .\CortexM3\ARM_GCC_541\Release\Design01.a(ADC_SAR_Seq_FinalBuf_dma.o)
 .debug_abbrev  0x000024ab      0x172 .\CortexM3\ARM_GCC_541\Release\Design01.a(ADC_SAR_Seq_IRQ.o)
 .debug_abbrev  0x0000261d       0x81 .\CortexM3\ARM_GCC_541\Release\Design01.a(SPI_SS_Control_Reg.o)
 .debug_abbrev  0x0000269e       0x90 .\CortexM3\ARM_GCC_541\Release\Design01.a(Pin_USB_RX_TX_Indicator_LED.o)
 .debug_abbrev  0x0000272e      0x11a .\CortexM3\ARM_GCC_541\Release\Design01.a(QuadDec_Z.o)
 .debug_abbrev  0x00002848       0x78 .\CortexM3\ARM_GCC_541\Release\Design01.a(QuadDec_Z_INT.o)
 .debug_abbrev  0x000028c0      0x12c .\CortexM3\ARM_GCC_541\Release\Design01.a(QuadDec_Z_Cnt16.o)
 .debug_abbrev  0x000029ec       0x90 .\CortexM3\ARM_GCC_541\Release\Design01.a(Pin_UART_Enable.o)
 .debug_abbrev  0x00002a7c      0x149 .\CortexM3\ARM_GCC_541\Release\Design01.a(UART_PCB_LOG.o)
 .debug_abbrev  0x00002bc5      0x11d .\CortexM3\ARM_GCC_541\Release\Design01.a(UART_PCB_LOG_IntClock.o)
 .debug_abbrev  0x00002ce2       0x81 .\CortexM3\ARM_GCC_541\Release\Design01.a(EncoderXnYSelect_Control_Reg.o)
 .debug_abbrev  0x00002d63      0x11a .\CortexM3\ARM_GCC_541\Release\Design01.a(QuadDec_XY.o)
 .debug_abbrev  0x00002e7d       0x78 .\CortexM3\ARM_GCC_541\Release\Design01.a(QuadDec_XY_INT.o)
 .debug_abbrev  0x00002ef5      0x12c .\CortexM3\ARM_GCC_541\Release\Design01.a(QuadDec_XY_Cnt16.o)
 .debug_abbrev  0x00003021       0x14 .\CortexM3\ARM_GCC_541\Release\Design01.a(CyBootAsmGnu.o)
 .debug_abbrev  0x00003035      0x14b .\CortexM3\ARM_GCC_541\Release\Design01.a(CyFlash.o)
 .debug_abbrev  0x00003180      0x16c .\CortexM3\ARM_GCC_541\Release\Design01.a(CySpc.o)
 .debug_abbrev  0x000032ec       0xc5 .\CortexM3\ARM_GCC_541\Release\Design01.a(USB_cls.o)
 .debug_abbrev  0x000033b1       0xb4 .\CortexM3\ARM_GCC_541\Release\Design01.a(USB_descr.o)

.debug_line     0x00000000     0x543f
 *(.debug_line)
 .debug_line    0x00000000      0x185 .\CortexM3\ARM_GCC_541\Release\main.o
 .debug_line    0x00000185      0x9fb .\CortexM3\ARM_GCC_541\Release\L6470.o
 .debug_line    0x00000b80      0x23a .\CortexM3\ARM_GCC_541\Release\cyfitter_cfg.o
 .debug_line    0x00000dba      0x141 .\CortexM3\ARM_GCC_541\Release\cymetadata.o
 .debug_line    0x00000efb      0x1db .\CortexM3\ARM_GCC_541\Release\Cm3Start.o
 .debug_line    0x000010d6       0x9e .\CortexM3\ARM_GCC_541\Release\Design01.a(Pin_FlagMotorX.o)
 .debug_line    0x00001174       0x9e .\CortexM3\ARM_GCC_541\Release\Design01.a(Pin_BusyMotorX.o)
 .debug_line    0x00001212       0x9f .\CortexM3\ARM_GCC_541\Release\Design01.a(Pin_ResetMotorX.o)