Archive member included to satisfy reference by file (symbol)

.\CortexM3\ARM_GCC_541\Debug\AS76_FFP6.a(Pin_CSMotorX.o)
                              .\CortexM3\ARM_GCC_541\Debug\AS76.o (Pin_CSMotorX_Write)
.\CortexM3\ARM_GCC_541\Debug\AS76_FFP6.a(Pin_CSMotorY.o)
                              .\CortexM3\ARM_GCC_541\Debug\AS76.o (Pin_CSMotorY_Write)
.\CortexM3\ARM_GCC_541\Debug\AS76_FFP6.a(Pin_CSMotorZ.o)
                              .\CortexM3\ARM_GCC_541\Debug\AS76.o (Pin_CSMotorZ_Write)
.\CortexM3\ARM_GCC_541\Debug\AS76_FFP6.a(SPIM.o)
                              .\CortexM3\ARM_GCC_541\Debug\AS76.o (SPIM_WriteTxData)
.\CortexM3\ARM_GCC_541\Debug\AS76_FFP6.a(SPIM_INT.o)
                              .\CortexM3\ARM_GCC_541\Debug\AS76_FFP6.a(SPIM.o) (SPIM_TX_ISR)
.\CortexM3\ARM_GCC_541\Debug\AS76_FFP6.a(CyLib.o)
                              .\CortexM3\ARM_GCC_541\Debug\Cm3Start.o (CyHalt)
.\CortexM3\ARM_GCC_541\Debug\AS76_FFP6.a(cyPm.o)
                              .\CortexM3\ARM_GCC_541\Debug\AS76_FFP6.a(CyLib.o) (CyPmReadStatus)
.\CortexM3\ARM_GCC_541\Debug\AS76_FFP6.a(USB.o)
                              .\CortexM3\ARM_GCC_541\Debug\AS76.o (USB_Start)
.\CortexM3\ARM_GCC_541\Debug\AS76_FFP6.a(USB_cdc.o)
                              .\CortexM3\ARM_GCC_541\Debug\AS76.o (USB_CDC_Init)
.\CortexM3\ARM_GCC_541\Debug\AS76_FFP6.a(USB_drv.o)
                              .\CortexM3\ARM_GCC_541\Debug\AS76_FFP6.a(USB.o) (USB_lastPacketSize)
.\CortexM3\ARM_GCC_541\Debug\AS76_FFP6.a(USB_episr.o)
                              .\CortexM3\ARM_GCC_541\Debug\AS76_FFP6.a(USB.o) (USB_EP_1_ISR)
.\CortexM3\ARM_GCC_541\Debug\AS76_FFP6.a(USB_hid.o)
                              .\CortexM3\ARM_GCC_541\Debug\AS76_FFP6.a(USB.o) (USB_hidProtocol)
.\CortexM3\ARM_GCC_541\Debug\AS76_FFP6.a(USB_pm.o)
                              .\CortexM3\ARM_GCC_541\Debug\AS76_FFP6.a(USB.o) (USB_DP_ISR)
.\CortexM3\ARM_GCC_541\Debug\AS76_FFP6.a(USB_std.o)
                              .\CortexM3\ARM_GCC_541\Debug\AS76_FFP6.a(USB_pm.o) (USB_ConfigReg)
.\CortexM3\ARM_GCC_541\Debug\AS76_FFP6.a(USB_vnd.o)
                              .\CortexM3\ARM_GCC_541\Debug\AS76_FFP6.a(USB_drv.o) (USB_HandleVendorRqst)
.\CortexM3\ARM_GCC_541\Debug\AS76_FFP6.a(USB_Dp.o)
                              .\CortexM3\ARM_GCC_541\Debug\AS76_FFP6.a(USB.o) (USB_Dp_ClearInterrupt)
.\CortexM3\ARM_GCC_541\Debug\AS76_FFP6.a(PWM_CondenserLED.o)
                              .\CortexM3\ARM_GCC_541\Debug\AS76.o (PWM_CondenserLED_WriteCompare)
.\CortexM3\ARM_GCC_541\Debug\AS76_FFP6.a(SPIM_IntClock.o)
                              .\CortexM3\ARM_GCC_541\Debug\AS76_FFP6.a(SPIM.o) (SPIM_IntClock_Start)
.\CortexM3\ARM_GCC_541\Debug\AS76_FFP6.a(QuadDec_X.o)
                              .\CortexM3\ARM_GCC_541\Debug\main.o (QuadDec_X_SetCounter)
.\CortexM3\ARM_GCC_541\Debug\AS76_FFP6.a(QuadDec_X_INT.o)
                              .\CortexM3\ARM_GCC_541\Debug\AS76_FFP6.a(QuadDec_X.o) (QuadDec_X_ISR)
.\CortexM3\ARM_GCC_541\Debug\AS76_FFP6.a(QuadDec_X_Cnt16.o)
                              .\CortexM3\ARM_GCC_541\Debug\AS76_FFP6.a(QuadDec_X.o) (QuadDec_X_Cnt16_Stop)
.\CortexM3\ARM_GCC_541\Debug\AS76_FFP6.a(UART_PCB_LOG.o)
                              .\CortexM3\ARM_GCC_541\Debug\main.o (UART_PCB_LOG_Start)
.\CortexM3\ARM_GCC_541\Debug\AS76_FFP6.a(UART_PCB_LOG_INT.o)
                              .\CortexM3\ARM_GCC_541\Debug\AS76_FFP6.a(UART_PCB_LOG.o) (UART_PCB_LOG_RXISR)
.\CortexM3\ARM_GCC_541\Debug\AS76_FFP6.a(UART_PCB_LOG_IntClock.o)
                              .\CortexM3\ARM_GCC_541\Debug\AS76_FFP6.a(UART_PCB_LOG.o) (UART_PCB_LOG_IntClock_Start)
.\CortexM3\ARM_GCC_541\Debug\AS76_FFP6.a(Pin_Backlight.o)
                              .\CortexM3\ARM_GCC_541\Debug\AS76.o (Pin_Backlight_Write)
.\CortexM3\ARM_GCC_541\Debug\AS76_FFP6.a(LED2.o)
                              .\CortexM3\ARM_GCC_541\Debug\main.o (LED2_Write)
.\CortexM3\ARM_GCC_541\Debug\AS76_FFP6.a(Pin_CSMotorO.o)
                              .\CortexM3\ARM_GCC_541\Debug\AS76.o (Pin_CSMotorO_Write)
.\CortexM3\ARM_GCC_541\Debug\AS76_FFP6.a(Pin_CSMotorT.o)
                              .\CortexM3\ARM_GCC_541\Debug\AS76.o (Pin_CSMotorT_Write)
.\CortexM3\ARM_GCC_541\Debug\AS76_FFP6.a(QuadDec_TZ.o)
                              .\CortexM3\ARM_GCC_541\Debug\AS76.o (QuadDec_TZ_GetCounter)
.\CortexM3\ARM_GCC_541\Debug\AS76_FFP6.a(QuadDec_TZ_INT.o)
                              .\CortexM3\ARM_GCC_541\Debug\AS76_FFP6.a(QuadDec_TZ.o) (QuadDec_TZ_ISR)
.\CortexM3\ARM_GCC_541\Debug\AS76_FFP6.a(PWM_Buzzer.o)
                              .\CortexM3\ARM_GCC_541\Debug\AS76.o (PWM_Buzzer_WriteCompare)
.\CortexM3\ARM_GCC_541\Debug\AS76_FFP6.a(QuadDec_Y.o)
                              .\CortexM3\ARM_GCC_541\Debug\AS76.o (QuadDec_Y_GetCounter)
.\CortexM3\ARM_GCC_541\Debug\AS76_FFP6.a(QuadDec_Y_INT.o)
                              .\CortexM3\ARM_GCC_541\Debug\AS76_FFP6.a(QuadDec_Y.o) (QuadDec_Y_ISR)
[...]
Memory Configuration

Name             Origin             Length             Attributes
rom              0x00000000         0x00040000         xr
ram              0x1fff8000         0x00010000         xrw
*default*        0x00000000         0xffffffff

Linker script and memory map

LOAD c:/program files (x86)/cypress/psoc creator/4.4/psoc creator/import/gnu/arm/5.4.1/bin/../lib/gcc/arm-none-eabi/5.4.1/armv7-m/crti.o
LOAD c:/program files (x86)/cypress/psoc creator/4.4/psoc creator/import/gnu/arm/5.4.1/bin/../lib/gcc/arm-none-eabi/5.4.1/armv7-m/crtbegin.o
LOAD c:/program files (x86)/cypress/psoc creator/4.4/psoc creator/import/gnu/arm/5.4.1/bin/../lib/gcc/arm-none-eabi/5.4.1/../../../../arm-none-eabi/lib/armv7-m/crt0.o
START GROUP
LOAD .\CortexM3\ARM_GCC_541\Debug\main.o
LOAD .\CortexM3\ARM_GCC_541\Debug\AS76.o
LOAD .\CortexM3\ARM_GCC_541\Debug\cyfitter_cfg.o
LOAD .\CortexM3\ARM_GCC_541\Debug\cymetadata.o
LOAD .\CortexM3\ARM_GCC_541\Debug\Cm3Start.o
LOAD .\CortexM3\ARM_GCC_541\Debug\AS76_FFP6.a
LOAD C:\Program Files (x86)\Cypress\PSoC Creator\4.4\PSoC Creator\psoc\content\cycomponentlibrary\CyComponentLibrary.cylib\CortexM3\ARM_GCC_541\Debug\CyComponentLibrary.a
LOAD c:/program files (x86)/cypress/psoc creator/4.4/psoc creator/import/gnu/arm/5.4.1/bin/../lib/gcc/arm-none-eabi/5.4.1/../../../../arm-none-eabi/lib/armv7-m\libm.a
END GROUP
START GROUP
LOAD c:/program files (x86)/cypress/psoc creator/4.4/psoc creator/import/gnu/arm/5.4.1/bin/../lib/gcc/arm-none-eabi/5.4.1/armv7-m\libgcc.a
LOAD c:/program files (x86)/cypress/psoc creator/4.4/psoc creator/import/gnu/arm/5.4.1/bin/../lib/gcc/arm-none-eabi/5.4.1/../../../../arm-none-eabi/lib/armv7-m\libg_nano.a
LOAD c:/program files (x86)/cypress/psoc creator/4.4/psoc creator/import/gnu/arm/5.4.1/bin/../lib/gcc/arm-none-eabi/5.4.1/../../../../arm-none-eabi/lib/armv7-m\libc_nano.a
END GROUP
START GROUP
LOAD c:/program files (x86)/cypress/psoc creator/4.4/psoc creator/import/gnu/arm/5.4.1/bin/../lib/gcc/arm-none-eabi/5.4.1/armv7-m\libgcc.a
LOAD c:/program files (x86)/cypress/psoc creator/4.4/psoc creator/import/gnu/arm/5.4.1/bin/../lib/gcc/arm-none-eabi/5.4.1/../../../../arm-none-eabi/lib/armv7-m\libc_nano.a
END GROUP
LOAD c:/program files (x86)/cypress/psoc creator/4.4/psoc creator/import/gnu/arm/5.4.1/bin/../lib/gcc/arm-none-eabi/5.4.1/armv7-m/crtend.o
LOAD c:/program files (x86)/cypress/psoc creator/4.4/psoc creator/import/gnu/arm/5.4.1/bin/../lib/gcc/arm-none-eabi/5.4.1/armv7-m/crtn.o
START GROUP
LOAD c:/program files (x86)/cypress/psoc creator/4.4/psoc creator/import/gnu/arm/5.4.1/bin/../lib/gcc/arm-none-eabi/5.4.1/armv7-m\libgcc.a
LOAD c:/program files (x86)/cypress/psoc creator/4.4/psoc creator/import/gnu/arm/5.4.1/bin/../lib/gcc/arm-none-eabi/5.4.1/../../../../arm-none-eabi/lib/armv7-m\libc.a
LOAD c:/program files (x86)/cypress/psoc creator/4.4/psoc creator/import/gnu/arm/5.4.1/bin/../lib/gcc/arm-none-eabi/5.4.1/../../../../arm-none-eabi/lib/armv7-m\libnosys.a
END GROUP
                0x00000000                CY_APPL_ORIGIN = 0x0
                0x00000100                CY_FLASH_ROW_SIZE = 0x100
                0x00000020                CY_ECC_ROW_SIZE = 0x20
                0x00000000                CY_EE_IN_BTLDR = 0x0
                0x00000000                CY_APPL_LOADABLE = 0x0
                0x00000800                CY_EE_SIZE = 0x800
                0x00000001                CY_APPL_NUM = 0x1
                0x00000001                CY_APPL_MAX = 0x1
                0x00000040                CY_METADATA_SIZE = 0x40
                0x00000000                CY_APPL_LOADABLE = 0x0
                0x00000000                CY_CHECKSUM_EXCLUDE_SIZE = ALIGN (0x0, CY_FLASH_ROW_SIZE)
                [!provide]                PROVIDE (__cy_heap_start, _end)
                0x00000001                PROVIDE (__cy_region_num, ((__cy_regions_end - __cy_regions) / 0x10))
                0x20008000                PROVIDE (__cy_stack, (ORIGIN (ram) + LENGTH (ram)))
                [!provide]                PROVIDE (__cy_heap_end, (__cy_stack - 0x800))

.cybootloader   0x00000000        0x0
 *(.cybootloader)
                0x00000000                appl1_start = CY_APPL_ORIGIN?CY_APPL_ORIGIN:ALIGN (CY_FLASH_ROW_SIZE)
                0x0001ff00                appl2_start = (appl1_start + ALIGN ((((LENGTH (rom) - appl1_start) - (0x2 * CY_FLASH_ROW_SIZE)) / 0x2), CY_FLASH_ROW_SIZE))
                0x00000000                appl_start = (CY_APPL_NUM == 0x1)?appl1_start:appl2_start
                0x00000000                ecc_offset = ((appl_start / CY_FLASH_ROW_SIZE) * CY_ECC_ROW_SIZE)
                0x00000000                ee_offset = (CY_APPL_LOADABLE && ! (CY_EE_IN_BTLDR))?((CY_EE_SIZE / CY_APPL_MAX) * (CY_APPL_NUM - 0x1)):0x0
                0x00000800                ee_size = (CY_APPL_LOADABLE && ! (CY_EE_IN_BTLDR))?(CY_EE_SIZE / CY_APPL_MAX):CY_EE_SIZE
                [!provide]                PROVIDE (CY_ECC_OFFSET, ecc_offset)

.text           0x00000000     0x60bc
 CREATE_OBJECT_SYMBOLS
                0x00000000                PROVIDE (__cy_interrupt_vector, RomVectors)
 *(.romvectors)
 .romvectors    0x00000000       0x10 .\CortexM3\ARM_GCC_541\Debug\Cm3Start.o
                0x00000000                RomVectors
                0x00000001                ASSERT ((. != __cy_interrupt_vector), No interrupt vector)
                0x00000001                ASSERT (CY_APPL_ORIGIN?(SIZEOF (.cybootloader) <= CY_APPL_ORIGIN):0x1, Wrong image location)
                0x00000010                PROVIDE (__cy_reset, Reset)
 *(.text.Reset)
 .text.Reset    0x00000010       0x18 .\CortexM3\ARM_GCC_541\Debug\Cm3Start.o
                0x00000010                Reset
                0x00000001                ASSERT ((. != __cy_reset), No reset code)
 *(.dma_init)
                0x00000001                ASSERT ((((appl_start + .) <= 0x10000) || 0x1), DMA Init must be within the first 64k of flash)
 *(.text .text.* .gnu.linkonce.t.*)
 .text          0x00000028       0x5c c:/program files (x86)/cypress/psoc creator/4.4/psoc creator/import/gnu/arm/5.4.1/bin/../lib/gcc/arm-none-eabi/5.4.1/armv7-m/crtbegin.o
 .text.main     0x00000084       0xf8 .\CortexM3\ARM_GCC_541\Debug\main.o
                0x00000084                main
 .text.wait_interrupt_Handler
                0x0000017c       0x24 .\CortexM3\ARM_GCC_541\Debug\AS76.o
                0x0000017c                wait_interrupt_Handler
 .text.Initialize_PWM
                0x000001a0       0x50 .\CortexM3\ARM_GCC_541\Debug\AS76.o
                0x000001a0                Initialize_PWM
 .text.Enable_Encoder_T
                0x000001f0       0x18 .\CortexM3\ARM_GCC_541\Debug\AS76.o
                0x000001f0                Enable_Encoder_T
 .text.Enable_Encoder_Z
                0x00000208       0x18 .\CortexM3\ARM_GCC_541\Debug\AS76.o
                0x00000208                Enable_Encoder_Z
 .text.Initialize_And_Start_All_Opt_Encoder
                0x00000220       0x2c .\CortexM3\ARM_GCC_541\Debug\AS76.o
                0x00000220                Initialize_And_Start_All_Opt_Encoder
 .text.Read_All_Optical_Encoder
                0x0000024c       0x40 .\CortexM3\ARM_GCC_541\Debug\AS76.o
                0x0000024c                Read_All_Optical_Encoder
 .text.Write_Debug_UART_Char
                0x0000028c       0x2c .\CortexM3\ARM_GCC_541\Debug\AS76.o
                0x0000028c                Write_Debug_UART_Char
 .text.Beep_Twice
                0x000002b8       0x40 .\CortexM3\ARM_GCC_541\Debug\AS76.o
                0x000002b8                Beep_Twice
 .text.Send_Feedback_to_USB
                0x000002f8      0x2e4 .\CortexM3\ARM_GCC_541\Debug\AS76.o
                0x000002f8                Send_Feedback_to_USB
 .text.Initialize_USB
                0x000005dc       0x38 .\CortexM3\ARM_GCC_541\Debug\AS76.o
                0x000005dc                Initialize_USB
 .text.Write_Debug_UART_Int
                0x00000614       0x24 .\CortexM3\ARM_GCC_541\Debug\AS76.o
                0x00000614                Write_Debug_UART_Int
 .text.set_BarcodeCondenser_LED
                0x00000638       0x70 .\CortexM3\ARM_GCC_541\Debug\AS76.o
                0x00000638                set_BarcodeCondenser_LED
 .text.set_CondenserLED
                0x000006a8       0x70 .\CortexM3\ARM_GCC_541\Debug\AS76.o
                0x000006a8                set_CondenserLED
 .text.UART_print_all_values
                0x00000718       0x24 .\CortexM3\ARM_GCC_541\Debug\AS76.o
                0x00000718                UART_print_all_values
 .text.if_all_homing_done
                0x0000073c       0x7c .\CortexM3\ARM_GCC_541\Debug\AS76.o
                0x0000073c                if_all_homing_done
 .text.Is_USB_Unpluged
                0x000007b8       0x40 .\CortexM3\ARM_GCC_541\Debug\AS76.o
                0x000007b8                Is_USB_Unpluged
 .text.Data_To_Transfer
                0x000007f8       0x10 .\CortexM3\ARM_GCC_541\Debug\AS76.o
                0x000007f8                Data_To_Transfer
 .text.SPI_MOTOR_CHIP_SELECT
                0x00000808       0x98 .\CortexM3\ARM_GCC_541\Debug\AS76.o
                0x00000808                SPI_MOTOR_CHIP_SELECT
 .text.Read_32bitSPI_DATA
                0x000008a0       0xec .\CortexM3\ARM_GCC_541\Debug\AS76.o
                0x000008a0                Read_32bitSPI_DATA
 .text.Write_32bitSPI_DATA
                0x0000098c       0x40 .\CortexM3\ARM_GCC_541\Debug\AS76.o
                0x0000098c                Write_32bitSPI_DATA
 .text.GotoPos  0x000009cc       0x28 .\CortexM3\ARM_GCC_541\Debug\AS76.o
                0x000009cc                GotoPos
 .text.Initialize_Motor
                0x000009f4      0x288 .\CortexM3\ARM_GCC_541\Debug\AS76.o
                0x000009f4                Initialize_Motor
 .text.WaitTillPositionReached
                0x00000c7c       0x54 .\CortexM3\ARM_GCC_541\Debug\AS76.o
                0x00000c7c                WaitTillPositionReached
 .text.goTo_X   0x00000cd0       0x90 .\CortexM3\ARM_GCC_541\Debug\AS76.o
                0x00000cd0                goTo_X
 .text.Step_correction_y
                0x00000d60       0xf0 .\CortexM3\ARM_GCC_541\Debug\AS76.o
                0x00000d60                Step_correction_y
 .text.goTo_Y   0x00000e50       0x8c .\CortexM3\ARM_GCC_541\Debug\AS76.o
                0x00000e50                goTo_Y
 *fill*         0x00000edc        0x4 
 .text.Step_correction_z
                0x00000ee0       0xf0 .\CortexM3\ARM_GCC_541\Debug\AS76.o
                0x00000ee0                Step_correction_z
 .text.goTo_Z   0x00000fd0       0x9c .\CortexM3\ARM_GCC_541\Debug\AS76.o
                0x00000fd0                goTo_Z
 *fill*         0x0000106c        0x4 
 .text.Step_correction_t
                0x00001070       0xf0 .\CortexM3\ARM_GCC_541\Debug\AS76.o
                0x00001070                Step_correction_t
 .text.goTo_T   0x00001160       0x9c .\CortexM3\ARM_GCC_541\Debug\AS76.o
                0x00001160                goTo_T
 .text.goTo_XYZ
                0x000011fc       0x9c .\CortexM3\ARM_GCC_541\Debug\AS76.o
                0x000011fc                goTo_XYZ
 .text.update_max_velocity
                0x00001298       0x10 .\CortexM3\ARM_GCC_541\Debug\AS76.o
                0x00001298                update_max_velocity
 .text.homeX    0x000012a8      0x17c .\CortexM3\ARM_GCC_541\Debug\AS76.o
                0x000012a8                homeX
 .text.homeY    0x00001424      0x17c .\CortexM3\ARM_GCC_541\Debug\AS76.o
                0x00001424                homeY
 .text.homeZ    0x000015a0      0x174 .\CortexM3\ARM_GCC_541\Debug\AS76.o
                0x000015a0                homeZ
 .text.homeT    0x00001714      0x184 .\CortexM3\ARM_GCC_541\Debug\AS76.o
                0x00001714                homeT
 .text.run_pump
                0x00001898       0x90 .\CortexM3\ARM_GCC_541\Debug\AS76.o
                0x00001898                run_pump
 .text.run_pumpvs
                0x00001928       0x80 .\CortexM3\ARM_GCC_541\Debug\AS76.o
                0x00001928                run_pumpvs
 .text.Process_USB_Data
                0x000019a8      0x784 .\CortexM3\ARM_GCC_541\Debug\AS76.o
                0x000019a8                Process_USB_Data
 .text.CyClockStartupError
                0x0000212c        0x4 .\CortexM3\ARM_GCC_541\Debug\cyfitter_cfg.o
 .text.cfg_write_bytes32
                0x00002130       0x34 .\CortexM3\ARM_GCC_541\Debug\cyfitter_cfg.o
 .text.AnalogSetDefault
                0x00002164       0x28 .\CortexM3\ARM_GCC_541\Debug\cyfitter_cfg.o
 .text.CYMEMZERO
                0x0000218c        0xc .\CortexM3\ARM_GCC_541\Debug\cyfitter_cfg.o
 .text.CYCONFIGCPYCODE
                0x00002198        0x8 .\CortexM3\ARM_GCC_541\Debug\cyfitter_cfg.o
 .text.CYCONFIGCPY
                0x000021a0        0x8 .\CortexM3\ARM_GCC_541\Debug\cyfitter_cfg.o
 .text.ClockSetup
                0x000021a8       0xe8 .\CortexM3\ARM_GCC_541\Debug\cyfitter_cfg.o
 .text.cyfitter_cfg
                0x00002290      0x160 .\CortexM3\ARM_GCC_541\Debug\cyfitter_cfg.o
                0x00002290                cyfitter_cfg
 .text.IntDefaultHandler
                0x000023f0       0x10 .\CortexM3\ARM_GCC_541\Debug\Cm3Start.o
                0x000023f0                IntDefaultHandler
 .text._sbrk    0x00002400       0x30 .\CortexM3\ARM_GCC_541\Debug\Cm3Start.o
                0x00002400                _sbrk
 .text.Start_c  0x00002430       0x4c .\CortexM3\ARM_GCC_541\Debug\Cm3Start.o
                0x00002430                Start_c
 .text.initialize_psoc
                0x0000247c       0x68 .\CortexM3\ARM_GCC_541\Debug\Cm3Start.o
                0x0000247c                initialize_psoc
 .text.Pin_CSMotorX_Write
                0x000024e4       0x18 .\CortexM3\ARM_GCC_541\Debug\AS76_FFP6.a(Pin_CSMotorX.o)
                0x000024e4                Pin_CSMotorX_Write
 .text.Pin_CSMotorY_Write
                0x000024fc       0x18 .\CortexM3\ARM_GCC_541\Debug\AS76_FFP6.a(Pin_CSMotorY.o)
                0x000024fc                Pin_CSMotorY_Write
 .text.Pin_CSMotorZ_Write
                0x00002514       0x18 .\CortexM3\ARM_GCC_541\Debug\AS76_FFP6.a(Pin_CSMotorZ.o)
                0x00002514                Pin_CSMotorZ_Write
 .text.SPIM_EnableTxInt
                0x0000252c        0xc .\CortexM3\ARM_GCC_541\Debug\AS76_FFP6.a(SPIM.o)
                0x0000252c                SPIM_EnableTxInt
 .text.SPIM_EnableRxInt
                0x00002538        0xc .\CortexM3\ARM_GCC_541\Debug\AS76_FFP6.a(SPIM.o)
                0x00002538                SPIM_EnableRxInt
 .text.SPIM_Enable
                0x00002544       0x3c .\CortexM3\ARM_GCC_541\Debug\AS76_FFP6.a(SPIM.o)
                0x00002544                SPIM_Enable
 .text.SPIM_DisableTxInt
                0x00002580        0xc .\CortexM3\ARM_GCC_541\Debug\AS76_FFP6.a(SPIM.o)
                0x00002580                SPIM_DisableTxInt
 .text.SPIM_DisableRxInt
                0x0000258c        0xc .\CortexM3\ARM_GCC_541\Debug\AS76_FFP6.a(SPIM.o)
                0x0000258c                SPIM_DisableRxInt
 .text.SPIM_ReadTxStatus
                0x00002598       0x28 .\CortexM3\ARM_GCC_541\Debug\AS76_FFP6.a(SPIM.o)
                0x00002598                SPIM_ReadTxStatus
 .text.SPIM_ReadRxStatus
                0x000025c0       0x28 .\CortexM3\ARM_GCC_541\Debug\AS76_FFP6.a(SPIM.o)
                0x000025c0                SPIM_ReadRxStatus
 .text.SPIM_WriteTxData
                0x000025e8       0xd4 .\CortexM3\ARM_GCC_541\Debug\AS76_FFP6.a(SPIM.o)
                0x000025e8                SPIM_WriteTxData
 .text.SPIM_ReadRxData
                0x000026bc       0x64 .\CortexM3\ARM_GCC_541\Debug\AS76_FFP6.a(SPIM.o)
                0x000026bc                SPIM_ReadRxData
 .text.SPIM_ClearFIFO
                0x00002720       0x3c .\CortexM3\ARM_GCC_541\Debug\AS76_FFP6.a(SPIM.o)
                0x00002720                SPIM_ClearFIFO
 .text.SPIM_Init
                0x0000275c       0x90 .\CortexM3\ARM_GCC_541\Debug\AS76_FFP6.a(SPIM.o)
                0x0000275c                SPIM_Init
 .text.SPIM_Start
                0x000027ec       0x1c .\CortexM3\ARM_GCC_541\Debug\AS76_FFP6.a(SPIM.o)
                0x000027ec                SPIM_Start
 .text.SPIM_TX_ISR
                0x00002808       0xa0 .\CortexM3\ARM_GCC_541\Debug\AS76_FFP6.a(SPIM_INT.o)
                0x00002808                SPIM_TX_ISR
 .text.SPIM_RX_ISR
                0x000028a8       0xa0 .\CortexM3\ARM_GCC_541\Debug\AS76_FFP6.a(SPIM_INT.o)
                0x000028a8                SPIM_RX_ISR
 .text.CyHalt   0x00002948        0x4 .\CortexM3\ARM_GCC_541\Debug\AS76_FFP6.a(CyLib.o)
                0x00002948                CyHalt
 .text.CySoftwareReset
                0x0000294c       0x10 .\CortexM3\ARM_GCC_541\Debug\AS76_FFP6.a(CyLib.o)
                0x0000294c                CySoftwareReset
 .text.CyDelay  0x0000295c       0x2c .\CortexM3\ARM_GCC_541\Debug\AS76_FFP6.a(CyLib.o)
                0x0000295c                CyDelay
 .text.CyDelayUs
                0x00002988       0x14 .\CortexM3\ARM_GCC_541\Debug\AS76_FFP6.a(CyLib.o)
                0x00002988                CyDelayUs
 .text.CyIntSetVector
                0x0000299c       0x28 .\CortexM3\ARM_GCC_541\Debug\AS76_FFP6.a(CyLib.o)
                0x0000299c                CyIntSetVector
 .text.CyIntSetPriority
                0x000029c4       0x30 .\CortexM3\ARM_GCC_541\Debug\AS76_FFP6.a(CyLib.o)
                0x000029c4                CyIntSetPriority
 .text.CyGetUniqueId
                0x000029f4       0x70 .\CortexM3\ARM_GCC_541\Debug\AS76_FFP6.a(CyLib.o)
                0x000029f4                CyGetUniqueId
 .text.USB_Init
                0x00002a64      0x140 .\CortexM3\ARM_GCC_541\Debug\AS76_FFP6.a(USB.o)
                0x00002a64                USB_Init
 .text.USB_InitComponent
                0x00002ba4       0xd0 .\CortexM3\ARM_GCC_541\Debug\AS76_FFP6.a(USB.o)
                0x00002ba4                USB_InitComponent
 .text.USB_Start
                0x00002c74       0x24 .\CortexM3\ARM_GCC_541\Debug\AS76_FFP6.a(USB.o)
                0x00002c74                USB_Start
 .text.USB_ReInitComponent
                0x00002c98       0x64 .\CortexM3\ARM_GCC_541\Debug\AS76_FFP6.a(USB.o)
                0x00002c98                USB_ReInitComponent
 .text.USB_GetConfiguration
                0x00002cfc        0xc .\CortexM3\ARM_GCC_541\Debug\AS76_FFP6.a(USB.o)
                0x00002cfc                USB_GetConfiguration
 .text.USB_IsConfigurationChanged
                0x00002d08       0x20 .\CortexM3\ARM_GCC_541\Debug\AS76_FFP6.a(USB.o)
                0x00002d08                USB_IsConfigurationChanged
 .text.USB_GetEPState
                0x00002d28       0x14 .\CortexM3\ARM_GCC_541\Debug\AS76_FFP6.a(USB.o)
                0x00002d28                USB_GetEPState
 .text.USB_GetEPCount
                0x00002d3c       0x28 .\CortexM3\ARM_GCC_541\Debug\AS76_FFP6.a(USB.o)
                0x00002d3c                USB_GetEPCount
 .text.USB_LoadInEP
                0x00002d64       0x94 .\CortexM3\ARM_GCC_541\Debug\AS76_FFP6.a(USB.o)
                0x00002d64                USB_LoadInEP
 .text.USB_EnableOutEP
                0x00002df8       0x2c .\CortexM3\ARM_GCC_541\Debug\AS76_FFP6.a(USB.o)
                0x00002df8                USB_EnableOutEP
 .text.USB_ReadOutEP
                0x00002e24       0x50 .\CortexM3\ARM_GCC_541\Debug\AS76_FFP6.a(USB.o)
                0x00002e24                USB_ReadOutEP
 .text.USB_EnableSofInt
                0x00002e74       0x10 .\CortexM3\ARM_GCC_541\Debug\AS76_FFP6.a(USB.o)
                0x00002e74                USB_EnableSofInt
 .text.USB_GetInterfaceComPort
                0x00002e84       0x38 .\CortexM3\ARM_GCC_541\Debug\AS76_FFP6.a(USB_cdc.o)
                0x00002e84                USB_GetInterfaceComPort
 .text.USB_DispatchCDCClassRqst
                0x00002ebc       0x98 .\CortexM3\ARM_GCC_541\Debug\AS76_FFP6.a(USB_cdc.o)
                0x00002ebc                USB_DispatchCDCClassRqst
 .text.USB_CDC_Init
                0x00002f54       0x98 .\CortexM3\ARM_GCC_541\Debug\AS76_FFP6.a(USB_cdc.o)
                0x00002f54                USB_CDC_Init
 .text.USB_PutData
                0x00002fec       0x50 .\CortexM3\ARM_GCC_541\Debug\AS76_FFP6.a(USB_cdc.o)
                0x00002fec                USB_PutData
 .text.USB_DataIsReady
                0x0000303c       0x18 .\CortexM3\ARM_GCC_541\Debug\AS76_FFP6.a(USB_cdc.o)
                0x0000303c                USB_DataIsReady
 .text.USB_GetAll
                0x00003054       0x30 .\CortexM3\ARM_GCC_541\Debug\AS76_FFP6.a(USB_cdc.o)
                0x00003054                USB_GetAll
 .text.USB_Cdc_EpInit
                0x00003084       0x50 .\CortexM3\ARM_GCC_541\Debug\AS76_FFP6.a(USB_cdc.o)
                0x00003084                USB_Cdc_EpInit
 .text.USB_LoadEP0
                0x000030d4       0x98 .\CortexM3\ARM_GCC_541\Debug\AS76_FFP6.a(USB_drv.o)
                0x000030d4                USB_LoadEP0
 .text.USB_InitZeroLengthControlTransfer
                0x0000316c       0x34 .\CortexM3\ARM_GCC_541\Debug\AS76_FFP6.a(USB_drv.o)
                0x0000316c                USB_InitZeroLengthControlTransfer
 .text.USB_ControlReadDataStage
                0x000031a0        0x8 .\CortexM3\ARM_GCC_541\Debug\AS76_FFP6.a(USB_drv.o)
                0x000031a0                USB_ControlReadDataStage
 .text.USB_ControlWriteDataStage
                0x000031a8       0x84 .\CortexM3\ARM_GCC_541\Debug\AS76_FFP6.a(USB_drv.o)
                0x000031a8                USB_ControlWriteDataStage
 .text.USB_InitNoDataControlTransfer
                0x0000322c       0x2c .\CortexM3\ARM_GCC_541\Debug\AS76_FFP6.a(USB_drv.o)
                0x0000322c                USB_InitNoDataControlTransfer
 .text.USB_UpdateStatusBlock
                0x00003258       0x24 .\CortexM3\ARM_GCC_541\Debug\AS76_FFP6.a(USB_drv.o)
                0x00003258                USB_UpdateStatusBlock
 .text.USB_HandleSetup
                0x0000327c       0x5c .\CortexM3\ARM_GCC_541\Debug\AS76_FFP6.a(USB_drv.o)
                0x0000327c                USB_HandleSetup
 .text.USB_ControlReadStatusStage
                0x000032d8       0x38 .\CortexM3\ARM_GCC_541\Debug\AS76_FFP6.a(USB_drv.o)
                0x000032d8                USB_ControlReadStatusStage
 .text.USB_HandleOUT
                0x00003310       0x38 .\CortexM3\ARM_GCC_541\Debug\AS76_FFP6.a(USB_drv.o)
                0x00003310                USB_HandleOUT
 .text.USB_ControlWriteStatusStage
                0x00003348       0x20 .\CortexM3\ARM_GCC_541\Debug\AS76_FFP6.a(USB_drv.o)
                0x00003348                USB_ControlWriteStatusStage
 .text.USB_NoDataControlStatusStage
                0x00003368       0x40 .\CortexM3\ARM_GCC_541\Debug\AS76_FFP6.a(USB_drv.o)
                0x00003368                USB_NoDataControlStatusStage
 .text.USB_HandleIN
                0x000033a8       0x2c .\CortexM3\ARM_GCC_541\Debug\AS76_FFP6.a(USB_drv.o)
                0x000033a8                USB_HandleIN
 .text.USB_EP_0_ISR
                0x000033d4       0xb8 .\CortexM3\ARM_GCC_541\Debug\AS76_FFP6.a(USB_drv.o)
                0x000033d4                USB_EP_0_ISR
 .text.USB_InitializeStatusBlock
                0x0000348c       0x24 .\CortexM3\ARM_GCC_541\Debug\AS76_FFP6.a(USB_drv.o)
                0x0000348c                USB_InitializeStatusBlock
 .text.USB_InitControlRead
                0x000034b0       0x50 .\CortexM3\ARM_GCC_541\Debug\AS76_FFP6.a(USB_drv.o)
                0x000034b0                USB_InitControlRead
 .text.USB_InitControlWrite
                0x00003500       0x48 .\CortexM3\ARM_GCC_541\Debug\AS76_FFP6.a(USB_drv.o)
                0x00003500                USB_InitControlWrite
 .text.USB_EP_1_ISR
                0x00003548       0x30 .\CortexM3\ARM_GCC_541\Debug\AS76_FFP6.a(USB_episr.o)
                0x00003548                USB_EP_1_ISR
 .text.USB_EP_2_ISR
                0x00003578       0x34 .\CortexM3\ARM_GCC_541\Debug\AS76_FFP6.a(USB_episr.o)
                0x00003578                USB_EP_2_ISR
 .text.USB_EP_3_ISR
                0x000035ac       0x3c .\CortexM3\ARM_GCC_541\Debug\AS76_FFP6.a(USB_episr.o)
                0x000035ac                USB_EP_3_ISR
 .text.USB_SOF_ISR
                0x000035e8        0x4 .\CortexM3\ARM_GCC_541\Debug\AS76_FFP6.a(USB_episr.o)
                0x000035e8                USB_SOF_ISR
 .text.USB_BUS_RESET_ISR
                0x000035ec        0x8 .\CortexM3\ARM_GCC_541\Debug\AS76_FFP6.a(USB_episr.o)
                0x000035ec                USB_BUS_RESET_ISR
 .text.USB_FindHidClassDecriptor
                0x000035f4       0x44 .\CortexM3\ARM_GCC_541\Debug\AS76_FFP6.a(USB_hid.o)
                0x000035f4                USB_FindHidClassDecriptor
 .text.USB_FindReportDescriptor
                0x00003638       0x4c .\CortexM3\ARM_GCC_541\Debug\AS76_FFP6.a(USB_hid.o)
                0x00003638                USB_FindReportDescriptor
 .text.USB_FindReport
                0x00003684       0x80 .\CortexM3\ARM_GCC_541\Debug\AS76_FFP6.a(USB_hid.o)
                0x00003684                USB_FindReport
 .text.USB_DispatchHIDClassRqst
                0x00003704      0x184 .\CortexM3\ARM_GCC_541\Debug\AS76_FFP6.a(USB_hid.o)
                0x00003704                USB_DispatchHIDClassRqst
 .text.USB_DP_ISR
                0x00003888        0x8 .\CortexM3\ARM_GCC_541\Debug\AS76_FFP6.a(USB_pm.o)
                0x00003888                USB_DP_ISR
 .text.USB_ReadDieID
                0x00003890       0x6c .\CortexM3\ARM_GCC_541\Debug\AS76_FFP6.a(USB_std.o)
                0x00003890                USB_ReadDieID
 .text.USB_ConfigReg
                0x000038fc       0xa4 .\CortexM3\ARM_GCC_541\Debug\AS76_FFP6.a(USB_std.o)
                0x000038fc                USB_ConfigReg
 .text.USB_GetConfigTablePtr
                0x000039a0       0x28 .\CortexM3\ARM_GCC_541\Debug\AS76_FFP6.a(USB_std.o)
                0x000039a0                USB_GetConfigTablePtr
 .text.USB_ConfigAltChanged
                0x000039c8      0x11c .\CortexM3\ARM_GCC_541\Debug\AS76_FFP6.a(USB_std.o)
                0x000039c8                USB_ConfigAltChanged
 .text.USB_GetDeviceTablePtr
                0x00003ae4       0x18 .\CortexM3\ARM_GCC_541\Debug\AS76_FFP6.a(USB_std.o)
                0x00003ae4                USB_GetDeviceTablePtr
 .text.USB_GetInterfaceClassTablePtr
                0x00003afc       0x28 .\CortexM3\ARM_GCC_541\Debug\AS76_FFP6.a(USB_std.o)
                0x00003afc                USB_GetInterfaceClassTablePtr
 .text.USB_Config
                0x00003b24      0x1ec .\CortexM3\ARM_GCC_541\Debug\AS76_FFP6.a(USB_std.o)
                0x00003b24                USB_Config
 .text.USB_SetEndpointHalt
                0x00003d10       0x64 .\CortexM3\ARM_GCC_541\Debug\AS76_FFP6.a(USB_std.o)
                0x00003d10                USB_SetEndpointHalt
 .text.USB_ClearEndpointHalt
                0x00003d74       0xac .\CortexM3\ARM_GCC_541\Debug\AS76_FFP6.a(USB_std.o)
                0x00003d74                USB_ClearEndpointHalt
 .text.USB_ValidateAlternateSetting
                0x00003e20       0x4c .\CortexM3\ARM_GCC_541\Debug\AS76_FFP6.a(USB_std.o)
                0x00003e20                USB_ValidateAlternateSetting
 .text.USB_HandleStandardRqst
                0x00003e6c      0x35c .\CortexM3\ARM_GCC_541\Debug\AS76_FFP6.a(USB_std.o)
                0x00003e6c                USB_HandleStandardRqst
 .text.USB_HandleVendorRqst
                0x000041c8       0x3c .\CortexM3\ARM_GCC_541\Debug\AS76_FFP6.a(USB_vnd.o)
                0x000041c8                USB_HandleVendorRqst
 .text.USB_Dp_ClearInterrupt
                0x00004204       0x10 .\CortexM3\ARM_GCC_541\Debug\AS76_FFP6.a(USB_Dp.o)
                0x00004204                USB_Dp_ClearInterrupt
 .text.PWM_CondenserLED_Enable
                0x00004214       0x28 .\CortexM3\ARM_GCC_541\Debug\AS76_FFP6.a(PWM_CondenserLED.o)
                0x00004214                PWM_CondenserLED_Enable
 .text.PWM_CondenserLED_WritePeriod
                0x0000423c        0xc .\CortexM3\ARM_GCC_541\Debug\AS76_FFP6.a(PWM_CondenserLED.o)
                0x0000423c                PWM_CondenserLED_WritePeriod
 .text.PWM_CondenserLED_WriteCompare
                0x00004248        0xc .\CortexM3\ARM_GCC_541\Debug\AS76_FFP6.a(PWM_CondenserLED.o)
                0x00004248                PWM_CondenserLED_WriteCompare
 .text.PWM_CondenserLED_SetInterruptMode
                0x00004254        0xc .\CortexM3\ARM_GCC_541\Debug\AS76_FFP6.a(PWM_CondenserLED.o)
                0x00004254                PWM_CondenserLED_SetInterruptMode
 .text.PWM_CondenserLED_Init
                0x00004260       0x74 .\CortexM3\ARM_GCC_541\Debug\AS76_FFP6.a(PWM_CondenserLED.o)
                0x00004260                PWM_CondenserLED_Init
 .text.PWM_CondenserLED_Start
                0x000042d4       0x1c .\CortexM3\ARM_GCC_541\Debug\AS76_FFP6.a(PWM_CondenserLED.o)
                0x000042d4                PWM_CondenserLED_Start
 .text.SPIM_IntClock_Start
                0x000042f0       0x1c .\CortexM3\ARM_GCC_541\Debug\AS76_FFP6.a(SPIM_IntClock.o)
                0x000042f0                SPIM_IntClock_Start
 .text.QuadDec_X_Init
                0x0000430c       0x24 .\CortexM3\ARM_GCC_541\Debug\AS76_FFP6.a(QuadDec_X.o)
                0x0000430c                QuadDec_X_Init
 .text.QuadDec_X_SetCounter
                0x00004330       0x28 .\CortexM3\ARM_GCC_541\Debug\AS76_FFP6.a(QuadDec_X.o)
                0x00004330                QuadDec_X_SetCounter
 .text.QuadDec_X_GetEvents
                0x00004358       0x10 .\CortexM3\ARM_GCC_541\Debug\AS76_FFP6.a(QuadDec_X.o)
                0x00004358                QuadDec_X_GetEvents
 .text.QuadDec_X_SetInterruptMask
                0x00004368       0x10 .\CortexM3\ARM_GCC_541\Debug\AS76_FFP6.a(QuadDec_X.o)
                0x00004368                QuadDec_X_SetInterruptMask
 .text.QuadDec_X_Enable
                0x00004378       0x30 .\CortexM3\ARM_GCC_541\Debug\AS76_FFP6.a(QuadDec_X.o)
                0x00004378                QuadDec_X_Enable
 .text.QuadDec_X_Start
                0x000043a8       0x34 .\CortexM3\ARM_GCC_541\Debug\AS76_FFP6.a(QuadDec_X.o)
                0x000043a8                QuadDec_X_Start
 .text.QuadDec_X_ISR
                0x000043dc       0x40 .\CortexM3\ARM_GCC_541\Debug\AS76_FFP6.a(QuadDec_X_INT.o)
                0x000043dc                QuadDec_X_ISR
 .text.QuadDec_X_Cnt16_Enable
                0x0000441c       0x10 .\CortexM3\ARM_GCC_541\Debug\AS76_FFP6.a(QuadDec_X_Cnt16.o)
                0x0000441c                QuadDec_X_Cnt16_Enable
 .text.QuadDec_X_Cnt16_SetInterruptMode
                0x0000442c        0xc .\CortexM3\ARM_GCC_541\Debug\AS76_FFP6.a(QuadDec_X_Cnt16.o)
                0x0000442c                QuadDec_X_Cnt16_SetInterruptMode
 .text.QuadDec_X_Cnt16_ReadStatusRegister
                0x00004438        0xc .\CortexM3\ARM_GCC_541\Debug\AS76_FFP6.a(QuadDec_X_Cnt16.o)
                0x00004438                QuadDec_X_Cnt16_ReadStatusRegister
 .text.QuadDec_X_Cnt16_WriteCounter
                0x00004444        0xc .\CortexM3\ARM_GCC_541\Debug\AS76_FFP6.a(QuadDec_X_Cnt16.o)
                0x00004444                QuadDec_X_Cnt16_WriteCounter
 .text.QuadDec_X_Cnt16_ReadCapture
                0x00004450        0xc .\CortexM3\ARM_GCC_541\Debug\AS76_FFP6.a(QuadDec_X_Cnt16.o)
                0x00004450                QuadDec_X_Cnt16_ReadCapture
 .text.QuadDec_X_Cnt16_WritePeriod
                0x0000445c        0xc .\CortexM3\ARM_GCC_541\Debug\AS76_FFP6.a(QuadDec_X_Cnt16.o)
                0x0000445c                QuadDec_X_Cnt16_WritePeriod
 .text.QuadDec_X_Cnt16_WriteCompare
                0x00004468        0xc .\CortexM3\ARM_GCC_541\Debug\AS76_FFP6.a(QuadDec_X_Cnt16.o)
                0x00004468                QuadDec_X_Cnt16_WriteCompare
 .text.QuadDec_X_Cnt16_ClearFIFO
                0x00004474       0x14 .\CortexM3\ARM_GCC_541\Debug\AS76_FFP6.a(QuadDec_X_Cnt16.o)
                0x00004474                QuadDec_X_Cnt16_ClearFIFO
 .text.QuadDec_X_Cnt16_Init
                0x00004488       0x58 .\CortexM3\ARM_GCC_541\Debug\AS76_FFP6.a(QuadDec_X_Cnt16.o)
                0x00004488                QuadDec_X_Cnt16_Init
 .text.QuadDec_X_Cnt16_Start
                0x000044e0       0x1c .\CortexM3\ARM_GCC_541\Debug\AS76_FFP6.a(QuadDec_X_Cnt16.o)
                0x000044e0                QuadDec_X_Cnt16_Start
 .text.UART_PCB_LOG_Init
                0x000044fc       0x44 .\CortexM3\ARM_GCC_541\Debug\AS76_FFP6.a(UART_PCB_LOG.o)
                0x000044fc                UART_PCB_LOG_Init
 .text.UART_PCB_LOG_Enable
                0x00004540       0x44 .\CortexM3\ARM_GCC_541\Debug\AS76_FFP6.a(UART_PCB_LOG.o)
                0x00004540                UART_PCB_LOG_Enable
 .text.UART_PCB_LOG_Start
                0x00004584       0x1c .\CortexM3\ARM_GCC_541\Debug\AS76_FFP6.a(UART_PCB_LOG.o)
                0x00004584                UART_PCB_LOG_Start
 .text.UART_PCB_LOG_PutChar
                0x000045a0       0x18 .\CortexM3\ARM_GCC_541\Debug\AS76_FFP6.a(UART_PCB_LOG.o)
                0x000045a0                UART_PCB_LOG_PutChar
 .text.UART_PCB_LOG_PutString
                0x000045b8       0x24 .\CortexM3\ARM_GCC_541\Debug\AS76_FFP6.a(UART_PCB_LOG.o)
                0x000045b8                UART_PCB_LOG_PutString
 .text.UART_PCB_LOG_RXISR
                0x000045dc       0x98 .\CortexM3\ARM_GCC_541\Debug\AS76_FFP6.a(UART_PCB_LOG_INT.o)
                0x000045dc                UART_PCB_LOG_RXISR
 .text.UART_PCB_LOG_IntClock_Start
                0x00004674       0x1c .\CortexM3\ARM_GCC_541\Debug\AS76_FFP6.a(UART_PCB_LOG_IntClock.o)
                0x00004674                UART_PCB_LOG_IntClock_Start
 .text.Pin_Backlight_Write
                0x00004690       0x18 .\CortexM3\ARM_GCC_541\Debug\AS76_FFP6.a(Pin_Backlight.o)
                0x00004690                Pin_Backlight_Write
 .text.LED2_Write
                0x000046a8       0x18 .\CortexM3\ARM_GCC_541\Debug\AS76_FFP6.a(LED2.o)
                0x000046a8                LED2_Write
 .text.Pin_CSMotorO_Write
                0x000046c0       0x18 .\CortexM3\ARM_GCC_541\Debug\AS76_FFP6.a(Pin_CSMotorO.o)
                0x000046c0                Pin_CSMotorO_Write
 .text.Pin_CSMotorT_Write
                0x000046d8       0x18 .\CortexM3\ARM_GCC_541\Debug\AS76_FFP6.a(Pin_CSMotorT.o)
                0x000046d8                Pin_CSMotorT_Write
 .text.QuadDec_TZ_Init
                0x000046f0       0x24 .\CortexM3\ARM_GCC_541\Debug\AS76_FFP6.a(QuadDec_TZ.o)
                0x000046f0                QuadDec_TZ_Init
 .text.QuadDec_TZ_GetCounter
                0x00004714       0x2c .\CortexM3\ARM_GCC_541\Debug\AS76_FFP6.a(QuadDec_TZ.o)
                0x00004714                QuadDec_TZ_GetCounter
 .text.QuadDec_TZ_SetCounter
                0x00004740       0x28 .\CortexM3\ARM_GCC_541\Debug\AS76_FFP6.a(QuadDec_TZ.o)
                0x00004740                QuadDec_TZ_SetCounter
 .text.QuadDec_TZ_GetEvents
                0x00004768       0x10 .\CortexM3\ARM_GCC_541\Debug\AS76_FFP6.a(QuadDec_TZ.o)
                0x00004768                QuadDec_TZ_GetEvents
 .text.QuadDec_TZ_SetInterruptMask
                0x00004778       0x10 .\CortexM3\ARM_GCC_541\Debug\AS76_FFP6.a(QuadDec_TZ.o)
                0x00004778                QuadDec_TZ_SetInterruptMask
 .text.QuadDec_TZ_Enable
                0x00004788       0x30 .\CortexM3\ARM_GCC_541\Debug\AS76_FFP6.a(QuadDec_TZ.o)
                0x00004788                QuadDec_TZ_Enable
 .text.QuadDec_TZ_Start
                0x000047b8       0x34 .\CortexM3\ARM_GCC_541\Debug\AS76_FFP6.a(QuadDec_TZ.o)
                0x000047b8                QuadDec_TZ_Start
 .text.QuadDec_TZ_ISR
                0x000047ec       0x40 .\CortexM3\ARM_GCC_541\Debug\AS76_FFP6.a(QuadDec_TZ_INT.o)
                0x000047ec                QuadDec_TZ_ISR
 .text.PWM_Buzzer_Enable
                0x0000482c       0x28 .\CortexM3\ARM_GCC_541\Debug\AS76_FFP6.a(PWM_Buzzer.o)
                0x0000482c                PWM_Buzzer_Enable
 .text.PWM_Buzzer_WritePeriod
                0x00004854        0xc .\CortexM3\ARM_GCC_541\Debug\AS76_FFP6.a(PWM_Buzzer.o)
                0x00004854                PWM_Buzzer_WritePeriod
 .text.PWM_Buzzer_WriteCompare
                0x00004860        0xc .\CortexM3\ARM_GCC_541\Debug\AS76_FFP6.a(PWM_Buzzer.o)
                0x00004860                PWM_Buzzer_WriteCompare
 .text.PWM_Buzzer_SetInterruptMode
                0x0000486c        0xc .\CortexM3\ARM_GCC_541\Debug\AS76_FFP6.a(PWM_Buzzer.o)
                0x0000486c                PWM_Buzzer_SetInterruptMode
 .text.PWM_Buzzer_Init
                0x00004878       0x74 .\CortexM3\ARM_GCC_541\Debug\AS76_FFP6.a(PWM_Buzzer.o)
                0x00004878                PWM_Buzzer_Init
 .text.PWM_Buzzer_Start
                0x000048ec       0x1c .\CortexM3\ARM_GCC_541\Debug\AS76_FFP6.a(PWM_Buzzer.o)
                0x000048ec                PWM_Buzzer_Start
 .text.QuadDec_Y_Init
                0x00004908       0x24 .\CortexM3\ARM_GCC_541\Debug\AS76_FFP6.a(QuadDec_Y.o)
                0x00004908                QuadDec_Y_Init
 .text.QuadDec_Y_GetCounter
                0x0000492c       0x2c .\CortexM3\ARM_GCC_541\Debug\AS76_FFP6.a(QuadDec_Y.o)
                0x0000492c                QuadDec_Y_GetCounter
 .text.QuadDec_Y_SetCounter
                0x00004958       0x28 .\CortexM3\ARM_GCC_541\Debug\AS76_FFP6.a(QuadDec_Y.o)
                0x00004958                QuadDec_Y_SetCounter
 .text.QuadDec_Y_GetEvents
                0x00004980       0x10 .\CortexM3\ARM_GCC_541\Debug\AS76_FFP6.a(QuadDec_Y.o)
                0x00004980                QuadDec_Y_GetEvents
 .text.QuadDec_Y_SetInterruptMask
                0x00004990       0x10 .\CortexM3\ARM_GCC_541\Debug\AS76_FFP6.a(QuadDec_Y.o)
                0x00004990                QuadDec_Y_SetInterruptMask
 .text.QuadDec_Y_Enable
                0x000049a0       0x30 .\CortexM3\ARM_GCC_541\Debug\AS76_FFP6.a(QuadDec_Y.o)
                0x000049a0                QuadDec_Y_Enable
 .text.QuadDec_Y_Start
                0x000049d0       0x34 .\CortexM3\ARM_GCC_541\Debug\AS76_FFP6.a(QuadDec_Y.o)
                0x000049d0                QuadDec_Y_Start
 .text.QuadDec_Y_ISR
                0x00004a04       0x40 .\CortexM3\ARM_GCC_541\Debug\AS76_FFP6.a(QuadDec_Y_INT.o)
                0x00004a04                QuadDec_Y_ISR
 .text.PWM_BarcodeCondenser_LED_Enable
                0x00004a44       0x28 .\CortexM3\ARM_GCC_541\Debug\AS76_FFP6.a(PWM_BarcodeCondenser_LED.o)
                0x00004a44                PWM_BarcodeCondenser_LED_Enable
 .text.PWM_BarcodeCondenser_LED_WritePeriod
                0x00004a6c        0xc .\CortexM3\ARM_GCC_541\Debug\AS76_FFP6.a(PWM_BarcodeCondenser_LED.o)
                0x00004a6c                PWM_BarcodeCondenser_LED_WritePeriod
 .text.PWM_BarcodeCondenser_LED_WriteCompare
                0x00004a78        0xc .\CortexM3\ARM_GCC_541\Debug\AS76_FFP6.a(PWM_BarcodeCondenser_LED.o)
                0x00004a78                PWM_BarcodeCondenser_LED_WriteCompare
 .text.PWM_BarcodeCondenser_LED_SetInterruptMode
                0x00004a84        0xc .\CortexM3\ARM_GCC_541\Debug\AS76_FFP6.a(PWM_BarcodeCondenser_LED.o)
                0x00004a84                PWM_BarcodeCondenser_LED_SetInterruptMode
 .text.PWM_BarcodeCondenser_LED_Init
                0x00004a90       0x74 .\CortexM3\ARM_GCC_541\Debug\AS76_FFP6.a(PWM_BarcodeCondenser_LED.o)
                0x00004a90                PWM_BarcodeCondenser_LED_Init
 .text.PWM_BarcodeCondenser_LED_Start
                0x00004b04       0x1c .\CortexM3\ARM_GCC_541\Debug\AS76_FFP6.a(PWM_BarcodeCondenser_LED.o)
                0x00004b04                PWM_BarcodeCondenser_LED_Start
 .text.LED3_Write
                0x00004b20       0x18 .\CortexM3\ARM_GCC_541\Debug\AS76_FFP6.a(LED3.o)
                0x00004b20                LED3_Write
 .text.Encoder_T_Z_Select_Write
                0x00004b38        0xc .\CortexM3\ARM_GCC_541\Debug\AS76_FFP6.a(Encoder_T_Z_Select.o)
                0x00004b38                Encoder_T_Z_Select_Write
 .text.TMC5160_MotorX_EN_Write
                0x00004b44       0x18 .\CortexM3\ARM_GCC_541\Debug\AS76_FFP6.a(TMC5160_MotorX_EN.o)
                0x00004b44                TMC5160_MotorX_EN_Write
 .text.TMC5160_MotorY_EN_Write
                0x00004b5c       0x18 .\CortexM3\ARM_GCC_541\Debug\AS76_FFP6.a(TMC5160_MotorY_EN.o)
                0x00004b5c                TMC5160_MotorY_EN_Write
 .text.TMC5160_MotorZ_EN_Write
                0x00004b74       0x18 .\CortexM3\ARM_GCC_541\Debug\AS76_FFP6.a(TMC5160_MotorZ_EN.o)
                0x00004b74                TMC5160_MotorZ_EN_Write
 .text.TMC5160_MotorT_EN_Write
                0x00004b8c       0x18 .\CortexM3\ARM_GCC_541\Debug\AS76_FFP6.a(TMC5160_MotorT_EN.o)
                0x00004b8c                TMC5160_MotorT_EN_Write
 .text.TMC5160_MotorO_EN_Write
                0x00004ba4       0x18 .\CortexM3\ARM_GCC_541\Debug\AS76_FFP6.a(TMC5160_MotorO_EN.o)
                0x00004ba4                TMC5160_MotorO_EN_Write
 .text.QuadDec_TZ_Cnt16_Enable
                0x00004bbc       0x10 .\CortexM3\ARM_GCC_541\Debug\AS76_FFP6.a(QuadDec_TZ_Cnt16.o)
                0x00004bbc                QuadDec_TZ_Cnt16_Enable
 .text.QuadDec_TZ_Cnt16_SetInterruptMode
                0x00004bcc        0xc .\CortexM3\ARM_GCC_541\Debug\AS76_FFP6.a(QuadDec_TZ_Cnt16.o)
                0x00004bcc                QuadDec_TZ_Cnt16_SetInterruptMode
 .text.QuadDec_TZ_Cnt16_ReadStatusRegister
                0x00004bd8        0xc .\CortexM3\ARM_GCC_541\Debug\AS76_FFP6.a(QuadDec_TZ_Cnt16.o)
                0x00004bd8                QuadDec_TZ_Cnt16_ReadStatusRegister
 .text.QuadDec_TZ_Cnt16_WriteCounter
                0x00004be4        0xc .\CortexM3\ARM_GCC_541\Debug\AS76_FFP6.a(QuadDec_TZ_Cnt16.o)
                0x00004be4                QuadDec_TZ_Cnt16_WriteCounter
 .text.QuadDec_TZ_Cnt16_ReadCounter
                0x00004bf0       0x14 .\CortexM3\ARM_GCC_541\Debug\AS76_FFP6.a(QuadDec_TZ_Cnt16.o)
                0x00004bf0                QuadDec_TZ_Cnt16_ReadCounter
 .text.QuadDec_TZ_Cnt16_ReadCapture
                0x00004c04        0xc .\CortexM3\ARM_GCC_541\Debug\AS76_FFP6.a(QuadDec_TZ_Cnt16.o)
                0x00004c04                QuadDec_TZ_Cnt16_ReadCapture
 .text.QuadDec_TZ_Cnt16_WritePeriod
                0x00004c10        0xc .\CortexM3\ARM_GCC_541\Debug\AS76_FFP6.a(QuadDec_TZ_Cnt16.o)
                0x00004c10                QuadDec_TZ_Cnt16_WritePeriod
 .text.QuadDec_TZ_Cnt16_WriteCompare
                0x00004c1c        0xc .\CortexM3\ARM_GCC_541\Debug\AS76_FFP6.a(QuadDec_TZ_Cnt16.o)
                0x00004c1c                QuadDec_TZ_Cnt16_WriteCompare
 .text.QuadDec_TZ_Cnt16_ClearFIFO
                0x00004c28       0x14 .\CortexM3\ARM_GCC_541\Debug\AS76_FFP6.a(QuadDec_TZ_Cnt16.o)
                0x00004c28                QuadDec_TZ_Cnt16_ClearFIFO
 .text.QuadDec_TZ_Cnt16_Init
                0x00004c3c       0x58 .\CortexM3\ARM_GCC_541\Debug\AS76_FFP6.a(QuadDec_TZ_Cnt16.o)
                0x00004c3c                QuadDec_TZ_Cnt16_Init
 .text.QuadDec_TZ_Cnt16_Start
                0x00004c94       0x1c .\CortexM3\ARM_GCC_541\Debug\AS76_FFP6.a(QuadDec_TZ_Cnt16.o)
                0x00004c94                QuadDec_TZ_Cnt16_Start
 .text.QuadDec_Y_Cnt16_Enable
                0x00004cb0       0x10 .\CortexM3\ARM_GCC_541\Debug\AS76_FFP6.a(QuadDec_Y_Cnt16.o)
                0x00004cb0                QuadDec_Y_Cnt16_Enable
 .text.QuadDec_Y_Cnt16_SetInterruptMode
                0x00004cc0        0xc .\CortexM3\ARM_GCC_541\Debug\AS76_FFP6.a(QuadDec_Y_Cnt16.o)
                0x00004cc0                QuadDec_Y_Cnt16_SetInterruptMode
 .text.QuadDec_Y_Cnt16_ReadStatusRegister
                0x00004ccc        0xc .\CortexM3\ARM_GCC_541\Debug\AS76_FFP6.a(QuadDec_Y_Cnt16.o)
                0x00004ccc                QuadDec_Y_Cnt16_ReadStatusRegister
 .text.QuadDec_Y_Cnt16_WriteCounter
                0x00004cd8        0xc .\CortexM3\ARM_GCC_541\Debug\AS76_FFP6.a(QuadDec_Y_Cnt16.o)
                0x00004cd8                QuadDec_Y_Cnt16_WriteCounter
 .text.QuadDec_Y_Cnt16_ReadCounter
                0x00004ce4       0x14 .\CortexM3\ARM_GCC_541\Debug\AS76_FFP6.a(QuadDec_Y_Cnt16.o)
                0x00004ce4                QuadDec_Y_Cnt16_ReadCounter
 .text.QuadDec_Y_Cnt16_ReadCapture
                0x00004cf8        0xc .\CortexM3\ARM_GCC_541\Debug\AS76_FFP6.a(QuadDec_Y_Cnt16.o)
                0x00004cf8                QuadDec_Y_Cnt16_ReadCapture
 .text.QuadDec_Y_Cnt16_WritePeriod
                0x00004d04        0xc .\CortexM3\ARM_GCC_541\Debug\AS76_FFP6.a(QuadDec_Y_Cnt16.o)
                0x00004d04                QuadDec_Y_Cnt16_WritePeriod
 .text.QuadDec_Y_Cnt16_WriteCompare
                0x00004d10        0xc .\CortexM3\ARM_GCC_541\Debug\AS76_FFP6.a(QuadDec_Y_Cnt16.o)
                0x00004d10                QuadDec_Y_Cnt16_WriteCompare
 .text.QuadDec_Y_Cnt16_ClearFIFO
                0x00004d1c       0x14 .\CortexM3\ARM_GCC_541\Debug\AS76_FFP6.a(QuadDec_Y_Cnt16.o)
                0x00004d1c                QuadDec_Y_Cnt16_ClearFIFO
 .text.QuadDec_Y_Cnt16_Init
                0x00004d30       0x58 .\CortexM3\ARM_GCC_541\Debug\AS76_FFP6.a(QuadDec_Y_Cnt16.o)
                0x00004d30                QuadDec_Y_Cnt16_Init
 .text.QuadDec_Y_Cnt16_Start
                0x00004d88       0x1c .\CortexM3\ARM_GCC_541\Debug\AS76_FFP6.a(QuadDec_Y_Cnt16.o)
                0x00004d88                QuadDec_Y_Cnt16_Start
 .text.wait_timer_Enable
                0x00004da4       0x28 .\CortexM3\ARM_GCC_541\Debug\AS76_FFP6.a(wait_timer.o)
                0x00004da4                wait_timer_Enable
 .text.wait_timer_Stop
                0x00004dcc       0x28 .\CortexM3\ARM_GCC_541\Debug\AS76_FFP6.a(wait_timer.o)
                0x00004dcc                wait_timer_Stop
 .text.wait_timer_SetInterruptMode
                0x00004df4        0xc .\CortexM3\ARM_GCC_541\Debug\AS76_FFP6.a(wait_timer.o)
                0x00004df4                wait_timer_SetInterruptMode
 .text.wait_timer_WritePeriod
                0x00004e00        0xc .\CortexM3\ARM_GCC_541\Debug\AS76_FFP6.a(wait_timer.o)
                0x00004e00                wait_timer_WritePeriod
 .text.wait_timer_WriteCounter
                0x00004e0c        0xc .\CortexM3\ARM_GCC_541\Debug\AS76_FFP6.a(wait_timer.o)
                0x00004e0c                wait_timer_WriteCounter
 .text.wait_timer_Init
                0x00004e18       0x68 .\CortexM3\ARM_GCC_541\Debug\AS76_FFP6.a(wait_timer.o)
                0x00004e18                wait_timer_Init
 .text.wait_timer_Start
                0x00004e80       0x1c .\CortexM3\ARM_GCC_541\Debug\AS76_FFP6.a(wait_timer.o)
                0x00004e80                wait_timer_Start
 .text.wait_interrupt_SetVector
                0x00004e9c        0xc .\CortexM3\ARM_GCC_541\Debug\AS76_FFP6.a(wait_interrupt.o)
                0x00004e9c                wait_interrupt_SetVector
 .text.wait_interrupt_SetPriority
                0x00004ea8       0x10 .\CortexM3\ARM_GCC_541\Debug\AS76_FFP6.a(wait_interrupt.o)
                0x00004ea8                wait_interrupt_SetPriority
 .text.wait_interrupt_Enable
                0x00004eb8       0x10 .\CortexM3\ARM_GCC_541\Debug\AS76_FFP6.a(wait_interrupt.o)
                0x00004eb8                wait_interrupt_Enable
 .text.wait_interrupt_Disable
                0x00004ec8       0x10 .\CortexM3\ARM_GCC_541\Debug\AS76_FFP6.a(wait_interrupt.o)
                0x00004ec8                wait_interrupt_Disable
 .text.wait_interrupt_StartEx
                0x00004ed8       0x1c .\CortexM3\ARM_GCC_541\Debug\AS76_FFP6.a(wait_interrupt.o)
                0x00004ed8                wait_interrupt_StartEx
 *fill*         0x00004ef4        0x4 
 .text          0x00004ef8       0x20 .\CortexM3\ARM_GCC_541\Debug\AS76_FFP6.a(CyBootAsmGnu.o)
                0x00004ef8                CyDelayCycles
                0x00004f08                CyEnterCriticalSection
                0x00004f10                CyExitCriticalSection
 .text.USB_DispatchClassRqst
                0x00004f18       0x68 .\CortexM3\ARM_GCC_541\Debug\AS76_FFP6.a(USB_cls.o)
                0x00004f18                USB_DispatchClassRqst
 .text          0x00004f80      0x370 c:/program files (x86)/cypress/psoc creator/4.4/psoc creator/import/gnu/arm/5.4.1/bin/../lib/gcc/arm-none-eabi/5.4.1/armv7-m\libgcc.a(_arm_addsubdf3.o)
                0x00004f80                __aeabi_drsub
                0x00004f88                __aeabi_dsub
                0x00004f88                __subdf3
                0x00004f8c                __aeabi_dadd
                0x00004f8c                __adddf3
                0x00005204                __floatunsidf
                0x00005204                __aeabi_ui2d
                0x00005224                __floatsidf
                0x00005224                __aeabi_i2d
                0x00005248                __aeabi_f2d
                0x00005248                __extendsfdf2
                0x00005284                __floatundidf
                0x00005284                __aeabi_ul2d
                0x00005294                __floatdidf
                0x00005294                __aeabi_l2d
 .text          0x000052f0      0x424 c:/program files (x86)/cypress/psoc creator/4.4/psoc creator/import/gnu/arm/5.4.1/bin/../lib/gcc/arm-none-eabi/5.4.1/armv7-m\libgcc.a(_arm_muldivdf3.o)
                0x000052f0                __aeabi_dmul
                0x000052f0                __muldf3
                0x00005544                __divdf3
                0x00005544                __aeabi_ddiv
 .text          0x00005714       0x50 c:/program files (x86)/cypress/psoc creator/4.4/psoc creator/import/gnu/arm/5.4.1/bin/../lib/gcc/arm-none-eabi/5.4.1/armv7-m\libgcc.a(_arm_fixdfsi.o)
                0x00005714                __aeabi_d2iz
                0x00005714                __fixdfsi
 .text          0x00005764       0x40 c:/program files (x86)/cypress/psoc creator/4.4/psoc creator/import/gnu/arm/5.4.1/bin/../lib/gcc/arm-none-eabi/5.4.1/armv7-m\libgcc.a(_arm_fixunsdfsi.o)
                0x00005764                __aeabi_d2uiz
                0x00005764                __fixunsdfsi
 .text.__errno  0x000057a4        0xc c:/program files (x86)/cypress/psoc creator/4.4/psoc creator/import/gnu/arm/5.4.1/bin/../lib/gcc/arm-none-eabi/5.4.1/../../../../arm-none-eabi/lib/armv7-m\libg_nano.a(lib_a-errno.o)
                0x000057a4                __errno
 .text.__libc_init_array
                0x000057b0       0x4c c:/program files (x86)/cypress/psoc creator/4.4/psoc creator/import/gnu/arm/5.4.1/bin/../lib/gcc/arm-none-eabi/5.4.1/../../../../arm-none-eabi/lib/armv7-m\libg_nano.a(lib_a-init.o)
                0x000057b0                __libc_init_array
 .text.memcpy   0x000057fc       0x16 c:/program files (x86)/cypress/psoc creator/4.4/psoc creator/import/gnu/arm/5.4.1/bin/../lib/gcc/arm-none-eabi/5.4.1/../../../../arm-none-eabi/lib/armv7-m\libg_nano.a(lib_a-memcpy-stub.o)
                0x000057fc                memcpy
 .text.memset   0x00005812       0x10 c:/program files (x86)/cypress/psoc creator/4.4/psoc creator/import/gnu/arm/5.4.1/bin/../lib/gcc/arm-none-eabi/5.4.1/../../../../arm-none-eabi/lib/armv7-m\libg_nano.a(lib_a-memset.o)
                0x00005812                memset
 *fill*         0x00005822        0x2 
 .text.sprintf  0x00005824       0x48 c:/program files (x86)/cypress/psoc creator/4.4/psoc creator/import/gnu/arm/5.4.1/bin/../lib/gcc/arm-none-eabi/5.4.1/../../../../arm-none-eabi/lib/armv7-m\libg_nano.a(lib_a-sprintf.o)
                0x00005824                siprintf
                0x00005824                sprintf
 .text.strncmp  0x0000586c       0x2a c:/program files (x86)/cypress/psoc creator/4.4/psoc creator/import/gnu/arm/5.4.1/bin/../lib/gcc/arm-none-eabi/5.4.1/../../../../arm-none-eabi/lib/armv7-m\libg_nano.a(lib_a-strncmp.o)
                0x0000586c                strncmp
 .text.strncpy  0x00005896       0x26 c:/program files (x86)/cypress/psoc creator/4.4/psoc creator/import/gnu/arm/5.4.1/bin/../lib/gcc/arm-none-eabi/5.4.1/../../../../arm-none-eabi/lib/armv7-m\libg_nano.a(lib_a-strncpy.o)
                0x00005896                strncpy
 .text.__ssputs_r
                0x000058bc       0xb2 c:/program files (x86)/cypress/psoc creator/4.4/psoc creator/import/gnu/arm/5.4.1/bin/../lib/gcc/arm-none-eabi/5.4.1/../../../../arm-none-eabi/lib/armv7-m\libg_nano.a(lib_a-nano-svfprintf.o)
                0x000058bc                __ssputs_r
 *fill*         0x0000596e        0x2 
 .text._svfprintf_r
                0x00005970      0x1e8 c:/program files (x86)/cypress/psoc creator/4.4/psoc creator/import/gnu/arm/5.4.1/bin/../lib/gcc/arm-none-eabi/5.4.1/../../../../arm-none-eabi/lib/armv7-m\libg_nano.a(lib_a-nano-svfprintf.o)
                0x00005970                _svfiprintf_r
                0x00005970                _svfprintf_r
 .text._printf_common
                0x00005b58       0xec c:/program files (x86)/cypress/psoc creator/4.4/psoc creator/import/gnu/arm/5.4.1/bin/../lib/gcc/arm-none-eabi/5.4.1/../../../../arm-none-eabi/lib/armv7-m\libg_nano.a(lib_a-nano-vfprintf_i.o)
                0x00005b58                _printf_common
 .text._printf_i
                0x00005c44      0x24c c:/program files (x86)/cypress/psoc creator/4.4/psoc creator/import/gnu/arm/5.4.1/bin/../lib/gcc/arm-none-eabi/5.4.1/../../../../arm-none-eabi/lib/armv7-m\libg_nano.a(lib_a-nano-vfprintf_i.o)
                0x00005c44                _printf_i
 .text.memchr   0x00005e90       0x1c c:/program files (x86)/cypress/psoc creator/4.4/psoc creator/import/gnu/arm/5.4.1/bin/../lib/gcc/arm-none-eabi/5.4.1/../../../../arm-none-eabi/lib/armv7-m\libg_nano.a(lib_a-memchr-stub.o)
                0x00005e90                memchr
 .text.memmove  0x00005eac       0x36 c:/program files (x86)/cypress/psoc creator/4.4/psoc creator/import/gnu/arm/5.4.1/bin/../lib/gcc/arm-none-eabi/5.4.1/../../../../arm-none-eabi/lib/armv7-m\libg_nano.a(lib_a-memmove.o)
                0x00005eac                memmove
 *fill*         0x00005ee2        0x2 
 .text._free_r  0x00005ee4       0x98 c:/program files (x86)/cypress/psoc creator/4.4/psoc creator/import/gnu/arm/5.4.1/bin/../lib/gcc/arm-none-eabi/5.4.1/../../../../arm-none-eabi/lib/armv7-m\libg_nano.a(lib_a-nano-freer.o)
                0x00005ee4                _free_r
 .text._malloc_r
                0x00005f7c       0xbc c:/program files (x86)/cypress/psoc creator/4.4/psoc creator/import/gnu/arm/5.4.1/bin/../lib/gcc/arm-none-eabi/5.4.1/../../../../arm-none-eabi/lib/armv7-m\libg_nano.a(lib_a-nano-mallocr.o)
                0x00005f7c                _malloc_r
 .text._realloc_r
                0x00006038       0x4c c:/program files (x86)/cypress/psoc creator/4.4/psoc creator/import/gnu/arm/5.4.1/bin/../lib/gcc/arm-none-eabi/5.4.1/../../../../arm-none-eabi/lib/armv7-m\libg_nano.a(lib_a-nano-reallocr.o)
                0x00006038                _realloc_r
 .text._sbrk_r  0x00006084       0x20 c:/program files (x86)/cypress/psoc creator/4.4/psoc creator/import/gnu/arm/5.4.1/bin/../lib/gcc/arm-none-eabi/5.4.1/../../../../arm-none-eabi/lib/armv7-m\libg_nano.a(lib_a-sbrkr.o)
                0x00006084                _sbrk_r
 .text.__malloc_lock
                0x000060a4        0x2 c:/program files (x86)/cypress/psoc creator/4.4/psoc creator/import/gnu/arm/5.4.1/bin/../lib/gcc/arm-none-eabi/5.4.1/../../../../arm-none-eabi/lib/armv7-m\libg_nano.a(lib_a-mlock.o)
                0x000060a4                __malloc_lock
 .text.__malloc_unlock
                0x000060a6        0x2 c:/program files (x86)/cypress/psoc creator/4.4/psoc creator/import/gnu/arm/5.4.1/bin/../lib/gcc/arm-none-eabi/5.4.1/../../../../arm-none-eabi/lib/armv7-m\libg_nano.a(lib_a-mlock.o)
                0x000060a6                __malloc_unlock
 .text._malloc_usable_size_r
                0x000060a8       0x14 c:/program files (x86)/cypress/psoc creator/4.4/psoc creator/import/gnu/arm/5.4.1/bin/../lib/gcc/arm-none-eabi/5.4.1/../../../../arm-none-eabi/lib/armv7-m\libg_nano.a(lib_a-nano-msizer.o)
                0x000060a8                _malloc_usable_size_r
 *(.plt)
 *(.gnu.warning)
 *(.glue_7t)
 .glue_7t       0x000060bc        0x0 linker stubs
 *(.glue_7)
 .glue_7        0x000060bc        0x0 linker stubs
 *(.vfp11_veneer)
 .vfp11_veneer  0x000060bc        0x0 linker stubs
 *(.bootloader)
 *(.ARM.extab* .gnu.linkonce.armextab.*)
 *(.gcc_except_table)

.v4_bx          0x000060bc        0x0
 .v4_bx         0x000060bc        0x0 linker stubs

.iplt           0x000060bc        0x0
 .iplt          0x000060bc        0x0 c:/program files (x86)/cypress/psoc creator/4.4/psoc creator/import/gnu/arm/5.4.1/bin/../lib/gcc/arm-none-eabi/5.4.1/armv7-m/crtbegin.o

.eh_frame_hdr
 *(.eh_frame_hdr)

.eh_frame       0x000060bc        0x4
 *(.eh_frame)
 .eh_frame      0x000060bc        0x0 c:/program files (x86)/cypress/psoc creator/4.4/psoc creator/import/gnu/arm/5.4.1/bin/../lib/gcc/arm-none-eabi/5.4.1/armv7-m/crtbegin.o
 .eh_frame      0x000060bc        0x4 c:/program files (x86)/cypress/psoc creator/4.4/psoc creator/import/gnu/arm/5.4.1/bin/../lib/gcc/arm-none-eabi/5.4.1/armv7-m/crtend.o
                [!provide]                PROVIDE (__exidx_start, .)

.ARM.exidx
 *(.ARM.exidx* .gnu.linkonce.armexidx.*)
                0x000060c0                __exidx_end = .

.rodata         0x000060c0     0x1898
 *(.rodata .rodata.* .gnu.linkonce.r.*)
 .rodata.str1.4
                0x000060c0       0x32 .\CortexM3\ARM_GCC_541\Debug\main.o
 *fill*         0x000060f2        0x2 
 .rodata.str1.4
                0x000060f4      0x5a1 .\CortexM3\ARM_GCC_541\Debug\AS76.o
                                0x5b1 (size before relaxing)
 *fill*         0x00006695        0x3 
 .rodata        0x00006698     0x1028 .\CortexM3\ARM_GCC_541\Debug\cyfitter_cfg.o
 .rodata.str1.4
                0x000076c0       0x14 .\CortexM3\ARM_GCC_541\Debug\AS76_FFP6.a(USB_std.o)
                                 0x11 (size before relaxing)
 .rodata        0x000076d4      0x21a .\CortexM3\ARM_GCC_541\Debug\AS76_FFP6.a(USB_descr.o)
                0x000076d4                USB_MSOS_CONFIGURATION_DESCR
                0x000076fc                USB_MSOS_DESCRIPTOR
                0x00007710                USB_TABLE
                0x00007718                USB_DEVICE0_TABLE
                0x00007730                USB_DEVICE0_CONFIGURATION0_TABLE
                0x00007758                USB_DEVICE0_CONFIGURATION0_INTERFACE_CLASS
                0x0000775c                USB_DEVICE0_CONFIGURATION0_EP_SETTINGS_TABLE
                0x00007774                USB_HIDREPORT_DESCRIPTOR1
                0x000077ac                USB_SN_STRING_DESCRIPTOR
                0x000077b0                USB_STRING_DESCRIPTORS
                0x00007898                USB_DEVICE0_CONFIGURATION0_DESCR
                0x000078dc                USB_DEVICE0_DESCR
 .rodata.str1.1
                0x000078ee        0x2 c:/program files (x86)/cypress/psoc creator/4.4/psoc creator/import/gnu/arm/5.4.1/bin/../lib/gcc/arm-none-eabi/5.4.1/../../../../arm-none-eabi/lib/armv7-m\libg_nano.a(lib_a-impure.o)
 .rodata.str1.1
                0x000078f0       0x11 c:/program files (x86)/cypress/psoc creator/4.4/psoc creator/import/gnu/arm/5.4.1/bin/../lib/gcc/arm-none-eabi/5.4.1/../../../../arm-none-eabi/lib/armv7-m\libg_nano.a(lib_a-nano-svfprintf.o)
 .rodata.str1.1
                0x00007901       0x22 c:/program files (x86)/cypress/psoc creator/4.4/psoc creator/import/gnu/arm/5.4.1/bin/../lib/gcc/arm-none-eabi/5.4.1/../../../../arm-none-eabi/lib/armv7-m\libg_nano.a(lib_a-nano-vfprintf_i.o)
                0x00007924                . = ALIGN (0x4)
 *fill*         0x00007923        0x1 
 *(.init)
 .init          0x00007924        0x4 c:/program files (x86)/cypress/psoc creator/4.4/psoc creator/import/gnu/arm/5.4.1/bin/../lib/gcc/arm-none-eabi/5.4.1/armv7-m/crti.o
                0x00007924                _init
 .init          0x00007928        0x8 c:/program files (x86)/cypress/psoc creator/4.4/psoc creator/import/gnu/arm/5.4.1/bin/../lib/gcc/arm-none-eabi/5.4.1/armv7-m/crtn.o
                0x00007930                . = ALIGN (0x4)
                0x00007930                __preinit_array_start = .
 *(.preinit_array)
                0x00007930                __preinit_array_end = .
                0x00007930                . = ALIGN (0x4)
                0x00007930                __init_array_start = .
 *(SORT(.init_array.*))
 *(.init_array)
 .init_array    0x00007930        0x4 c:/program files (x86)/cypress/psoc creator/4.4/psoc creator/import/gnu/arm/5.4.1/bin/../lib/gcc/arm-none-eabi/5.4.1/armv7-m/crtbegin.o
 .init_array    0x00007934        0x4 .\CortexM3\ARM_GCC_541\Debug\Cm3Start.o
                0x00007938                __init_array_end = .
                0x00007938                . = ALIGN (0x4)
 *(.fini)
 .fini          0x00007938        0x4 c:/program files (x86)/cypress/psoc creator/4.4/psoc creator/import/gnu/arm/5.4.1/bin/../lib/gcc/arm-none-eabi/5.4.1/armv7-m/crti.o
                0x00007938                _fini
 .fini          0x0000793c        0x8 c:/program files (x86)/cypress/psoc creator/4.4/psoc creator/import/gnu/arm/5.4.1/bin/../lib/gcc/arm-none-eabi/5.4.1/armv7-m/crtn.o
                0x00007944                . = ALIGN (0x4)
                0x00007944                __fini_array_start = .
 *(.fini_array)
 .fini_array    0x00007944        0x4 c:/program files (x86)/cypress/psoc creator/4.4/psoc creator/import/gnu/arm/5.4.1/bin/../lib/gcc/arm-none-eabi/5.4.1/armv7-m/crtbegin.o
 *(SORT(.fini_array.*))
                0x00007948                __fini_array_end = .
                0x00007948                . = ALIGN (0x4)
 *crtbegin.o(.ctors)
 *(EXCLUDE_FILE(*crtend.o) .ctors)
 *(SORT(.ctors.*))
 *crtend.o(.ctors)
                0x00007948                . = ALIGN (0x4)
 *crtbegin.o(.dtors)
 *(EXCLUDE_FILE(*crtend.o) .dtors)
 *(SORT(.dtors.*))
 *crtend.o(.dtors)
                0x00007948                . = ALIGN (0x4)
                0x00007948                __cy_regions = .
                0x00007948        0x4 LONG 0x7958 __cy_region_init_ram
                0x0000794c        0x4 LONG 0x1fff80c8 __cy_region_start_data
                0x00007950        0x4 LONG 0xd8 __cy_region_init_size_ram
                0x00007954        0x4 LONG 0x260 __cy_region_zero_size_ram
                0x00007958                __cy_regions_end = .
                0x00007958                . = ALIGN (0x8)
                0x00007958                _etext = .

.cy_checksum_exclude
                0x00007958        0x0
 *(.cy_checksum_exclude)

.ramvectors     0x1fff8000       0xc0
                0x1fff8000                __cy_region_start_ram = .
 *(.ramvectors)
 .ramvectors    0x1fff8000       0xc0 .\CortexM3\ARM_GCC_541\Debug\Cm3Start.o
                0x1fff8000                CyRamVectors

.noinit         0x1fff80c0        0x1
 *(.noinit)
 .noinit        0x1fff80c0        0x1 .\CortexM3\ARM_GCC_541\Debug\AS76_FFP6.a(CyLib.o)
                0x1fff80c0                CyResetStatus

.data           0x1fff80c8       0xd8 load address 0x00007958
                0x1fff80c8                __cy_region_start_data = .
 *(.jcr)
 .jcr           0x1fff80c8        0x0 c:/program files (x86)/cypress/psoc creator/4.4/psoc creator/import/gnu/arm/5.4.1/bin/../lib/gcc/arm-none-eabi/5.4.1/armv7-m/crtbegin.o
 .jcr           0x1fff80c8        0x4 c:/program files (x86)/cypress/psoc creator/4.4/psoc creator/import/gnu/arm/5.4.1/bin/../lib/gcc/arm-none-eabi/5.4.1/armv7-m/crtend.o
 *(.got.plt)
 *(.got)
 *(.shdata)
 *(.data .data.* .gnu.linkonce.d.*)
 .data          0x1fff80cc        0x4 .\CortexM3\ARM_GCC_541\Debug\main.o
                0x1fff80cc                status_t
                0x1fff80cd                status_z
                0x1fff80ce                status_y
                0x1fff80cf                status_x
 .data          0x1fff80d0       0x39 .\CortexM3\ARM_GCC_541\Debug\AS76.o
                0x1fff80d0                PWM_Condenser_comare_value
                0x1fff80e4                Motor_Speed_X
                0x1fff80e8                Motor_Speed_Y
                0x1fff80ec                Motor_Speed_Z
                0x1fff80f0                HomeY_done
                0x1fff80f1                HomeX_done
                0x1fff80f2                HomeZ_done
                0x1fff80f4                X_Pitchfactor
                0x1fff80f8                HomeT_done
                0x1fff80fc                T_Pitchfactor
                0x1fff8100                Z_Pitchfactor
                0x1fff8104                Y_Pitchfactor
                0x1fff8108                Time_Out_Error
 *fill*         0x1fff8109        0x3 
 .data          0x1fff810c        0x4 .\CortexM3\ARM_GCC_541\Debug\Cm3Start.o
 .data          0x1fff8110       0x10 .\CortexM3\ARM_GCC_541\Debug\AS76_FFP6.a(CyLib.o)
                0x1fff8110                cydelay_32k_ms
                0x1fff8114                cydelay_freq_khz
                0x1fff8118                cydelay_freq_mhz
                0x1fff811c                cydelay_freq_hz
 .data          0x1fff8120       0x1a .\CortexM3\ARM_GCC_541\Debug\AS76_FFP6.a(USB_cdc.o)
                0x1fff8120                USB_linesCoding
 *fill*         0x1fff813a        0x2 
 .data.impure_data
                0x1fff813c       0x60 c:/program files (x86)/cypress/psoc creator/4.4/psoc creator/import/gnu/arm/5.4.1/bin/../lib/gcc/arm-none-eabi/5.4.1/../../../../arm-none-eabi/lib/armv7-m\libg_nano.a(lib_a-impure.o)
 .data._impure_ptr
                0x1fff819c        0x4 c:/program files (x86)/cypress/psoc creator/4.4/psoc creator/import/gnu/arm/5.4.1/bin/../lib/gcc/arm-none-eabi/5.4.1/../../../../arm-none-eabi/lib/armv7-m\libg_nano.a(lib_a-impure.o)
                0x1fff819c                _impure_ptr
                0x1fff81a0                . = ALIGN (0x8)
 *(.ram)
                0x1fff81a0                _edata = .

.igot.plt       0x1fff81a0        0x0 load address 0x00007a30
 .igot.plt      0x1fff81a0        0x0 c:/program files (x86)/cypress/psoc creator/4.4/psoc creator/import/gnu/arm/5.4.1/bin/../lib/gcc/arm-none-eabi/5.4.1/armv7-m/crtbegin.o

.bss            0x1fff81a0      0x260 load address 0x00007a30
                0x1fff81a0                PROVIDE (__bss_start__, .)
 *(.shbss)
 *(.bss .bss.* .gnu.linkonce.b.*)
 .bss           0x1fff81a0       0x1c c:/program files (x86)/cypress/psoc creator/4.4/psoc creator/import/gnu/arm/5.4.1/bin/../lib/gcc/arm-none-eabi/5.4.1/armv7-m/crtbegin.o
 .bss           0x1fff81bc       0x50 .\CortexM3\ARM_GCC_541\Debug\AS76.o
                0x1fff81bc                ms_count
                0x1fff81be                exit_loop
                0x1fff81c0                EncoderTZSelect
                0x1fff81c4                X_QuadPosition
                0x1fff81c8                Y_QuadPosition
                0x1fff81cc                Z_QuadPosition
                0x1fff81d0                T_QuadPosition
                0x1fff81d4                Buffer_Z_QuadPosition
                0x1fff81d8                Buffer_T_QuadPosition
                0x1fff81dc                Input_Position_X_Temp
                0x1fff81e0                PWM_barcode_comare_value
                0x1fff81e4                Error
                0x1fff81e9                HomeX_done_Buffer
                0x1fff81ea                HomeY_done_Buffer
                0x1fff81eb                HomeZ_done_Buffer
                0x1fff81ec                HomeT_done_Buffer
                0x1fff81f0                Position_X_Requested
                0x1fff81f4                Position_Y_Requested
                0x1fff81f8                Position_Z_Requested
                0x1fff81fc                Position_T_Requested
                0x1fff8200                time_ms
                0x1fff8204                oil_speed
                0x1fff8208                oil_dir
 .bss           0x1fff820c        0x1 .\CortexM3\ARM_GCC_541\Debug\AS76_FFP6.a(SPIM.o)
                0x1fff820c                SPIM_initVar
 .bss           0x1fff820d        0x1 .\CortexM3\ARM_GCC_541\Debug\AS76_FFP6.a(USB.o)
                0x1fff820d                USB_initVar
 .bss           0x1fff820e        0x1 .\CortexM3\ARM_GCC_541\Debug\AS76_FFP6.a(USB_cdc.o)
 *fill*         0x1fff820f        0x1 
 .bss           0x1fff8210        0x2 .\CortexM3\ARM_GCC_541\Debug\AS76_FFP6.a(USB_std.o)
 .bss           0x1fff8212        0x1 .\CortexM3\ARM_GCC_541\Debug\AS76_FFP6.a(PWM_CondenserLED.o)
                0x1fff8212                PWM_CondenserLED_initVar
 .bss           0x1fff8213        0x1 .\CortexM3\ARM_GCC_541\Debug\AS76_FFP6.a(QuadDec_X.o)
                0x1fff8213                QuadDec_X_initVar
 .bss           0x1fff8214        0x4 .\CortexM3\ARM_GCC_541\Debug\AS76_FFP6.a(QuadDec_X_INT.o)
                0x1fff8214                QuadDec_X_count32SoftPart
 .bss           0x1fff8218        0x1 .\CortexM3\ARM_GCC_541\Debug\AS76_FFP6.a(QuadDec_X_Cnt16.o)
                0x1fff8218                QuadDec_X_Cnt16_initVar
 .bss           0x1fff8219        0x7 .\CortexM3\ARM_GCC_541\Debug\AS76_FFP6.a(UART_PCB_LOG.o)
                0x1fff8219                UART_PCB_LOG_errorStatus
                0x1fff821a                UART_PCB_LOG_initVar
                0x1fff821b                UART_PCB_LOG_rxBufferRead
                0x1fff821c                UART_PCB_LOG_rxBufferWrite
                0x1fff821d                UART_PCB_LOG_rxBufferLoopDetect
                0x1fff821e                UART_PCB_LOG_rxBufferOverflow
 .bss           0x1fff8220        0x1 .\CortexM3\ARM_GCC_541\Debug\AS76_FFP6.a(QuadDec_TZ.o)
                0x1fff8220                QuadDec_TZ_initVar
 *fill*         0x1fff8221        0x3 
 .bss           0x1fff8224        0x4 .\CortexM3\ARM_GCC_541\Debug\AS76_FFP6.a(QuadDec_TZ_INT.o)
                0x1fff8224                QuadDec_TZ_count32SoftPart
 .bss           0x1fff8228        0x1 .\CortexM3\ARM_GCC_541\Debug\AS76_FFP6.a(PWM_Buzzer.o)
                0x1fff8228                PWM_Buzzer_initVar
 .bss           0x1fff8229        0x1 .\CortexM3\ARM_GCC_541\Debug\AS76_FFP6.a(QuadDec_Y.o)
                0x1fff8229                QuadDec_Y_initVar
 *fill*         0x1fff822a        0x2 
 .bss           0x1fff822c        0x4 .\CortexM3\ARM_GCC_541\Debug\AS76_FFP6.a(QuadDec_Y_INT.o)
                0x1fff822c                QuadDec_Y_count32SoftPart
 .bss           0x1fff8230        0x1 .\CortexM3\ARM_GCC_541\Debug\AS76_FFP6.a(PWM_BarcodeCondenser_LED.o)
                0x1fff8230                PWM_BarcodeCondenser_LED_initVar
 .bss           0x1fff8231        0x1 .\CortexM3\ARM_GCC_541\Debug\AS76_FFP6.a(QuadDec_TZ_Cnt16.o)
                0x1fff8231                QuadDec_TZ_Cnt16_initVar
 .bss           0x1fff8232        0x1 .\CortexM3\ARM_GCC_541\Debug\AS76_FFP6.a(QuadDec_Y_Cnt16.o)
                0x1fff8232                QuadDec_Y_Cnt16_initVar
 .bss           0x1fff8233        0x1 .\CortexM3\ARM_GCC_541\Debug\AS76_FFP6.a(wait_timer.o)
                0x1fff8233                wait_timer_initVar
 .bss.__malloc_sbrk_start
                0x1fff8234        0x4 c:/program files (x86)/cypress/psoc creator/4.4/psoc creator/import/gnu/arm/5.4.1/bin/../lib/gcc/arm-none-eabi/5.4.1/../../../../arm-none-eabi/lib/armv7-m\libg_nano.a(lib_a-nano-mallocr.o)
                0x1fff8234                __malloc_sbrk_start
 .bss.__malloc_free_list
                0x1fff8238        0x4 c:/program files (x86)/cypress/psoc creator/4.4/psoc creator/import/gnu/arm/5.4.1/bin/../lib/gcc/arm-none-eabi/5.4.1/../../../../arm-none-eabi/lib/armv7-m\libg_nano.a(lib_a-nano-mallocr.o)
                0x1fff8238                __malloc_free_list
 *(COMMON)
 COMMON         0x1fff823c       0x82 .\CortexM3\ARM_GCC_541\Debug\main.o
                0x1fff823c                Is_Slide_On_Gripper
                0x1fff8240                USB_received
                0x1fff8280                count
                0x1fff8284                USB_transmit
 *fill*         0x1fff82be        0x2 
 COMMON         0x1fff82c0        0x4 .\CortexM3\ARM_GCC_541\Debug\AS76.o
                0x1fff82c0                command
 COMMON         0x1fff82c4       0x18 .\CortexM3\ARM_GCC_541\Debug\AS76_FFP6.a(SPIM.o)
                0x1fff82c4                SPIM_rxBufferFull
                0x1fff82c8                SPIM_txBuffer
                0x1fff82cd                SPIM_swStatusTx
                0x1fff82d0                SPIM_rxBuffer
                0x1fff82d6                SPIM_txBufferFull
                0x1fff82d7                SPIM_txBufferRead
                0x1fff82d8                SPIM_rxBufferWrite
                0x1fff82d9                SPIM_txBufferWrite
                0x1fff82da                SPIM_rxBufferRead
                0x1fff82db                SPIM_swStatusRx
 COMMON         0x1fff82dc       0x16 .\CortexM3\ARM_GCC_541\Debug\AS76_FFP6.a(USB_cdc.o)
                0x1fff82dc                USB_linesControlBitmap
                0x1fff82e0                USB_cdcCommInInterruptEp
                0x1fff82e4                USB_serialStateBitmap
                0x1fff82e8                USB_cdcDataOutEp
                0x1fff82ec                USB_cdcDataInEp
                0x1fff82f0                USB_linesChanged
 *fill*         0x1fff82f2        0x2 
 COMMON         0x1fff82f4       0x98 .\CortexM3\ARM_GCC_541\Debug\AS76_FFP6.a(USB_drv.o)
                0x1fff82f4                USB_transferState
                0x1fff82f5                USB_interfaceNumber
                0x1fff82f6                USB_lastPacketSize
                0x1fff82f8                USB_interfaceClass
                0x1fff82fc                USB_interfaceSetting
                0x1fff82fe                USB_ep0Mode
                0x1fff82ff                USB_device
                0x1fff8300                USB_deviceAddress
                0x1fff8301                USB_ep0Toggle
                0x1fff8304                USB_interfaceSettingLast
                0x1fff8306                USB_configurationChanged
                0x1fff8308                USB_interfaceStatus
                0x1fff830a                USB_transferByteCount
                0x1fff830c                USB_configuration
                0x1fff8310                USB_currentTD
                0x1fff831c                USB_ep0Count
                0x1fff831d                USB_deviceStatus
                0x1fff8320                USB_EP
 COMMON         0x1fff838c        0xa .\CortexM3\ARM_GCC_541\Debug\AS76_FFP6.a(USB_hid.o)
                0x1fff838c                USB_hidProtocol
                0x1fff8390                USB_hidIdleRate
                0x1fff8394                USB_hidIdleTimer
 *fill*         0x1fff8396        0x2 
 COMMON         0x1fff8398       0x40 .\CortexM3\ARM_GCC_541\Debug\AS76_FFP6.a(UART_PCB_LOG.o)
                0x1fff8398                UART_PCB_LOG_rxBuffer
 COMMON         0x1fff83d8       0x22 .\CortexM3\ARM_GCC_541\Debug\AS76_FFP6.a(USB_descr.o)
                0x1fff83d8                USB_idSerialNumberStringDescriptor
 *fill*         0x1fff83fa        0x2 
 COMMON         0x1fff83fc        0x4 c:/program files (x86)/cypress/psoc creator/4.4/psoc creator/import/gnu/arm/5.4.1/bin/../lib/gcc/arm-none-eabi/5.4.1/../../../../arm-none-eabi/lib/armv7-m\libg_nano.a(lib_a-reent.o)
                0x1fff83fc                errno
                0x1fff8400                . = ALIGN (0x8)
 *(.ram.b)
                0x1fff8400                _end = .
                0x1fff8400                __end = .
                0x1fff8400                PROVIDE (end, .)
                0x1fff8400                PROVIDE (__bss_end__, .)
                0x00007958                __cy_region_init_ram = LOADADDR (.data)
                0x000000d8                __cy_region_init_size_ram = (_edata - ADDR (.data))
                0x00000260                __cy_region_zero_size_ram = (_end - _edata)

.heap           0x1fff8400       0x80 load address 0x00007a30
                0x1fff8400                . = _end
                0x1fff8480                . = (. + 0x80)
 *fill*         0x1fff8400       0x80 
                0x1fff8480                __cy_heap_limit = .

.stack          0x20007800      0x800
                0x20007800                __cy_stack_limit = .
                0x20008000                . = (. + 0x800)
 *fill*         0x20007800      0x800 
                0x00000001                ASSERT ((__cy_stack_limit >= __cy_heap_limit), region RAM overflowed with stack)
                0x00000000                cy_checksum_exclude_size = (CY_APPL_LOADABLE == 0x1)?SIZEOF (.cy_checksum_exclude):0x0
                0x00000001                ASSERT ((cy_checksum_exclude_size <= CY_CHECKSUM_EXCLUDE_SIZE), CY_BOOT: Section .cy_checksum_exclude size exceedes specified limit.)

.cyloadermeta
 *(.cyloadermeta)

.cyloadablemeta
 *(.cyloadablemeta)

.cyconfigecc
 *(.cyconfigecc)

.cycustnvl      0x90000000        0x4
 *(.cycustnvl)
 .cycustnvl     0x90000000        0x4 .\CortexM3\ARM_GCC_541\Debug\cymetadata.o
                0x90000000                cy_meta_custnvl

.cywolatch      0x90100000        0x4
 *(.cywolatch)
 .cywolatch     0x90100000        0x4 .\CortexM3\ARM_GCC_541\Debug\cymetadata.o
                0x90100000                cy_meta_wonvl

.cyeeprom       0x90200000        0x0
 *(.cyeeprom)
                0x00000001                ASSERT ((. <= ((0x90200000 + ee_offset) + ee_size)), .cyeeprom data will not fit in EEPROM)

.cyflashprotect
                0x90400000      0x100
 *(.cyflashprotect)
 .cyflashprotect
                0x90400000      0x100 .\CortexM3\ARM_GCC_541\Debug\cymetadata.o
                0x90400000                cy_meta_flashprotect

.cymeta         0x90500000        0xc
 *(.cymeta)
 .cymeta        0x90500000        0xc .\CortexM3\ARM_GCC_541\Debug\cymetadata.o
                0x90500000                cy_metadata

.rel.dyn        0x00007a30        0x0 load address 0x9050000c
 .rel.iplt      0x00007a30        0x0 c:/program files (x86)/cypress/psoc creator/4.4/psoc creator/import/gnu/arm/5.4.1/bin/../lib/gcc/arm-none-eabi/5.4.1/armv7-m/crtbegin.o

.stab
 *(.stab)

.stabstr
 *(.stabstr)

.debug
 *(.debug)

.line
 *(.line)

.debug_srcinfo
 *(.debug_srcinfo)

.debug_sfnames
 *(.debug_sfnames)

.debug_aranges  0x00000000     0x16b0
 *(.debug_aranges)
 .debug_aranges
                0x00000000       0x20 .\CortexM3\ARM_GCC_541\Debug\main.o
 .debug_aranges
                0x00000020      0x198 .\CortexM3\ARM_GCC_541\Debug\AS76.o
 .debug_aranges
                0x000001b8       0x60 .\CortexM3\ARM_GCC_541\Debug\cyfitter_cfg.o
 .debug_aranges
                0x00000218       0x18 .\CortexM3\ARM_GCC_541\Debug\cymetadata.o
 .debug_aranges
                0x00000230       0x48 .\CortexM3\ARM_GCC_541\Debug\Cm3Start.o
 .debug_aranges
                0x00000278       0x38 .\CortexM3\ARM_GCC_541\Debug\AS76_FFP6.a(Pin_CSMotorX.o)
 .debug_aranges
                0x000002b0       0x38 .\CortexM3\ARM_GCC_541\Debug\AS76_FFP6.a(Pin_CSMotorY.o)
 .debug_aranges
                0x000002e8       0x38 .\CortexM3\ARM_GCC_541\Debug\AS76_FFP6.a(Pin_CSMotorZ.o)
 .debug_aranges
                0x00000320       0xd8 .\CortexM3\ARM_GCC_541\Debug\AS76_FFP6.a(SPIM.o)
 .debug_aranges
                0x000003f8       0x28 .\CortexM3\ARM_GCC_541\Debug\AS76_FFP6.a(SPIM_INT.o)
 .debug_aranges
                0x00000420      0x2a0 .\CortexM3\ARM_GCC_541\Debug\AS76_FFP6.a(CyLib.o)
 .debug_aranges
                0x000006c0       0x98 .\CortexM3\ARM_GCC_541\Debug\AS76_FFP6.a(cyPm.o)
 .debug_aranges
                0x00000758       0xc8 .\CortexM3\ARM_GCC_541\Debug\AS76_FFP6.a(USB.o)
 .debug_aranges
                0x00000820       0xe8 .\CortexM3\ARM_GCC_541\Debug\AS76_FFP6.a(USB_cdc.o)
 .debug_aranges
                0x00000908       0x98 .\CortexM3\ARM_GCC_541\Debug\AS76_FFP6.a(USB_drv.o)
 .debug_aranges
                0x000009a0       0x40 .\CortexM3\ARM_GCC_541\Debug\AS76_FFP6.a(USB_episr.o)
 .debug_aranges
                0x000009e0       0x48 .\CortexM3\ARM_GCC_541\Debug\AS76_FFP6.a(USB_hid.o)
 .debug_aranges
                0x00000a28       0x40 .\CortexM3\ARM_GCC_541\Debug\AS76_FFP6.a(USB_pm.o)
 .debug_aranges
                0x00000a68       0x80 .\CortexM3\ARM_GCC_541\Debug\AS76_FFP6.a(USB_std.o)
 .debug_aranges
                0x00000ae8       0x20 .\CortexM3\ARM_GCC_541\Debug\AS76_FFP6.a(USB_vnd.o)
 .debug_aranges
                0x00000b08       0x48 .\CortexM3\ARM_GCC_541\Debug\AS76_FFP6.a(USB_Dp.o)
 .debug_aranges
                0x00000b50       0x78 .\CortexM3\ARM_GCC_541\Debug\AS76_FFP6.a(PWM_CondenserLED.o)
 .debug_aranges
                0x00000bc8       0x70 .\CortexM3\ARM_GCC_541\Debug\AS76_FFP6.a(SPIM_IntClock.o)
 .debug_aranges
                0x00000c38       0x60 .\CortexM3\ARM_GCC_541\Debug\AS76_FFP6.a(QuadDec_X.o)
 .debug_aranges
                0x00000c98       0x20 .\CortexM3\ARM_GCC_541\Debug\AS76_FFP6.a(QuadDec_X_INT.o)
 .debug_aranges
                0x00000cb8       0x98 .\CortexM3\ARM_GCC_541\Debug\AS76_FFP6.a(QuadDec_X_Cnt16.o)
 .debug_aranges
                0x00000d50       0xf0 .\CortexM3\ARM_GCC_541\Debug\AS76_FFP6.a(UART_PCB_LOG.o)
 .debug_aranges
                0x00000e40       0x20 .\CortexM3\ARM_GCC_541\Debug\AS76_FFP6.a(UART_PCB_LOG_INT.o)
 .debug_aranges
                0x00000e60       0x70 .\CortexM3\ARM_GCC_541\Debug\AS76_FFP6.a(UART_PCB_LOG_IntClock.o)
 .debug_aranges
                0x00000ed0       0x38 .\CortexM3\ARM_GCC_541\Debug\AS76_FFP6.a(Pin_Backlight.o)
 .debug_aranges
                0x00000f08       0x38 .\CortexM3\ARM_GCC_541\Debug\AS76_FFP6.a(LED2.o)
 .debug_aranges
                0x00000f40       0x38 .\CortexM3\ARM_GCC_541\Debug\AS76_FFP6.a(Pin_CSMotorO.o)
 .debug_aranges
                0x00000f78       0x38 .\CortexM3\ARM_GCC_541\Debug\AS76_FFP6.a(Pin_CSMotorT.o)
 .debug_aranges
                0x00000fb0       0x60 .\CortexM3\ARM_GCC_541\Debug\AS76_FFP6.a(QuadDec_TZ.o)
 .debug_aranges
                0x00001010       0x20 .\CortexM3\ARM_GCC_541\Debug\AS76_FFP6.a(QuadDec_TZ_INT.o)
 .debug_aranges
                0x00001030       0x78 .\CortexM3\ARM_GCC_541\Debug\AS76_FFP6.a(PWM_Buzzer.o)
 .debug_aranges
                0x000010a8       0x60 .\CortexM3\ARM_GCC_541\Debug\AS76_FFP6.a(QuadDec_Y.o)
 .debug_aranges
                0x00001108       0x20 .\CortexM3\ARM_GCC_541\Debug\AS76_FFP6.a(QuadDec_Y_INT.o)
 .debug_aranges
                0x00001128       0x78 .\CortexM3\ARM_GCC_541\Debug\AS76_FFP6.a(PWM_BarcodeCondenser_LED.o)
 .debug_aranges
                0x000011a0       0x38 .\CortexM3\ARM_GCC_541\Debug\AS76_FFP6.a(LED3.o)
 .debug_aranges
                0x000011d8       0x28 .\CortexM3\ARM_GCC_541\Debug\AS76_FFP6.a(Encoder_T_Z_Select.o)
 .debug_aranges
                0x00001200       0x38 .\CortexM3\ARM_GCC_541\Debug\AS76_FFP6.a(TMC5160_MotorX_EN.o)
 .debug_aranges
                0x00001238       0x38 .\CortexM3\ARM_GCC_541\Debug\AS76_FFP6.a(TMC5160_MotorY_EN.o)
 .debug_aranges
                0x00001270       0x38 .\CortexM3\ARM_GCC_541\Debug\AS76_FFP6.a(TMC5160_MotorZ_EN.o)
 .debug_aranges
                0x000012a8       0x38 .\CortexM3\ARM_GCC_541\Debug\AS76_FFP6.a(TMC5160_MotorT_EN.o)
 .debug_aranges
                0x000012e0       0x38 .\CortexM3\ARM_GCC_541\Debug\AS76_FFP6.a(TMC5160_MotorO_EN.o)
 .debug_aranges
                0x00001318       0x98 .\CortexM3\ARM_GCC_541\Debug\AS76_FFP6.a(QuadDec_TZ_Cnt16.o)
 .debug_aranges
                0x000013b0       0x98 .\CortexM3\ARM_GCC_541\Debug\AS76_FFP6.a(QuadDec_Y_Cnt16.o)
 .debug_aranges
                0x00001448       0x88 .\CortexM3\ARM_GCC_541\Debug\AS76_FFP6.a(wait_timer.o)
 .debug_aranges
                0x000014d0       0x80 .\CortexM3\ARM_GCC_541\Debug\AS76_FFP6.a(wait_interrupt.o)
 .debug_aranges
                0x00001550       0x20 .\CortexM3\ARM_GCC_541\Debug\AS76_FFP6.a(CyBootAsmGnu.o)
 .debug_aranges
                0x00001570       0x88 .\CortexM3\ARM_GCC_541\Debug\AS76_FFP6.a(CyFlash.o)
 .debug_aranges
                0x000015f8       0x80 .\CortexM3\ARM_GCC_541\Debug\AS76_FFP6.a(CySpc.o)
 .debug_aranges
                0x00001678       0x20 .\CortexM3\ARM_GCC_541\Debug\AS76_FFP6.a(USB_cls.o)
 .debug_aranges
                0x00001698       0x18 .\CortexM3\ARM_GCC_541\Debug\AS76_FFP6.a(USB_descr.o)

.debug_pubnames
 *(.debug_pubnames)

.debug_info     0x00000000     0xfc9a
 *(.debug_info .gnu.linkonce.wi.*)
 .debug_info    0x00000000      0x53e .\CortexM3\ARM_GCC_541\Debug\main.o
 .debug_info    0x0000053e     0x4018 .\CortexM3\ARM_GCC_541\Debug\AS76.o
 .debug_info    0x00004556      0x7c6 .\CortexM3\ARM_GCC_541\Debug\cyfitter_cfg.o
 .debug_info    0x00004d1c      0x10e .\CortexM3\ARM_GCC_541\Debug\cymetadata.o
 .debug_info    0x00004e2a      0x3bb .\CortexM3\ARM_GCC_541\Debug\Cm3Start.o
 .debug_info    0x000051e5      0x11f .\CortexM3\ARM_GCC_541\Debug\AS76_FFP6.a(Pin_CSMotorX.o)
 .debug_info    0x00005304      0x11f .\CortexM3\ARM_GCC_541\Debug\AS76_FFP6.a(Pin_CSMotorY.o)
 .debug_info    0x00005423      0x11f .\CortexM3\ARM_GCC_541\Debug\AS76_FFP6.a(Pin_CSMotorZ.o)
 .debug_info    0x00005542      0x719 .\CortexM3\ARM_GCC_541\Debug\AS76_FFP6.a(SPIM.o)
 .debug_info    0x00005c5b      0x19d .\CortexM3\ARM_GCC_541\Debug\AS76_FFP6.a(SPIM_INT.o)
 .debug_info    0x00005df8     0x1374 .\CortexM3\ARM_GCC_541\Debug\AS76_FFP6.a(CyLib.o)
 .debug_info    0x0000716c      0xa2a .\CortexM3\ARM_GCC_541\Debug\AS76_FFP6.a(cyPm.o)
 .debug_info    0x00007b96      0x9c1 .\CortexM3\ARM_GCC_541\Debug\AS76_FFP6.a(USB.o)
 .debug_info    0x00008557      0xaf7 .\CortexM3\ARM_GCC_541\Debug\AS76_FFP6.a(USB_cdc.o)
 .debug_info    0x0000904e      0x655 .\CortexM3\ARM_GCC_541\Debug\AS76_FFP6.a(USB_drv.o)
 .debug_info    0x000096a3      0x254 .\CortexM3\ARM_GCC_541\Debug\AS76_FFP6.a(USB_episr.o)
 .debug_info    0x000098f7      0x43b .\CortexM3\ARM_GCC_541\Debug\AS76_FFP6.a(USB_hid.o)
 .debug_info    0x00009d32      0x2e4 .\CortexM3\ARM_GCC_541\Debug\AS76_FFP6.a(USB_pm.o)
 .debug_info    0x0000a016      0xb36 .\CortexM3\ARM_GCC_541\Debug\AS76_FFP6.a(USB_std.o)
 .debug_info    0x0000ab4c      0x1be .\CortexM3\ARM_GCC_541\Debug\AS76_FFP6.a(USB_vnd.o)
 .debug_info    0x0000ad0a      0x174 .\CortexM3\ARM_GCC_541\Debug\AS76_FFP6.a(USB_Dp.o)
 .debug_info    0x0000ae7e      0x27e .\CortexM3\ARM_GCC_541\Debug\AS76_FFP6.a(PWM_CondenserLED.o)
 .debug_info    0x0000b0fc      0x283 .\CortexM3\ARM_GCC_541\Debug\AS76_FFP6.a(SPIM_IntClock.o)
 .debug_info    0x0000b37f      0x357 .\CortexM3\ARM_GCC_541\Debug\AS76_FFP6.a(QuadDec_X.o)
 .debug_info    0x0000b6d6       0xf3 .\CortexM3\ARM_GCC_541\Debug\AS76_FFP6.a(QuadDec_X_INT.o)
 .debug_info    0x0000b7c9      0x348 .\CortexM3\ARM_GCC_541\Debug\AS76_FFP6.a(QuadDec_X_Cnt16.o)
 .debug_info    0x0000bb11      0x72d .\CortexM3\ARM_GCC_541\Debug\AS76_FFP6.a(UART_PCB_LOG.o)
 .debug_info    0x0000c23e      0x14c .\CortexM3\ARM_GCC_541\Debug\AS76_FFP6.a(UART_PCB_LOG_INT.o)
 .debug_info    0x0000c38a      0x283 .\CortexM3\ARM_GCC_541\Debug\AS76_FFP6.a(UART_PCB_LOG_IntClock.o)
 .debug_info    0x0000c60d      0x11f .\CortexM3\ARM_GCC_541\Debug\AS76_FFP6.a(Pin_Backlight.o)
 .debug_info    0x0000c72c      0x11f .\CortexM3\ARM_GCC_541\Debug\AS76_FFP6.a(LED2.o)
 .debug_info    0x0000c84b      0x11f .\CortexM3\ARM_GCC_541\Debug\AS76_FFP6.a(Pin_CSMotorO.o)
 .debug_info    0x0000c96a      0x11f .\CortexM3\ARM_GCC_541\Debug\AS76_FFP6.a(Pin_CSMotorT.o)
 .debug_info    0x0000ca89      0x357 .\CortexM3\ARM_GCC_541\Debug\AS76_FFP6.a(QuadDec_TZ.o)
 .debug_info    0x0000cde0       0xf3 .\CortexM3\ARM_GCC_541\Debug\AS76_FFP6.a(QuadDec_TZ_INT.o)
 .debug_info    0x0000ced3      0x27f .\CortexM3\ARM_GCC_541\Debug\AS76_FFP6.a(PWM_Buzzer.o)
 .debug_info    0x0000d152      0x357 .\CortexM3\ARM_GCC_541\Debug\AS76_FFP6.a(QuadDec_Y.o)
 .debug_info    0x0000d4a9       0xf3 .\CortexM3\ARM_GCC_541\Debug\AS76_FFP6.a(QuadDec_Y_INT.o)
 .debug_info    0x0000d59c      0x27e .\CortexM3\ARM_GCC_541\Debug\AS76_FFP6.a(PWM_BarcodeCondenser_LED.o)
 .debug_info    0x0000d81a      0x11f .\CortexM3\ARM_GCC_541\Debug\AS76_FFP6.a(LED3.o)
 .debug_info    0x0000d939       0xd6 .\CortexM3\ARM_GCC_541\Debug\AS76_FFP6.a(Encoder_T_Z_Select.o)
 .debug_info    0x0000da0f      0x11f .\CortexM3\ARM_GCC_541\Debug\AS76_FFP6.a(TMC5160_MotorX_EN.o)
 .debug_info    0x0000db2e      0x11f .\CortexM3\ARM_GCC_541\Debug\AS76_FFP6.a(TMC5160_MotorY_EN.o)
 .debug_info    0x0000dc4d      0x11f .\CortexM3\ARM_GCC_541\Debug\AS76_FFP6.a(TMC5160_MotorZ_EN.o)
 .debug_info    0x0000dd6c      0x11f .\CortexM3\ARM_GCC_541\Debug\AS76_FFP6.a(TMC5160_MotorT_EN.o)
 .debug_info    0x0000de8b      0x11f .\CortexM3\ARM_GCC_541\Debug\AS76_FFP6.a(TMC5160_MotorO_EN.o)
 .debug_info    0x0000dfaa      0x348 .\CortexM3\ARM_GCC_541\Debug\AS76_FFP6.a(QuadDec_TZ_Cnt16.o)
 .debug_info    0x0000e2f2      0x348 .\CortexM3\ARM_GCC_541\Debug\AS76_FFP6.a(QuadDec_Y_Cnt16.o)
 .debug_info    0x0000e63a      0x295 .\CortexM3\ARM_GCC_541\Debug\AS76_FFP6.a(wait_timer.o)
 .debug_info    0x0000e8cf      0x2d2 .\CortexM3\ARM_GCC_541\Debug\AS76_FFP6.a(wait_interrupt.o)
 .debug_info    0x0000eba1       0x92 .\CortexM3\ARM_GCC_541\Debug\AS76_FFP6.a(CyBootAsmGnu.o)
 .debug_info    0x0000ec33      0x62d .\CortexM3\ARM_GCC_541\Debug\AS76_FFP6.a(CyFlash.o)
 .debug_info    0x0000f260      0x53c .\CortexM3\ARM_GCC_541\Debug\AS76_FFP6.a(CySpc.o)
 .debug_info    0x0000f79c      0x1f2 .\CortexM3\ARM_GCC_541\Debug\AS76_FFP6.a(USB_cls.o)
 .debug_info    0x0000f98e      0x30c .\CortexM3\ARM_GCC_541\Debug\AS76_FFP6.a(USB_descr.o)

.debug_abbrev   0x00000000     0x39fb
 *(.debug_abbrev)
 .debug_abbrev  0x00000000       0xde .\CortexM3\ARM_GCC_541\Debug\main.o
 .debug_abbrev  0x000000de      0x28e .\CortexM3\ARM_GCC_541\Debug\AS76.o
 .debug_abbrev  0x0000036c      0x216 .\CortexM3\ARM_GCC_541\Debug\cyfitter_cfg.o
 .debug_abbrev  0x00000582       0x5d .\CortexM3\ARM_GCC_541\Debug\cymetadata.o
 .debug_abbrev  0x000005df      0x1e8 .\CortexM3\ARM_GCC_541\Debug\Cm3Start.o
 .debug_abbrev  0x000007c7       0x90 .\CortexM3\ARM_GCC_541\Debug\AS76_FFP6.a(Pin_CSMotorX.o)
 .debug_abbrev  0x00000857       0x90 .\CortexM3\ARM_GCC_541\Debug\AS76_FFP6.a(Pin_CSMotorY.o)
 .debug_abbrev  0x000008e7       0x90 .\CortexM3\ARM_GCC_541\Debug\AS76_FFP6.a(Pin_CSMotorZ.o)
 .debug_abbrev  0x00000977      0x162 .\CortexM3\ARM_GCC_541\Debug\AS76_FFP6.a(SPIM.o)
 .debug_abbrev  0x00000ad9       0x8a .\CortexM3\ARM_GCC_541\Debug\AS76_FFP6.a(SPIM_INT.o)
 .debug_abbrev  0x00000b63      0x254 .\CortexM3\ARM_GCC_541\Debug\AS76_FFP6.a(CyLib.o)
 .debug_abbrev  0x00000db7      0x1ab .\CortexM3\ARM_GCC_541\Debug\AS76_FFP6.a(cyPm.o)
 .debug_abbrev  0x00000f62      0x215 .\CortexM3\ARM_GCC_541\Debug\AS76_FFP6.a(USB.o)
 .debug_abbrev  0x00001177      0x245 .\CortexM3\ARM_GCC_541\Debug\AS76_FFP6.a(USB_cdc.o)
 .debug_abbrev  0x000013bc      0x189 .\CortexM3\ARM_GCC_541\Debug\AS76_FFP6.a(USB_drv.o)
 .debug_abbrev  0x00001545      0x11b .\CortexM3\ARM_GCC_541\Debug\AS76_FFP6.a(USB_episr.o)
 .debug_abbrev  0x00001660      0x16d .\CortexM3\ARM_GCC_541\Debug\AS76_FFP6.a(USB_hid.o)
 .debug_abbrev  0x000017cd      0x108 .\CortexM3\ARM_GCC_541\Debug\AS76_FFP6.a(USB_pm.o)
 .debug_abbrev  0x000018d5      0x20a .\CortexM3\ARM_GCC_541\Debug\AS76_FFP6.a(USB_std.o)
 .debug_abbrev  0x00001adf       0xe1 .\CortexM3\ARM_GCC_541\Debug\AS76_FFP6.a(USB_vnd.o)
 .debug_abbrev  0x00001bc0       0x90 .\CortexM3\ARM_GCC_541\Debug\AS76_FFP6.a(USB_Dp.o)
 .debug_abbrev  0x00001c50      0x12d .\CortexM3\ARM_GCC_541\Debug\AS76_FFP6.a(PWM_CondenserLED.o)
 .debug_abbrev  0x00001d7d      0x139 .\CortexM3\ARM_GCC_541\Debug\AS76_FFP6.a(SPIM_IntClock.o)
 .debug_abbrev  0x00001eb6      0x128 .\CortexM3\ARM_GCC_541\Debug\AS76_FFP6.a(QuadDec_X.o)
 .debug_abbrev  0x00001fde       0x78 .\CortexM3\ARM_GCC_541\Debug\AS76_FFP6.a(QuadDec_X_INT.o)
 .debug_abbrev  0x00002056      0x117 .\CortexM3\ARM_GCC_541\Debug\AS76_FFP6.a(QuadDec_X_Cnt16.o)
 .debug_abbrev  0x0000216d      0x16f .\CortexM3\ARM_GCC_541\Debug\AS76_FFP6.a(UART_PCB_LOG.o)
 .debug_abbrev  0x000022dc       0x8a .\CortexM3\ARM_GCC_541\Debug\AS76_FFP6.a(UART_PCB_LOG_INT.o)
 .debug_abbrev  0x00002366      0x139 .\CortexM3\ARM_GCC_541\Debug\AS76_FFP6.a(UART_PCB_LOG_IntClock.o)
 .debug_abbrev  0x0000249f       0x90 .\CortexM3\ARM_GCC_541\Debug\AS76_FFP6.a(Pin_Backlight.o)
 .debug_abbrev  0x0000252f       0x90 .\CortexM3\ARM_GCC_541\Debug\AS76_FFP6.a(LED2.o)
 .debug_abbrev  0x000025bf       0x90 .\CortexM3\ARM_GCC_541\Debug\AS76_FFP6.a(Pin_CSMotorO.o)
 .debug_abbrev  0x0000264f       0x90 .\CortexM3\ARM_GCC_541\Debug\AS76_FFP6.a(Pin_CSMotorT.o)
 .debug_abbrev  0x000026df      0x128 .\CortexM3\ARM_GCC_541\Debug\AS76_FFP6.a(QuadDec_TZ.o)
 .debug_abbrev  0x00002807       0x78 .\CortexM3\ARM_GCC_541\Debug\AS76_FFP6.a(QuadDec_TZ_INT.o)
 .debug_abbrev  0x0000287f      0x12d .\CortexM3\ARM_GCC_541\Debug\AS76_FFP6.a(PWM_Buzzer.o)
 .debug_abbrev  0x000029ac      0x128 .\CortexM3\ARM_GCC_541\Debug\AS76_FFP6.a(QuadDec_Y.o)
 .debug_abbrev  0x00002ad4       0x78 .\CortexM3\ARM_GCC_541\Debug\AS76_FFP6.a(QuadDec_Y_INT.o)
 .debug_abbrev  0x00002b4c      0x12d .\CortexM3\ARM_GCC_541\Debug\AS76_FFP6.a(PWM_BarcodeCondenser_LED.o)
 .debug_abbrev  0x00002c79       0x90 .\CortexM3\ARM_GCC_541\Debug\AS76_FFP6.a(LED3.o)
 .debug_abbrev  0x00002d09       0x81 .\CortexM3\ARM_GCC_541\Debug\AS76_FFP6.a(Encoder_T_Z_Select.o)
 .debug_abbrev  0x00002d8a       0x90 .\CortexM3\ARM_GCC_541\Debug\AS76_FFP6.a(TMC5160_MotorX_EN.o)
 .debug_abbrev  0x00002e1a       0x90 .\CortexM3\ARM_GCC_541\Debug\AS76_FFP6.a(TMC5160_MotorY_EN.o)
 .debug_abbrev  0x00002eaa       0x90 .\CortexM3\ARM_GCC_541\Debug\AS76_FFP6.a(TMC5160_MotorZ_EN.o)
 .debug_abbrev  0x00002f3a       0x90 .\CortexM3\ARM_GCC_541\Debug\AS76_FFP6.a(TMC5160_MotorT_EN.o)
 .debug_abbrev  0x00002fca       0x90 .\CortexM3\ARM_GCC_541\Debug\AS76_FFP6.a(TMC5160_MotorO_EN.o)
 .debug_abbrev  0x0000305a      0x117 .\CortexM3\ARM_GCC_541\Debug\AS76_FFP6.a(QuadDec_TZ_Cnt16.o)
 .debug_abbrev  0x00003171      0x117 .\CortexM3\ARM_GCC_541\Debug\AS76_FFP6.a(QuadDec_Y_Cnt16.o)
 .debug_abbrev  0x00003288      0x11a .\CortexM3\ARM_GCC_541\Debug\AS76_FFP6.a(wait_timer.o)
 .debug_abbrev  0x000033a2      0x173 .\CortexM3\ARM_GCC_541\Debug\AS76_FFP6.a(wait_interrupt.o)
 .debug_abbrev  0x00003515       0x14 .\CortexM3\ARM_GCC_541\Debug\AS76_FFP6.a(CyBootAsmGnu.o)