Archive member included to satisfy reference by file (symbol)

.\CortexM3\ARM_GCC_541\Debug\AS76_FFP6.a(Pin_CSMotorX.o)
                              .\CortexM3\ARM_GCC_541\Debug\AS76.o (Pin_CSMotorX_Write)
.\CortexM3\ARM_GCC_541\Debug\AS76_FFP6.a(Pin_CSMotorY.o)
                              .\CortexM3\ARM_GCC_541\Debug\AS76.o (Pin_CSMotorY_Write)
.\CortexM3\ARM_GCC_541\Debug\AS76_FFP6.a(Pin_CSMotorZ.o)
                              .\CortexM3\ARM_GCC_541\Debug\AS76.o (Pin_CSMotorZ_Write)
.\CortexM3\ARM_GCC_541\Debug\AS76_FFP6.a(SPIM.o)
                              .\CortexM3\ARM_GCC_541\Debug\AS76.o (SPIM_WriteTxData)
.\CortexM3\ARM_GCC_541\Debug\AS76_FFP6.a(SPIM_INT.o)
                              .\CortexM3\ARM_GCC_541\Debug\AS76_FFP6.a(SPIM.o) (SPIM_TX_ISR)
.\CortexM3\ARM_GCC_541\Debug\AS76_FFP6.a(CyLib.o)
                              .\CortexM3\ARM_GCC_541\Debug\Cm3Start.o (CyHalt)
.\CortexM3\ARM_GCC_541\Debug\AS76_FFP6.a(cyPm.o)
                              .\CortexM3\ARM_GCC_541\Debug\AS76_FFP6.a(CyLib.o) (CyPmReadStatus)
.\CortexM3\ARM_GCC_541\Debug\AS76_FFP6.a(USB.o)
                              .\CortexM3\ARM_GCC_541\Debug\AS76.o (USB_Start)
.\CortexM3\ARM_GCC_541\Debug\AS76_FFP6.a(USB_cdc.o)
                              .\CortexM3\ARM_GCC_541\Debug\AS76.o (USB_CDC_Init)
.\CortexM3\ARM_GCC_541\Debug\AS76_FFP6.a(USB_drv.o)
                              .\CortexM3\ARM_GCC_541\Debug\AS76_FFP6.a(USB.o) (USB_lastPacketSize)
.\CortexM3\ARM_GCC_541\Debug\AS76_FFP6.a(USB_episr.o)
                              .\CortexM3\ARM_GCC_541\Debug\AS76_FFP6.a(USB.o) (USB_EP_1_ISR)
.\CortexM3\ARM_GCC_541\Debug\AS76_FFP6.a(USB_hid.o)
                              .\CortexM3\ARM_GCC_541\Debug\AS76_FFP6.a(USB.o) (USB_hidProtocol)
.\CortexM3\ARM_GCC_541\Debug\AS76_FFP6.a(USB_pm.o)
                              .\CortexM3\ARM_GCC_541\Debug\AS76_FFP6.a(USB.o) (USB_DP_ISR)
.\CortexM3\ARM_GCC_541\Debug\AS76_FFP6.a(USB_std.o)
                              .\CortexM3\ARM_GCC_541\Debug\AS76_FFP6.a(USB_pm.o) (USB_ConfigReg)
.\CortexM3\ARM_GCC_541\Debug\AS76_FFP6.a(USB_vnd.o)
                              .\CortexM3\ARM_GCC_541\Debug\AS76_FFP6.a(USB_drv.o) (USB_HandleVendorRqst)
.\CortexM3\ARM_GCC_541\Debug\AS76_FFP6.a(USB_Dp.o)
                              .\CortexM3\ARM_GCC_541\Debug\AS76_FFP6.a(USB.o) (USB_Dp_ClearInterrupt)
.\CortexM3\ARM_GCC_541\Debug\AS76_FFP6.a(PWM_CondenserLED.o)
                              .\CortexM3\ARM_GCC_541\Debug\AS76.o (PWM_CondenserLED_WriteCompare)
.\CortexM3\ARM_GCC_541\Debug\AS76_FFP6.a(SPIM_IntClock.o)
                              .\CortexM3\ARM_GCC_541\Debug\AS76_FFP6.a(SPIM.o) (SPIM_IntClock_Start)
.\CortexM3\ARM_GCC_541\Debug\AS76_FFP6.a(QuadDec_X.o)
                              .\CortexM3\ARM_GCC_541\Debug\AS76.o (QuadDec_X_GetCounter)
.\CortexM3\ARM_GCC_541\Debug\AS76_FFP6.a(QuadDec_X_INT.o)
                              .\CortexM3\ARM_GCC_541\Debug\AS76_FFP6.a(QuadDec_X.o) (QuadDec_X_ISR)
.\CortexM3\ARM_GCC_541\Debug\AS76_FFP6.a(QuadDec_X_Cnt16.o)
                              .\CortexM3\ARM_GCC_541\Debug\AS76_FFP6.a(QuadDec_X.o) (QuadDec_X_Cnt16_Stop)
.\CortexM3\ARM_GCC_541\Debug\AS76_FFP6.a(UART_PCB_LOG.o)
                              .\CortexM3\ARM_GCC_541\Debug\main.o (UART_PCB_LOG_Start)
.\CortexM3\ARM_GCC_541\Debug\AS76_FFP6.a(UART_PCB_LOG_INT.o)
                              .\CortexM3\ARM_GCC_541\Debug\AS76_FFP6.a(UART_PCB_LOG.o) (UART_PCB_LOG_RXISR)
.\CortexM3\ARM_GCC_541\Debug\AS76_FFP6.a(UART_PCB_LOG_IntClock.o)
                              .\CortexM3\ARM_GCC_541\Debug\AS76_FFP6.a(UART_PCB_LOG.o) (UART_PCB_LOG_IntClock_Start)
.\CortexM3\ARM_GCC_541\Debug\AS76_FFP6.a(Pin_Backlight.o)
                              .\CortexM3\ARM_GCC_541\Debug\AS76.o (Pin_Backlight_Write)
.\CortexM3\ARM_GCC_541\Debug\AS76_FFP6.a(LED2.o)
                              .\CortexM3\ARM_GCC_541\Debug\main.o (LED2_Write)
.\CortexM3\ARM_GCC_541\Debug\AS76_FFP6.a(Pin_CSMotorO.o)
                              .\CortexM3\ARM_GCC_541\Debug\AS76.o (Pin_CSMotorO_Write)
.\CortexM3\ARM_GCC_541\Debug\AS76_FFP6.a(Pin_CSMotorT.o)
                              .\CortexM3\ARM_GCC_541\Debug\AS76.o (Pin_CSMotorT_Write)
.\CortexM3\ARM_GCC_541\Debug\AS76_FFP6.a(QuadDec_TZ.o)
                              .\CortexM3\ARM_GCC_541\Debug\AS76.o (QuadDec_TZ_GetCounter)
.\CortexM3\ARM_GCC_541\Debug\AS76_FFP6.a(QuadDec_TZ_INT.o)
                              .\CortexM3\ARM_GCC_541\Debug\AS76_FFP6.a(QuadDec_TZ.o) (QuadDec_TZ_ISR)
.\CortexM3\ARM_GCC_541\Debug\AS76_FFP6.a(PWM_Buzzer.o)
                              .\CortexM3\ARM_GCC_541\Debug\AS76.o (PWM_Buzzer_WriteCompare)
.\CortexM3\ARM_GCC_541\Debug\AS76_FFP6.a(QuadDec_Y.o)
                              .\CortexM3\ARM_GCC_541\Debug\AS76.o (QuadDec_Y_GetCounter)
.\CortexM3\ARM_GCC_541\Debug\AS76_FFP6.a(QuadDec_Y_INT.o)
                              .\CortexM3\ARM_GCC_541\Debug\AS76_FFP6.a(QuadDec_Y.o) (QuadDec_Y_ISR)
[...]
Memory Configuration

Name             Origin             Length             Attributes
rom              0x00000000         0x00040000         xr
ram              0x1fff8000         0x00010000         xrw
*default*        0x00000000         0xffffffff

Linker script and memory map

LOAD c:/program files (x86)/cypress/psoc creator/4.4/psoc creator/import/gnu/arm/5.4.1/bin/../lib/gcc/arm-none-eabi/5.4.1/armv7-m/crti.o
LOAD c:/program files (x86)/cypress/psoc creator/4.4/psoc creator/import/gnu/arm/5.4.1/bin/../lib/gcc/arm-none-eabi/5.4.1/armv7-m/crtbegin.o
LOAD c:/program files (x86)/cypress/psoc creator/4.4/psoc creator/import/gnu/arm/5.4.1/bin/../lib/gcc/arm-none-eabi/5.4.1/../../../../arm-none-eabi/lib/armv7-m/crt0.o
START GROUP
LOAD .\CortexM3\ARM_GCC_541\Debug\main.o
LOAD .\CortexM3\ARM_GCC_541\Debug\AS76.o
LOAD .\CortexM3\ARM_GCC_541\Debug\APA102.o
LOAD .\CortexM3\ARM_GCC_541\Debug\cyfitter_cfg.o
LOAD .\CortexM3\ARM_GCC_541\Debug\cymetadata.o
LOAD .\CortexM3\ARM_GCC_541\Debug\Cm3Start.o
LOAD .\CortexM3\ARM_GCC_541\Debug\AS76_FFP6.a
LOAD C:\Program Files (x86)\Cypress\PSoC Creator\4.4\PSoC Creator\psoc\content\cycomponentlibrary\CyComponentLibrary.cylib\CortexM3\ARM_GCC_541\Debug\CyComponentLibrary.a
LOAD c:/program files (x86)/cypress/psoc creator/4.4/psoc creator/import/gnu/arm/5.4.1/bin/../lib/gcc/arm-none-eabi/5.4.1/../../../../arm-none-eabi/lib/armv7-m\libm.a
END GROUP
START GROUP
LOAD c:/program files (x86)/cypress/psoc creator/4.4/psoc creator/import/gnu/arm/5.4.1/bin/../lib/gcc/arm-none-eabi/5.4.1/armv7-m\libgcc.a
LOAD c:/program files (x86)/cypress/psoc creator/4.4/psoc creator/import/gnu/arm/5.4.1/bin/../lib/gcc/arm-none-eabi/5.4.1/../../../../arm-none-eabi/lib/armv7-m\libg_nano.a
LOAD c:/program files (x86)/cypress/psoc creator/4.4/psoc creator/import/gnu/arm/5.4.1/bin/../lib/gcc/arm-none-eabi/5.4.1/../../../../arm-none-eabi/lib/armv7-m\libc_nano.a
END GROUP
START GROUP
LOAD c:/program files (x86)/cypress/psoc creator/4.4/psoc creator/import/gnu/arm/5.4.1/bin/../lib/gcc/arm-none-eabi/5.4.1/armv7-m\libgcc.a
LOAD c:/program files (x86)/cypress/psoc creator/4.4/psoc creator/import/gnu/arm/5.4.1/bin/../lib/gcc/arm-none-eabi/5.4.1/../../../../arm-none-eabi/lib/armv7-m\libc_nano.a
END GROUP
LOAD c:/program files (x86)/cypress/psoc creator/4.4/psoc creator/import/gnu/arm/5.4.1/bin/../lib/gcc/arm-none-eabi/5.4.1/armv7-m/crtend.o
LOAD c:/program files (x86)/cypress/psoc creator/4.4/psoc creator/import/gnu/arm/5.4.1/bin/../lib/gcc/arm-none-eabi/5.4.1/armv7-m/crtn.o
START GROUP
LOAD c:/program files (x86)/cypress/psoc creator/4.4/psoc creator/import/gnu/arm/5.4.1/bin/../lib/gcc/arm-none-eabi/5.4.1/armv7-m\libgcc.a
LOAD c:/program files (x86)/cypress/psoc creator/4.4/psoc creator/import/gnu/arm/5.4.1/bin/../lib/gcc/arm-none-eabi/5.4.1/../../../../arm-none-eabi/lib/armv7-m\libc.a
LOAD c:/program files (x86)/cypress/psoc creator/4.4/psoc creator/import/gnu/arm/5.4.1/bin/../lib/gcc/arm-none-eabi/5.4.1/../../../../arm-none-eabi/lib/armv7-m\libnosys.a
END GROUP
                0x00000000                CY_APPL_ORIGIN = 0x0
                0x00000100                CY_FLASH_ROW_SIZE = 0x100
                0x00000020                CY_ECC_ROW_SIZE = 0x20
                0x00000000                CY_EE_IN_BTLDR = 0x0
                0x00000000                CY_APPL_LOADABLE = 0x0
                0x00000800                CY_EE_SIZE = 0x800
                0x00000001                CY_APPL_NUM = 0x1
                0x00000001                CY_APPL_MAX = 0x1
                0x00000040                CY_METADATA_SIZE = 0x40
                0x00000000                CY_APPL_LOADABLE = 0x0
                0x00000000                CY_CHECKSUM_EXCLUDE_SIZE = ALIGN (0x0, CY_FLASH_ROW_SIZE)
                [!provide]                PROVIDE (__cy_heap_start, _end)
                0x00000001                PROVIDE (__cy_region_num, ((__cy_regions_end - __cy_regions) / 0x10))
                0x20008000                PROVIDE (__cy_stack, (ORIGIN (ram) + LENGTH (ram)))
                [!provide]                PROVIDE (__cy_heap_end, (__cy_stack - 0x800))

.cybootloader   0x00000000        0x0
 *(.cybootloader)
                0x00000000                appl1_start = CY_APPL_ORIGIN?CY_APPL_ORIGIN:ALIGN (CY_FLASH_ROW_SIZE)
                0x0001ff00                appl2_start = (appl1_start + ALIGN ((((LENGTH (rom) - appl1_start) - (0x2 * CY_FLASH_ROW_SIZE)) / 0x2), CY_FLASH_ROW_SIZE))
                0x00000000                appl_start = (CY_APPL_NUM == 0x1)?appl1_start:appl2_start
                0x00000000                ecc_offset = ((appl_start / CY_FLASH_ROW_SIZE) * CY_ECC_ROW_SIZE)
                0x00000000                ee_offset = (CY_APPL_LOADABLE && ! (CY_EE_IN_BTLDR))?((CY_EE_SIZE / CY_APPL_MAX) * (CY_APPL_NUM - 0x1)):0x0
                0x00000800                ee_size = (CY_APPL_LOADABLE && ! (CY_EE_IN_BTLDR))?(CY_EE_SIZE / CY_APPL_MAX):CY_EE_SIZE
                [!provide]                PROVIDE (CY_ECC_OFFSET, ecc_offset)

.text           0x00000000     0x7724
 CREATE_OBJECT_SYMBOLS
                0x00000000                PROVIDE (__cy_interrupt_vector, RomVectors)
 *(.romvectors)
 .romvectors    0x00000000       0x10 .\CortexM3\ARM_GCC_541\Debug\Cm3Start.o
                0x00000000                RomVectors
                0x00000001                ASSERT ((. != __cy_interrupt_vector), No interrupt vector)
                0x00000001                ASSERT (CY_APPL_ORIGIN?(SIZEOF (.cybootloader) <= CY_APPL_ORIGIN):0x1, Wrong image location)
                0x00000010                PROVIDE (__cy_reset, Reset)
 *(.text.Reset)
 .text.Reset    0x00000010       0x18 .\CortexM3\ARM_GCC_541\Debug\Cm3Start.o
                0x00000010                Reset
                0x00000001                ASSERT ((. != __cy_reset), No reset code)
 *(.dma_init)
                0x00000001                ASSERT ((((appl_start + .) <= 0x10000) || 0x1), DMA Init must be within the first 64k of flash)
 *(.text .text.* .gnu.linkonce.t.*)
 .text          0x00000028       0x5c c:/program files (x86)/cypress/psoc creator/4.4/psoc creator/import/gnu/arm/5.4.1/bin/../lib/gcc/arm-none-eabi/5.4.1/armv7-m/crtbegin.o
 .text.main     0x00000084      0x108 .\CortexM3\ARM_GCC_541\Debug\main.o
                0x00000084                main
 .text.wait_interrupt_Handler
                0x0000018c       0x24 .\CortexM3\ARM_GCC_541\Debug\AS76.o
                0x0000018c                wait_interrupt_Handler
 .text.wait_interrupt_Handler1
                0x000001b0       0x10 .\CortexM3\ARM_GCC_541\Debug\AS76.o
                0x000001b0                wait_interrupt_Handler1
 .text.Initialize_PWM
                0x000001c0       0x50 .\CortexM3\ARM_GCC_541\Debug\AS76.o
                0x000001c0                Initialize_PWM
 .text.Enable_Encoder_T
                0x00000210       0x18 .\CortexM3\ARM_GCC_541\Debug\AS76.o
                0x00000210                Enable_Encoder_T
 .text.Enable_Encoder_Z
                0x00000228       0x18 .\CortexM3\ARM_GCC_541\Debug\AS76.o
                0x00000228                Enable_Encoder_Z
 .text.Initialize_And_Start_All_Opt_Encoder
                0x00000240       0x2c .\CortexM3\ARM_GCC_541\Debug\AS76.o
                0x00000240                Initialize_And_Start_All_Opt_Encoder
 .text.Read_All_Optical_Encoder
                0x0000026c       0x44 .\CortexM3\ARM_GCC_541\Debug\AS76.o
                0x0000026c                Read_All_Optical_Encoder
 .text.Write_Debug_UART_Char
                0x000002b0       0x3c .\CortexM3\ARM_GCC_541\Debug\AS76.o
                0x000002b0                Write_Debug_UART_Char
 .text.Beep_Twice
                0x000002ec       0x40 .\CortexM3\ARM_GCC_541\Debug\AS76.o
                0x000002ec                Beep_Twice
 *fill*         0x0000032c        0x4 
 .text.Send_Feedback_to_USB
                0x00000330      0x300 .\CortexM3\ARM_GCC_541\Debug\AS76.o
                0x00000330                Send_Feedback_to_USB
 .text.Initialize_USB
                0x00000630       0x38 .\CortexM3\ARM_GCC_541\Debug\AS76.o
                0x00000630                Initialize_USB
 .text.Write_Debug_UART_Int
                0x00000668       0x34 .\CortexM3\ARM_GCC_541\Debug\AS76.o
                0x00000668                Write_Debug_UART_Int
 *fill*         0x0000069c        0x4 
 .text.set_BarcodeCondenser_LED
                0x000006a0       0x70 .\CortexM3\ARM_GCC_541\Debug\AS76.o
                0x000006a0                set_BarcodeCondenser_LED
 .text.set_CondenserLED
                0x00000710       0x70 .\CortexM3\ARM_GCC_541\Debug\AS76.o
                0x00000710                set_CondenserLED
 .text.UART_print_all_values
                0x00000780       0x24 .\CortexM3\ARM_GCC_541\Debug\AS76.o
                0x00000780                UART_print_all_values
 .text.if_all_homing_done
                0x000007a4       0x74 .\CortexM3\ARM_GCC_541\Debug\AS76.o
                0x000007a4                if_all_homing_done
 .text.Is_USB_Unpluged
                0x00000818       0x40 .\CortexM3\ARM_GCC_541\Debug\AS76.o
                0x00000818                Is_USB_Unpluged
 .text.Data_To_Transfer
                0x00000858       0x10 .\CortexM3\ARM_GCC_541\Debug\AS76.o
                0x00000858                Data_To_Transfer
 .text.SPI_MOTOR_CHIP_SELECT
                0x00000868       0x98 .\CortexM3\ARM_GCC_541\Debug\AS76.o
                0x00000868                SPI_MOTOR_CHIP_SELECT
 .text.Read_32bitSPI_DATA
                0x00000900       0xec .\CortexM3\ARM_GCC_541\Debug\AS76.o
                0x00000900                Read_32bitSPI_DATA
 .text.Write_32bitSPI_DATA
                0x000009ec       0x40 .\CortexM3\ARM_GCC_541\Debug\AS76.o
                0x000009ec                Write_32bitSPI_DATA
 .text.GotoPos  0x00000a2c       0x28 .\CortexM3\ARM_GCC_541\Debug\AS76.o
                0x00000a2c                GotoPos
 .text.Initialize_Motor
                0x00000a54      0x288 .\CortexM3\ARM_GCC_541\Debug\AS76.o
                0x00000a54                Initialize_Motor
 .text.WaitTillPositionReached
                0x00000cdc       0x54 .\CortexM3\ARM_GCC_541\Debug\AS76.o
                0x00000cdc                WaitTillPositionReached
 .text.Step_correction_x
                0x00000d30      0x16c .\CortexM3\ARM_GCC_541\Debug\AS76.o
                0x00000d30                Step_correction_x
 .text.goTo_X   0x00000e9c       0x7c .\CortexM3\ARM_GCC_541\Debug\AS76.o
                0x00000e9c                goTo_X
 .text.Step_correction_y
                0x00000f18      0x168 .\CortexM3\ARM_GCC_541\Debug\AS76.o
                0x00000f18                Step_correction_y
 .text.goTo_Y   0x00001080       0x74 .\CortexM3\ARM_GCC_541\Debug\AS76.o
                0x00001080                goTo_Y
 *fill*         0x000010f4        0x4 
 .text.Step_correction_z
                0x000010f8      0x164 .\CortexM3\ARM_GCC_541\Debug\AS76.o
                0x000010f8                Step_correction_z
 .text.goTo_Z   0x0000125c       0x84 .\CortexM3\ARM_GCC_541\Debug\AS76.o
                0x0000125c                goTo_Z
 .text.Step_correction_t
                0x000012e0       0xf0 .\CortexM3\ARM_GCC_541\Debug\AS76.o
                0x000012e0                Step_correction_t
 .text.goTo_T   0x000013d0       0x90 .\CortexM3\ARM_GCC_541\Debug\AS76.o
                0x000013d0                goTo_T
 .text.goTo_XYZ
                0x00001460       0x9c .\CortexM3\ARM_GCC_541\Debug\AS76.o
                0x00001460                goTo_XYZ
 .text.update_max_velocity
                0x000014fc       0x10 .\CortexM3\ARM_GCC_541\Debug\AS76.o
                0x000014fc                update_max_velocity
 .text.homeX    0x0000150c      0x1e8 .\CortexM3\ARM_GCC_541\Debug\AS76.o
                0x0000150c                homeX
 .text.homeY    0x000016f4      0x1ec .\CortexM3\ARM_GCC_541\Debug\AS76.o
                0x000016f4                homeY
 .text.homeZ    0x000018e0      0x1e0 .\CortexM3\ARM_GCC_541\Debug\AS76.o
                0x000018e0                homeZ
 .text.homeT    0x00001ac0      0x174 .\CortexM3\ARM_GCC_541\Debug\AS76.o
                0x00001ac0                homeT
 .text.run_pump
                0x00001c34      0x1b8 .\CortexM3\ARM_GCC_541\Debug\AS76.o
                0x00001c34                run_pump
 .text.run_pumpvs
                0x00001dec       0x80 .\CortexM3\ARM_GCC_541\Debug\AS76.o
                0x00001dec                run_pumpvs
 *fill*         0x00001e6c        0x4 
 .text.Process_USB_Data
                0x00001e70      0xd34 .\CortexM3\ARM_GCC_541\Debug\AS76.o
                0x00001e70                Process_USB_Data
 .text.LedFrame
                0x00002ba4       0x1c .\CortexM3\ARM_GCC_541\Debug\APA102.o
                0x00002ba4                LedFrame
 .text.RGB_Byte_TxOp
                0x00002bc0       0x38 .\CortexM3\ARM_GCC_541\Debug\APA102.o
                0x00002bc0                RGB_Byte_TxOp
 .text.BF2      0x00002bf8       0x54 .\CortexM3\ARM_GCC_541\Debug\APA102.o
                0x00002bf8                BF2
 .text.Ring     0x00002c4c      0x324 .\CortexM3\ARM_GCC_541\Debug\APA102.o
                0x00002c4c                Ring
 .text.BF22     0x00002f70      0x2a0 .\CortexM3\ARM_GCC_541\Debug\APA102.o
                0x00002f70                BF22
 .text.CyClockStartupError
                0x00003210        0x4 .\CortexM3\ARM_GCC_541\Debug\cyfitter_cfg.o
 .text.cfg_write_bytes32
                0x00003214       0x34 .\CortexM3\ARM_GCC_541\Debug\cyfitter_cfg.o
 .text.AnalogSetDefault
                0x00003248       0x28 .\CortexM3\ARM_GCC_541\Debug\cyfitter_cfg.o
 .text.CYMEMZERO
                0x00003270        0xc .\CortexM3\ARM_GCC_541\Debug\cyfitter_cfg.o
 .text.CYCONFIGCPYCODE
                0x0000327c        0x8 .\CortexM3\ARM_GCC_541\Debug\cyfitter_cfg.o
 .text.CYCONFIGCPY
                0x00003284        0x8 .\CortexM3\ARM_GCC_541\Debug\cyfitter_cfg.o
 .text.ClockSetup
                0x0000328c       0xe8 .\CortexM3\ARM_GCC_541\Debug\cyfitter_cfg.o
 .text.cyfitter_cfg
                0x00003374      0x170 .\CortexM3\ARM_GCC_541\Debug\cyfitter_cfg.o
                0x00003374                cyfitter_cfg
 .text.IntDefaultHandler
                0x000034e4       0x10 .\CortexM3\ARM_GCC_541\Debug\Cm3Start.o
                0x000034e4                IntDefaultHandler
 .text._sbrk    0x000034f4       0x30 .\CortexM3\ARM_GCC_541\Debug\Cm3Start.o
                0x000034f4                _sbrk
 .text.Start_c  0x00003524       0x4c .\CortexM3\ARM_GCC_541\Debug\Cm3Start.o
                0x00003524                Start_c
 .text.initialize_psoc
                0x00003570       0x68 .\CortexM3\ARM_GCC_541\Debug\Cm3Start.o
                0x00003570                initialize_psoc
 .text.Pin_CSMotorX_Write
                0x000035d8       0x18 .\CortexM3\ARM_GCC_541\Debug\AS76_FFP6.a(Pin_CSMotorX.o)
                0x000035d8                Pin_CSMotorX_Write
 .text.Pin_CSMotorY_Write
                0x000035f0       0x18 .\CortexM3\ARM_GCC_541\Debug\AS76_FFP6.a(Pin_CSMotorY.o)
                0x000035f0                Pin_CSMotorY_Write
 .text.Pin_CSMotorZ_Write
                0x00003608       0x18 .\CortexM3\ARM_GCC_541\Debug\AS76_FFP6.a(Pin_CSMotorZ.o)
                0x00003608                Pin_CSMotorZ_Write
 .text.SPIM_EnableTxInt
                0x00003620        0xc .\CortexM3\ARM_GCC_541\Debug\AS76_FFP6.a(SPIM.o)
                0x00003620                SPIM_EnableTxInt
 .text.SPIM_EnableRxInt
                0x0000362c        0xc .\CortexM3\ARM_GCC_541\Debug\AS76_FFP6.a(SPIM.o)
                0x0000362c                SPIM_EnableRxInt
 .text.SPIM_Enable
                0x00003638       0x3c .\CortexM3\ARM_GCC_541\Debug\AS76_FFP6.a(SPIM.o)
                0x00003638                SPIM_Enable
 .text.SPIM_DisableTxInt
                0x00003674        0xc .\CortexM3\ARM_GCC_541\Debug\AS76_FFP6.a(SPIM.o)
                0x00003674                SPIM_DisableTxInt
 .text.SPIM_DisableRxInt
                0x00003680        0xc .\CortexM3\ARM_GCC_541\Debug\AS76_FFP6.a(SPIM.o)
                0x00003680                SPIM_DisableRxInt
 .text.SPIM_ReadTxStatus
                0x0000368c       0x28 .\CortexM3\ARM_GCC_541\Debug\AS76_FFP6.a(SPIM.o)
                0x0000368c                SPIM_ReadTxStatus
 .text.SPIM_ReadRxStatus
                0x000036b4       0x28 .\CortexM3\ARM_GCC_541\Debug\AS76_FFP6.a(SPIM.o)
                0x000036b4                SPIM_ReadRxStatus
 .text.SPIM_WriteTxData
                0x000036dc       0xd4 .\CortexM3\ARM_GCC_541\Debug\AS76_FFP6.a(SPIM.o)
                0x000036dc                SPIM_WriteTxData
 .text.SPIM_ReadRxData
                0x000037b0       0x64 .\CortexM3\ARM_GCC_541\Debug\AS76_FFP6.a(SPIM.o)
                0x000037b0                SPIM_ReadRxData
 .text.SPIM_ClearFIFO
                0x00003814       0x3c .\CortexM3\ARM_GCC_541\Debug\AS76_FFP6.a(SPIM.o)
                0x00003814                SPIM_ClearFIFO
 .text.SPIM_Init
                0x00003850       0x90 .\CortexM3\ARM_GCC_541\Debug\AS76_FFP6.a(SPIM.o)
                0x00003850                SPIM_Init
 .text.SPIM_Start
                0x000038e0       0x1c .\CortexM3\ARM_GCC_541\Debug\AS76_FFP6.a(SPIM.o)
                0x000038e0                SPIM_Start
 .text.SPIM_TX_ISR
                0x000038fc       0xa0 .\CortexM3\ARM_GCC_541\Debug\AS76_FFP6.a(SPIM_INT.o)
                0x000038fc                SPIM_TX_ISR
 .text.SPIM_RX_ISR
                0x0000399c       0xa0 .\CortexM3\ARM_GCC_541\Debug\AS76_FFP6.a(SPIM_INT.o)
                0x0000399c                SPIM_RX_ISR
 .text.CyHalt   0x00003a3c        0x4 .\CortexM3\ARM_GCC_541\Debug\AS76_FFP6.a(CyLib.o)
                0x00003a3c                CyHalt
 .text.CySoftwareReset
                0x00003a40       0x10 .\CortexM3\ARM_GCC_541\Debug\AS76_FFP6.a(CyLib.o)
                0x00003a40                CySoftwareReset
 .text.CyDelay  0x00003a50       0x2c .\CortexM3\ARM_GCC_541\Debug\AS76_FFP6.a(CyLib.o)
                0x00003a50                CyDelay
 .text.CyDelayUs
                0x00003a7c       0x14 .\CortexM3\ARM_GCC_541\Debug\AS76_FFP6.a(CyLib.o)
                0x00003a7c                CyDelayUs
 .text.CyIntSetVector
                0x00003a90       0x28 .\CortexM3\ARM_GCC_541\Debug\AS76_FFP6.a(CyLib.o)
                0x00003a90                CyIntSetVector
 .text.CyIntSetPriority
                0x00003ab8       0x30 .\CortexM3\ARM_GCC_541\Debug\AS76_FFP6.a(CyLib.o)
                0x00003ab8                CyIntSetPriority
 .text.CyGetUniqueId
                0x00003ae8       0x70 .\CortexM3\ARM_GCC_541\Debug\AS76_FFP6.a(CyLib.o)
                0x00003ae8                CyGetUniqueId
 .text.USB_Init
                0x00003b58      0x140 .\CortexM3\ARM_GCC_541\Debug\AS76_FFP6.a(USB.o)
                0x00003b58                USB_Init
 .text.USB_InitComponent
                0x00003c98       0xd0 .\CortexM3\ARM_GCC_541\Debug\AS76_FFP6.a(USB.o)
                0x00003c98                USB_InitComponent
 .text.USB_Start
                0x00003d68       0x24 .\CortexM3\ARM_GCC_541\Debug\AS76_FFP6.a(USB.o)
                0x00003d68                USB_Start
 .text.USB_ReInitComponent
                0x00003d8c       0x64 .\CortexM3\ARM_GCC_541\Debug\AS76_FFP6.a(USB.o)
                0x00003d8c                USB_ReInitComponent
 .text.USB_GetConfiguration
                0x00003df0        0xc .\CortexM3\ARM_GCC_541\Debug\AS76_FFP6.a(USB.o)
                0x00003df0                USB_GetConfiguration
 .text.USB_IsConfigurationChanged
                0x00003dfc       0x20 .\CortexM3\ARM_GCC_541\Debug\AS76_FFP6.a(USB.o)
                0x00003dfc                USB_IsConfigurationChanged
 .text.USB_GetEPState
                0x00003e1c       0x14 .\CortexM3\ARM_GCC_541\Debug\AS76_FFP6.a(USB.o)
                0x00003e1c                USB_GetEPState
 .text.USB_GetEPCount
                0x00003e30       0x28 .\CortexM3\ARM_GCC_541\Debug\AS76_FFP6.a(USB.o)
                0x00003e30                USB_GetEPCount
 .text.USB_LoadInEP
                0x00003e58       0x94 .\CortexM3\ARM_GCC_541\Debug\AS76_FFP6.a(USB.o)
                0x00003e58                USB_LoadInEP
 .text.USB_EnableOutEP
                0x00003eec       0x2c .\CortexM3\ARM_GCC_541\Debug\AS76_FFP6.a(USB.o)
                0x00003eec                USB_EnableOutEP
 .text.USB_ReadOutEP
                0x00003f18       0x50 .\CortexM3\ARM_GCC_541\Debug\AS76_FFP6.a(USB.o)
                0x00003f18                USB_ReadOutEP
 .text.USB_EnableSofInt
                0x00003f68       0x10 .\CortexM3\ARM_GCC_541\Debug\AS76_FFP6.a(USB.o)
                0x00003f68                USB_EnableSofInt
 .text.USB_GetInterfaceComPort
                0x00003f78       0x38 .\CortexM3\ARM_GCC_541\Debug\AS76_FFP6.a(USB_cdc.o)
                0x00003f78                USB_GetInterfaceComPort
 .text.USB_DispatchCDCClassRqst
                0x00003fb0       0x98 .\CortexM3\ARM_GCC_541\Debug\AS76_FFP6.a(USB_cdc.o)
                0x00003fb0                USB_DispatchCDCClassRqst
 .text.USB_CDC_Init
                0x00004048       0x98 .\CortexM3\ARM_GCC_541\Debug\AS76_FFP6.a(USB_cdc.o)
                0x00004048                USB_CDC_Init
 .text.USB_PutData
                0x000040e0       0x50 .\CortexM3\ARM_GCC_541\Debug\AS76_FFP6.a(USB_cdc.o)
                0x000040e0                USB_PutData
 .text.USB_DataIsReady
                0x00004130       0x18 .\CortexM3\ARM_GCC_541\Debug\AS76_FFP6.a(USB_cdc.o)
                0x00004130                USB_DataIsReady
 .text.USB_GetAll
                0x00004148       0x30 .\CortexM3\ARM_GCC_541\Debug\AS76_FFP6.a(USB_cdc.o)
                0x00004148                USB_GetAll
 .text.USB_Cdc_EpInit
                0x00004178       0x50 .\CortexM3\ARM_GCC_541\Debug\AS76_FFP6.a(USB_cdc.o)
                0x00004178                USB_Cdc_EpInit
 .text.USB_LoadEP0
                0x000041c8       0x98 .\CortexM3\ARM_GCC_541\Debug\AS76_FFP6.a(USB_drv.o)
                0x000041c8                USB_LoadEP0
 .text.USB_InitZeroLengthControlTransfer
                0x00004260       0x34 .\CortexM3\ARM_GCC_541\Debug\AS76_FFP6.a(USB_drv.o)
                0x00004260                USB_InitZeroLengthControlTransfer
 .text.USB_ControlReadDataStage
                0x00004294        0x8 .\CortexM3\ARM_GCC_541\Debug\AS76_FFP6.a(USB_drv.o)
                0x00004294                USB_ControlReadDataStage
 .text.USB_ControlWriteDataStage
                0x0000429c       0x84 .\CortexM3\ARM_GCC_541\Debug\AS76_FFP6.a(USB_drv.o)
                0x0000429c                USB_ControlWriteDataStage
 .text.USB_InitNoDataControlTransfer
                0x00004320       0x2c .\CortexM3\ARM_GCC_541\Debug\AS76_FFP6.a(USB_drv.o)
                0x00004320                USB_InitNoDataControlTransfer
 .text.USB_UpdateStatusBlock
                0x0000434c       0x24 .\CortexM3\ARM_GCC_541\Debug\AS76_FFP6.a(USB_drv.o)
                0x0000434c                USB_UpdateStatusBlock
 .text.USB_HandleSetup
                0x00004370       0x5c .\CortexM3\ARM_GCC_541\Debug\AS76_FFP6.a(USB_drv.o)
                0x00004370                USB_HandleSetup
 .text.USB_ControlReadStatusStage
                0x000043cc       0x38 .\CortexM3\ARM_GCC_541\Debug\AS76_FFP6.a(USB_drv.o)
                0x000043cc                USB_ControlReadStatusStage
 .text.USB_HandleOUT
                0x00004404       0x38 .\CortexM3\ARM_GCC_541\Debug\AS76_FFP6.a(USB_drv.o)
                0x00004404                USB_HandleOUT
 .text.USB_ControlWriteStatusStage
                0x0000443c       0x20 .\CortexM3\ARM_GCC_541\Debug\AS76_FFP6.a(USB_drv.o)
                0x0000443c                USB_ControlWriteStatusStage
 .text.USB_NoDataControlStatusStage
                0x0000445c       0x40 .\CortexM3\ARM_GCC_541\Debug\AS76_FFP6.a(USB_drv.o)
                0x0000445c                USB_NoDataControlStatusStage
 .text.USB_HandleIN
                0x0000449c       0x2c .\CortexM3\ARM_GCC_541\Debug\AS76_FFP6.a(USB_drv.o)
                0x0000449c                USB_HandleIN
 .text.USB_EP_0_ISR
                0x000044c8       0xb8 .\CortexM3\ARM_GCC_541\Debug\AS76_FFP6.a(USB_drv.o)
                0x000044c8                USB_EP_0_ISR
 .text.USB_InitializeStatusBlock
                0x00004580       0x24 .\CortexM3\ARM_GCC_541\Debug\AS76_FFP6.a(USB_drv.o)
                0x00004580                USB_InitializeStatusBlock
 .text.USB_InitControlRead
                0x000045a4       0x50 .\CortexM3\ARM_GCC_541\Debug\AS76_FFP6.a(USB_drv.o)
                0x000045a4                USB_InitControlRead
 .text.USB_InitControlWrite
                0x000045f4       0x48 .\CortexM3\ARM_GCC_541\Debug\AS76_FFP6.a(USB_drv.o)
                0x000045f4                USB_InitControlWrite
 .text.USB_EP_1_ISR
                0x0000463c       0x30 .\CortexM3\ARM_GCC_541\Debug\AS76_FFP6.a(USB_episr.o)
                0x0000463c                USB_EP_1_ISR
 .text.USB_EP_2_ISR
                0x0000466c       0x34 .\CortexM3\ARM_GCC_541\Debug\AS76_FFP6.a(USB_episr.o)
                0x0000466c                USB_EP_2_ISR
 .text.USB_EP_3_ISR
                0x000046a0       0x3c .\CortexM3\ARM_GCC_541\Debug\AS76_FFP6.a(USB_episr.o)
                0x000046a0                USB_EP_3_ISR
 .text.USB_SOF_ISR
                0x000046dc        0x4 .\CortexM3\ARM_GCC_541\Debug\AS76_FFP6.a(USB_episr.o)
                0x000046dc                USB_SOF_ISR
 .text.USB_BUS_RESET_ISR
                0x000046e0        0x8 .\CortexM3\ARM_GCC_541\Debug\AS76_FFP6.a(USB_episr.o)
                0x000046e0                USB_BUS_RESET_ISR
 .text.USB_FindHidClassDecriptor
                0x000046e8       0x44 .\CortexM3\ARM_GCC_541\Debug\AS76_FFP6.a(USB_hid.o)
                0x000046e8                USB_FindHidClassDecriptor
 .text.USB_FindReportDescriptor
                0x0000472c       0x4c .\CortexM3\ARM_GCC_541\Debug\AS76_FFP6.a(USB_hid.o)
                0x0000472c                USB_FindReportDescriptor
 .text.USB_FindReport
                0x00004778       0x80 .\CortexM3\ARM_GCC_541\Debug\AS76_FFP6.a(USB_hid.o)
                0x00004778                USB_FindReport
 .text.USB_DispatchHIDClassRqst
                0x000047f8      0x184 .\CortexM3\ARM_GCC_541\Debug\AS76_FFP6.a(USB_hid.o)
                0x000047f8                USB_DispatchHIDClassRqst
 .text.USB_DP_ISR
                0x0000497c        0x8 .\CortexM3\ARM_GCC_541\Debug\AS76_FFP6.a(USB_pm.o)
                0x0000497c                USB_DP_ISR
 .text.USB_ReadDieID
                0x00004984       0x6c .\CortexM3\ARM_GCC_541\Debug\AS76_FFP6.a(USB_std.o)
                0x00004984                USB_ReadDieID
 .text.USB_ConfigReg
                0x000049f0       0xa4 .\CortexM3\ARM_GCC_541\Debug\AS76_FFP6.a(USB_std.o)
                0x000049f0                USB_ConfigReg
 .text.USB_GetConfigTablePtr
                0x00004a94       0x28 .\CortexM3\ARM_GCC_541\Debug\AS76_FFP6.a(USB_std.o)
                0x00004a94                USB_GetConfigTablePtr
 .text.USB_ConfigAltChanged
                0x00004abc      0x11c .\CortexM3\ARM_GCC_541\Debug\AS76_FFP6.a(USB_std.o)
                0x00004abc                USB_ConfigAltChanged
 .text.USB_GetDeviceTablePtr
                0x00004bd8       0x18 .\CortexM3\ARM_GCC_541\Debug\AS76_FFP6.a(USB_std.o)
                0x00004bd8                USB_GetDeviceTablePtr
 .text.USB_GetInterfaceClassTablePtr
                0x00004bf0       0x28 .\CortexM3\ARM_GCC_541\Debug\AS76_FFP6.a(USB_std.o)
                0x00004bf0                USB_GetInterfaceClassTablePtr
 .text.USB_Config
                0x00004c18      0x1ec .\CortexM3\ARM_GCC_541\Debug\AS76_FFP6.a(USB_std.o)
                0x00004c18                USB_Config
 .text.USB_SetEndpointHalt
                0x00004e04       0x64 .\CortexM3\ARM_GCC_541\Debug\AS76_FFP6.a(USB_std.o)
                0x00004e04                USB_SetEndpointHalt
 .text.USB_ClearEndpointHalt
                0x00004e68       0xac .\CortexM3\ARM_GCC_541\Debug\AS76_FFP6.a(USB_std.o)
                0x00004e68                USB_ClearEndpointHalt
 .text.USB_ValidateAlternateSetting
                0x00004f14       0x4c .\CortexM3\ARM_GCC_541\Debug\AS76_FFP6.a(USB_std.o)
                0x00004f14                USB_ValidateAlternateSetting
 .text.USB_HandleStandardRqst
                0x00004f60      0x35c .\CortexM3\ARM_GCC_541\Debug\AS76_FFP6.a(USB_std.o)
                0x00004f60                USB_HandleStandardRqst
 .text.USB_HandleVendorRqst
                0x000052bc       0x3c .\CortexM3\ARM_GCC_541\Debug\AS76_FFP6.a(USB_vnd.o)
                0x000052bc                USB_HandleVendorRqst
 .text.USB_Dp_ClearInterrupt
                0x000052f8       0x10 .\CortexM3\ARM_GCC_541\Debug\AS76_FFP6.a(USB_Dp.o)
                0x000052f8                USB_Dp_ClearInterrupt
 .text.PWM_CondenserLED_Enable
                0x00005308       0x28 .\CortexM3\ARM_GCC_541\Debug\AS76_FFP6.a(PWM_CondenserLED.o)
                0x00005308                PWM_CondenserLED_Enable
 .text.PWM_CondenserLED_WritePeriod
                0x00005330        0xc .\CortexM3\ARM_GCC_541\Debug\AS76_FFP6.a(PWM_CondenserLED.o)
                0x00005330                PWM_CondenserLED_WritePeriod
 .text.PWM_CondenserLED_WriteCompare
                0x0000533c        0xc .\CortexM3\ARM_GCC_541\Debug\AS76_FFP6.a(PWM_CondenserLED.o)
                0x0000533c                PWM_CondenserLED_WriteCompare
 .text.PWM_CondenserLED_SetInterruptMode
                0x00005348        0xc .\CortexM3\ARM_GCC_541\Debug\AS76_FFP6.a(PWM_CondenserLED.o)
                0x00005348                PWM_CondenserLED_SetInterruptMode
 .text.PWM_CondenserLED_Init
                0x00005354       0x74 .\CortexM3\ARM_GCC_541\Debug\AS76_FFP6.a(PWM_CondenserLED.o)
                0x00005354                PWM_CondenserLED_Init
 .text.PWM_CondenserLED_Start
                0x000053c8       0x1c .\CortexM3\ARM_GCC_541\Debug\AS76_FFP6.a(PWM_CondenserLED.o)
                0x000053c8                PWM_CondenserLED_Start
 .text.SPIM_IntClock_Start
                0x000053e4       0x1c .\CortexM3\ARM_GCC_541\Debug\AS76_FFP6.a(SPIM_IntClock.o)
                0x000053e4                SPIM_IntClock_Start
 .text.QuadDec_X_Init
                0x00005400       0x24 .\CortexM3\ARM_GCC_541\Debug\AS76_FFP6.a(QuadDec_X.o)
                0x00005400                QuadDec_X_Init
 .text.QuadDec_X_GetCounter
                0x00005424       0x2c .\CortexM3\ARM_GCC_541\Debug\AS76_FFP6.a(QuadDec_X.o)
                0x00005424                QuadDec_X_GetCounter
 .text.QuadDec_X_SetCounter
                0x00005450       0x28 .\CortexM3\ARM_GCC_541\Debug\AS76_FFP6.a(QuadDec_X.o)
                0x00005450                QuadDec_X_SetCounter
 .text.QuadDec_X_GetEvents
                0x00005478       0x10 .\CortexM3\ARM_GCC_541\Debug\AS76_FFP6.a(QuadDec_X.o)
                0x00005478                QuadDec_X_GetEvents
 .text.QuadDec_X_SetInterruptMask
                0x00005488       0x10 .\CortexM3\ARM_GCC_541\Debug\AS76_FFP6.a(QuadDec_X.o)
                0x00005488                QuadDec_X_SetInterruptMask
 .text.QuadDec_X_Enable
                0x00005498       0x30 .\CortexM3\ARM_GCC_541\Debug\AS76_FFP6.a(QuadDec_X.o)
                0x00005498                QuadDec_X_Enable
 .text.QuadDec_X_Start
                0x000054c8       0x34 .\CortexM3\ARM_GCC_541\Debug\AS76_FFP6.a(QuadDec_X.o)
                0x000054c8                QuadDec_X_Start
 .text.QuadDec_X_ISR
                0x000054fc       0x40 .\CortexM3\ARM_GCC_541\Debug\AS76_FFP6.a(QuadDec_X_INT.o)
                0x000054fc                QuadDec_X_ISR
 .text.QuadDec_X_Cnt16_Enable
                0x0000553c       0x10 .\CortexM3\ARM_GCC_541\Debug\AS76_FFP6.a(QuadDec_X_Cnt16.o)
                0x0000553c                QuadDec_X_Cnt16_Enable
 .text.QuadDec_X_Cnt16_SetInterruptMode
                0x0000554c        0xc .\CortexM3\ARM_GCC_541\Debug\AS76_FFP6.a(QuadDec_X_Cnt16.o)
                0x0000554c                QuadDec_X_Cnt16_SetInterruptMode
 .text.QuadDec_X_Cnt16_ReadStatusRegister
                0x00005558        0xc .\CortexM3\ARM_GCC_541\Debug\AS76_FFP6.a(QuadDec_X_Cnt16.o)
                0x00005558                QuadDec_X_Cnt16_ReadStatusRegister
 .text.QuadDec_X_Cnt16_WriteCounter
                0x00005564        0xc .\CortexM3\ARM_GCC_541\Debug\AS76_FFP6.a(QuadDec_X_Cnt16.o)
                0x00005564                QuadDec_X_Cnt16_WriteCounter
 .text.QuadDec_X_Cnt16_ReadCounter
                0x00005570       0x14 .\CortexM3\ARM_GCC_541\Debug\AS76_FFP6.a(QuadDec_X_Cnt16.o)
                0x00005570                QuadDec_X_Cnt16_ReadCounter
 .text.QuadDec_X_Cnt16_ReadCapture
                0x00005584        0xc .\CortexM3\ARM_GCC_541\Debug\AS76_FFP6.a(QuadDec_X_Cnt16.o)
                0x00005584                QuadDec_X_Cnt16_ReadCapture
 .text.QuadDec_X_Cnt16_WritePeriod
                0x00005590        0xc .\CortexM3\ARM_GCC_541\Debug\AS76_FFP6.a(QuadDec_X_Cnt16.o)
                0x00005590                QuadDec_X_Cnt16_WritePeriod
 .text.QuadDec_X_Cnt16_WriteCompare
                0x0000559c        0xc .\CortexM3\ARM_GCC_541\Debug\AS76_FFP6.a(QuadDec_X_Cnt16.o)
                0x0000559c                QuadDec_X_Cnt16_WriteCompare
 .text.QuadDec_X_Cnt16_ClearFIFO
                0x000055a8       0x14 .\CortexM3\ARM_GCC_541\Debug\AS76_FFP6.a(QuadDec_X_Cnt16.o)
                0x000055a8                QuadDec_X_Cnt16_ClearFIFO
 .text.QuadDec_X_Cnt16_Init
                0x000055bc       0x58 .\CortexM3\ARM_GCC_541\Debug\AS76_FFP6.a(QuadDec_X_Cnt16.o)
                0x000055bc                QuadDec_X_Cnt16_Init
 .text.QuadDec_X_Cnt16_Start
                0x00005614       0x1c .\CortexM3\ARM_GCC_541\Debug\AS76_FFP6.a(QuadDec_X_Cnt16.o)
                0x00005614                QuadDec_X_Cnt16_Start
 .text.UART_PCB_LOG_Init
                0x00005630       0x44 .\CortexM3\ARM_GCC_541\Debug\AS76_FFP6.a(UART_PCB_LOG.o)
                0x00005630                UART_PCB_LOG_Init
 .text.UART_PCB_LOG_Enable
                0x00005674       0x44 .\CortexM3\ARM_GCC_541\Debug\AS76_FFP6.a(UART_PCB_LOG.o)
                0x00005674                UART_PCB_LOG_Enable
 .text.UART_PCB_LOG_Start
                0x000056b8       0x1c .\CortexM3\ARM_GCC_541\Debug\AS76_FFP6.a(UART_PCB_LOG.o)
                0x000056b8                UART_PCB_LOG_Start
 .text.UART_PCB_LOG_PutChar
                0x000056d4       0x18 .\CortexM3\ARM_GCC_541\Debug\AS76_FFP6.a(UART_PCB_LOG.o)
                0x000056d4                UART_PCB_LOG_PutChar
 .text.UART_PCB_LOG_PutString
                0x000056ec       0x24 .\CortexM3\ARM_GCC_541\Debug\AS76_FFP6.a(UART_PCB_LOG.o)
                0x000056ec                UART_PCB_LOG_PutString
 .text.UART_PCB_LOG_RXISR
                0x00005710       0x98 .\CortexM3\ARM_GCC_541\Debug\AS76_FFP6.a(UART_PCB_LOG_INT.o)
                0x00005710                UART_PCB_LOG_RXISR
 .text.UART_PCB_LOG_IntClock_Start
                0x000057a8       0x1c .\CortexM3\ARM_GCC_541\Debug\AS76_FFP6.a(UART_PCB_LOG_IntClock.o)
                0x000057a8                UART_PCB_LOG_IntClock_Start
 .text.Pin_Backlight_Write
                0x000057c4       0x18 .\CortexM3\ARM_GCC_541\Debug\AS76_FFP6.a(Pin_Backlight.o)
                0x000057c4                Pin_Backlight_Write
 .text.LED2_Write
                0x000057dc       0x18 .\CortexM3\ARM_GCC_541\Debug\AS76_FFP6.a(LED2.o)
                0x000057dc                LED2_Write
 .text.Pin_CSMotorO_Write
                0x000057f4       0x18 .\CortexM3\ARM_GCC_541\Debug\AS76_FFP6.a(Pin_CSMotorO.o)
                0x000057f4                Pin_CSMotorO_Write
 .text.Pin_CSMotorT_Write
                0x0000580c       0x18 .\CortexM3\ARM_GCC_541\Debug\AS76_FFP6.a(Pin_CSMotorT.o)
                0x0000580c                Pin_CSMotorT_Write
 .text.QuadDec_TZ_Init
                0x00005824       0x24 .\CortexM3\ARM_GCC_541\Debug\AS76_FFP6.a(QuadDec_TZ.o)
                0x00005824                QuadDec_TZ_Init
 .text.QuadDec_TZ_GetCounter
                0x00005848       0x2c .\CortexM3\ARM_GCC_541\Debug\AS76_FFP6.a(QuadDec_TZ.o)
                0x00005848                QuadDec_TZ_GetCounter
 .text.QuadDec_TZ_SetCounter
                0x00005874       0x28 .\CortexM3\ARM_GCC_541\Debug\AS76_FFP6.a(QuadDec_TZ.o)
                0x00005874                QuadDec_TZ_SetCounter
 .text.QuadDec_TZ_GetEvents
                0x0000589c       0x10 .\CortexM3\ARM_GCC_541\Debug\AS76_FFP6.a(QuadDec_TZ.o)
                0x0000589c                QuadDec_TZ_GetEvents
 .text.QuadDec_TZ_SetInterruptMask
                0x000058ac       0x10 .\CortexM3\ARM_GCC_541\Debug\AS76_FFP6.a(QuadDec_TZ.o)
                0x000058ac                QuadDec_TZ_SetInterruptMask
 .text.QuadDec_TZ_Enable
                0x000058bc       0x30 .\CortexM3\ARM_GCC_541\Debug\AS76_FFP6.a(QuadDec_TZ.o)
                0x000058bc                QuadDec_TZ_Enable
 .text.QuadDec_TZ_Start
                0x000058ec       0x34 .\CortexM3\ARM_GCC_541\Debug\AS76_FFP6.a(QuadDec_TZ.o)
                0x000058ec                QuadDec_TZ_Start
 .text.QuadDec_TZ_ISR
                0x00005920       0x40 .\CortexM3\ARM_GCC_541\Debug\AS76_FFP6.a(QuadDec_TZ_INT.o)
                0x00005920                QuadDec_TZ_ISR
 .text.PWM_Buzzer_Enable
                0x00005960       0x28 .\CortexM3\ARM_GCC_541\Debug\AS76_FFP6.a(PWM_Buzzer.o)
                0x00005960                PWM_Buzzer_Enable
 .text.PWM_Buzzer_WritePeriod
                0x00005988        0xc .\CortexM3\ARM_GCC_541\Debug\AS76_FFP6.a(PWM_Buzzer.o)
                0x00005988                PWM_Buzzer_WritePeriod
 .text.PWM_Buzzer_WriteCompare
                0x00005994        0xc .\CortexM3\ARM_GCC_541\Debug\AS76_FFP6.a(PWM_Buzzer.o)
                0x00005994                PWM_Buzzer_WriteCompare
 .text.PWM_Buzzer_SetInterruptMode
                0x000059a0        0xc .\CortexM3\ARM_GCC_541\Debug\AS76_FFP6.a(PWM_Buzzer.o)
                0x000059a0                PWM_Buzzer_SetInterruptMode
 .text.PWM_Buzzer_Init
                0x000059ac       0x74 .\CortexM3\ARM_GCC_541\Debug\AS76_FFP6.a(PWM_Buzzer.o)
                0x000059ac                PWM_Buzzer_Init
 .text.PWM_Buzzer_Start
                0x00005a20       0x1c .\CortexM3\ARM_GCC_541\Debug\AS76_FFP6.a(PWM_Buzzer.o)
                0x00005a20                PWM_Buzzer_Start
 .text.QuadDec_Y_Init
                0x00005a3c       0x24 .\CortexM3\ARM_GCC_541\Debug\AS76_FFP6.a(QuadDec_Y.o)
                0x00005a3c                QuadDec_Y_Init
 .text.QuadDec_Y_GetCounter
                0x00005a60       0x2c .\CortexM3\ARM_GCC_541\Debug\AS76_FFP6.a(QuadDec_Y.o)
                0x00005a60                QuadDec_Y_GetCounter
 .text.QuadDec_Y_SetCounter
                0x00005a8c       0x28 .\CortexM3\ARM_GCC_541\Debug\AS76_FFP6.a(QuadDec_Y.o)
                0x00005a8c                QuadDec_Y_SetCounter
 .text.QuadDec_Y_GetEvents
                0x00005ab4       0x10 .\CortexM3\ARM_GCC_541\Debug\AS76_FFP6.a(QuadDec_Y.o)
                0x00005ab4                QuadDec_Y_GetEvents
 .text.QuadDec_Y_SetInterruptMask
                0x00005ac4       0x10 .\CortexM3\ARM_GCC_541\Debug\AS76_FFP6.a(QuadDec_Y.o)
                0x00005ac4                QuadDec_Y_SetInterruptMask
 .text.QuadDec_Y_Enable
                0x00005ad4       0x30 .\CortexM3\ARM_GCC_541\Debug\AS76_FFP6.a(QuadDec_Y.o)
                0x00005ad4                QuadDec_Y_Enable
 .text.QuadDec_Y_Start
                0x00005b04       0x34 .\CortexM3\ARM_GCC_541\Debug\AS76_FFP6.a(QuadDec_Y.o)
                0x00005b04                QuadDec_Y_Start
 .text.QuadDec_Y_ISR
                0x00005b38       0x40 .\CortexM3\ARM_GCC_541\Debug\AS76_FFP6.a(QuadDec_Y_INT.o)
                0x00005b38                QuadDec_Y_ISR
 .text.PWM_BarcodeCondenser_LED_Enable
                0x00005b78       0x28 .\CortexM3\ARM_GCC_541\Debug\AS76_FFP6.a(PWM_BarcodeCondenser_LED.o)
                0x00005b78                PWM_BarcodeCondenser_LED_Enable
 .text.PWM_BarcodeCondenser_LED_WritePeriod
                0x00005ba0        0xc .\CortexM3\ARM_GCC_541\Debug\AS76_FFP6.a(PWM_BarcodeCondenser_LED.o)
                0x00005ba0                PWM_BarcodeCondenser_LED_WritePeriod
 .text.PWM_BarcodeCondenser_LED_WriteCompare
                0x00005bac        0xc .\CortexM3\ARM_GCC_541\Debug\AS76_FFP6.a(PWM_BarcodeCondenser_LED.o)
                0x00005bac                PWM_BarcodeCondenser_LED_WriteCompare
 .text.PWM_BarcodeCondenser_LED_SetInterruptMode
                0x00005bb8        0xc .\CortexM3\ARM_GCC_541\Debug\AS76_FFP6.a(PWM_BarcodeCondenser_LED.o)
                0x00005bb8                PWM_BarcodeCondenser_LED_SetInterruptMode
 .text.PWM_BarcodeCondenser_LED_Init
                0x00005bc4       0x74 .\CortexM3\ARM_GCC_541\Debug\AS76_FFP6.a(PWM_BarcodeCondenser_LED.o)
                0x00005bc4                PWM_BarcodeCondenser_LED_Init
 .text.PWM_BarcodeCondenser_LED_Start
                0x00005c38       0x1c .\CortexM3\ARM_GCC_541\Debug\AS76_FFP6.a(PWM_BarcodeCondenser_LED.o)
                0x00005c38                PWM_BarcodeCondenser_LED_Start
 .text.LED3_Write
                0x00005c54       0x18 .\CortexM3\ARM_GCC_541\Debug\AS76_FFP6.a(LED3.o)
                0x00005c54                LED3_Write
 .text.Encoder_T_Z_Select_Write
                0x00005c6c        0xc .\CortexM3\ARM_GCC_541\Debug\AS76_FFP6.a(Encoder_T_Z_Select.o)
                0x00005c6c                Encoder_T_Z_Select_Write
 .text.TMC5160_MotorX_EN_Write
                0x00005c78       0x18 .\CortexM3\ARM_GCC_541\Debug\AS76_FFP6.a(TMC5160_MotorX_EN.o)
                0x00005c78                TMC5160_MotorX_EN_Write
 .text.TMC5160_MotorY_EN_Write
                0x00005c90       0x18 .\CortexM3\ARM_GCC_541\Debug\AS76_FFP6.a(TMC5160_MotorY_EN.o)
                0x00005c90                TMC5160_MotorY_EN_Write
 .text.TMC5160_MotorZ_EN_Write
                0x00005ca8       0x18 .\CortexM3\ARM_GCC_541\Debug\AS76_FFP6.a(TMC5160_MotorZ_EN.o)
                0x00005ca8                TMC5160_MotorZ_EN_Write
 .text.TMC5160_MotorT_EN_Write
                0x00005cc0       0x18 .\CortexM3\ARM_GCC_541\Debug\AS76_FFP6.a(TMC5160_MotorT_EN.o)
                0x00005cc0                TMC5160_MotorT_EN_Write
 .text.TMC5160_MotorO_EN_Write
                0x00005cd8       0x18 .\CortexM3\ARM_GCC_541\Debug\AS76_FFP6.a(TMC5160_MotorO_EN.o)
                0x00005cd8                TMC5160_MotorO_EN_Write
 .text.QuadDec_TZ_Cnt16_Enable
                0x00005cf0       0x10 .\CortexM3\ARM_GCC_541\Debug\AS76_FFP6.a(QuadDec_TZ_Cnt16.o)
                0x00005cf0                QuadDec_TZ_Cnt16_Enable
 .text.QuadDec_TZ_Cnt16_SetInterruptMode
                0x00005d00        0xc .\CortexM3\ARM_GCC_541\Debug\AS76_FFP6.a(QuadDec_TZ_Cnt16.o)
                0x00005d00                QuadDec_TZ_Cnt16_SetInterruptMode
 .text.QuadDec_TZ_Cnt16_ReadStatusRegister
                0x00005d0c        0xc .\CortexM3\ARM_GCC_541\Debug\AS76_FFP6.a(QuadDec_TZ_Cnt16.o)
                0x00005d0c                QuadDec_TZ_Cnt16_ReadStatusRegister
 .text.QuadDec_TZ_Cnt16_WriteCounter
                0x00005d18        0xc .\CortexM3\ARM_GCC_541\Debug\AS76_FFP6.a(QuadDec_TZ_Cnt16.o)
                0x00005d18                QuadDec_TZ_Cnt16_WriteCounter
 .text.QuadDec_TZ_Cnt16_ReadCounter
                0x00005d24       0x14 .\CortexM3\ARM_GCC_541\Debug\AS76_FFP6.a(QuadDec_TZ_Cnt16.o)
                0x00005d24                QuadDec_TZ_Cnt16_ReadCounter
 .text.QuadDec_TZ_Cnt16_ReadCapture
                0x00005d38        0xc .\CortexM3\ARM_GCC_541\Debug\AS76_FFP6.a(QuadDec_TZ_Cnt16.o)
                0x00005d38                QuadDec_TZ_Cnt16_ReadCapture
 .text.QuadDec_TZ_Cnt16_WritePeriod
                0x00005d44        0xc .\CortexM3\ARM_GCC_541\Debug\AS76_FFP6.a(QuadDec_TZ_Cnt16.o)
                0x00005d44                QuadDec_TZ_Cnt16_WritePeriod
 .text.QuadDec_TZ_Cnt16_WriteCompare
                0x00005d50        0xc .\CortexM3\ARM_GCC_541\Debug\AS76_FFP6.a(QuadDec_TZ_Cnt16.o)
                0x00005d50                QuadDec_TZ_Cnt16_WriteCompare
 .text.QuadDec_TZ_Cnt16_ClearFIFO
                0x00005d5c       0x14 .\CortexM3\ARM_GCC_541\Debug\AS76_FFP6.a(QuadDec_TZ_Cnt16.o)
                0x00005d5c                QuadDec_TZ_Cnt16_ClearFIFO
 .text.QuadDec_TZ_Cnt16_Init
                0x00005d70       0x58 .\CortexM3\ARM_GCC_541\Debug\AS76_FFP6.a(QuadDec_TZ_Cnt16.o)
                0x00005d70                QuadDec_TZ_Cnt16_Init
 .text.QuadDec_TZ_Cnt16_Start
                0x00005dc8       0x1c .\CortexM3\ARM_GCC_541\Debug\AS76_FFP6.a(QuadDec_TZ_Cnt16.o)
                0x00005dc8                QuadDec_TZ_Cnt16_Start
 .text.QuadDec_Y_Cnt16_Enable
                0x00005de4       0x10 .\CortexM3\ARM_GCC_541\Debug\AS76_FFP6.a(QuadDec_Y_Cnt16.o)
                0x00005de4                QuadDec_Y_Cnt16_Enable
 .text.QuadDec_Y_Cnt16_SetInterruptMode
                0x00005df4        0xc .\CortexM3\ARM_GCC_541\Debug\AS76_FFP6.a(QuadDec_Y_Cnt16.o)
                0x00005df4                QuadDec_Y_Cnt16_SetInterruptMode
 .text.QuadDec_Y_Cnt16_ReadStatusRegister
                0x00005e00        0xc .\CortexM3\ARM_GCC_541\Debug\AS76_FFP6.a(QuadDec_Y_Cnt16.o)
                0x00005e00                QuadDec_Y_Cnt16_ReadStatusRegister
 .text.QuadDec_Y_Cnt16_WriteCounter
                0x00005e0c        0xc .\CortexM3\ARM_GCC_541\Debug\AS76_FFP6.a(QuadDec_Y_Cnt16.o)
                0x00005e0c                QuadDec_Y_Cnt16_WriteCounter
 .text.QuadDec_Y_Cnt16_ReadCounter
                0x00005e18       0x14 .\CortexM3\ARM_GCC_541\Debug\AS76_FFP6.a(QuadDec_Y_Cnt16.o)
                0x00005e18                QuadDec_Y_Cnt16_ReadCounter
 .text.QuadDec_Y_Cnt16_ReadCapture
                0x00005e2c        0xc .\CortexM3\ARM_GCC_541\Debug\AS76_FFP6.a(QuadDec_Y_Cnt16.o)
                0x00005e2c                QuadDec_Y_Cnt16_ReadCapture
 .text.QuadDec_Y_Cnt16_WritePeriod
                0x00005e38        0xc .\CortexM3\ARM_GCC_541\Debug\AS76_FFP6.a(QuadDec_Y_Cnt16.o)
                0x00005e38                QuadDec_Y_Cnt16_WritePeriod
 .text.QuadDec_Y_Cnt16_WriteCompare
                0x00005e44        0xc .\CortexM3\ARM_GCC_541\Debug\AS76_FFP6.a(QuadDec_Y_Cnt16.o)
                0x00005e44                QuadDec_Y_Cnt16_WriteCompare
 .text.QuadDec_Y_Cnt16_ClearFIFO
                0x00005e50       0x14 .\CortexM3\ARM_GCC_541\Debug\AS76_FFP6.a(QuadDec_Y_Cnt16.o)
                0x00005e50                QuadDec_Y_Cnt16_ClearFIFO
 .text.QuadDec_Y_Cnt16_Init
                0x00005e64       0x58 .\CortexM3\ARM_GCC_541\Debug\AS76_FFP6.a(QuadDec_Y_Cnt16.o)
                0x00005e64                QuadDec_Y_Cnt16_Init
 .text.QuadDec_Y_Cnt16_Start
                0x00005ebc       0x1c .\CortexM3\ARM_GCC_541\Debug\AS76_FFP6.a(QuadDec_Y_Cnt16.o)
                0x00005ebc                QuadDec_Y_Cnt16_Start
 .text.wait_timer_Enable
                0x00005ed8       0x28 .\CortexM3\ARM_GCC_541\Debug\AS76_FFP6.a(wait_timer.o)
                0x00005ed8                wait_timer_Enable
 .text.wait_timer_Stop
                0x00005f00       0x28 .\CortexM3\ARM_GCC_541\Debug\AS76_FFP6.a(wait_timer.o)
                0x00005f00                wait_timer_Stop
 .text.wait_timer_SetInterruptMode
                0x00005f28        0xc .\CortexM3\ARM_GCC_541\Debug\AS76_FFP6.a(wait_timer.o)
                0x00005f28                wait_timer_SetInterruptMode
 .text.wait_timer_WritePeriod
                0x00005f34        0xc .\CortexM3\ARM_GCC_541\Debug\AS76_FFP6.a(wait_timer.o)
                0x00005f34                wait_timer_WritePeriod
 .text.wait_timer_WriteCounter
                0x00005f40        0xc .\CortexM3\ARM_GCC_541\Debug\AS76_FFP6.a(wait_timer.o)
                0x00005f40                wait_timer_WriteCounter
 .text.wait_timer_Init
                0x00005f4c       0x68 .\CortexM3\ARM_GCC_541\Debug\AS76_FFP6.a(wait_timer.o)
                0x00005f4c                wait_timer_Init
 .text.wait_timer_Start
                0x00005fb4       0x1c .\CortexM3\ARM_GCC_541\Debug\AS76_FFP6.a(wait_timer.o)
                0x00005fb4                wait_timer_Start
 .text.wait_interrupt_SetVector
                0x00005fd0        0xc .\CortexM3\ARM_GCC_541\Debug\AS76_FFP6.a(wait_interrupt.o)
                0x00005fd0                wait_interrupt_SetVector
 .text.wait_interrupt_SetPriority
                0x00005fdc       0x10 .\CortexM3\ARM_GCC_541\Debug\AS76_FFP6.a(wait_interrupt.o)
                0x00005fdc                wait_interrupt_SetPriority
 .text.wait_interrupt_Enable
                0x00005fec       0x10 .\CortexM3\ARM_GCC_541\Debug\AS76_FFP6.a(wait_interrupt.o)
                0x00005fec                wait_interrupt_Enable
 .text.wait_interrupt_Disable
                0x00005ffc       0x10 .\CortexM3\ARM_GCC_541\Debug\AS76_FFP6.a(wait_interrupt.o)
                0x00005ffc                wait_interrupt_Disable
 .text.wait_interrupt_StartEx
                0x0000600c       0x1c .\CortexM3\ARM_GCC_541\Debug\AS76_FFP6.a(wait_interrupt.o)
                0x0000600c                wait_interrupt_StartEx
 .text.Pin_SDO_RGB_Write
                0x00006028       0x18 .\CortexM3\ARM_GCC_541\Debug\AS76_FFP6.a(Pin_SDO_RGB.o)
                0x00006028                Pin_SDO_RGB_Write
 .text.Pin_Clock_RGB_Write
                0x00006040       0x18 .\CortexM3\ARM_GCC_541\Debug\AS76_FFP6.a(Pin_Clock_RGB.o)
                0x00006040                Pin_Clock_RGB_Write
 .text          0x00006058       0x20 .\CortexM3\ARM_GCC_541\Debug\AS76_FFP6.a(CyBootAsmGnu.o)
                0x00006058                CyDelayCycles
                0x00006068                CyEnterCriticalSection
                0x00006070                CyExitCriticalSection
 .text.USB_DispatchClassRqst
                0x00006078       0x68 .\CortexM3\ARM_GCC_541\Debug\AS76_FFP6.a(USB_cls.o)
                0x00006078                USB_DispatchClassRqst
 .text          0x000060e0      0x370 c:/program files (x86)/cypress/psoc creator/4.4/psoc creator/import/gnu/arm/5.4.1/bin/../lib/gcc/arm-none-eabi/5.4.1/armv7-m\libgcc.a(_arm_addsubdf3.o)
                0x000060e0                __aeabi_drsub
                0x000060e8                __aeabi_dsub
                0x000060e8                __subdf3
                0x000060ec                __aeabi_dadd
                0x000060ec                __adddf3
                0x00006364                __floatunsidf
                0x00006364                __aeabi_ui2d
                0x00006384                __floatsidf
                0x00006384                __aeabi_i2d
                0x000063a8                __aeabi_f2d
                0x000063a8                __extendsfdf2
                0x000063e4                __floatundidf
                0x000063e4                __aeabi_ul2d
                0x000063f4                __floatdidf
                0x000063f4                __aeabi_l2d
 .text          0x00006450      0x424 c:/program files (x86)/cypress/psoc creator/4.4/psoc creator/import/gnu/arm/5.4.1/bin/../lib/gcc/arm-none-eabi/5.4.1/armv7-m\libgcc.a(_arm_muldivdf3.o)
                0x00006450                __aeabi_dmul
                0x00006450                __muldf3
                0x000066a4                __divdf3
                0x000066a4                __aeabi_ddiv
 .text          0x00006874       0x50 c:/program files (x86)/cypress/psoc creator/4.4/psoc creator/import/gnu/arm/5.4.1/bin/../lib/gcc/arm-none-eabi/5.4.1/armv7-m\libgcc.a(_arm_fixdfsi.o)
                0x00006874                __aeabi_d2iz
                0x00006874                __fixdfsi
 .text          0x000068c4       0x40 c:/program files (x86)/cypress/psoc creator/4.4/psoc creator/import/gnu/arm/5.4.1/bin/../lib/gcc/arm-none-eabi/5.4.1/armv7-m\libgcc.a(_arm_fixunsdfsi.o)
                0x000068c4                __aeabi_d2uiz
                0x000068c4                __fixunsdfsi
 .text          0x00006904      0x21c c:/program files (x86)/cypress/psoc creator/4.4/psoc creator/import/gnu/arm/5.4.1/bin/../lib/gcc/arm-none-eabi/5.4.1/armv7-m\libgcc.a(_arm_addsubsf3.o)
                0x00006904                __aeabi_frsub
                0x0000690c                __subsf3
                0x0000690c                __aeabi_fsub
                0x00006910                __aeabi_fadd
                0x00006910                __addsf3
                0x00006a70                __aeabi_ui2f
                0x00006a70                __floatunsisf
                0x00006a78                __aeabi_i2f
                0x00006a78                __floatsisf
                0x00006a94                __aeabi_ul2f
                0x00006a94                __floatundisf
                0x00006aa4                __aeabi_l2f
                0x00006aa4                __floatdisf
 .text          0x00006b20      0x2a0 c:/program files (x86)/cypress/psoc creator/4.4/psoc creator/import/gnu/arm/5.4.1/bin/../lib/gcc/arm-none-eabi/5.4.1/armv7-m\libgcc.a(_arm_muldivsf3.o)
                0x00006b20                __mulsf3
                0x00006b20                __aeabi_fmul
                0x00006c88                __aeabi_fdiv
                0x00006c88                __divsf3
 .text          0x00006dc0       0x4c c:/program files (x86)/cypress/psoc creator/4.4/psoc creator/import/gnu/arm/5.4.1/bin/../lib/gcc/arm-none-eabi/5.4.1/armv7-m\libgcc.a(_arm_fixsfsi.o)
                0x00006dc0                __aeabi_f2iz
                0x00006dc0                __fixsfsi
 .text.__errno  0x00006e0c        0xc c:/program files (x86)/cypress/psoc creator/4.4/psoc creator/import/gnu/arm/5.4.1/bin/../lib/gcc/arm-none-eabi/5.4.1/../../../../arm-none-eabi/lib/armv7-m\libg_nano.a(lib_a-errno.o)
                0x00006e0c                __errno
 .text.__libc_init_array
                0x00006e18       0x4c c:/program files (x86)/cypress/psoc creator/4.4/psoc creator/import/gnu/arm/5.4.1/bin/../lib/gcc/arm-none-eabi/5.4.1/../../../../arm-none-eabi/lib/armv7-m\libg_nano.a(lib_a-init.o)
                0x00006e18                __libc_init_array
 .text.memcpy   0x00006e64       0x16 c:/program files (x86)/cypress/psoc creator/4.4/psoc creator/import/gnu/arm/5.4.1/bin/../lib/gcc/arm-none-eabi/5.4.1/../../../../arm-none-eabi/lib/armv7-m\libg_nano.a(lib_a-memcpy-stub.o)
                0x00006e64                memcpy
 .text.memset   0x00006e7a       0x10 c:/program files (x86)/cypress/psoc creator/4.4/psoc creator/import/gnu/arm/5.4.1/bin/../lib/gcc/arm-none-eabi/5.4.1/../../../../arm-none-eabi/lib/armv7-m\libg_nano.a(lib_a-memset.o)
                0x00006e7a                memset
 *fill*         0x00006e8a        0x2 
 .text.sprintf  0x00006e8c       0x48 c:/program files (x86)/cypress/psoc creator/4.4/psoc creator/import/gnu/arm/5.4.1/bin/../lib/gcc/arm-none-eabi/5.4.1/../../../../arm-none-eabi/lib/armv7-m\libg_nano.a(lib_a-sprintf.o)
                0x00006e8c                siprintf
                0x00006e8c                sprintf
 .text.strncmp  0x00006ed4       0x2a c:/program files (x86)/cypress/psoc creator/4.4/psoc creator/import/gnu/arm/5.4.1/bin/../lib/gcc/arm-none-eabi/5.4.1/../../../../arm-none-eabi/lib/armv7-m\libg_nano.a(lib_a-strncmp.o)
                0x00006ed4                strncmp
 .text.strncpy  0x00006efe       0x26 c:/program files (x86)/cypress/psoc creator/4.4/psoc creator/import/gnu/arm/5.4.1/bin/../lib/gcc/arm-none-eabi/5.4.1/../../../../arm-none-eabi/lib/armv7-m\libg_nano.a(lib_a-strncpy.o)
                0x00006efe                strncpy
 .text.__ssputs_r
                0x00006f24       0xb2 c:/program files (x86)/cypress/psoc creator/4.4/psoc creator/import/gnu/arm/5.4.1/bin/../lib/gcc/arm-none-eabi/5.4.1/../../../../arm-none-eabi/lib/armv7-m\libg_nano.a(lib_a-nano-svfprintf.o)
                0x00006f24                __ssputs_r
 *fill*         0x00006fd6        0x2 
 .text._svfprintf_r
                0x00006fd8      0x1e8 c:/program files (x86)/cypress/psoc creator/4.4/psoc creator/import/gnu/arm/5.4.1/bin/../lib/gcc/arm-none-eabi/5.4.1/../../../../arm-none-eabi/lib/armv7-m\libg_nano.a(lib_a-nano-svfprintf.o)
                0x00006fd8                _svfiprintf_r
                0x00006fd8                _svfprintf_r
 .text._printf_common
                0x000071c0       0xec c:/program files (x86)/cypress/psoc creator/4.4/psoc creator/import/gnu/arm/5.4.1/bin/../lib/gcc/arm-none-eabi/5.4.1/../../../../arm-none-eabi/lib/armv7-m\libg_nano.a(lib_a-nano-vfprintf_i.o)
                0x000071c0                _printf_common
 .text._printf_i
                0x000072ac      0x24c c:/program files (x86)/cypress/psoc creator/4.4/psoc creator/import/gnu/arm/5.4.1/bin/../lib/gcc/arm-none-eabi/5.4.1/../../../../arm-none-eabi/lib/armv7-m\libg_nano.a(lib_a-nano-vfprintf_i.o)
                0x000072ac                _printf_i
 .text.memchr   0x000074f8       0x1c c:/program files (x86)/cypress/psoc creator/4.4/psoc creator/import/gnu/arm/5.4.1/bin/../lib/gcc/arm-none-eabi/5.4.1/../../../../arm-none-eabi/lib/armv7-m\libg_nano.a(lib_a-memchr-stub.o)
                0x000074f8                memchr
 .text.memmove  0x00007514       0x36 c:/program files (x86)/cypress/psoc creator/4.4/psoc creator/import/gnu/arm/5.4.1/bin/../lib/gcc/arm-none-eabi/5.4.1/../../../../arm-none-eabi/lib/armv7-m\libg_nano.a(lib_a-memmove.o)
                0x00007514                memmove
 *fill*         0x0000754a        0x2 
 .text._free_r  0x0000754c       0x98 c:/program files (x86)/cypress/psoc creator/4.4/psoc creator/import/gnu/arm/5.4.1/bin/../lib/gcc/arm-none-eabi/5.4.1/../../../../arm-none-eabi/lib/armv7-m\libg_nano.a(lib_a-nano-freer.o)
                0x0000754c                _free_r
 .text._malloc_r
                0x000075e4       0xbc c:/program files (x86)/cypress/psoc creator/4.4/psoc creator/import/gnu/arm/5.4.1/bin/../lib/gcc/arm-none-eabi/5.4.1/../../../../arm-none-eabi/lib/armv7-m\libg_nano.a(lib_a-nano-mallocr.o)
                0x000075e4                _malloc_r
 .text._realloc_r
                0x000076a0       0x4c c:/program files (x86)/cypress/psoc creator/4.4/psoc creator/import/gnu/arm/5.4.1/bin/../lib/gcc/arm-none-eabi/5.4.1/../../../../arm-none-eabi/lib/armv7-m\libg_nano.a(lib_a-nano-reallocr.o)
                0x000076a0                _realloc_r
 .text._sbrk_r  0x000076ec       0x20 c:/program files (x86)/cypress/psoc creator/4.4/psoc creator/import/gnu/arm/5.4.1/bin/../lib/gcc/arm-none-eabi/5.4.1/../../../../arm-none-eabi/lib/armv7-m\libg_nano.a(lib_a-sbrkr.o)
                0x000076ec                _sbrk_r
 .text.__malloc_lock
                0x0000770c        0x2 c:/program files (x86)/cypress/psoc creator/4.4/psoc creator/import/gnu/arm/5.4.1/bin/../lib/gcc/arm-none-eabi/5.4.1/../../../../arm-none-eabi/lib/armv7-m\libg_nano.a(lib_a-mlock.o)
                0x0000770c                __malloc_lock
 .text.__malloc_unlock
                0x0000770e        0x2 c:/program files (x86)/cypress/psoc creator/4.4/psoc creator/import/gnu/arm/5.4.1/bin/../lib/gcc/arm-none-eabi/5.4.1/../../../../arm-none-eabi/lib/armv7-m\libg_nano.a(lib_a-mlock.o)
                0x0000770e                __malloc_unlock
 .text._malloc_usable_size_r
                0x00007710       0x14 c:/program files (x86)/cypress/psoc creator/4.4/psoc creator/import/gnu/arm/5.4.1/bin/../lib/gcc/arm-none-eabi/5.4.1/../../../../arm-none-eabi/lib/armv7-m\libg_nano.a(lib_a-nano-msizer.o)
                0x00007710                _malloc_usable_size_r
 *(.plt)
 *(.gnu.warning)
 *(.glue_7t)
 .glue_7t       0x00007724        0x0 linker stubs
 *(.glue_7)
 .glue_7        0x00007724        0x0 linker stubs
 *(.vfp11_veneer)
 .vfp11_veneer  0x00007724        0x0 linker stubs
 *(.bootloader)
 *(.ARM.extab* .gnu.linkonce.armextab.*)
 *(.gcc_except_table)

.v4_bx          0x00007724        0x0
 .v4_bx         0x00007724        0x0 linker stubs

.iplt           0x00007724        0x0
 .iplt          0x00007724        0x0 c:/program files (x86)/cypress/psoc creator/4.4/psoc creator/import/gnu/arm/5.4.1/bin/../lib/gcc/arm-none-eabi/5.4.1/armv7-m/crtbegin.o

.eh_frame_hdr
 *(.eh_frame_hdr)

.eh_frame       0x00007724        0x4
 *(.eh_frame)
 .eh_frame      0x00007724        0x0 c:/program files (x86)/cypress/psoc creator/4.4/psoc creator/import/gnu/arm/5.4.1/bin/../lib/gcc/arm-none-eabi/5.4.1/armv7-m/crtbegin.o
 .eh_frame      0x00007724        0x4 c:/program files (x86)/cypress/psoc creator/4.4/psoc creator/import/gnu/arm/5.4.1/bin/../lib/gcc/arm-none-eabi/5.4.1/armv7-m/crtend.o
                [!provide]                PROVIDE (__exidx_start, .)

.ARM.exidx
 *(.ARM.exidx* .gnu.linkonce.armexidx.*)
                0x00007728                __exidx_end = .

.rodata         0x00007728     0x1cc8
 *(.rodata .rodata.* .gnu.linkonce.r.*)
 .rodata.str1.4
                0x00007728       0x34 .\CortexM3\ARM_GCC_541\Debug\main.o
 .rodata.str1.4
                0x0000775c      0x9d1 .\CortexM3\ARM_GCC_541\Debug\AS76.o
                                0x9e5 (size before relaxing)
 *fill*         0x0000812d        0x3 
 .rodata        0x00008130     0x1028 .\CortexM3\ARM_GCC_541\Debug\cyfitter_cfg.o
 .rodata.str1.4
                0x00009158       0x14 .\CortexM3\ARM_GCC_541\Debug\AS76_FFP6.a(USB_std.o)
                                 0x11 (size before relaxing)
 .rodata        0x0000916c      0x21a .\CortexM3\ARM_GCC_541\Debug\AS76_FFP6.a(USB_descr.o)
                0x0000916c                USB_MSOS_CONFIGURATION_DESCR
                0x00009194                USB_MSOS_DESCRIPTOR
                0x000091a8                USB_TABLE
                0x000091b0                USB_DEVICE0_TABLE
                0x000091c8                USB_DEVICE0_CONFIGURATION0_TABLE
                0x000091f0                USB_DEVICE0_CONFIGURATION0_INTERFACE_CLASS
                0x000091f4                USB_DEVICE0_CONFIGURATION0_EP_SETTINGS_TABLE
                0x0000920c                USB_HIDREPORT_DESCRIPTOR1
                0x00009244                USB_SN_STRING_DESCRIPTOR
                0x00009248                USB_STRING_DESCRIPTORS
                0x00009330                USB_DEVICE0_CONFIGURATION0_DESCR
                0x00009374                USB_DEVICE0_DESCR
 .rodata.str1.1
                0x00009386        0x2 c:/program files (x86)/cypress/psoc creator/4.4/psoc creator/import/gnu/arm/5.4.1/bin/../lib/gcc/arm-none-eabi/5.4.1/../../../../arm-none-eabi/lib/armv7-m\libg_nano.a(lib_a-impure.o)
 .rodata.str1.1
                0x00009388       0x11 c:/program files (x86)/cypress/psoc creator/4.4/psoc creator/import/gnu/arm/5.4.1/bin/../lib/gcc/arm-none-eabi/5.4.1/../../../../arm-none-eabi/lib/armv7-m\libg_nano.a(lib_a-nano-svfprintf.o)
 .rodata.str1.1
                0x00009399       0x22 c:/program files (x86)/cypress/psoc creator/4.4/psoc creator/import/gnu/arm/5.4.1/bin/../lib/gcc/arm-none-eabi/5.4.1/../../../../arm-none-eabi/lib/armv7-m\libg_nano.a(lib_a-nano-vfprintf_i.o)
                0x000093bc                . = ALIGN (0x4)
 *fill*         0x000093bb        0x1 
 *(.init)
 .init          0x000093bc        0x4 c:/program files (x86)/cypress/psoc creator/4.4/psoc creator/import/gnu/arm/5.4.1/bin/../lib/gcc/arm-none-eabi/5.4.1/armv7-m/crti.o
                0x000093bc                _init
 .init          0x000093c0        0x8 c:/program files (x86)/cypress/psoc creator/4.4/psoc creator/import/gnu/arm/5.4.1/bin/../lib/gcc/arm-none-eabi/5.4.1/armv7-m/crtn.o
                0x000093c8                . = ALIGN (0x4)
                0x000093c8                __preinit_array_start = .
 *(.preinit_array)
                0x000093c8                __preinit_array_end = .
                0x000093c8                . = ALIGN (0x4)
                0x000093c8                __init_array_start = .
 *(SORT(.init_array.*))
 *(.init_array)
 .init_array    0x000093c8        0x4 c:/program files (x86)/cypress/psoc creator/4.4/psoc creator/import/gnu/arm/5.4.1/bin/../lib/gcc/arm-none-eabi/5.4.1/armv7-m/crtbegin.o
 .init_array    0x000093cc        0x4 .\CortexM3\ARM_GCC_541\Debug\Cm3Start.o
                0x000093d0                __init_array_end = .
                0x000093d0                . = ALIGN (0x4)
 *(.fini)
 .fini          0x000093d0        0x4 c:/program files (x86)/cypress/psoc creator/4.4/psoc creator/import/gnu/arm/5.4.1/bin/../lib/gcc/arm-none-eabi/5.4.1/armv7-m/crti.o
                0x000093d0                _fini
 .fini          0x000093d4        0x8 c:/program files (x86)/cypress/psoc creator/4.4/psoc creator/import/gnu/arm/5.4.1/bin/../lib/gcc/arm-none-eabi/5.4.1/armv7-m/crtn.o
                0x000093dc                . = ALIGN (0x4)
                0x000093dc                __fini_array_start = .
 *(.fini_array)
 .fini_array    0x000093dc        0x4 c:/program files (x86)/cypress/psoc creator/4.4/psoc creator/import/gnu/arm/5.4.1/bin/../lib/gcc/arm-none-eabi/5.4.1/armv7-m/crtbegin.o
 *(SORT(.fini_array.*))
                0x000093e0                __fini_array_end = .
                0x000093e0                . = ALIGN (0x4)
 *crtbegin.o(.ctors)
 *(EXCLUDE_FILE(*crtend.o) .ctors)
 *(SORT(.ctors.*))
 *crtend.o(.ctors)
                0x000093e0                . = ALIGN (0x4)
 *crtbegin.o(.dtors)
 *(EXCLUDE_FILE(*crtend.o) .dtors)
 *(SORT(.dtors.*))
 *crtend.o(.dtors)
                0x000093e0                . = ALIGN (0x4)
                0x000093e0                __cy_regions = .
                0x000093e0        0x4 LONG 0x93f0 __cy_region_init_ram
                0x000093e4        0x4 LONG 0x1fff80c8 __cy_region_start_data
                0x000093e8        0x4 LONG 0xd0 __cy_region_init_size_ram
                0x000093ec        0x4 LONG 0x288 __cy_region_zero_size_ram
                0x000093f0                __cy_regions_end = .
                0x000093f0                . = ALIGN (0x8)
                0x000093f0                _etext = .

.cy_checksum_exclude
                0x000093f0        0x0
 *(.cy_checksum_exclude)

.ramvectors     0x1fff8000       0xc0
                0x1fff8000                __cy_region_start_ram = .
 *(.ramvectors)
 .ramvectors    0x1fff8000       0xc0 .\CortexM3\ARM_GCC_541\Debug\Cm3Start.o
                0x1fff8000                CyRamVectors

.noinit         0x1fff80c0        0x1
 *(.noinit)
 .noinit        0x1fff80c0        0x1 .\CortexM3\ARM_GCC_541\Debug\AS76_FFP6.a(CyLib.o)
                0x1fff80c0                CyResetStatus

.data           0x1fff80c8       0xd0 load address 0x000093f0
                0x1fff80c8                __cy_region_start_data = .
 *(.jcr)
 .jcr           0x1fff80c8        0x0 c:/program files (x86)/cypress/psoc creator/4.4/psoc creator/import/gnu/arm/5.4.1/bin/../lib/gcc/arm-none-eabi/5.4.1/armv7-m/crtbegin.o
 .jcr           0x1fff80c8        0x4 c:/program files (x86)/cypress/psoc creator/4.4/psoc creator/import/gnu/arm/5.4.1/bin/../lib/gcc/arm-none-eabi/5.4.1/armv7-m/crtend.o
 *(.got.plt)
 *(.got)
 *(.shdata)
 *(.data .data.* .gnu.linkonce.d.*)
 .data          0x1fff80cc        0x4 .\CortexM3\ARM_GCC_541\Debug\main.o
                0x1fff80cc                status_t
                0x1fff80cd                status_z
                0x1fff80ce                status_y
                0x1fff80cf                status_x
 .data          0x1fff80d0       0x31 .\CortexM3\ARM_GCC_541\Debug\AS76.o
                0x1fff80d0                PWM_Condenser_comare_value
                0x1fff80e4                Motor_Speed_X
                0x1fff80e8                Motor_Speed_Y
                0x1fff80ec                Motor_Speed_Z
                0x1fff80f0                X_Pitchfactor
                0x1fff80f4                T_Pitchfactor
                0x1fff80f8                Z_Pitchfactor
                0x1fff80fc                Y_Pitchfactor
                0x1fff8100                Time_Out_Error
 *fill*         0x1fff8101        0x3 
 .data          0x1fff8104        0x4 .\CortexM3\ARM_GCC_541\Debug\Cm3Start.o
 .data          0x1fff8108       0x10 .\CortexM3\ARM_GCC_541\Debug\AS76_FFP6.a(CyLib.o)
                0x1fff8108                cydelay_32k_ms
                0x1fff810c                cydelay_freq_khz
                0x1fff8110                cydelay_freq_mhz
                0x1fff8114                cydelay_freq_hz
 .data          0x1fff8118       0x1a .\CortexM3\ARM_GCC_541\Debug\AS76_FFP6.a(USB_cdc.o)
                0x1fff8118                USB_linesCoding
 *fill*         0x1fff8132        0x2 
 .data.impure_data
                0x1fff8134       0x60 c:/program files (x86)/cypress/psoc creator/4.4/psoc creator/import/gnu/arm/5.4.1/bin/../lib/gcc/arm-none-eabi/5.4.1/../../../../arm-none-eabi/lib/armv7-m\libg_nano.a(lib_a-impure.o)
 .data._impure_ptr
                0x1fff8194        0x4 c:/program files (x86)/cypress/psoc creator/4.4/psoc creator/import/gnu/arm/5.4.1/bin/../lib/gcc/arm-none-eabi/5.4.1/../../../../arm-none-eabi/lib/armv7-m\libg_nano.a(lib_a-impure.o)
                0x1fff8194                _impure_ptr
                0x1fff8198                . = ALIGN (0x8)
 *(.ram)
                0x1fff8198                _edata = .

.igot.plt       0x1fff8198        0x0 load address 0x000094c0
 .igot.plt      0x1fff8198        0x0 c:/program files (x86)/cypress/psoc creator/4.4/psoc creator/import/gnu/arm/5.4.1/bin/../lib/gcc/arm-none-eabi/5.4.1/armv7-m/crtbegin.o

.bss            0x1fff8198      0x288 load address 0x000094c0
                0x1fff8198                PROVIDE (__bss_start__, .)
 *(.shbss)
 *(.bss .bss.* .gnu.linkonce.b.*)
 .bss           0x1fff8198       0x1c c:/program files (x86)/cypress/psoc creator/4.4/psoc creator/import/gnu/arm/5.4.1/bin/../lib/gcc/arm-none-eabi/5.4.1/armv7-m/crtbegin.o
 .bss           0x1fff81b4       0x64 .\CortexM3\ARM_GCC_541\Debug\AS76.o
                0x1fff81b4                ms_count
                0x1fff81b6                exit_loop
                0x1fff81b8                EncoderTZSelect
                0x1fff81bc                X_QuadPosition
                0x1fff81c0                Y_QuadPosition
                0x1fff81c4                Z_QuadPosition
                0x1fff81c8                T_QuadPosition
                0x1fff81cc                Buffer_Z_QuadPosition
                0x1fff81d0                Buffer_T_QuadPosition
                0x1fff81d4                print_flag
                0x1fff81d8                PWM_barcode_comare_value
                0x1fff81dc                HomeY_done
                0x1fff81e0                Error
                0x1fff81e4                HomeX_done
                0x1fff81e5                HomeZ_done
                0x1fff81e7                HomeT_done
                0x1fff81e8                HomeX_done_Buffer
                0x1fff81e9                HomeY_done_Buffer
                0x1fff81ea                HomeZ_done_Buffer
                0x1fff81eb                HomeT_done_Buffer
                0x1fff81ec                Input_Position_X_Temp
                0x1fff81f0                Previous_X_Position
                0x1fff81f4                Previous_Y_Position
                0x1fff81f8                Previous_Z_Position
                0x1fff81fc                Position_X_Requested
                0x1fff8200                Position_Y_Requested
                0x1fff8204                Position_Z_Requested
                0x1fff8208                Position_T_Requested
                0x1fff820c                time_ms
                0x1fff8210                oil_speed
                0x1fff8214                oil_dir
 .bss           0x1fff8218        0xc .\CortexM3\ARM_GCC_541\Debug\APA102.o
                0x1fff8218                BnB
                0x1fff821a                GnR
                0x1fff821c                STFB
                0x1fff8220                LedCnt
                0x1fff8221                MaxB
                0x1fff8222                B
                0x1fff8223                j
 .bss           0x1fff8224        0x1 .\CortexM3\ARM_GCC_541\Debug\AS76_FFP6.a(SPIM.o)
                0x1fff8224                SPIM_initVar
 .bss           0x1fff8225        0x1 .\CortexM3\ARM_GCC_541\Debug\AS76_FFP6.a(USB.o)
                0x1fff8225                USB_initVar
 .bss           0x1fff8226        0x1 .\CortexM3\ARM_GCC_541\Debug\AS76_FFP6.a(USB_cdc.o)
 *fill*         0x1fff8227        0x1 
 .bss           0x1fff8228        0x2 .\CortexM3\ARM_GCC_541\Debug\AS76_FFP6.a(USB_std.o)
 .bss           0x1fff822a        0x1 .\CortexM3\ARM_GCC_541\Debug\AS76_FFP6.a(PWM_CondenserLED.o)
                0x1fff822a                PWM_CondenserLED_initVar
 .bss           0x1fff822b        0x1 .\CortexM3\ARM_GCC_541\Debug\AS76_FFP6.a(QuadDec_X.o)
                0x1fff822b                QuadDec_X_initVar
 .bss           0x1fff822c        0x4 .\CortexM3\ARM_GCC_541\Debug\AS76_FFP6.a(QuadDec_X_INT.o)
                0x1fff822c                QuadDec_X_count32SoftPart
 .bss           0x1fff8230        0x1 .\CortexM3\ARM_GCC_541\Debug\AS76_FFP6.a(QuadDec_X_Cnt16.o)
                0x1fff8230                QuadDec_X_Cnt16_initVar
 .bss           0x1fff8231        0x7 .\CortexM3\ARM_GCC_541\Debug\AS76_FFP6.a(UART_PCB_LOG.o)
                0x1fff8231                UART_PCB_LOG_errorStatus
                0x1fff8232                UART_PCB_LOG_initVar
                0x1fff8233                UART_PCB_LOG_rxBufferRead
                0x1fff8234                UART_PCB_LOG_rxBufferWrite
                0x1fff8235                UART_PCB_LOG_rxBufferLoopDetect
                0x1fff8236                UART_PCB_LOG_rxBufferOverflow
 .bss           0x1fff8238        0x1 .\CortexM3\ARM_GCC_541\Debug\AS76_FFP6.a(QuadDec_TZ.o)
                0x1fff8238                QuadDec_TZ_initVar
 *fill*         0x1fff8239        0x3 
 .bss           0x1fff823c        0x4 .\CortexM3\ARM_GCC_541\Debug\AS76_FFP6.a(QuadDec_TZ_INT.o)
                0x1fff823c                QuadDec_TZ_count32SoftPart
 .bss           0x1fff8240        0x1 .\CortexM3\ARM_GCC_541\Debug\AS76_FFP6.a(PWM_Buzzer.o)
                0x1fff8240                PWM_Buzzer_initVar
 .bss           0x1fff8241        0x1 .\CortexM3\ARM_GCC_541\Debug\AS76_FFP6.a(QuadDec_Y.o)
                0x1fff8241                QuadDec_Y_initVar
 *fill*         0x1fff8242        0x2 
 .bss           0x1fff8244        0x4 .\CortexM3\ARM_GCC_541\Debug\AS76_FFP6.a(QuadDec_Y_INT.o)
                0x1fff8244                QuadDec_Y_count32SoftPart
 .bss           0x1fff8248        0x1 .\CortexM3\ARM_GCC_541\Debug\AS76_FFP6.a(PWM_BarcodeCondenser_LED.o)
                0x1fff8248                PWM_BarcodeCondenser_LED_initVar
 .bss           0x1fff8249        0x1 .\CortexM3\ARM_GCC_541\Debug\AS76_FFP6.a(QuadDec_TZ_Cnt16.o)
                0x1fff8249                QuadDec_TZ_Cnt16_initVar
 .bss           0x1fff824a        0x1 .\CortexM3\ARM_GCC_541\Debug\AS76_FFP6.a(QuadDec_Y_Cnt16.o)
                0x1fff824a                QuadDec_Y_Cnt16_initVar
 .bss           0x1fff824b        0x1 .\CortexM3\ARM_GCC_541\Debug\AS76_FFP6.a(wait_timer.o)
                0x1fff824b                wait_timer_initVar
 .bss.__malloc_sbrk_start
                0x1fff824c        0x4 c:/program files (x86)/cypress/psoc creator/4.4/psoc creator/import/gnu/arm/5.4.1/bin/../lib/gcc/arm-none-eabi/5.4.1/../../../../arm-none-eabi/lib/armv7-m\libg_nano.a(lib_a-nano-mallocr.o)
                0x1fff824c                __malloc_sbrk_start
 .bss.__malloc_free_list
                0x1fff8250        0x4 c:/program files (x86)/cypress/psoc creator/4.4/psoc creator/import/gnu/arm/5.4.1/bin/../lib/gcc/arm-none-eabi/5.4.1/../../../../arm-none-eabi/lib/armv7-m\libg_nano.a(lib_a-nano-mallocr.o)
                0x1fff8250                __malloc_free_list
 *(COMMON)
 COMMON         0x1fff8254       0x82 .\CortexM3\ARM_GCC_541\Debug\main.o
                0x1fff8254                Is_Slide_On_Gripper
                0x1fff8258                USB_received
                0x1fff8298                count
                0x1fff829c                USB_transmit
 *fill*         0x1fff82d6        0x2 
 COMMON         0x1fff82d8        0x4 .\CortexM3\ARM_GCC_541\Debug\AS76.o
                0x1fff82d8                command
 COMMON         0x1fff82dc        0x7 .\CortexM3\ARM_GCC_541\Debug\APA102.o
                0x1fff82dc                SPI_RGB_DATA
                0x1fff82e0                i
                0x1fff82e1                G
                0x1fff82e2                R
 *fill*         0x1fff82e3        0x1 
 COMMON         0x1fff82e4       0x18 .\CortexM3\ARM_GCC_541\Debug\AS76_FFP6.a(SPIM.o)
                0x1fff82e4                SPIM_rxBufferFull
                0x1fff82e8                SPIM_txBuffer
                0x1fff82ed                SPIM_swStatusTx
                0x1fff82f0                SPIM_rxBuffer
                0x1fff82f6                SPIM_txBufferFull
                0x1fff82f7                SPIM_txBufferRead
                0x1fff82f8                SPIM_rxBufferWrite
                0x1fff82f9                SPIM_txBufferWrite
                0x1fff82fa                SPIM_rxBufferRead
                0x1fff82fb                SPIM_swStatusRx
 COMMON         0x1fff82fc       0x16 .\CortexM3\ARM_GCC_541\Debug\AS76_FFP6.a(USB_cdc.o)
                0x1fff82fc                USB_linesControlBitmap
                0x1fff8300                USB_cdcCommInInterruptEp
                0x1fff8304                USB_serialStateBitmap
                0x1fff8308                USB_cdcDataOutEp
                0x1fff830c                USB_cdcDataInEp
                0x1fff8310                USB_linesChanged
 *fill*         0x1fff8312        0x2 
 COMMON         0x1fff8314       0x98 .\CortexM3\ARM_GCC_541\Debug\AS76_FFP6.a(USB_drv.o)
                0x1fff8314                USB_transferState
                0x1fff8315                USB_interfaceNumber
                0x1fff8316                USB_lastPacketSize
                0x1fff8318                USB_interfaceClass
                0x1fff831c                USB_interfaceSetting
                0x1fff831e                USB_ep0Mode
                0x1fff831f                USB_device
                0x1fff8320                USB_deviceAddress
                0x1fff8321                USB_ep0Toggle
                0x1fff8324                USB_interfaceSettingLast
                0x1fff8326                USB_configurationChanged
                0x1fff8328                USB_interfaceStatus
                0x1fff832a                USB_transferByteCount
                0x1fff832c                USB_configuration
                0x1fff8330                USB_currentTD
                0x1fff833c                USB_ep0Count
                0x1fff833d                USB_deviceStatus
                0x1fff8340                USB_EP
 COMMON         0x1fff83ac        0xa .\CortexM3\ARM_GCC_541\Debug\AS76_FFP6.a(USB_hid.o)
                0x1fff83ac                USB_hidProtocol
                0x1fff83b0                USB_hidIdleRate
                0x1fff83b4                USB_hidIdleTimer
 *fill*         0x1fff83b6        0x2 
 COMMON         0x1fff83b8       0x40 .\CortexM3\ARM_GCC_541\Debug\AS76_FFP6.a(UART_PCB_LOG.o)
                0x1fff83b8                UART_PCB_LOG_rxBuffer
 COMMON         0x1fff83f8       0x22 .\CortexM3\ARM_GCC_541\Debug\AS76_FFP6.a(USB_descr.o)
                0x1fff83f8                USB_idSerialNumberStringDescriptor
 *fill*         0x1fff841a        0x2 
 COMMON         0x1fff841c        0x4 c:/program files (x86)/cypress/psoc creator/4.4/psoc creator/import/gnu/arm/5.4.1/bin/../lib/gcc/arm-none-eabi/5.4.1/../../../../arm-none-eabi/lib/armv7-m\libg_nano.a(lib_a-reent.o)
                0x1fff841c                errno
                0x1fff8420                . = ALIGN (0x8)
 *(.ram.b)
                0x1fff8420                _end = .
                0x1fff8420                __end = .
                0x1fff8420                PROVIDE (end, .)
                0x1fff8420                PROVIDE (__bss_end__, .)
                0x000093f0                __cy_region_init_ram = LOADADDR (.data)
                0x000000d0                __cy_region_init_size_ram = (_edata - ADDR (.data))
                0x00000288                __cy_region_zero_size_ram = (_end - _edata)

.heap           0x1fff8420       0x80 load address 0x000094c0
                0x1fff8420                . = _end
                0x1fff84a0                . = (. + 0x80)
 *fill*         0x1fff8420       0x80 
                0x1fff84a0                __cy_heap_limit = .

.stack          0x20007800      0x800
                0x20007800                __cy_stack_limit = .
                0x20008000                . = (. + 0x800)
 *fill*         0x20007800      0x800 
                0x00000001                ASSERT ((__cy_stack_limit >= __cy_heap_limit), region RAM overflowed with stack)
                0x00000000                cy_checksum_exclude_size = (CY_APPL_LOADABLE == 0x1)?SIZEOF (.cy_checksum_exclude):0x0
                0x00000001                ASSERT ((cy_checksum_exclude_size <= CY_CHECKSUM_EXCLUDE_SIZE), CY_BOOT: Section .cy_checksum_exclude size exceedes specified limit.)

.cyloadermeta
 *(.cyloadermeta)

.cyloadablemeta
 *(.cyloadablemeta)

.cyconfigecc
 *(.cyconfigecc)

.cycustnvl      0x90000000        0x4
 *(.cycustnvl)
 .cycustnvl     0x90000000        0x4 .\CortexM3\ARM_GCC_541\Debug\cymetadata.o
                0x90000000                cy_meta_custnvl

.cywolatch      0x90100000        0x4
 *(.cywolatch)
 .cywolatch     0x90100000        0x4 .\CortexM3\ARM_GCC_541\Debug\cymetadata.o
                0x90100000                cy_meta_wonvl

.cyeeprom       0x90200000        0x0
 *(.cyeeprom)
                0x00000001                ASSERT ((. <= ((0x90200000 + ee_offset) + ee_size)), .cyeeprom data will not fit in EEPROM)

.cyflashprotect
                0x90400000      0x100
 *(.cyflashprotect)
 .cyflashprotect
                0x90400000      0x100 .\CortexM3\ARM_GCC_541\Debug\cymetadata.o
                0x90400000                cy_meta_flashprotect

.cymeta         0x90500000        0xc
 *(.cymeta)
 .cymeta        0x90500000        0xc .\CortexM3\ARM_GCC_541\Debug\cymetadata.o
                0x90500000                cy_metadata

.rel.dyn        0x000094c0        0x0 load address 0x9050000c
 .rel.iplt      0x000094c0        0x0 c:/program files (x86)/cypress/psoc creator/4.4/psoc creator/import/gnu/arm/5.4.1/bin/../lib/gcc/arm-none-eabi/5.4.1/armv7-m/crtbegin.o

.stab
 *(.stab)

.stabstr
 *(.stabstr)

.debug
 *(.debug)

.line
 *(.line)

.debug_srcinfo
 *(.debug_srcinfo)

.debug_sfnames
 *(.debug_sfnames)

.debug_aranges  0x00000000     0x1770
 *(.debug_aranges)
 .debug_aranges
                0x00000000       0x20 .\CortexM3\ARM_GCC_541\Debug\main.o
 .debug_aranges
                0x00000020      0x1a0 .\CortexM3\ARM_GCC_541\Debug\AS76.o
 .debug_aranges
                0x000001c0       0x48 .\CortexM3\ARM_GCC_541\Debug\APA102.o
 .debug_aranges
                0x00000208       0x60 .\CortexM3\ARM_GCC_541\Debug\cyfitter_cfg.o
 .debug_aranges
                0x00000268       0x18 .\CortexM3\ARM_GCC_541\Debug\cymetadata.o
 .debug_aranges
                0x00000280       0x48 .\CortexM3\ARM_GCC_541\Debug\Cm3Start.o
 .debug_aranges
                0x000002c8       0x38 .\CortexM3\ARM_GCC_541\Debug\AS76_FFP6.a(Pin_CSMotorX.o)
 .debug_aranges
                0x00000300       0x38 .\CortexM3\ARM_GCC_541\Debug\AS76_FFP6.a(Pin_CSMotorY.o)
 .debug_aranges
                0x00000338       0x38 .\CortexM3\ARM_GCC_541\Debug\AS76_FFP6.a(Pin_CSMotorZ.o)
 .debug_aranges
                0x00000370       0xd8 .\CortexM3\ARM_GCC_541\Debug\AS76_FFP6.a(SPIM.o)
 .debug_aranges
                0x00000448       0x28 .\CortexM3\ARM_GCC_541\Debug\AS76_FFP6.a(SPIM_INT.o)
 .debug_aranges
                0x00000470      0x2a0 .\CortexM3\ARM_GCC_541\Debug\AS76_FFP6.a(CyLib.o)
 .debug_aranges
                0x00000710       0x98 .\CortexM3\ARM_GCC_541\Debug\AS76_FFP6.a(cyPm.o)
 .debug_aranges
                0x000007a8       0xc8 .\CortexM3\ARM_GCC_541\Debug\AS76_FFP6.a(USB.o)
 .debug_aranges
                0x00000870       0xe8 .\CortexM3\ARM_GCC_541\Debug\AS76_FFP6.a(USB_cdc.o)
 .debug_aranges
                0x00000958       0x98 .\CortexM3\ARM_GCC_541\Debug\AS76_FFP6.a(USB_drv.o)
 .debug_aranges
                0x000009f0       0x40 .\CortexM3\ARM_GCC_541\Debug\AS76_FFP6.a(USB_episr.o)
 .debug_aranges
                0x00000a30       0x48 .\CortexM3\ARM_GCC_541\Debug\AS76_FFP6.a(USB_hid.o)
 .debug_aranges
                0x00000a78       0x40 .\CortexM3\ARM_GCC_541\Debug\AS76_FFP6.a(USB_pm.o)
 .debug_aranges
                0x00000ab8       0x80 .\CortexM3\ARM_GCC_541\Debug\AS76_FFP6.a(USB_std.o)
 .debug_aranges
                0x00000b38       0x20 .\CortexM3\ARM_GCC_541\Debug\AS76_FFP6.a(USB_vnd.o)
 .debug_aranges
                0x00000b58       0x48 .\CortexM3\ARM_GCC_541\Debug\AS76_FFP6.a(USB_Dp.o)
 .debug_aranges
                0x00000ba0       0x78 .\CortexM3\ARM_GCC_541\Debug\AS76_FFP6.a(PWM_CondenserLED.o)
 .debug_aranges
                0x00000c18       0x70 .\CortexM3\ARM_GCC_541\Debug\AS76_FFP6.a(SPIM_IntClock.o)
 .debug_aranges
                0x00000c88       0x60 .\CortexM3\ARM_GCC_541\Debug\AS76_FFP6.a(QuadDec_X.o)
 .debug_aranges
                0x00000ce8       0x20 .\CortexM3\ARM_GCC_541\Debug\AS76_FFP6.a(QuadDec_X_INT.o)
 .debug_aranges
                0x00000d08       0x98 .\CortexM3\ARM_GCC_541\Debug\AS76_FFP6.a(QuadDec_X_Cnt16.o)
 .debug_aranges
                0x00000da0       0xf0 .\CortexM3\ARM_GCC_541\Debug\AS76_FFP6.a(UART_PCB_LOG.o)
 .debug_aranges
                0x00000e90       0x20 .\CortexM3\ARM_GCC_541\Debug\AS76_FFP6.a(UART_PCB_LOG_INT.o)
 .debug_aranges
                0x00000eb0       0x70 .\CortexM3\ARM_GCC_541\Debug\AS76_FFP6.a(UART_PCB_LOG_IntClock.o)
 .debug_aranges
                0x00000f20       0x38 .\CortexM3\ARM_GCC_541\Debug\AS76_FFP6.a(Pin_Backlight.o)
 .debug_aranges
                0x00000f58       0x38 .\CortexM3\ARM_GCC_541\Debug\AS76_FFP6.a(LED2.o)
 .debug_aranges
                0x00000f90       0x38 .\CortexM3\ARM_GCC_541\Debug\AS76_FFP6.a(Pin_CSMotorO.o)
 .debug_aranges
                0x00000fc8       0x38 .\CortexM3\ARM_GCC_541\Debug\AS76_FFP6.a(Pin_CSMotorT.o)
 .debug_aranges
                0x00001000       0x60 .\CortexM3\ARM_GCC_541\Debug\AS76_FFP6.a(QuadDec_TZ.o)
 .debug_aranges
                0x00001060       0x20 .\CortexM3\ARM_GCC_541\Debug\AS76_FFP6.a(QuadDec_TZ_INT.o)
 .debug_aranges
                0x00001080       0x78 .\CortexM3\ARM_GCC_541\Debug\AS76_FFP6.a(PWM_Buzzer.o)
 .debug_aranges
                0x000010f8       0x60 .\CortexM3\ARM_GCC_541\Debug\AS76_FFP6.a(QuadDec_Y.o)
 .debug_aranges
                0x00001158       0x20 .\CortexM3\ARM_GCC_541\Debug\AS76_FFP6.a(QuadDec_Y_INT.o)
 .debug_aranges
                0x00001178       0x78 .\CortexM3\ARM_GCC_541\Debug\AS76_FFP6.a(PWM_BarcodeCondenser_LED.o)
 .debug_aranges
                0x000011f0       0x38 .\CortexM3\ARM_GCC_541\Debug\AS76_FFP6.a(LED3.o)
 .debug_aranges
                0x00001228       0x28 .\CortexM3\ARM_GCC_541\Debug\AS76_FFP6.a(Encoder_T_Z_Select.o)
 .debug_aranges
                0x00001250       0x38 .\CortexM3\ARM_GCC_541\Debug\AS76_FFP6.a(TMC5160_MotorX_EN.o)
 .debug_aranges
                0x00001288       0x38 .\CortexM3\ARM_GCC_541\Debug\AS76_FFP6.a(TMC5160_MotorY_EN.o)
 .debug_aranges
                0x000012c0       0x38 .\CortexM3\ARM_GCC_541\Debug\AS76_FFP6.a(TMC5160_MotorZ_EN.o)
 .debug_aranges
                0x000012f8       0x38 .\CortexM3\ARM_GCC_541\Debug\AS76_FFP6.a(TMC5160_MotorT_EN.o)
 .debug_aranges
                0x00001330       0x38 .\CortexM3\ARM_GCC_541\Debug\AS76_FFP6.a(TMC5160_MotorO_EN.o)
 .debug_aranges
                0x00001368       0x98 .\CortexM3\ARM_GCC_541\Debug\AS76_FFP6.a(QuadDec_TZ_Cnt16.o)
 .debug_aranges
                0x00001400       0x98 .\CortexM3\ARM_GCC_541\Debug\AS76_FFP6.a(QuadDec_Y_Cnt16.o)
 .debug_aranges
                0x00001498       0x88 .\CortexM3\ARM_GCC_541\Debug\AS76_FFP6.a(wait_timer.o)
 .debug_aranges
                0x00001520       0x80 .\CortexM3\ARM_GCC_541\Debug\AS76_FFP6.a(wait_interrupt.o)
 .debug_aranges
                0x000015a0       0x38 .\CortexM3\ARM_GCC_541\Debug\AS76_FFP6.a(Pin_SDO_RGB.o)
 .debug_aranges
                0x000015d8       0x38 .\CortexM3\ARM_GCC_541\Debug\AS76_FFP6.a(Pin_Clock_RGB.o)
 .debug_aranges
                0x00001610       0x20 .\CortexM3\ARM_GCC_541\Debug\AS76_FFP6.a(CyBootAsmGnu.o)
 .debug_aranges
                0x00001630       0x88 .\CortexM3\ARM_GCC_541\Debug\AS76_FFP6.a(CyFlash.o)
 .debug_aranges
                0x000016b8       0x80 .\CortexM3\ARM_GCC_541\Debug\AS76_FFP6.a(CySpc.o)
 .debug_aranges
                0x00001738       0x20 .\CortexM3\ARM_GCC_541\Debug\AS76_FFP6.a(USB_cls.o)
 .debug_aranges
                0x00001758       0x18 .\CortexM3\ARM_GCC_541\Debug\AS76_FFP6.a(USB_descr.o)

.debug_pubnames
 *(.debug_pubnames)

.debug_info     0x00000000    0x126c9
 *(.debug_info .gnu.linkonce.wi.*)
 .debug_info    0x00000000      0x571 .\CortexM3\ARM_GCC_541\Debug\main.o
 .debug_info    0x00000571     0x544f .\CortexM3\ARM_GCC_541\Debug\AS76.o
 .debug_info    0x000059c0     0x134e .\CortexM3\ARM_GCC_541\Debug\APA102.o
 .debug_info    0x00006d0e      0x7ff .\CortexM3\ARM_GCC_541\Debug\cyfitter_cfg.o
 .debug_info    0x0000750d      0x10e .\CortexM3\ARM_GCC_541\Debug\cymetadata.o
 .debug_info    0x0000761b      0x3bb .\CortexM3\ARM_GCC_541\Debug\Cm3Start.o
 .debug_info    0x000079d6      0x11f .\CortexM3\ARM_GCC_541\Debug\AS76_FFP6.a(Pin_CSMotorX.o)
 .debug_info    0x00007af5      0x11f .\CortexM3\ARM_GCC_541\Debug\AS76_FFP6.a(Pin_CSMotorY.o)
 .debug_info    0x00007c14      0x11f .\CortexM3\ARM_GCC_541\Debug\AS76_FFP6.a(Pin_CSMotorZ.o)
 .debug_info    0x00007d33      0x719 .\CortexM3\ARM_GCC_541\Debug\AS76_FFP6.a(SPIM.o)
 .debug_info    0x0000844c      0x19d .\CortexM3\ARM_GCC_541\Debug\AS76_FFP6.a(SPIM_INT.o)
 .debug_info    0x000085e9     0x1374 .\CortexM3\ARM_GCC_541\Debug\AS76_FFP6.a(CyLib.o)
 .debug_info    0x0000995d      0xa2a .\CortexM3\ARM_GCC_541\Debug\AS76_FFP6.a(cyPm.o)
 .debug_info    0x0000a387      0x9c1 .\CortexM3\ARM_GCC_541\Debug\AS76_FFP6.a(USB.o)
 .debug_info    0x0000ad48      0xaf7 .\CortexM3\ARM_GCC_541\Debug\AS76_FFP6.a(USB_cdc.o)
 .debug_info    0x0000b83f      0x655 .\CortexM3\ARM_GCC_541\Debug\AS76_FFP6.a(USB_drv.o)
 .debug_info    0x0000be94      0x254 .\CortexM3\ARM_GCC_541\Debug\AS76_FFP6.a(USB_episr.o)
 .debug_info    0x0000c0e8      0x43b .\CortexM3\ARM_GCC_541\Debug\AS76_FFP6.a(USB_hid.o)
 .debug_info    0x0000c523      0x2e4 .\CortexM3\ARM_GCC_541\Debug\AS76_FFP6.a(USB_pm.o)
 .debug_info    0x0000c807      0xb36 .\CortexM3\ARM_GCC_541\Debug\AS76_FFP6.a(USB_std.o)
 .debug_info    0x0000d33d      0x1be .\CortexM3\ARM_GCC_541\Debug\AS76_FFP6.a(USB_vnd.o)
 .debug_info    0x0000d4fb      0x174 .\CortexM3\ARM_GCC_541\Debug\AS76_FFP6.a(USB_Dp.o)
 .debug_info    0x0000d66f      0x27e .\CortexM3\ARM_GCC_541\Debug\AS76_FFP6.a(PWM_CondenserLED.o)
 .debug_info    0x0000d8ed      0x283 .\CortexM3\ARM_GCC_541\Debug\AS76_FFP6.a(SPIM_IntClock.o)
 .debug_info    0x0000db70      0x357 .\CortexM3\ARM_GCC_541\Debug\AS76_FFP6.a(QuadDec_X.o)
 .debug_info    0x0000dec7       0xf3 .\CortexM3\ARM_GCC_541\Debug\AS76_FFP6.a(QuadDec_X_INT.o)
 .debug_info    0x0000dfba      0x348 .\CortexM3\ARM_GCC_541\Debug\AS76_FFP6.a(QuadDec_X_Cnt16.o)
 .debug_info    0x0000e302      0x72d .\CortexM3\ARM_GCC_541\Debug\AS76_FFP6.a(UART_PCB_LOG.o)
 .debug_info    0x0000ea2f      0x14c .\CortexM3\ARM_GCC_541\Debug\AS76_FFP6.a(UART_PCB_LOG_INT.o)
 .debug_info    0x0000eb7b      0x283 .\CortexM3\ARM_GCC_541\Debug\AS76_FFP6.a(UART_PCB_LOG_IntClock.o)
 .debug_info    0x0000edfe      0x11f .\CortexM3\ARM_GCC_541\Debug\AS76_FFP6.a(Pin_Backlight.o)
 .debug_info    0x0000ef1d      0x11f .\CortexM3\ARM_GCC_541\Debug\AS76_FFP6.a(LED2.o)
 .debug_info    0x0000f03c      0x11f .\CortexM3\ARM_GCC_541\Debug\AS76_FFP6.a(Pin_CSMotorO.o)
 .debug_info    0x0000f15b      0x11f .\CortexM3\ARM_GCC_541\Debug\AS76_FFP6.a(Pin_CSMotorT.o)
 .debug_info    0x0000f27a      0x357 .\CortexM3\ARM_GCC_541\Debug\AS76_FFP6.a(QuadDec_TZ.o)
 .debug_info    0x0000f5d1       0xf3 .\CortexM3\ARM_GCC_541\Debug\AS76_FFP6.a(QuadDec_TZ_INT.o)
 .debug_info    0x0000f6c4      0x27f .\CortexM3\ARM_GCC_541\Debug\AS76_FFP6.a(PWM_Buzzer.o)
 .debug_info    0x0000f943      0x357 .\CortexM3\ARM_GCC_541\Debug\AS76_FFP6.a(QuadDec_Y.o)
 .debug_info    0x0000fc9a       0xf3 .\CortexM3\ARM_GCC_541\Debug\AS76_FFP6.a(QuadDec_Y_INT.o)
 .debug_info    0x0000fd8d      0x27e .\CortexM3\ARM_GCC_541\Debug\AS76_FFP6.a(PWM_BarcodeCondenser_LED.o)
 .debug_info    0x0001000b      0x11f .\CortexM3\ARM_GCC_541\Debug\AS76_FFP6.a(LED3.o)
 .debug_info    0x0001012a       0xd6 .\CortexM3\ARM_GCC_541\Debug\AS76_FFP6.a(Encoder_T_Z_Select.o)
 .debug_info    0x00010200      0x11f .\CortexM3\ARM_GCC_541\Debug\AS76_FFP6.a(TMC5160_MotorX_EN.o)
 .debug_info    0x0001031f      0x11f .\CortexM3\ARM_GCC_541\Debug\AS76_FFP6.a(TMC5160_MotorY_EN.o)
 .debug_info    0x0001043e      0x11f .\CortexM3\ARM_GCC_541\Debug\AS76_FFP6.a(TMC5160_MotorZ_EN.o)
 .debug_info    0x0001055d      0x11f .\CortexM3\ARM_GCC_541\Debug\AS76_FFP6.a(TMC5160_MotorT_EN.o)
 .debug_info    0x0001067c      0x11f .\CortexM3\ARM_GCC_541\Debug\AS76_FFP6.a(TMC5160_MotorO_EN.o)
 .debug_info    0x0001079b      0x348 .\CortexM3\ARM_GCC_541\Debug\AS76_FFP6.a(QuadDec_TZ_Cnt16.o)
 .debug_info    0x00010ae3      0x348 .\CortexM3\ARM_GCC_541\Debug\AS76_FFP6.a(QuadDec_Y_Cnt16.o)
 .debug_info    0x00010e2b      0x295 .\CortexM3\ARM_GCC_541\Debug\AS76_FFP6.a(wait_timer.o)
 .debug_info    0x000110c0      0x2d2 .\CortexM3\ARM_GCC_541\Debug\AS76_FFP6.a(wait_interrupt.o)
 .debug_info    0x00011392      0x11f .\CortexM3\ARM_GCC_541\Debug\AS76_FFP6.a(Pin_SDO_RGB.o)
 .debug_info    0x000114b1      0x11f .\CortexM3\ARM_GCC_541\Debug\AS76_FFP6.a(Pin_Clock_RGB.o)
 .debug_info    0x000115d0       0x92 .\CortexM3\ARM_GCC_541\Debug\AS76_FFP6.a(CyBootAsmGnu.o)
 .debug_info    0x00011662      0x62d .\CortexM3\ARM_GCC_541\Debug\AS76_FFP6.a(CyFlash.o)
 .debug_info    0x00011c8f      0x53c .\CortexM3\ARM_GCC_541\Debug\AS76_FFP6.a(CySpc.o)
 .debug_info    0x000121cb      0x1f2 .\CortexM3\ARM_GCC_541\Debug\AS76_FFP6.a(USB_cls.o)