Archive member included to satisfy reference by file (symbol)

.\CortexM3\ARM_GCC_541\Debug\AS76_FFP6.a(Pin_CSMotorX.o)
                              .\CortexM3\ARM_GCC_541\Debug\AS76.o (Pin_CSMotorX_Write)
.\CortexM3\ARM_GCC_541\Debug\AS76_FFP6.a(Pin_CSMotorY.o)
                              .\CortexM3\ARM_GCC_541\Debug\AS76.o (Pin_CSMotorY_Write)
.\CortexM3\ARM_GCC_541\Debug\AS76_FFP6.a(Pin_CSMotorZ.o)
                              .\CortexM3\ARM_GCC_541\Debug\AS76.o (Pin_CSMotorZ_Write)
.\CortexM3\ARM_GCC_541\Debug\AS76_FFP6.a(SPIM.o)
                              .\CortexM3\ARM_GCC_541\Debug\AS76.o (SPIM_WriteTxData)
.\CortexM3\ARM_GCC_541\Debug\AS76_FFP6.a(SPIM_INT.o)
                              .\CortexM3\ARM_GCC_541\Debug\AS76_FFP6.a(SPIM.o) (SPIM_TX_ISR)
.\CortexM3\ARM_GCC_541\Debug\AS76_FFP6.a(CyLib.o)
                              .\CortexM3\ARM_GCC_541\Debug\Cm3Start.o (CyHalt)
.\CortexM3\ARM_GCC_541\Debug\AS76_FFP6.a(cyPm.o)
                              .\CortexM3\ARM_GCC_541\Debug\AS76_FFP6.a(CyLib.o) (CyPmReadStatus)
.\CortexM3\ARM_GCC_541\Debug\AS76_FFP6.a(USB.o)
                              .\CortexM3\ARM_GCC_541\Debug\AS76.o (USB_Start)
.\CortexM3\ARM_GCC_541\Debug\AS76_FFP6.a(USB_cdc.o)
                              .\CortexM3\ARM_GCC_541\Debug\AS76.o (USB_CDC_Init)
.\CortexM3\ARM_GCC_541\Debug\AS76_FFP6.a(USB_drv.o)
                              .\CortexM3\ARM_GCC_541\Debug\AS76_FFP6.a(USB.o) (USB_lastPacketSize)
.\CortexM3\ARM_GCC_541\Debug\AS76_FFP6.a(USB_episr.o)
                              .\CortexM3\ARM_GCC_541\Debug\AS76_FFP6.a(USB.o) (USB_EP_1_ISR)
.\CortexM3\ARM_GCC_541\Debug\AS76_FFP6.a(USB_hid.o)
                              .\CortexM3\ARM_GCC_541\Debug\AS76_FFP6.a(USB.o) (USB_hidProtocol)
.\CortexM3\ARM_GCC_541\Debug\AS76_FFP6.a(USB_pm.o)
                              .\CortexM3\ARM_GCC_541\Debug\AS76_FFP6.a(USB.o) (USB_DP_ISR)
.\CortexM3\ARM_GCC_541\Debug\AS76_FFP6.a(USB_std.o)
                              .\CortexM3\ARM_GCC_541\Debug\AS76_FFP6.a(USB_pm.o) (USB_ConfigReg)
.\CortexM3\ARM_GCC_541\Debug\AS76_FFP6.a(USB_vnd.o)
                              .\CortexM3\ARM_GCC_541\Debug\AS76_FFP6.a(USB_drv.o) (USB_HandleVendorRqst)
.\CortexM3\ARM_GCC_541\Debug\AS76_FFP6.a(USB_Dp.o)
                              .\CortexM3\ARM_GCC_541\Debug\AS76_FFP6.a(USB.o) (USB_Dp_ClearInterrupt)
.\CortexM3\ARM_GCC_541\Debug\AS76_FFP6.a(PWM_CondenserLED.o)
                              .\CortexM3\ARM_GCC_541\Debug\AS76.o (PWM_CondenserLED_WriteCompare)
.\CortexM3\ARM_GCC_541\Debug\AS76_FFP6.a(SPIM_IntClock.o)
                              .\CortexM3\ARM_GCC_541\Debug\AS76_FFP6.a(SPIM.o) (SPIM_IntClock_Start)
.\CortexM3\ARM_GCC_541\Debug\AS76_FFP6.a(QuadDec_X.o)
                              .\CortexM3\ARM_GCC_541\Debug\AS76.o (QuadDec_X_GetCounter)
.\CortexM3\ARM_GCC_541\Debug\AS76_FFP6.a(QuadDec_X_INT.o)
                              .\CortexM3\ARM_GCC_541\Debug\AS76_FFP6.a(QuadDec_X.o) (QuadDec_X_ISR)
.\CortexM3\ARM_GCC_541\Debug\AS76_FFP6.a(QuadDec_X_Cnt16.o)
                              .\CortexM3\ARM_GCC_541\Debug\AS76_FFP6.a(QuadDec_X.o) (QuadDec_X_Cnt16_Stop)
.\CortexM3\ARM_GCC_541\Debug\AS76_FFP6.a(UART_PCB_LOG.o)
                              .\CortexM3\ARM_GCC_541\Debug\main.o (UART_PCB_LOG_Start)
.\CortexM3\ARM_GCC_541\Debug\AS76_FFP6.a(UART_PCB_LOG_INT.o)
                              .\CortexM3\ARM_GCC_541\Debug\AS76_FFP6.a(UART_PCB_LOG.o) (UART_PCB_LOG_RXISR)
.\CortexM3\ARM_GCC_541\Debug\AS76_FFP6.a(UART_PCB_LOG_IntClock.o)
                              .\CortexM3\ARM_GCC_541\Debug\AS76_FFP6.a(UART_PCB_LOG.o) (UART_PCB_LOG_IntClock_Start)
.\CortexM3\ARM_GCC_541\Debug\AS76_FFP6.a(Pin_Backlight.o)
                              .\CortexM3\ARM_GCC_541\Debug\AS76.o (Pin_Backlight_Write)
.\CortexM3\ARM_GCC_541\Debug\AS76_FFP6.a(LED2.o)
                              .\CortexM3\ARM_GCC_541\Debug\main.o (LED2_Write)
.\CortexM3\ARM_GCC_541\Debug\AS76_FFP6.a(Pin_CSMotorO.o)
                              .\CortexM3\ARM_GCC_541\Debug\AS76.o (Pin_CSMotorO_Write)
.\CortexM3\ARM_GCC_541\Debug\AS76_FFP6.a(Pin_CSMotorT.o)
                              .\CortexM3\ARM_GCC_541\Debug\AS76.o (Pin_CSMotorT_Write)
.\CortexM3\ARM_GCC_541\Debug\AS76_FFP6.a(QuadDec_TZ.o)
                              .\CortexM3\ARM_GCC_541\Debug\AS76.o (QuadDec_TZ_GetCounter)
.\CortexM3\ARM_GCC_541\Debug\AS76_FFP6.a(QuadDec_TZ_INT.o)
                              .\CortexM3\ARM_GCC_541\Debug\AS76_FFP6.a(QuadDec_TZ.o) (QuadDec_TZ_ISR)
.\CortexM3\ARM_GCC_541\Debug\AS76_FFP6.a(PWM_Buzzer.o)
                              .\CortexM3\ARM_GCC_541\Debug\AS76.o (PWM_Buzzer_WriteCompare)
.\CortexM3\ARM_GCC_541\Debug\AS76_FFP6.a(QuadDec_Y.o)
                              .\CortexM3\ARM_GCC_541\Debug\AS76.o (QuadDec_Y_GetCounter)
.\CortexM3\ARM_GCC_541\Debug\AS76_FFP6.a(QuadDec_Y_INT.o)
                              .\CortexM3\ARM_GCC_541\Debug\AS76_FFP6.a(QuadDec_Y.o) (QuadDec_Y_ISR)
[...]
Memory Configuration

Name             Origin             Length             Attributes
rom              0x00000000         0x00040000         xr
ram              0x1fff8000         0x00010000         xrw
*default*        0x00000000         0xffffffff

Linker script and memory map

LOAD c:/program files (x86)/cypress/psoc creator/4.4/psoc creator/import/gnu/arm/5.4.1/bin/../lib/gcc/arm-none-eabi/5.4.1/armv7-m/crti.o
LOAD c:/program files (x86)/cypress/psoc creator/4.4/psoc creator/import/gnu/arm/5.4.1/bin/../lib/gcc/arm-none-eabi/5.4.1/armv7-m/crtbegin.o
LOAD c:/program files (x86)/cypress/psoc creator/4.4/psoc creator/import/gnu/arm/5.4.1/bin/../lib/gcc/arm-none-eabi/5.4.1/../../../../arm-none-eabi/lib/armv7-m/crt0.o
START GROUP
LOAD .\CortexM3\ARM_GCC_541\Debug\main.o
LOAD .\CortexM3\ARM_GCC_541\Debug\AS76.o
LOAD .\CortexM3\ARM_GCC_541\Debug\APA102.o
LOAD .\CortexM3\ARM_GCC_541\Debug\cyfitter_cfg.o
LOAD .\CortexM3\ARM_GCC_541\Debug\cymetadata.o
LOAD .\CortexM3\ARM_GCC_541\Debug\Cm3Start.o
LOAD .\CortexM3\ARM_GCC_541\Debug\AS76_FFP6.a
LOAD C:\Program Files (x86)\Cypress\PSoC Creator\4.4\PSoC Creator\psoc\content\cycomponentlibrary\CyComponentLibrary.cylib\CortexM3\ARM_GCC_541\Debug\CyComponentLibrary.a
LOAD c:/program files (x86)/cypress/psoc creator/4.4/psoc creator/import/gnu/arm/5.4.1/bin/../lib/gcc/arm-none-eabi/5.4.1/../../../../arm-none-eabi/lib/armv7-m\libm.a
END GROUP
START GROUP
LOAD c:/program files (x86)/cypress/psoc creator/4.4/psoc creator/import/gnu/arm/5.4.1/bin/../lib/gcc/arm-none-eabi/5.4.1/armv7-m\libgcc.a
LOAD c:/program files (x86)/cypress/psoc creator/4.4/psoc creator/import/gnu/arm/5.4.1/bin/../lib/gcc/arm-none-eabi/5.4.1/../../../../arm-none-eabi/lib/armv7-m\libg_nano.a
LOAD c:/program files (x86)/cypress/psoc creator/4.4/psoc creator/import/gnu/arm/5.4.1/bin/../lib/gcc/arm-none-eabi/5.4.1/../../../../arm-none-eabi/lib/armv7-m\libc_nano.a
END GROUP
START GROUP
LOAD c:/program files (x86)/cypress/psoc creator/4.4/psoc creator/import/gnu/arm/5.4.1/bin/../lib/gcc/arm-none-eabi/5.4.1/armv7-m\libgcc.a
LOAD c:/program files (x86)/cypress/psoc creator/4.4/psoc creator/import/gnu/arm/5.4.1/bin/../lib/gcc/arm-none-eabi/5.4.1/../../../../arm-none-eabi/lib/armv7-m\libc_nano.a
END GROUP
LOAD c:/program files (x86)/cypress/psoc creator/4.4/psoc creator/import/gnu/arm/5.4.1/bin/../lib/gcc/arm-none-eabi/5.4.1/armv7-m/crtend.o
LOAD c:/program files (x86)/cypress/psoc creator/4.4/psoc creator/import/gnu/arm/5.4.1/bin/../lib/gcc/arm-none-eabi/5.4.1/armv7-m/crtn.o
START GROUP
LOAD c:/program files (x86)/cypress/psoc creator/4.4/psoc creator/import/gnu/arm/5.4.1/bin/../lib/gcc/arm-none-eabi/5.4.1/armv7-m\libgcc.a
LOAD c:/program files (x86)/cypress/psoc creator/4.4/psoc creator/import/gnu/arm/5.4.1/bin/../lib/gcc/arm-none-eabi/5.4.1/../../../../arm-none-eabi/lib/armv7-m\libc.a
LOAD c:/program files (x86)/cypress/psoc creator/4.4/psoc creator/import/gnu/arm/5.4.1/bin/../lib/gcc/arm-none-eabi/5.4.1/../../../../arm-none-eabi/lib/armv7-m\libnosys.a
END GROUP
                0x00000000                CY_APPL_ORIGIN = 0x0
                0x00000100                CY_FLASH_ROW_SIZE = 0x100
                0x00000020                CY_ECC_ROW_SIZE = 0x20
                0x00000000                CY_EE_IN_BTLDR = 0x0
                0x00000000                CY_APPL_LOADABLE = 0x0
                0x00000800                CY_EE_SIZE = 0x800
                0x00000001                CY_APPL_NUM = 0x1
                0x00000001                CY_APPL_MAX = 0x1
                0x00000040                CY_METADATA_SIZE = 0x40
                0x00000000                CY_APPL_LOADABLE = 0x0
                0x00000000                CY_CHECKSUM_EXCLUDE_SIZE = ALIGN (0x0, CY_FLASH_ROW_SIZE)
                [!provide]                PROVIDE (__cy_heap_start, _end)
                0x00000001                PROVIDE (__cy_region_num, ((__cy_regions_end - __cy_regions) / 0x10))
                0x20008000                PROVIDE (__cy_stack, (ORIGIN (ram) + LENGTH (ram)))
                [!provide]                PROVIDE (__cy_heap_end, (__cy_stack - 0x800))

.cybootloader   0x00000000        0x0
 *(.cybootloader)
                0x00000000                appl1_start = CY_APPL_ORIGIN?CY_APPL_ORIGIN:ALIGN (CY_FLASH_ROW_SIZE)
                0x0001ff00                appl2_start = (appl1_start + ALIGN ((((LENGTH (rom) - appl1_start) - (0x2 * CY_FLASH_ROW_SIZE)) / 0x2), CY_FLASH_ROW_SIZE))
                0x00000000                appl_start = (CY_APPL_NUM == 0x1)?appl1_start:appl2_start
                0x00000000                ecc_offset = ((appl_start / CY_FLASH_ROW_SIZE) * CY_ECC_ROW_SIZE)
                0x00000000                ee_offset = (CY_APPL_LOADABLE && ! (CY_EE_IN_BTLDR))?((CY_EE_SIZE / CY_APPL_MAX) * (CY_APPL_NUM - 0x1)):0x0
                0x00000800                ee_size = (CY_APPL_LOADABLE && ! (CY_EE_IN_BTLDR))?(CY_EE_SIZE / CY_APPL_MAX):CY_EE_SIZE
                [!provide]                PROVIDE (CY_ECC_OFFSET, ecc_offset)

.text           0x00000000     0x72fc
 CREATE_OBJECT_SYMBOLS
                0x00000000                PROVIDE (__cy_interrupt_vector, RomVectors)
 *(.romvectors)
 .romvectors    0x00000000       0x10 .\CortexM3\ARM_GCC_541\Debug\Cm3Start.o
                0x00000000                RomVectors
                0x00000001                ASSERT ((. != __cy_interrupt_vector), No interrupt vector)
                0x00000001                ASSERT (CY_APPL_ORIGIN?(SIZEOF (.cybootloader) <= CY_APPL_ORIGIN):0x1, Wrong image location)
                0x00000010                PROVIDE (__cy_reset, Reset)
 *(.text.Reset)
 .text.Reset    0x00000010       0x18 .\CortexM3\ARM_GCC_541\Debug\Cm3Start.o
                0x00000010                Reset
                0x00000001                ASSERT ((. != __cy_reset), No reset code)
 *(.dma_init)
                0x00000001                ASSERT ((((appl_start + .) <= 0x10000) || 0x1), DMA Init must be within the first 64k of flash)
 *(.text .text.* .gnu.linkonce.t.*)
 .text          0x00000028       0x5c c:/program files (x86)/cypress/psoc creator/4.4/psoc creator/import/gnu/arm/5.4.1/bin/../lib/gcc/arm-none-eabi/5.4.1/armv7-m/crtbegin.o
 .text.main     0x00000084      0x108 .\CortexM3\ARM_GCC_541\Debug\main.o
                0x00000084                main
 .text.wait_interrupt_Handler
                0x0000018c       0x24 .\CortexM3\ARM_GCC_541\Debug\AS76.o
                0x0000018c                wait_interrupt_Handler
 .text.Initialize_PWM
                0x000001b0       0x50 .\CortexM3\ARM_GCC_541\Debug\AS76.o
                0x000001b0                Initialize_PWM
 .text.Enable_Encoder_T
                0x00000200       0x18 .\CortexM3\ARM_GCC_541\Debug\AS76.o
                0x00000200                Enable_Encoder_T
 .text.Enable_Encoder_Z
                0x00000218       0x18 .\CortexM3\ARM_GCC_541\Debug\AS76.o
                0x00000218                Enable_Encoder_Z
 .text.Initialize_And_Start_All_Opt_Encoder
                0x00000230       0x2c .\CortexM3\ARM_GCC_541\Debug\AS76.o
                0x00000230                Initialize_And_Start_All_Opt_Encoder
 .text.Read_All_Optical_Encoder
                0x0000025c       0x44 .\CortexM3\ARM_GCC_541\Debug\AS76.o
                0x0000025c                Read_All_Optical_Encoder
 .text.Write_Debug_UART_Char
                0x000002a0       0x2c .\CortexM3\ARM_GCC_541\Debug\AS76.o
                0x000002a0                Write_Debug_UART_Char
 .text.Beep_Twice
                0x000002cc       0x40 .\CortexM3\ARM_GCC_541\Debug\AS76.o
                0x000002cc                Beep_Twice
 .text.Initialize_USB
                0x0000030c       0x38 .\CortexM3\ARM_GCC_541\Debug\AS76.o
                0x0000030c                Initialize_USB
 .text.Write_Debug_UART_Int
                0x00000344       0x24 .\CortexM3\ARM_GCC_541\Debug\AS76.o
                0x00000344                Write_Debug_UART_Int
 .text.set_BarcodeCondenser_LED
                0x00000368       0x70 .\CortexM3\ARM_GCC_541\Debug\AS76.o
                0x00000368                set_BarcodeCondenser_LED
 .text.set_CondenserLED
                0x000003d8       0x70 .\CortexM3\ARM_GCC_541\Debug\AS76.o
                0x000003d8                set_CondenserLED
 .text.Send_Feedback_to_USB
                0x00000448      0x330 .\CortexM3\ARM_GCC_541\Debug\AS76.o
                0x00000448                Send_Feedback_to_USB
 .text.UART_print_all_values
                0x00000778       0x24 .\CortexM3\ARM_GCC_541\Debug\AS76.o
                0x00000778                UART_print_all_values
 .text.if_all_homing_done
                0x0000079c       0x74 .\CortexM3\ARM_GCC_541\Debug\AS76.o
                0x0000079c                if_all_homing_done
 .text.Is_USB_Unpluged
                0x00000810       0x40 .\CortexM3\ARM_GCC_541\Debug\AS76.o
                0x00000810                Is_USB_Unpluged
 .text.Data_To_Transfer
                0x00000850       0x10 .\CortexM3\ARM_GCC_541\Debug\AS76.o
                0x00000850                Data_To_Transfer
 .text.SPI_MOTOR_CHIP_SELECT
                0x00000860       0x98 .\CortexM3\ARM_GCC_541\Debug\AS76.o
                0x00000860                SPI_MOTOR_CHIP_SELECT
 .text.Read_32bitSPI_DATA
                0x000008f8       0xec .\CortexM3\ARM_GCC_541\Debug\AS76.o
                0x000008f8                Read_32bitSPI_DATA
 .text.Write_32bitSPI_DATA
                0x000009e4       0x40 .\CortexM3\ARM_GCC_541\Debug\AS76.o
                0x000009e4                Write_32bitSPI_DATA
 .text.GotoPos  0x00000a24       0x28 .\CortexM3\ARM_GCC_541\Debug\AS76.o
                0x00000a24                GotoPos
 .text.Initialize_Motor
                0x00000a4c      0x288 .\CortexM3\ARM_GCC_541\Debug\AS76.o
                0x00000a4c                Initialize_Motor
 .text.WaitTillPositionReached
                0x00000cd4       0x68 .\CortexM3\ARM_GCC_541\Debug\AS76.o
                0x00000cd4                WaitTillPositionReached
 .text.Step_correction_x
                0x00000d3c      0x16c .\CortexM3\ARM_GCC_541\Debug\AS76.o
                0x00000d3c                Step_correction_x
 .text.goTo_X   0x00000ea8       0x7c .\CortexM3\ARM_GCC_541\Debug\AS76.o
                0x00000ea8                goTo_X
 *fill*         0x00000f24        0x4 
 .text.Step_correction_y
                0x00000f28      0x168 .\CortexM3\ARM_GCC_541\Debug\AS76.o
                0x00000f28                Step_correction_y
 .text.goTo_Y   0x00001090       0x74 .\CortexM3\ARM_GCC_541\Debug\AS76.o
                0x00001090                goTo_Y
 *fill*         0x00001104        0x4 
 .text.Step_correction_z
                0x00001108      0x164 .\CortexM3\ARM_GCC_541\Debug\AS76.o
                0x00001108                Step_correction_z
 .text.goTo_Z   0x0000126c       0x84 .\CortexM3\ARM_GCC_541\Debug\AS76.o
                0x0000126c                goTo_Z
 .text.Step_correction_t
                0x000012f0       0xf0 .\CortexM3\ARM_GCC_541\Debug\AS76.o
                0x000012f0                Step_correction_t
 .text.goTo_T   0x000013e0       0x90 .\CortexM3\ARM_GCC_541\Debug\AS76.o
                0x000013e0                goTo_T
 .text.goTo_XYZ
                0x00001470       0x9c .\CortexM3\ARM_GCC_541\Debug\AS76.o
                0x00001470                goTo_XYZ
 .text.update_max_velocity
                0x0000150c       0x10 .\CortexM3\ARM_GCC_541\Debug\AS76.o
                0x0000150c                update_max_velocity
 .text.homeX    0x0000151c      0x1e8 .\CortexM3\ARM_GCC_541\Debug\AS76.o
                0x0000151c                homeX
 .text.homeY    0x00001704      0x1ec .\CortexM3\ARM_GCC_541\Debug\AS76.o
                0x00001704                homeY
 .text.homeZ    0x000018f0      0x1e0 .\CortexM3\ARM_GCC_541\Debug\AS76.o
                0x000018f0                homeZ
 .text.homeT    0x00001ad0      0x174 .\CortexM3\ARM_GCC_541\Debug\AS76.o
                0x00001ad0                homeT
 .text.run_pump
                0x00001c44      0x1b8 .\CortexM3\ARM_GCC_541\Debug\AS76.o
                0x00001c44                run_pump
 .text.run_pumpvs
                0x00001dfc       0x80 .\CortexM3\ARM_GCC_541\Debug\AS76.o
                0x00001dfc                run_pumpvs
 *fill*         0x00001e7c        0x4 
 .text.Process_USB_Data
                0x00001e80      0xb9c .\CortexM3\ARM_GCC_541\Debug\AS76.o
                0x00001e80                Process_USB_Data
 .text.LedFrame
                0x00002a1c       0x1c .\CortexM3\ARM_GCC_541\Debug\APA102.o
                0x00002a1c                LedFrame
 .text.RGB_Byte_TxOp
                0x00002a38       0x38 .\CortexM3\ARM_GCC_541\Debug\APA102.o
                0x00002a38                RGB_Byte_TxOp
 .text.BF2      0x00002a70       0x54 .\CortexM3\ARM_GCC_541\Debug\APA102.o
                0x00002a70                BF2
 .text.Ring     0x00002ac4      0x324 .\CortexM3\ARM_GCC_541\Debug\APA102.o
                0x00002ac4                Ring
 .text.CyClockStartupError
                0x00002de8        0x4 .\CortexM3\ARM_GCC_541\Debug\cyfitter_cfg.o
 .text.cfg_write_bytes32
                0x00002dec       0x34 .\CortexM3\ARM_GCC_541\Debug\cyfitter_cfg.o
 .text.AnalogSetDefault
                0x00002e20       0x28 .\CortexM3\ARM_GCC_541\Debug\cyfitter_cfg.o
 .text.CYMEMZERO
                0x00002e48        0xc .\CortexM3\ARM_GCC_541\Debug\cyfitter_cfg.o
 .text.CYCONFIGCPYCODE
                0x00002e54        0x8 .\CortexM3\ARM_GCC_541\Debug\cyfitter_cfg.o
 .text.CYCONFIGCPY
                0x00002e5c        0x8 .\CortexM3\ARM_GCC_541\Debug\cyfitter_cfg.o
 .text.ClockSetup
                0x00002e64       0xe8 .\CortexM3\ARM_GCC_541\Debug\cyfitter_cfg.o
 .text.cyfitter_cfg
                0x00002f4c      0x170 .\CortexM3\ARM_GCC_541\Debug\cyfitter_cfg.o
                0x00002f4c                cyfitter_cfg
 .text.IntDefaultHandler
                0x000030bc       0x10 .\CortexM3\ARM_GCC_541\Debug\Cm3Start.o
                0x000030bc                IntDefaultHandler
 .text._sbrk    0x000030cc       0x30 .\CortexM3\ARM_GCC_541\Debug\Cm3Start.o
                0x000030cc                _sbrk
 .text.Start_c  0x000030fc       0x4c .\CortexM3\ARM_GCC_541\Debug\Cm3Start.o
                0x000030fc                Start_c
 .text.initialize_psoc
                0x00003148       0x68 .\CortexM3\ARM_GCC_541\Debug\Cm3Start.o
                0x00003148                initialize_psoc
 .text.Pin_CSMotorX_Write
                0x000031b0       0x18 .\CortexM3\ARM_GCC_541\Debug\AS76_FFP6.a(Pin_CSMotorX.o)
                0x000031b0                Pin_CSMotorX_Write
 .text.Pin_CSMotorY_Write
                0x000031c8       0x18 .\CortexM3\ARM_GCC_541\Debug\AS76_FFP6.a(Pin_CSMotorY.o)
                0x000031c8                Pin_CSMotorY_Write
 .text.Pin_CSMotorZ_Write
                0x000031e0       0x18 .\CortexM3\ARM_GCC_541\Debug\AS76_FFP6.a(Pin_CSMotorZ.o)
                0x000031e0                Pin_CSMotorZ_Write
 .text.SPIM_EnableTxInt
                0x000031f8        0xc .\CortexM3\ARM_GCC_541\Debug\AS76_FFP6.a(SPIM.o)
                0x000031f8                SPIM_EnableTxInt
 .text.SPIM_EnableRxInt
                0x00003204        0xc .\CortexM3\ARM_GCC_541\Debug\AS76_FFP6.a(SPIM.o)
                0x00003204                SPIM_EnableRxInt
 .text.SPIM_Enable
                0x00003210       0x3c .\CortexM3\ARM_GCC_541\Debug\AS76_FFP6.a(SPIM.o)
                0x00003210                SPIM_Enable
 .text.SPIM_DisableTxInt
                0x0000324c        0xc .\CortexM3\ARM_GCC_541\Debug\AS76_FFP6.a(SPIM.o)
                0x0000324c                SPIM_DisableTxInt
 .text.SPIM_DisableRxInt
                0x00003258        0xc .\CortexM3\ARM_GCC_541\Debug\AS76_FFP6.a(SPIM.o)
                0x00003258                SPIM_DisableRxInt
 .text.SPIM_ReadTxStatus
                0x00003264       0x28 .\CortexM3\ARM_GCC_541\Debug\AS76_FFP6.a(SPIM.o)
                0x00003264                SPIM_ReadTxStatus
 .text.SPIM_ReadRxStatus
                0x0000328c       0x28 .\CortexM3\ARM_GCC_541\Debug\AS76_FFP6.a(SPIM.o)
                0x0000328c                SPIM_ReadRxStatus
 .text.SPIM_WriteTxData
                0x000032b4       0xd4 .\CortexM3\ARM_GCC_541\Debug\AS76_FFP6.a(SPIM.o)
                0x000032b4                SPIM_WriteTxData
 .text.SPIM_ReadRxData
                0x00003388       0x64 .\CortexM3\ARM_GCC_541\Debug\AS76_FFP6.a(SPIM.o)
                0x00003388                SPIM_ReadRxData
 .text.SPIM_ClearFIFO
                0x000033ec       0x3c .\CortexM3\ARM_GCC_541\Debug\AS76_FFP6.a(SPIM.o)
                0x000033ec                SPIM_ClearFIFO
 .text.SPIM_Init
                0x00003428       0x90 .\CortexM3\ARM_GCC_541\Debug\AS76_FFP6.a(SPIM.o)
                0x00003428                SPIM_Init
 .text.SPIM_Start
                0x000034b8       0x1c .\CortexM3\ARM_GCC_541\Debug\AS76_FFP6.a(SPIM.o)
                0x000034b8                SPIM_Start
 .text.SPIM_TX_ISR
                0x000034d4       0xa0 .\CortexM3\ARM_GCC_541\Debug\AS76_FFP6.a(SPIM_INT.o)
                0x000034d4                SPIM_TX_ISR
 .text.SPIM_RX_ISR
                0x00003574       0xa0 .\CortexM3\ARM_GCC_541\Debug\AS76_FFP6.a(SPIM_INT.o)
                0x00003574                SPIM_RX_ISR
 .text.CyHalt   0x00003614        0x4 .\CortexM3\ARM_GCC_541\Debug\AS76_FFP6.a(CyLib.o)
                0x00003614                CyHalt
 .text.CySoftwareReset
                0x00003618       0x10 .\CortexM3\ARM_GCC_541\Debug\AS76_FFP6.a(CyLib.o)
                0x00003618                CySoftwareReset
 .text.CyDelay  0x00003628       0x2c .\CortexM3\ARM_GCC_541\Debug\AS76_FFP6.a(CyLib.o)
                0x00003628                CyDelay
 .text.CyDelayUs
                0x00003654       0x14 .\CortexM3\ARM_GCC_541\Debug\AS76_FFP6.a(CyLib.o)
                0x00003654                CyDelayUs
 .text.CyIntSetVector
                0x00003668       0x28 .\CortexM3\ARM_GCC_541\Debug\AS76_FFP6.a(CyLib.o)
                0x00003668                CyIntSetVector
 .text.CyIntSetPriority
                0x00003690       0x30 .\CortexM3\ARM_GCC_541\Debug\AS76_FFP6.a(CyLib.o)
                0x00003690                CyIntSetPriority
 .text.CyGetUniqueId
                0x000036c0       0x70 .\CortexM3\ARM_GCC_541\Debug\AS76_FFP6.a(CyLib.o)
                0x000036c0                CyGetUniqueId
 .text.USB_Init
                0x00003730      0x140 .\CortexM3\ARM_GCC_541\Debug\AS76_FFP6.a(USB.o)
                0x00003730                USB_Init
 .text.USB_InitComponent
                0x00003870       0xd0 .\CortexM3\ARM_GCC_541\Debug\AS76_FFP6.a(USB.o)
                0x00003870                USB_InitComponent
 .text.USB_Start
                0x00003940       0x24 .\CortexM3\ARM_GCC_541\Debug\AS76_FFP6.a(USB.o)
                0x00003940                USB_Start
 .text.USB_ReInitComponent
                0x00003964       0x64 .\CortexM3\ARM_GCC_541\Debug\AS76_FFP6.a(USB.o)
                0x00003964                USB_ReInitComponent
 .text.USB_GetConfiguration
                0x000039c8        0xc .\CortexM3\ARM_GCC_541\Debug\AS76_FFP6.a(USB.o)
                0x000039c8                USB_GetConfiguration
 .text.USB_IsConfigurationChanged
                0x000039d4       0x20 .\CortexM3\ARM_GCC_541\Debug\AS76_FFP6.a(USB.o)
                0x000039d4                USB_IsConfigurationChanged
 .text.USB_GetEPState
                0x000039f4       0x14 .\CortexM3\ARM_GCC_541\Debug\AS76_FFP6.a(USB.o)
                0x000039f4                USB_GetEPState
 .text.USB_GetEPCount
                0x00003a08       0x28 .\CortexM3\ARM_GCC_541\Debug\AS76_FFP6.a(USB.o)
                0x00003a08                USB_GetEPCount
 .text.USB_LoadInEP
                0x00003a30       0x94 .\CortexM3\ARM_GCC_541\Debug\AS76_FFP6.a(USB.o)
                0x00003a30                USB_LoadInEP
 .text.USB_EnableOutEP
                0x00003ac4       0x2c .\CortexM3\ARM_GCC_541\Debug\AS76_FFP6.a(USB.o)
                0x00003ac4                USB_EnableOutEP
 .text.USB_ReadOutEP
                0x00003af0       0x50 .\CortexM3\ARM_GCC_541\Debug\AS76_FFP6.a(USB.o)
                0x00003af0                USB_ReadOutEP
 .text.USB_EnableSofInt
                0x00003b40       0x10 .\CortexM3\ARM_GCC_541\Debug\AS76_FFP6.a(USB.o)
                0x00003b40                USB_EnableSofInt
 .text.USB_GetInterfaceComPort
                0x00003b50       0x38 .\CortexM3\ARM_GCC_541\Debug\AS76_FFP6.a(USB_cdc.o)
                0x00003b50                USB_GetInterfaceComPort
 .text.USB_DispatchCDCClassRqst
                0x00003b88       0x98 .\CortexM3\ARM_GCC_541\Debug\AS76_FFP6.a(USB_cdc.o)
                0x00003b88                USB_DispatchCDCClassRqst
 .text.USB_CDC_Init
                0x00003c20       0x98 .\CortexM3\ARM_GCC_541\Debug\AS76_FFP6.a(USB_cdc.o)
                0x00003c20                USB_CDC_Init
 .text.USB_PutData
                0x00003cb8       0x50 .\CortexM3\ARM_GCC_541\Debug\AS76_FFP6.a(USB_cdc.o)
                0x00003cb8                USB_PutData
 .text.USB_DataIsReady
                0x00003d08       0x18 .\CortexM3\ARM_GCC_541\Debug\AS76_FFP6.a(USB_cdc.o)
                0x00003d08                USB_DataIsReady
 .text.USB_GetAll
                0x00003d20       0x30 .\CortexM3\ARM_GCC_541\Debug\AS76_FFP6.a(USB_cdc.o)
                0x00003d20                USB_GetAll
 .text.USB_Cdc_EpInit
                0x00003d50       0x50 .\CortexM3\ARM_GCC_541\Debug\AS76_FFP6.a(USB_cdc.o)
                0x00003d50                USB_Cdc_EpInit
 .text.USB_LoadEP0
                0x00003da0       0x98 .\CortexM3\ARM_GCC_541\Debug\AS76_FFP6.a(USB_drv.o)
                0x00003da0                USB_LoadEP0
 .text.USB_InitZeroLengthControlTransfer
                0x00003e38       0x34 .\CortexM3\ARM_GCC_541\Debug\AS76_FFP6.a(USB_drv.o)
                0x00003e38                USB_InitZeroLengthControlTransfer
 .text.USB_ControlReadDataStage
                0x00003e6c        0x8 .\CortexM3\ARM_GCC_541\Debug\AS76_FFP6.a(USB_drv.o)
                0x00003e6c                USB_ControlReadDataStage
 .text.USB_ControlWriteDataStage
                0x00003e74       0x84 .\CortexM3\ARM_GCC_541\Debug\AS76_FFP6.a(USB_drv.o)
                0x00003e74                USB_ControlWriteDataStage
 .text.USB_InitNoDataControlTransfer
                0x00003ef8       0x2c .\CortexM3\ARM_GCC_541\Debug\AS76_FFP6.a(USB_drv.o)
                0x00003ef8                USB_InitNoDataControlTransfer
 .text.USB_UpdateStatusBlock
                0x00003f24       0x24 .\CortexM3\ARM_GCC_541\Debug\AS76_FFP6.a(USB_drv.o)
                0x00003f24                USB_UpdateStatusBlock
 .text.USB_HandleSetup
                0x00003f48       0x5c .\CortexM3\ARM_GCC_541\Debug\AS76_FFP6.a(USB_drv.o)
                0x00003f48                USB_HandleSetup
 .text.USB_ControlReadStatusStage
                0x00003fa4       0x38 .\CortexM3\ARM_GCC_541\Debug\AS76_FFP6.a(USB_drv.o)
                0x00003fa4                USB_ControlReadStatusStage
 .text.USB_HandleOUT
                0x00003fdc       0x38 .\CortexM3\ARM_GCC_541\Debug\AS76_FFP6.a(USB_drv.o)
                0x00003fdc                USB_HandleOUT
 .text.USB_ControlWriteStatusStage
                0x00004014       0x20 .\CortexM3\ARM_GCC_541\Debug\AS76_FFP6.a(USB_drv.o)
                0x00004014                USB_ControlWriteStatusStage
 .text.USB_NoDataControlStatusStage
                0x00004034       0x40 .\CortexM3\ARM_GCC_541\Debug\AS76_FFP6.a(USB_drv.o)
                0x00004034                USB_NoDataControlStatusStage
 .text.USB_HandleIN
                0x00004074       0x2c .\CortexM3\ARM_GCC_541\Debug\AS76_FFP6.a(USB_drv.o)
                0x00004074                USB_HandleIN
 .text.USB_EP_0_ISR
                0x000040a0       0xb8 .\CortexM3\ARM_GCC_541\Debug\AS76_FFP6.a(USB_drv.o)
                0x000040a0                USB_EP_0_ISR
 .text.USB_InitializeStatusBlock
                0x00004158       0x24 .\CortexM3\ARM_GCC_541\Debug\AS76_FFP6.a(USB_drv.o)
                0x00004158                USB_InitializeStatusBlock
 .text.USB_InitControlRead
                0x0000417c       0x50 .\CortexM3\ARM_GCC_541\Debug\AS76_FFP6.a(USB_drv.o)
                0x0000417c                USB_InitControlRead
 .text.USB_InitControlWrite
                0x000041cc       0x48 .\CortexM3\ARM_GCC_541\Debug\AS76_FFP6.a(USB_drv.o)
                0x000041cc                USB_InitControlWrite
 .text.USB_EP_1_ISR
                0x00004214       0x30 .\CortexM3\ARM_GCC_541\Debug\AS76_FFP6.a(USB_episr.o)
                0x00004214                USB_EP_1_ISR
 .text.USB_EP_2_ISR
                0x00004244       0x34 .\CortexM3\ARM_GCC_541\Debug\AS76_FFP6.a(USB_episr.o)
                0x00004244                USB_EP_2_ISR
 .text.USB_EP_3_ISR
                0x00004278       0x3c .\CortexM3\ARM_GCC_541\Debug\AS76_FFP6.a(USB_episr.o)
                0x00004278                USB_EP_3_ISR
 .text.USB_SOF_ISR
                0x000042b4        0x4 .\CortexM3\ARM_GCC_541\Debug\AS76_FFP6.a(USB_episr.o)
                0x000042b4                USB_SOF_ISR
 .text.USB_BUS_RESET_ISR
                0x000042b8        0x8 .\CortexM3\ARM_GCC_541\Debug\AS76_FFP6.a(USB_episr.o)
                0x000042b8                USB_BUS_RESET_ISR
 .text.USB_FindHidClassDecriptor
                0x000042c0       0x44 .\CortexM3\ARM_GCC_541\Debug\AS76_FFP6.a(USB_hid.o)
                0x000042c0                USB_FindHidClassDecriptor
 .text.USB_FindReportDescriptor
                0x00004304       0x4c .\CortexM3\ARM_GCC_541\Debug\AS76_FFP6.a(USB_hid.o)
                0x00004304                USB_FindReportDescriptor
 .text.USB_FindReport
                0x00004350       0x80 .\CortexM3\ARM_GCC_541\Debug\AS76_FFP6.a(USB_hid.o)
                0x00004350                USB_FindReport
 .text.USB_DispatchHIDClassRqst
                0x000043d0      0x184 .\CortexM3\ARM_GCC_541\Debug\AS76_FFP6.a(USB_hid.o)
                0x000043d0                USB_DispatchHIDClassRqst
 .text.USB_DP_ISR
                0x00004554        0x8 .\CortexM3\ARM_GCC_541\Debug\AS76_FFP6.a(USB_pm.o)
                0x00004554                USB_DP_ISR
 .text.USB_ReadDieID
                0x0000455c       0x6c .\CortexM3\ARM_GCC_541\Debug\AS76_FFP6.a(USB_std.o)
                0x0000455c                USB_ReadDieID
 .text.USB_ConfigReg
                0x000045c8       0xa4 .\CortexM3\ARM_GCC_541\Debug\AS76_FFP6.a(USB_std.o)
                0x000045c8                USB_ConfigReg
 .text.USB_GetConfigTablePtr
                0x0000466c       0x28 .\CortexM3\ARM_GCC_541\Debug\AS76_FFP6.a(USB_std.o)
                0x0000466c                USB_GetConfigTablePtr
 .text.USB_ConfigAltChanged
                0x00004694      0x11c .\CortexM3\ARM_GCC_541\Debug\AS76_FFP6.a(USB_std.o)
                0x00004694                USB_ConfigAltChanged
 .text.USB_GetDeviceTablePtr
                0x000047b0       0x18 .\CortexM3\ARM_GCC_541\Debug\AS76_FFP6.a(USB_std.o)
                0x000047b0                USB_GetDeviceTablePtr
 .text.USB_GetInterfaceClassTablePtr
                0x000047c8       0x28 .\CortexM3\ARM_GCC_541\Debug\AS76_FFP6.a(USB_std.o)
                0x000047c8                USB_GetInterfaceClassTablePtr
 .text.USB_Config
                0x000047f0      0x1ec .\CortexM3\ARM_GCC_541\Debug\AS76_FFP6.a(USB_std.o)
                0x000047f0                USB_Config
 .text.USB_SetEndpointHalt
                0x000049dc       0x64 .\CortexM3\ARM_GCC_541\Debug\AS76_FFP6.a(USB_std.o)
                0x000049dc                USB_SetEndpointHalt
 .text.USB_ClearEndpointHalt
                0x00004a40       0xac .\CortexM3\ARM_GCC_541\Debug\AS76_FFP6.a(USB_std.o)
                0x00004a40                USB_ClearEndpointHalt
 .text.USB_ValidateAlternateSetting
                0x00004aec       0x4c .\CortexM3\ARM_GCC_541\Debug\AS76_FFP6.a(USB_std.o)
                0x00004aec                USB_ValidateAlternateSetting
 .text.USB_HandleStandardRqst
                0x00004b38      0x35c .\CortexM3\ARM_GCC_541\Debug\AS76_FFP6.a(USB_std.o)
                0x00004b38                USB_HandleStandardRqst
 .text.USB_HandleVendorRqst
                0x00004e94       0x3c .\CortexM3\ARM_GCC_541\Debug\AS76_FFP6.a(USB_vnd.o)
                0x00004e94                USB_HandleVendorRqst
 .text.USB_Dp_ClearInterrupt
                0x00004ed0       0x10 .\CortexM3\ARM_GCC_541\Debug\AS76_FFP6.a(USB_Dp.o)
                0x00004ed0                USB_Dp_ClearInterrupt
 .text.PWM_CondenserLED_Enable
                0x00004ee0       0x28 .\CortexM3\ARM_GCC_541\Debug\AS76_FFP6.a(PWM_CondenserLED.o)
                0x00004ee0                PWM_CondenserLED_Enable
 .text.PWM_CondenserLED_WritePeriod
                0x00004f08        0xc .\CortexM3\ARM_GCC_541\Debug\AS76_FFP6.a(PWM_CondenserLED.o)
                0x00004f08                PWM_CondenserLED_WritePeriod
 .text.PWM_CondenserLED_WriteCompare
                0x00004f14        0xc .\CortexM3\ARM_GCC_541\Debug\AS76_FFP6.a(PWM_CondenserLED.o)
                0x00004f14                PWM_CondenserLED_WriteCompare
 .text.PWM_CondenserLED_SetInterruptMode
                0x00004f20        0xc .\CortexM3\ARM_GCC_541\Debug\AS76_FFP6.a(PWM_CondenserLED.o)
                0x00004f20                PWM_CondenserLED_SetInterruptMode
 .text.PWM_CondenserLED_Init
                0x00004f2c       0x74 .\CortexM3\ARM_GCC_541\Debug\AS76_FFP6.a(PWM_CondenserLED.o)
                0x00004f2c                PWM_CondenserLED_Init
 .text.PWM_CondenserLED_Start
                0x00004fa0       0x1c .\CortexM3\ARM_GCC_541\Debug\AS76_FFP6.a(PWM_CondenserLED.o)
                0x00004fa0                PWM_CondenserLED_Start
 .text.SPIM_IntClock_Start
                0x00004fbc       0x1c .\CortexM3\ARM_GCC_541\Debug\AS76_FFP6.a(SPIM_IntClock.o)
                0x00004fbc                SPIM_IntClock_Start
 .text.QuadDec_X_Init
                0x00004fd8       0x24 .\CortexM3\ARM_GCC_541\Debug\AS76_FFP6.a(QuadDec_X.o)
                0x00004fd8                QuadDec_X_Init
 .text.QuadDec_X_GetCounter
                0x00004ffc       0x2c .\CortexM3\ARM_GCC_541\Debug\AS76_FFP6.a(QuadDec_X.o)
                0x00004ffc                QuadDec_X_GetCounter
 .text.QuadDec_X_SetCounter
                0x00005028       0x28 .\CortexM3\ARM_GCC_541\Debug\AS76_FFP6.a(QuadDec_X.o)
                0x00005028                QuadDec_X_SetCounter
 .text.QuadDec_X_GetEvents
                0x00005050       0x10 .\CortexM3\ARM_GCC_541\Debug\AS76_FFP6.a(QuadDec_X.o)
                0x00005050                QuadDec_X_GetEvents
 .text.QuadDec_X_SetInterruptMask
                0x00005060       0x10 .\CortexM3\ARM_GCC_541\Debug\AS76_FFP6.a(QuadDec_X.o)
                0x00005060                QuadDec_X_SetInterruptMask
 .text.QuadDec_X_Enable
                0x00005070       0x30 .\CortexM3\ARM_GCC_541\Debug\AS76_FFP6.a(QuadDec_X.o)
                0x00005070                QuadDec_X_Enable
 .text.QuadDec_X_Start
                0x000050a0       0x34 .\CortexM3\ARM_GCC_541\Debug\AS76_FFP6.a(QuadDec_X.o)
                0x000050a0                QuadDec_X_Start
 .text.QuadDec_X_ISR
                0x000050d4       0x40 .\CortexM3\ARM_GCC_541\Debug\AS76_FFP6.a(QuadDec_X_INT.o)
                0x000050d4                QuadDec_X_ISR
 .text.QuadDec_X_Cnt16_Enable
                0x00005114       0x10 .\CortexM3\ARM_GCC_541\Debug\AS76_FFP6.a(QuadDec_X_Cnt16.o)
                0x00005114                QuadDec_X_Cnt16_Enable
 .text.QuadDec_X_Cnt16_SetInterruptMode
                0x00005124        0xc .\CortexM3\ARM_GCC_541\Debug\AS76_FFP6.a(QuadDec_X_Cnt16.o)
                0x00005124                QuadDec_X_Cnt16_SetInterruptMode
 .text.QuadDec_X_Cnt16_ReadStatusRegister
                0x00005130        0xc .\CortexM3\ARM_GCC_541\Debug\AS76_FFP6.a(QuadDec_X_Cnt16.o)
                0x00005130                QuadDec_X_Cnt16_ReadStatusRegister
 .text.QuadDec_X_Cnt16_WriteCounter
                0x0000513c        0xc .\CortexM3\ARM_GCC_541\Debug\AS76_FFP6.a(QuadDec_X_Cnt16.o)
                0x0000513c                QuadDec_X_Cnt16_WriteCounter
 .text.QuadDec_X_Cnt16_ReadCounter
                0x00005148       0x14 .\CortexM3\ARM_GCC_541\Debug\AS76_FFP6.a(QuadDec_X_Cnt16.o)
                0x00005148                QuadDec_X_Cnt16_ReadCounter
 .text.QuadDec_X_Cnt16_ReadCapture
                0x0000515c        0xc .\CortexM3\ARM_GCC_541\Debug\AS76_FFP6.a(QuadDec_X_Cnt16.o)
                0x0000515c                QuadDec_X_Cnt16_ReadCapture
 .text.QuadDec_X_Cnt16_WritePeriod
                0x00005168        0xc .\CortexM3\ARM_GCC_541\Debug\AS76_FFP6.a(QuadDec_X_Cnt16.o)
                0x00005168                QuadDec_X_Cnt16_WritePeriod
 .text.QuadDec_X_Cnt16_WriteCompare
                0x00005174        0xc .\CortexM3\ARM_GCC_541\Debug\AS76_FFP6.a(QuadDec_X_Cnt16.o)
                0x00005174                QuadDec_X_Cnt16_WriteCompare
 .text.QuadDec_X_Cnt16_ClearFIFO
                0x00005180       0x14 .\CortexM3\ARM_GCC_541\Debug\AS76_FFP6.a(QuadDec_X_Cnt16.o)
                0x00005180                QuadDec_X_Cnt16_ClearFIFO
 .text.QuadDec_X_Cnt16_Init
                0x00005194       0x58 .\CortexM3\ARM_GCC_541\Debug\AS76_FFP6.a(QuadDec_X_Cnt16.o)
                0x00005194                QuadDec_X_Cnt16_Init
 .text.QuadDec_X_Cnt16_Start
                0x000051ec       0x1c .\CortexM3\ARM_GCC_541\Debug\AS76_FFP6.a(QuadDec_X_Cnt16.o)
                0x000051ec                QuadDec_X_Cnt16_Start
 .text.UART_PCB_LOG_Init
                0x00005208       0x44 .\CortexM3\ARM_GCC_541\Debug\AS76_FFP6.a(UART_PCB_LOG.o)
                0x00005208                UART_PCB_LOG_Init
 .text.UART_PCB_LOG_Enable
                0x0000524c       0x44 .\CortexM3\ARM_GCC_541\Debug\AS76_FFP6.a(UART_PCB_LOG.o)
                0x0000524c                UART_PCB_LOG_Enable
 .text.UART_PCB_LOG_Start
                0x00005290       0x1c .\CortexM3\ARM_GCC_541\Debug\AS76_FFP6.a(UART_PCB_LOG.o)
                0x00005290                UART_PCB_LOG_Start
 .text.UART_PCB_LOG_PutChar
                0x000052ac       0x18 .\CortexM3\ARM_GCC_541\Debug\AS76_FFP6.a(UART_PCB_LOG.o)
                0x000052ac                UART_PCB_LOG_PutChar
 .text.UART_PCB_LOG_PutString
                0x000052c4       0x24 .\CortexM3\ARM_GCC_541\Debug\AS76_FFP6.a(UART_PCB_LOG.o)
                0x000052c4                UART_PCB_LOG_PutString
 .text.UART_PCB_LOG_RXISR
                0x000052e8       0x98 .\CortexM3\ARM_GCC_541\Debug\AS76_FFP6.a(UART_PCB_LOG_INT.o)
                0x000052e8                UART_PCB_LOG_RXISR
 .text.UART_PCB_LOG_IntClock_Start
                0x00005380       0x1c .\CortexM3\ARM_GCC_541\Debug\AS76_FFP6.a(UART_PCB_LOG_IntClock.o)
                0x00005380                UART_PCB_LOG_IntClock_Start
 .text.Pin_Backlight_Write
                0x0000539c       0x18 .\CortexM3\ARM_GCC_541\Debug\AS76_FFP6.a(Pin_Backlight.o)
                0x0000539c                Pin_Backlight_Write
 .text.LED2_Write
                0x000053b4       0x18 .\CortexM3\ARM_GCC_541\Debug\AS76_FFP6.a(LED2.o)
                0x000053b4                LED2_Write
 .text.Pin_CSMotorO_Write
                0x000053cc       0x18 .\CortexM3\ARM_GCC_541\Debug\AS76_FFP6.a(Pin_CSMotorO.o)
                0x000053cc                Pin_CSMotorO_Write
 .text.Pin_CSMotorT_Write
                0x000053e4       0x18 .\CortexM3\ARM_GCC_541\Debug\AS76_FFP6.a(Pin_CSMotorT.o)
                0x000053e4                Pin_CSMotorT_Write
 .text.QuadDec_TZ_Init
                0x000053fc       0x24 .\CortexM3\ARM_GCC_541\Debug\AS76_FFP6.a(QuadDec_TZ.o)
                0x000053fc                QuadDec_TZ_Init
 .text.QuadDec_TZ_GetCounter
                0x00005420       0x2c .\CortexM3\ARM_GCC_541\Debug\AS76_FFP6.a(QuadDec_TZ.o)
                0x00005420                QuadDec_TZ_GetCounter
 .text.QuadDec_TZ_SetCounter
                0x0000544c       0x28 .\CortexM3\ARM_GCC_541\Debug\AS76_FFP6.a(QuadDec_TZ.o)
                0x0000544c                QuadDec_TZ_SetCounter
 .text.QuadDec_TZ_GetEvents
                0x00005474       0x10 .\CortexM3\ARM_GCC_541\Debug\AS76_FFP6.a(QuadDec_TZ.o)
                0x00005474                QuadDec_TZ_GetEvents
 .text.QuadDec_TZ_SetInterruptMask
                0x00005484       0x10 .\CortexM3\ARM_GCC_541\Debug\AS76_FFP6.a(QuadDec_TZ.o)
                0x00005484                QuadDec_TZ_SetInterruptMask
 .text.QuadDec_TZ_Enable
                0x00005494       0x30 .\CortexM3\ARM_GCC_541\Debug\AS76_FFP6.a(QuadDec_TZ.o)
                0x00005494                QuadDec_TZ_Enable
 .text.QuadDec_TZ_Start
                0x000054c4       0x34 .\CortexM3\ARM_GCC_541\Debug\AS76_FFP6.a(QuadDec_TZ.o)
                0x000054c4                QuadDec_TZ_Start
 .text.QuadDec_TZ_ISR
                0x000054f8       0x40 .\CortexM3\ARM_GCC_541\Debug\AS76_FFP6.a(QuadDec_TZ_INT.o)
                0x000054f8                QuadDec_TZ_ISR
 .text.PWM_Buzzer_Enable
                0x00005538       0x28 .\CortexM3\ARM_GCC_541\Debug\AS76_FFP6.a(PWM_Buzzer.o)
                0x00005538                PWM_Buzzer_Enable
 .text.PWM_Buzzer_WritePeriod
                0x00005560        0xc .\CortexM3\ARM_GCC_541\Debug\AS76_FFP6.a(PWM_Buzzer.o)
                0x00005560                PWM_Buzzer_WritePeriod
 .text.PWM_Buzzer_WriteCompare
                0x0000556c        0xc .\CortexM3\ARM_GCC_541\Debug\AS76_FFP6.a(PWM_Buzzer.o)
                0x0000556c                PWM_Buzzer_WriteCompare
 .text.PWM_Buzzer_SetInterruptMode
                0x00005578        0xc .\CortexM3\ARM_GCC_541\Debug\AS76_FFP6.a(PWM_Buzzer.o)
                0x00005578                PWM_Buzzer_SetInterruptMode
 .text.PWM_Buzzer_Init
                0x00005584       0x74 .\CortexM3\ARM_GCC_541\Debug\AS76_FFP6.a(PWM_Buzzer.o)
                0x00005584                PWM_Buzzer_Init
 .text.PWM_Buzzer_Start
                0x000055f8       0x1c .\CortexM3\ARM_GCC_541\Debug\AS76_FFP6.a(PWM_Buzzer.o)
                0x000055f8                PWM_Buzzer_Start
 .text.QuadDec_Y_Init
                0x00005614       0x24 .\CortexM3\ARM_GCC_541\Debug\AS76_FFP6.a(QuadDec_Y.o)
                0x00005614                QuadDec_Y_Init
 .text.QuadDec_Y_GetCounter
                0x00005638       0x2c .\CortexM3\ARM_GCC_541\Debug\AS76_FFP6.a(QuadDec_Y.o)
                0x00005638                QuadDec_Y_GetCounter
 .text.QuadDec_Y_SetCounter
                0x00005664       0x28 .\CortexM3\ARM_GCC_541\Debug\AS76_FFP6.a(QuadDec_Y.o)
                0x00005664                QuadDec_Y_SetCounter
 .text.QuadDec_Y_GetEvents
                0x0000568c       0x10 .\CortexM3\ARM_GCC_541\Debug\AS76_FFP6.a(QuadDec_Y.o)
                0x0000568c                QuadDec_Y_GetEvents
 .text.QuadDec_Y_SetInterruptMask
                0x0000569c       0x10 .\CortexM3\ARM_GCC_541\Debug\AS76_FFP6.a(QuadDec_Y.o)
                0x0000569c                QuadDec_Y_SetInterruptMask
 .text.QuadDec_Y_Enable
                0x000056ac       0x30 .\CortexM3\ARM_GCC_541\Debug\AS76_FFP6.a(QuadDec_Y.o)
                0x000056ac                QuadDec_Y_Enable
 .text.QuadDec_Y_Start
                0x000056dc       0x34 .\CortexM3\ARM_GCC_541\Debug\AS76_FFP6.a(QuadDec_Y.o)
                0x000056dc                QuadDec_Y_Start
 .text.QuadDec_Y_ISR
                0x00005710       0x40 .\CortexM3\ARM_GCC_541\Debug\AS76_FFP6.a(QuadDec_Y_INT.o)
                0x00005710                QuadDec_Y_ISR
 .text.PWM_BarcodeCondenser_LED_Enable
                0x00005750       0x28 .\CortexM3\ARM_GCC_541\Debug\AS76_FFP6.a(PWM_BarcodeCondenser_LED.o)
                0x00005750                PWM_BarcodeCondenser_LED_Enable
 .text.PWM_BarcodeCondenser_LED_WritePeriod
                0x00005778        0xc .\CortexM3\ARM_GCC_541\Debug\AS76_FFP6.a(PWM_BarcodeCondenser_LED.o)
                0x00005778                PWM_BarcodeCondenser_LED_WritePeriod
 .text.PWM_BarcodeCondenser_LED_WriteCompare
                0x00005784        0xc .\CortexM3\ARM_GCC_541\Debug\AS76_FFP6.a(PWM_BarcodeCondenser_LED.o)
                0x00005784                PWM_BarcodeCondenser_LED_WriteCompare
 .text.PWM_BarcodeCondenser_LED_SetInterruptMode
                0x00005790        0xc .\CortexM3\ARM_GCC_541\Debug\AS76_FFP6.a(PWM_BarcodeCondenser_LED.o)
                0x00005790                PWM_BarcodeCondenser_LED_SetInterruptMode
 .text.PWM_BarcodeCondenser_LED_Init
                0x0000579c       0x74 .\CortexM3\ARM_GCC_541\Debug\AS76_FFP6.a(PWM_BarcodeCondenser_LED.o)
                0x0000579c                PWM_BarcodeCondenser_LED_Init
 .text.PWM_BarcodeCondenser_LED_Start
                0x00005810       0x1c .\CortexM3\ARM_GCC_541\Debug\AS76_FFP6.a(PWM_BarcodeCondenser_LED.o)
                0x00005810                PWM_BarcodeCondenser_LED_Start
 .text.LED3_Write
                0x0000582c       0x18 .\CortexM3\ARM_GCC_541\Debug\AS76_FFP6.a(LED3.o)
                0x0000582c                LED3_Write
 .text.Encoder_T_Z_Select_Write
                0x00005844        0xc .\CortexM3\ARM_GCC_541\Debug\AS76_FFP6.a(Encoder_T_Z_Select.o)
                0x00005844                Encoder_T_Z_Select_Write
 .text.TMC5160_MotorX_EN_Write
                0x00005850       0x18 .\CortexM3\ARM_GCC_541\Debug\AS76_FFP6.a(TMC5160_MotorX_EN.o)
                0x00005850                TMC5160_MotorX_EN_Write
 .text.TMC5160_MotorY_EN_Write
                0x00005868       0x18 .\CortexM3\ARM_GCC_541\Debug\AS76_FFP6.a(TMC5160_MotorY_EN.o)
                0x00005868                TMC5160_MotorY_EN_Write
 .text.TMC5160_MotorZ_EN_Write
                0x00005880       0x18 .\CortexM3\ARM_GCC_541\Debug\AS76_FFP6.a(TMC5160_MotorZ_EN.o)
                0x00005880                TMC5160_MotorZ_EN_Write
 .text.TMC5160_MotorT_EN_Write
                0x00005898       0x18 .\CortexM3\ARM_GCC_541\Debug\AS76_FFP6.a(TMC5160_MotorT_EN.o)
                0x00005898                TMC5160_MotorT_EN_Write
 .text.TMC5160_MotorO_EN_Write
                0x000058b0       0x18 .\CortexM3\ARM_GCC_541\Debug\AS76_FFP6.a(TMC5160_MotorO_EN.o)
                0x000058b0                TMC5160_MotorO_EN_Write
 .text.QuadDec_TZ_Cnt16_Enable
                0x000058c8       0x10 .\CortexM3\ARM_GCC_541\Debug\AS76_FFP6.a(QuadDec_TZ_Cnt16.o)
                0x000058c8                QuadDec_TZ_Cnt16_Enable
 .text.QuadDec_TZ_Cnt16_SetInterruptMode
                0x000058d8        0xc .\CortexM3\ARM_GCC_541\Debug\AS76_FFP6.a(QuadDec_TZ_Cnt16.o)
                0x000058d8                QuadDec_TZ_Cnt16_SetInterruptMode
 .text.QuadDec_TZ_Cnt16_ReadStatusRegister
                0x000058e4        0xc .\CortexM3\ARM_GCC_541\Debug\AS76_FFP6.a(QuadDec_TZ_Cnt16.o)
                0x000058e4                QuadDec_TZ_Cnt16_ReadStatusRegister
 .text.QuadDec_TZ_Cnt16_WriteCounter
                0x000058f0        0xc .\CortexM3\ARM_GCC_541\Debug\AS76_FFP6.a(QuadDec_TZ_Cnt16.o)
                0x000058f0                QuadDec_TZ_Cnt16_WriteCounter
 .text.QuadDec_TZ_Cnt16_ReadCounter
                0x000058fc       0x14 .\CortexM3\ARM_GCC_541\Debug\AS76_FFP6.a(QuadDec_TZ_Cnt16.o)
                0x000058fc                QuadDec_TZ_Cnt16_ReadCounter
 .text.QuadDec_TZ_Cnt16_ReadCapture
                0x00005910        0xc .\CortexM3\ARM_GCC_541\Debug\AS76_FFP6.a(QuadDec_TZ_Cnt16.o)
                0x00005910                QuadDec_TZ_Cnt16_ReadCapture
 .text.QuadDec_TZ_Cnt16_WritePeriod
                0x0000591c        0xc .\CortexM3\ARM_GCC_541\Debug\AS76_FFP6.a(QuadDec_TZ_Cnt16.o)
                0x0000591c                QuadDec_TZ_Cnt16_WritePeriod
 .text.QuadDec_TZ_Cnt16_WriteCompare
                0x00005928        0xc .\CortexM3\ARM_GCC_541\Debug\AS76_FFP6.a(QuadDec_TZ_Cnt16.o)
                0x00005928                QuadDec_TZ_Cnt16_WriteCompare
 .text.QuadDec_TZ_Cnt16_ClearFIFO
                0x00005934       0x14 .\CortexM3\ARM_GCC_541\Debug\AS76_FFP6.a(QuadDec_TZ_Cnt16.o)
                0x00005934                QuadDec_TZ_Cnt16_ClearFIFO
 .text.QuadDec_TZ_Cnt16_Init
                0x00005948       0x58 .\CortexM3\ARM_GCC_541\Debug\AS76_FFP6.a(QuadDec_TZ_Cnt16.o)
                0x00005948                QuadDec_TZ_Cnt16_Init
 .text.QuadDec_TZ_Cnt16_Start
                0x000059a0       0x1c .\CortexM3\ARM_GCC_541\Debug\AS76_FFP6.a(QuadDec_TZ_Cnt16.o)
                0x000059a0                QuadDec_TZ_Cnt16_Start
 .text.QuadDec_Y_Cnt16_Enable
                0x000059bc       0x10 .\CortexM3\ARM_GCC_541\Debug\AS76_FFP6.a(QuadDec_Y_Cnt16.o)
                0x000059bc                QuadDec_Y_Cnt16_Enable
 .text.QuadDec_Y_Cnt16_SetInterruptMode
                0x000059cc        0xc .\CortexM3\ARM_GCC_541\Debug\AS76_FFP6.a(QuadDec_Y_Cnt16.o)
                0x000059cc                QuadDec_Y_Cnt16_SetInterruptMode
 .text.QuadDec_Y_Cnt16_ReadStatusRegister
                0x000059d8        0xc .\CortexM3\ARM_GCC_541\Debug\AS76_FFP6.a(QuadDec_Y_Cnt16.o)
                0x000059d8                QuadDec_Y_Cnt16_ReadStatusRegister
 .text.QuadDec_Y_Cnt16_WriteCounter
                0x000059e4        0xc .\CortexM3\ARM_GCC_541\Debug\AS76_FFP6.a(QuadDec_Y_Cnt16.o)
                0x000059e4                QuadDec_Y_Cnt16_WriteCounter
 .text.QuadDec_Y_Cnt16_ReadCounter
                0x000059f0       0x14 .\CortexM3\ARM_GCC_541\Debug\AS76_FFP6.a(QuadDec_Y_Cnt16.o)
                0x000059f0                QuadDec_Y_Cnt16_ReadCounter
 .text.QuadDec_Y_Cnt16_ReadCapture
                0x00005a04        0xc .\CortexM3\ARM_GCC_541\Debug\AS76_FFP6.a(QuadDec_Y_Cnt16.o)
                0x00005a04                QuadDec_Y_Cnt16_ReadCapture
 .text.QuadDec_Y_Cnt16_WritePeriod
                0x00005a10        0xc .\CortexM3\ARM_GCC_541\Debug\AS76_FFP6.a(QuadDec_Y_Cnt16.o)
                0x00005a10                QuadDec_Y_Cnt16_WritePeriod
 .text.QuadDec_Y_Cnt16_WriteCompare
                0x00005a1c        0xc .\CortexM3\ARM_GCC_541\Debug\AS76_FFP6.a(QuadDec_Y_Cnt16.o)
                0x00005a1c                QuadDec_Y_Cnt16_WriteCompare
 .text.QuadDec_Y_Cnt16_ClearFIFO
                0x00005a28       0x14 .\CortexM3\ARM_GCC_541\Debug\AS76_FFP6.a(QuadDec_Y_Cnt16.o)
                0x00005a28                QuadDec_Y_Cnt16_ClearFIFO
 .text.QuadDec_Y_Cnt16_Init
                0x00005a3c       0x58 .\CortexM3\ARM_GCC_541\Debug\AS76_FFP6.a(QuadDec_Y_Cnt16.o)
                0x00005a3c                QuadDec_Y_Cnt16_Init
 .text.QuadDec_Y_Cnt16_Start
                0x00005a94       0x1c .\CortexM3\ARM_GCC_541\Debug\AS76_FFP6.a(QuadDec_Y_Cnt16.o)
                0x00005a94                QuadDec_Y_Cnt16_Start
 .text.wait_timer_Enable
                0x00005ab0       0x28 .\CortexM3\ARM_GCC_541\Debug\AS76_FFP6.a(wait_timer.o)
                0x00005ab0                wait_timer_Enable
 .text.wait_timer_Stop
                0x00005ad8       0x28 .\CortexM3\ARM_GCC_541\Debug\AS76_FFP6.a(wait_timer.o)
                0x00005ad8                wait_timer_Stop
 .text.wait_timer_SetInterruptMode
                0x00005b00        0xc .\CortexM3\ARM_GCC_541\Debug\AS76_FFP6.a(wait_timer.o)
                0x00005b00                wait_timer_SetInterruptMode
 .text.wait_timer_WritePeriod
                0x00005b0c        0xc .\CortexM3\ARM_GCC_541\Debug\AS76_FFP6.a(wait_timer.o)
                0x00005b0c                wait_timer_WritePeriod
 .text.wait_timer_WriteCounter
                0x00005b18        0xc .\CortexM3\ARM_GCC_541\Debug\AS76_FFP6.a(wait_timer.o)
                0x00005b18                wait_timer_WriteCounter
 .text.wait_timer_Init
                0x00005b24       0x68 .\CortexM3\ARM_GCC_541\Debug\AS76_FFP6.a(wait_timer.o)
                0x00005b24                wait_timer_Init
 .text.wait_timer_Start
                0x00005b8c       0x1c .\CortexM3\ARM_GCC_541\Debug\AS76_FFP6.a(wait_timer.o)
                0x00005b8c                wait_timer_Start
 .text.wait_interrupt_SetVector
                0x00005ba8        0xc .\CortexM3\ARM_GCC_541\Debug\AS76_FFP6.a(wait_interrupt.o)
                0x00005ba8                wait_interrupt_SetVector
 .text.wait_interrupt_SetPriority
                0x00005bb4       0x10 .\CortexM3\ARM_GCC_541\Debug\AS76_FFP6.a(wait_interrupt.o)
                0x00005bb4                wait_interrupt_SetPriority
 .text.wait_interrupt_Enable
                0x00005bc4       0x10 .\CortexM3\ARM_GCC_541\Debug\AS76_FFP6.a(wait_interrupt.o)
                0x00005bc4                wait_interrupt_Enable
 .text.wait_interrupt_Disable
                0x00005bd4       0x10 .\CortexM3\ARM_GCC_541\Debug\AS76_FFP6.a(wait_interrupt.o)
                0x00005bd4                wait_interrupt_Disable
 .text.wait_interrupt_StartEx
                0x00005be4       0x1c .\CortexM3\ARM_GCC_541\Debug\AS76_FFP6.a(wait_interrupt.o)
                0x00005be4                wait_interrupt_StartEx
 .text.Pin_SDO_RGB_Write
                0x00005c00       0x18 .\CortexM3\ARM_GCC_541\Debug\AS76_FFP6.a(Pin_SDO_RGB.o)
                0x00005c00                Pin_SDO_RGB_Write
 .text.Pin_Clock_RGB_Write
                0x00005c18       0x18 .\CortexM3\ARM_GCC_541\Debug\AS76_FFP6.a(Pin_Clock_RGB.o)
                0x00005c18                Pin_Clock_RGB_Write
 .text          0x00005c30       0x20 .\CortexM3\ARM_GCC_541\Debug\AS76_FFP6.a(CyBootAsmGnu.o)
                0x00005c30                CyDelayCycles
                0x00005c40                CyEnterCriticalSection
                0x00005c48                CyExitCriticalSection
 .text.USB_DispatchClassRqst
                0x00005c50       0x68 .\CortexM3\ARM_GCC_541\Debug\AS76_FFP6.a(USB_cls.o)
                0x00005c50                USB_DispatchClassRqst
 .text          0x00005cb8      0x370 c:/program files (x86)/cypress/psoc creator/4.4/psoc creator/import/gnu/arm/5.4.1/bin/../lib/gcc/arm-none-eabi/5.4.1/armv7-m\libgcc.a(_arm_addsubdf3.o)
                0x00005cb8                __aeabi_drsub
                0x00005cc0                __aeabi_dsub
                0x00005cc0                __subdf3
                0x00005cc4                __aeabi_dadd
                0x00005cc4                __adddf3
                0x00005f3c                __floatunsidf
                0x00005f3c                __aeabi_ui2d
                0x00005f5c                __floatsidf
                0x00005f5c                __aeabi_i2d
                0x00005f80                __aeabi_f2d
                0x00005f80                __extendsfdf2
                0x00005fbc                __floatundidf
                0x00005fbc                __aeabi_ul2d
                0x00005fcc                __floatdidf
                0x00005fcc                __aeabi_l2d
 .text          0x00006028      0x424 c:/program files (x86)/cypress/psoc creator/4.4/psoc creator/import/gnu/arm/5.4.1/bin/../lib/gcc/arm-none-eabi/5.4.1/armv7-m\libgcc.a(_arm_muldivdf3.o)
                0x00006028                __aeabi_dmul
                0x00006028                __muldf3
                0x0000627c                __divdf3
                0x0000627c                __aeabi_ddiv
 .text          0x0000644c       0x50 c:/program files (x86)/cypress/psoc creator/4.4/psoc creator/import/gnu/arm/5.4.1/bin/../lib/gcc/arm-none-eabi/5.4.1/armv7-m\libgcc.a(_arm_fixdfsi.o)
                0x0000644c                __aeabi_d2iz
                0x0000644c                __fixdfsi
 .text          0x0000649c       0x40 c:/program files (x86)/cypress/psoc creator/4.4/psoc creator/import/gnu/arm/5.4.1/bin/../lib/gcc/arm-none-eabi/5.4.1/armv7-m\libgcc.a(_arm_fixunsdfsi.o)
                0x0000649c                __aeabi_d2uiz
                0x0000649c                __fixunsdfsi
 .text          0x000064dc      0x21c c:/program files (x86)/cypress/psoc creator/4.4/psoc creator/import/gnu/arm/5.4.1/bin/../lib/gcc/arm-none-eabi/5.4.1/armv7-m\libgcc.a(_arm_addsubsf3.o)
                0x000064dc                __aeabi_frsub
                0x000064e4                __subsf3
                0x000064e4                __aeabi_fsub
                0x000064e8                __aeabi_fadd
                0x000064e8                __addsf3
                0x00006648                __aeabi_ui2f
                0x00006648                __floatunsisf
                0x00006650                __aeabi_i2f
                0x00006650                __floatsisf
                0x0000666c                __aeabi_ul2f
                0x0000666c                __floatundisf
                0x0000667c                __aeabi_l2f
                0x0000667c                __floatdisf
 .text          0x000066f8      0x2a0 c:/program files (x86)/cypress/psoc creator/4.4/psoc creator/import/gnu/arm/5.4.1/bin/../lib/gcc/arm-none-eabi/5.4.1/armv7-m\libgcc.a(_arm_muldivsf3.o)
                0x000066f8                __mulsf3
                0x000066f8                __aeabi_fmul
                0x00006860                __aeabi_fdiv
                0x00006860                __divsf3
 .text          0x00006998       0x4c c:/program files (x86)/cypress/psoc creator/4.4/psoc creator/import/gnu/arm/5.4.1/bin/../lib/gcc/arm-none-eabi/5.4.1/armv7-m\libgcc.a(_arm_fixsfsi.o)
                0x00006998                __aeabi_f2iz
                0x00006998                __fixsfsi
 .text.__errno  0x000069e4        0xc c:/program files (x86)/cypress/psoc creator/4.4/psoc creator/import/gnu/arm/5.4.1/bin/../lib/gcc/arm-none-eabi/5.4.1/../../../../arm-none-eabi/lib/armv7-m\libg_nano.a(lib_a-errno.o)
                0x000069e4                __errno
 .text.__libc_init_array
                0x000069f0       0x4c c:/program files (x86)/cypress/psoc creator/4.4/psoc creator/import/gnu/arm/5.4.1/bin/../lib/gcc/arm-none-eabi/5.4.1/../../../../arm-none-eabi/lib/armv7-m\libg_nano.a(lib_a-init.o)
                0x000069f0                __libc_init_array
 .text.memcpy   0x00006a3c       0x16 c:/program files (x86)/cypress/psoc creator/4.4/psoc creator/import/gnu/arm/5.4.1/bin/../lib/gcc/arm-none-eabi/5.4.1/../../../../arm-none-eabi/lib/armv7-m\libg_nano.a(lib_a-memcpy-stub.o)
                0x00006a3c                memcpy
 .text.memset   0x00006a52       0x10 c:/program files (x86)/cypress/psoc creator/4.4/psoc creator/import/gnu/arm/5.4.1/bin/../lib/gcc/arm-none-eabi/5.4.1/../../../../arm-none-eabi/lib/armv7-m\libg_nano.a(lib_a-memset.o)
                0x00006a52                memset
 *fill*         0x00006a62        0x2 
 .text.sprintf  0x00006a64       0x48 c:/program files (x86)/cypress/psoc creator/4.4/psoc creator/import/gnu/arm/5.4.1/bin/../lib/gcc/arm-none-eabi/5.4.1/../../../../arm-none-eabi/lib/armv7-m\libg_nano.a(lib_a-sprintf.o)
                0x00006a64                siprintf
                0x00006a64                sprintf
 .text.strncmp  0x00006aac       0x2a c:/program files (x86)/cypress/psoc creator/4.4/psoc creator/import/gnu/arm/5.4.1/bin/../lib/gcc/arm-none-eabi/5.4.1/../../../../arm-none-eabi/lib/armv7-m\libg_nano.a(lib_a-strncmp.o)
                0x00006aac                strncmp
 .text.strncpy  0x00006ad6       0x26 c:/program files (x86)/cypress/psoc creator/4.4/psoc creator/import/gnu/arm/5.4.1/bin/../lib/gcc/arm-none-eabi/5.4.1/../../../../arm-none-eabi/lib/armv7-m\libg_nano.a(lib_a-strncpy.o)
                0x00006ad6                strncpy
 .text.__ssputs_r
                0x00006afc       0xb2 c:/program files (x86)/cypress/psoc creator/4.4/psoc creator/import/gnu/arm/5.4.1/bin/../lib/gcc/arm-none-eabi/5.4.1/../../../../arm-none-eabi/lib/armv7-m\libg_nano.a(lib_a-nano-svfprintf.o)
                0x00006afc                __ssputs_r
 *fill*         0x00006bae        0x2 
 .text._svfprintf_r
                0x00006bb0      0x1e8 c:/program files (x86)/cypress/psoc creator/4.4/psoc creator/import/gnu/arm/5.4.1/bin/../lib/gcc/arm-none-eabi/5.4.1/../../../../arm-none-eabi/lib/armv7-m\libg_nano.a(lib_a-nano-svfprintf.o)
                0x00006bb0                _svfiprintf_r
                0x00006bb0                _svfprintf_r
 .text._printf_common
                0x00006d98       0xec c:/program files (x86)/cypress/psoc creator/4.4/psoc creator/import/gnu/arm/5.4.1/bin/../lib/gcc/arm-none-eabi/5.4.1/../../../../arm-none-eabi/lib/armv7-m\libg_nano.a(lib_a-nano-vfprintf_i.o)
                0x00006d98                _printf_common
 .text._printf_i
                0x00006e84      0x24c c:/program files (x86)/cypress/psoc creator/4.4/psoc creator/import/gnu/arm/5.4.1/bin/../lib/gcc/arm-none-eabi/5.4.1/../../../../arm-none-eabi/lib/armv7-m\libg_nano.a(lib_a-nano-vfprintf_i.o)
                0x00006e84                _printf_i
 .text.memchr   0x000070d0       0x1c c:/program files (x86)/cypress/psoc creator/4.4/psoc creator/import/gnu/arm/5.4.1/bin/../lib/gcc/arm-none-eabi/5.4.1/../../../../arm-none-eabi/lib/armv7-m\libg_nano.a(lib_a-memchr-stub.o)
                0x000070d0                memchr
 .text.memmove  0x000070ec       0x36 c:/program files (x86)/cypress/psoc creator/4.4/psoc creator/import/gnu/arm/5.4.1/bin/../lib/gcc/arm-none-eabi/5.4.1/../../../../arm-none-eabi/lib/armv7-m\libg_nano.a(lib_a-memmove.o)
                0x000070ec                memmove
 *fill*         0x00007122        0x2 
 .text._free_r  0x00007124       0x98 c:/program files (x86)/cypress/psoc creator/4.4/psoc creator/import/gnu/arm/5.4.1/bin/../lib/gcc/arm-none-eabi/5.4.1/../../../../arm-none-eabi/lib/armv7-m\libg_nano.a(lib_a-nano-freer.o)
                0x00007124                _free_r
 .text._malloc_r
                0x000071bc       0xbc c:/program files (x86)/cypress/psoc creator/4.4/psoc creator/import/gnu/arm/5.4.1/bin/../lib/gcc/arm-none-eabi/5.4.1/../../../../arm-none-eabi/lib/armv7-m\libg_nano.a(lib_a-nano-mallocr.o)
                0x000071bc                _malloc_r
 .text._realloc_r
                0x00007278       0x4c c:/program files (x86)/cypress/psoc creator/4.4/psoc creator/import/gnu/arm/5.4.1/bin/../lib/gcc/arm-none-eabi/5.4.1/../../../../arm-none-eabi/lib/armv7-m\libg_nano.a(lib_a-nano-reallocr.o)
                0x00007278                _realloc_r
 .text._sbrk_r  0x000072c4       0x20 c:/program files (x86)/cypress/psoc creator/4.4/psoc creator/import/gnu/arm/5.4.1/bin/../lib/gcc/arm-none-eabi/5.4.1/../../../../arm-none-eabi/lib/armv7-m\libg_nano.a(lib_a-sbrkr.o)
                0x000072c4                _sbrk_r
 .text.__malloc_lock
                0x000072e4        0x2 c:/program files (x86)/cypress/psoc creator/4.4/psoc creator/import/gnu/arm/5.4.1/bin/../lib/gcc/arm-none-eabi/5.4.1/../../../../arm-none-eabi/lib/armv7-m\libg_nano.a(lib_a-mlock.o)
                0x000072e4                __malloc_lock
 .text.__malloc_unlock
                0x000072e6        0x2 c:/program files (x86)/cypress/psoc creator/4.4/psoc creator/import/gnu/arm/5.4.1/bin/../lib/gcc/arm-none-eabi/5.4.1/../../../../arm-none-eabi/lib/armv7-m\libg_nano.a(lib_a-mlock.o)
                0x000072e6                __malloc_unlock
 .text._malloc_usable_size_r
                0x000072e8       0x14 c:/program files (x86)/cypress/psoc creator/4.4/psoc creator/import/gnu/arm/5.4.1/bin/../lib/gcc/arm-none-eabi/5.4.1/../../../../arm-none-eabi/lib/armv7-m\libg_nano.a(lib_a-nano-msizer.o)
                0x000072e8                _malloc_usable_size_r
 *(.plt)
 *(.gnu.warning)
 *(.glue_7t)
 .glue_7t       0x000072fc        0x0 linker stubs
 *(.glue_7)
 .glue_7        0x000072fc        0x0 linker stubs
 *(.vfp11_veneer)
 .vfp11_veneer  0x000072fc        0x0 linker stubs
 *(.bootloader)
 *(.ARM.extab* .gnu.linkonce.armextab.*)
 *(.gcc_except_table)

.v4_bx          0x000072fc        0x0
 .v4_bx         0x000072fc        0x0 linker stubs

.iplt           0x000072fc        0x0
 .iplt          0x000072fc        0x0 c:/program files (x86)/cypress/psoc creator/4.4/psoc creator/import/gnu/arm/5.4.1/bin/../lib/gcc/arm-none-eabi/5.4.1/armv7-m/crtbegin.o

.eh_frame_hdr
 *(.eh_frame_hdr)

.eh_frame       0x000072fc        0x4
 *(.eh_frame)
 .eh_frame      0x000072fc        0x0 c:/program files (x86)/cypress/psoc creator/4.4/psoc creator/import/gnu/arm/5.4.1/bin/../lib/gcc/arm-none-eabi/5.4.1/armv7-m/crtbegin.o
 .eh_frame      0x000072fc        0x4 c:/program files (x86)/cypress/psoc creator/4.4/psoc creator/import/gnu/arm/5.4.1/bin/../lib/gcc/arm-none-eabi/5.4.1/armv7-m/crtend.o
                [!provide]                PROVIDE (__exidx_start, .)

.ARM.exidx
 *(.ARM.exidx* .gnu.linkonce.armexidx.*)
                0x00007300                __exidx_end = .

.rodata         0x00007300     0x1d48
 *(.rodata .rodata.* .gnu.linkonce.r.*)
 .rodata.str1.4
                0x00007300       0x34 .\CortexM3\ARM_GCC_541\Debug\main.o
 .rodata.str1.4
                0x00007334      0xa4d .\CortexM3\ARM_GCC_541\Debug\AS76.o
                                0xa5d (size before relaxing)
 *fill*         0x00007d81        0x3 
 .rodata        0x00007d84     0x1028 .\CortexM3\ARM_GCC_541\Debug\cyfitter_cfg.o
 .rodata.str1.4
                0x00008dac       0x14 .\CortexM3\ARM_GCC_541\Debug\AS76_FFP6.a(USB_std.o)
                                 0x11 (size before relaxing)
 .rodata        0x00008dc0      0x21a .\CortexM3\ARM_GCC_541\Debug\AS76_FFP6.a(USB_descr.o)
                0x00008dc0                USB_MSOS_CONFIGURATION_DESCR
                0x00008de8                USB_MSOS_DESCRIPTOR
                0x00008dfc                USB_TABLE
                0x00008e04                USB_DEVICE0_TABLE
                0x00008e1c                USB_DEVICE0_CONFIGURATION0_TABLE
                0x00008e44                USB_DEVICE0_CONFIGURATION0_INTERFACE_CLASS
                0x00008e48                USB_DEVICE0_CONFIGURATION0_EP_SETTINGS_TABLE
                0x00008e60                USB_HIDREPORT_DESCRIPTOR1
                0x00008e98                USB_SN_STRING_DESCRIPTOR
                0x00008e9c                USB_STRING_DESCRIPTORS
                0x00008f84                USB_DEVICE0_CONFIGURATION0_DESCR
                0x00008fc8                USB_DEVICE0_DESCR
 .rodata.str1.1
                0x00008fda        0x2 c:/program files (x86)/cypress/psoc creator/4.4/psoc creator/import/gnu/arm/5.4.1/bin/../lib/gcc/arm-none-eabi/5.4.1/../../../../arm-none-eabi/lib/armv7-m\libg_nano.a(lib_a-impure.o)
 .rodata.str1.1
                0x00008fdc       0x11 c:/program files (x86)/cypress/psoc creator/4.4/psoc creator/import/gnu/arm/5.4.1/bin/../lib/gcc/arm-none-eabi/5.4.1/../../../../arm-none-eabi/lib/armv7-m\libg_nano.a(lib_a-nano-svfprintf.o)
 .rodata.str1.1
                0x00008fed       0x22 c:/program files (x86)/cypress/psoc creator/4.4/psoc creator/import/gnu/arm/5.4.1/bin/../lib/gcc/arm-none-eabi/5.4.1/../../../../arm-none-eabi/lib/armv7-m\libg_nano.a(lib_a-nano-vfprintf_i.o)
                0x00009010                . = ALIGN (0x4)
 *fill*         0x0000900f        0x1 
 *(.init)
 .init          0x00009010        0x4 c:/program files (x86)/cypress/psoc creator/4.4/psoc creator/import/gnu/arm/5.4.1/bin/../lib/gcc/arm-none-eabi/5.4.1/armv7-m/crti.o
                0x00009010                _init
 .init          0x00009014        0x8 c:/program files (x86)/cypress/psoc creator/4.4/psoc creator/import/gnu/arm/5.4.1/bin/../lib/gcc/arm-none-eabi/5.4.1/armv7-m/crtn.o
                0x0000901c                . = ALIGN (0x4)
                0x0000901c                __preinit_array_start = .
 *(.preinit_array)
                0x0000901c                __preinit_array_end = .
                0x0000901c                . = ALIGN (0x4)
                0x0000901c                __init_array_start = .
 *(SORT(.init_array.*))
 *(.init_array)
 .init_array    0x0000901c        0x4 c:/program files (x86)/cypress/psoc creator/4.4/psoc creator/import/gnu/arm/5.4.1/bin/../lib/gcc/arm-none-eabi/5.4.1/armv7-m/crtbegin.o
 .init_array    0x00009020        0x4 .\CortexM3\ARM_GCC_541\Debug\Cm3Start.o
                0x00009024                __init_array_end = .
                0x00009024                . = ALIGN (0x4)
 *(.fini)
 .fini          0x00009024        0x4 c:/program files (x86)/cypress/psoc creator/4.4/psoc creator/import/gnu/arm/5.4.1/bin/../lib/gcc/arm-none-eabi/5.4.1/armv7-m/crti.o
                0x00009024                _fini
 .fini          0x00009028        0x8 c:/program files (x86)/cypress/psoc creator/4.4/psoc creator/import/gnu/arm/5.4.1/bin/../lib/gcc/arm-none-eabi/5.4.1/armv7-m/crtn.o
                0x00009030                . = ALIGN (0x4)
                0x00009030                __fini_array_start = .
 *(.fini_array)
 .fini_array    0x00009030        0x4 c:/program files (x86)/cypress/psoc creator/4.4/psoc creator/import/gnu/arm/5.4.1/bin/../lib/gcc/arm-none-eabi/5.4.1/armv7-m/crtbegin.o
 *(SORT(.fini_array.*))
                0x00009034                __fini_array_end = .
                0x00009034                . = ALIGN (0x4)
 *crtbegin.o(.ctors)
 *(EXCLUDE_FILE(*crtend.o) .ctors)
 *(SORT(.ctors.*))
 *crtend.o(.ctors)
                0x00009034                . = ALIGN (0x4)
 *crtbegin.o(.dtors)
 *(EXCLUDE_FILE(*crtend.o) .dtors)
 *(SORT(.dtors.*))
 *crtend.o(.dtors)
                0x00009034                . = ALIGN (0x4)
                0x00009034                __cy_regions = .
                0x00009034        0x4 LONG 0x9048 __cy_region_init_ram
                0x00009038        0x4 LONG 0x1fff80c8 __cy_region_start_data
                0x0000903c        0x4 LONG 0xd0 __cy_region_init_size_ram
                0x00009040        0x4 LONG 0x288 __cy_region_zero_size_ram
                0x00009044                __cy_regions_end = .
                0x00009048                . = ALIGN (0x8)
 *fill*         0x00009044        0x4 
                0x00009048                _etext = .

.cy_checksum_exclude
                0x00009048        0x0
 *(.cy_checksum_exclude)

.ramvectors     0x1fff8000       0xc0
                0x1fff8000                __cy_region_start_ram = .
 *(.ramvectors)
 .ramvectors    0x1fff8000       0xc0 .\CortexM3\ARM_GCC_541\Debug\Cm3Start.o
                0x1fff8000                CyRamVectors

.noinit         0x1fff80c0        0x1
 *(.noinit)
 .noinit        0x1fff80c0        0x1 .\CortexM3\ARM_GCC_541\Debug\AS76_FFP6.a(CyLib.o)
                0x1fff80c0                CyResetStatus

.data           0x1fff80c8       0xd0 load address 0x00009048
                0x1fff80c8                __cy_region_start_data = .
 *(.jcr)
 .jcr           0x1fff80c8        0x0 c:/program files (x86)/cypress/psoc creator/4.4/psoc creator/import/gnu/arm/5.4.1/bin/../lib/gcc/arm-none-eabi/5.4.1/armv7-m/crtbegin.o
 .jcr           0x1fff80c8        0x4 c:/program files (x86)/cypress/psoc creator/4.4/psoc creator/import/gnu/arm/5.4.1/bin/../lib/gcc/arm-none-eabi/5.4.1/armv7-m/crtend.o
 *(.got.plt)
 *(.got)
 *(.shdata)
 *(.data .data.* .gnu.linkonce.d.*)
 .data          0x1fff80cc        0x4 .\CortexM3\ARM_GCC_541\Debug\main.o
                0x1fff80cc                status_t
                0x1fff80cd                status_z
                0x1fff80ce                status_y
                0x1fff80cf                status_x
 .data          0x1fff80d0       0x31 .\CortexM3\ARM_GCC_541\Debug\AS76.o
                0x1fff80d0                PWM_Condenser_comare_value
                0x1fff80e4                Motor_Speed_X
                0x1fff80e8                Motor_Speed_Y
                0x1fff80ec                Motor_Speed_Z
                0x1fff80f0                X_Pitchfactor
                0x1fff80f4                T_Pitchfactor
                0x1fff80f8                Z_Pitchfactor
                0x1fff80fc                Y_Pitchfactor
                0x1fff8100                Time_Out_Error
 *fill*         0x1fff8101        0x3 
 .data          0x1fff8104        0x4 .\CortexM3\ARM_GCC_541\Debug\Cm3Start.o
 .data          0x1fff8108       0x10 .\CortexM3\ARM_GCC_541\Debug\AS76_FFP6.a(CyLib.o)
                0x1fff8108                cydelay_32k_ms
                0x1fff810c                cydelay_freq_khz
                0x1fff8110                cydelay_freq_mhz
                0x1fff8114                cydelay_freq_hz
 .data          0x1fff8118       0x1a .\CortexM3\ARM_GCC_541\Debug\AS76_FFP6.a(USB_cdc.o)
                0x1fff8118                USB_linesCoding
 *fill*         0x1fff8132        0x2 
 .data.impure_data
                0x1fff8134       0x60 c:/program files (x86)/cypress/psoc creator/4.4/psoc creator/import/gnu/arm/5.4.1/bin/../lib/gcc/arm-none-eabi/5.4.1/../../../../arm-none-eabi/lib/armv7-m\libg_nano.a(lib_a-impure.o)
 .data._impure_ptr
                0x1fff8194        0x4 c:/program files (x86)/cypress/psoc creator/4.4/psoc creator/import/gnu/arm/5.4.1/bin/../lib/gcc/arm-none-eabi/5.4.1/../../../../arm-none-eabi/lib/armv7-m\libg_nano.a(lib_a-impure.o)
                0x1fff8194                _impure_ptr
                0x1fff8198                . = ALIGN (0x8)
 *(.ram)
                0x1fff8198                _edata = .

.igot.plt       0x1fff8198        0x0 load address 0x00009118
 .igot.plt      0x1fff8198        0x0 c:/program files (x86)/cypress/psoc creator/4.4/psoc creator/import/gnu/arm/5.4.1/bin/../lib/gcc/arm-none-eabi/5.4.1/armv7-m/crtbegin.o

.bss            0x1fff8198      0x288 load address 0x00009118
                0x1fff8198                PROVIDE (__bss_start__, .)
 *(.shbss)
 *(.bss .bss.* .gnu.linkonce.b.*)
 .bss           0x1fff8198       0x1c c:/program files (x86)/cypress/psoc creator/4.4/psoc creator/import/gnu/arm/5.4.1/bin/../lib/gcc/arm-none-eabi/5.4.1/armv7-m/crtbegin.o
 .bss           0x1fff81b4       0x60 .\CortexM3\ARM_GCC_541\Debug\AS76.o
                0x1fff81b4                ms_count
                0x1fff81b6                exit_loop
                0x1fff81b8                EncoderTZSelect
                0x1fff81bc                X_QuadPosition
                0x1fff81c0                Y_QuadPosition
                0x1fff81c4                Z_QuadPosition
                0x1fff81c8                T_QuadPosition
                0x1fff81cc                Buffer_Z_QuadPosition
                0x1fff81d0                Buffer_T_QuadPosition
                0x1fff81d4                PWM_barcode_comare_value
                0x1fff81d8                HomeY_done
                0x1fff81dc                Error
                0x1fff81e0                HomeX_done
                0x1fff81e1                HomeZ_done
                0x1fff81e3                HomeT_done
                0x1fff81e4                HomeX_done_Buffer
                0x1fff81e5                HomeY_done_Buffer
                0x1fff81e6                HomeZ_done_Buffer
                0x1fff81e7                HomeT_done_Buffer
                0x1fff81e8                Input_Position_X_Temp
                0x1fff81ec                Previous_X_Position
                0x1fff81f0                Previous_Y_Position
                0x1fff81f4                Position_X_Requested
                0x1fff81f8                Position_Y_Requested
                0x1fff81fc                Position_Z_Requested
                0x1fff8200                Previous_Z_Position
                0x1fff8204                Position_T_Requested
                0x1fff8208                time_ms
                0x1fff820c                oil_speed
                0x1fff8210                oil_dir
 .bss           0x1fff8214        0xc .\CortexM3\ARM_GCC_541\Debug\APA102.o
                0x1fff8214                BnB
                0x1fff8216                GnR
                0x1fff8218                STFB
                0x1fff821c                LedCnt
                0x1fff821d                MaxB
                0x1fff821e                B
                0x1fff821f                j
 .bss           0x1fff8220        0x1 .\CortexM3\ARM_GCC_541\Debug\AS76_FFP6.a(SPIM.o)
                0x1fff8220                SPIM_initVar
 .bss           0x1fff8221        0x1 .\CortexM3\ARM_GCC_541\Debug\AS76_FFP6.a(USB.o)
                0x1fff8221                USB_initVar
 .bss           0x1fff8222        0x1 .\CortexM3\ARM_GCC_541\Debug\AS76_FFP6.a(USB_cdc.o)
 *fill*         0x1fff8223        0x1 
 .bss           0x1fff8224        0x2 .\CortexM3\ARM_GCC_541\Debug\AS76_FFP6.a(USB_std.o)
 .bss           0x1fff8226        0x1 .\CortexM3\ARM_GCC_541\Debug\AS76_FFP6.a(PWM_CondenserLED.o)
                0x1fff8226                PWM_CondenserLED_initVar
 .bss           0x1fff8227        0x1 .\CortexM3\ARM_GCC_541\Debug\AS76_FFP6.a(QuadDec_X.o)
                0x1fff8227                QuadDec_X_initVar
 .bss           0x1fff8228        0x4 .\CortexM3\ARM_GCC_541\Debug\AS76_FFP6.a(QuadDec_X_INT.o)
                0x1fff8228                QuadDec_X_count32SoftPart
 .bss           0x1fff822c        0x1 .\CortexM3\ARM_GCC_541\Debug\AS76_FFP6.a(QuadDec_X_Cnt16.o)
                0x1fff822c                QuadDec_X_Cnt16_initVar
 .bss           0x1fff822d        0x7 .\CortexM3\ARM_GCC_541\Debug\AS76_FFP6.a(UART_PCB_LOG.o)
                0x1fff822d                UART_PCB_LOG_errorStatus
                0x1fff822e                UART_PCB_LOG_initVar
                0x1fff822f                UART_PCB_LOG_rxBufferRead
                0x1fff8230                UART_PCB_LOG_rxBufferWrite
                0x1fff8231                UART_PCB_LOG_rxBufferLoopDetect
                0x1fff8232                UART_PCB_LOG_rxBufferOverflow
 .bss           0x1fff8234        0x1 .\CortexM3\ARM_GCC_541\Debug\AS76_FFP6.a(QuadDec_TZ.o)
                0x1fff8234                QuadDec_TZ_initVar
 *fill*         0x1fff8235        0x3 
 .bss           0x1fff8238        0x4 .\CortexM3\ARM_GCC_541\Debug\AS76_FFP6.a(QuadDec_TZ_INT.o)
                0x1fff8238                QuadDec_TZ_count32SoftPart
 .bss           0x1fff823c        0x1 .\CortexM3\ARM_GCC_541\Debug\AS76_FFP6.a(PWM_Buzzer.o)
                0x1fff823c                PWM_Buzzer_initVar
 .bss           0x1fff823d        0x1 .\CortexM3\ARM_GCC_541\Debug\AS76_FFP6.a(QuadDec_Y.o)
                0x1fff823d                QuadDec_Y_initVar
 *fill*         0x1fff823e        0x2 
 .bss           0x1fff8240        0x4 .\CortexM3\ARM_GCC_541\Debug\AS76_FFP6.a(QuadDec_Y_INT.o)
                0x1fff8240                QuadDec_Y_count32SoftPart
 .bss           0x1fff8244        0x1 .\CortexM3\ARM_GCC_541\Debug\AS76_FFP6.a(PWM_BarcodeCondenser_LED.o)
                0x1fff8244                PWM_BarcodeCondenser_LED_initVar
 .bss           0x1fff8245        0x1 .\CortexM3\ARM_GCC_541\Debug\AS76_FFP6.a(QuadDec_TZ_Cnt16.o)
                0x1fff8245                QuadDec_TZ_Cnt16_initVar
 .bss           0x1fff8246        0x1 .\CortexM3\ARM_GCC_541\Debug\AS76_FFP6.a(QuadDec_Y_Cnt16.o)
                0x1fff8246                QuadDec_Y_Cnt16_initVar
 .bss           0x1fff8247        0x1 .\CortexM3\ARM_GCC_541\Debug\AS76_FFP6.a(wait_timer.o)
                0x1fff8247                wait_timer_initVar
 .bss.__malloc_sbrk_start
                0x1fff8248        0x4 c:/program files (x86)/cypress/psoc creator/4.4/psoc creator/import/gnu/arm/5.4.1/bin/../lib/gcc/arm-none-eabi/5.4.1/../../../../arm-none-eabi/lib/armv7-m\libg_nano.a(lib_a-nano-mallocr.o)
                0x1fff8248                __malloc_sbrk_start
 .bss.__malloc_free_list
                0x1fff824c        0x4 c:/program files (x86)/cypress/psoc creator/4.4/psoc creator/import/gnu/arm/5.4.1/bin/../lib/gcc/arm-none-eabi/5.4.1/../../../../arm-none-eabi/lib/armv7-m\libg_nano.a(lib_a-nano-mallocr.o)
                0x1fff824c                __malloc_free_list
 *(COMMON)
 COMMON         0x1fff8250       0x82 .\CortexM3\ARM_GCC_541\Debug\main.o
                0x1fff8250                Is_Slide_On_Gripper
                0x1fff8254                USB_received
                0x1fff8294                count
                0x1fff8298                USB_transmit
 *fill*         0x1fff82d2        0x2 
 COMMON         0x1fff82d4        0x4 .\CortexM3\ARM_GCC_541\Debug\AS76.o
                0x1fff82d4                command
 COMMON         0x1fff82d8        0x7 .\CortexM3\ARM_GCC_541\Debug\APA102.o
                0x1fff82d8                SPI_RGB_DATA
                0x1fff82dc                i
                0x1fff82dd                G
                0x1fff82de                R
 *fill*         0x1fff82df        0x1 
 COMMON         0x1fff82e0       0x18 .\CortexM3\ARM_GCC_541\Debug\AS76_FFP6.a(SPIM.o)
                0x1fff82e0                SPIM_rxBufferFull
                0x1fff82e4                SPIM_txBuffer
                0x1fff82e9                SPIM_swStatusTx
                0x1fff82ec                SPIM_rxBuffer
                0x1fff82f2                SPIM_txBufferFull
                0x1fff82f3                SPIM_txBufferRead
                0x1fff82f4                SPIM_rxBufferWrite
                0x1fff82f5                SPIM_txBufferWrite
                0x1fff82f6                SPIM_rxBufferRead
                0x1fff82f7                SPIM_swStatusRx
 COMMON         0x1fff82f8       0x16 .\CortexM3\ARM_GCC_541\Debug\AS76_FFP6.a(USB_cdc.o)
                0x1fff82f8                USB_linesControlBitmap
                0x1fff82fc                USB_cdcCommInInterruptEp
                0x1fff8300                USB_serialStateBitmap
                0x1fff8304                USB_cdcDataOutEp
                0x1fff8308                USB_cdcDataInEp
                0x1fff830c                USB_linesChanged
 *fill*         0x1fff830e        0x2 
 COMMON         0x1fff8310       0x98 .\CortexM3\ARM_GCC_541\Debug\AS76_FFP6.a(USB_drv.o)
                0x1fff8310                USB_transferState
                0x1fff8311                USB_interfaceNumber
                0x1fff8312                USB_lastPacketSize
                0x1fff8314                USB_interfaceClass
                0x1fff8318                USB_interfaceSetting
                0x1fff831a                USB_ep0Mode
                0x1fff831b                USB_device
                0x1fff831c                USB_deviceAddress
                0x1fff831d                USB_ep0Toggle
                0x1fff8320                USB_interfaceSettingLast
                0x1fff8322                USB_configurationChanged
                0x1fff8324                USB_interfaceStatus
                0x1fff8326                USB_transferByteCount
                0x1fff8328                USB_configuration
                0x1fff832c                USB_currentTD
                0x1fff8338                USB_ep0Count
                0x1fff8339                USB_deviceStatus
                0x1fff833c                USB_EP
 COMMON         0x1fff83a8        0xa .\CortexM3\ARM_GCC_541\Debug\AS76_FFP6.a(USB_hid.o)
                0x1fff83a8                USB_hidProtocol
                0x1fff83ac                USB_hidIdleRate
                0x1fff83b0                USB_hidIdleTimer
 *fill*         0x1fff83b2        0x2 
 COMMON         0x1fff83b4       0x40 .\CortexM3\ARM_GCC_541\Debug\AS76_FFP6.a(UART_PCB_LOG.o)
                0x1fff83b4                UART_PCB_LOG_rxBuffer
 COMMON         0x1fff83f4       0x22 .\CortexM3\ARM_GCC_541\Debug\AS76_FFP6.a(USB_descr.o)
                0x1fff83f4                USB_idSerialNumberStringDescriptor
 *fill*         0x1fff8416        0x2 
 COMMON         0x1fff8418        0x4 c:/program files (x86)/cypress/psoc creator/4.4/psoc creator/import/gnu/arm/5.4.1/bin/../lib/gcc/arm-none-eabi/5.4.1/../../../../arm-none-eabi/lib/armv7-m\libg_nano.a(lib_a-reent.o)
                0x1fff8418                errno
                0x1fff8420                . = ALIGN (0x8)
 *fill*         0x1fff841c        0x4 
 *(.ram.b)
                0x1fff8420                _end = .
                0x1fff8420                __end = .
                0x1fff8420                PROVIDE (end, .)
                0x1fff8420                PROVIDE (__bss_end__, .)
                0x00009048                __cy_region_init_ram = LOADADDR (.data)
                0x000000d0                __cy_region_init_size_ram = (_edata - ADDR (.data))
                0x00000288                __cy_region_zero_size_ram = (_end - _edata)

.heap           0x1fff8420       0x80 load address 0x00009118
                0x1fff8420                . = _end
                0x1fff84a0                . = (. + 0x80)
 *fill*         0x1fff8420       0x80 
                0x1fff84a0                __cy_heap_limit = .

.stack          0x20007800      0x800
                0x20007800                __cy_stack_limit = .
                0x20008000                . = (. + 0x800)
 *fill*         0x20007800      0x800 
                0x00000001                ASSERT ((__cy_stack_limit >= __cy_heap_limit), region RAM overflowed with stack)
                0x00000000                cy_checksum_exclude_size = (CY_APPL_LOADABLE == 0x1)?SIZEOF (.cy_checksum_exclude):0x0
                0x00000001                ASSERT ((cy_checksum_exclude_size <= CY_CHECKSUM_EXCLUDE_SIZE), CY_BOOT: Section .cy_checksum_exclude size exceedes specified limit.)

.cyloadermeta
 *(.cyloadermeta)

.cyloadablemeta
 *(.cyloadablemeta)

.cyconfigecc
 *(.cyconfigecc)

.cycustnvl      0x90000000        0x4
 *(.cycustnvl)
 .cycustnvl     0x90000000        0x4 .\CortexM3\ARM_GCC_541\Debug\cymetadata.o
                0x90000000                cy_meta_custnvl

.cywolatch      0x90100000        0x4
 *(.cywolatch)
 .cywolatch     0x90100000        0x4 .\CortexM3\ARM_GCC_541\Debug\cymetadata.o
                0x90100000                cy_meta_wonvl

.cyeeprom       0x90200000        0x0
 *(.cyeeprom)
                0x00000001                ASSERT ((. <= ((0x90200000 + ee_offset) + ee_size)), .cyeeprom data will not fit in EEPROM)

.cyflashprotect
                0x90400000      0x100
 *(.cyflashprotect)
 .cyflashprotect
                0x90400000      0x100 .\CortexM3\ARM_GCC_541\Debug\cymetadata.o
                0x90400000                cy_meta_flashprotect

.cymeta         0x90500000        0xc
 *(.cymeta)
 .cymeta        0x90500000        0xc .\CortexM3\ARM_GCC_541\Debug\cymetadata.o
                0x90500000                cy_metadata

.rel.dyn        0x00009118        0x0 load address 0x9050000c
 .rel.iplt      0x00009118        0x0 c:/program files (x86)/cypress/psoc creator/4.4/psoc creator/import/gnu/arm/5.4.1/bin/../lib/gcc/arm-none-eabi/5.4.1/armv7-m/crtbegin.o

.stab
 *(.stab)

.stabstr
 *(.stabstr)

.debug
 *(.debug)

.line
 *(.line)

.debug_srcinfo
 *(.debug_srcinfo)

.debug_sfnames
 *(.debug_sfnames)

.debug_aranges  0x00000000     0x1760
 *(.debug_aranges)
 .debug_aranges
                0x00000000       0x20 .\CortexM3\ARM_GCC_541\Debug\main.o
 .debug_aranges
                0x00000020      0x198 .\CortexM3\ARM_GCC_541\Debug\AS76.o
 .debug_aranges
                0x000001b8       0x40 .\CortexM3\ARM_GCC_541\Debug\APA102.o
 .debug_aranges
                0x000001f8       0x60 .\CortexM3\ARM_GCC_541\Debug\cyfitter_cfg.o
 .debug_aranges
                0x00000258       0x18 .\CortexM3\ARM_GCC_541\Debug\cymetadata.o
 .debug_aranges
                0x00000270       0x48 .\CortexM3\ARM_GCC_541\Debug\Cm3Start.o
 .debug_aranges
                0x000002b8       0x38 .\CortexM3\ARM_GCC_541\Debug\AS76_FFP6.a(Pin_CSMotorX.o)
 .debug_aranges
                0x000002f0       0x38 .\CortexM3\ARM_GCC_541\Debug\AS76_FFP6.a(Pin_CSMotorY.o)
 .debug_aranges
                0x00000328       0x38 .\CortexM3\ARM_GCC_541\Debug\AS76_FFP6.a(Pin_CSMotorZ.o)
 .debug_aranges
                0x00000360       0xd8 .\CortexM3\ARM_GCC_541\Debug\AS76_FFP6.a(SPIM.o)
 .debug_aranges
                0x00000438       0x28 .\CortexM3\ARM_GCC_541\Debug\AS76_FFP6.a(SPIM_INT.o)
 .debug_aranges
                0x00000460      0x2a0 .\CortexM3\ARM_GCC_541\Debug\AS76_FFP6.a(CyLib.o)
 .debug_aranges
                0x00000700       0x98 .\CortexM3\ARM_GCC_541\Debug\AS76_FFP6.a(cyPm.o)
 .debug_aranges
                0x00000798       0xc8 .\CortexM3\ARM_GCC_541\Debug\AS76_FFP6.a(USB.o)
 .debug_aranges
                0x00000860       0xe8 .\CortexM3\ARM_GCC_541\Debug\AS76_FFP6.a(USB_cdc.o)
 .debug_aranges
                0x00000948       0x98 .\CortexM3\ARM_GCC_541\Debug\AS76_FFP6.a(USB_drv.o)
 .debug_aranges
                0x000009e0       0x40 .\CortexM3\ARM_GCC_541\Debug\AS76_FFP6.a(USB_episr.o)
 .debug_aranges
                0x00000a20       0x48 .\CortexM3\ARM_GCC_541\Debug\AS76_FFP6.a(USB_hid.o)
 .debug_aranges
                0x00000a68       0x40 .\CortexM3\ARM_GCC_541\Debug\AS76_FFP6.a(USB_pm.o)
 .debug_aranges
                0x00000aa8       0x80 .\CortexM3\ARM_GCC_541\Debug\AS76_FFP6.a(USB_std.o)
 .debug_aranges
                0x00000b28       0x20 .\CortexM3\ARM_GCC_541\Debug\AS76_FFP6.a(USB_vnd.o)
 .debug_aranges
                0x00000b48       0x48 .\CortexM3\ARM_GCC_541\Debug\AS76_FFP6.a(USB_Dp.o)
 .debug_aranges
                0x00000b90       0x78 .\CortexM3\ARM_GCC_541\Debug\AS76_FFP6.a(PWM_CondenserLED.o)
 .debug_aranges
                0x00000c08       0x70 .\CortexM3\ARM_GCC_541\Debug\AS76_FFP6.a(SPIM_IntClock.o)
 .debug_aranges
                0x00000c78       0x60 .\CortexM3\ARM_GCC_541\Debug\AS76_FFP6.a(QuadDec_X.o)
 .debug_aranges
                0x00000cd8       0x20 .\CortexM3\ARM_GCC_541\Debug\AS76_FFP6.a(QuadDec_X_INT.o)
 .debug_aranges
                0x00000cf8       0x98 .\CortexM3\ARM_GCC_541\Debug\AS76_FFP6.a(QuadDec_X_Cnt16.o)
 .debug_aranges
                0x00000d90       0xf0 .\CortexM3\ARM_GCC_541\Debug\AS76_FFP6.a(UART_PCB_LOG.o)
 .debug_aranges
                0x00000e80       0x20 .\CortexM3\ARM_GCC_541\Debug\AS76_FFP6.a(UART_PCB_LOG_INT.o)
 .debug_aranges
                0x00000ea0       0x70 .\CortexM3\ARM_GCC_541\Debug\AS76_FFP6.a(UART_PCB_LOG_IntClock.o)
 .debug_aranges
                0x00000f10       0x38 .\CortexM3\ARM_GCC_541\Debug\AS76_FFP6.a(Pin_Backlight.o)
 .debug_aranges
                0x00000f48       0x38 .\CortexM3\ARM_GCC_541\Debug\AS76_FFP6.a(LED2.o)
 .debug_aranges
                0x00000f80       0x38 .\CortexM3\ARM_GCC_541\Debug\AS76_FFP6.a(Pin_CSMotorO.o)
 .debug_aranges
                0x00000fb8       0x38 .\CortexM3\ARM_GCC_541\Debug\AS76_FFP6.a(Pin_CSMotorT.o)
 .debug_aranges
                0x00000ff0       0x60 .\CortexM3\ARM_GCC_541\Debug\AS76_FFP6.a(QuadDec_TZ.o)
 .debug_aranges
                0x00001050       0x20 .\CortexM3\ARM_GCC_541\Debug\AS76_FFP6.a(QuadDec_TZ_INT.o)
 .debug_aranges
                0x00001070       0x78 .\CortexM3\ARM_GCC_541\Debug\AS76_FFP6.a(PWM_Buzzer.o)
 .debug_aranges
                0x000010e8       0x60 .\CortexM3\ARM_GCC_541\Debug\AS76_FFP6.a(QuadDec_Y.o)
 .debug_aranges
                0x00001148       0x20 .\CortexM3\ARM_GCC_541\Debug\AS76_FFP6.a(QuadDec_Y_INT.o)
 .debug_aranges
                0x00001168       0x78 .\CortexM3\ARM_GCC_541\Debug\AS76_FFP6.a(PWM_BarcodeCondenser_LED.o)
 .debug_aranges
                0x000011e0       0x38 .\CortexM3\ARM_GCC_541\Debug\AS76_FFP6.a(LED3.o)
 .debug_aranges
                0x00001218       0x28 .\CortexM3\ARM_GCC_541\Debug\AS76_FFP6.a(Encoder_T_Z_Select.o)
 .debug_aranges
                0x00001240       0x38 .\CortexM3\ARM_GCC_541\Debug\AS76_FFP6.a(TMC5160_MotorX_EN.o)
 .debug_aranges
                0x00001278       0x38 .\CortexM3\ARM_GCC_541\Debug\AS76_FFP6.a(TMC5160_MotorY_EN.o)
 .debug_aranges
                0x000012b0       0x38 .\CortexM3\ARM_GCC_541\Debug\AS76_FFP6.a(TMC5160_MotorZ_EN.o)
 .debug_aranges
                0x000012e8       0x38 .\CortexM3\ARM_GCC_541\Debug\AS76_FFP6.a(TMC5160_MotorT_EN.o)
 .debug_aranges
                0x00001320       0x38 .\CortexM3\ARM_GCC_541\Debug\AS76_FFP6.a(TMC5160_MotorO_EN.o)
 .debug_aranges
                0x00001358       0x98 .\CortexM3\ARM_GCC_541\Debug\AS76_FFP6.a(QuadDec_TZ_Cnt16.o)
 .debug_aranges
                0x000013f0       0x98 .\CortexM3\ARM_GCC_541\Debug\AS76_FFP6.a(QuadDec_Y_Cnt16.o)
 .debug_aranges
                0x00001488       0x88 .\CortexM3\ARM_GCC_541\Debug\AS76_FFP6.a(wait_timer.o)
 .debug_aranges
                0x00001510       0x80 .\CortexM3\ARM_GCC_541\Debug\AS76_FFP6.a(wait_interrupt.o)
 .debug_aranges
                0x00001590       0x38 .\CortexM3\ARM_GCC_541\Debug\AS76_FFP6.a(Pin_SDO_RGB.o)
 .debug_aranges
                0x000015c8       0x38 .\CortexM3\ARM_GCC_541\Debug\AS76_FFP6.a(Pin_Clock_RGB.o)
 .debug_aranges
                0x00001600       0x20 .\CortexM3\ARM_GCC_541\Debug\AS76_FFP6.a(CyBootAsmGnu.o)
 .debug_aranges
                0x00001620       0x88 .\CortexM3\ARM_GCC_541\Debug\AS76_FFP6.a(CyFlash.o)
 .debug_aranges
                0x000016a8       0x80 .\CortexM3\ARM_GCC_541\Debug\AS76_FFP6.a(CySpc.o)
 .debug_aranges
                0x00001728       0x20 .\CortexM3\ARM_GCC_541\Debug\AS76_FFP6.a(USB_cls.o)
 .debug_aranges
                0x00001748       0x18 .\CortexM3\ARM_GCC_541\Debug\AS76_FFP6.a(USB_descr.o)

.debug_pubnames
 *(.debug_pubnames)

.debug_info     0x00000000    0x11fb1
 *(.debug_info .gnu.linkonce.wi.*)
 .debug_info    0x00000000      0x56f .\CortexM3\ARM_GCC_541\Debug\main.o
 .debug_info    0x0000056f     0x5238 .\CortexM3\ARM_GCC_541\Debug\AS76.o
 .debug_info    0x000057a7      0xe4f .\CortexM3\ARM_GCC_541\Debug\APA102.o
 .debug_info    0x000065f6      0x7ff .\CortexM3\ARM_GCC_541\Debug\cyfitter_cfg.o
 .debug_info    0x00006df5      0x10e .\CortexM3\ARM_GCC_541\Debug\cymetadata.o
 .debug_info    0x00006f03      0x3bb .\CortexM3\ARM_GCC_541\Debug\Cm3Start.o
 .debug_info    0x000072be      0x11f .\CortexM3\ARM_GCC_541\Debug\AS76_FFP6.a(Pin_CSMotorX.o)
 .debug_info    0x000073dd      0x11f .\CortexM3\ARM_GCC_541\Debug\AS76_FFP6.a(Pin_CSMotorY.o)
 .debug_info    0x000074fc      0x11f .\CortexM3\ARM_GCC_541\Debug\AS76_FFP6.a(Pin_CSMotorZ.o)
 .debug_info    0x0000761b      0x719 .\CortexM3\ARM_GCC_541\Debug\AS76_FFP6.a(SPIM.o)
 .debug_info    0x00007d34      0x19d .\CortexM3\ARM_GCC_541\Debug\AS76_FFP6.a(SPIM_INT.o)
 .debug_info    0x00007ed1     0x1374 .\CortexM3\ARM_GCC_541\Debug\AS76_FFP6.a(CyLib.o)
 .debug_info    0x00009245      0xa2a .\CortexM3\ARM_GCC_541\Debug\AS76_FFP6.a(cyPm.o)
 .debug_info    0x00009c6f      0x9c1 .\CortexM3\ARM_GCC_541\Debug\AS76_FFP6.a(USB.o)
 .debug_info    0x0000a630      0xaf7 .\CortexM3\ARM_GCC_541\Debug\AS76_FFP6.a(USB_cdc.o)
 .debug_info    0x0000b127      0x655 .\CortexM3\ARM_GCC_541\Debug\AS76_FFP6.a(USB_drv.o)
 .debug_info    0x0000b77c      0x254 .\CortexM3\ARM_GCC_541\Debug\AS76_FFP6.a(USB_episr.o)
 .debug_info    0x0000b9d0      0x43b .\CortexM3\ARM_GCC_541\Debug\AS76_FFP6.a(USB_hid.o)
 .debug_info    0x0000be0b      0x2e4 .\CortexM3\ARM_GCC_541\Debug\AS76_FFP6.a(USB_pm.o)
 .debug_info    0x0000c0ef      0xb36 .\CortexM3\ARM_GCC_541\Debug\AS76_FFP6.a(USB_std.o)
 .debug_info    0x0000cc25      0x1be .\CortexM3\ARM_GCC_541\Debug\AS76_FFP6.a(USB_vnd.o)
 .debug_info    0x0000cde3      0x174 .\CortexM3\ARM_GCC_541\Debug\AS76_FFP6.a(USB_Dp.o)
 .debug_info    0x0000cf57      0x27e .\CortexM3\ARM_GCC_541\Debug\AS76_FFP6.a(PWM_CondenserLED.o)
 .debug_info    0x0000d1d5      0x283 .\CortexM3\ARM_GCC_541\Debug\AS76_FFP6.a(SPIM_IntClock.o)
 .debug_info    0x0000d458      0x357 .\CortexM3\ARM_GCC_541\Debug\AS76_FFP6.a(QuadDec_X.o)
 .debug_info    0x0000d7af       0xf3 .\CortexM3\ARM_GCC_541\Debug\AS76_FFP6.a(QuadDec_X_INT.o)
 .debug_info    0x0000d8a2      0x348 .\CortexM3\ARM_GCC_541\Debug\AS76_FFP6.a(QuadDec_X_Cnt16.o)
 .debug_info    0x0000dbea      0x72d .\CortexM3\ARM_GCC_541\Debug\AS76_FFP6.a(UART_PCB_LOG.o)
 .debug_info    0x0000e317      0x14c .\CortexM3\ARM_GCC_541\Debug\AS76_FFP6.a(UART_PCB_LOG_INT.o)
 .debug_info    0x0000e463      0x283 .\CortexM3\ARM_GCC_541\Debug\AS76_FFP6.a(UART_PCB_LOG_IntClock.o)
 .debug_info    0x0000e6e6      0x11f .\CortexM3\ARM_GCC_541\Debug\AS76_FFP6.a(Pin_Backlight.o)
 .debug_info    0x0000e805      0x11f .\CortexM3\ARM_GCC_541\Debug\AS76_FFP6.a(LED2.o)
 .debug_info    0x0000e924      0x11f .\CortexM3\ARM_GCC_541\Debug\AS76_FFP6.a(Pin_CSMotorO.o)
 .debug_info    0x0000ea43      0x11f .\CortexM3\ARM_GCC_541\Debug\AS76_FFP6.a(Pin_CSMotorT.o)
 .debug_info    0x0000eb62      0x357 .\CortexM3\ARM_GCC_541\Debug\AS76_FFP6.a(QuadDec_TZ.o)
 .debug_info    0x0000eeb9       0xf3 .\CortexM3\ARM_GCC_541\Debug\AS76_FFP6.a(QuadDec_TZ_INT.o)
 .debug_info    0x0000efac      0x27f .\CortexM3\ARM_GCC_541\Debug\AS76_FFP6.a(PWM_Buzzer.o)
 .debug_info    0x0000f22b      0x357 .\CortexM3\ARM_GCC_541\Debug\AS76_FFP6.a(QuadDec_Y.o)
 .debug_info    0x0000f582       0xf3 .\CortexM3\ARM_GCC_541\Debug\AS76_FFP6.a(QuadDec_Y_INT.o)
 .debug_info    0x0000f675      0x27e .\CortexM3\ARM_GCC_541\Debug\AS76_FFP6.a(PWM_BarcodeCondenser_LED.o)
 .debug_info    0x0000f8f3      0x11f .\CortexM3\ARM_GCC_541\Debug\AS76_FFP6.a(LED3.o)
 .debug_info    0x0000fa12       0xd6 .\CortexM3\ARM_GCC_541\Debug\AS76_FFP6.a(Encoder_T_Z_Select.o)
 .debug_info    0x0000fae8      0x11f .\CortexM3\ARM_GCC_541\Debug\AS76_FFP6.a(TMC5160_MotorX_EN.o)
 .debug_info    0x0000fc07      0x11f .\CortexM3\ARM_GCC_541\Debug\AS76_FFP6.a(TMC5160_MotorY_EN.o)
 .debug_info    0x0000fd26      0x11f .\CortexM3\ARM_GCC_541\Debug\AS76_FFP6.a(TMC5160_MotorZ_EN.o)
 .debug_info    0x0000fe45      0x11f .\CortexM3\ARM_GCC_541\Debug\AS76_FFP6.a(TMC5160_MotorT_EN.o)
 .debug_info    0x0000ff64      0x11f .\CortexM3\ARM_GCC_541\Debug\AS76_FFP6.a(TMC5160_MotorO_EN.o)
 .debug_info    0x00010083      0x348 .\CortexM3\ARM_GCC_541\Debug\AS76_FFP6.a(QuadDec_TZ_Cnt16.o)
 .debug_info    0x000103cb      0x348 .\CortexM3\ARM_GCC_541\Debug\AS76_FFP6.a(QuadDec_Y_Cnt16.o)
 .debug_info    0x00010713      0x295 .\CortexM3\ARM_GCC_541\Debug\AS76_FFP6.a(wait_timer.o)
 .debug_info    0x000109a8      0x2d2 .\CortexM3\ARM_GCC_541\Debug\AS76_FFP6.a(wait_interrupt.o)
 .debug_info    0x00010c7a      0x11f .\CortexM3\ARM_GCC_541\Debug\AS76_FFP6.a(Pin_SDO_RGB.o)
 .debug_info    0x00010d99      0x11f .\CortexM3\ARM_GCC_541\Debug\AS76_FFP6.a(Pin_Clock_RGB.o)
 .debug_info    0x00010eb8       0x92 .\CortexM3\ARM_GCC_541\Debug\AS76_FFP6.a(CyBootAsmGnu.o)
 .debug_info    0x00010f4a      0x62d .\CortexM3\ARM_GCC_541\Debug\AS76_FFP6.a(CyFlash.o)
 .debug_info    0x00011577      0x53c .\CortexM3\ARM_GCC_541\Debug\AS76_FFP6.a(CySpc.o)
 .debug_info    0x00011ab3      0x1f2 .\CortexM3\ARM_GCC_541\Debug\AS76_FFP6.a(USB_cls.o)
 .debug_info    0x00011ca5      0x30c .\CortexM3\ARM_GCC_541\Debug\AS76_FFP6.a(USB_descr.o)

.debug_abbrev   0x00000000     0x3c73
 *(.debug_abbrev)
 .debug_abbrev  0x00000000       0xf6 .\CortexM3\ARM_GCC_541\Debug\main.o
 .debug_abbrev  0x000000f6      0x28e .\CortexM3\ARM_GCC_541\Debug\AS76.o