Archive member included to satisfy reference by file (symbol)

.\CortexM3\ARM_GCC_541\Debug\AS76_FFP6.a(Pin_CSMotorX.o)
                              .\CortexM3\ARM_GCC_541\Debug\AS76.o (Pin_CSMotorX_Write)
.\CortexM3\ARM_GCC_541\Debug\AS76_FFP6.a(Pin_CSMotorY.o)
                              .\CortexM3\ARM_GCC_541\Debug\AS76.o (Pin_CSMotorY_Write)
.\CortexM3\ARM_GCC_541\Debug\AS76_FFP6.a(Pin_CSMotorZ.o)
                              .\CortexM3\ARM_GCC_541\Debug\AS76.o (Pin_CSMotorZ_Write)
.\CortexM3\ARM_GCC_541\Debug\AS76_FFP6.a(SPIM.o)
                              .\CortexM3\ARM_GCC_541\Debug\AS76.o (SPIM_WriteTxData)
.\CortexM3\ARM_GCC_541\Debug\AS76_FFP6.a(SPIM_INT.o)
                              .\CortexM3\ARM_GCC_541\Debug\AS76_FFP6.a(SPIM.o) (SPIM_TX_ISR)
.\CortexM3\ARM_GCC_541\Debug\AS76_FFP6.a(CyLib.o)
                              .\CortexM3\ARM_GCC_541\Debug\Cm3Start.o (CyHalt)
.\CortexM3\ARM_GCC_541\Debug\AS76_FFP6.a(cyPm.o)
                              .\CortexM3\ARM_GCC_541\Debug\AS76_FFP6.a(CyLib.o) (CyPmReadStatus)
.\CortexM3\ARM_GCC_541\Debug\AS76_FFP6.a(USB.o)
                              .\CortexM3\ARM_GCC_541\Debug\AS76.o (USB_Start)
.\CortexM3\ARM_GCC_541\Debug\AS76_FFP6.a(USB_cdc.o)
                              .\CortexM3\ARM_GCC_541\Debug\AS76.o (USB_CDC_Init)
.\CortexM3\ARM_GCC_541\Debug\AS76_FFP6.a(USB_drv.o)
                              .\CortexM3\ARM_GCC_541\Debug\AS76_FFP6.a(USB.o) (USB_lastPacketSize)
.\CortexM3\ARM_GCC_541\Debug\AS76_FFP6.a(USB_episr.o)
                              .\CortexM3\ARM_GCC_541\Debug\AS76_FFP6.a(USB.o) (USB_EP_1_ISR)
.\CortexM3\ARM_GCC_541\Debug\AS76_FFP6.a(USB_hid.o)
                              .\CortexM3\ARM_GCC_541\Debug\AS76_FFP6.a(USB.o) (USB_hidProtocol)
.\CortexM3\ARM_GCC_541\Debug\AS76_FFP6.a(USB_pm.o)
                              .\CortexM3\ARM_GCC_541\Debug\AS76_FFP6.a(USB.o) (USB_DP_ISR)
.\CortexM3\ARM_GCC_541\Debug\AS76_FFP6.a(USB_std.o)
                              .\CortexM3\ARM_GCC_541\Debug\AS76_FFP6.a(USB_pm.o) (USB_ConfigReg)
.\CortexM3\ARM_GCC_541\Debug\AS76_FFP6.a(USB_vnd.o)
                              .\CortexM3\ARM_GCC_541\Debug\AS76_FFP6.a(USB_drv.o) (USB_HandleVendorRqst)
.\CortexM3\ARM_GCC_541\Debug\AS76_FFP6.a(USB_Dp.o)
                              .\CortexM3\ARM_GCC_541\Debug\AS76_FFP6.a(USB.o) (USB_Dp_ClearInterrupt)
.\CortexM3\ARM_GCC_541\Debug\AS76_FFP6.a(PWM_CondenserLED.o)
                              .\CortexM3\ARM_GCC_541\Debug\AS76.o (PWM_CondenserLED_WriteCompare)
.\CortexM3\ARM_GCC_541\Debug\AS76_FFP6.a(SPIM_IntClock.o)
                              .\CortexM3\ARM_GCC_541\Debug\AS76_FFP6.a(SPIM.o) (SPIM_IntClock_Start)
.\CortexM3\ARM_GCC_541\Debug\AS76_FFP6.a(QuadDec_X.o)
                              .\CortexM3\ARM_GCC_541\Debug\main.o (QuadDec_X_SetCounter)
.\CortexM3\ARM_GCC_541\Debug\AS76_FFP6.a(QuadDec_X_INT.o)
                              .\CortexM3\ARM_GCC_541\Debug\AS76_FFP6.a(QuadDec_X.o) (QuadDec_X_ISR)
.\CortexM3\ARM_GCC_541\Debug\AS76_FFP6.a(QuadDec_X_Cnt16.o)
                              .\CortexM3\ARM_GCC_541\Debug\AS76_FFP6.a(QuadDec_X.o) (QuadDec_X_Cnt16_Stop)
.\CortexM3\ARM_GCC_541\Debug\AS76_FFP6.a(UART_PCB_LOG.o)
                              .\CortexM3\ARM_GCC_541\Debug\main.o (UART_PCB_LOG_Start)
.\CortexM3\ARM_GCC_541\Debug\AS76_FFP6.a(UART_PCB_LOG_INT.o)
                              .\CortexM3\ARM_GCC_541\Debug\AS76_FFP6.a(UART_PCB_LOG.o) (UART_PCB_LOG_RXISR)
.\CortexM3\ARM_GCC_541\Debug\AS76_FFP6.a(UART_PCB_LOG_IntClock.o)
                              .\CortexM3\ARM_GCC_541\Debug\AS76_FFP6.a(UART_PCB_LOG.o) (UART_PCB_LOG_IntClock_Start)
.\CortexM3\ARM_GCC_541\Debug\AS76_FFP6.a(Pin_Backlight.o)
                              .\CortexM3\ARM_GCC_541\Debug\AS76.o (Pin_Backlight_Write)
.\CortexM3\ARM_GCC_541\Debug\AS76_FFP6.a(LED2.o)
                              .\CortexM3\ARM_GCC_541\Debug\main.o (LED2_Write)
.\CortexM3\ARM_GCC_541\Debug\AS76_FFP6.a(Pin_CSMotorO.o)
                              .\CortexM3\ARM_GCC_541\Debug\AS76.o (Pin_CSMotorO_Write)
.\CortexM3\ARM_GCC_541\Debug\AS76_FFP6.a(Pin_CSMotorT.o)
                              .\CortexM3\ARM_GCC_541\Debug\AS76.o (Pin_CSMotorT_Write)
.\CortexM3\ARM_GCC_541\Debug\AS76_FFP6.a(QuadDec_TZ.o)
                              .\CortexM3\ARM_GCC_541\Debug\AS76.o (QuadDec_TZ_GetCounter)
.\CortexM3\ARM_GCC_541\Debug\AS76_FFP6.a(QuadDec_TZ_INT.o)
                              .\CortexM3\ARM_GCC_541\Debug\AS76_FFP6.a(QuadDec_TZ.o) (QuadDec_TZ_ISR)
.\CortexM3\ARM_GCC_541\Debug\AS76_FFP6.a(PWM_Buzzer.o)
                              .\CortexM3\ARM_GCC_541\Debug\AS76.o (PWM_Buzzer_WriteCompare)
.\CortexM3\ARM_GCC_541\Debug\AS76_FFP6.a(QuadDec_Y.o)
                              .\CortexM3\ARM_GCC_541\Debug\AS76.o (QuadDec_Y_GetCounter)
.\CortexM3\ARM_GCC_541\Debug\AS76_FFP6.a(QuadDec_Y_INT.o)
                              .\CortexM3\ARM_GCC_541\Debug\AS76_FFP6.a(QuadDec_Y.o) (QuadDec_Y_ISR)
[...]
Memory Configuration

Name             Origin             Length             Attributes
rom              0x00000000         0x00040000         xr
ram              0x1fff8000         0x00010000         xrw
*default*        0x00000000         0xffffffff

Linker script and memory map

LOAD c:/program files (x86)/cypress/psoc creator/4.4/psoc creator/import/gnu/arm/5.4.1/bin/../lib/gcc/arm-none-eabi/5.4.1/armv7-m/crti.o
LOAD c:/program files (x86)/cypress/psoc creator/4.4/psoc creator/import/gnu/arm/5.4.1/bin/../lib/gcc/arm-none-eabi/5.4.1/armv7-m/crtbegin.o
LOAD c:/program files (x86)/cypress/psoc creator/4.4/psoc creator/import/gnu/arm/5.4.1/bin/../lib/gcc/arm-none-eabi/5.4.1/../../../../arm-none-eabi/lib/armv7-m/crt0.o
START GROUP
LOAD .\CortexM3\ARM_GCC_541\Debug\main.o
LOAD .\CortexM3\ARM_GCC_541\Debug\AS76.o
LOAD .\CortexM3\ARM_GCC_541\Debug\cyfitter_cfg.o
LOAD .\CortexM3\ARM_GCC_541\Debug\cymetadata.o
LOAD .\CortexM3\ARM_GCC_541\Debug\Cm3Start.o
LOAD .\CortexM3\ARM_GCC_541\Debug\AS76_FFP6.a
LOAD C:\Program Files (x86)\Cypress\PSoC Creator\4.4\PSoC Creator\psoc\content\cycomponentlibrary\CyComponentLibrary.cylib\CortexM3\ARM_GCC_541\Debug\CyComponentLibrary.a
LOAD c:/program files (x86)/cypress/psoc creator/4.4/psoc creator/import/gnu/arm/5.4.1/bin/../lib/gcc/arm-none-eabi/5.4.1/../../../../arm-none-eabi/lib/armv7-m\libm.a
END GROUP
START GROUP
LOAD c:/program files (x86)/cypress/psoc creator/4.4/psoc creator/import/gnu/arm/5.4.1/bin/../lib/gcc/arm-none-eabi/5.4.1/armv7-m\libgcc.a
LOAD c:/program files (x86)/cypress/psoc creator/4.4/psoc creator/import/gnu/arm/5.4.1/bin/../lib/gcc/arm-none-eabi/5.4.1/../../../../arm-none-eabi/lib/armv7-m\libg_nano.a
LOAD c:/program files (x86)/cypress/psoc creator/4.4/psoc creator/import/gnu/arm/5.4.1/bin/../lib/gcc/arm-none-eabi/5.4.1/../../../../arm-none-eabi/lib/armv7-m\libc_nano.a
END GROUP
START GROUP
LOAD c:/program files (x86)/cypress/psoc creator/4.4/psoc creator/import/gnu/arm/5.4.1/bin/../lib/gcc/arm-none-eabi/5.4.1/armv7-m\libgcc.a
LOAD c:/program files (x86)/cypress/psoc creator/4.4/psoc creator/import/gnu/arm/5.4.1/bin/../lib/gcc/arm-none-eabi/5.4.1/../../../../arm-none-eabi/lib/armv7-m\libc_nano.a
END GROUP
LOAD c:/program files (x86)/cypress/psoc creator/4.4/psoc creator/import/gnu/arm/5.4.1/bin/../lib/gcc/arm-none-eabi/5.4.1/armv7-m/crtend.o
LOAD c:/program files (x86)/cypress/psoc creator/4.4/psoc creator/import/gnu/arm/5.4.1/bin/../lib/gcc/arm-none-eabi/5.4.1/armv7-m/crtn.o
START GROUP
LOAD c:/program files (x86)/cypress/psoc creator/4.4/psoc creator/import/gnu/arm/5.4.1/bin/../lib/gcc/arm-none-eabi/5.4.1/armv7-m\libgcc.a
LOAD c:/program files (x86)/cypress/psoc creator/4.4/psoc creator/import/gnu/arm/5.4.1/bin/../lib/gcc/arm-none-eabi/5.4.1/../../../../arm-none-eabi/lib/armv7-m\libc.a
LOAD c:/program files (x86)/cypress/psoc creator/4.4/psoc creator/import/gnu/arm/5.4.1/bin/../lib/gcc/arm-none-eabi/5.4.1/../../../../arm-none-eabi/lib/armv7-m\libnosys.a
END GROUP
                0x00000000                CY_APPL_ORIGIN = 0x0
                0x00000100                CY_FLASH_ROW_SIZE = 0x100
                0x00000020                CY_ECC_ROW_SIZE = 0x20
                0x00000000                CY_EE_IN_BTLDR = 0x0
                0x00000000                CY_APPL_LOADABLE = 0x0
                0x00000800                CY_EE_SIZE = 0x800
                0x00000001                CY_APPL_NUM = 0x1
                0x00000001                CY_APPL_MAX = 0x1
                0x00000040                CY_METADATA_SIZE = 0x40
                0x00000000                CY_APPL_LOADABLE = 0x0
                0x00000000                CY_CHECKSUM_EXCLUDE_SIZE = ALIGN (0x0, CY_FLASH_ROW_SIZE)
                [!provide]                PROVIDE (__cy_heap_start, _end)
                0x00000001                PROVIDE (__cy_region_num, ((__cy_regions_end - __cy_regions) / 0x10))
                0x20008000                PROVIDE (__cy_stack, (ORIGIN (ram) + LENGTH (ram)))
                [!provide]                PROVIDE (__cy_heap_end, (__cy_stack - 0x800))

.cybootloader   0x00000000        0x0
 *(.cybootloader)
                0x00000000                appl1_start = CY_APPL_ORIGIN?CY_APPL_ORIGIN:ALIGN (CY_FLASH_ROW_SIZE)
                0x0001ff00                appl2_start = (appl1_start + ALIGN ((((LENGTH (rom) - appl1_start) - (0x2 * CY_FLASH_ROW_SIZE)) / 0x2), CY_FLASH_ROW_SIZE))
                0x00000000                appl_start = (CY_APPL_NUM == 0x1)?appl1_start:appl2_start
                0x00000000                ecc_offset = ((appl_start / CY_FLASH_ROW_SIZE) * CY_ECC_ROW_SIZE)
                0x00000000                ee_offset = (CY_APPL_LOADABLE && ! (CY_EE_IN_BTLDR))?((CY_EE_SIZE / CY_APPL_MAX) * (CY_APPL_NUM - 0x1)):0x0
                0x00000800                ee_size = (CY_APPL_LOADABLE && ! (CY_EE_IN_BTLDR))?(CY_EE_SIZE / CY_APPL_MAX):CY_EE_SIZE
                [!provide]                PROVIDE (CY_ECC_OFFSET, ecc_offset)

.text           0x00000000     0x6644
 CREATE_OBJECT_SYMBOLS
                0x00000000                PROVIDE (__cy_interrupt_vector, RomVectors)
 *(.romvectors)
 .romvectors    0x00000000       0x10 .\CortexM3\ARM_GCC_541\Debug\Cm3Start.o
                0x00000000                RomVectors
                0x00000001                ASSERT ((. != __cy_interrupt_vector), No interrupt vector)
                0x00000001                ASSERT (CY_APPL_ORIGIN?(SIZEOF (.cybootloader) <= CY_APPL_ORIGIN):0x1, Wrong image location)
                0x00000010                PROVIDE (__cy_reset, Reset)
 *(.text.Reset)
 .text.Reset    0x00000010       0x18 .\CortexM3\ARM_GCC_541\Debug\Cm3Start.o
                0x00000010                Reset
                0x00000001                ASSERT ((. != __cy_reset), No reset code)
 *(.dma_init)
                0x00000001                ASSERT ((((appl_start + .) <= 0x10000) || 0x1), DMA Init must be within the first 64k of flash)
 *(.text .text.* .gnu.linkonce.t.*)
 .text          0x00000028       0x5c c:/program files (x86)/cypress/psoc creator/4.4/psoc creator/import/gnu/arm/5.4.1/bin/../lib/gcc/arm-none-eabi/5.4.1/armv7-m/crtbegin.o
 .text.main     0x00000084       0xe4 .\CortexM3\ARM_GCC_541\Debug\main.o
                0x00000084                main
 .text.wait_interrupt_Handler
                0x00000168       0x24 .\CortexM3\ARM_GCC_541\Debug\AS76.o
                0x00000168                wait_interrupt_Handler
 .text.Initialize_PWM
                0x0000018c       0x50 .\CortexM3\ARM_GCC_541\Debug\AS76.o
                0x0000018c                Initialize_PWM
 .text.Enable_Encoder_T
                0x000001dc       0x18 .\CortexM3\ARM_GCC_541\Debug\AS76.o
                0x000001dc                Enable_Encoder_T
 .text.Enable_Encoder_Z
                0x000001f4       0x18 .\CortexM3\ARM_GCC_541\Debug\AS76.o
                0x000001f4                Enable_Encoder_Z
 .text.Initialize_And_Start_All_Opt_Encoder
                0x0000020c       0x2c .\CortexM3\ARM_GCC_541\Debug\AS76.o
                0x0000020c                Initialize_And_Start_All_Opt_Encoder
 .text.Read_All_Optical_Encoder
                0x00000238       0x40 .\CortexM3\ARM_GCC_541\Debug\AS76.o
                0x00000238                Read_All_Optical_Encoder
 .text.Write_Debug_UART_Char
                0x00000278       0x2c .\CortexM3\ARM_GCC_541\Debug\AS76.o
                0x00000278                Write_Debug_UART_Char
 .text.Beep_Twice
                0x000002a4       0x40 .\CortexM3\ARM_GCC_541\Debug\AS76.o
                0x000002a4                Beep_Twice
 *fill*         0x000002e4        0x4 
 .text.Send_Feedback_to_USB
                0x000002e8      0x2e4 .\CortexM3\ARM_GCC_541\Debug\AS76.o
                0x000002e8                Send_Feedback_to_USB
 .text.Initialize_USB
                0x000005cc       0x38 .\CortexM3\ARM_GCC_541\Debug\AS76.o
                0x000005cc                Initialize_USB
 .text.Write_Debug_UART_Int
                0x00000604       0x24 .\CortexM3\ARM_GCC_541\Debug\AS76.o
                0x00000604                Write_Debug_UART_Int
 .text.set_BarcodeCondenser_LED
                0x00000628       0x70 .\CortexM3\ARM_GCC_541\Debug\AS76.o
                0x00000628                set_BarcodeCondenser_LED
 .text.set_CondenserLED
                0x00000698       0x70 .\CortexM3\ARM_GCC_541\Debug\AS76.o
                0x00000698                set_CondenserLED
 .text.UART_print_all_values
                0x00000708       0x24 .\CortexM3\ARM_GCC_541\Debug\AS76.o
                0x00000708                UART_print_all_values
 .text.if_all_homing_done
                0x0000072c       0x7c .\CortexM3\ARM_GCC_541\Debug\AS76.o
                0x0000072c                if_all_homing_done
 .text.Is_USB_Unpluged
                0x000007a8       0x40 .\CortexM3\ARM_GCC_541\Debug\AS76.o
                0x000007a8                Is_USB_Unpluged
 .text.Data_To_Transfer
                0x000007e8       0x10 .\CortexM3\ARM_GCC_541\Debug\AS76.o
                0x000007e8                Data_To_Transfer
 .text.SPI_MOTOR_CHIP_SELECT
                0x000007f8       0x98 .\CortexM3\ARM_GCC_541\Debug\AS76.o
                0x000007f8                SPI_MOTOR_CHIP_SELECT
 .text.Read_32bitSPI_DATA
                0x00000890       0xec .\CortexM3\ARM_GCC_541\Debug\AS76.o
                0x00000890                Read_32bitSPI_DATA
 .text.Write_32bitSPI_DATA
                0x0000097c       0x40 .\CortexM3\ARM_GCC_541\Debug\AS76.o
                0x0000097c                Write_32bitSPI_DATA
 .text.GotoPos  0x000009bc       0x28 .\CortexM3\ARM_GCC_541\Debug\AS76.o
                0x000009bc                GotoPos
 .text.Initialize_Motor
                0x000009e4      0x288 .\CortexM3\ARM_GCC_541\Debug\AS76.o
                0x000009e4                Initialize_Motor
 .text.WaitTillPositionReached
                0x00000c6c       0x68 .\CortexM3\ARM_GCC_541\Debug\AS76.o
                0x00000c6c                WaitTillPositionReached
 .text.goTo_X   0x00000cd4       0x78 .\CortexM3\ARM_GCC_541\Debug\AS76.o
                0x00000cd4                goTo_X
 *fill*         0x00000d4c        0x4 
 .text.Step_correction_y
                0x00000d50      0x168 .\CortexM3\ARM_GCC_541\Debug\AS76.o
                0x00000d50                Step_correction_y
 .text.goTo_Y   0x00000eb8       0x74 .\CortexM3\ARM_GCC_541\Debug\AS76.o
                0x00000eb8                goTo_Y
 *fill*         0x00000f2c        0x4 
 .text.Step_correction_z
                0x00000f30      0x164 .\CortexM3\ARM_GCC_541\Debug\AS76.o
                0x00000f30                Step_correction_z
 .text.goTo_Z   0x00001094       0x84 .\CortexM3\ARM_GCC_541\Debug\AS76.o
                0x00001094                goTo_Z
 .text.Step_correction_t
                0x00001118       0xf0 .\CortexM3\ARM_GCC_541\Debug\AS76.o
                0x00001118                Step_correction_t
 .text.goTo_T   0x00001208       0x9c .\CortexM3\ARM_GCC_541\Debug\AS76.o
                0x00001208                goTo_T
 .text.goTo_XYZ
                0x000012a4       0x9c .\CortexM3\ARM_GCC_541\Debug\AS76.o
                0x000012a4                goTo_XYZ
 .text.update_max_velocity
                0x00001340       0x10 .\CortexM3\ARM_GCC_541\Debug\AS76.o
                0x00001340                update_max_velocity
 .text.homeX    0x00001350      0x1f8 .\CortexM3\ARM_GCC_541\Debug\AS76.o
                0x00001350                homeX
 .text.homeY    0x00001548      0x1f4 .\CortexM3\ARM_GCC_541\Debug\AS76.o
                0x00001548                homeY
 .text.homeZ    0x0000173c      0x1ec .\CortexM3\ARM_GCC_541\Debug\AS76.o
                0x0000173c                homeZ
 .text.homeT    0x00001928      0x184 .\CortexM3\ARM_GCC_541\Debug\AS76.o
                0x00001928                homeT
 .text.run_pump
                0x00001aac      0x1b8 .\CortexM3\ARM_GCC_541\Debug\AS76.o
                0x00001aac                run_pump
 .text.run_pumpvs
                0x00001c64       0x80 .\CortexM3\ARM_GCC_541\Debug\AS76.o
                0x00001c64                run_pumpvs
 *fill*         0x00001ce4        0x4 
 .text.Process_USB_Data
                0x00001ce8      0x9d0 .\CortexM3\ARM_GCC_541\Debug\AS76.o
                0x00001ce8                Process_USB_Data
 .text.CyClockStartupError
                0x000026b8        0x4 .\CortexM3\ARM_GCC_541\Debug\cyfitter_cfg.o
 .text.cfg_write_bytes32
                0x000026bc       0x34 .\CortexM3\ARM_GCC_541\Debug\cyfitter_cfg.o
 .text.AnalogSetDefault
                0x000026f0       0x28 .\CortexM3\ARM_GCC_541\Debug\cyfitter_cfg.o
 .text.CYMEMZERO
                0x00002718        0xc .\CortexM3\ARM_GCC_541\Debug\cyfitter_cfg.o
 .text.CYCONFIGCPYCODE
                0x00002724        0x8 .\CortexM3\ARM_GCC_541\Debug\cyfitter_cfg.o
 .text.CYCONFIGCPY
                0x0000272c        0x8 .\CortexM3\ARM_GCC_541\Debug\cyfitter_cfg.o
 .text.ClockSetup
                0x00002734       0xe8 .\CortexM3\ARM_GCC_541\Debug\cyfitter_cfg.o
 .text.cyfitter_cfg
                0x0000281c      0x160 .\CortexM3\ARM_GCC_541\Debug\cyfitter_cfg.o
                0x0000281c                cyfitter_cfg
 .text.IntDefaultHandler
                0x0000297c       0x10 .\CortexM3\ARM_GCC_541\Debug\Cm3Start.o
                0x0000297c                IntDefaultHandler
 .text._sbrk    0x0000298c       0x30 .\CortexM3\ARM_GCC_541\Debug\Cm3Start.o
                0x0000298c                _sbrk
 .text.Start_c  0x000029bc       0x4c .\CortexM3\ARM_GCC_541\Debug\Cm3Start.o
                0x000029bc                Start_c
 .text.initialize_psoc
                0x00002a08       0x68 .\CortexM3\ARM_GCC_541\Debug\Cm3Start.o
                0x00002a08                initialize_psoc
 .text.Pin_CSMotorX_Write
                0x00002a70       0x18 .\CortexM3\ARM_GCC_541\Debug\AS76_FFP6.a(Pin_CSMotorX.o)
                0x00002a70                Pin_CSMotorX_Write
 .text.Pin_CSMotorY_Write
                0x00002a88       0x18 .\CortexM3\ARM_GCC_541\Debug\AS76_FFP6.a(Pin_CSMotorY.o)
                0x00002a88                Pin_CSMotorY_Write
 .text.Pin_CSMotorZ_Write
                0x00002aa0       0x18 .\CortexM3\ARM_GCC_541\Debug\AS76_FFP6.a(Pin_CSMotorZ.o)
                0x00002aa0                Pin_CSMotorZ_Write
 .text.SPIM_EnableTxInt
                0x00002ab8        0xc .\CortexM3\ARM_GCC_541\Debug\AS76_FFP6.a(SPIM.o)
                0x00002ab8                SPIM_EnableTxInt
 .text.SPIM_EnableRxInt
                0x00002ac4        0xc .\CortexM3\ARM_GCC_541\Debug\AS76_FFP6.a(SPIM.o)
                0x00002ac4                SPIM_EnableRxInt
 .text.SPIM_Enable
                0x00002ad0       0x3c .\CortexM3\ARM_GCC_541\Debug\AS76_FFP6.a(SPIM.o)
                0x00002ad0                SPIM_Enable
 .text.SPIM_DisableTxInt
                0x00002b0c        0xc .\CortexM3\ARM_GCC_541\Debug\AS76_FFP6.a(SPIM.o)
                0x00002b0c                SPIM_DisableTxInt
 .text.SPIM_DisableRxInt
                0x00002b18        0xc .\CortexM3\ARM_GCC_541\Debug\AS76_FFP6.a(SPIM.o)
                0x00002b18                SPIM_DisableRxInt
 .text.SPIM_ReadTxStatus
                0x00002b24       0x28 .\CortexM3\ARM_GCC_541\Debug\AS76_FFP6.a(SPIM.o)
                0x00002b24                SPIM_ReadTxStatus
 .text.SPIM_ReadRxStatus
                0x00002b4c       0x28 .\CortexM3\ARM_GCC_541\Debug\AS76_FFP6.a(SPIM.o)
                0x00002b4c                SPIM_ReadRxStatus
 .text.SPIM_WriteTxData
                0x00002b74       0xd4 .\CortexM3\ARM_GCC_541\Debug\AS76_FFP6.a(SPIM.o)
                0x00002b74                SPIM_WriteTxData
 .text.SPIM_ReadRxData
                0x00002c48       0x64 .\CortexM3\ARM_GCC_541\Debug\AS76_FFP6.a(SPIM.o)
                0x00002c48                SPIM_ReadRxData
 .text.SPIM_ClearFIFO
                0x00002cac       0x3c .\CortexM3\ARM_GCC_541\Debug\AS76_FFP6.a(SPIM.o)
                0x00002cac                SPIM_ClearFIFO
 .text.SPIM_Init
                0x00002ce8       0x90 .\CortexM3\ARM_GCC_541\Debug\AS76_FFP6.a(SPIM.o)
                0x00002ce8                SPIM_Init
 .text.SPIM_Start
                0x00002d78       0x1c .\CortexM3\ARM_GCC_541\Debug\AS76_FFP6.a(SPIM.o)
                0x00002d78                SPIM_Start
 .text.SPIM_TX_ISR
                0x00002d94       0xa0 .\CortexM3\ARM_GCC_541\Debug\AS76_FFP6.a(SPIM_INT.o)
                0x00002d94                SPIM_TX_ISR
 .text.SPIM_RX_ISR
                0x00002e34       0xa0 .\CortexM3\ARM_GCC_541\Debug\AS76_FFP6.a(SPIM_INT.o)
                0x00002e34                SPIM_RX_ISR
 .text.CyHalt   0x00002ed4        0x4 .\CortexM3\ARM_GCC_541\Debug\AS76_FFP6.a(CyLib.o)
                0x00002ed4                CyHalt
 .text.CySoftwareReset
                0x00002ed8       0x10 .\CortexM3\ARM_GCC_541\Debug\AS76_FFP6.a(CyLib.o)
                0x00002ed8                CySoftwareReset
 .text.CyDelay  0x00002ee8       0x2c .\CortexM3\ARM_GCC_541\Debug\AS76_FFP6.a(CyLib.o)
                0x00002ee8                CyDelay
 .text.CyDelayUs
                0x00002f14       0x14 .\CortexM3\ARM_GCC_541\Debug\AS76_FFP6.a(CyLib.o)
                0x00002f14                CyDelayUs
 .text.CyIntSetVector
                0x00002f28       0x28 .\CortexM3\ARM_GCC_541\Debug\AS76_FFP6.a(CyLib.o)
                0x00002f28                CyIntSetVector
 .text.CyIntSetPriority
                0x00002f50       0x30 .\CortexM3\ARM_GCC_541\Debug\AS76_FFP6.a(CyLib.o)
                0x00002f50                CyIntSetPriority
 .text.CyGetUniqueId
                0x00002f80       0x70 .\CortexM3\ARM_GCC_541\Debug\AS76_FFP6.a(CyLib.o)
                0x00002f80                CyGetUniqueId
 .text.USB_Init
                0x00002ff0      0x140 .\CortexM3\ARM_GCC_541\Debug\AS76_FFP6.a(USB.o)
                0x00002ff0                USB_Init
 .text.USB_InitComponent
                0x00003130       0xd0 .\CortexM3\ARM_GCC_541\Debug\AS76_FFP6.a(USB.o)
                0x00003130                USB_InitComponent
 .text.USB_Start
                0x00003200       0x24 .\CortexM3\ARM_GCC_541\Debug\AS76_FFP6.a(USB.o)
                0x00003200                USB_Start
 .text.USB_ReInitComponent
                0x00003224       0x64 .\CortexM3\ARM_GCC_541\Debug\AS76_FFP6.a(USB.o)
                0x00003224                USB_ReInitComponent
 .text.USB_GetConfiguration
                0x00003288        0xc .\CortexM3\ARM_GCC_541\Debug\AS76_FFP6.a(USB.o)
                0x00003288                USB_GetConfiguration
 .text.USB_IsConfigurationChanged
                0x00003294       0x20 .\CortexM3\ARM_GCC_541\Debug\AS76_FFP6.a(USB.o)
                0x00003294                USB_IsConfigurationChanged
 .text.USB_GetEPState
                0x000032b4       0x14 .\CortexM3\ARM_GCC_541\Debug\AS76_FFP6.a(USB.o)
                0x000032b4                USB_GetEPState
 .text.USB_GetEPCount
                0x000032c8       0x28 .\CortexM3\ARM_GCC_541\Debug\AS76_FFP6.a(USB.o)
                0x000032c8                USB_GetEPCount
 .text.USB_LoadInEP
                0x000032f0       0x94 .\CortexM3\ARM_GCC_541\Debug\AS76_FFP6.a(USB.o)
                0x000032f0                USB_LoadInEP
 .text.USB_EnableOutEP
                0x00003384       0x2c .\CortexM3\ARM_GCC_541\Debug\AS76_FFP6.a(USB.o)
                0x00003384                USB_EnableOutEP
 .text.USB_ReadOutEP
                0x000033b0       0x50 .\CortexM3\ARM_GCC_541\Debug\AS76_FFP6.a(USB.o)
                0x000033b0                USB_ReadOutEP
 .text.USB_EnableSofInt
                0x00003400       0x10 .\CortexM3\ARM_GCC_541\Debug\AS76_FFP6.a(USB.o)
                0x00003400                USB_EnableSofInt
 .text.USB_GetInterfaceComPort
                0x00003410       0x38 .\CortexM3\ARM_GCC_541\Debug\AS76_FFP6.a(USB_cdc.o)
                0x00003410                USB_GetInterfaceComPort
 .text.USB_DispatchCDCClassRqst
                0x00003448       0x98 .\CortexM3\ARM_GCC_541\Debug\AS76_FFP6.a(USB_cdc.o)
                0x00003448                USB_DispatchCDCClassRqst
 .text.USB_CDC_Init
                0x000034e0       0x98 .\CortexM3\ARM_GCC_541\Debug\AS76_FFP6.a(USB_cdc.o)
                0x000034e0                USB_CDC_Init
 .text.USB_PutData
                0x00003578       0x50 .\CortexM3\ARM_GCC_541\Debug\AS76_FFP6.a(USB_cdc.o)
                0x00003578                USB_PutData
 .text.USB_DataIsReady
                0x000035c8       0x18 .\CortexM3\ARM_GCC_541\Debug\AS76_FFP6.a(USB_cdc.o)
                0x000035c8                USB_DataIsReady
 .text.USB_GetAll
                0x000035e0       0x30 .\CortexM3\ARM_GCC_541\Debug\AS76_FFP6.a(USB_cdc.o)
                0x000035e0                USB_GetAll
 .text.USB_Cdc_EpInit
                0x00003610       0x50 .\CortexM3\ARM_GCC_541\Debug\AS76_FFP6.a(USB_cdc.o)
                0x00003610                USB_Cdc_EpInit
 .text.USB_LoadEP0
                0x00003660       0x98 .\CortexM3\ARM_GCC_541\Debug\AS76_FFP6.a(USB_drv.o)
                0x00003660                USB_LoadEP0
 .text.USB_InitZeroLengthControlTransfer
                0x000036f8       0x34 .\CortexM3\ARM_GCC_541\Debug\AS76_FFP6.a(USB_drv.o)
                0x000036f8                USB_InitZeroLengthControlTransfer
 .text.USB_ControlReadDataStage
                0x0000372c        0x8 .\CortexM3\ARM_GCC_541\Debug\AS76_FFP6.a(USB_drv.o)
                0x0000372c                USB_ControlReadDataStage
 .text.USB_ControlWriteDataStage
                0x00003734       0x84 .\CortexM3\ARM_GCC_541\Debug\AS76_FFP6.a(USB_drv.o)
                0x00003734                USB_ControlWriteDataStage
 .text.USB_InitNoDataControlTransfer
                0x000037b8       0x2c .\CortexM3\ARM_GCC_541\Debug\AS76_FFP6.a(USB_drv.o)
                0x000037b8                USB_InitNoDataControlTransfer
 .text.USB_UpdateStatusBlock
                0x000037e4       0x24 .\CortexM3\ARM_GCC_541\Debug\AS76_FFP6.a(USB_drv.o)
                0x000037e4                USB_UpdateStatusBlock
 .text.USB_HandleSetup
                0x00003808       0x5c .\CortexM3\ARM_GCC_541\Debug\AS76_FFP6.a(USB_drv.o)
                0x00003808                USB_HandleSetup
 .text.USB_ControlReadStatusStage
                0x00003864       0x38 .\CortexM3\ARM_GCC_541\Debug\AS76_FFP6.a(USB_drv.o)
                0x00003864                USB_ControlReadStatusStage
 .text.USB_HandleOUT
                0x0000389c       0x38 .\CortexM3\ARM_GCC_541\Debug\AS76_FFP6.a(USB_drv.o)
                0x0000389c                USB_HandleOUT
 .text.USB_ControlWriteStatusStage
                0x000038d4       0x20 .\CortexM3\ARM_GCC_541\Debug\AS76_FFP6.a(USB_drv.o)
                0x000038d4                USB_ControlWriteStatusStage
 .text.USB_NoDataControlStatusStage
                0x000038f4       0x40 .\CortexM3\ARM_GCC_541\Debug\AS76_FFP6.a(USB_drv.o)
                0x000038f4                USB_NoDataControlStatusStage
 .text.USB_HandleIN
                0x00003934       0x2c .\CortexM3\ARM_GCC_541\Debug\AS76_FFP6.a(USB_drv.o)
                0x00003934                USB_HandleIN
 .text.USB_EP_0_ISR
                0x00003960       0xb8 .\CortexM3\ARM_GCC_541\Debug\AS76_FFP6.a(USB_drv.o)
                0x00003960                USB_EP_0_ISR
 .text.USB_InitializeStatusBlock
                0x00003a18       0x24 .\CortexM3\ARM_GCC_541\Debug\AS76_FFP6.a(USB_drv.o)
                0x00003a18                USB_InitializeStatusBlock
 .text.USB_InitControlRead
                0x00003a3c       0x50 .\CortexM3\ARM_GCC_541\Debug\AS76_FFP6.a(USB_drv.o)
                0x00003a3c                USB_InitControlRead
 .text.USB_InitControlWrite
                0x00003a8c       0x48 .\CortexM3\ARM_GCC_541\Debug\AS76_FFP6.a(USB_drv.o)
                0x00003a8c                USB_InitControlWrite
 .text.USB_EP_1_ISR
                0x00003ad4       0x30 .\CortexM3\ARM_GCC_541\Debug\AS76_FFP6.a(USB_episr.o)
                0x00003ad4                USB_EP_1_ISR
 .text.USB_EP_2_ISR
                0x00003b04       0x34 .\CortexM3\ARM_GCC_541\Debug\AS76_FFP6.a(USB_episr.o)
                0x00003b04                USB_EP_2_ISR
 .text.USB_EP_3_ISR
                0x00003b38       0x3c .\CortexM3\ARM_GCC_541\Debug\AS76_FFP6.a(USB_episr.o)
                0x00003b38                USB_EP_3_ISR
 .text.USB_SOF_ISR
                0x00003b74        0x4 .\CortexM3\ARM_GCC_541\Debug\AS76_FFP6.a(USB_episr.o)
                0x00003b74                USB_SOF_ISR
 .text.USB_BUS_RESET_ISR
                0x00003b78        0x8 .\CortexM3\ARM_GCC_541\Debug\AS76_FFP6.a(USB_episr.o)
                0x00003b78                USB_BUS_RESET_ISR
 .text.USB_FindHidClassDecriptor
                0x00003b80       0x44 .\CortexM3\ARM_GCC_541\Debug\AS76_FFP6.a(USB_hid.o)
                0x00003b80                USB_FindHidClassDecriptor
 .text.USB_FindReportDescriptor
                0x00003bc4       0x4c .\CortexM3\ARM_GCC_541\Debug\AS76_FFP6.a(USB_hid.o)
                0x00003bc4                USB_FindReportDescriptor
 .text.USB_FindReport
                0x00003c10       0x80 .\CortexM3\ARM_GCC_541\Debug\AS76_FFP6.a(USB_hid.o)
                0x00003c10                USB_FindReport
 .text.USB_DispatchHIDClassRqst
                0x00003c90      0x184 .\CortexM3\ARM_GCC_541\Debug\AS76_FFP6.a(USB_hid.o)
                0x00003c90                USB_DispatchHIDClassRqst
 .text.USB_DP_ISR
                0x00003e14        0x8 .\CortexM3\ARM_GCC_541\Debug\AS76_FFP6.a(USB_pm.o)
                0x00003e14                USB_DP_ISR
 .text.USB_ReadDieID
                0x00003e1c       0x6c .\CortexM3\ARM_GCC_541\Debug\AS76_FFP6.a(USB_std.o)
                0x00003e1c                USB_ReadDieID
 .text.USB_ConfigReg
                0x00003e88       0xa4 .\CortexM3\ARM_GCC_541\Debug\AS76_FFP6.a(USB_std.o)
                0x00003e88                USB_ConfigReg
 .text.USB_GetConfigTablePtr
                0x00003f2c       0x28 .\CortexM3\ARM_GCC_541\Debug\AS76_FFP6.a(USB_std.o)
                0x00003f2c                USB_GetConfigTablePtr
 .text.USB_ConfigAltChanged
                0x00003f54      0x11c .\CortexM3\ARM_GCC_541\Debug\AS76_FFP6.a(USB_std.o)
                0x00003f54                USB_ConfigAltChanged
 .text.USB_GetDeviceTablePtr
                0x00004070       0x18 .\CortexM3\ARM_GCC_541\Debug\AS76_FFP6.a(USB_std.o)
                0x00004070                USB_GetDeviceTablePtr
 .text.USB_GetInterfaceClassTablePtr
                0x00004088       0x28 .\CortexM3\ARM_GCC_541\Debug\AS76_FFP6.a(USB_std.o)
                0x00004088                USB_GetInterfaceClassTablePtr
 .text.USB_Config
                0x000040b0      0x1ec .\CortexM3\ARM_GCC_541\Debug\AS76_FFP6.a(USB_std.o)
                0x000040b0                USB_Config
 .text.USB_SetEndpointHalt
                0x0000429c       0x64 .\CortexM3\ARM_GCC_541\Debug\AS76_FFP6.a(USB_std.o)
                0x0000429c                USB_SetEndpointHalt
 .text.USB_ClearEndpointHalt
                0x00004300       0xac .\CortexM3\ARM_GCC_541\Debug\AS76_FFP6.a(USB_std.o)
                0x00004300                USB_ClearEndpointHalt
 .text.USB_ValidateAlternateSetting
                0x000043ac       0x4c .\CortexM3\ARM_GCC_541\Debug\AS76_FFP6.a(USB_std.o)
                0x000043ac                USB_ValidateAlternateSetting
 .text.USB_HandleStandardRqst
                0x000043f8      0x35c .\CortexM3\ARM_GCC_541\Debug\AS76_FFP6.a(USB_std.o)
                0x000043f8                USB_HandleStandardRqst
 .text.USB_HandleVendorRqst
                0x00004754       0x3c .\CortexM3\ARM_GCC_541\Debug\AS76_FFP6.a(USB_vnd.o)
                0x00004754                USB_HandleVendorRqst
 .text.USB_Dp_ClearInterrupt
                0x00004790       0x10 .\CortexM3\ARM_GCC_541\Debug\AS76_FFP6.a(USB_Dp.o)
                0x00004790                USB_Dp_ClearInterrupt
 .text.PWM_CondenserLED_Enable
                0x000047a0       0x28 .\CortexM3\ARM_GCC_541\Debug\AS76_FFP6.a(PWM_CondenserLED.o)
                0x000047a0                PWM_CondenserLED_Enable
 .text.PWM_CondenserLED_WritePeriod
                0x000047c8        0xc .\CortexM3\ARM_GCC_541\Debug\AS76_FFP6.a(PWM_CondenserLED.o)
                0x000047c8                PWM_CondenserLED_WritePeriod
 .text.PWM_CondenserLED_WriteCompare
                0x000047d4        0xc .\CortexM3\ARM_GCC_541\Debug\AS76_FFP6.a(PWM_CondenserLED.o)
                0x000047d4                PWM_CondenserLED_WriteCompare
 .text.PWM_CondenserLED_SetInterruptMode
                0x000047e0        0xc .\CortexM3\ARM_GCC_541\Debug\AS76_FFP6.a(PWM_CondenserLED.o)
                0x000047e0                PWM_CondenserLED_SetInterruptMode
 .text.PWM_CondenserLED_Init
                0x000047ec       0x74 .\CortexM3\ARM_GCC_541\Debug\AS76_FFP6.a(PWM_CondenserLED.o)
                0x000047ec                PWM_CondenserLED_Init
 .text.PWM_CondenserLED_Start
                0x00004860       0x1c .\CortexM3\ARM_GCC_541\Debug\AS76_FFP6.a(PWM_CondenserLED.o)
                0x00004860                PWM_CondenserLED_Start
 .text.SPIM_IntClock_Start
                0x0000487c       0x1c .\CortexM3\ARM_GCC_541\Debug\AS76_FFP6.a(SPIM_IntClock.o)
                0x0000487c                SPIM_IntClock_Start
 .text.QuadDec_X_Init
                0x00004898       0x24 .\CortexM3\ARM_GCC_541\Debug\AS76_FFP6.a(QuadDec_X.o)
                0x00004898                QuadDec_X_Init
 .text.QuadDec_X_SetCounter
                0x000048bc       0x28 .\CortexM3\ARM_GCC_541\Debug\AS76_FFP6.a(QuadDec_X.o)
                0x000048bc                QuadDec_X_SetCounter
 .text.QuadDec_X_GetEvents
                0x000048e4       0x10 .\CortexM3\ARM_GCC_541\Debug\AS76_FFP6.a(QuadDec_X.o)
                0x000048e4                QuadDec_X_GetEvents
 .text.QuadDec_X_SetInterruptMask
                0x000048f4       0x10 .\CortexM3\ARM_GCC_541\Debug\AS76_FFP6.a(QuadDec_X.o)
                0x000048f4                QuadDec_X_SetInterruptMask
 .text.QuadDec_X_Enable
                0x00004904       0x30 .\CortexM3\ARM_GCC_541\Debug\AS76_FFP6.a(QuadDec_X.o)
                0x00004904                QuadDec_X_Enable
 .text.QuadDec_X_Start
                0x00004934       0x34 .\CortexM3\ARM_GCC_541\Debug\AS76_FFP6.a(QuadDec_X.o)
                0x00004934                QuadDec_X_Start
 .text.QuadDec_X_ISR
                0x00004968       0x40 .\CortexM3\ARM_GCC_541\Debug\AS76_FFP6.a(QuadDec_X_INT.o)
                0x00004968                QuadDec_X_ISR
 .text.QuadDec_X_Cnt16_Enable
                0x000049a8       0x10 .\CortexM3\ARM_GCC_541\Debug\AS76_FFP6.a(QuadDec_X_Cnt16.o)
                0x000049a8                QuadDec_X_Cnt16_Enable
 .text.QuadDec_X_Cnt16_SetInterruptMode
                0x000049b8        0xc .\CortexM3\ARM_GCC_541\Debug\AS76_FFP6.a(QuadDec_X_Cnt16.o)
                0x000049b8                QuadDec_X_Cnt16_SetInterruptMode
 .text.QuadDec_X_Cnt16_ReadStatusRegister
                0x000049c4        0xc .\CortexM3\ARM_GCC_541\Debug\AS76_FFP6.a(QuadDec_X_Cnt16.o)
                0x000049c4                QuadDec_X_Cnt16_ReadStatusRegister
 .text.QuadDec_X_Cnt16_WriteCounter
                0x000049d0        0xc .\CortexM3\ARM_GCC_541\Debug\AS76_FFP6.a(QuadDec_X_Cnt16.o)
                0x000049d0                QuadDec_X_Cnt16_WriteCounter
 .text.QuadDec_X_Cnt16_ReadCapture
                0x000049dc        0xc .\CortexM3\ARM_GCC_541\Debug\AS76_FFP6.a(QuadDec_X_Cnt16.o)
                0x000049dc                QuadDec_X_Cnt16_ReadCapture
 .text.QuadDec_X_Cnt16_WritePeriod
                0x000049e8        0xc .\CortexM3\ARM_GCC_541\Debug\AS76_FFP6.a(QuadDec_X_Cnt16.o)
                0x000049e8                QuadDec_X_Cnt16_WritePeriod
 .text.QuadDec_X_Cnt16_WriteCompare
                0x000049f4        0xc .\CortexM3\ARM_GCC_541\Debug\AS76_FFP6.a(QuadDec_X_Cnt16.o)
                0x000049f4                QuadDec_X_Cnt16_WriteCompare
 .text.QuadDec_X_Cnt16_ClearFIFO
                0x00004a00       0x14 .\CortexM3\ARM_GCC_541\Debug\AS76_FFP6.a(QuadDec_X_Cnt16.o)
                0x00004a00                QuadDec_X_Cnt16_ClearFIFO
 .text.QuadDec_X_Cnt16_Init
                0x00004a14       0x58 .\CortexM3\ARM_GCC_541\Debug\AS76_FFP6.a(QuadDec_X_Cnt16.o)
                0x00004a14                QuadDec_X_Cnt16_Init
 .text.QuadDec_X_Cnt16_Start
                0x00004a6c       0x1c .\CortexM3\ARM_GCC_541\Debug\AS76_FFP6.a(QuadDec_X_Cnt16.o)
                0x00004a6c                QuadDec_X_Cnt16_Start
 .text.UART_PCB_LOG_Init
                0x00004a88       0x44 .\CortexM3\ARM_GCC_541\Debug\AS76_FFP6.a(UART_PCB_LOG.o)
                0x00004a88                UART_PCB_LOG_Init
 .text.UART_PCB_LOG_Enable
                0x00004acc       0x44 .\CortexM3\ARM_GCC_541\Debug\AS76_FFP6.a(UART_PCB_LOG.o)
                0x00004acc                UART_PCB_LOG_Enable
 .text.UART_PCB_LOG_Start
                0x00004b10       0x1c .\CortexM3\ARM_GCC_541\Debug\AS76_FFP6.a(UART_PCB_LOG.o)
                0x00004b10                UART_PCB_LOG_Start
 .text.UART_PCB_LOG_PutChar
                0x00004b2c       0x18 .\CortexM3\ARM_GCC_541\Debug\AS76_FFP6.a(UART_PCB_LOG.o)
                0x00004b2c                UART_PCB_LOG_PutChar
 .text.UART_PCB_LOG_PutString
                0x00004b44       0x24 .\CortexM3\ARM_GCC_541\Debug\AS76_FFP6.a(UART_PCB_LOG.o)
                0x00004b44                UART_PCB_LOG_PutString
 .text.UART_PCB_LOG_RXISR
                0x00004b68       0x98 .\CortexM3\ARM_GCC_541\Debug\AS76_FFP6.a(UART_PCB_LOG_INT.o)
                0x00004b68                UART_PCB_LOG_RXISR
 .text.UART_PCB_LOG_IntClock_Start
                0x00004c00       0x1c .\CortexM3\ARM_GCC_541\Debug\AS76_FFP6.a(UART_PCB_LOG_IntClock.o)
                0x00004c00                UART_PCB_LOG_IntClock_Start
 .text.Pin_Backlight_Write
                0x00004c1c       0x18 .\CortexM3\ARM_GCC_541\Debug\AS76_FFP6.a(Pin_Backlight.o)
                0x00004c1c                Pin_Backlight_Write
 .text.LED2_Write
                0x00004c34       0x18 .\CortexM3\ARM_GCC_541\Debug\AS76_FFP6.a(LED2.o)
                0x00004c34                LED2_Write
 .text.Pin_CSMotorO_Write
                0x00004c4c       0x18 .\CortexM3\ARM_GCC_541\Debug\AS76_FFP6.a(Pin_CSMotorO.o)
                0x00004c4c                Pin_CSMotorO_Write
 .text.Pin_CSMotorT_Write
                0x00004c64       0x18 .\CortexM3\ARM_GCC_541\Debug\AS76_FFP6.a(Pin_CSMotorT.o)
                0x00004c64                Pin_CSMotorT_Write
 .text.QuadDec_TZ_Init
                0x00004c7c       0x24 .\CortexM3\ARM_GCC_541\Debug\AS76_FFP6.a(QuadDec_TZ.o)
                0x00004c7c                QuadDec_TZ_Init
 .text.QuadDec_TZ_GetCounter
                0x00004ca0       0x2c .\CortexM3\ARM_GCC_541\Debug\AS76_FFP6.a(QuadDec_TZ.o)
                0x00004ca0                QuadDec_TZ_GetCounter
 .text.QuadDec_TZ_SetCounter
                0x00004ccc       0x28 .\CortexM3\ARM_GCC_541\Debug\AS76_FFP6.a(QuadDec_TZ.o)
                0x00004ccc                QuadDec_TZ_SetCounter
 .text.QuadDec_TZ_GetEvents
                0x00004cf4       0x10 .\CortexM3\ARM_GCC_541\Debug\AS76_FFP6.a(QuadDec_TZ.o)
                0x00004cf4                QuadDec_TZ_GetEvents
 .text.QuadDec_TZ_SetInterruptMask
                0x00004d04       0x10 .\CortexM3\ARM_GCC_541\Debug\AS76_FFP6.a(QuadDec_TZ.o)
                0x00004d04                QuadDec_TZ_SetInterruptMask
 .text.QuadDec_TZ_Enable
                0x00004d14       0x30 .\CortexM3\ARM_GCC_541\Debug\AS76_FFP6.a(QuadDec_TZ.o)
                0x00004d14                QuadDec_TZ_Enable
 .text.QuadDec_TZ_Start
                0x00004d44       0x34 .\CortexM3\ARM_GCC_541\Debug\AS76_FFP6.a(QuadDec_TZ.o)
                0x00004d44                QuadDec_TZ_Start
 .text.QuadDec_TZ_ISR
                0x00004d78       0x40 .\CortexM3\ARM_GCC_541\Debug\AS76_FFP6.a(QuadDec_TZ_INT.o)
                0x00004d78                QuadDec_TZ_ISR
 .text.PWM_Buzzer_Enable
                0x00004db8       0x28 .\CortexM3\ARM_GCC_541\Debug\AS76_FFP6.a(PWM_Buzzer.o)
                0x00004db8                PWM_Buzzer_Enable
 .text.PWM_Buzzer_WritePeriod
                0x00004de0        0xc .\CortexM3\ARM_GCC_541\Debug\AS76_FFP6.a(PWM_Buzzer.o)
                0x00004de0                PWM_Buzzer_WritePeriod
 .text.PWM_Buzzer_WriteCompare
                0x00004dec        0xc .\CortexM3\ARM_GCC_541\Debug\AS76_FFP6.a(PWM_Buzzer.o)
                0x00004dec                PWM_Buzzer_WriteCompare
 .text.PWM_Buzzer_SetInterruptMode
                0x00004df8        0xc .\CortexM3\ARM_GCC_541\Debug\AS76_FFP6.a(PWM_Buzzer.o)
                0x00004df8                PWM_Buzzer_SetInterruptMode
 .text.PWM_Buzzer_Init
                0x00004e04       0x74 .\CortexM3\ARM_GCC_541\Debug\AS76_FFP6.a(PWM_Buzzer.o)
                0x00004e04                PWM_Buzzer_Init
 .text.PWM_Buzzer_Start
                0x00004e78       0x1c .\CortexM3\ARM_GCC_541\Debug\AS76_FFP6.a(PWM_Buzzer.o)
                0x00004e78                PWM_Buzzer_Start
 .text.QuadDec_Y_Init
                0x00004e94       0x24 .\CortexM3\ARM_GCC_541\Debug\AS76_FFP6.a(QuadDec_Y.o)
                0x00004e94                QuadDec_Y_Init
 .text.QuadDec_Y_GetCounter
                0x00004eb8       0x2c .\CortexM3\ARM_GCC_541\Debug\AS76_FFP6.a(QuadDec_Y.o)
                0x00004eb8                QuadDec_Y_GetCounter
 .text.QuadDec_Y_SetCounter
                0x00004ee4       0x28 .\CortexM3\ARM_GCC_541\Debug\AS76_FFP6.a(QuadDec_Y.o)
                0x00004ee4                QuadDec_Y_SetCounter
 .text.QuadDec_Y_GetEvents
                0x00004f0c       0x10 .\CortexM3\ARM_GCC_541\Debug\AS76_FFP6.a(QuadDec_Y.o)
                0x00004f0c                QuadDec_Y_GetEvents
 .text.QuadDec_Y_SetInterruptMask
                0x00004f1c       0x10 .\CortexM3\ARM_GCC_541\Debug\AS76_FFP6.a(QuadDec_Y.o)
                0x00004f1c                QuadDec_Y_SetInterruptMask
 .text.QuadDec_Y_Enable
                0x00004f2c       0x30 .\CortexM3\ARM_GCC_541\Debug\AS76_FFP6.a(QuadDec_Y.o)
                0x00004f2c                QuadDec_Y_Enable
 .text.QuadDec_Y_Start
                0x00004f5c       0x34 .\CortexM3\ARM_GCC_541\Debug\AS76_FFP6.a(QuadDec_Y.o)
                0x00004f5c                QuadDec_Y_Start
 .text.QuadDec_Y_ISR
                0x00004f90       0x40 .\CortexM3\ARM_GCC_541\Debug\AS76_FFP6.a(QuadDec_Y_INT.o)
                0x00004f90                QuadDec_Y_ISR
 .text.PWM_BarcodeCondenser_LED_Enable
                0x00004fd0       0x28 .\CortexM3\ARM_GCC_541\Debug\AS76_FFP6.a(PWM_BarcodeCondenser_LED.o)
                0x00004fd0                PWM_BarcodeCondenser_LED_Enable
 .text.PWM_BarcodeCondenser_LED_WritePeriod
                0x00004ff8        0xc .\CortexM3\ARM_GCC_541\Debug\AS76_FFP6.a(PWM_BarcodeCondenser_LED.o)
                0x00004ff8                PWM_BarcodeCondenser_LED_WritePeriod
 .text.PWM_BarcodeCondenser_LED_WriteCompare
                0x00005004        0xc .\CortexM3\ARM_GCC_541\Debug\AS76_FFP6.a(PWM_BarcodeCondenser_LED.o)
                0x00005004                PWM_BarcodeCondenser_LED_WriteCompare
 .text.PWM_BarcodeCondenser_LED_SetInterruptMode
                0x00005010        0xc .\CortexM3\ARM_GCC_541\Debug\AS76_FFP6.a(PWM_BarcodeCondenser_LED.o)
                0x00005010                PWM_BarcodeCondenser_LED_SetInterruptMode
 .text.PWM_BarcodeCondenser_LED_Init
                0x0000501c       0x74 .\CortexM3\ARM_GCC_541\Debug\AS76_FFP6.a(PWM_BarcodeCondenser_LED.o)
                0x0000501c                PWM_BarcodeCondenser_LED_Init
 .text.PWM_BarcodeCondenser_LED_Start
                0x00005090       0x1c .\CortexM3\ARM_GCC_541\Debug\AS76_FFP6.a(PWM_BarcodeCondenser_LED.o)
                0x00005090                PWM_BarcodeCondenser_LED_Start
 .text.LED3_Write
                0x000050ac       0x18 .\CortexM3\ARM_GCC_541\Debug\AS76_FFP6.a(LED3.o)
                0x000050ac                LED3_Write
 .text.Encoder_T_Z_Select_Write
                0x000050c4        0xc .\CortexM3\ARM_GCC_541\Debug\AS76_FFP6.a(Encoder_T_Z_Select.o)
                0x000050c4                Encoder_T_Z_Select_Write
 .text.TMC5160_MotorX_EN_Write
                0x000050d0       0x18 .\CortexM3\ARM_GCC_541\Debug\AS76_FFP6.a(TMC5160_MotorX_EN.o)
                0x000050d0                TMC5160_MotorX_EN_Write
 .text.TMC5160_MotorY_EN_Write
                0x000050e8       0x18 .\CortexM3\ARM_GCC_541\Debug\AS76_FFP6.a(TMC5160_MotorY_EN.o)
                0x000050e8                TMC5160_MotorY_EN_Write
 .text.TMC5160_MotorZ_EN_Write
                0x00005100       0x18 .\CortexM3\ARM_GCC_541\Debug\AS76_FFP6.a(TMC5160_MotorZ_EN.o)
                0x00005100                TMC5160_MotorZ_EN_Write
 .text.TMC5160_MotorT_EN_Write
                0x00005118       0x18 .\CortexM3\ARM_GCC_541\Debug\AS76_FFP6.a(TMC5160_MotorT_EN.o)
                0x00005118                TMC5160_MotorT_EN_Write
 .text.TMC5160_MotorO_EN_Write
                0x00005130       0x18 .\CortexM3\ARM_GCC_541\Debug\AS76_FFP6.a(TMC5160_MotorO_EN.o)
                0x00005130                TMC5160_MotorO_EN_Write
 .text.QuadDec_TZ_Cnt16_Enable
                0x00005148       0x10 .\CortexM3\ARM_GCC_541\Debug\AS76_FFP6.a(QuadDec_TZ_Cnt16.o)
                0x00005148                QuadDec_TZ_Cnt16_Enable
 .text.QuadDec_TZ_Cnt16_SetInterruptMode
                0x00005158        0xc .\CortexM3\ARM_GCC_541\Debug\AS76_FFP6.a(QuadDec_TZ_Cnt16.o)
                0x00005158                QuadDec_TZ_Cnt16_SetInterruptMode
 .text.QuadDec_TZ_Cnt16_ReadStatusRegister
                0x00005164        0xc .\CortexM3\ARM_GCC_541\Debug\AS76_FFP6.a(QuadDec_TZ_Cnt16.o)
                0x00005164                QuadDec_TZ_Cnt16_ReadStatusRegister
 .text.QuadDec_TZ_Cnt16_WriteCounter
                0x00005170        0xc .\CortexM3\ARM_GCC_541\Debug\AS76_FFP6.a(QuadDec_TZ_Cnt16.o)
                0x00005170                QuadDec_TZ_Cnt16_WriteCounter
 .text.QuadDec_TZ_Cnt16_ReadCounter
                0x0000517c       0x14 .\CortexM3\ARM_GCC_541\Debug\AS76_FFP6.a(QuadDec_TZ_Cnt16.o)
                0x0000517c                QuadDec_TZ_Cnt16_ReadCounter
 .text.QuadDec_TZ_Cnt16_ReadCapture
                0x00005190        0xc .\CortexM3\ARM_GCC_541\Debug\AS76_FFP6.a(QuadDec_TZ_Cnt16.o)
                0x00005190                QuadDec_TZ_Cnt16_ReadCapture
 .text.QuadDec_TZ_Cnt16_WritePeriod
                0x0000519c        0xc .\CortexM3\ARM_GCC_541\Debug\AS76_FFP6.a(QuadDec_TZ_Cnt16.o)
                0x0000519c                QuadDec_TZ_Cnt16_WritePeriod
 .text.QuadDec_TZ_Cnt16_WriteCompare
                0x000051a8        0xc .\CortexM3\ARM_GCC_541\Debug\AS76_FFP6.a(QuadDec_TZ_Cnt16.o)
                0x000051a8                QuadDec_TZ_Cnt16_WriteCompare
 .text.QuadDec_TZ_Cnt16_ClearFIFO
                0x000051b4       0x14 .\CortexM3\ARM_GCC_541\Debug\AS76_FFP6.a(QuadDec_TZ_Cnt16.o)
                0x000051b4                QuadDec_TZ_Cnt16_ClearFIFO
 .text.QuadDec_TZ_Cnt16_Init
                0x000051c8       0x58 .\CortexM3\ARM_GCC_541\Debug\AS76_FFP6.a(QuadDec_TZ_Cnt16.o)
                0x000051c8                QuadDec_TZ_Cnt16_Init
 .text.QuadDec_TZ_Cnt16_Start
                0x00005220       0x1c .\CortexM3\ARM_GCC_541\Debug\AS76_FFP6.a(QuadDec_TZ_Cnt16.o)
                0x00005220                QuadDec_TZ_Cnt16_Start
 .text.QuadDec_Y_Cnt16_Enable
                0x0000523c       0x10 .\CortexM3\ARM_GCC_541\Debug\AS76_FFP6.a(QuadDec_Y_Cnt16.o)
                0x0000523c                QuadDec_Y_Cnt16_Enable
 .text.QuadDec_Y_Cnt16_SetInterruptMode
                0x0000524c        0xc .\CortexM3\ARM_GCC_541\Debug\AS76_FFP6.a(QuadDec_Y_Cnt16.o)
                0x0000524c                QuadDec_Y_Cnt16_SetInterruptMode
 .text.QuadDec_Y_Cnt16_ReadStatusRegister
                0x00005258        0xc .\CortexM3\ARM_GCC_541\Debug\AS76_FFP6.a(QuadDec_Y_Cnt16.o)
                0x00005258                QuadDec_Y_Cnt16_ReadStatusRegister
 .text.QuadDec_Y_Cnt16_WriteCounter
                0x00005264        0xc .\CortexM3\ARM_GCC_541\Debug\AS76_FFP6.a(QuadDec_Y_Cnt16.o)
                0x00005264                QuadDec_Y_Cnt16_WriteCounter
 .text.QuadDec_Y_Cnt16_ReadCounter
                0x00005270       0x14 .\CortexM3\ARM_GCC_541\Debug\AS76_FFP6.a(QuadDec_Y_Cnt16.o)
                0x00005270                QuadDec_Y_Cnt16_ReadCounter
 .text.QuadDec_Y_Cnt16_ReadCapture
                0x00005284        0xc .\CortexM3\ARM_GCC_541\Debug\AS76_FFP6.a(QuadDec_Y_Cnt16.o)
                0x00005284                QuadDec_Y_Cnt16_ReadCapture
 .text.QuadDec_Y_Cnt16_WritePeriod
                0x00005290        0xc .\CortexM3\ARM_GCC_541\Debug\AS76_FFP6.a(QuadDec_Y_Cnt16.o)
                0x00005290                QuadDec_Y_Cnt16_WritePeriod
 .text.QuadDec_Y_Cnt16_WriteCompare
                0x0000529c        0xc .\CortexM3\ARM_GCC_541\Debug\AS76_FFP6.a(QuadDec_Y_Cnt16.o)
                0x0000529c                QuadDec_Y_Cnt16_WriteCompare
 .text.QuadDec_Y_Cnt16_ClearFIFO
                0x000052a8       0x14 .\CortexM3\ARM_GCC_541\Debug\AS76_FFP6.a(QuadDec_Y_Cnt16.o)
                0x000052a8                QuadDec_Y_Cnt16_ClearFIFO
 .text.QuadDec_Y_Cnt16_Init
                0x000052bc       0x58 .\CortexM3\ARM_GCC_541\Debug\AS76_FFP6.a(QuadDec_Y_Cnt16.o)
                0x000052bc                QuadDec_Y_Cnt16_Init
 .text.QuadDec_Y_Cnt16_Start
                0x00005314       0x1c .\CortexM3\ARM_GCC_541\Debug\AS76_FFP6.a(QuadDec_Y_Cnt16.o)
                0x00005314                QuadDec_Y_Cnt16_Start
 .text.wait_timer_Enable
                0x00005330       0x28 .\CortexM3\ARM_GCC_541\Debug\AS76_FFP6.a(wait_timer.o)
                0x00005330                wait_timer_Enable
 .text.wait_timer_Stop
                0x00005358       0x28 .\CortexM3\ARM_GCC_541\Debug\AS76_FFP6.a(wait_timer.o)
                0x00005358                wait_timer_Stop
 .text.wait_timer_SetInterruptMode
                0x00005380        0xc .\CortexM3\ARM_GCC_541\Debug\AS76_FFP6.a(wait_timer.o)
                0x00005380                wait_timer_SetInterruptMode
 .text.wait_timer_WritePeriod
                0x0000538c        0xc .\CortexM3\ARM_GCC_541\Debug\AS76_FFP6.a(wait_timer.o)
                0x0000538c                wait_timer_WritePeriod
 .text.wait_timer_WriteCounter
                0x00005398        0xc .\CortexM3\ARM_GCC_541\Debug\AS76_FFP6.a(wait_timer.o)
                0x00005398                wait_timer_WriteCounter
 .text.wait_timer_Init
                0x000053a4       0x68 .\CortexM3\ARM_GCC_541\Debug\AS76_FFP6.a(wait_timer.o)
                0x000053a4                wait_timer_Init
 .text.wait_timer_Start
                0x0000540c       0x1c .\CortexM3\ARM_GCC_541\Debug\AS76_FFP6.a(wait_timer.o)
                0x0000540c                wait_timer_Start
 .text.wait_interrupt_SetVector
                0x00005428        0xc .\CortexM3\ARM_GCC_541\Debug\AS76_FFP6.a(wait_interrupt.o)
                0x00005428                wait_interrupt_SetVector
 .text.wait_interrupt_SetPriority
                0x00005434       0x10 .\CortexM3\ARM_GCC_541\Debug\AS76_FFP6.a(wait_interrupt.o)
                0x00005434                wait_interrupt_SetPriority
 .text.wait_interrupt_Enable
                0x00005444       0x10 .\CortexM3\ARM_GCC_541\Debug\AS76_FFP6.a(wait_interrupt.o)
                0x00005444                wait_interrupt_Enable
 .text.wait_interrupt_Disable
                0x00005454       0x10 .\CortexM3\ARM_GCC_541\Debug\AS76_FFP6.a(wait_interrupt.o)
                0x00005454                wait_interrupt_Disable
 .text.wait_interrupt_StartEx
                0x00005464       0x1c .\CortexM3\ARM_GCC_541\Debug\AS76_FFP6.a(wait_interrupt.o)
                0x00005464                wait_interrupt_StartEx
 .text          0x00005480       0x20 .\CortexM3\ARM_GCC_541\Debug\AS76_FFP6.a(CyBootAsmGnu.o)
                0x00005480                CyDelayCycles
                0x00005490                CyEnterCriticalSection
                0x00005498                CyExitCriticalSection
 .text.USB_DispatchClassRqst
                0x000054a0       0x68 .\CortexM3\ARM_GCC_541\Debug\AS76_FFP6.a(USB_cls.o)
                0x000054a0                USB_DispatchClassRqst
 .text          0x00005508      0x370 c:/program files (x86)/cypress/psoc creator/4.4/psoc creator/import/gnu/arm/5.4.1/bin/../lib/gcc/arm-none-eabi/5.4.1/armv7-m\libgcc.a(_arm_addsubdf3.o)
                0x00005508                __aeabi_drsub
                0x00005510                __aeabi_dsub
                0x00005510                __subdf3
                0x00005514                __aeabi_dadd
                0x00005514                __adddf3
                0x0000578c                __floatunsidf
                0x0000578c                __aeabi_ui2d
                0x000057ac                __floatsidf
                0x000057ac                __aeabi_i2d
                0x000057d0                __aeabi_f2d
                0x000057d0                __extendsfdf2
                0x0000580c                __floatundidf
                0x0000580c                __aeabi_ul2d
                0x0000581c                __floatdidf
                0x0000581c                __aeabi_l2d
 .text          0x00005878      0x424 c:/program files (x86)/cypress/psoc creator/4.4/psoc creator/import/gnu/arm/5.4.1/bin/../lib/gcc/arm-none-eabi/5.4.1/armv7-m\libgcc.a(_arm_muldivdf3.o)
                0x00005878                __aeabi_dmul
                0x00005878                __muldf3
                0x00005acc                __divdf3
                0x00005acc                __aeabi_ddiv
 .text          0x00005c9c       0x50 c:/program files (x86)/cypress/psoc creator/4.4/psoc creator/import/gnu/arm/5.4.1/bin/../lib/gcc/arm-none-eabi/5.4.1/armv7-m\libgcc.a(_arm_fixdfsi.o)
                0x00005c9c                __aeabi_d2iz
                0x00005c9c                __fixdfsi
 .text          0x00005cec       0x40 c:/program files (x86)/cypress/psoc creator/4.4/psoc creator/import/gnu/arm/5.4.1/bin/../lib/gcc/arm-none-eabi/5.4.1/armv7-m\libgcc.a(_arm_fixunsdfsi.o)
                0x00005cec                __aeabi_d2uiz
                0x00005cec                __fixunsdfsi
 .text.__errno  0x00005d2c        0xc c:/program files (x86)/cypress/psoc creator/4.4/psoc creator/import/gnu/arm/5.4.1/bin/../lib/gcc/arm-none-eabi/5.4.1/../../../../arm-none-eabi/lib/armv7-m\libg_nano.a(lib_a-errno.o)
                0x00005d2c                __errno
 .text.__libc_init_array
                0x00005d38       0x4c c:/program files (x86)/cypress/psoc creator/4.4/psoc creator/import/gnu/arm/5.4.1/bin/../lib/gcc/arm-none-eabi/5.4.1/../../../../arm-none-eabi/lib/armv7-m\libg_nano.a(lib_a-init.o)
                0x00005d38                __libc_init_array
 .text.memcpy   0x00005d84       0x16 c:/program files (x86)/cypress/psoc creator/4.4/psoc creator/import/gnu/arm/5.4.1/bin/../lib/gcc/arm-none-eabi/5.4.1/../../../../arm-none-eabi/lib/armv7-m\libg_nano.a(lib_a-memcpy-stub.o)
                0x00005d84                memcpy
 .text.memset   0x00005d9a       0x10 c:/program files (x86)/cypress/psoc creator/4.4/psoc creator/import/gnu/arm/5.4.1/bin/../lib/gcc/arm-none-eabi/5.4.1/../../../../arm-none-eabi/lib/armv7-m\libg_nano.a(lib_a-memset.o)
                0x00005d9a                memset
 *fill*         0x00005daa        0x2 
 .text.sprintf  0x00005dac       0x48 c:/program files (x86)/cypress/psoc creator/4.4/psoc creator/import/gnu/arm/5.4.1/bin/../lib/gcc/arm-none-eabi/5.4.1/../../../../arm-none-eabi/lib/armv7-m\libg_nano.a(lib_a-sprintf.o)
                0x00005dac                siprintf
                0x00005dac                sprintf
 .text.strncmp  0x00005df4       0x2a c:/program files (x86)/cypress/psoc creator/4.4/psoc creator/import/gnu/arm/5.4.1/bin/../lib/gcc/arm-none-eabi/5.4.1/../../../../arm-none-eabi/lib/armv7-m\libg_nano.a(lib_a-strncmp.o)
                0x00005df4                strncmp
 .text.strncpy  0x00005e1e       0x26 c:/program files (x86)/cypress/psoc creator/4.4/psoc creator/import/gnu/arm/5.4.1/bin/../lib/gcc/arm-none-eabi/5.4.1/../../../../arm-none-eabi/lib/armv7-m\libg_nano.a(lib_a-strncpy.o)
                0x00005e1e                strncpy
 .text.__ssputs_r
                0x00005e44       0xb2 c:/program files (x86)/cypress/psoc creator/4.4/psoc creator/import/gnu/arm/5.4.1/bin/../lib/gcc/arm-none-eabi/5.4.1/../../../../arm-none-eabi/lib/armv7-m\libg_nano.a(lib_a-nano-svfprintf.o)
                0x00005e44                __ssputs_r
 *fill*         0x00005ef6        0x2 
 .text._svfprintf_r
                0x00005ef8      0x1e8 c:/program files (x86)/cypress/psoc creator/4.4/psoc creator/import/gnu/arm/5.4.1/bin/../lib/gcc/arm-none-eabi/5.4.1/../../../../arm-none-eabi/lib/armv7-m\libg_nano.a(lib_a-nano-svfprintf.o)
                0x00005ef8                _svfiprintf_r
                0x00005ef8                _svfprintf_r
 .text._printf_common
                0x000060e0       0xec c:/program files (x86)/cypress/psoc creator/4.4/psoc creator/import/gnu/arm/5.4.1/bin/../lib/gcc/arm-none-eabi/5.4.1/../../../../arm-none-eabi/lib/armv7-m\libg_nano.a(lib_a-nano-vfprintf_i.o)
                0x000060e0                _printf_common
 .text._printf_i
                0x000061cc      0x24c c:/program files (x86)/cypress/psoc creator/4.4/psoc creator/import/gnu/arm/5.4.1/bin/../lib/gcc/arm-none-eabi/5.4.1/../../../../arm-none-eabi/lib/armv7-m\libg_nano.a(lib_a-nano-vfprintf_i.o)
                0x000061cc                _printf_i
 .text.memchr   0x00006418       0x1c c:/program files (x86)/cypress/psoc creator/4.4/psoc creator/import/gnu/arm/5.4.1/bin/../lib/gcc/arm-none-eabi/5.4.1/../../../../arm-none-eabi/lib/armv7-m\libg_nano.a(lib_a-memchr-stub.o)
                0x00006418                memchr
 .text.memmove  0x00006434       0x36 c:/program files (x86)/cypress/psoc creator/4.4/psoc creator/import/gnu/arm/5.4.1/bin/../lib/gcc/arm-none-eabi/5.4.1/../../../../arm-none-eabi/lib/armv7-m\libg_nano.a(lib_a-memmove.o)
                0x00006434                memmove
 *fill*         0x0000646a        0x2 
 .text._free_r  0x0000646c       0x98 c:/program files (x86)/cypress/psoc creator/4.4/psoc creator/import/gnu/arm/5.4.1/bin/../lib/gcc/arm-none-eabi/5.4.1/../../../../arm-none-eabi/lib/armv7-m\libg_nano.a(lib_a-nano-freer.o)
                0x0000646c                _free_r
 .text._malloc_r
                0x00006504       0xbc c:/program files (x86)/cypress/psoc creator/4.4/psoc creator/import/gnu/arm/5.4.1/bin/../lib/gcc/arm-none-eabi/5.4.1/../../../../arm-none-eabi/lib/armv7-m\libg_nano.a(lib_a-nano-mallocr.o)
                0x00006504                _malloc_r
 .text._realloc_r
                0x000065c0       0x4c c:/program files (x86)/cypress/psoc creator/4.4/psoc creator/import/gnu/arm/5.4.1/bin/../lib/gcc/arm-none-eabi/5.4.1/../../../../arm-none-eabi/lib/armv7-m\libg_nano.a(lib_a-nano-reallocr.o)
                0x000065c0                _realloc_r
 .text._sbrk_r  0x0000660c       0x20 c:/program files (x86)/cypress/psoc creator/4.4/psoc creator/import/gnu/arm/5.4.1/bin/../lib/gcc/arm-none-eabi/5.4.1/../../../../arm-none-eabi/lib/armv7-m\libg_nano.a(lib_a-sbrkr.o)
                0x0000660c                _sbrk_r
 .text.__malloc_lock
                0x0000662c        0x2 c:/program files (x86)/cypress/psoc creator/4.4/psoc creator/import/gnu/arm/5.4.1/bin/../lib/gcc/arm-none-eabi/5.4.1/../../../../arm-none-eabi/lib/armv7-m\libg_nano.a(lib_a-mlock.o)
                0x0000662c                __malloc_lock
 .text.__malloc_unlock
                0x0000662e        0x2 c:/program files (x86)/cypress/psoc creator/4.4/psoc creator/import/gnu/arm/5.4.1/bin/../lib/gcc/arm-none-eabi/5.4.1/../../../../arm-none-eabi/lib/armv7-m\libg_nano.a(lib_a-mlock.o)
                0x0000662e                __malloc_unlock
 .text._malloc_usable_size_r
                0x00006630       0x14 c:/program files (x86)/cypress/psoc creator/4.4/psoc creator/import/gnu/arm/5.4.1/bin/../lib/gcc/arm-none-eabi/5.4.1/../../../../arm-none-eabi/lib/armv7-m\libg_nano.a(lib_a-nano-msizer.o)
                0x00006630                _malloc_usable_size_r
 *(.plt)
 *(.gnu.warning)
 *(.glue_7t)
 .glue_7t       0x00006644        0x0 linker stubs
 *(.glue_7)
 .glue_7        0x00006644        0x0 linker stubs
 *(.vfp11_veneer)
 .vfp11_veneer  0x00006644        0x0 linker stubs
 *(.bootloader)
 *(.ARM.extab* .gnu.linkonce.armextab.*)
 *(.gcc_except_table)

.v4_bx          0x00006644        0x0
 .v4_bx         0x00006644        0x0 linker stubs

.iplt           0x00006644        0x0
 .iplt          0x00006644        0x0 c:/program files (x86)/cypress/psoc creator/4.4/psoc creator/import/gnu/arm/5.4.1/bin/../lib/gcc/arm-none-eabi/5.4.1/armv7-m/crtbegin.o

.eh_frame_hdr
 *(.eh_frame_hdr)

.eh_frame       0x00006644        0x4
 *(.eh_frame)
 .eh_frame      0x00006644        0x0 c:/program files (x86)/cypress/psoc creator/4.4/psoc creator/import/gnu/arm/5.4.1/bin/../lib/gcc/arm-none-eabi/5.4.1/armv7-m/crtbegin.o
 .eh_frame      0x00006644        0x4 c:/program files (x86)/cypress/psoc creator/4.4/psoc creator/import/gnu/arm/5.4.1/bin/../lib/gcc/arm-none-eabi/5.4.1/armv7-m/crtend.o
                [!provide]                PROVIDE (__exidx_start, .)

.ARM.exidx
 *(.ARM.exidx* .gnu.linkonce.armexidx.*)
                0x00006648                __exidx_end = .

.rodata         0x00006648     0x1d38
 *(.rodata .rodata.* .gnu.linkonce.r.*)
 .rodata.str1.4
                0x00006648       0x32 .\CortexM3\ARM_GCC_541\Debug\main.o
 *fill*         0x0000667a        0x2 
 .rodata.str1.4
                0x0000667c      0xa3d .\CortexM3\ARM_GCC_541\Debug\AS76.o
                                0xa4d (size before relaxing)
 *fill*         0x000070b9        0x3 
 .rodata        0x000070bc     0x1028 .\CortexM3\ARM_GCC_541\Debug\cyfitter_cfg.o
 .rodata.str1.4
                0x000080e4       0x14 .\CortexM3\ARM_GCC_541\Debug\AS76_FFP6.a(USB_std.o)
                                 0x11 (size before relaxing)
 .rodata        0x000080f8      0x21a .\CortexM3\ARM_GCC_541\Debug\AS76_FFP6.a(USB_descr.o)
                0x000080f8                USB_MSOS_CONFIGURATION_DESCR
                0x00008120                USB_MSOS_DESCRIPTOR
                0x00008134                USB_TABLE
                0x0000813c                USB_DEVICE0_TABLE
                0x00008154                USB_DEVICE0_CONFIGURATION0_TABLE
                0x0000817c                USB_DEVICE0_CONFIGURATION0_INTERFACE_CLASS
                0x00008180                USB_DEVICE0_CONFIGURATION0_EP_SETTINGS_TABLE
                0x00008198                USB_HIDREPORT_DESCRIPTOR1
                0x000081d0                USB_SN_STRING_DESCRIPTOR
                0x000081d4                USB_STRING_DESCRIPTORS
                0x000082bc                USB_DEVICE0_CONFIGURATION0_DESCR
                0x00008300                USB_DEVICE0_DESCR
 .rodata.str1.1
                0x00008312        0x2 c:/program files (x86)/cypress/psoc creator/4.4/psoc creator/import/gnu/arm/5.4.1/bin/../lib/gcc/arm-none-eabi/5.4.1/../../../../arm-none-eabi/lib/armv7-m\libg_nano.a(lib_a-impure.o)
 .rodata.str1.1
                0x00008314       0x11 c:/program files (x86)/cypress/psoc creator/4.4/psoc creator/import/gnu/arm/5.4.1/bin/../lib/gcc/arm-none-eabi/5.4.1/../../../../arm-none-eabi/lib/armv7-m\libg_nano.a(lib_a-nano-svfprintf.o)
 .rodata.str1.1
                0x00008325       0x22 c:/program files (x86)/cypress/psoc creator/4.4/psoc creator/import/gnu/arm/5.4.1/bin/../lib/gcc/arm-none-eabi/5.4.1/../../../../arm-none-eabi/lib/armv7-m\libg_nano.a(lib_a-nano-vfprintf_i.o)
                0x00008348                . = ALIGN (0x4)
 *fill*         0x00008347        0x1 
 *(.init)
 .init          0x00008348        0x4 c:/program files (x86)/cypress/psoc creator/4.4/psoc creator/import/gnu/arm/5.4.1/bin/../lib/gcc/arm-none-eabi/5.4.1/armv7-m/crti.o
                0x00008348                _init
 .init          0x0000834c        0x8 c:/program files (x86)/cypress/psoc creator/4.4/psoc creator/import/gnu/arm/5.4.1/bin/../lib/gcc/arm-none-eabi/5.4.1/armv7-m/crtn.o
                0x00008354                . = ALIGN (0x4)
                0x00008354                __preinit_array_start = .
 *(.preinit_array)
                0x00008354                __preinit_array_end = .
                0x00008354                . = ALIGN (0x4)
                0x00008354                __init_array_start = .
 *(SORT(.init_array.*))
 *(.init_array)
 .init_array    0x00008354        0x4 c:/program files (x86)/cypress/psoc creator/4.4/psoc creator/import/gnu/arm/5.4.1/bin/../lib/gcc/arm-none-eabi/5.4.1/armv7-m/crtbegin.o
 .init_array    0x00008358        0x4 .\CortexM3\ARM_GCC_541\Debug\Cm3Start.o
                0x0000835c                __init_array_end = .
                0x0000835c                . = ALIGN (0x4)
 *(.fini)
 .fini          0x0000835c        0x4 c:/program files (x86)/cypress/psoc creator/4.4/psoc creator/import/gnu/arm/5.4.1/bin/../lib/gcc/arm-none-eabi/5.4.1/armv7-m/crti.o
                0x0000835c                _fini
 .fini          0x00008360        0x8 c:/program files (x86)/cypress/psoc creator/4.4/psoc creator/import/gnu/arm/5.4.1/bin/../lib/gcc/arm-none-eabi/5.4.1/armv7-m/crtn.o
                0x00008368                . = ALIGN (0x4)
                0x00008368                __fini_array_start = .
 *(.fini_array)
 .fini_array    0x00008368        0x4 c:/program files (x86)/cypress/psoc creator/4.4/psoc creator/import/gnu/arm/5.4.1/bin/../lib/gcc/arm-none-eabi/5.4.1/armv7-m/crtbegin.o
 *(SORT(.fini_array.*))
                0x0000836c                __fini_array_end = .
                0x0000836c                . = ALIGN (0x4)
 *crtbegin.o(.ctors)
 *(EXCLUDE_FILE(*crtend.o) .ctors)
 *(SORT(.ctors.*))
 *crtend.o(.ctors)
                0x0000836c                . = ALIGN (0x4)
 *crtbegin.o(.dtors)
 *(EXCLUDE_FILE(*crtend.o) .dtors)
 *(SORT(.dtors.*))
 *crtend.o(.dtors)
                0x0000836c                . = ALIGN (0x4)
                0x0000836c                __cy_regions = .
                0x0000836c        0x4 LONG 0x8380 __cy_region_init_ram
                0x00008370        0x4 LONG 0x1fff80c8 __cy_region_start_data
                0x00008374        0x4 LONG 0xd8 __cy_region_init_size_ram
                0x00008378        0x4 LONG 0x260 __cy_region_zero_size_ram
                0x0000837c                __cy_regions_end = .
                0x00008380                . = ALIGN (0x8)
 *fill*         0x0000837c        0x4 
                0x00008380                _etext = .

.cy_checksum_exclude
                0x00008380        0x0
 *(.cy_checksum_exclude)

.ramvectors     0x1fff8000       0xc0
                0x1fff8000                __cy_region_start_ram = .
 *(.ramvectors)
 .ramvectors    0x1fff8000       0xc0 .\CortexM3\ARM_GCC_541\Debug\Cm3Start.o
                0x1fff8000                CyRamVectors

.noinit         0x1fff80c0        0x1
 *(.noinit)
 .noinit        0x1fff80c0        0x1 .\CortexM3\ARM_GCC_541\Debug\AS76_FFP6.a(CyLib.o)
                0x1fff80c0                CyResetStatus

.data           0x1fff80c8       0xd8 load address 0x00008380
                0x1fff80c8                __cy_region_start_data = .
 *(.jcr)
 .jcr           0x1fff80c8        0x0 c:/program files (x86)/cypress/psoc creator/4.4/psoc creator/import/gnu/arm/5.4.1/bin/../lib/gcc/arm-none-eabi/5.4.1/armv7-m/crtbegin.o
 .jcr           0x1fff80c8        0x4 c:/program files (x86)/cypress/psoc creator/4.4/psoc creator/import/gnu/arm/5.4.1/bin/../lib/gcc/arm-none-eabi/5.4.1/armv7-m/crtend.o
 *(.got.plt)
 *(.got)
 *(.shdata)
 *(.data .data.* .gnu.linkonce.d.*)
 .data          0x1fff80cc        0x4 .\CortexM3\ARM_GCC_541\Debug\main.o
                0x1fff80cc                status_t
                0x1fff80cd                status_z
                0x1fff80ce                status_y
                0x1fff80cf                status_x
 .data          0x1fff80d0       0x39 .\CortexM3\ARM_GCC_541\Debug\AS76.o
                0x1fff80d0                PWM_Condenser_comare_value
                0x1fff80e4                Motor_Speed_X
                0x1fff80e8                Motor_Speed_Y
                0x1fff80ec                Motor_Speed_Z
                0x1fff80f0                HomeY_done
                0x1fff80f1                HomeX_done
                0x1fff80f2                HomeZ_done
                0x1fff80f4                X_Pitchfactor
                0x1fff80f8                HomeT_done
                0x1fff80fc                T_Pitchfactor
                0x1fff8100                Z_Pitchfactor
                0x1fff8104                Y_Pitchfactor
                0x1fff8108                Time_Out_Error
 *fill*         0x1fff8109        0x3 
 .data          0x1fff810c        0x4 .\CortexM3\ARM_GCC_541\Debug\Cm3Start.o
 .data          0x1fff8110       0x10 .\CortexM3\ARM_GCC_541\Debug\AS76_FFP6.a(CyLib.o)
                0x1fff8110                cydelay_32k_ms
                0x1fff8114                cydelay_freq_khz
                0x1fff8118                cydelay_freq_mhz
                0x1fff811c                cydelay_freq_hz
 .data          0x1fff8120       0x1a .\CortexM3\ARM_GCC_541\Debug\AS76_FFP6.a(USB_cdc.o)
                0x1fff8120                USB_linesCoding
 *fill*         0x1fff813a        0x2 
 .data.impure_data
                0x1fff813c       0x60 c:/program files (x86)/cypress/psoc creator/4.4/psoc creator/import/gnu/arm/5.4.1/bin/../lib/gcc/arm-none-eabi/5.4.1/../../../../arm-none-eabi/lib/armv7-m\libg_nano.a(lib_a-impure.o)
 .data._impure_ptr
                0x1fff819c        0x4 c:/program files (x86)/cypress/psoc creator/4.4/psoc creator/import/gnu/arm/5.4.1/bin/../lib/gcc/arm-none-eabi/5.4.1/../../../../arm-none-eabi/lib/armv7-m\libg_nano.a(lib_a-impure.o)
                0x1fff819c                _impure_ptr
                0x1fff81a0                . = ALIGN (0x8)
 *(.ram)
                0x1fff81a0                _edata = .

.igot.plt       0x1fff81a0        0x0 load address 0x00008458
 .igot.plt      0x1fff81a0        0x0 c:/program files (x86)/cypress/psoc creator/4.4/psoc creator/import/gnu/arm/5.4.1/bin/../lib/gcc/arm-none-eabi/5.4.1/armv7-m/crtbegin.o

.bss            0x1fff81a0      0x260 load address 0x00008458
                0x1fff81a0                PROVIDE (__bss_start__, .)
 *(.shbss)
 *(.bss .bss.* .gnu.linkonce.b.*)
 .bss           0x1fff81a0       0x1c c:/program files (x86)/cypress/psoc creator/4.4/psoc creator/import/gnu/arm/5.4.1/bin/../lib/gcc/arm-none-eabi/5.4.1/armv7-m/crtbegin.o
 .bss           0x1fff81bc       0x50 .\CortexM3\ARM_GCC_541\Debug\AS76.o
                0x1fff81bc                ms_count
                0x1fff81be                exit_loop
                0x1fff81c0                EncoderTZSelect
                0x1fff81c4                X_QuadPosition
                0x1fff81c8                Y_QuadPosition
                0x1fff81cc                Z_QuadPosition
                0x1fff81d0                T_QuadPosition
                0x1fff81d4                Buffer_Z_QuadPosition
                0x1fff81d8                Buffer_T_QuadPosition
                0x1fff81dc                Input_Position_X_Temp
                0x1fff81e0                PWM_barcode_comare_value
                0x1fff81e4                Error
                0x1fff81e9                HomeX_done_Buffer
                0x1fff81ea                HomeY_done_Buffer
                0x1fff81eb                HomeZ_done_Buffer
                0x1fff81ec                HomeT_done_Buffer
                0x1fff81f0                Position_X_Requested
                0x1fff81f4                Position_Y_Requested
                0x1fff81f8                Position_Z_Requested
                0x1fff81fc                Position_T_Requested
                0x1fff8200                time_ms
                0x1fff8204                oil_speed
                0x1fff8208                oil_dir
 .bss           0x1fff820c        0x1 .\CortexM3\ARM_GCC_541\Debug\AS76_FFP6.a(SPIM.o)
                0x1fff820c                SPIM_initVar
 .bss           0x1fff820d        0x1 .\CortexM3\ARM_GCC_541\Debug\AS76_FFP6.a(USB.o)
                0x1fff820d                USB_initVar
 .bss           0x1fff820e        0x1 .\CortexM3\ARM_GCC_541\Debug\AS76_FFP6.a(USB_cdc.o)
 *fill*         0x1fff820f        0x1 
 .bss           0x1fff8210        0x2 .\CortexM3\ARM_GCC_541\Debug\AS76_FFP6.a(USB_std.o)
 .bss           0x1fff8212        0x1 .\CortexM3\ARM_GCC_541\Debug\AS76_FFP6.a(PWM_CondenserLED.o)
                0x1fff8212                PWM_CondenserLED_initVar
 .bss           0x1fff8213        0x1 .\CortexM3\ARM_GCC_541\Debug\AS76_FFP6.a(QuadDec_X.o)
                0x1fff8213                QuadDec_X_initVar
 .bss           0x1fff8214        0x4 .\CortexM3\ARM_GCC_541\Debug\AS76_FFP6.a(QuadDec_X_INT.o)
                0x1fff8214                QuadDec_X_count32SoftPart
 .bss           0x1fff8218        0x1 .\CortexM3\ARM_GCC_541\Debug\AS76_FFP6.a(QuadDec_X_Cnt16.o)
                0x1fff8218                QuadDec_X_Cnt16_initVar
 .bss           0x1fff8219        0x7 .\CortexM3\ARM_GCC_541\Debug\AS76_FFP6.a(UART_PCB_LOG.o)
                0x1fff8219                UART_PCB_LOG_errorStatus
                0x1fff821a                UART_PCB_LOG_initVar
                0x1fff821b                UART_PCB_LOG_rxBufferRead
                0x1fff821c                UART_PCB_LOG_rxBufferWrite
                0x1fff821d                UART_PCB_LOG_rxBufferLoopDetect
                0x1fff821e                UART_PCB_LOG_rxBufferOverflow
 .bss           0x1fff8220        0x1 .\CortexM3\ARM_GCC_541\Debug\AS76_FFP6.a(QuadDec_TZ.o)
                0x1fff8220                QuadDec_TZ_initVar
 *fill*         0x1fff8221        0x3 
 .bss           0x1fff8224        0x4 .\CortexM3\ARM_GCC_541\Debug\AS76_FFP6.a(QuadDec_TZ_INT.o)
                0x1fff8224                QuadDec_TZ_count32SoftPart
 .bss           0x1fff8228        0x1 .\CortexM3\ARM_GCC_541\Debug\AS76_FFP6.a(PWM_Buzzer.o)
                0x1fff8228                PWM_Buzzer_initVar
 .bss           0x1fff8229        0x1 .\CortexM3\ARM_GCC_541\Debug\AS76_FFP6.a(QuadDec_Y.o)
                0x1fff8229                QuadDec_Y_initVar
 *fill*         0x1fff822a        0x2 
 .bss           0x1fff822c        0x4 .\CortexM3\ARM_GCC_541\Debug\AS76_FFP6.a(QuadDec_Y_INT.o)
                0x1fff822c                QuadDec_Y_count32SoftPart
 .bss           0x1fff8230        0x1 .\CortexM3\ARM_GCC_541\Debug\AS76_FFP6.a(PWM_BarcodeCondenser_LED.o)
                0x1fff8230                PWM_BarcodeCondenser_LED_initVar
 .bss           0x1fff8231        0x1 .\CortexM3\ARM_GCC_541\Debug\AS76_FFP6.a(QuadDec_TZ_Cnt16.o)
                0x1fff8231                QuadDec_TZ_Cnt16_initVar
 .bss           0x1fff8232        0x1 .\CortexM3\ARM_GCC_541\Debug\AS76_FFP6.a(QuadDec_Y_Cnt16.o)
                0x1fff8232                QuadDec_Y_Cnt16_initVar
 .bss           0x1fff8233        0x1 .\CortexM3\ARM_GCC_541\Debug\AS76_FFP6.a(wait_timer.o)
                0x1fff8233                wait_timer_initVar
 .bss.__malloc_sbrk_start
                0x1fff8234        0x4 c:/program files (x86)/cypress/psoc creator/4.4/psoc creator/import/gnu/arm/5.4.1/bin/../lib/gcc/arm-none-eabi/5.4.1/../../../../arm-none-eabi/lib/armv7-m\libg_nano.a(lib_a-nano-mallocr.o)
                0x1fff8234                __malloc_sbrk_start
 .bss.__malloc_free_list
                0x1fff8238        0x4 c:/program files (x86)/cypress/psoc creator/4.4/psoc creator/import/gnu/arm/5.4.1/bin/../lib/gcc/arm-none-eabi/5.4.1/../../../../arm-none-eabi/lib/armv7-m\libg_nano.a(lib_a-nano-mallocr.o)
                0x1fff8238                __malloc_free_list
 *(COMMON)
 COMMON         0x1fff823c       0x82 .\CortexM3\ARM_GCC_541\Debug\main.o
                0x1fff823c                Is_Slide_On_Gripper
                0x1fff8240                USB_received
                0x1fff8280                count
                0x1fff8284                USB_transmit
 *fill*         0x1fff82be        0x2 
 COMMON         0x1fff82c0        0x4 .\CortexM3\ARM_GCC_541\Debug\AS76.o
                0x1fff82c0                command
 COMMON         0x1fff82c4       0x18 .\CortexM3\ARM_GCC_541\Debug\AS76_FFP6.a(SPIM.o)
                0x1fff82c4                SPIM_rxBufferFull
                0x1fff82c8                SPIM_txBuffer
                0x1fff82cd                SPIM_swStatusTx
                0x1fff82d0                SPIM_rxBuffer
                0x1fff82d6                SPIM_txBufferFull
                0x1fff82d7                SPIM_txBufferRead
                0x1fff82d8                SPIM_rxBufferWrite
                0x1fff82d9                SPIM_txBufferWrite
                0x1fff82da                SPIM_rxBufferRead
                0x1fff82db                SPIM_swStatusRx
 COMMON         0x1fff82dc       0x16 .\CortexM3\ARM_GCC_541\Debug\AS76_FFP6.a(USB_cdc.o)
                0x1fff82dc                USB_linesControlBitmap
                0x1fff82e0                USB_cdcCommInInterruptEp
                0x1fff82e4                USB_serialStateBitmap
                0x1fff82e8                USB_cdcDataOutEp
                0x1fff82ec                USB_cdcDataInEp
                0x1fff82f0                USB_linesChanged
 *fill*         0x1fff82f2        0x2 
 COMMON         0x1fff82f4       0x98 .\CortexM3\ARM_GCC_541\Debug\AS76_FFP6.a(USB_drv.o)
                0x1fff82f4                USB_transferState
                0x1fff82f5                USB_interfaceNumber
                0x1fff82f6                USB_lastPacketSize
                0x1fff82f8                USB_interfaceClass
                0x1fff82fc                USB_interfaceSetting
                0x1fff82fe                USB_ep0Mode
                0x1fff82ff                USB_device
                0x1fff8300                USB_deviceAddress
                0x1fff8301                USB_ep0Toggle
                0x1fff8304                USB_interfaceSettingLast
                0x1fff8306                USB_configurationChanged
                0x1fff8308                USB_interfaceStatus
                0x1fff830a                USB_transferByteCount
                0x1fff830c                USB_configuration
                0x1fff8310                USB_currentTD
                0x1fff831c                USB_ep0Count
                0x1fff831d                USB_deviceStatus
                0x1fff8320                USB_EP
 COMMON         0x1fff838c        0xa .\CortexM3\ARM_GCC_541\Debug\AS76_FFP6.a(USB_hid.o)
                0x1fff838c                USB_hidProtocol
                0x1fff8390                USB_hidIdleRate
                0x1fff8394                USB_hidIdleTimer
 *fill*         0x1fff8396        0x2 
 COMMON         0x1fff8398       0x40 .\CortexM3\ARM_GCC_541\Debug\AS76_FFP6.a(UART_PCB_LOG.o)
                0x1fff8398                UART_PCB_LOG_rxBuffer
 COMMON         0x1fff83d8       0x22 .\CortexM3\ARM_GCC_541\Debug\AS76_FFP6.a(USB_descr.o)
                0x1fff83d8                USB_idSerialNumberStringDescriptor
 *fill*         0x1fff83fa        0x2 
 COMMON         0x1fff83fc        0x4 c:/program files (x86)/cypress/psoc creator/4.4/psoc creator/import/gnu/arm/5.4.1/bin/../lib/gcc/arm-none-eabi/5.4.1/../../../../arm-none-eabi/lib/armv7-m\libg_nano.a(lib_a-reent.o)
                0x1fff83fc                errno
                0x1fff8400                . = ALIGN (0x8)
 *(.ram.b)
                0x1fff8400                _end = .
                0x1fff8400                __end = .
                0x1fff8400                PROVIDE (end, .)
                0x1fff8400                PROVIDE (__bss_end__, .)
                0x00008380                __cy_region_init_ram = LOADADDR (.data)
                0x000000d8                __cy_region_init_size_ram = (_edata - ADDR (.data))
                0x00000260                __cy_region_zero_size_ram = (_end - _edata)

.heap           0x1fff8400       0x80 load address 0x00008458
                0x1fff8400                . = _end
                0x1fff8480                . = (. + 0x80)
 *fill*         0x1fff8400       0x80 
                0x1fff8480                __cy_heap_limit = .

.stack          0x20007800      0x800
                0x20007800                __cy_stack_limit = .
                0x20008000                . = (. + 0x800)
 *fill*         0x20007800      0x800 
                0x00000001                ASSERT ((__cy_stack_limit >= __cy_heap_limit), region RAM overflowed with stack)
                0x00000000                cy_checksum_exclude_size = (CY_APPL_LOADABLE == 0x1)?SIZEOF (.cy_checksum_exclude):0x0
                0x00000001                ASSERT ((cy_checksum_exclude_size <= CY_CHECKSUM_EXCLUDE_SIZE), CY_BOOT: Section .cy_checksum_exclude size exceedes specified limit.)

.cyloadermeta
 *(.cyloadermeta)

.cyloadablemeta
 *(.cyloadablemeta)

.cyconfigecc
 *(.cyconfigecc)

.cycustnvl      0x90000000        0x4
 *(.cycustnvl)
 .cycustnvl     0x90000000        0x4 .\CortexM3\ARM_GCC_541\Debug\cymetadata.o
                0x90000000                cy_meta_custnvl

.cywolatch      0x90100000        0x4
 *(.cywolatch)
 .cywolatch     0x90100000        0x4 .\CortexM3\ARM_GCC_541\Debug\cymetadata.o
                0x90100000                cy_meta_wonvl

.cyeeprom       0x90200000        0x0
 *(.cyeeprom)
                0x00000001                ASSERT ((. <= ((0x90200000 + ee_offset) + ee_size)), .cyeeprom data will not fit in EEPROM)

.cyflashprotect
                0x90400000      0x100
 *(.cyflashprotect)
 .cyflashprotect
                0x90400000      0x100 .\CortexM3\ARM_GCC_541\Debug\cymetadata.o
                0x90400000                cy_meta_flashprotect

.cymeta         0x90500000        0xc
 *(.cymeta)
 .cymeta        0x90500000        0xc .\CortexM3\ARM_GCC_541\Debug\cymetadata.o
                0x90500000                cy_metadata

.rel.dyn        0x00008458        0x0 load address 0x9050000c
 .rel.iplt      0x00008458        0x0 c:/program files (x86)/cypress/psoc creator/4.4/psoc creator/import/gnu/arm/5.4.1/bin/../lib/gcc/arm-none-eabi/5.4.1/armv7-m/crtbegin.o

.stab
 *(.stab)

.stabstr
 *(.stabstr)

.debug
 *(.debug)

.line
 *(.line)

.debug_srcinfo
 *(.debug_srcinfo)

.debug_sfnames
 *(.debug_sfnames)

.debug_aranges  0x00000000     0x16b0
 *(.debug_aranges)
 .debug_aranges
                0x00000000       0x20 .\CortexM3\ARM_GCC_541\Debug\main.o
 .debug_aranges
                0x00000020      0x198 .\CortexM3\ARM_GCC_541\Debug\AS76.o
 .debug_aranges
                0x000001b8       0x60 .\CortexM3\ARM_GCC_541\Debug\cyfitter_cfg.o
 .debug_aranges
                0x00000218       0x18 .\CortexM3\ARM_GCC_541\Debug\cymetadata.o
 .debug_aranges
                0x00000230       0x48 .\CortexM3\ARM_GCC_541\Debug\Cm3Start.o
 .debug_aranges
                0x00000278       0x38 .\CortexM3\ARM_GCC_541\Debug\AS76_FFP6.a(Pin_CSMotorX.o)
 .debug_aranges
                0x000002b0       0x38 .\CortexM3\ARM_GCC_541\Debug\AS76_FFP6.a(Pin_CSMotorY.o)
 .debug_aranges
                0x000002e8       0x38 .\CortexM3\ARM_GCC_541\Debug\AS76_FFP6.a(Pin_CSMotorZ.o)
 .debug_aranges
                0x00000320       0xd8 .\CortexM3\ARM_GCC_541\Debug\AS76_FFP6.a(SPIM.o)
 .debug_aranges
                0x000003f8       0x28 .\CortexM3\ARM_GCC_541\Debug\AS76_FFP6.a(SPIM_INT.o)
 .debug_aranges
                0x00000420      0x2a0 .\CortexM3\ARM_GCC_541\Debug\AS76_FFP6.a(CyLib.o)
 .debug_aranges
                0x000006c0       0x98 .\CortexM3\ARM_GCC_541\Debug\AS76_FFP6.a(cyPm.o)
 .debug_aranges
                0x00000758       0xc8 .\CortexM3\ARM_GCC_541\Debug\AS76_FFP6.a(USB.o)
 .debug_aranges
                0x00000820       0xe8 .\CortexM3\ARM_GCC_541\Debug\AS76_FFP6.a(USB_cdc.o)
 .debug_aranges
                0x00000908       0x98 .\CortexM3\ARM_GCC_541\Debug\AS76_FFP6.a(USB_drv.o)
 .debug_aranges
                0x000009a0       0x40 .\CortexM3\ARM_GCC_541\Debug\AS76_FFP6.a(USB_episr.o)
 .debug_aranges
                0x000009e0       0x48 .\CortexM3\ARM_GCC_541\Debug\AS76_FFP6.a(USB_hid.o)
 .debug_aranges
                0x00000a28       0x40 .\CortexM3\ARM_GCC_541\Debug\AS76_FFP6.a(USB_pm.o)
 .debug_aranges
                0x00000a68       0x80 .\CortexM3\ARM_GCC_541\Debug\AS76_FFP6.a(USB_std.o)
 .debug_aranges
                0x00000ae8       0x20 .\CortexM3\ARM_GCC_541\Debug\AS76_FFP6.a(USB_vnd.o)
 .debug_aranges
                0x00000b08       0x48 .\CortexM3\ARM_GCC_541\Debug\AS76_FFP6.a(USB_Dp.o)
 .debug_aranges
                0x00000b50       0x78 .\CortexM3\ARM_GCC_541\Debug\AS76_FFP6.a(PWM_CondenserLED.o)
 .debug_aranges
                0x00000bc8       0x70 .\CortexM3\ARM_GCC_541\Debug\AS76_FFP6.a(SPIM_IntClock.o)
 .debug_aranges
                0x00000c38       0x60 .\CortexM3\ARM_GCC_541\Debug\AS76_FFP6.a(QuadDec_X.o)
 .debug_aranges
                0x00000c98       0x20 .\CortexM3\ARM_GCC_541\Debug\AS76_FFP6.a(QuadDec_X_INT.o)
 .debug_aranges
                0x00000cb8       0x98 .\CortexM3\ARM_GCC_541\Debug\AS76_FFP6.a(QuadDec_X_Cnt16.o)
 .debug_aranges
                0x00000d50       0xf0 .\CortexM3\ARM_GCC_541\Debug\AS76_FFP6.a(UART_PCB_LOG.o)
 .debug_aranges
                0x00000e40       0x20 .\CortexM3\ARM_GCC_541\Debug\AS76_FFP6.a(UART_PCB_LOG_INT.o)
 .debug_aranges
                0x00000e60       0x70 .\CortexM3\ARM_GCC_541\Debug\AS76_FFP6.a(UART_PCB_LOG_IntClock.o)
 .debug_aranges
                0x00000ed0       0x38 .\CortexM3\ARM_GCC_541\Debug\AS76_FFP6.a(Pin_Backlight.o)
 .debug_aranges
                0x00000f08       0x38 .\CortexM3\ARM_GCC_541\Debug\AS76_FFP6.a(LED2.o)
 .debug_aranges
                0x00000f40       0x38 .\CortexM3\ARM_GCC_541\Debug\AS76_FFP6.a(Pin_CSMotorO.o)
 .debug_aranges
                0x00000f78       0x38 .\CortexM3\ARM_GCC_541\Debug\AS76_FFP6.a(Pin_CSMotorT.o)
 .debug_aranges
                0x00000fb0       0x60 .\CortexM3\ARM_GCC_541\Debug\AS76_FFP6.a(QuadDec_TZ.o)
 .debug_aranges
                0x00001010       0x20 .\CortexM3\ARM_GCC_541\Debug\AS76_FFP6.a(QuadDec_TZ_INT.o)
 .debug_aranges
                0x00001030       0x78 .\CortexM3\ARM_GCC_541\Debug\AS76_FFP6.a(PWM_Buzzer.o)
 .debug_aranges
                0x000010a8       0x60 .\CortexM3\ARM_GCC_541\Debug\AS76_FFP6.a(QuadDec_Y.o)
 .debug_aranges
                0x00001108       0x20 .\CortexM3\ARM_GCC_541\Debug\AS76_FFP6.a(QuadDec_Y_INT.o)
 .debug_aranges
                0x00001128       0x78 .\CortexM3\ARM_GCC_541\Debug\AS76_FFP6.a(PWM_BarcodeCondenser_LED.o)
 .debug_aranges
                0x000011a0       0x38 .\CortexM3\ARM_GCC_541\Debug\AS76_FFP6.a(LED3.o)
 .debug_aranges
                0x000011d8       0x28 .\CortexM3\ARM_GCC_541\Debug\AS76_FFP6.a(Encoder_T_Z_Select.o)
 .debug_aranges
                0x00001200       0x38 .\CortexM3\ARM_GCC_541\Debug\AS76_FFP6.a(TMC5160_MotorX_EN.o)
 .debug_aranges
                0x00001238       0x38 .\CortexM3\ARM_GCC_541\Debug\AS76_FFP6.a(TMC5160_MotorY_EN.o)
 .debug_aranges
                0x00001270       0x38 .\CortexM3\ARM_GCC_541\Debug\AS76_FFP6.a(TMC5160_MotorZ_EN.o)
 .debug_aranges
                0x000012a8       0x38 .\CortexM3\ARM_GCC_541\Debug\AS76_FFP6.a(TMC5160_MotorT_EN.o)
 .debug_aranges
                0x000012e0       0x38 .\CortexM3\ARM_GCC_541\Debug\AS76_FFP6.a(TMC5160_MotorO_EN.o)
 .debug_aranges
                0x00001318       0x98 .\CortexM3\ARM_GCC_541\Debug\AS76_FFP6.a(QuadDec_TZ_Cnt16.o)
 .debug_aranges
                0x000013b0       0x98 .\CortexM3\ARM_GCC_541\Debug\AS76_FFP6.a(QuadDec_Y_Cnt16.o)
 .debug_aranges
                0x00001448       0x88 .\CortexM3\ARM_GCC_541\Debug\AS76_FFP6.a(wait_timer.o)
 .debug_aranges
                0x000014d0       0x80 .\CortexM3\ARM_GCC_541\Debug\AS76_FFP6.a(wait_interrupt.o)
 .debug_aranges
                0x00001550       0x20 .\CortexM3\ARM_GCC_541\Debug\AS76_FFP6.a(CyBootAsmGnu.o)
 .debug_aranges
                0x00001570       0x88 .\CortexM3\ARM_GCC_541\Debug\AS76_FFP6.a(CyFlash.o)
 .debug_aranges
                0x000015f8       0x80 .\CortexM3\ARM_GCC_541\Debug\AS76_FFP6.a(CySpc.o)
 .debug_aranges
                0x00001678       0x20 .\CortexM3\ARM_GCC_541\Debug\AS76_FFP6.a(USB_cls.o)
 .debug_aranges
                0x00001698       0x18 .\CortexM3\ARM_GCC_541\Debug\AS76_FFP6.a(USB_descr.o)

.debug_pubnames
 *(.debug_pubnames)

.debug_info     0x00000000    0x10a86
 *(.debug_info .gnu.linkonce.wi.*)
 .debug_info    0x00000000      0x4e4 .\CortexM3\ARM_GCC_541\Debug\main.o
 .debug_info    0x000004e4     0x4e5e .\CortexM3\ARM_GCC_541\Debug\AS76.o
 .debug_info    0x00005342      0x7c6 .\CortexM3\ARM_GCC_541\Debug\cyfitter_cfg.o
 .debug_info    0x00005b08      0x10e .\CortexM3\ARM_GCC_541\Debug\cymetadata.o
 .debug_info    0x00005c16      0x3bb .\CortexM3\ARM_GCC_541\Debug\Cm3Start.o
 .debug_info    0x00005fd1      0x11f .\CortexM3\ARM_GCC_541\Debug\AS76_FFP6.a(Pin_CSMotorX.o)
 .debug_info    0x000060f0      0x11f .\CortexM3\ARM_GCC_541\Debug\AS76_FFP6.a(Pin_CSMotorY.o)
 .debug_info    0x0000620f      0x11f .\CortexM3\ARM_GCC_541\Debug\AS76_FFP6.a(Pin_CSMotorZ.o)
 .debug_info    0x0000632e      0x719 .\CortexM3\ARM_GCC_541\Debug\AS76_FFP6.a(SPIM.o)
 .debug_info    0x00006a47      0x19d .\CortexM3\ARM_GCC_541\Debug\AS76_FFP6.a(SPIM_INT.o)
 .debug_info    0x00006be4     0x1374 .\CortexM3\ARM_GCC_541\Debug\AS76_FFP6.a(CyLib.o)
 .debug_info    0x00007f58      0xa2a .\CortexM3\ARM_GCC_541\Debug\AS76_FFP6.a(cyPm.o)
 .debug_info    0x00008982      0x9c1 .\CortexM3\ARM_GCC_541\Debug\AS76_FFP6.a(USB.o)
 .debug_info    0x00009343      0xaf7 .\CortexM3\ARM_GCC_541\Debug\AS76_FFP6.a(USB_cdc.o)
 .debug_info    0x00009e3a      0x655 .\CortexM3\ARM_GCC_541\Debug\AS76_FFP6.a(USB_drv.o)
 .debug_info    0x0000a48f      0x254 .\CortexM3\ARM_GCC_541\Debug\AS76_FFP6.a(USB_episr.o)
 .debug_info    0x0000a6e3      0x43b .\CortexM3\ARM_GCC_541\Debug\AS76_FFP6.a(USB_hid.o)
 .debug_info    0x0000ab1e      0x2e4 .\CortexM3\ARM_GCC_541\Debug\AS76_FFP6.a(USB_pm.o)
 .debug_info    0x0000ae02      0xb36 .\CortexM3\ARM_GCC_541\Debug\AS76_FFP6.a(USB_std.o)
 .debug_info    0x0000b938      0x1be .\CortexM3\ARM_GCC_541\Debug\AS76_FFP6.a(USB_vnd.o)
 .debug_info    0x0000baf6      0x174 .\CortexM3\ARM_GCC_541\Debug\AS76_FFP6.a(USB_Dp.o)
 .debug_info    0x0000bc6a      0x27e .\CortexM3\ARM_GCC_541\Debug\AS76_FFP6.a(PWM_CondenserLED.o)
 .debug_info    0x0000bee8      0x283 .\CortexM3\ARM_GCC_541\Debug\AS76_FFP6.a(SPIM_IntClock.o)
 .debug_info    0x0000c16b      0x357 .\CortexM3\ARM_GCC_541\Debug\AS76_FFP6.a(QuadDec_X.o)
 .debug_info    0x0000c4c2       0xf3 .\CortexM3\ARM_GCC_541\Debug\AS76_FFP6.a(QuadDec_X_INT.o)
 .debug_info    0x0000c5b5      0x348 .\CortexM3\ARM_GCC_541\Debug\AS76_FFP6.a(QuadDec_X_Cnt16.o)
 .debug_info    0x0000c8fd      0x72d .\CortexM3\ARM_GCC_541\Debug\AS76_FFP6.a(UART_PCB_LOG.o)
 .debug_info    0x0000d02a      0x14c .\CortexM3\ARM_GCC_541\Debug\AS76_FFP6.a(UART_PCB_LOG_INT.o)
 .debug_info    0x0000d176      0x283 .\CortexM3\ARM_GCC_541\Debug\AS76_FFP6.a(UART_PCB_LOG_IntClock.o)
 .debug_info    0x0000d3f9      0x11f .\CortexM3\ARM_GCC_541\Debug\AS76_FFP6.a(Pin_Backlight.o)
 .debug_info    0x0000d518      0x11f .\CortexM3\ARM_GCC_541\Debug\AS76_FFP6.a(LED2.o)
 .debug_info    0x0000d637      0x11f .\CortexM3\ARM_GCC_541\Debug\AS76_FFP6.a(Pin_CSMotorO.o)
 .debug_info    0x0000d756      0x11f .\CortexM3\ARM_GCC_541\Debug\AS76_FFP6.a(Pin_CSMotorT.o)
 .debug_info    0x0000d875      0x357 .\CortexM3\ARM_GCC_541\Debug\AS76_FFP6.a(QuadDec_TZ.o)
 .debug_info    0x0000dbcc       0xf3 .\CortexM3\ARM_GCC_541\Debug\AS76_FFP6.a(QuadDec_TZ_INT.o)
 .debug_info    0x0000dcbf      0x27f .\CortexM3\ARM_GCC_541\Debug\AS76_FFP6.a(PWM_Buzzer.o)
 .debug_info    0x0000df3e      0x357 .\CortexM3\ARM_GCC_541\Debug\AS76_FFP6.a(QuadDec_Y.o)
 .debug_info    0x0000e295       0xf3 .\CortexM3\ARM_GCC_541\Debug\AS76_FFP6.a(QuadDec_Y_INT.o)
 .debug_info    0x0000e388      0x27e .\CortexM3\ARM_GCC_541\Debug\AS76_FFP6.a(PWM_BarcodeCondenser_LED.o)
 .debug_info    0x0000e606      0x11f .\CortexM3\ARM_GCC_541\Debug\AS76_FFP6.a(LED3.o)
 .debug_info    0x0000e725       0xd6 .\CortexM3\ARM_GCC_541\Debug\AS76_FFP6.a(Encoder_T_Z_Select.o)
 .debug_info    0x0000e7fb      0x11f .\CortexM3\ARM_GCC_541\Debug\AS76_FFP6.a(TMC5160_MotorX_EN.o)
 .debug_info    0x0000e91a      0x11f .\CortexM3\ARM_GCC_541\Debug\AS76_FFP6.a(TMC5160_MotorY_EN.o)
 .debug_info    0x0000ea39      0x11f .\CortexM3\ARM_GCC_541\Debug\AS76_FFP6.a(TMC5160_MotorZ_EN.o)
 .debug_info    0x0000eb58      0x11f .\CortexM3\ARM_GCC_541\Debug\AS76_FFP6.a(TMC5160_MotorT_EN.o)
 .debug_info    0x0000ec77      0x11f .\CortexM3\ARM_GCC_541\Debug\AS76_FFP6.a(TMC5160_MotorO_EN.o)
 .debug_info    0x0000ed96      0x348 .\CortexM3\ARM_GCC_541\Debug\AS76_FFP6.a(QuadDec_TZ_Cnt16.o)
 .debug_info    0x0000f0de      0x348 .\CortexM3\ARM_GCC_541\Debug\AS76_FFP6.a(QuadDec_Y_Cnt16.o)
 .debug_info    0x0000f426      0x295 .\CortexM3\ARM_GCC_541\Debug\AS76_FFP6.a(wait_timer.o)
 .debug_info    0x0000f6bb      0x2d2 .\CortexM3\ARM_GCC_541\Debug\AS76_FFP6.a(wait_interrupt.o)
 .debug_info    0x0000f98d       0x92 .\CortexM3\ARM_GCC_541\Debug\AS76_FFP6.a(CyBootAsmGnu.o)
 .debug_info    0x0000fa1f      0x62d .\CortexM3\ARM_GCC_541\Debug\AS76_FFP6.a(CyFlash.o)
 .debug_info    0x0001004c      0x53c .\CortexM3\ARM_GCC_541\Debug\AS76_FFP6.a(CySpc.o)
 .debug_info    0x00010588      0x1f2 .\CortexM3\ARM_GCC_541\Debug\AS76_FFP6.a(USB_cls.o)
 .debug_info    0x0001077a      0x30c .\CortexM3\ARM_GCC_541\Debug\AS76_FFP6.a(USB_descr.o)

.debug_abbrev   0x00000000     0x39fb
 *(.debug_abbrev)
 .debug_abbrev  0x00000000       0xde .\CortexM3\ARM_GCC_541\Debug\main.o
 .debug_abbrev  0x000000de      0x28e .\CortexM3\ARM_GCC_541\Debug\AS76.o
 .debug_abbrev  0x0000036c      0x216 .\CortexM3\ARM_GCC_541\Debug\cyfitter_cfg.o
 .debug_abbrev  0x00000582       0x5d .\CortexM3\ARM_GCC_541\Debug\cymetadata.o
 .debug_abbrev  0x000005df      0x1e8 .\CortexM3\ARM_GCC_541\Debug\Cm3Start.o
 .debug_abbrev  0x000007c7       0x90 .\CortexM3\ARM_GCC_541\Debug\AS76_FFP6.a(Pin_CSMotorX.o)
 .debug_abbrev  0x00000857       0x90 .\CortexM3\ARM_GCC_541\Debug\AS76_FFP6.a(Pin_CSMotorY.o)
 .debug_abbrev  0x000008e7       0x90 .\CortexM3\ARM_GCC_541\Debug\AS76_FFP6.a(Pin_CSMotorZ.o)
 .debug_abbrev  0x00000977      0x162 .\CortexM3\ARM_GCC_541\Debug\AS76_FFP6.a(SPIM.o)
 .debug_abbrev  0x00000ad9       0x8a .\CortexM3\ARM_GCC_541\Debug\AS76_FFP6.a(SPIM_INT.o)
 .debug_abbrev  0x00000b63      0x254 .\CortexM3\ARM_GCC_541\Debug\AS76_FFP6.a(CyLib.o)
 .debug_abbrev  0x00000db7      0x1ab .\CortexM3\ARM_GCC_541\Debug\AS76_FFP6.a(cyPm.o)
 .debug_abbrev  0x00000f62      0x215 .\CortexM3\ARM_GCC_541\Debug\AS76_FFP6.a(USB.o)
 .debug_abbrev  0x00001177      0x245 .\CortexM3\ARM_GCC_541\Debug\AS76_FFP6.a(USB_cdc.o)
 .debug_abbrev  0x000013bc      0x189 .\CortexM3\ARM_GCC_541\Debug\AS76_FFP6.a(USB_drv.o)
 .debug_abbrev  0x00001545      0x11b .\CortexM3\ARM_GCC_541\Debug\AS76_FFP6.a(USB_episr.o)
 .debug_abbrev  0x00001660      0x16d .\CortexM3\ARM_GCC_541\Debug\AS76_FFP6.a(USB_hid.o)
 .debug_abbrev  0x000017cd      0x108 .\CortexM3\ARM_GCC_541\Debug\AS76_FFP6.a(USB_pm.o)
 .debug_abbrev  0x000018d5      0x20a .\CortexM3\ARM_GCC_541\Debug\AS76_FFP6.a(USB_std.o)
 .debug_abbrev  0x00001adf       0xe1 .\CortexM3\ARM_GCC_541\Debug\AS76_FFP6.a(USB_vnd.o)
 .debug_abbrev  0x00001bc0       0x90 .\CortexM3\ARM_GCC_541\Debug\AS76_FFP6.a(USB_Dp.o)
 .debug_abbrev  0x00001c50      0x12d .\CortexM3\ARM_GCC_541\Debug\AS76_FFP6.a(PWM_CondenserLED.o)
 .debug_abbrev  0x00001d7d      0x139 .\CortexM3\ARM_GCC_541\Debug\AS76_FFP6.a(SPIM_IntClock.o)
 .debug_abbrev  0x00001eb6      0x128 .\CortexM3\ARM_GCC_541\Debug\AS76_FFP6.a(QuadDec_X.o)
 .debug_abbrev  0x00001fde       0x78 .\CortexM3\ARM_GCC_541\Debug\AS76_FFP6.a(QuadDec_X_INT.o)
 .debug_abbrev  0x00002056      0x117 .\CortexM3\ARM_GCC_541\Debug\AS76_FFP6.a(QuadDec_X_Cnt16.o)
 .debug_abbrev  0x0000216d      0x16f .\CortexM3\ARM_GCC_541\Debug\AS76_FFP6.a(UART_PCB_LOG.o)
 .debug_abbrev  0x000022dc       0x8a .\CortexM3\ARM_GCC_541\Debug\AS76_FFP6.a(UART_PCB_LOG_INT.o)
 .debug_abbrev  0x00002366      0x139 .\CortexM3\ARM_GCC_541\Debug\AS76_FFP6.a(UART_PCB_LOG_IntClock.o)
 .debug_abbrev  0x0000249f       0x90 .\CortexM3\ARM_GCC_541\Debug\AS76_FFP6.a(Pin_Backlight.o)
 .debug_abbrev  0x0000252f       0x90 .\CortexM3\ARM_GCC_541\Debug\AS76_FFP6.a(LED2.o)
 .debug_abbrev  0x000025bf       0x90 .\CortexM3\ARM_GCC_541\Debug\AS76_FFP6.a(Pin_CSMotorO.o)
 .debug_abbrev  0x0000264f       0x90 .\CortexM3\ARM_GCC_541\Debug\AS76_FFP6.a(Pin_CSMotorT.o)
 .debug_abbrev  0x000026df      0x128 .\CortexM3\ARM_GCC_541\Debug\AS76_FFP6.a(QuadDec_TZ.o)
 .debug_abbrev  0x00002807       0x78 .\CortexM3\ARM_GCC_541\Debug\AS76_FFP6.a(QuadDec_TZ_INT.o)
 .debug_abbrev  0x0000287f      0x12d .\CortexM3\ARM_GCC_541\Debug\AS76_FFP6.a(PWM_Buzzer.o)
 .debug_abbrev  0x000029ac      0x128 .\CortexM3\ARM_GCC_541\Debug\AS76_FFP6.a(QuadDec_Y.o)
 .debug_abbrev  0x00002ad4       0x78 .\CortexM3\ARM_GCC_541\Debug\AS76_FFP6.a(QuadDec_Y_INT.o)
 .debug_abbrev  0x00002b4c      0x12d .\CortexM3\ARM_GCC_541\Debug\AS76_FFP6.a(PWM_BarcodeCondenser_LED.o)
 .debug_abbrev  0x00002c79       0x90 .\CortexM3\ARM_GCC_541\Debug\AS76_FFP6.a(LED3.o)
 .debug_abbrev  0x00002d09       0x81 .\CortexM3\ARM_GCC_541\Debug\AS76_FFP6.a(Encoder_T_Z_Select.o)
 .debug_abbrev  0x00002d8a       0x90 .\CortexM3\ARM_GCC_541\Debug\AS76_FFP6.a(TMC5160_MotorX_EN.o)
 .debug_abbrev  0x00002e1a       0x90 .\CortexM3\ARM_GCC_541\Debug\AS76_FFP6.a(TMC5160_MotorY_EN.o)
 .debug_abbrev  0x00002eaa       0x90 .\CortexM3\ARM_GCC_541\Debug\AS76_FFP6.a(TMC5160_MotorZ_EN.o)
 .debug_abbrev  0x00002f3a       0x90 .\CortexM3\ARM_GCC_541\Debug\AS76_FFP6.a(TMC5160_MotorT_EN.o)
 .debug_abbrev  0x00002fca       0x90 .\CortexM3\ARM_GCC_541\Debug\AS76_FFP6.a(TMC5160_MotorO_EN.o)
 .debug_abbrev  0x0000305a      0x117 .\CortexM3\ARM_GCC_541\Debug\AS76_FFP6.a(QuadDec_TZ_Cnt16.o)
 .debug_abbrev  0x00003171      0x117 .\CortexM3\ARM_GCC_541\Debug\AS76_FFP6.a(QuadDec_Y_Cnt16.o)
 .debug_abbrev  0x00003288      0x11a .\CortexM3\ARM_GCC_541\Debug\AS76_FFP6.a(wait_timer.o)
 .debug_abbrev  0x000033a2      0x173 .\CortexM3\ARM_GCC_541\Debug\AS76_FFP6.a(wait_interrupt.o)