Archive member included to satisfy reference by file (symbol)

.\CortexM3\ARM_GCC_541\Debug\AS76_FFP6.a(Pin_CSMotorX.o)
                              .\CortexM3\ARM_GCC_541\Debug\AS76.o (Pin_CSMotorX_Write)
.\CortexM3\ARM_GCC_541\Debug\AS76_FFP6.a(Pin_CSMotorY.o)
                              .\CortexM3\ARM_GCC_541\Debug\AS76.o (Pin_CSMotorY_Write)
.\CortexM3\ARM_GCC_541\Debug\AS76_FFP6.a(Pin_CSMotorZ.o)
                              .\CortexM3\ARM_GCC_541\Debug\AS76.o (Pin_CSMotorZ_Write)
.\CortexM3\ARM_GCC_541\Debug\AS76_FFP6.a(SPIM.o)
                              .\CortexM3\ARM_GCC_541\Debug\AS76.o (SPIM_WriteTxData)
.\CortexM3\ARM_GCC_541\Debug\AS76_FFP6.a(SPIM_INT.o)
                              .\CortexM3\ARM_GCC_541\Debug\AS76_FFP6.a(SPIM.o) (SPIM_TX_ISR)
.\CortexM3\ARM_GCC_541\Debug\AS76_FFP6.a(CyLib.o)
                              .\CortexM3\ARM_GCC_541\Debug\Cm3Start.o (CyHalt)
.\CortexM3\ARM_GCC_541\Debug\AS76_FFP6.a(cyPm.o)
                              .\CortexM3\ARM_GCC_541\Debug\AS76_FFP6.a(CyLib.o) (CyPmReadStatus)
.\CortexM3\ARM_GCC_541\Debug\AS76_FFP6.a(USB.o)
                              .\CortexM3\ARM_GCC_541\Debug\AS76.o (USB_Start)
.\CortexM3\ARM_GCC_541\Debug\AS76_FFP6.a(USB_cdc.o)
                              .\CortexM3\ARM_GCC_541\Debug\AS76.o (USB_CDC_Init)
.\CortexM3\ARM_GCC_541\Debug\AS76_FFP6.a(USB_drv.o)
                              .\CortexM3\ARM_GCC_541\Debug\AS76_FFP6.a(USB.o) (USB_lastPacketSize)
.\CortexM3\ARM_GCC_541\Debug\AS76_FFP6.a(USB_episr.o)
                              .\CortexM3\ARM_GCC_541\Debug\AS76_FFP6.a(USB.o) (USB_EP_1_ISR)
.\CortexM3\ARM_GCC_541\Debug\AS76_FFP6.a(USB_hid.o)
                              .\CortexM3\ARM_GCC_541\Debug\AS76_FFP6.a(USB.o) (USB_hidProtocol)
.\CortexM3\ARM_GCC_541\Debug\AS76_FFP6.a(USB_pm.o)
                              .\CortexM3\ARM_GCC_541\Debug\AS76_FFP6.a(USB.o) (USB_DP_ISR)
.\CortexM3\ARM_GCC_541\Debug\AS76_FFP6.a(USB_std.o)
                              .\CortexM3\ARM_GCC_541\Debug\AS76_FFP6.a(USB_pm.o) (USB_ConfigReg)
.\CortexM3\ARM_GCC_541\Debug\AS76_FFP6.a(USB_vnd.o)
                              .\CortexM3\ARM_GCC_541\Debug\AS76_FFP6.a(USB_drv.o) (USB_HandleVendorRqst)
.\CortexM3\ARM_GCC_541\Debug\AS76_FFP6.a(USB_Dp.o)
                              .\CortexM3\ARM_GCC_541\Debug\AS76_FFP6.a(USB.o) (USB_Dp_ClearInterrupt)
.\CortexM3\ARM_GCC_541\Debug\AS76_FFP6.a(PWM_CondenserLED.o)
                              .\CortexM3\ARM_GCC_541\Debug\AS76.o (PWM_CondenserLED_WriteCompare)
.\CortexM3\ARM_GCC_541\Debug\AS76_FFP6.a(SPIM_IntClock.o)
                              .\CortexM3\ARM_GCC_541\Debug\AS76_FFP6.a(SPIM.o) (SPIM_IntClock_Start)
.\CortexM3\ARM_GCC_541\Debug\AS76_FFP6.a(QuadDec_X.o)
                              .\CortexM3\ARM_GCC_541\Debug\AS76.o (QuadDec_X_GetCounter)
.\CortexM3\ARM_GCC_541\Debug\AS76_FFP6.a(QuadDec_X_INT.o)
                              .\CortexM3\ARM_GCC_541\Debug\AS76_FFP6.a(QuadDec_X.o) (QuadDec_X_ISR)
.\CortexM3\ARM_GCC_541\Debug\AS76_FFP6.a(QuadDec_X_Cnt16.o)
                              .\CortexM3\ARM_GCC_541\Debug\AS76_FFP6.a(QuadDec_X.o) (QuadDec_X_Cnt16_Stop)
.\CortexM3\ARM_GCC_541\Debug\AS76_FFP6.a(UART_PCB_LOG.o)
                              .\CortexM3\ARM_GCC_541\Debug\main.o (UART_PCB_LOG_Start)
.\CortexM3\ARM_GCC_541\Debug\AS76_FFP6.a(UART_PCB_LOG_INT.o)
                              .\CortexM3\ARM_GCC_541\Debug\AS76_FFP6.a(UART_PCB_LOG.o) (UART_PCB_LOG_RXISR)
.\CortexM3\ARM_GCC_541\Debug\AS76_FFP6.a(UART_PCB_LOG_IntClock.o)
                              .\CortexM3\ARM_GCC_541\Debug\AS76_FFP6.a(UART_PCB_LOG.o) (UART_PCB_LOG_IntClock_Start)
.\CortexM3\ARM_GCC_541\Debug\AS76_FFP6.a(Pin_Backlight.o)
                              .\CortexM3\ARM_GCC_541\Debug\AS76.o (Pin_Backlight_Write)
.\CortexM3\ARM_GCC_541\Debug\AS76_FFP6.a(LED2.o)
                              .\CortexM3\ARM_GCC_541\Debug\main.o (LED2_Write)
.\CortexM3\ARM_GCC_541\Debug\AS76_FFP6.a(Pin_CSMotorO.o)
                              .\CortexM3\ARM_GCC_541\Debug\AS76.o (Pin_CSMotorO_Write)
.\CortexM3\ARM_GCC_541\Debug\AS76_FFP6.a(Pin_CSMotorT.o)
                              .\CortexM3\ARM_GCC_541\Debug\AS76.o (Pin_CSMotorT_Write)
.\CortexM3\ARM_GCC_541\Debug\AS76_FFP6.a(QuadDec_TZ.o)
                              .\CortexM3\ARM_GCC_541\Debug\AS76.o (QuadDec_TZ_GetCounter)
.\CortexM3\ARM_GCC_541\Debug\AS76_FFP6.a(QuadDec_TZ_INT.o)
                              .\CortexM3\ARM_GCC_541\Debug\AS76_FFP6.a(QuadDec_TZ.o) (QuadDec_TZ_ISR)
.\CortexM3\ARM_GCC_541\Debug\AS76_FFP6.a(PWM_Buzzer.o)
                              .\CortexM3\ARM_GCC_541\Debug\AS76.o (PWM_Buzzer_WriteCompare)
.\CortexM3\ARM_GCC_541\Debug\AS76_FFP6.a(QuadDec_Y.o)
                              .\CortexM3\ARM_GCC_541\Debug\AS76.o (QuadDec_Y_GetCounter)
.\CortexM3\ARM_GCC_541\Debug\AS76_FFP6.a(QuadDec_Y_INT.o)
                              .\CortexM3\ARM_GCC_541\Debug\AS76_FFP6.a(QuadDec_Y.o) (QuadDec_Y_ISR)
[...]
Memory Configuration

Name             Origin             Length             Attributes
rom              0x00000000         0x00040000         xr
ram              0x1fff8000         0x00010000         xrw
*default*        0x00000000         0xffffffff

Linker script and memory map

LOAD c:/program files (x86)/cypress/psoc creator/4.4/psoc creator/import/gnu/arm/5.4.1/bin/../lib/gcc/arm-none-eabi/5.4.1/armv7-m/crti.o
LOAD c:/program files (x86)/cypress/psoc creator/4.4/psoc creator/import/gnu/arm/5.4.1/bin/../lib/gcc/arm-none-eabi/5.4.1/armv7-m/crtbegin.o
LOAD c:/program files (x86)/cypress/psoc creator/4.4/psoc creator/import/gnu/arm/5.4.1/bin/../lib/gcc/arm-none-eabi/5.4.1/../../../../arm-none-eabi/lib/armv7-m/crt0.o
START GROUP
LOAD .\CortexM3\ARM_GCC_541\Debug\main.o
LOAD .\CortexM3\ARM_GCC_541\Debug\AS76.o
LOAD .\CortexM3\ARM_GCC_541\Debug\APA102.o
LOAD .\CortexM3\ARM_GCC_541\Debug\cyfitter_cfg.o
LOAD .\CortexM3\ARM_GCC_541\Debug\cymetadata.o
LOAD .\CortexM3\ARM_GCC_541\Debug\Cm3Start.o
LOAD .\CortexM3\ARM_GCC_541\Debug\AS76_FFP6.a
LOAD C:\Program Files (x86)\Cypress\PSoC Creator\4.4\PSoC Creator\psoc\content\cycomponentlibrary\CyComponentLibrary.cylib\CortexM3\ARM_GCC_541\Debug\CyComponentLibrary.a
LOAD c:/program files (x86)/cypress/psoc creator/4.4/psoc creator/import/gnu/arm/5.4.1/bin/../lib/gcc/arm-none-eabi/5.4.1/../../../../arm-none-eabi/lib/armv7-m\libm.a
END GROUP
START GROUP
LOAD c:/program files (x86)/cypress/psoc creator/4.4/psoc creator/import/gnu/arm/5.4.1/bin/../lib/gcc/arm-none-eabi/5.4.1/armv7-m\libgcc.a
LOAD c:/program files (x86)/cypress/psoc creator/4.4/psoc creator/import/gnu/arm/5.4.1/bin/../lib/gcc/arm-none-eabi/5.4.1/../../../../arm-none-eabi/lib/armv7-m\libg_nano.a
LOAD c:/program files (x86)/cypress/psoc creator/4.4/psoc creator/import/gnu/arm/5.4.1/bin/../lib/gcc/arm-none-eabi/5.4.1/../../../../arm-none-eabi/lib/armv7-m\libc_nano.a
END GROUP
START GROUP
LOAD c:/program files (x86)/cypress/psoc creator/4.4/psoc creator/import/gnu/arm/5.4.1/bin/../lib/gcc/arm-none-eabi/5.4.1/armv7-m\libgcc.a
LOAD c:/program files (x86)/cypress/psoc creator/4.4/psoc creator/import/gnu/arm/5.4.1/bin/../lib/gcc/arm-none-eabi/5.4.1/../../../../arm-none-eabi/lib/armv7-m\libc_nano.a
END GROUP
LOAD c:/program files (x86)/cypress/psoc creator/4.4/psoc creator/import/gnu/arm/5.4.1/bin/../lib/gcc/arm-none-eabi/5.4.1/armv7-m/crtend.o
LOAD c:/program files (x86)/cypress/psoc creator/4.4/psoc creator/import/gnu/arm/5.4.1/bin/../lib/gcc/arm-none-eabi/5.4.1/armv7-m/crtn.o
START GROUP
LOAD c:/program files (x86)/cypress/psoc creator/4.4/psoc creator/import/gnu/arm/5.4.1/bin/../lib/gcc/arm-none-eabi/5.4.1/armv7-m\libgcc.a
LOAD c:/program files (x86)/cypress/psoc creator/4.4/psoc creator/import/gnu/arm/5.4.1/bin/../lib/gcc/arm-none-eabi/5.4.1/../../../../arm-none-eabi/lib/armv7-m\libc.a
LOAD c:/program files (x86)/cypress/psoc creator/4.4/psoc creator/import/gnu/arm/5.4.1/bin/../lib/gcc/arm-none-eabi/5.4.1/../../../../arm-none-eabi/lib/armv7-m\libnosys.a
END GROUP
                0x00000000                CY_APPL_ORIGIN = 0x0
                0x00000100                CY_FLASH_ROW_SIZE = 0x100
                0x00000020                CY_ECC_ROW_SIZE = 0x20
                0x00000000                CY_EE_IN_BTLDR = 0x0
                0x00000000                CY_APPL_LOADABLE = 0x0
                0x00000800                CY_EE_SIZE = 0x800
                0x00000001                CY_APPL_NUM = 0x1
                0x00000001                CY_APPL_MAX = 0x1
                0x00000040                CY_METADATA_SIZE = 0x40
                0x00000000                CY_APPL_LOADABLE = 0x0
                0x00000000                CY_CHECKSUM_EXCLUDE_SIZE = ALIGN (0x0, CY_FLASH_ROW_SIZE)
                [!provide]                PROVIDE (__cy_heap_start, _end)
                0x00000001                PROVIDE (__cy_region_num, ((__cy_regions_end - __cy_regions) / 0x10))
                0x20008000                PROVIDE (__cy_stack, (ORIGIN (ram) + LENGTH (ram)))
                [!provide]                PROVIDE (__cy_heap_end, (__cy_stack - 0x800))

.cybootloader   0x00000000        0x0
 *(.cybootloader)
                0x00000000                appl1_start = CY_APPL_ORIGIN?CY_APPL_ORIGIN:ALIGN (CY_FLASH_ROW_SIZE)
                0x0001ff00                appl2_start = (appl1_start + ALIGN ((((LENGTH (rom) - appl1_start) - (0x2 * CY_FLASH_ROW_SIZE)) / 0x2), CY_FLASH_ROW_SIZE))
                0x00000000                appl_start = (CY_APPL_NUM == 0x1)?appl1_start:appl2_start
                0x00000000                ecc_offset = ((appl_start / CY_FLASH_ROW_SIZE) * CY_ECC_ROW_SIZE)
                0x00000000                ee_offset = (CY_APPL_LOADABLE && ! (CY_EE_IN_BTLDR))?((CY_EE_SIZE / CY_APPL_MAX) * (CY_APPL_NUM - 0x1)):0x0
                0x00000800                ee_size = (CY_APPL_LOADABLE && ! (CY_EE_IN_BTLDR))?(CY_EE_SIZE / CY_APPL_MAX):CY_EE_SIZE
                [!provide]                PROVIDE (CY_ECC_OFFSET, ecc_offset)

.text           0x00000000     0x6e04
 CREATE_OBJECT_SYMBOLS
                0x00000000                PROVIDE (__cy_interrupt_vector, RomVectors)
 *(.romvectors)
 .romvectors    0x00000000       0x10 .\CortexM3\ARM_GCC_541\Debug\Cm3Start.o
                0x00000000                RomVectors
                0x00000001                ASSERT ((. != __cy_interrupt_vector), No interrupt vector)
                0x00000001                ASSERT (CY_APPL_ORIGIN?(SIZEOF (.cybootloader) <= CY_APPL_ORIGIN):0x1, Wrong image location)
                0x00000010                PROVIDE (__cy_reset, Reset)
 *(.text.Reset)
 .text.Reset    0x00000010       0x18 .\CortexM3\ARM_GCC_541\Debug\Cm3Start.o
                0x00000010                Reset
                0x00000001                ASSERT ((. != __cy_reset), No reset code)
 *(.dma_init)
                0x00000001                ASSERT ((((appl_start + .) <= 0x10000) || 0x1), DMA Init must be within the first 64k of flash)
 *(.text .text.* .gnu.linkonce.t.*)
 .text          0x00000028       0x5c c:/program files (x86)/cypress/psoc creator/4.4/psoc creator/import/gnu/arm/5.4.1/bin/../lib/gcc/arm-none-eabi/5.4.1/armv7-m/crtbegin.o
 .text.main     0x00000084       0xf8 .\CortexM3\ARM_GCC_541\Debug\main.o
                0x00000084                main
 .text.wait_interrupt_Handler
                0x0000017c       0x24 .\CortexM3\ARM_GCC_541\Debug\AS76.o
                0x0000017c                wait_interrupt_Handler
 .text.Initialize_PWM
                0x000001a0       0x50 .\CortexM3\ARM_GCC_541\Debug\AS76.o
                0x000001a0                Initialize_PWM
 .text.Enable_Encoder_T
                0x000001f0       0x18 .\CortexM3\ARM_GCC_541\Debug\AS76.o
                0x000001f0                Enable_Encoder_T
 .text.Enable_Encoder_Z
                0x00000208       0x18 .\CortexM3\ARM_GCC_541\Debug\AS76.o
                0x00000208                Enable_Encoder_Z
 .text.Initialize_And_Start_All_Opt_Encoder
                0x00000220       0x2c .\CortexM3\ARM_GCC_541\Debug\AS76.o
                0x00000220                Initialize_And_Start_All_Opt_Encoder
 .text.Read_All_Optical_Encoder
                0x0000024c       0x44 .\CortexM3\ARM_GCC_541\Debug\AS76.o
                0x0000024c                Read_All_Optical_Encoder
 .text.Write_Debug_UART_Char
                0x00000290       0x2c .\CortexM3\ARM_GCC_541\Debug\AS76.o
                0x00000290                Write_Debug_UART_Char
 .text.Beep_Twice
                0x000002bc       0x40 .\CortexM3\ARM_GCC_541\Debug\AS76.o
                0x000002bc                Beep_Twice
 *fill*         0x000002fc        0x4 
 .text.Send_Feedback_to_USB
                0x00000300      0x2f8 .\CortexM3\ARM_GCC_541\Debug\AS76.o
                0x00000300                Send_Feedback_to_USB
 .text.Initialize_USB
                0x000005f8       0x38 .\CortexM3\ARM_GCC_541\Debug\AS76.o
                0x000005f8                Initialize_USB
 .text.Write_Debug_UART_Int
                0x00000630       0x24 .\CortexM3\ARM_GCC_541\Debug\AS76.o
                0x00000630                Write_Debug_UART_Int
 *fill*         0x00000654        0x4 
 .text.set_BarcodeCondenser_LED
                0x00000658       0x70 .\CortexM3\ARM_GCC_541\Debug\AS76.o
                0x00000658                set_BarcodeCondenser_LED
 .text.set_CondenserLED
                0x000006c8       0x70 .\CortexM3\ARM_GCC_541\Debug\AS76.o
                0x000006c8                set_CondenserLED
 .text.UART_print_all_values
                0x00000738       0x24 .\CortexM3\ARM_GCC_541\Debug\AS76.o
                0x00000738                UART_print_all_values
 .text.if_all_homing_done
                0x0000075c       0x74 .\CortexM3\ARM_GCC_541\Debug\AS76.o
                0x0000075c                if_all_homing_done
 .text.Is_USB_Unpluged
                0x000007d0       0x40 .\CortexM3\ARM_GCC_541\Debug\AS76.o
                0x000007d0                Is_USB_Unpluged
 .text.Data_To_Transfer
                0x00000810       0x10 .\CortexM3\ARM_GCC_541\Debug\AS76.o
                0x00000810                Data_To_Transfer
 .text.SPI_MOTOR_CHIP_SELECT
                0x00000820       0x98 .\CortexM3\ARM_GCC_541\Debug\AS76.o
                0x00000820                SPI_MOTOR_CHIP_SELECT
 .text.Read_32bitSPI_DATA
                0x000008b8       0xec .\CortexM3\ARM_GCC_541\Debug\AS76.o
                0x000008b8                Read_32bitSPI_DATA
 .text.Write_32bitSPI_DATA
                0x000009a4       0x40 .\CortexM3\ARM_GCC_541\Debug\AS76.o
                0x000009a4                Write_32bitSPI_DATA
 .text.GotoPos  0x000009e4       0x28 .\CortexM3\ARM_GCC_541\Debug\AS76.o
                0x000009e4                GotoPos
 .text.Initialize_Motor
                0x00000a0c      0x288 .\CortexM3\ARM_GCC_541\Debug\AS76.o
                0x00000a0c                Initialize_Motor
 .text.WaitTillPositionReached
                0x00000c94       0x68 .\CortexM3\ARM_GCC_541\Debug\AS76.o
                0x00000c94                WaitTillPositionReached
 .text.Step_correction_x
                0x00000cfc      0x16c .\CortexM3\ARM_GCC_541\Debug\AS76.o
                0x00000cfc                Step_correction_x
 .text.goTo_X   0x00000e68       0x7c .\CortexM3\ARM_GCC_541\Debug\AS76.o
                0x00000e68                goTo_X
 *fill*         0x00000ee4        0x4 
 .text.Step_correction_y
                0x00000ee8      0x168 .\CortexM3\ARM_GCC_541\Debug\AS76.o
                0x00000ee8                Step_correction_y
 .text.goTo_Y   0x00001050       0x74 .\CortexM3\ARM_GCC_541\Debug\AS76.o
                0x00001050                goTo_Y
 *fill*         0x000010c4        0x4 
 .text.Step_correction_z
                0x000010c8      0x16c .\CortexM3\ARM_GCC_541\Debug\AS76.o
                0x000010c8                Step_correction_z
 .text.goTo_Z   0x00001234       0x84 .\CortexM3\ARM_GCC_541\Debug\AS76.o
                0x00001234                goTo_Z
 .text.Step_correction_t
                0x000012b8       0xf0 .\CortexM3\ARM_GCC_541\Debug\AS76.o
                0x000012b8                Step_correction_t
 .text.goTo_T   0x000013a8       0x90 .\CortexM3\ARM_GCC_541\Debug\AS76.o
                0x000013a8                goTo_T
 .text.goTo_XYZ
                0x00001438       0x9c .\CortexM3\ARM_GCC_541\Debug\AS76.o
                0x00001438                goTo_XYZ
 .text.update_max_velocity
                0x000014d4       0x10 .\CortexM3\ARM_GCC_541\Debug\AS76.o
                0x000014d4                update_max_velocity
 .text.homeX    0x000014e4      0x1e8 .\CortexM3\ARM_GCC_541\Debug\AS76.o
                0x000014e4                homeX
 .text.homeY    0x000016cc      0x1ec .\CortexM3\ARM_GCC_541\Debug\AS76.o
                0x000016cc                homeY
 .text.homeZ    0x000018b8      0x1e0 .\CortexM3\ARM_GCC_541\Debug\AS76.o
                0x000018b8                homeZ
 .text.homeT    0x00001a98      0x174 .\CortexM3\ARM_GCC_541\Debug\AS76.o
                0x00001a98                homeT
 .text.run_pump
                0x00001c0c      0x1b8 .\CortexM3\ARM_GCC_541\Debug\AS76.o
                0x00001c0c                run_pump
 .text.run_pumpvs
                0x00001dc4       0x80 .\CortexM3\ARM_GCC_541\Debug\AS76.o
                0x00001dc4                run_pumpvs
 *fill*         0x00001e44        0x4 
 .text.Process_USB_Data
                0x00001e48      0xad4 .\CortexM3\ARM_GCC_541\Debug\AS76.o
                0x00001e48                Process_USB_Data
 .text.CyClockStartupError
                0x0000291c        0x4 .\CortexM3\ARM_GCC_541\Debug\cyfitter_cfg.o
 .text.cfg_write_bytes32
                0x00002920       0x34 .\CortexM3\ARM_GCC_541\Debug\cyfitter_cfg.o
 .text.AnalogSetDefault
                0x00002954       0x28 .\CortexM3\ARM_GCC_541\Debug\cyfitter_cfg.o
 .text.CYMEMZERO
                0x0000297c        0xc .\CortexM3\ARM_GCC_541\Debug\cyfitter_cfg.o
 .text.CYCONFIGCPYCODE
                0x00002988        0x8 .\CortexM3\ARM_GCC_541\Debug\cyfitter_cfg.o
 .text.CYCONFIGCPY
                0x00002990        0x8 .\CortexM3\ARM_GCC_541\Debug\cyfitter_cfg.o
 .text.ClockSetup
                0x00002998       0xe8 .\CortexM3\ARM_GCC_541\Debug\cyfitter_cfg.o
 .text.cyfitter_cfg
                0x00002a80      0x170 .\CortexM3\ARM_GCC_541\Debug\cyfitter_cfg.o
                0x00002a80                cyfitter_cfg
 .text.IntDefaultHandler
                0x00002bf0       0x10 .\CortexM3\ARM_GCC_541\Debug\Cm3Start.o
                0x00002bf0                IntDefaultHandler
 .text._sbrk    0x00002c00       0x30 .\CortexM3\ARM_GCC_541\Debug\Cm3Start.o
                0x00002c00                _sbrk
 .text.Start_c  0x00002c30       0x4c .\CortexM3\ARM_GCC_541\Debug\Cm3Start.o
                0x00002c30                Start_c
 .text.initialize_psoc
                0x00002c7c       0x68 .\CortexM3\ARM_GCC_541\Debug\Cm3Start.o
                0x00002c7c                initialize_psoc
 .text.Pin_CSMotorX_Write
                0x00002ce4       0x18 .\CortexM3\ARM_GCC_541\Debug\AS76_FFP6.a(Pin_CSMotorX.o)
                0x00002ce4                Pin_CSMotorX_Write
 .text.Pin_CSMotorY_Write
                0x00002cfc       0x18 .\CortexM3\ARM_GCC_541\Debug\AS76_FFP6.a(Pin_CSMotorY.o)
                0x00002cfc                Pin_CSMotorY_Write
 .text.Pin_CSMotorZ_Write
                0x00002d14       0x18 .\CortexM3\ARM_GCC_541\Debug\AS76_FFP6.a(Pin_CSMotorZ.o)
                0x00002d14                Pin_CSMotorZ_Write
 .text.SPIM_EnableTxInt
                0x00002d2c        0xc .\CortexM3\ARM_GCC_541\Debug\AS76_FFP6.a(SPIM.o)
                0x00002d2c                SPIM_EnableTxInt
 .text.SPIM_EnableRxInt
                0x00002d38        0xc .\CortexM3\ARM_GCC_541\Debug\AS76_FFP6.a(SPIM.o)
                0x00002d38                SPIM_EnableRxInt
 .text.SPIM_Enable
                0x00002d44       0x3c .\CortexM3\ARM_GCC_541\Debug\AS76_FFP6.a(SPIM.o)
                0x00002d44                SPIM_Enable
 .text.SPIM_DisableTxInt
                0x00002d80        0xc .\CortexM3\ARM_GCC_541\Debug\AS76_FFP6.a(SPIM.o)
                0x00002d80                SPIM_DisableTxInt
 .text.SPIM_DisableRxInt
                0x00002d8c        0xc .\CortexM3\ARM_GCC_541\Debug\AS76_FFP6.a(SPIM.o)
                0x00002d8c                SPIM_DisableRxInt
 .text.SPIM_ReadTxStatus
                0x00002d98       0x28 .\CortexM3\ARM_GCC_541\Debug\AS76_FFP6.a(SPIM.o)
                0x00002d98                SPIM_ReadTxStatus
 .text.SPIM_ReadRxStatus
                0x00002dc0       0x28 .\CortexM3\ARM_GCC_541\Debug\AS76_FFP6.a(SPIM.o)
                0x00002dc0                SPIM_ReadRxStatus
 .text.SPIM_WriteTxData
                0x00002de8       0xd4 .\CortexM3\ARM_GCC_541\Debug\AS76_FFP6.a(SPIM.o)
                0x00002de8                SPIM_WriteTxData
 .text.SPIM_ReadRxData
                0x00002ebc       0x64 .\CortexM3\ARM_GCC_541\Debug\AS76_FFP6.a(SPIM.o)
                0x00002ebc                SPIM_ReadRxData
 .text.SPIM_ClearFIFO
                0x00002f20       0x3c .\CortexM3\ARM_GCC_541\Debug\AS76_FFP6.a(SPIM.o)
                0x00002f20                SPIM_ClearFIFO
 .text.SPIM_Init
                0x00002f5c       0x90 .\CortexM3\ARM_GCC_541\Debug\AS76_FFP6.a(SPIM.o)
                0x00002f5c                SPIM_Init
 .text.SPIM_Start
                0x00002fec       0x1c .\CortexM3\ARM_GCC_541\Debug\AS76_FFP6.a(SPIM.o)
                0x00002fec                SPIM_Start
 .text.SPIM_TX_ISR
                0x00003008       0xa0 .\CortexM3\ARM_GCC_541\Debug\AS76_FFP6.a(SPIM_INT.o)
                0x00003008                SPIM_TX_ISR
 .text.SPIM_RX_ISR
                0x000030a8       0xa0 .\CortexM3\ARM_GCC_541\Debug\AS76_FFP6.a(SPIM_INT.o)
                0x000030a8                SPIM_RX_ISR
 .text.CyHalt   0x00003148        0x4 .\CortexM3\ARM_GCC_541\Debug\AS76_FFP6.a(CyLib.o)
                0x00003148                CyHalt
 .text.CySoftwareReset
                0x0000314c       0x10 .\CortexM3\ARM_GCC_541\Debug\AS76_FFP6.a(CyLib.o)
                0x0000314c                CySoftwareReset
 .text.CyDelay  0x0000315c       0x2c .\CortexM3\ARM_GCC_541\Debug\AS76_FFP6.a(CyLib.o)
                0x0000315c                CyDelay
 .text.CyDelayUs
                0x00003188       0x14 .\CortexM3\ARM_GCC_541\Debug\AS76_FFP6.a(CyLib.o)
                0x00003188                CyDelayUs
 .text.CyIntSetVector
                0x0000319c       0x28 .\CortexM3\ARM_GCC_541\Debug\AS76_FFP6.a(CyLib.o)
                0x0000319c                CyIntSetVector
 .text.CyIntSetPriority
                0x000031c4       0x30 .\CortexM3\ARM_GCC_541\Debug\AS76_FFP6.a(CyLib.o)
                0x000031c4                CyIntSetPriority
 .text.CyGetUniqueId
                0x000031f4       0x70 .\CortexM3\ARM_GCC_541\Debug\AS76_FFP6.a(CyLib.o)
                0x000031f4                CyGetUniqueId
 .text.USB_Init
                0x00003264      0x140 .\CortexM3\ARM_GCC_541\Debug\AS76_FFP6.a(USB.o)
                0x00003264                USB_Init
 .text.USB_InitComponent
                0x000033a4       0xd0 .\CortexM3\ARM_GCC_541\Debug\AS76_FFP6.a(USB.o)
                0x000033a4                USB_InitComponent
 .text.USB_Start
                0x00003474       0x24 .\CortexM3\ARM_GCC_541\Debug\AS76_FFP6.a(USB.o)
                0x00003474                USB_Start
 .text.USB_ReInitComponent
                0x00003498       0x64 .\CortexM3\ARM_GCC_541\Debug\AS76_FFP6.a(USB.o)
                0x00003498                USB_ReInitComponent
 .text.USB_GetConfiguration
                0x000034fc        0xc .\CortexM3\ARM_GCC_541\Debug\AS76_FFP6.a(USB.o)
                0x000034fc                USB_GetConfiguration
 .text.USB_IsConfigurationChanged
                0x00003508       0x20 .\CortexM3\ARM_GCC_541\Debug\AS76_FFP6.a(USB.o)
                0x00003508                USB_IsConfigurationChanged
 .text.USB_GetEPState
                0x00003528       0x14 .\CortexM3\ARM_GCC_541\Debug\AS76_FFP6.a(USB.o)
                0x00003528                USB_GetEPState
 .text.USB_GetEPCount
                0x0000353c       0x28 .\CortexM3\ARM_GCC_541\Debug\AS76_FFP6.a(USB.o)
                0x0000353c                USB_GetEPCount
 .text.USB_LoadInEP
                0x00003564       0x94 .\CortexM3\ARM_GCC_541\Debug\AS76_FFP6.a(USB.o)
                0x00003564                USB_LoadInEP
 .text.USB_EnableOutEP
                0x000035f8       0x2c .\CortexM3\ARM_GCC_541\Debug\AS76_FFP6.a(USB.o)
                0x000035f8                USB_EnableOutEP
 .text.USB_ReadOutEP
                0x00003624       0x50 .\CortexM3\ARM_GCC_541\Debug\AS76_FFP6.a(USB.o)
                0x00003624                USB_ReadOutEP
 .text.USB_EnableSofInt
                0x00003674       0x10 .\CortexM3\ARM_GCC_541\Debug\AS76_FFP6.a(USB.o)
                0x00003674                USB_EnableSofInt
 .text.USB_GetInterfaceComPort
                0x00003684       0x38 .\CortexM3\ARM_GCC_541\Debug\AS76_FFP6.a(USB_cdc.o)
                0x00003684                USB_GetInterfaceComPort
 .text.USB_DispatchCDCClassRqst
                0x000036bc       0x98 .\CortexM3\ARM_GCC_541\Debug\AS76_FFP6.a(USB_cdc.o)
                0x000036bc                USB_DispatchCDCClassRqst
 .text.USB_CDC_Init
                0x00003754       0x98 .\CortexM3\ARM_GCC_541\Debug\AS76_FFP6.a(USB_cdc.o)
                0x00003754                USB_CDC_Init
 .text.USB_PutData
                0x000037ec       0x50 .\CortexM3\ARM_GCC_541\Debug\AS76_FFP6.a(USB_cdc.o)
                0x000037ec                USB_PutData
 .text.USB_DataIsReady
                0x0000383c       0x18 .\CortexM3\ARM_GCC_541\Debug\AS76_FFP6.a(USB_cdc.o)
                0x0000383c                USB_DataIsReady
 .text.USB_GetAll
                0x00003854       0x30 .\CortexM3\ARM_GCC_541\Debug\AS76_FFP6.a(USB_cdc.o)
                0x00003854                USB_GetAll
 .text.USB_Cdc_EpInit
                0x00003884       0x50 .\CortexM3\ARM_GCC_541\Debug\AS76_FFP6.a(USB_cdc.o)
                0x00003884                USB_Cdc_EpInit
 .text.USB_LoadEP0
                0x000038d4       0x98 .\CortexM3\ARM_GCC_541\Debug\AS76_FFP6.a(USB_drv.o)
                0x000038d4                USB_LoadEP0
 .text.USB_InitZeroLengthControlTransfer
                0x0000396c       0x34 .\CortexM3\ARM_GCC_541\Debug\AS76_FFP6.a(USB_drv.o)
                0x0000396c                USB_InitZeroLengthControlTransfer
 .text.USB_ControlReadDataStage
                0x000039a0        0x8 .\CortexM3\ARM_GCC_541\Debug\AS76_FFP6.a(USB_drv.o)
                0x000039a0                USB_ControlReadDataStage
 .text.USB_ControlWriteDataStage
                0x000039a8       0x84 .\CortexM3\ARM_GCC_541\Debug\AS76_FFP6.a(USB_drv.o)
                0x000039a8                USB_ControlWriteDataStage
 .text.USB_InitNoDataControlTransfer
                0x00003a2c       0x2c .\CortexM3\ARM_GCC_541\Debug\AS76_FFP6.a(USB_drv.o)
                0x00003a2c                USB_InitNoDataControlTransfer
 .text.USB_UpdateStatusBlock
                0x00003a58       0x24 .\CortexM3\ARM_GCC_541\Debug\AS76_FFP6.a(USB_drv.o)
                0x00003a58                USB_UpdateStatusBlock
 .text.USB_HandleSetup
                0x00003a7c       0x5c .\CortexM3\ARM_GCC_541\Debug\AS76_FFP6.a(USB_drv.o)
                0x00003a7c                USB_HandleSetup
 .text.USB_ControlReadStatusStage
                0x00003ad8       0x38 .\CortexM3\ARM_GCC_541\Debug\AS76_FFP6.a(USB_drv.o)
                0x00003ad8                USB_ControlReadStatusStage
 .text.USB_HandleOUT
                0x00003b10       0x38 .\CortexM3\ARM_GCC_541\Debug\AS76_FFP6.a(USB_drv.o)
                0x00003b10                USB_HandleOUT
 .text.USB_ControlWriteStatusStage
                0x00003b48       0x20 .\CortexM3\ARM_GCC_541\Debug\AS76_FFP6.a(USB_drv.o)
                0x00003b48                USB_ControlWriteStatusStage
 .text.USB_NoDataControlStatusStage
                0x00003b68       0x40 .\CortexM3\ARM_GCC_541\Debug\AS76_FFP6.a(USB_drv.o)
                0x00003b68                USB_NoDataControlStatusStage
 .text.USB_HandleIN
                0x00003ba8       0x2c .\CortexM3\ARM_GCC_541\Debug\AS76_FFP6.a(USB_drv.o)
                0x00003ba8                USB_HandleIN
 .text.USB_EP_0_ISR
                0x00003bd4       0xb8 .\CortexM3\ARM_GCC_541\Debug\AS76_FFP6.a(USB_drv.o)
                0x00003bd4                USB_EP_0_ISR
 .text.USB_InitializeStatusBlock
                0x00003c8c       0x24 .\CortexM3\ARM_GCC_541\Debug\AS76_FFP6.a(USB_drv.o)
                0x00003c8c                USB_InitializeStatusBlock
 .text.USB_InitControlRead
                0x00003cb0       0x50 .\CortexM3\ARM_GCC_541\Debug\AS76_FFP6.a(USB_drv.o)
                0x00003cb0                USB_InitControlRead
 .text.USB_InitControlWrite
                0x00003d00       0x48 .\CortexM3\ARM_GCC_541\Debug\AS76_FFP6.a(USB_drv.o)
                0x00003d00                USB_InitControlWrite
 .text.USB_EP_1_ISR
                0x00003d48       0x30 .\CortexM3\ARM_GCC_541\Debug\AS76_FFP6.a(USB_episr.o)
                0x00003d48                USB_EP_1_ISR
 .text.USB_EP_2_ISR
                0x00003d78       0x34 .\CortexM3\ARM_GCC_541\Debug\AS76_FFP6.a(USB_episr.o)
                0x00003d78                USB_EP_2_ISR
 .text.USB_EP_3_ISR
                0x00003dac       0x3c .\CortexM3\ARM_GCC_541\Debug\AS76_FFP6.a(USB_episr.o)
                0x00003dac                USB_EP_3_ISR
 .text.USB_SOF_ISR
                0x00003de8        0x4 .\CortexM3\ARM_GCC_541\Debug\AS76_FFP6.a(USB_episr.o)
                0x00003de8                USB_SOF_ISR
 .text.USB_BUS_RESET_ISR
                0x00003dec        0x8 .\CortexM3\ARM_GCC_541\Debug\AS76_FFP6.a(USB_episr.o)
                0x00003dec                USB_BUS_RESET_ISR
 .text.USB_FindHidClassDecriptor
                0x00003df4       0x44 .\CortexM3\ARM_GCC_541\Debug\AS76_FFP6.a(USB_hid.o)
                0x00003df4                USB_FindHidClassDecriptor
 .text.USB_FindReportDescriptor
                0x00003e38       0x4c .\CortexM3\ARM_GCC_541\Debug\AS76_FFP6.a(USB_hid.o)
                0x00003e38                USB_FindReportDescriptor
 .text.USB_FindReport
                0x00003e84       0x80 .\CortexM3\ARM_GCC_541\Debug\AS76_FFP6.a(USB_hid.o)
                0x00003e84                USB_FindReport
 .text.USB_DispatchHIDClassRqst
                0x00003f04      0x184 .\CortexM3\ARM_GCC_541\Debug\AS76_FFP6.a(USB_hid.o)
                0x00003f04                USB_DispatchHIDClassRqst
 .text.USB_DP_ISR
                0x00004088        0x8 .\CortexM3\ARM_GCC_541\Debug\AS76_FFP6.a(USB_pm.o)
                0x00004088                USB_DP_ISR
 .text.USB_ReadDieID
                0x00004090       0x6c .\CortexM3\ARM_GCC_541\Debug\AS76_FFP6.a(USB_std.o)
                0x00004090                USB_ReadDieID
 .text.USB_ConfigReg
                0x000040fc       0xa4 .\CortexM3\ARM_GCC_541\Debug\AS76_FFP6.a(USB_std.o)
                0x000040fc                USB_ConfigReg
 .text.USB_GetConfigTablePtr
                0x000041a0       0x28 .\CortexM3\ARM_GCC_541\Debug\AS76_FFP6.a(USB_std.o)
                0x000041a0                USB_GetConfigTablePtr
 .text.USB_ConfigAltChanged
                0x000041c8      0x11c .\CortexM3\ARM_GCC_541\Debug\AS76_FFP6.a(USB_std.o)
                0x000041c8                USB_ConfigAltChanged
 .text.USB_GetDeviceTablePtr
                0x000042e4       0x18 .\CortexM3\ARM_GCC_541\Debug\AS76_FFP6.a(USB_std.o)
                0x000042e4                USB_GetDeviceTablePtr
 .text.USB_GetInterfaceClassTablePtr
                0x000042fc       0x28 .\CortexM3\ARM_GCC_541\Debug\AS76_FFP6.a(USB_std.o)
                0x000042fc                USB_GetInterfaceClassTablePtr
 .text.USB_Config
                0x00004324      0x1ec .\CortexM3\ARM_GCC_541\Debug\AS76_FFP6.a(USB_std.o)
                0x00004324                USB_Config
 .text.USB_SetEndpointHalt
                0x00004510       0x64 .\CortexM3\ARM_GCC_541\Debug\AS76_FFP6.a(USB_std.o)
                0x00004510                USB_SetEndpointHalt
 .text.USB_ClearEndpointHalt
                0x00004574       0xac .\CortexM3\ARM_GCC_541\Debug\AS76_FFP6.a(USB_std.o)
                0x00004574                USB_ClearEndpointHalt
 .text.USB_ValidateAlternateSetting
                0x00004620       0x4c .\CortexM3\ARM_GCC_541\Debug\AS76_FFP6.a(USB_std.o)
                0x00004620                USB_ValidateAlternateSetting
 .text.USB_HandleStandardRqst
                0x0000466c      0x35c .\CortexM3\ARM_GCC_541\Debug\AS76_FFP6.a(USB_std.o)
                0x0000466c                USB_HandleStandardRqst
 .text.USB_HandleVendorRqst
                0x000049c8       0x3c .\CortexM3\ARM_GCC_541\Debug\AS76_FFP6.a(USB_vnd.o)
                0x000049c8                USB_HandleVendorRqst
 .text.USB_Dp_ClearInterrupt
                0x00004a04       0x10 .\CortexM3\ARM_GCC_541\Debug\AS76_FFP6.a(USB_Dp.o)
                0x00004a04                USB_Dp_ClearInterrupt
 .text.PWM_CondenserLED_Enable
                0x00004a14       0x28 .\CortexM3\ARM_GCC_541\Debug\AS76_FFP6.a(PWM_CondenserLED.o)
                0x00004a14                PWM_CondenserLED_Enable
 .text.PWM_CondenserLED_WritePeriod
                0x00004a3c        0xc .\CortexM3\ARM_GCC_541\Debug\AS76_FFP6.a(PWM_CondenserLED.o)
                0x00004a3c                PWM_CondenserLED_WritePeriod
 .text.PWM_CondenserLED_WriteCompare
                0x00004a48        0xc .\CortexM3\ARM_GCC_541\Debug\AS76_FFP6.a(PWM_CondenserLED.o)
                0x00004a48                PWM_CondenserLED_WriteCompare
 .text.PWM_CondenserLED_SetInterruptMode
                0x00004a54        0xc .\CortexM3\ARM_GCC_541\Debug\AS76_FFP6.a(PWM_CondenserLED.o)
                0x00004a54                PWM_CondenserLED_SetInterruptMode
 .text.PWM_CondenserLED_Init
                0x00004a60       0x74 .\CortexM3\ARM_GCC_541\Debug\AS76_FFP6.a(PWM_CondenserLED.o)
                0x00004a60                PWM_CondenserLED_Init
 .text.PWM_CondenserLED_Start
                0x00004ad4       0x1c .\CortexM3\ARM_GCC_541\Debug\AS76_FFP6.a(PWM_CondenserLED.o)
                0x00004ad4                PWM_CondenserLED_Start
 .text.SPIM_IntClock_Start
                0x00004af0       0x1c .\CortexM3\ARM_GCC_541\Debug\AS76_FFP6.a(SPIM_IntClock.o)
                0x00004af0                SPIM_IntClock_Start
 .text.QuadDec_X_Init
                0x00004b0c       0x24 .\CortexM3\ARM_GCC_541\Debug\AS76_FFP6.a(QuadDec_X.o)
                0x00004b0c                QuadDec_X_Init
 .text.QuadDec_X_GetCounter
                0x00004b30       0x2c .\CortexM3\ARM_GCC_541\Debug\AS76_FFP6.a(QuadDec_X.o)
                0x00004b30                QuadDec_X_GetCounter
 .text.QuadDec_X_SetCounter
                0x00004b5c       0x28 .\CortexM3\ARM_GCC_541\Debug\AS76_FFP6.a(QuadDec_X.o)
                0x00004b5c                QuadDec_X_SetCounter
 .text.QuadDec_X_GetEvents
                0x00004b84       0x10 .\CortexM3\ARM_GCC_541\Debug\AS76_FFP6.a(QuadDec_X.o)
                0x00004b84                QuadDec_X_GetEvents
 .text.QuadDec_X_SetInterruptMask
                0x00004b94       0x10 .\CortexM3\ARM_GCC_541\Debug\AS76_FFP6.a(QuadDec_X.o)
                0x00004b94                QuadDec_X_SetInterruptMask
 .text.QuadDec_X_Enable
                0x00004ba4       0x30 .\CortexM3\ARM_GCC_541\Debug\AS76_FFP6.a(QuadDec_X.o)
                0x00004ba4                QuadDec_X_Enable
 .text.QuadDec_X_Start
                0x00004bd4       0x34 .\CortexM3\ARM_GCC_541\Debug\AS76_FFP6.a(QuadDec_X.o)
                0x00004bd4                QuadDec_X_Start
 .text.QuadDec_X_ISR
                0x00004c08       0x40 .\CortexM3\ARM_GCC_541\Debug\AS76_FFP6.a(QuadDec_X_INT.o)
                0x00004c08                QuadDec_X_ISR
 .text.QuadDec_X_Cnt16_Enable
                0x00004c48       0x10 .\CortexM3\ARM_GCC_541\Debug\AS76_FFP6.a(QuadDec_X_Cnt16.o)
                0x00004c48                QuadDec_X_Cnt16_Enable
 .text.QuadDec_X_Cnt16_SetInterruptMode
                0x00004c58        0xc .\CortexM3\ARM_GCC_541\Debug\AS76_FFP6.a(QuadDec_X_Cnt16.o)
                0x00004c58                QuadDec_X_Cnt16_SetInterruptMode
 .text.QuadDec_X_Cnt16_ReadStatusRegister
                0x00004c64        0xc .\CortexM3\ARM_GCC_541\Debug\AS76_FFP6.a(QuadDec_X_Cnt16.o)
                0x00004c64                QuadDec_X_Cnt16_ReadStatusRegister
 .text.QuadDec_X_Cnt16_WriteCounter
                0x00004c70        0xc .\CortexM3\ARM_GCC_541\Debug\AS76_FFP6.a(QuadDec_X_Cnt16.o)
                0x00004c70                QuadDec_X_Cnt16_WriteCounter
 .text.QuadDec_X_Cnt16_ReadCounter
                0x00004c7c       0x14 .\CortexM3\ARM_GCC_541\Debug\AS76_FFP6.a(QuadDec_X_Cnt16.o)
                0x00004c7c                QuadDec_X_Cnt16_ReadCounter
 .text.QuadDec_X_Cnt16_ReadCapture
                0x00004c90        0xc .\CortexM3\ARM_GCC_541\Debug\AS76_FFP6.a(QuadDec_X_Cnt16.o)
                0x00004c90                QuadDec_X_Cnt16_ReadCapture
 .text.QuadDec_X_Cnt16_WritePeriod
                0x00004c9c        0xc .\CortexM3\ARM_GCC_541\Debug\AS76_FFP6.a(QuadDec_X_Cnt16.o)
                0x00004c9c                QuadDec_X_Cnt16_WritePeriod
 .text.QuadDec_X_Cnt16_WriteCompare
                0x00004ca8        0xc .\CortexM3\ARM_GCC_541\Debug\AS76_FFP6.a(QuadDec_X_Cnt16.o)
                0x00004ca8                QuadDec_X_Cnt16_WriteCompare
 .text.QuadDec_X_Cnt16_ClearFIFO
                0x00004cb4       0x14 .\CortexM3\ARM_GCC_541\Debug\AS76_FFP6.a(QuadDec_X_Cnt16.o)
                0x00004cb4                QuadDec_X_Cnt16_ClearFIFO
 .text.QuadDec_X_Cnt16_Init
                0x00004cc8       0x58 .\CortexM3\ARM_GCC_541\Debug\AS76_FFP6.a(QuadDec_X_Cnt16.o)
                0x00004cc8                QuadDec_X_Cnt16_Init
 .text.QuadDec_X_Cnt16_Start
                0x00004d20       0x1c .\CortexM3\ARM_GCC_541\Debug\AS76_FFP6.a(QuadDec_X_Cnt16.o)
                0x00004d20                QuadDec_X_Cnt16_Start
 .text.UART_PCB_LOG_Init
                0x00004d3c       0x44 .\CortexM3\ARM_GCC_541\Debug\AS76_FFP6.a(UART_PCB_LOG.o)
                0x00004d3c                UART_PCB_LOG_Init
 .text.UART_PCB_LOG_Enable
                0x00004d80       0x44 .\CortexM3\ARM_GCC_541\Debug\AS76_FFP6.a(UART_PCB_LOG.o)
                0x00004d80                UART_PCB_LOG_Enable
 .text.UART_PCB_LOG_Start
                0x00004dc4       0x1c .\CortexM3\ARM_GCC_541\Debug\AS76_FFP6.a(UART_PCB_LOG.o)
                0x00004dc4                UART_PCB_LOG_Start
 .text.UART_PCB_LOG_PutChar
                0x00004de0       0x18 .\CortexM3\ARM_GCC_541\Debug\AS76_FFP6.a(UART_PCB_LOG.o)
                0x00004de0                UART_PCB_LOG_PutChar
 .text.UART_PCB_LOG_PutString
                0x00004df8       0x24 .\CortexM3\ARM_GCC_541\Debug\AS76_FFP6.a(UART_PCB_LOG.o)
                0x00004df8                UART_PCB_LOG_PutString
 .text.UART_PCB_LOG_RXISR
                0x00004e1c       0x98 .\CortexM3\ARM_GCC_541\Debug\AS76_FFP6.a(UART_PCB_LOG_INT.o)
                0x00004e1c                UART_PCB_LOG_RXISR
 .text.UART_PCB_LOG_IntClock_Start
                0x00004eb4       0x1c .\CortexM3\ARM_GCC_541\Debug\AS76_FFP6.a(UART_PCB_LOG_IntClock.o)
                0x00004eb4                UART_PCB_LOG_IntClock_Start
 .text.Pin_Backlight_Write
                0x00004ed0       0x18 .\CortexM3\ARM_GCC_541\Debug\AS76_FFP6.a(Pin_Backlight.o)
                0x00004ed0                Pin_Backlight_Write
 .text.LED2_Write
                0x00004ee8       0x18 .\CortexM3\ARM_GCC_541\Debug\AS76_FFP6.a(LED2.o)
                0x00004ee8                LED2_Write
 .text.Pin_CSMotorO_Write
                0x00004f00       0x18 .\CortexM3\ARM_GCC_541\Debug\AS76_FFP6.a(Pin_CSMotorO.o)
                0x00004f00                Pin_CSMotorO_Write
 .text.Pin_CSMotorT_Write
                0x00004f18       0x18 .\CortexM3\ARM_GCC_541\Debug\AS76_FFP6.a(Pin_CSMotorT.o)
                0x00004f18                Pin_CSMotorT_Write
 .text.QuadDec_TZ_Init
                0x00004f30       0x24 .\CortexM3\ARM_GCC_541\Debug\AS76_FFP6.a(QuadDec_TZ.o)
                0x00004f30                QuadDec_TZ_Init
 .text.QuadDec_TZ_GetCounter
                0x00004f54       0x2c .\CortexM3\ARM_GCC_541\Debug\AS76_FFP6.a(QuadDec_TZ.o)
                0x00004f54                QuadDec_TZ_GetCounter
 .text.QuadDec_TZ_SetCounter
                0x00004f80       0x28 .\CortexM3\ARM_GCC_541\Debug\AS76_FFP6.a(QuadDec_TZ.o)
                0x00004f80                QuadDec_TZ_SetCounter
 .text.QuadDec_TZ_GetEvents
                0x00004fa8       0x10 .\CortexM3\ARM_GCC_541\Debug\AS76_FFP6.a(QuadDec_TZ.o)
                0x00004fa8                QuadDec_TZ_GetEvents
 .text.QuadDec_TZ_SetInterruptMask
                0x00004fb8       0x10 .\CortexM3\ARM_GCC_541\Debug\AS76_FFP6.a(QuadDec_TZ.o)
                0x00004fb8                QuadDec_TZ_SetInterruptMask
 .text.QuadDec_TZ_Enable
                0x00004fc8       0x30 .\CortexM3\ARM_GCC_541\Debug\AS76_FFP6.a(QuadDec_TZ.o)
                0x00004fc8                QuadDec_TZ_Enable
 .text.QuadDec_TZ_Start
                0x00004ff8       0x34 .\CortexM3\ARM_GCC_541\Debug\AS76_FFP6.a(QuadDec_TZ.o)
                0x00004ff8                QuadDec_TZ_Start
 .text.QuadDec_TZ_ISR
                0x0000502c       0x40 .\CortexM3\ARM_GCC_541\Debug\AS76_FFP6.a(QuadDec_TZ_INT.o)
                0x0000502c                QuadDec_TZ_ISR
 .text.PWM_Buzzer_Enable
                0x0000506c       0x28 .\CortexM3\ARM_GCC_541\Debug\AS76_FFP6.a(PWM_Buzzer.o)
                0x0000506c                PWM_Buzzer_Enable
 .text.PWM_Buzzer_WritePeriod
                0x00005094        0xc .\CortexM3\ARM_GCC_541\Debug\AS76_FFP6.a(PWM_Buzzer.o)
                0x00005094                PWM_Buzzer_WritePeriod
 .text.PWM_Buzzer_WriteCompare
                0x000050a0        0xc .\CortexM3\ARM_GCC_541\Debug\AS76_FFP6.a(PWM_Buzzer.o)
                0x000050a0                PWM_Buzzer_WriteCompare
 .text.PWM_Buzzer_SetInterruptMode
                0x000050ac        0xc .\CortexM3\ARM_GCC_541\Debug\AS76_FFP6.a(PWM_Buzzer.o)
                0x000050ac                PWM_Buzzer_SetInterruptMode
 .text.PWM_Buzzer_Init
                0x000050b8       0x74 .\CortexM3\ARM_GCC_541\Debug\AS76_FFP6.a(PWM_Buzzer.o)
                0x000050b8                PWM_Buzzer_Init
 .text.PWM_Buzzer_Start
                0x0000512c       0x1c .\CortexM3\ARM_GCC_541\Debug\AS76_FFP6.a(PWM_Buzzer.o)
                0x0000512c                PWM_Buzzer_Start
 .text.QuadDec_Y_Init
                0x00005148       0x24 .\CortexM3\ARM_GCC_541\Debug\AS76_FFP6.a(QuadDec_Y.o)
                0x00005148                QuadDec_Y_Init
 .text.QuadDec_Y_GetCounter
                0x0000516c       0x2c .\CortexM3\ARM_GCC_541\Debug\AS76_FFP6.a(QuadDec_Y.o)
                0x0000516c                QuadDec_Y_GetCounter
 .text.QuadDec_Y_SetCounter
                0x00005198       0x28 .\CortexM3\ARM_GCC_541\Debug\AS76_FFP6.a(QuadDec_Y.o)
                0x00005198                QuadDec_Y_SetCounter
 .text.QuadDec_Y_GetEvents
                0x000051c0       0x10 .\CortexM3\ARM_GCC_541\Debug\AS76_FFP6.a(QuadDec_Y.o)
                0x000051c0                QuadDec_Y_GetEvents
 .text.QuadDec_Y_SetInterruptMask
                0x000051d0       0x10 .\CortexM3\ARM_GCC_541\Debug\AS76_FFP6.a(QuadDec_Y.o)
                0x000051d0                QuadDec_Y_SetInterruptMask
 .text.QuadDec_Y_Enable
                0x000051e0       0x30 .\CortexM3\ARM_GCC_541\Debug\AS76_FFP6.a(QuadDec_Y.o)
                0x000051e0                QuadDec_Y_Enable
 .text.QuadDec_Y_Start
                0x00005210       0x34 .\CortexM3\ARM_GCC_541\Debug\AS76_FFP6.a(QuadDec_Y.o)
                0x00005210                QuadDec_Y_Start
 .text.QuadDec_Y_ISR
                0x00005244       0x40 .\CortexM3\ARM_GCC_541\Debug\AS76_FFP6.a(QuadDec_Y_INT.o)
                0x00005244                QuadDec_Y_ISR
 .text.PWM_BarcodeCondenser_LED_Enable
                0x00005284       0x28 .\CortexM3\ARM_GCC_541\Debug\AS76_FFP6.a(PWM_BarcodeCondenser_LED.o)
                0x00005284                PWM_BarcodeCondenser_LED_Enable
 .text.PWM_BarcodeCondenser_LED_WritePeriod
                0x000052ac        0xc .\CortexM3\ARM_GCC_541\Debug\AS76_FFP6.a(PWM_BarcodeCondenser_LED.o)
                0x000052ac                PWM_BarcodeCondenser_LED_WritePeriod
 .text.PWM_BarcodeCondenser_LED_WriteCompare
                0x000052b8        0xc .\CortexM3\ARM_GCC_541\Debug\AS76_FFP6.a(PWM_BarcodeCondenser_LED.o)
                0x000052b8                PWM_BarcodeCondenser_LED_WriteCompare
 .text.PWM_BarcodeCondenser_LED_SetInterruptMode
                0x000052c4        0xc .\CortexM3\ARM_GCC_541\Debug\AS76_FFP6.a(PWM_BarcodeCondenser_LED.o)
                0x000052c4                PWM_BarcodeCondenser_LED_SetInterruptMode
 .text.PWM_BarcodeCondenser_LED_Init
                0x000052d0       0x74 .\CortexM3\ARM_GCC_541\Debug\AS76_FFP6.a(PWM_BarcodeCondenser_LED.o)
                0x000052d0                PWM_BarcodeCondenser_LED_Init
 .text.PWM_BarcodeCondenser_LED_Start
                0x00005344       0x1c .\CortexM3\ARM_GCC_541\Debug\AS76_FFP6.a(PWM_BarcodeCondenser_LED.o)
                0x00005344                PWM_BarcodeCondenser_LED_Start
 .text.LED3_Write
                0x00005360       0x18 .\CortexM3\ARM_GCC_541\Debug\AS76_FFP6.a(LED3.o)
                0x00005360                LED3_Write
 .text.Encoder_T_Z_Select_Write
                0x00005378        0xc .\CortexM3\ARM_GCC_541\Debug\AS76_FFP6.a(Encoder_T_Z_Select.o)
                0x00005378                Encoder_T_Z_Select_Write
 .text.TMC5160_MotorX_EN_Write
                0x00005384       0x18 .\CortexM3\ARM_GCC_541\Debug\AS76_FFP6.a(TMC5160_MotorX_EN.o)
                0x00005384                TMC5160_MotorX_EN_Write
 .text.TMC5160_MotorY_EN_Write
                0x0000539c       0x18 .\CortexM3\ARM_GCC_541\Debug\AS76_FFP6.a(TMC5160_MotorY_EN.o)
                0x0000539c                TMC5160_MotorY_EN_Write
 .text.TMC5160_MotorZ_EN_Write
                0x000053b4       0x18 .\CortexM3\ARM_GCC_541\Debug\AS76_FFP6.a(TMC5160_MotorZ_EN.o)
                0x000053b4                TMC5160_MotorZ_EN_Write
 .text.TMC5160_MotorT_EN_Write
                0x000053cc       0x18 .\CortexM3\ARM_GCC_541\Debug\AS76_FFP6.a(TMC5160_MotorT_EN.o)
                0x000053cc                TMC5160_MotorT_EN_Write
 .text.TMC5160_MotorO_EN_Write
                0x000053e4       0x18 .\CortexM3\ARM_GCC_541\Debug\AS76_FFP6.a(TMC5160_MotorO_EN.o)
                0x000053e4                TMC5160_MotorO_EN_Write
 .text.QuadDec_TZ_Cnt16_Enable
                0x000053fc       0x10 .\CortexM3\ARM_GCC_541\Debug\AS76_FFP6.a(QuadDec_TZ_Cnt16.o)
                0x000053fc                QuadDec_TZ_Cnt16_Enable
 .text.QuadDec_TZ_Cnt16_SetInterruptMode
                0x0000540c        0xc .\CortexM3\ARM_GCC_541\Debug\AS76_FFP6.a(QuadDec_TZ_Cnt16.o)
                0x0000540c                QuadDec_TZ_Cnt16_SetInterruptMode
 .text.QuadDec_TZ_Cnt16_ReadStatusRegister
                0x00005418        0xc .\CortexM3\ARM_GCC_541\Debug\AS76_FFP6.a(QuadDec_TZ_Cnt16.o)
                0x00005418                QuadDec_TZ_Cnt16_ReadStatusRegister
 .text.QuadDec_TZ_Cnt16_WriteCounter
                0x00005424        0xc .\CortexM3\ARM_GCC_541\Debug\AS76_FFP6.a(QuadDec_TZ_Cnt16.o)
                0x00005424                QuadDec_TZ_Cnt16_WriteCounter
 .text.QuadDec_TZ_Cnt16_ReadCounter
                0x00005430       0x14 .\CortexM3\ARM_GCC_541\Debug\AS76_FFP6.a(QuadDec_TZ_Cnt16.o)
                0x00005430                QuadDec_TZ_Cnt16_ReadCounter
 .text.QuadDec_TZ_Cnt16_ReadCapture
                0x00005444        0xc .\CortexM3\ARM_GCC_541\Debug\AS76_FFP6.a(QuadDec_TZ_Cnt16.o)
                0x00005444                QuadDec_TZ_Cnt16_ReadCapture
 .text.QuadDec_TZ_Cnt16_WritePeriod
                0x00005450        0xc .\CortexM3\ARM_GCC_541\Debug\AS76_FFP6.a(QuadDec_TZ_Cnt16.o)
                0x00005450                QuadDec_TZ_Cnt16_WritePeriod
 .text.QuadDec_TZ_Cnt16_WriteCompare
                0x0000545c        0xc .\CortexM3\ARM_GCC_541\Debug\AS76_FFP6.a(QuadDec_TZ_Cnt16.o)
                0x0000545c                QuadDec_TZ_Cnt16_WriteCompare
 .text.QuadDec_TZ_Cnt16_ClearFIFO
                0x00005468       0x14 .\CortexM3\ARM_GCC_541\Debug\AS76_FFP6.a(QuadDec_TZ_Cnt16.o)
                0x00005468                QuadDec_TZ_Cnt16_ClearFIFO
 .text.QuadDec_TZ_Cnt16_Init
                0x0000547c       0x58 .\CortexM3\ARM_GCC_541\Debug\AS76_FFP6.a(QuadDec_TZ_Cnt16.o)
                0x0000547c                QuadDec_TZ_Cnt16_Init
 .text.QuadDec_TZ_Cnt16_Start
                0x000054d4       0x1c .\CortexM3\ARM_GCC_541\Debug\AS76_FFP6.a(QuadDec_TZ_Cnt16.o)
                0x000054d4                QuadDec_TZ_Cnt16_Start
 .text.QuadDec_Y_Cnt16_Enable
                0x000054f0       0x10 .\CortexM3\ARM_GCC_541\Debug\AS76_FFP6.a(QuadDec_Y_Cnt16.o)
                0x000054f0                QuadDec_Y_Cnt16_Enable
 .text.QuadDec_Y_Cnt16_SetInterruptMode
                0x00005500        0xc .\CortexM3\ARM_GCC_541\Debug\AS76_FFP6.a(QuadDec_Y_Cnt16.o)
                0x00005500                QuadDec_Y_Cnt16_SetInterruptMode
 .text.QuadDec_Y_Cnt16_ReadStatusRegister
                0x0000550c        0xc .\CortexM3\ARM_GCC_541\Debug\AS76_FFP6.a(QuadDec_Y_Cnt16.o)
                0x0000550c                QuadDec_Y_Cnt16_ReadStatusRegister
 .text.QuadDec_Y_Cnt16_WriteCounter
                0x00005518        0xc .\CortexM3\ARM_GCC_541\Debug\AS76_FFP6.a(QuadDec_Y_Cnt16.o)
                0x00005518                QuadDec_Y_Cnt16_WriteCounter
 .text.QuadDec_Y_Cnt16_ReadCounter
                0x00005524       0x14 .\CortexM3\ARM_GCC_541\Debug\AS76_FFP6.a(QuadDec_Y_Cnt16.o)
                0x00005524                QuadDec_Y_Cnt16_ReadCounter
 .text.QuadDec_Y_Cnt16_ReadCapture
                0x00005538        0xc .\CortexM3\ARM_GCC_541\Debug\AS76_FFP6.a(QuadDec_Y_Cnt16.o)
                0x00005538                QuadDec_Y_Cnt16_ReadCapture
 .text.QuadDec_Y_Cnt16_WritePeriod
                0x00005544        0xc .\CortexM3\ARM_GCC_541\Debug\AS76_FFP6.a(QuadDec_Y_Cnt16.o)
                0x00005544                QuadDec_Y_Cnt16_WritePeriod
 .text.QuadDec_Y_Cnt16_WriteCompare
                0x00005550        0xc .\CortexM3\ARM_GCC_541\Debug\AS76_FFP6.a(QuadDec_Y_Cnt16.o)
                0x00005550                QuadDec_Y_Cnt16_WriteCompare
 .text.QuadDec_Y_Cnt16_ClearFIFO
                0x0000555c       0x14 .\CortexM3\ARM_GCC_541\Debug\AS76_FFP6.a(QuadDec_Y_Cnt16.o)
                0x0000555c                QuadDec_Y_Cnt16_ClearFIFO
 .text.QuadDec_Y_Cnt16_Init
                0x00005570       0x58 .\CortexM3\ARM_GCC_541\Debug\AS76_FFP6.a(QuadDec_Y_Cnt16.o)
                0x00005570                QuadDec_Y_Cnt16_Init
 .text.QuadDec_Y_Cnt16_Start
                0x000055c8       0x1c .\CortexM3\ARM_GCC_541\Debug\AS76_FFP6.a(QuadDec_Y_Cnt16.o)
                0x000055c8                QuadDec_Y_Cnt16_Start
 .text.wait_timer_Enable
                0x000055e4       0x28 .\CortexM3\ARM_GCC_541\Debug\AS76_FFP6.a(wait_timer.o)
                0x000055e4                wait_timer_Enable
 .text.wait_timer_Stop
                0x0000560c       0x28 .\CortexM3\ARM_GCC_541\Debug\AS76_FFP6.a(wait_timer.o)
                0x0000560c                wait_timer_Stop
 .text.wait_timer_SetInterruptMode
                0x00005634        0xc .\CortexM3\ARM_GCC_541\Debug\AS76_FFP6.a(wait_timer.o)
                0x00005634                wait_timer_SetInterruptMode
 .text.wait_timer_WritePeriod
                0x00005640        0xc .\CortexM3\ARM_GCC_541\Debug\AS76_FFP6.a(wait_timer.o)
                0x00005640                wait_timer_WritePeriod
 .text.wait_timer_WriteCounter
                0x0000564c        0xc .\CortexM3\ARM_GCC_541\Debug\AS76_FFP6.a(wait_timer.o)
                0x0000564c                wait_timer_WriteCounter
 .text.wait_timer_Init
                0x00005658       0x68 .\CortexM3\ARM_GCC_541\Debug\AS76_FFP6.a(wait_timer.o)
                0x00005658                wait_timer_Init
 .text.wait_timer_Start
                0x000056c0       0x1c .\CortexM3\ARM_GCC_541\Debug\AS76_FFP6.a(wait_timer.o)
                0x000056c0                wait_timer_Start
 .text.wait_interrupt_SetVector
                0x000056dc        0xc .\CortexM3\ARM_GCC_541\Debug\AS76_FFP6.a(wait_interrupt.o)
                0x000056dc                wait_interrupt_SetVector
 .text.wait_interrupt_SetPriority
                0x000056e8       0x10 .\CortexM3\ARM_GCC_541\Debug\AS76_FFP6.a(wait_interrupt.o)
                0x000056e8                wait_interrupt_SetPriority
 .text.wait_interrupt_Enable
                0x000056f8       0x10 .\CortexM3\ARM_GCC_541\Debug\AS76_FFP6.a(wait_interrupt.o)
                0x000056f8                wait_interrupt_Enable
 .text.wait_interrupt_Disable
                0x00005708       0x10 .\CortexM3\ARM_GCC_541\Debug\AS76_FFP6.a(wait_interrupt.o)
                0x00005708                wait_interrupt_Disable
 .text.wait_interrupt_StartEx
                0x00005718       0x1c .\CortexM3\ARM_GCC_541\Debug\AS76_FFP6.a(wait_interrupt.o)
                0x00005718                wait_interrupt_StartEx
 *fill*         0x00005734        0x4 
 .text          0x00005738       0x20 .\CortexM3\ARM_GCC_541\Debug\AS76_FFP6.a(CyBootAsmGnu.o)
                0x00005738                CyDelayCycles
                0x00005748                CyEnterCriticalSection
                0x00005750                CyExitCriticalSection
 .text.USB_DispatchClassRqst
                0x00005758       0x68 .\CortexM3\ARM_GCC_541\Debug\AS76_FFP6.a(USB_cls.o)
                0x00005758                USB_DispatchClassRqst
 .text          0x000057c0      0x370 c:/program files (x86)/cypress/psoc creator/4.4/psoc creator/import/gnu/arm/5.4.1/bin/../lib/gcc/arm-none-eabi/5.4.1/armv7-m\libgcc.a(_arm_addsubdf3.o)
                0x000057c0                __aeabi_drsub
                0x000057c8                __aeabi_dsub
                0x000057c8                __subdf3
                0x000057cc                __aeabi_dadd
                0x000057cc                __adddf3
                0x00005a44                __floatunsidf
                0x00005a44                __aeabi_ui2d
                0x00005a64                __floatsidf
                0x00005a64                __aeabi_i2d
                0x00005a88                __aeabi_f2d
                0x00005a88                __extendsfdf2
                0x00005ac4                __floatundidf
                0x00005ac4                __aeabi_ul2d
                0x00005ad4                __floatdidf
                0x00005ad4                __aeabi_l2d
 .text          0x00005b30      0x424 c:/program files (x86)/cypress/psoc creator/4.4/psoc creator/import/gnu/arm/5.4.1/bin/../lib/gcc/arm-none-eabi/5.4.1/armv7-m\libgcc.a(_arm_muldivdf3.o)
                0x00005b30                __aeabi_dmul
                0x00005b30                __muldf3
                0x00005d84                __divdf3
                0x00005d84                __aeabi_ddiv
 .text          0x00005f54       0x50 c:/program files (x86)/cypress/psoc creator/4.4/psoc creator/import/gnu/arm/5.4.1/bin/../lib/gcc/arm-none-eabi/5.4.1/armv7-m\libgcc.a(_arm_fixdfsi.o)
                0x00005f54                __aeabi_d2iz
                0x00005f54                __fixdfsi
 .text          0x00005fa4       0x40 c:/program files (x86)/cypress/psoc creator/4.4/psoc creator/import/gnu/arm/5.4.1/bin/../lib/gcc/arm-none-eabi/5.4.1/armv7-m\libgcc.a(_arm_fixunsdfsi.o)
                0x00005fa4                __aeabi_d2uiz
                0x00005fa4                __fixunsdfsi
 .text          0x00005fe4      0x21c c:/program files (x86)/cypress/psoc creator/4.4/psoc creator/import/gnu/arm/5.4.1/bin/../lib/gcc/arm-none-eabi/5.4.1/armv7-m\libgcc.a(_arm_addsubsf3.o)
                0x00005fe4                __aeabi_frsub
                0x00005fec                __subsf3
                0x00005fec                __aeabi_fsub
                0x00005ff0                __aeabi_fadd
                0x00005ff0                __addsf3
                0x00006150                __aeabi_ui2f
                0x00006150                __floatunsisf
                0x00006158                __aeabi_i2f
                0x00006158                __floatsisf
                0x00006174                __aeabi_ul2f
                0x00006174                __floatundisf
                0x00006184                __aeabi_l2f
                0x00006184                __floatdisf
 .text          0x00006200      0x2a0 c:/program files (x86)/cypress/psoc creator/4.4/psoc creator/import/gnu/arm/5.4.1/bin/../lib/gcc/arm-none-eabi/5.4.1/armv7-m\libgcc.a(_arm_muldivsf3.o)
                0x00006200                __mulsf3
                0x00006200                __aeabi_fmul
                0x00006368                __aeabi_fdiv
                0x00006368                __divsf3
 .text          0x000064a0       0x4c c:/program files (x86)/cypress/psoc creator/4.4/psoc creator/import/gnu/arm/5.4.1/bin/../lib/gcc/arm-none-eabi/5.4.1/armv7-m\libgcc.a(_arm_fixsfsi.o)
                0x000064a0                __aeabi_f2iz
                0x000064a0                __fixsfsi
 .text.__errno  0x000064ec        0xc c:/program files (x86)/cypress/psoc creator/4.4/psoc creator/import/gnu/arm/5.4.1/bin/../lib/gcc/arm-none-eabi/5.4.1/../../../../arm-none-eabi/lib/armv7-m\libg_nano.a(lib_a-errno.o)
                0x000064ec                __errno
 .text.__libc_init_array
                0x000064f8       0x4c c:/program files (x86)/cypress/psoc creator/4.4/psoc creator/import/gnu/arm/5.4.1/bin/../lib/gcc/arm-none-eabi/5.4.1/../../../../arm-none-eabi/lib/armv7-m\libg_nano.a(lib_a-init.o)
                0x000064f8                __libc_init_array
 .text.memcpy   0x00006544       0x16 c:/program files (x86)/cypress/psoc creator/4.4/psoc creator/import/gnu/arm/5.4.1/bin/../lib/gcc/arm-none-eabi/5.4.1/../../../../arm-none-eabi/lib/armv7-m\libg_nano.a(lib_a-memcpy-stub.o)
                0x00006544                memcpy
 .text.memset   0x0000655a       0x10 c:/program files (x86)/cypress/psoc creator/4.4/psoc creator/import/gnu/arm/5.4.1/bin/../lib/gcc/arm-none-eabi/5.4.1/../../../../arm-none-eabi/lib/armv7-m\libg_nano.a(lib_a-memset.o)
                0x0000655a                memset
 *fill*         0x0000656a        0x2 
 .text.sprintf  0x0000656c       0x48 c:/program files (x86)/cypress/psoc creator/4.4/psoc creator/import/gnu/arm/5.4.1/bin/../lib/gcc/arm-none-eabi/5.4.1/../../../../arm-none-eabi/lib/armv7-m\libg_nano.a(lib_a-sprintf.o)
                0x0000656c                siprintf
                0x0000656c                sprintf
 .text.strncmp  0x000065b4       0x2a c:/program files (x86)/cypress/psoc creator/4.4/psoc creator/import/gnu/arm/5.4.1/bin/../lib/gcc/arm-none-eabi/5.4.1/../../../../arm-none-eabi/lib/armv7-m\libg_nano.a(lib_a-strncmp.o)
                0x000065b4                strncmp
 .text.strncpy  0x000065de       0x26 c:/program files (x86)/cypress/psoc creator/4.4/psoc creator/import/gnu/arm/5.4.1/bin/../lib/gcc/arm-none-eabi/5.4.1/../../../../arm-none-eabi/lib/armv7-m\libg_nano.a(lib_a-strncpy.o)
                0x000065de                strncpy
 .text.__ssputs_r
                0x00006604       0xb2 c:/program files (x86)/cypress/psoc creator/4.4/psoc creator/import/gnu/arm/5.4.1/bin/../lib/gcc/arm-none-eabi/5.4.1/../../../../arm-none-eabi/lib/armv7-m\libg_nano.a(lib_a-nano-svfprintf.o)
                0x00006604                __ssputs_r
 *fill*         0x000066b6        0x2 
 .text._svfprintf_r
                0x000066b8      0x1e8 c:/program files (x86)/cypress/psoc creator/4.4/psoc creator/import/gnu/arm/5.4.1/bin/../lib/gcc/arm-none-eabi/5.4.1/../../../../arm-none-eabi/lib/armv7-m\libg_nano.a(lib_a-nano-svfprintf.o)
                0x000066b8                _svfiprintf_r
                0x000066b8                _svfprintf_r
 .text._printf_common
                0x000068a0       0xec c:/program files (x86)/cypress/psoc creator/4.4/psoc creator/import/gnu/arm/5.4.1/bin/../lib/gcc/arm-none-eabi/5.4.1/../../../../arm-none-eabi/lib/armv7-m\libg_nano.a(lib_a-nano-vfprintf_i.o)
                0x000068a0                _printf_common
 .text._printf_i
                0x0000698c      0x24c c:/program files (x86)/cypress/psoc creator/4.4/psoc creator/import/gnu/arm/5.4.1/bin/../lib/gcc/arm-none-eabi/5.4.1/../../../../arm-none-eabi/lib/armv7-m\libg_nano.a(lib_a-nano-vfprintf_i.o)
                0x0000698c                _printf_i
 .text.memchr   0x00006bd8       0x1c c:/program files (x86)/cypress/psoc creator/4.4/psoc creator/import/gnu/arm/5.4.1/bin/../lib/gcc/arm-none-eabi/5.4.1/../../../../arm-none-eabi/lib/armv7-m\libg_nano.a(lib_a-memchr-stub.o)
                0x00006bd8                memchr
 .text.memmove  0x00006bf4       0x36 c:/program files (x86)/cypress/psoc creator/4.4/psoc creator/import/gnu/arm/5.4.1/bin/../lib/gcc/arm-none-eabi/5.4.1/../../../../arm-none-eabi/lib/armv7-m\libg_nano.a(lib_a-memmove.o)
                0x00006bf4                memmove
 *fill*         0x00006c2a        0x2 
 .text._free_r  0x00006c2c       0x98 c:/program files (x86)/cypress/psoc creator/4.4/psoc creator/import/gnu/arm/5.4.1/bin/../lib/gcc/arm-none-eabi/5.4.1/../../../../arm-none-eabi/lib/armv7-m\libg_nano.a(lib_a-nano-freer.o)
                0x00006c2c                _free_r
 .text._malloc_r
                0x00006cc4       0xbc c:/program files (x86)/cypress/psoc creator/4.4/psoc creator/import/gnu/arm/5.4.1/bin/../lib/gcc/arm-none-eabi/5.4.1/../../../../arm-none-eabi/lib/armv7-m\libg_nano.a(lib_a-nano-mallocr.o)
                0x00006cc4                _malloc_r
 .text._realloc_r
                0x00006d80       0x4c c:/program files (x86)/cypress/psoc creator/4.4/psoc creator/import/gnu/arm/5.4.1/bin/../lib/gcc/arm-none-eabi/5.4.1/../../../../arm-none-eabi/lib/armv7-m\libg_nano.a(lib_a-nano-reallocr.o)
                0x00006d80                _realloc_r
 .text._sbrk_r  0x00006dcc       0x20 c:/program files (x86)/cypress/psoc creator/4.4/psoc creator/import/gnu/arm/5.4.1/bin/../lib/gcc/arm-none-eabi/5.4.1/../../../../arm-none-eabi/lib/armv7-m\libg_nano.a(lib_a-sbrkr.o)
                0x00006dcc                _sbrk_r
 .text.__malloc_lock
                0x00006dec        0x2 c:/program files (x86)/cypress/psoc creator/4.4/psoc creator/import/gnu/arm/5.4.1/bin/../lib/gcc/arm-none-eabi/5.4.1/../../../../arm-none-eabi/lib/armv7-m\libg_nano.a(lib_a-mlock.o)
                0x00006dec                __malloc_lock
 .text.__malloc_unlock
                0x00006dee        0x2 c:/program files (x86)/cypress/psoc creator/4.4/psoc creator/import/gnu/arm/5.4.1/bin/../lib/gcc/arm-none-eabi/5.4.1/../../../../arm-none-eabi/lib/armv7-m\libg_nano.a(lib_a-mlock.o)
                0x00006dee                __malloc_unlock
 .text._malloc_usable_size_r
                0x00006df0       0x14 c:/program files (x86)/cypress/psoc creator/4.4/psoc creator/import/gnu/arm/5.4.1/bin/../lib/gcc/arm-none-eabi/5.4.1/../../../../arm-none-eabi/lib/armv7-m\libg_nano.a(lib_a-nano-msizer.o)
                0x00006df0                _malloc_usable_size_r
 *(.plt)
 *(.gnu.warning)
 *(.glue_7t)
 .glue_7t       0x00006e04        0x0 linker stubs
 *(.glue_7)
 .glue_7        0x00006e04        0x0 linker stubs
 *(.vfp11_veneer)
 .vfp11_veneer  0x00006e04        0x0 linker stubs
 *(.bootloader)
 *(.ARM.extab* .gnu.linkonce.armextab.*)
 *(.gcc_except_table)

.v4_bx          0x00006e04        0x0
 .v4_bx         0x00006e04        0x0 linker stubs

.iplt           0x00006e04        0x0
 .iplt          0x00006e04        0x0 c:/program files (x86)/cypress/psoc creator/4.4/psoc creator/import/gnu/arm/5.4.1/bin/../lib/gcc/arm-none-eabi/5.4.1/armv7-m/crtbegin.o

.eh_frame_hdr
 *(.eh_frame_hdr)

.eh_frame       0x00006e04        0x4
 *(.eh_frame)
 .eh_frame      0x00006e04        0x0 c:/program files (x86)/cypress/psoc creator/4.4/psoc creator/import/gnu/arm/5.4.1/bin/../lib/gcc/arm-none-eabi/5.4.1/armv7-m/crtbegin.o
 .eh_frame      0x00006e04        0x4 c:/program files (x86)/cypress/psoc creator/4.4/psoc creator/import/gnu/arm/5.4.1/bin/../lib/gcc/arm-none-eabi/5.4.1/armv7-m/crtend.o
                [!provide]                PROVIDE (__exidx_start, .)

.ARM.exidx
 *(.ARM.exidx* .gnu.linkonce.armexidx.*)
                0x00006e08                __exidx_end = .

.rodata         0x00006e08     0x1d38
 *(.rodata .rodata.* .gnu.linkonce.r.*)
 .rodata.str1.4
                0x00006e08       0x32 .\CortexM3\ARM_GCC_541\Debug\main.o
 *fill*         0x00006e3a        0x2 
 .rodata.str1.4
                0x00006e3c      0xa3d .\CortexM3\ARM_GCC_541\Debug\AS76.o
                                0xa4d (size before relaxing)
 *fill*         0x00007879        0x3 
 .rodata        0x0000787c     0x1028 .\CortexM3\ARM_GCC_541\Debug\cyfitter_cfg.o
 .rodata.str1.4
                0x000088a4       0x14 .\CortexM3\ARM_GCC_541\Debug\AS76_FFP6.a(USB_std.o)
                                 0x11 (size before relaxing)
 .rodata        0x000088b8      0x21a .\CortexM3\ARM_GCC_541\Debug\AS76_FFP6.a(USB_descr.o)
                0x000088b8                USB_MSOS_CONFIGURATION_DESCR
                0x000088e0                USB_MSOS_DESCRIPTOR
                0x000088f4                USB_TABLE
                0x000088fc                USB_DEVICE0_TABLE
                0x00008914                USB_DEVICE0_CONFIGURATION0_TABLE
                0x0000893c                USB_DEVICE0_CONFIGURATION0_INTERFACE_CLASS
                0x00008940                USB_DEVICE0_CONFIGURATION0_EP_SETTINGS_TABLE
                0x00008958                USB_HIDREPORT_DESCRIPTOR1
                0x00008990                USB_SN_STRING_DESCRIPTOR
                0x00008994                USB_STRING_DESCRIPTORS
                0x00008a7c                USB_DEVICE0_CONFIGURATION0_DESCR
                0x00008ac0                USB_DEVICE0_DESCR
 .rodata.str1.1
                0x00008ad2        0x2 c:/program files (x86)/cypress/psoc creator/4.4/psoc creator/import/gnu/arm/5.4.1/bin/../lib/gcc/arm-none-eabi/5.4.1/../../../../arm-none-eabi/lib/armv7-m\libg_nano.a(lib_a-impure.o)
 .rodata.str1.1
                0x00008ad4       0x11 c:/program files (x86)/cypress/psoc creator/4.4/psoc creator/import/gnu/arm/5.4.1/bin/../lib/gcc/arm-none-eabi/5.4.1/../../../../arm-none-eabi/lib/armv7-m\libg_nano.a(lib_a-nano-svfprintf.o)
 .rodata.str1.1
                0x00008ae5       0x22 c:/program files (x86)/cypress/psoc creator/4.4/psoc creator/import/gnu/arm/5.4.1/bin/../lib/gcc/arm-none-eabi/5.4.1/../../../../arm-none-eabi/lib/armv7-m\libg_nano.a(lib_a-nano-vfprintf_i.o)
                0x00008b08                . = ALIGN (0x4)
 *fill*         0x00008b07        0x1 
 *(.init)
 .init          0x00008b08        0x4 c:/program files (x86)/cypress/psoc creator/4.4/psoc creator/import/gnu/arm/5.4.1/bin/../lib/gcc/arm-none-eabi/5.4.1/armv7-m/crti.o
                0x00008b08                _init
 .init          0x00008b0c        0x8 c:/program files (x86)/cypress/psoc creator/4.4/psoc creator/import/gnu/arm/5.4.1/bin/../lib/gcc/arm-none-eabi/5.4.1/armv7-m/crtn.o
                0x00008b14                . = ALIGN (0x4)
                0x00008b14                __preinit_array_start = .
 *(.preinit_array)
                0x00008b14                __preinit_array_end = .
                0x00008b14                . = ALIGN (0x4)
                0x00008b14                __init_array_start = .
 *(SORT(.init_array.*))
 *(.init_array)
 .init_array    0x00008b14        0x4 c:/program files (x86)/cypress/psoc creator/4.4/psoc creator/import/gnu/arm/5.4.1/bin/../lib/gcc/arm-none-eabi/5.4.1/armv7-m/crtbegin.o
 .init_array    0x00008b18        0x4 .\CortexM3\ARM_GCC_541\Debug\Cm3Start.o
                0x00008b1c                __init_array_end = .
                0x00008b1c                . = ALIGN (0x4)
 *(.fini)
 .fini          0x00008b1c        0x4 c:/program files (x86)/cypress/psoc creator/4.4/psoc creator/import/gnu/arm/5.4.1/bin/../lib/gcc/arm-none-eabi/5.4.1/armv7-m/crti.o
                0x00008b1c                _fini
 .fini          0x00008b20        0x8 c:/program files (x86)/cypress/psoc creator/4.4/psoc creator/import/gnu/arm/5.4.1/bin/../lib/gcc/arm-none-eabi/5.4.1/armv7-m/crtn.o
                0x00008b28                . = ALIGN (0x4)
                0x00008b28                __fini_array_start = .
 *(.fini_array)
 .fini_array    0x00008b28        0x4 c:/program files (x86)/cypress/psoc creator/4.4/psoc creator/import/gnu/arm/5.4.1/bin/../lib/gcc/arm-none-eabi/5.4.1/armv7-m/crtbegin.o
 *(SORT(.fini_array.*))
                0x00008b2c                __fini_array_end = .
                0x00008b2c                . = ALIGN (0x4)
 *crtbegin.o(.ctors)
 *(EXCLUDE_FILE(*crtend.o) .ctors)
 *(SORT(.ctors.*))
 *crtend.o(.ctors)
                0x00008b2c                . = ALIGN (0x4)
 *crtbegin.o(.dtors)
 *(EXCLUDE_FILE(*crtend.o) .dtors)
 *(SORT(.dtors.*))
 *crtend.o(.dtors)
                0x00008b2c                . = ALIGN (0x4)
                0x00008b2c                __cy_regions = .
                0x00008b2c        0x4 LONG 0x8b40 __cy_region_init_ram
                0x00008b30        0x4 LONG 0x1fff80c8 __cy_region_start_data
                0x00008b34        0x4 LONG 0xd0 __cy_region_init_size_ram
                0x00008b38        0x4 LONG 0x268 __cy_region_zero_size_ram
                0x00008b3c                __cy_regions_end = .
                0x00008b40                . = ALIGN (0x8)
 *fill*         0x00008b3c        0x4 
                0x00008b40                _etext = .

.cy_checksum_exclude
                0x00008b40        0x0
 *(.cy_checksum_exclude)

.ramvectors     0x1fff8000       0xc0
                0x1fff8000                __cy_region_start_ram = .
 *(.ramvectors)
 .ramvectors    0x1fff8000       0xc0 .\CortexM3\ARM_GCC_541\Debug\Cm3Start.o
                0x1fff8000                CyRamVectors

.noinit         0x1fff80c0        0x1
 *(.noinit)
 .noinit        0x1fff80c0        0x1 .\CortexM3\ARM_GCC_541\Debug\AS76_FFP6.a(CyLib.o)
                0x1fff80c0                CyResetStatus

.data           0x1fff80c8       0xd0 load address 0x00008b40
                0x1fff80c8                __cy_region_start_data = .
 *(.jcr)
 .jcr           0x1fff80c8        0x0 c:/program files (x86)/cypress/psoc creator/4.4/psoc creator/import/gnu/arm/5.4.1/bin/../lib/gcc/arm-none-eabi/5.4.1/armv7-m/crtbegin.o
 .jcr           0x1fff80c8        0x4 c:/program files (x86)/cypress/psoc creator/4.4/psoc creator/import/gnu/arm/5.4.1/bin/../lib/gcc/arm-none-eabi/5.4.1/armv7-m/crtend.o
 *(.got.plt)
 *(.got)
 *(.shdata)
 *(.data .data.* .gnu.linkonce.d.*)
 .data          0x1fff80cc        0x4 .\CortexM3\ARM_GCC_541\Debug\main.o
                0x1fff80cc                status_t
                0x1fff80cd                status_z
                0x1fff80ce                status_y
                0x1fff80cf                status_x
 .data          0x1fff80d0       0x31 .\CortexM3\ARM_GCC_541\Debug\AS76.o
                0x1fff80d0                PWM_Condenser_comare_value
                0x1fff80e4                Motor_Speed_X
                0x1fff80e8                Motor_Speed_Y
                0x1fff80ec                Motor_Speed_Z
                0x1fff80f0                X_Pitchfactor
                0x1fff80f4                T_Pitchfactor
                0x1fff80f8                Z_Pitchfactor
                0x1fff80fc                Y_Pitchfactor
                0x1fff8100                Time_Out_Error
 *fill*         0x1fff8101        0x3 
 .data          0x1fff8104        0x4 .\CortexM3\ARM_GCC_541\Debug\Cm3Start.o
 .data          0x1fff8108       0x10 .\CortexM3\ARM_GCC_541\Debug\AS76_FFP6.a(CyLib.o)
                0x1fff8108                cydelay_32k_ms
                0x1fff810c                cydelay_freq_khz
                0x1fff8110                cydelay_freq_mhz
                0x1fff8114                cydelay_freq_hz
 .data          0x1fff8118       0x1a .\CortexM3\ARM_GCC_541\Debug\AS76_FFP6.a(USB_cdc.o)
                0x1fff8118                USB_linesCoding
 *fill*         0x1fff8132        0x2 
 .data.impure_data
                0x1fff8134       0x60 c:/program files (x86)/cypress/psoc creator/4.4/psoc creator/import/gnu/arm/5.4.1/bin/../lib/gcc/arm-none-eabi/5.4.1/../../../../arm-none-eabi/lib/armv7-m\libg_nano.a(lib_a-impure.o)
 .data._impure_ptr
                0x1fff8194        0x4 c:/program files (x86)/cypress/psoc creator/4.4/psoc creator/import/gnu/arm/5.4.1/bin/../lib/gcc/arm-none-eabi/5.4.1/../../../../arm-none-eabi/lib/armv7-m\libg_nano.a(lib_a-impure.o)
                0x1fff8194                _impure_ptr
                0x1fff8198                . = ALIGN (0x8)
 *(.ram)
                0x1fff8198                _edata = .

.igot.plt       0x1fff8198        0x0 load address 0x00008c10
 .igot.plt      0x1fff8198        0x0 c:/program files (x86)/cypress/psoc creator/4.4/psoc creator/import/gnu/arm/5.4.1/bin/../lib/gcc/arm-none-eabi/5.4.1/armv7-m/crtbegin.o

.bss            0x1fff8198      0x268 load address 0x00008c10
                0x1fff8198                PROVIDE (__bss_start__, .)
 *(.shbss)
 *(.bss .bss.* .gnu.linkonce.b.*)
 .bss           0x1fff8198       0x1c c:/program files (x86)/cypress/psoc creator/4.4/psoc creator/import/gnu/arm/5.4.1/bin/../lib/gcc/arm-none-eabi/5.4.1/armv7-m/crtbegin.o
 .bss           0x1fff81b4       0x54 .\CortexM3\ARM_GCC_541\Debug\AS76.o
                0x1fff81b4                ms_count
                0x1fff81b6                exit_loop
                0x1fff81b8                EncoderTZSelect
                0x1fff81bc                X_QuadPosition
                0x1fff81c0                Y_QuadPosition
                0x1fff81c4                Z_QuadPosition
                0x1fff81c8                T_QuadPosition
                0x1fff81cc                Buffer_Z_QuadPosition
                0x1fff81d0                Buffer_T_QuadPosition
                0x1fff81d4                PWM_barcode_comare_value
                0x1fff81d8                HomeY_done
                0x1fff81dc                Error
                0x1fff81e0                HomeX_done
                0x1fff81e1                HomeZ_done
                0x1fff81e3                HomeT_done
                0x1fff81e4                HomeX_done_Buffer
                0x1fff81e5                HomeY_done_Buffer
                0x1fff81e6                HomeZ_done_Buffer
                0x1fff81e7                HomeT_done_Buffer
                0x1fff81e8                Input_Position_X_Temp
                0x1fff81ec                Position_X_Requested
                0x1fff81f0                Position_Y_Requested
                0x1fff81f4                Position_Z_Requested
                0x1fff81f8                Position_T_Requested
                0x1fff81fc                time_ms
                0x1fff8200                oil_speed
                0x1fff8204                oil_dir
 .bss           0x1fff8208        0x1 .\CortexM3\ARM_GCC_541\Debug\AS76_FFP6.a(SPIM.o)
                0x1fff8208                SPIM_initVar
 .bss           0x1fff8209        0x1 .\CortexM3\ARM_GCC_541\Debug\AS76_FFP6.a(USB.o)
                0x1fff8209                USB_initVar
 .bss           0x1fff820a        0x1 .\CortexM3\ARM_GCC_541\Debug\AS76_FFP6.a(USB_cdc.o)
 *fill*         0x1fff820b        0x1 
 .bss           0x1fff820c        0x2 .\CortexM3\ARM_GCC_541\Debug\AS76_FFP6.a(USB_std.o)
 .bss           0x1fff820e        0x1 .\CortexM3\ARM_GCC_541\Debug\AS76_FFP6.a(PWM_CondenserLED.o)
                0x1fff820e                PWM_CondenserLED_initVar
 .bss           0x1fff820f        0x1 .\CortexM3\ARM_GCC_541\Debug\AS76_FFP6.a(QuadDec_X.o)
                0x1fff820f                QuadDec_X_initVar
 .bss           0x1fff8210        0x4 .\CortexM3\ARM_GCC_541\Debug\AS76_FFP6.a(QuadDec_X_INT.o)
                0x1fff8210                QuadDec_X_count32SoftPart
 .bss           0x1fff8214        0x1 .\CortexM3\ARM_GCC_541\Debug\AS76_FFP6.a(QuadDec_X_Cnt16.o)
                0x1fff8214                QuadDec_X_Cnt16_initVar
 .bss           0x1fff8215        0x7 .\CortexM3\ARM_GCC_541\Debug\AS76_FFP6.a(UART_PCB_LOG.o)
                0x1fff8215                UART_PCB_LOG_errorStatus
                0x1fff8216                UART_PCB_LOG_initVar
                0x1fff8217                UART_PCB_LOG_rxBufferRead
                0x1fff8218                UART_PCB_LOG_rxBufferWrite
                0x1fff8219                UART_PCB_LOG_rxBufferLoopDetect
                0x1fff821a                UART_PCB_LOG_rxBufferOverflow
 .bss           0x1fff821c        0x1 .\CortexM3\ARM_GCC_541\Debug\AS76_FFP6.a(QuadDec_TZ.o)
                0x1fff821c                QuadDec_TZ_initVar
 *fill*         0x1fff821d        0x3 
 .bss           0x1fff8220        0x4 .\CortexM3\ARM_GCC_541\Debug\AS76_FFP6.a(QuadDec_TZ_INT.o)
                0x1fff8220                QuadDec_TZ_count32SoftPart
 .bss           0x1fff8224        0x1 .\CortexM3\ARM_GCC_541\Debug\AS76_FFP6.a(PWM_Buzzer.o)
                0x1fff8224                PWM_Buzzer_initVar
 .bss           0x1fff8225        0x1 .\CortexM3\ARM_GCC_541\Debug\AS76_FFP6.a(QuadDec_Y.o)
                0x1fff8225                QuadDec_Y_initVar
 *fill*         0x1fff8226        0x2 
 .bss           0x1fff8228        0x4 .\CortexM3\ARM_GCC_541\Debug\AS76_FFP6.a(QuadDec_Y_INT.o)
                0x1fff8228                QuadDec_Y_count32SoftPart
 .bss           0x1fff822c        0x1 .\CortexM3\ARM_GCC_541\Debug\AS76_FFP6.a(PWM_BarcodeCondenser_LED.o)
                0x1fff822c                PWM_BarcodeCondenser_LED_initVar
 .bss           0x1fff822d        0x1 .\CortexM3\ARM_GCC_541\Debug\AS76_FFP6.a(QuadDec_TZ_Cnt16.o)
                0x1fff822d                QuadDec_TZ_Cnt16_initVar
 .bss           0x1fff822e        0x1 .\CortexM3\ARM_GCC_541\Debug\AS76_FFP6.a(QuadDec_Y_Cnt16.o)
                0x1fff822e                QuadDec_Y_Cnt16_initVar
 .bss           0x1fff822f        0x1 .\CortexM3\ARM_GCC_541\Debug\AS76_FFP6.a(wait_timer.o)
                0x1fff822f                wait_timer_initVar
 .bss.__malloc_sbrk_start
                0x1fff8230        0x4 c:/program files (x86)/cypress/psoc creator/4.4/psoc creator/import/gnu/arm/5.4.1/bin/../lib/gcc/arm-none-eabi/5.4.1/../../../../arm-none-eabi/lib/armv7-m\libg_nano.a(lib_a-nano-mallocr.o)
                0x1fff8230                __malloc_sbrk_start
 .bss.__malloc_free_list
                0x1fff8234        0x4 c:/program files (x86)/cypress/psoc creator/4.4/psoc creator/import/gnu/arm/5.4.1/bin/../lib/gcc/arm-none-eabi/5.4.1/../../../../arm-none-eabi/lib/armv7-m\libg_nano.a(lib_a-nano-mallocr.o)
                0x1fff8234                __malloc_free_list
 *(COMMON)
 COMMON         0x1fff8238       0x82 .\CortexM3\ARM_GCC_541\Debug\main.o
                0x1fff8238                Is_Slide_On_Gripper
                0x1fff823c                USB_received
                0x1fff827c                count
                0x1fff8280                USB_transmit
 *fill*         0x1fff82ba        0x2 
 COMMON         0x1fff82bc        0x4 .\CortexM3\ARM_GCC_541\Debug\AS76.o
                0x1fff82bc                command
 COMMON         0x1fff82c0       0x18 .\CortexM3\ARM_GCC_541\Debug\AS76_FFP6.a(SPIM.o)
                0x1fff82c0                SPIM_rxBufferFull
                0x1fff82c4                SPIM_txBuffer
                0x1fff82c9                SPIM_swStatusTx
                0x1fff82cc                SPIM_rxBuffer
                0x1fff82d2                SPIM_txBufferFull
                0x1fff82d3                SPIM_txBufferRead
                0x1fff82d4                SPIM_rxBufferWrite
                0x1fff82d5                SPIM_txBufferWrite
                0x1fff82d6                SPIM_rxBufferRead
                0x1fff82d7                SPIM_swStatusRx
 COMMON         0x1fff82d8       0x16 .\CortexM3\ARM_GCC_541\Debug\AS76_FFP6.a(USB_cdc.o)
                0x1fff82d8                USB_linesControlBitmap
                0x1fff82dc                USB_cdcCommInInterruptEp
                0x1fff82e0                USB_serialStateBitmap
                0x1fff82e4                USB_cdcDataOutEp
                0x1fff82e8                USB_cdcDataInEp
                0x1fff82ec                USB_linesChanged
 *fill*         0x1fff82ee        0x2 
 COMMON         0x1fff82f0       0x98 .\CortexM3\ARM_GCC_541\Debug\AS76_FFP6.a(USB_drv.o)
                0x1fff82f0                USB_transferState
                0x1fff82f1                USB_interfaceNumber
                0x1fff82f2                USB_lastPacketSize
                0x1fff82f4                USB_interfaceClass
                0x1fff82f8                USB_interfaceSetting
                0x1fff82fa                USB_ep0Mode
                0x1fff82fb                USB_device
                0x1fff82fc                USB_deviceAddress
                0x1fff82fd                USB_ep0Toggle
                0x1fff8300                USB_interfaceSettingLast
                0x1fff8302                USB_configurationChanged
                0x1fff8304                USB_interfaceStatus
                0x1fff8306                USB_transferByteCount
                0x1fff8308                USB_configuration
                0x1fff830c                USB_currentTD
                0x1fff8318                USB_ep0Count
                0x1fff8319                USB_deviceStatus
                0x1fff831c                USB_EP
 COMMON         0x1fff8388        0xa .\CortexM3\ARM_GCC_541\Debug\AS76_FFP6.a(USB_hid.o)
                0x1fff8388                USB_hidProtocol
                0x1fff838c                USB_hidIdleRate
                0x1fff8390                USB_hidIdleTimer
 *fill*         0x1fff8392        0x2 
 COMMON         0x1fff8394       0x40 .\CortexM3\ARM_GCC_541\Debug\AS76_FFP6.a(UART_PCB_LOG.o)
                0x1fff8394                UART_PCB_LOG_rxBuffer
 COMMON         0x1fff83d4       0x22 .\CortexM3\ARM_GCC_541\Debug\AS76_FFP6.a(USB_descr.o)
                0x1fff83d4                USB_idSerialNumberStringDescriptor
 *fill*         0x1fff83f6        0x2 
 COMMON         0x1fff83f8        0x4 c:/program files (x86)/cypress/psoc creator/4.4/psoc creator/import/gnu/arm/5.4.1/bin/../lib/gcc/arm-none-eabi/5.4.1/../../../../arm-none-eabi/lib/armv7-m\libg_nano.a(lib_a-reent.o)
                0x1fff83f8                errno
                0x1fff8400                . = ALIGN (0x8)
 *fill*         0x1fff83fc        0x4 
 *(.ram.b)
                0x1fff8400                _end = .
                0x1fff8400                __end = .
                0x1fff8400                PROVIDE (end, .)
                0x1fff8400                PROVIDE (__bss_end__, .)
                0x00008b40                __cy_region_init_ram = LOADADDR (.data)
                0x000000d0                __cy_region_init_size_ram = (_edata - ADDR (.data))
                0x00000268                __cy_region_zero_size_ram = (_end - _edata)

.heap           0x1fff8400       0x80 load address 0x00008c10
                0x1fff8400                . = _end
                0x1fff8480                . = (. + 0x80)
 *fill*         0x1fff8400       0x80 
                0x1fff8480                __cy_heap_limit = .

.stack          0x20007800      0x800
                0x20007800                __cy_stack_limit = .
                0x20008000                . = (. + 0x800)
 *fill*         0x20007800      0x800 
                0x00000001                ASSERT ((__cy_stack_limit >= __cy_heap_limit), region RAM overflowed with stack)
                0x00000000                cy_checksum_exclude_size = (CY_APPL_LOADABLE == 0x1)?SIZEOF (.cy_checksum_exclude):0x0
                0x00000001                ASSERT ((cy_checksum_exclude_size <= CY_CHECKSUM_EXCLUDE_SIZE), CY_BOOT: Section .cy_checksum_exclude size exceedes specified limit.)

.cyloadermeta
 *(.cyloadermeta)

.cyloadablemeta
 *(.cyloadablemeta)

.cyconfigecc
 *(.cyconfigecc)

.cycustnvl      0x90000000        0x4
 *(.cycustnvl)
 .cycustnvl     0x90000000        0x4 .\CortexM3\ARM_GCC_541\Debug\cymetadata.o
                0x90000000                cy_meta_custnvl

.cywolatch      0x90100000        0x4
 *(.cywolatch)
 .cywolatch     0x90100000        0x4 .\CortexM3\ARM_GCC_541\Debug\cymetadata.o
                0x90100000                cy_meta_wonvl

.cyeeprom       0x90200000        0x0
 *(.cyeeprom)
                0x00000001                ASSERT ((. <= ((0x90200000 + ee_offset) + ee_size)), .cyeeprom data will not fit in EEPROM)

.cyflashprotect
                0x90400000      0x100
 *(.cyflashprotect)
 .cyflashprotect
                0x90400000      0x100 .\CortexM3\ARM_GCC_541\Debug\cymetadata.o
                0x90400000                cy_meta_flashprotect

.cymeta         0x90500000        0xc
 *(.cymeta)
 .cymeta        0x90500000        0xc .\CortexM3\ARM_GCC_541\Debug\cymetadata.o
                0x90500000                cy_metadata

.rel.dyn        0x00008c10        0x0 load address 0x9050000c
 .rel.iplt      0x00008c10        0x0 c:/program files (x86)/cypress/psoc creator/4.4/psoc creator/import/gnu/arm/5.4.1/bin/../lib/gcc/arm-none-eabi/5.4.1/armv7-m/crtbegin.o

.stab
 *(.stab)

.stabstr
 *(.stabstr)

.debug
 *(.debug)

.line
 *(.line)

.debug_srcinfo
 *(.debug_srcinfo)

.debug_sfnames
 *(.debug_sfnames)

.debug_aranges  0x00000000     0x1760
 *(.debug_aranges)
 .debug_aranges
                0x00000000       0x20 .\CortexM3\ARM_GCC_541\Debug\main.o
 .debug_aranges
                0x00000020      0x198 .\CortexM3\ARM_GCC_541\Debug\AS76.o
 .debug_aranges
                0x000001b8       0x40 .\CortexM3\ARM_GCC_541\Debug\APA102.o
 .debug_aranges
                0x000001f8       0x60 .\CortexM3\ARM_GCC_541\Debug\cyfitter_cfg.o
 .debug_aranges
                0x00000258       0x18 .\CortexM3\ARM_GCC_541\Debug\cymetadata.o
 .debug_aranges
                0x00000270       0x48 .\CortexM3\ARM_GCC_541\Debug\Cm3Start.o
 .debug_aranges
                0x000002b8       0x38 .\CortexM3\ARM_GCC_541\Debug\AS76_FFP6.a(Pin_CSMotorX.o)
 .debug_aranges
                0x000002f0       0x38 .\CortexM3\ARM_GCC_541\Debug\AS76_FFP6.a(Pin_CSMotorY.o)
 .debug_aranges
                0x00000328       0x38 .\CortexM3\ARM_GCC_541\Debug\AS76_FFP6.a(Pin_CSMotorZ.o)
 .debug_aranges
                0x00000360       0xd8 .\CortexM3\ARM_GCC_541\Debug\AS76_FFP6.a(SPIM.o)
 .debug_aranges
                0x00000438       0x28 .\CortexM3\ARM_GCC_541\Debug\AS76_FFP6.a(SPIM_INT.o)
 .debug_aranges
                0x00000460      0x2a0 .\CortexM3\ARM_GCC_541\Debug\AS76_FFP6.a(CyLib.o)
 .debug_aranges
                0x00000700       0x98 .\CortexM3\ARM_GCC_541\Debug\AS76_FFP6.a(cyPm.o)
 .debug_aranges
                0x00000798       0xc8 .\CortexM3\ARM_GCC_541\Debug\AS76_FFP6.a(USB.o)
 .debug_aranges
                0x00000860       0xe8 .\CortexM3\ARM_GCC_541\Debug\AS76_FFP6.a(USB_cdc.o)
 .debug_aranges
                0x00000948       0x98 .\CortexM3\ARM_GCC_541\Debug\AS76_FFP6.a(USB_drv.o)
 .debug_aranges
                0x000009e0       0x40 .\CortexM3\ARM_GCC_541\Debug\AS76_FFP6.a(USB_episr.o)
 .debug_aranges
                0x00000a20       0x48 .\CortexM3\ARM_GCC_541\Debug\AS76_FFP6.a(USB_hid.o)
 .debug_aranges
                0x00000a68       0x40 .\CortexM3\ARM_GCC_541\Debug\AS76_FFP6.a(USB_pm.o)
 .debug_aranges
                0x00000aa8       0x80 .\CortexM3\ARM_GCC_541\Debug\AS76_FFP6.a(USB_std.o)
 .debug_aranges
                0x00000b28       0x20 .\CortexM3\ARM_GCC_541\Debug\AS76_FFP6.a(USB_vnd.o)
 .debug_aranges
                0x00000b48       0x48 .\CortexM3\ARM_GCC_541\Debug\AS76_FFP6.a(USB_Dp.o)
 .debug_aranges
                0x00000b90       0x78 .\CortexM3\ARM_GCC_541\Debug\AS76_FFP6.a(PWM_CondenserLED.o)
 .debug_aranges
                0x00000c08       0x70 .\CortexM3\ARM_GCC_541\Debug\AS76_FFP6.a(SPIM_IntClock.o)
 .debug_aranges
                0x00000c78       0x60 .\CortexM3\ARM_GCC_541\Debug\AS76_FFP6.a(QuadDec_X.o)
 .debug_aranges
                0x00000cd8       0x20 .\CortexM3\ARM_GCC_541\Debug\AS76_FFP6.a(QuadDec_X_INT.o)
 .debug_aranges
                0x00000cf8       0x98 .\CortexM3\ARM_GCC_541\Debug\AS76_FFP6.a(QuadDec_X_Cnt16.o)
 .debug_aranges
                0x00000d90       0xf0 .\CortexM3\ARM_GCC_541\Debug\AS76_FFP6.a(UART_PCB_LOG.o)
 .debug_aranges
                0x00000e80       0x20 .\CortexM3\ARM_GCC_541\Debug\AS76_FFP6.a(UART_PCB_LOG_INT.o)
 .debug_aranges
                0x00000ea0       0x70 .\CortexM3\ARM_GCC_541\Debug\AS76_FFP6.a(UART_PCB_LOG_IntClock.o)
 .debug_aranges
                0x00000f10       0x38 .\CortexM3\ARM_GCC_541\Debug\AS76_FFP6.a(Pin_Backlight.o)
 .debug_aranges
                0x00000f48       0x38 .\CortexM3\ARM_GCC_541\Debug\AS76_FFP6.a(LED2.o)
 .debug_aranges
                0x00000f80       0x38 .\CortexM3\ARM_GCC_541\Debug\AS76_FFP6.a(Pin_CSMotorO.o)
 .debug_aranges
                0x00000fb8       0x38 .\CortexM3\ARM_GCC_541\Debug\AS76_FFP6.a(Pin_CSMotorT.o)
 .debug_aranges
                0x00000ff0       0x60 .\CortexM3\ARM_GCC_541\Debug\AS76_FFP6.a(QuadDec_TZ.o)
 .debug_aranges
                0x00001050       0x20 .\CortexM3\ARM_GCC_541\Debug\AS76_FFP6.a(QuadDec_TZ_INT.o)
 .debug_aranges
                0x00001070       0x78 .\CortexM3\ARM_GCC_541\Debug\AS76_FFP6.a(PWM_Buzzer.o)
 .debug_aranges
                0x000010e8       0x60 .\CortexM3\ARM_GCC_541\Debug\AS76_FFP6.a(QuadDec_Y.o)
 .debug_aranges
                0x00001148       0x20 .\CortexM3\ARM_GCC_541\Debug\AS76_FFP6.a(QuadDec_Y_INT.o)
 .debug_aranges
                0x00001168       0x78 .\CortexM3\ARM_GCC_541\Debug\AS76_FFP6.a(PWM_BarcodeCondenser_LED.o)
 .debug_aranges
                0x000011e0       0x38 .\CortexM3\ARM_GCC_541\Debug\AS76_FFP6.a(LED3.o)
 .debug_aranges
                0x00001218       0x28 .\CortexM3\ARM_GCC_541\Debug\AS76_FFP6.a(Encoder_T_Z_Select.o)
 .debug_aranges
                0x00001240       0x38 .\CortexM3\ARM_GCC_541\Debug\AS76_FFP6.a(TMC5160_MotorX_EN.o)
 .debug_aranges
                0x00001278       0x38 .\CortexM3\ARM_GCC_541\Debug\AS76_FFP6.a(TMC5160_MotorY_EN.o)
 .debug_aranges
                0x000012b0       0x38 .\CortexM3\ARM_GCC_541\Debug\AS76_FFP6.a(TMC5160_MotorZ_EN.o)
 .debug_aranges
                0x000012e8       0x38 .\CortexM3\ARM_GCC_541\Debug\AS76_FFP6.a(TMC5160_MotorT_EN.o)
 .debug_aranges
                0x00001320       0x38 .\CortexM3\ARM_GCC_541\Debug\AS76_FFP6.a(TMC5160_MotorO_EN.o)
 .debug_aranges
                0x00001358       0x98 .\CortexM3\ARM_GCC_541\Debug\AS76_FFP6.a(QuadDec_TZ_Cnt16.o)
 .debug_aranges
                0x000013f0       0x98 .\CortexM3\ARM_GCC_541\Debug\AS76_FFP6.a(QuadDec_Y_Cnt16.o)
 .debug_aranges
                0x00001488       0x88 .\CortexM3\ARM_GCC_541\Debug\AS76_FFP6.a(wait_timer.o)
 .debug_aranges
                0x00001510       0x80 .\CortexM3\ARM_GCC_541\Debug\AS76_FFP6.a(wait_interrupt.o)
 .debug_aranges
                0x00001590       0x38 .\CortexM3\ARM_GCC_541\Debug\AS76_FFP6.a(Pin_SDO_RGB.o)
 .debug_aranges
                0x000015c8       0x38 .\CortexM3\ARM_GCC_541\Debug\AS76_FFP6.a(Pin_Clock_RGB.o)
 .debug_aranges
                0x00001600       0x20 .\CortexM3\ARM_GCC_541\Debug\AS76_FFP6.a(CyBootAsmGnu.o)
 .debug_aranges
                0x00001620       0x88 .\CortexM3\ARM_GCC_541\Debug\AS76_FFP6.a(CyFlash.o)
 .debug_aranges
                0x000016a8       0x80 .\CortexM3\ARM_GCC_541\Debug\AS76_FFP6.a(CySpc.o)
 .debug_aranges
                0x00001728       0x20 .\CortexM3\ARM_GCC_541\Debug\AS76_FFP6.a(USB_cls.o)
 .debug_aranges
                0x00001748       0x18 .\CortexM3\ARM_GCC_541\Debug\AS76_FFP6.a(USB_descr.o)

.debug_pubnames
 *(.debug_pubnames)

.debug_info     0x00000000    0x11be4
 *(.debug_info .gnu.linkonce.wi.*)
 .debug_info    0x00000000      0x52a .\CortexM3\ARM_GCC_541\Debug\main.o
 .debug_info    0x0000052a     0x510c .\CortexM3\ARM_GCC_541\Debug\AS76.o
 .debug_info    0x00005636      0xbf3 .\CortexM3\ARM_GCC_541\Debug\APA102.o
 .debug_info    0x00006229      0x7ff .\CortexM3\ARM_GCC_541\Debug\cyfitter_cfg.o
 .debug_info    0x00006a28      0x10e .\CortexM3\ARM_GCC_541\Debug\cymetadata.o
 .debug_info    0x00006b36      0x3bb .\CortexM3\ARM_GCC_541\Debug\Cm3Start.o
 .debug_info    0x00006ef1      0x11f .\CortexM3\ARM_GCC_541\Debug\AS76_FFP6.a(Pin_CSMotorX.o)
 .debug_info    0x00007010      0x11f .\CortexM3\ARM_GCC_541\Debug\AS76_FFP6.a(Pin_CSMotorY.o)
 .debug_info    0x0000712f      0x11f .\CortexM3\ARM_GCC_541\Debug\AS76_FFP6.a(Pin_CSMotorZ.o)
 .debug_info    0x0000724e      0x719 .\CortexM3\ARM_GCC_541\Debug\AS76_FFP6.a(SPIM.o)
 .debug_info    0x00007967      0x19d .\CortexM3\ARM_GCC_541\Debug\AS76_FFP6.a(SPIM_INT.o)
 .debug_info    0x00007b04     0x1374 .\CortexM3\ARM_GCC_541\Debug\AS76_FFP6.a(CyLib.o)
 .debug_info    0x00008e78      0xa2a .\CortexM3\ARM_GCC_541\Debug\AS76_FFP6.a(cyPm.o)
 .debug_info    0x000098a2      0x9c1 .\CortexM3\ARM_GCC_541\Debug\AS76_FFP6.a(USB.o)
 .debug_info    0x0000a263      0xaf7 .\CortexM3\ARM_GCC_541\Debug\AS76_FFP6.a(USB_cdc.o)
 .debug_info    0x0000ad5a      0x655 .\CortexM3\ARM_GCC_541\Debug\AS76_FFP6.a(USB_drv.o)
 .debug_info    0x0000b3af      0x254 .\CortexM3\ARM_GCC_541\Debug\AS76_FFP6.a(USB_episr.o)
 .debug_info    0x0000b603      0x43b .\CortexM3\ARM_GCC_541\Debug\AS76_FFP6.a(USB_hid.o)
 .debug_info    0x0000ba3e      0x2e4 .\CortexM3\ARM_GCC_541\Debug\AS76_FFP6.a(USB_pm.o)
 .debug_info    0x0000bd22      0xb36 .\CortexM3\ARM_GCC_541\Debug\AS76_FFP6.a(USB_std.o)
 .debug_info    0x0000c858      0x1be .\CortexM3\ARM_GCC_541\Debug\AS76_FFP6.a(USB_vnd.o)
 .debug_info    0x0000ca16      0x174 .\CortexM3\ARM_GCC_541\Debug\AS76_FFP6.a(USB_Dp.o)
 .debug_info    0x0000cb8a      0x27e .\CortexM3\ARM_GCC_541\Debug\AS76_FFP6.a(PWM_CondenserLED.o)
 .debug_info    0x0000ce08      0x283 .\CortexM3\ARM_GCC_541\Debug\AS76_FFP6.a(SPIM_IntClock.o)
 .debug_info    0x0000d08b      0x357 .\CortexM3\ARM_GCC_541\Debug\AS76_FFP6.a(QuadDec_X.o)
 .debug_info    0x0000d3e2       0xf3 .\CortexM3\ARM_GCC_541\Debug\AS76_FFP6.a(QuadDec_X_INT.o)
 .debug_info    0x0000d4d5      0x348 .\CortexM3\ARM_GCC_541\Debug\AS76_FFP6.a(QuadDec_X_Cnt16.o)
 .debug_info    0x0000d81d      0x72d .\CortexM3\ARM_GCC_541\Debug\AS76_FFP6.a(UART_PCB_LOG.o)
 .debug_info    0x0000df4a      0x14c .\CortexM3\ARM_GCC_541\Debug\AS76_FFP6.a(UART_PCB_LOG_INT.o)
 .debug_info    0x0000e096      0x283 .\CortexM3\ARM_GCC_541\Debug\AS76_FFP6.a(UART_PCB_LOG_IntClock.o)
 .debug_info    0x0000e319      0x11f .\CortexM3\ARM_GCC_541\Debug\AS76_FFP6.a(Pin_Backlight.o)
 .debug_info    0x0000e438      0x11f .\CortexM3\ARM_GCC_541\Debug\AS76_FFP6.a(LED2.o)
 .debug_info    0x0000e557      0x11f .\CortexM3\ARM_GCC_541\Debug\AS76_FFP6.a(Pin_CSMotorO.o)
 .debug_info    0x0000e676      0x11f .\CortexM3\ARM_GCC_541\Debug\AS76_FFP6.a(Pin_CSMotorT.o)
 .debug_info    0x0000e795      0x357 .\CortexM3\ARM_GCC_541\Debug\AS76_FFP6.a(QuadDec_TZ.o)
 .debug_info    0x0000eaec       0xf3 .\CortexM3\ARM_GCC_541\Debug\AS76_FFP6.a(QuadDec_TZ_INT.o)
 .debug_info    0x0000ebdf      0x27f .\CortexM3\ARM_GCC_541\Debug\AS76_FFP6.a(PWM_Buzzer.o)
 .debug_info    0x0000ee5e      0x357 .\CortexM3\ARM_GCC_541\Debug\AS76_FFP6.a(QuadDec_Y.o)
 .debug_info    0x0000f1b5       0xf3 .\CortexM3\ARM_GCC_541\Debug\AS76_FFP6.a(QuadDec_Y_INT.o)
 .debug_info    0x0000f2a8      0x27e .\CortexM3\ARM_GCC_541\Debug\AS76_FFP6.a(PWM_BarcodeCondenser_LED.o)
 .debug_info    0x0000f526      0x11f .\CortexM3\ARM_GCC_541\Debug\AS76_FFP6.a(LED3.o)
 .debug_info    0x0000f645       0xd6 .\CortexM3\ARM_GCC_541\Debug\AS76_FFP6.a(Encoder_T_Z_Select.o)
 .debug_info    0x0000f71b      0x11f .\CortexM3\ARM_GCC_541\Debug\AS76_FFP6.a(TMC5160_MotorX_EN.o)
 .debug_info    0x0000f83a      0x11f .\CortexM3\ARM_GCC_541\Debug\AS76_FFP6.a(TMC5160_MotorY_EN.o)
 .debug_info    0x0000f959      0x11f .\CortexM3\ARM_GCC_541\Debug\AS76_FFP6.a(TMC5160_MotorZ_EN.o)
 .debug_info    0x0000fa78      0x11f .\CortexM3\ARM_GCC_541\Debug\AS76_FFP6.a(TMC5160_MotorT_EN.o)
 .debug_info    0x0000fb97      0x11f .\CortexM3\ARM_GCC_541\Debug\AS76_FFP6.a(TMC5160_MotorO_EN.o)
 .debug_info    0x0000fcb6      0x348 .\CortexM3\ARM_GCC_541\Debug\AS76_FFP6.a(QuadDec_TZ_Cnt16.o)
 .debug_info    0x0000fffe      0x348 .\CortexM3\ARM_GCC_541\Debug\AS76_FFP6.a(QuadDec_Y_Cnt16.o)
 .debug_info    0x00010346      0x295 .\CortexM3\ARM_GCC_541\Debug\AS76_FFP6.a(wait_timer.o)
 .debug_info    0x000105db      0x2d2 .\CortexM3\ARM_GCC_541\Debug\AS76_FFP6.a(wait_interrupt.o)
 .debug_info    0x000108ad      0x11f .\CortexM3\ARM_GCC_541\Debug\AS76_FFP6.a(Pin_SDO_RGB.o)
 .debug_info    0x000109cc      0x11f .\CortexM3\ARM_GCC_541\Debug\AS76_FFP6.a(Pin_Clock_RGB.o)
 .debug_info    0x00010aeb       0x92 .\CortexM3\ARM_GCC_541\Debug\AS76_FFP6.a(CyBootAsmGnu.o)
 .debug_info    0x00010b7d      0x62d .\CortexM3\ARM_GCC_541\Debug\AS76_FFP6.a(CyFlash.o)
 .debug_info    0x000111aa      0x53c .\CortexM3\ARM_GCC_541\Debug\AS76_FFP6.a(CySpc.o)
 .debug_info    0x000116e6      0x1f2 .\CortexM3\ARM_GCC_541\Debug\AS76_FFP6.a(USB_cls.o)
 .debug_info    0x000118d8      0x30c .\CortexM3\ARM_GCC_541\Debug\AS76_FFP6.a(USB_descr.o)

.debug_abbrev   0x00000000     0x3c5b
 *(.debug_abbrev)
 .debug_abbrev  0x00000000       0xde .\CortexM3\ARM_GCC_541\Debug\main.o
 .debug_abbrev  0x000000de      0x28e .\CortexM3\ARM_GCC_541\Debug\AS76.o
 .debug_abbrev  0x0000036c      0x140 .\CortexM3\ARM_GCC_541\Debug\APA102.o
 .debug_abbrev  0x000004ac      0x216 .\CortexM3\ARM_GCC_541\Debug\cyfitter_cfg.o
 .debug_abbrev  0x000006c2       0x5d .\CortexM3\ARM_GCC_541\Debug\cymetadata.o
 .debug_abbrev  0x0000071f      0x1e8 .\CortexM3\ARM_GCC_541\Debug\Cm3Start.o
 .debug_abbrev  0x00000907       0x90 .\CortexM3\ARM_GCC_541\Debug\AS76_FFP6.a(Pin_CSMotorX.o)
 .debug_abbrev  0x00000997       0x90 .\CortexM3\ARM_GCC_541\Debug\AS76_FFP6.a(Pin_CSMotorY.o)
 .debug_abbrev  0x00000a27       0x90 .\CortexM3\ARM_GCC_541\Debug\AS76_FFP6.a(Pin_CSMotorZ.o)
 .debug_abbrev  0x00000ab7      0x162 .\CortexM3\ARM_GCC_541\Debug\AS76_FFP6.a(SPIM.o)
 .debug_abbrev  0x00000c19       0x8a .\CortexM3\ARM_GCC_541\Debug\AS76_FFP6.a(SPIM_INT.o)
 .debug_abbrev  0x00000ca3      0x254 .\CortexM3\ARM_GCC_541\Debug\AS76_FFP6.a(CyLib.o)
 .debug_abbrev  0x00000ef7      0x1ab .\CortexM3\ARM_GCC_541\Debug\AS76_FFP6.a(cyPm.o)
 .debug_abbrev  0x000010a2      0x215 .\CortexM3\ARM_GCC_541\Debug\AS76_FFP6.a(USB.o)
 .debug_abbrev  0x000012b7      0x245 .\CortexM3\ARM_GCC_541\Debug\AS76_FFP6.a(USB_cdc.o)
 .debug_abbrev  0x000014fc      0x189 .\CortexM3\ARM_GCC_541\Debug\AS76_FFP6.a(USB_drv.o)
 .debug_abbrev  0x00001685      0x11b .\CortexM3\ARM_GCC_541\Debug\AS76_FFP6.a(USB_episr.o)
 .debug_abbrev  0x000017a0      0x16d .\CortexM3\ARM_GCC_541\Debug\AS76_FFP6.a(USB_hid.o)
 .debug_abbrev  0x0000190d      0x108 .\CortexM3\ARM_GCC_541\Debug\AS76_FFP6.a(USB_pm.o)
 .debug_abbrev  0x00001a15      0x20a .\CortexM3\ARM_GCC_541\Debug\AS76_FFP6.a(USB_std.o)