Archive member included to satisfy reference by file (symbol)

.\CortexM3\ARM_GCC_541\Debug\AS76_FFP6.a(Pin_CSMotorX.o)
                              .\CortexM3\ARM_GCC_541\Debug\AS76.o (Pin_CSMotorX_Write)
.\CortexM3\ARM_GCC_541\Debug\AS76_FFP6.a(Pin_CSMotorY.o)
                              .\CortexM3\ARM_GCC_541\Debug\AS76.o (Pin_CSMotorY_Write)
.\CortexM3\ARM_GCC_541\Debug\AS76_FFP6.a(Pin_CSMotorZ.o)
                              .\CortexM3\ARM_GCC_541\Debug\AS76.o (Pin_CSMotorZ_Write)
.\CortexM3\ARM_GCC_541\Debug\AS76_FFP6.a(SPIM.o)
                              .\CortexM3\ARM_GCC_541\Debug\AS76.o (SPIM_WriteTxData)
.\CortexM3\ARM_GCC_541\Debug\AS76_FFP6.a(SPIM_INT.o)
                              .\CortexM3\ARM_GCC_541\Debug\AS76_FFP6.a(SPIM.o) (SPIM_TX_ISR)
.\CortexM3\ARM_GCC_541\Debug\AS76_FFP6.a(CyLib.o)
                              .\CortexM3\ARM_GCC_541\Debug\Cm3Start.o (CyHalt)
.\CortexM3\ARM_GCC_541\Debug\AS76_FFP6.a(cyPm.o)
                              .\CortexM3\ARM_GCC_541\Debug\AS76_FFP6.a(CyLib.o) (CyPmReadStatus)
.\CortexM3\ARM_GCC_541\Debug\AS76_FFP6.a(USB.o)
                              .\CortexM3\ARM_GCC_541\Debug\AS76.o (USB_Start)
.\CortexM3\ARM_GCC_541\Debug\AS76_FFP6.a(USB_cdc.o)
                              .\CortexM3\ARM_GCC_541\Debug\AS76.o (USB_CDC_Init)
.\CortexM3\ARM_GCC_541\Debug\AS76_FFP6.a(USB_drv.o)
                              .\CortexM3\ARM_GCC_541\Debug\AS76_FFP6.a(USB.o) (USB_lastPacketSize)
.\CortexM3\ARM_GCC_541\Debug\AS76_FFP6.a(USB_episr.o)
                              .\CortexM3\ARM_GCC_541\Debug\AS76_FFP6.a(USB.o) (USB_EP_1_ISR)
.\CortexM3\ARM_GCC_541\Debug\AS76_FFP6.a(USB_hid.o)
                              .\CortexM3\ARM_GCC_541\Debug\AS76_FFP6.a(USB.o) (USB_hidProtocol)
.\CortexM3\ARM_GCC_541\Debug\AS76_FFP6.a(USB_pm.o)
                              .\CortexM3\ARM_GCC_541\Debug\AS76_FFP6.a(USB.o) (USB_DP_ISR)
.\CortexM3\ARM_GCC_541\Debug\AS76_FFP6.a(USB_std.o)
                              .\CortexM3\ARM_GCC_541\Debug\AS76_FFP6.a(USB_pm.o) (USB_ConfigReg)
.\CortexM3\ARM_GCC_541\Debug\AS76_FFP6.a(USB_vnd.o)
                              .\CortexM3\ARM_GCC_541\Debug\AS76_FFP6.a(USB_drv.o) (USB_HandleVendorRqst)
.\CortexM3\ARM_GCC_541\Debug\AS76_FFP6.a(USB_Dp.o)
                              .\CortexM3\ARM_GCC_541\Debug\AS76_FFP6.a(USB.o) (USB_Dp_ClearInterrupt)
.\CortexM3\ARM_GCC_541\Debug\AS76_FFP6.a(PWM_CondenserLED.o)
                              .\CortexM3\ARM_GCC_541\Debug\main.o (PWM_CondenserLED_WriteCompare)
.\CortexM3\ARM_GCC_541\Debug\AS76_FFP6.a(SPIM_IntClock.o)
                              .\CortexM3\ARM_GCC_541\Debug\AS76_FFP6.a(SPIM.o) (SPIM_IntClock_Start)
.\CortexM3\ARM_GCC_541\Debug\AS76_FFP6.a(QuadDec_X.o)
                              .\CortexM3\ARM_GCC_541\Debug\AS76.o (QuadDec_X_GetCounter)
.\CortexM3\ARM_GCC_541\Debug\AS76_FFP6.a(QuadDec_X_INT.o)
                              .\CortexM3\ARM_GCC_541\Debug\AS76_FFP6.a(QuadDec_X.o) (QuadDec_X_ISR)
.\CortexM3\ARM_GCC_541\Debug\AS76_FFP6.a(QuadDec_X_Cnt16.o)
                              .\CortexM3\ARM_GCC_541\Debug\AS76_FFP6.a(QuadDec_X.o) (QuadDec_X_Cnt16_Stop)
.\CortexM3\ARM_GCC_541\Debug\AS76_FFP6.a(UART_PCB_LOG.o)
                              .\CortexM3\ARM_GCC_541\Debug\main.o (UART_PCB_LOG_Start)
.\CortexM3\ARM_GCC_541\Debug\AS76_FFP6.a(UART_PCB_LOG_INT.o)
                              .\CortexM3\ARM_GCC_541\Debug\AS76_FFP6.a(UART_PCB_LOG.o) (UART_PCB_LOG_RXISR)
.\CortexM3\ARM_GCC_541\Debug\AS76_FFP6.a(UART_PCB_LOG_IntClock.o)
                              .\CortexM3\ARM_GCC_541\Debug\AS76_FFP6.a(UART_PCB_LOG.o) (UART_PCB_LOG_IntClock_Start)
.\CortexM3\ARM_GCC_541\Debug\AS76_FFP6.a(Pin_Backlight.o)
                              .\CortexM3\ARM_GCC_541\Debug\main.o (Pin_Backlight_Write)
.\CortexM3\ARM_GCC_541\Debug\AS76_FFP6.a(LED2.o)
                              .\CortexM3\ARM_GCC_541\Debug\main.o (LED2_Write)
.\CortexM3\ARM_GCC_541\Debug\AS76_FFP6.a(Pin_CSMotorO.o)
                              .\CortexM3\ARM_GCC_541\Debug\AS76.o (Pin_CSMotorO_Write)
.\CortexM3\ARM_GCC_541\Debug\AS76_FFP6.a(Pin_CSMotorT.o)
                              .\CortexM3\ARM_GCC_541\Debug\AS76.o (Pin_CSMotorT_Write)
.\CortexM3\ARM_GCC_541\Debug\AS76_FFP6.a(QuadDec_TZ.o)
                              .\CortexM3\ARM_GCC_541\Debug\AS76.o (QuadDec_TZ_GetCounter)
.\CortexM3\ARM_GCC_541\Debug\AS76_FFP6.a(QuadDec_TZ_INT.o)
                              .\CortexM3\ARM_GCC_541\Debug\AS76_FFP6.a(QuadDec_TZ.o) (QuadDec_TZ_ISR)
.\CortexM3\ARM_GCC_541\Debug\AS76_FFP6.a(PWM_Buzzer.o)
                              .\CortexM3\ARM_GCC_541\Debug\AS76.o (PWM_Buzzer_WriteCompare)
.\CortexM3\ARM_GCC_541\Debug\AS76_FFP6.a(QuadDec_Y.o)
                              .\CortexM3\ARM_GCC_541\Debug\AS76.o (QuadDec_Y_GetCounter)
.\CortexM3\ARM_GCC_541\Debug\AS76_FFP6.a(QuadDec_Y_INT.o)
                              .\CortexM3\ARM_GCC_541\Debug\AS76_FFP6.a(QuadDec_Y.o) (QuadDec_Y_ISR)
[...]
Memory Configuration

Name             Origin             Length             Attributes
rom              0x00000000         0x00040000         xr
ram              0x1fff8000         0x00010000         xrw
*default*        0x00000000         0xffffffff

Linker script and memory map

LOAD c:/program files (x86)/cypress/psoc creator/4.4/psoc creator/import/gnu/arm/5.4.1/bin/../lib/gcc/arm-none-eabi/5.4.1/armv7-m/crti.o
LOAD c:/program files (x86)/cypress/psoc creator/4.4/psoc creator/import/gnu/arm/5.4.1/bin/../lib/gcc/arm-none-eabi/5.4.1/armv7-m/crtbegin.o
LOAD c:/program files (x86)/cypress/psoc creator/4.4/psoc creator/import/gnu/arm/5.4.1/bin/../lib/gcc/arm-none-eabi/5.4.1/../../../../arm-none-eabi/lib/armv7-m/crt0.o
START GROUP
LOAD .\CortexM3\ARM_GCC_541\Debug\main.o
LOAD .\CortexM3\ARM_GCC_541\Debug\AS76.o
LOAD .\CortexM3\ARM_GCC_541\Debug\APA102.o
LOAD .\CortexM3\ARM_GCC_541\Debug\cyfitter_cfg.o
LOAD .\CortexM3\ARM_GCC_541\Debug\cymetadata.o
LOAD .\CortexM3\ARM_GCC_541\Debug\Cm3Start.o
LOAD .\CortexM3\ARM_GCC_541\Debug\AS76_FFP6.a
LOAD C:\Program Files (x86)\Cypress\PSoC Creator\4.4\PSoC Creator\psoc\content\cycomponentlibrary\CyComponentLibrary.cylib\CortexM3\ARM_GCC_541\Debug\CyComponentLibrary.a
LOAD c:/program files (x86)/cypress/psoc creator/4.4/psoc creator/import/gnu/arm/5.4.1/bin/../lib/gcc/arm-none-eabi/5.4.1/../../../../arm-none-eabi/lib/armv7-m\libm.a
END GROUP
START GROUP
LOAD c:/program files (x86)/cypress/psoc creator/4.4/psoc creator/import/gnu/arm/5.4.1/bin/../lib/gcc/arm-none-eabi/5.4.1/armv7-m\libgcc.a
LOAD c:/program files (x86)/cypress/psoc creator/4.4/psoc creator/import/gnu/arm/5.4.1/bin/../lib/gcc/arm-none-eabi/5.4.1/../../../../arm-none-eabi/lib/armv7-m\libg_nano.a
LOAD c:/program files (x86)/cypress/psoc creator/4.4/psoc creator/import/gnu/arm/5.4.1/bin/../lib/gcc/arm-none-eabi/5.4.1/../../../../arm-none-eabi/lib/armv7-m\libc_nano.a
END GROUP
START GROUP
LOAD c:/program files (x86)/cypress/psoc creator/4.4/psoc creator/import/gnu/arm/5.4.1/bin/../lib/gcc/arm-none-eabi/5.4.1/armv7-m\libgcc.a
LOAD c:/program files (x86)/cypress/psoc creator/4.4/psoc creator/import/gnu/arm/5.4.1/bin/../lib/gcc/arm-none-eabi/5.4.1/../../../../arm-none-eabi/lib/armv7-m\libc_nano.a
END GROUP
LOAD c:/program files (x86)/cypress/psoc creator/4.4/psoc creator/import/gnu/arm/5.4.1/bin/../lib/gcc/arm-none-eabi/5.4.1/armv7-m/crtend.o
LOAD c:/program files (x86)/cypress/psoc creator/4.4/psoc creator/import/gnu/arm/5.4.1/bin/../lib/gcc/arm-none-eabi/5.4.1/armv7-m/crtn.o
START GROUP
LOAD c:/program files (x86)/cypress/psoc creator/4.4/psoc creator/import/gnu/arm/5.4.1/bin/../lib/gcc/arm-none-eabi/5.4.1/armv7-m\libgcc.a
LOAD c:/program files (x86)/cypress/psoc creator/4.4/psoc creator/import/gnu/arm/5.4.1/bin/../lib/gcc/arm-none-eabi/5.4.1/../../../../arm-none-eabi/lib/armv7-m\libc.a
LOAD c:/program files (x86)/cypress/psoc creator/4.4/psoc creator/import/gnu/arm/5.4.1/bin/../lib/gcc/arm-none-eabi/5.4.1/../../../../arm-none-eabi/lib/armv7-m\libnosys.a
END GROUP
                0x00000000                CY_APPL_ORIGIN = 0x0
                0x00000100                CY_FLASH_ROW_SIZE = 0x100
                0x00000020                CY_ECC_ROW_SIZE = 0x20
                0x00000000                CY_EE_IN_BTLDR = 0x0
                0x00000000                CY_APPL_LOADABLE = 0x0
                0x00000800                CY_EE_SIZE = 0x800
                0x00000001                CY_APPL_NUM = 0x1
                0x00000001                CY_APPL_MAX = 0x1
                0x00000040                CY_METADATA_SIZE = 0x40
                0x00000000                CY_APPL_LOADABLE = 0x0
                0x00000000                CY_CHECKSUM_EXCLUDE_SIZE = ALIGN (0x0, CY_FLASH_ROW_SIZE)
                [!provide]                PROVIDE (__cy_heap_start, _end)
                0x00000001                PROVIDE (__cy_region_num, ((__cy_regions_end - __cy_regions) / 0x10))
                0x20008000                PROVIDE (__cy_stack, (ORIGIN (ram) + LENGTH (ram)))
                [!provide]                PROVIDE (__cy_heap_end, (__cy_stack - 0x800))

.cybootloader   0x00000000        0x0
 *(.cybootloader)
                0x00000000                appl1_start = CY_APPL_ORIGIN?CY_APPL_ORIGIN:ALIGN (CY_FLASH_ROW_SIZE)
                0x0001ff00                appl2_start = (appl1_start + ALIGN ((((LENGTH (rom) - appl1_start) - (0x2 * CY_FLASH_ROW_SIZE)) / 0x2), CY_FLASH_ROW_SIZE))
                0x00000000                appl_start = (CY_APPL_NUM == 0x1)?appl1_start:appl2_start
                0x00000000                ecc_offset = ((appl_start / CY_FLASH_ROW_SIZE) * CY_ECC_ROW_SIZE)
                0x00000000                ee_offset = (CY_APPL_LOADABLE && ! (CY_EE_IN_BTLDR))?((CY_EE_SIZE / CY_APPL_MAX) * (CY_APPL_NUM - 0x1)):0x0
                0x00000800                ee_size = (CY_APPL_LOADABLE && ! (CY_EE_IN_BTLDR))?(CY_EE_SIZE / CY_APPL_MAX):CY_EE_SIZE
                [!provide]                PROVIDE (CY_ECC_OFFSET, ecc_offset)

.text           0x00000000     0x778c
 CREATE_OBJECT_SYMBOLS
                0x00000000                PROVIDE (__cy_interrupt_vector, RomVectors)
 *(.romvectors)
 .romvectors    0x00000000       0x10 .\CortexM3\ARM_GCC_541\Debug\Cm3Start.o
                0x00000000                RomVectors
                0x00000001                ASSERT ((. != __cy_interrupt_vector), No interrupt vector)
                0x00000001                ASSERT (CY_APPL_ORIGIN?(SIZEOF (.cybootloader) <= CY_APPL_ORIGIN):0x1, Wrong image location)
                0x00000010                PROVIDE (__cy_reset, Reset)
 *(.text.Reset)
 .text.Reset    0x00000010       0x18 .\CortexM3\ARM_GCC_541\Debug\Cm3Start.o
                0x00000010                Reset
                0x00000001                ASSERT ((. != __cy_reset), No reset code)
 *(.dma_init)
                0x00000001                ASSERT ((((appl_start + .) <= 0x10000) || 0x1), DMA Init must be within the first 64k of flash)
 *(.text .text.* .gnu.linkonce.t.*)
 .text          0x00000028       0x5c c:/program files (x86)/cypress/psoc creator/4.4/psoc creator/import/gnu/arm/5.4.1/bin/../lib/gcc/arm-none-eabi/5.4.1/armv7-m/crtbegin.o
 .text.main     0x00000084      0x120 .\CortexM3\ARM_GCC_541\Debug\main.o
                0x00000084                main
 .text.wait_interrupt_Handler
                0x000001a4       0x24 .\CortexM3\ARM_GCC_541\Debug\AS76.o
                0x000001a4                wait_interrupt_Handler
 .text.Initialize_PWM
                0x000001c8       0x50 .\CortexM3\ARM_GCC_541\Debug\AS76.o
                0x000001c8                Initialize_PWM
 .text.Enable_Encoder_T
                0x00000218       0x18 .\CortexM3\ARM_GCC_541\Debug\AS76.o
                0x00000218                Enable_Encoder_T
 .text.Enable_Encoder_Z
                0x00000230       0x18 .\CortexM3\ARM_GCC_541\Debug\AS76.o
                0x00000230                Enable_Encoder_Z
 .text.Initialize_And_Start_All_Opt_Encoder
                0x00000248       0x2c .\CortexM3\ARM_GCC_541\Debug\AS76.o
                0x00000248                Initialize_And_Start_All_Opt_Encoder
 .text.Read_All_Optical_Encoder
                0x00000274       0x44 .\CortexM3\ARM_GCC_541\Debug\AS76.o
                0x00000274                Read_All_Optical_Encoder
 .text.Write_Debug_UART_Char
                0x000002b8       0x3c .\CortexM3\ARM_GCC_541\Debug\AS76.o
                0x000002b8                Write_Debug_UART_Char
 .text.Beep_Twice
                0x000002f4       0x40 .\CortexM3\ARM_GCC_541\Debug\AS76.o
                0x000002f4                Beep_Twice
 *fill*         0x00000334        0x4 
 .text.Send_Feedback_to_USB
                0x00000338      0x300 .\CortexM3\ARM_GCC_541\Debug\AS76.o
                0x00000338                Send_Feedback_to_USB
 .text.Initialize_USB
                0x00000638       0x38 .\CortexM3\ARM_GCC_541\Debug\AS76.o
                0x00000638                Initialize_USB
 .text.Write_Debug_UART_Int
                0x00000670       0x34 .\CortexM3\ARM_GCC_541\Debug\AS76.o
                0x00000670                Write_Debug_UART_Int
 *fill*         0x000006a4        0x4 
 .text.set_BarcodeCondenser_LED
                0x000006a8       0x70 .\CortexM3\ARM_GCC_541\Debug\AS76.o
                0x000006a8                set_BarcodeCondenser_LED
 .text.set_CondenserLED
                0x00000718       0x70 .\CortexM3\ARM_GCC_541\Debug\AS76.o
                0x00000718                set_CondenserLED
 .text.UART_print_all_values
                0x00000788       0x24 .\CortexM3\ARM_GCC_541\Debug\AS76.o
                0x00000788                UART_print_all_values
 .text.if_all_homing_done
                0x000007ac       0x74 .\CortexM3\ARM_GCC_541\Debug\AS76.o
                0x000007ac                if_all_homing_done
 .text.Is_USB_Unpluged
                0x00000820       0x40 .\CortexM3\ARM_GCC_541\Debug\AS76.o
                0x00000820                Is_USB_Unpluged
 .text.Data_To_Transfer
                0x00000860       0x10 .\CortexM3\ARM_GCC_541\Debug\AS76.o
                0x00000860                Data_To_Transfer
 .text.SPI_MOTOR_CHIP_SELECT
                0x00000870       0x98 .\CortexM3\ARM_GCC_541\Debug\AS76.o
                0x00000870                SPI_MOTOR_CHIP_SELECT
 .text.Read_32bitSPI_DATA
                0x00000908       0xec .\CortexM3\ARM_GCC_541\Debug\AS76.o
                0x00000908                Read_32bitSPI_DATA
 .text.Write_32bitSPI_DATA
                0x000009f4       0x40 .\CortexM3\ARM_GCC_541\Debug\AS76.o
                0x000009f4                Write_32bitSPI_DATA
 .text.GotoPos  0x00000a34       0x28 .\CortexM3\ARM_GCC_541\Debug\AS76.o
                0x00000a34                GotoPos
 .text.Initialize_Motor
                0x00000a5c      0x288 .\CortexM3\ARM_GCC_541\Debug\AS76.o
                0x00000a5c                Initialize_Motor
 .text.WaitTillPositionReached
                0x00000ce4       0x58 .\CortexM3\ARM_GCC_541\Debug\AS76.o
                0x00000ce4                WaitTillPositionReached
 *fill*         0x00000d3c        0x4 
 .text.Step_correction_x
                0x00000d40      0x190 .\CortexM3\ARM_GCC_541\Debug\AS76.o
                0x00000d40                Step_correction_x
 .text.goTo_X   0x00000ed0       0x7c .\CortexM3\ARM_GCC_541\Debug\AS76.o
                0x00000ed0                goTo_X
 *fill*         0x00000f4c        0x4 
 .text.Step_correction_y
                0x00000f50      0x180 .\CortexM3\ARM_GCC_541\Debug\AS76.o
                0x00000f50                Step_correction_y
 .text.goTo_Y   0x000010d0       0x74 .\CortexM3\ARM_GCC_541\Debug\AS76.o
                0x000010d0                goTo_Y
 *fill*         0x00001144        0x4 
 .text.Step_correction_z
                0x00001148      0x164 .\CortexM3\ARM_GCC_541\Debug\AS76.o
                0x00001148                Step_correction_z
 .text.goTo_Z   0x000012ac       0x84 .\CortexM3\ARM_GCC_541\Debug\AS76.o
                0x000012ac                goTo_Z
 .text.Step_correction_t
                0x00001330       0xf0 .\CortexM3\ARM_GCC_541\Debug\AS76.o
                0x00001330                Step_correction_t
 .text.goTo_T   0x00001420       0x90 .\CortexM3\ARM_GCC_541\Debug\AS76.o
                0x00001420                goTo_T
 .text.goTo_XYZ
                0x000014b0       0xcc .\CortexM3\ARM_GCC_541\Debug\AS76.o
                0x000014b0                goTo_XYZ
 .text.update_max_velocity
                0x0000157c       0x10 .\CortexM3\ARM_GCC_541\Debug\AS76.o
                0x0000157c                update_max_velocity
 .text.homeX    0x0000158c      0x1ec .\CortexM3\ARM_GCC_541\Debug\AS76.o
                0x0000158c                homeX
 .text.homeY    0x00001778      0x1ec .\CortexM3\ARM_GCC_541\Debug\AS76.o
                0x00001778                homeY
 .text.homeZ    0x00001964      0x1e0 .\CortexM3\ARM_GCC_541\Debug\AS76.o
                0x00001964                homeZ
 .text.homeT    0x00001b44      0x174 .\CortexM3\ARM_GCC_541\Debug\AS76.o
                0x00001b44                homeT
 .text.run_pump
                0x00001cb8      0x1b8 .\CortexM3\ARM_GCC_541\Debug\AS76.o
                0x00001cb8                run_pump
 .text.run_pumpvs
                0x00001e70       0x80 .\CortexM3\ARM_GCC_541\Debug\AS76.o
                0x00001e70                run_pumpvs
 .text.Process_USB_Data
                0x00001ef0      0xd1c .\CortexM3\ARM_GCC_541\Debug\AS76.o
                0x00001ef0                Process_USB_Data
 .text.LedFrame
                0x00002c0c       0x1c .\CortexM3\ARM_GCC_541\Debug\APA102.o
                0x00002c0c                LedFrame
 .text.RGB_Byte_TxOp
                0x00002c28       0x38 .\CortexM3\ARM_GCC_541\Debug\APA102.o
                0x00002c28                RGB_Byte_TxOp
 .text.BF2      0x00002c60       0x54 .\CortexM3\ARM_GCC_541\Debug\APA102.o
                0x00002c60                BF2
 .text.Ring     0x00002cb4      0x324 .\CortexM3\ARM_GCC_541\Debug\APA102.o
                0x00002cb4                Ring
 .text.BF22     0x00002fd8      0x2a0 .\CortexM3\ARM_GCC_541\Debug\APA102.o
                0x00002fd8                BF22
 .text.CyClockStartupError
                0x00003278        0x4 .\CortexM3\ARM_GCC_541\Debug\cyfitter_cfg.o
 .text.cfg_write_bytes32
                0x0000327c       0x34 .\CortexM3\ARM_GCC_541\Debug\cyfitter_cfg.o
 .text.AnalogSetDefault
                0x000032b0       0x28 .\CortexM3\ARM_GCC_541\Debug\cyfitter_cfg.o
 .text.CYMEMZERO
                0x000032d8        0xc .\CortexM3\ARM_GCC_541\Debug\cyfitter_cfg.o
 .text.CYCONFIGCPYCODE
                0x000032e4        0x8 .\CortexM3\ARM_GCC_541\Debug\cyfitter_cfg.o
 .text.CYCONFIGCPY
                0x000032ec        0x8 .\CortexM3\ARM_GCC_541\Debug\cyfitter_cfg.o
 .text.ClockSetup
                0x000032f4       0xe8 .\CortexM3\ARM_GCC_541\Debug\cyfitter_cfg.o
 .text.cyfitter_cfg
                0x000033dc      0x170 .\CortexM3\ARM_GCC_541\Debug\cyfitter_cfg.o
                0x000033dc                cyfitter_cfg
 .text.IntDefaultHandler
                0x0000354c       0x10 .\CortexM3\ARM_GCC_541\Debug\Cm3Start.o
                0x0000354c                IntDefaultHandler
 .text._sbrk    0x0000355c       0x30 .\CortexM3\ARM_GCC_541\Debug\Cm3Start.o
                0x0000355c                _sbrk
 .text.Start_c  0x0000358c       0x4c .\CortexM3\ARM_GCC_541\Debug\Cm3Start.o
                0x0000358c                Start_c
 .text.initialize_psoc
                0x000035d8       0x68 .\CortexM3\ARM_GCC_541\Debug\Cm3Start.o
                0x000035d8                initialize_psoc
 .text.Pin_CSMotorX_Write
                0x00003640       0x18 .\CortexM3\ARM_GCC_541\Debug\AS76_FFP6.a(Pin_CSMotorX.o)
                0x00003640                Pin_CSMotorX_Write
 .text.Pin_CSMotorY_Write
                0x00003658       0x18 .\CortexM3\ARM_GCC_541\Debug\AS76_FFP6.a(Pin_CSMotorY.o)
                0x00003658                Pin_CSMotorY_Write
 .text.Pin_CSMotorZ_Write
                0x00003670       0x18 .\CortexM3\ARM_GCC_541\Debug\AS76_FFP6.a(Pin_CSMotorZ.o)
                0x00003670                Pin_CSMotorZ_Write
 .text.SPIM_EnableTxInt
                0x00003688        0xc .\CortexM3\ARM_GCC_541\Debug\AS76_FFP6.a(SPIM.o)
                0x00003688                SPIM_EnableTxInt
 .text.SPIM_EnableRxInt
                0x00003694        0xc .\CortexM3\ARM_GCC_541\Debug\AS76_FFP6.a(SPIM.o)
                0x00003694                SPIM_EnableRxInt
 .text.SPIM_Enable
                0x000036a0       0x3c .\CortexM3\ARM_GCC_541\Debug\AS76_FFP6.a(SPIM.o)
                0x000036a0                SPIM_Enable
 .text.SPIM_DisableTxInt
                0x000036dc        0xc .\CortexM3\ARM_GCC_541\Debug\AS76_FFP6.a(SPIM.o)
                0x000036dc                SPIM_DisableTxInt
 .text.SPIM_DisableRxInt
                0x000036e8        0xc .\CortexM3\ARM_GCC_541\Debug\AS76_FFP6.a(SPIM.o)
                0x000036e8                SPIM_DisableRxInt
 .text.SPIM_ReadTxStatus
                0x000036f4       0x28 .\CortexM3\ARM_GCC_541\Debug\AS76_FFP6.a(SPIM.o)
                0x000036f4                SPIM_ReadTxStatus
 .text.SPIM_ReadRxStatus
                0x0000371c       0x28 .\CortexM3\ARM_GCC_541\Debug\AS76_FFP6.a(SPIM.o)
                0x0000371c                SPIM_ReadRxStatus
 .text.SPIM_WriteTxData
                0x00003744       0xd4 .\CortexM3\ARM_GCC_541\Debug\AS76_FFP6.a(SPIM.o)
                0x00003744                SPIM_WriteTxData
 .text.SPIM_ReadRxData
                0x00003818       0x64 .\CortexM3\ARM_GCC_541\Debug\AS76_FFP6.a(SPIM.o)
                0x00003818                SPIM_ReadRxData
 .text.SPIM_ClearFIFO
                0x0000387c       0x3c .\CortexM3\ARM_GCC_541\Debug\AS76_FFP6.a(SPIM.o)
                0x0000387c                SPIM_ClearFIFO
 .text.SPIM_Init
                0x000038b8       0x90 .\CortexM3\ARM_GCC_541\Debug\AS76_FFP6.a(SPIM.o)
                0x000038b8                SPIM_Init
 .text.SPIM_Start
                0x00003948       0x1c .\CortexM3\ARM_GCC_541\Debug\AS76_FFP6.a(SPIM.o)
                0x00003948                SPIM_Start
 .text.SPIM_TX_ISR
                0x00003964       0xa0 .\CortexM3\ARM_GCC_541\Debug\AS76_FFP6.a(SPIM_INT.o)
                0x00003964                SPIM_TX_ISR
 .text.SPIM_RX_ISR
                0x00003a04       0xa0 .\CortexM3\ARM_GCC_541\Debug\AS76_FFP6.a(SPIM_INT.o)
                0x00003a04                SPIM_RX_ISR
 .text.CyHalt   0x00003aa4        0x4 .\CortexM3\ARM_GCC_541\Debug\AS76_FFP6.a(CyLib.o)
                0x00003aa4                CyHalt
 .text.CySoftwareReset
                0x00003aa8       0x10 .\CortexM3\ARM_GCC_541\Debug\AS76_FFP6.a(CyLib.o)
                0x00003aa8                CySoftwareReset
 .text.CyDelay  0x00003ab8       0x2c .\CortexM3\ARM_GCC_541\Debug\AS76_FFP6.a(CyLib.o)
                0x00003ab8                CyDelay
 .text.CyDelayUs
                0x00003ae4       0x14 .\CortexM3\ARM_GCC_541\Debug\AS76_FFP6.a(CyLib.o)
                0x00003ae4                CyDelayUs
 .text.CyIntSetVector
                0x00003af8       0x28 .\CortexM3\ARM_GCC_541\Debug\AS76_FFP6.a(CyLib.o)
                0x00003af8                CyIntSetVector
 .text.CyIntSetPriority
                0x00003b20       0x30 .\CortexM3\ARM_GCC_541\Debug\AS76_FFP6.a(CyLib.o)
                0x00003b20                CyIntSetPriority
 .text.CyGetUniqueId
                0x00003b50       0x70 .\CortexM3\ARM_GCC_541\Debug\AS76_FFP6.a(CyLib.o)
                0x00003b50                CyGetUniqueId
 .text.USB_Init
                0x00003bc0      0x140 .\CortexM3\ARM_GCC_541\Debug\AS76_FFP6.a(USB.o)
                0x00003bc0                USB_Init
 .text.USB_InitComponent
                0x00003d00       0xd0 .\CortexM3\ARM_GCC_541\Debug\AS76_FFP6.a(USB.o)
                0x00003d00                USB_InitComponent
 .text.USB_Start
                0x00003dd0       0x24 .\CortexM3\ARM_GCC_541\Debug\AS76_FFP6.a(USB.o)
                0x00003dd0                USB_Start
 .text.USB_ReInitComponent
                0x00003df4       0x64 .\CortexM3\ARM_GCC_541\Debug\AS76_FFP6.a(USB.o)
                0x00003df4                USB_ReInitComponent
 .text.USB_GetConfiguration
                0x00003e58        0xc .\CortexM3\ARM_GCC_541\Debug\AS76_FFP6.a(USB.o)
                0x00003e58                USB_GetConfiguration
 .text.USB_IsConfigurationChanged
                0x00003e64       0x20 .\CortexM3\ARM_GCC_541\Debug\AS76_FFP6.a(USB.o)
                0x00003e64                USB_IsConfigurationChanged
 .text.USB_GetEPState
                0x00003e84       0x14 .\CortexM3\ARM_GCC_541\Debug\AS76_FFP6.a(USB.o)
                0x00003e84                USB_GetEPState
 .text.USB_GetEPCount
                0x00003e98       0x28 .\CortexM3\ARM_GCC_541\Debug\AS76_FFP6.a(USB.o)
                0x00003e98                USB_GetEPCount
 .text.USB_LoadInEP
                0x00003ec0       0x94 .\CortexM3\ARM_GCC_541\Debug\AS76_FFP6.a(USB.o)
                0x00003ec0                USB_LoadInEP
 .text.USB_EnableOutEP
                0x00003f54       0x2c .\CortexM3\ARM_GCC_541\Debug\AS76_FFP6.a(USB.o)
                0x00003f54                USB_EnableOutEP
 .text.USB_ReadOutEP
                0x00003f80       0x50 .\CortexM3\ARM_GCC_541\Debug\AS76_FFP6.a(USB.o)
                0x00003f80                USB_ReadOutEP
 .text.USB_EnableSofInt
                0x00003fd0       0x10 .\CortexM3\ARM_GCC_541\Debug\AS76_FFP6.a(USB.o)
                0x00003fd0                USB_EnableSofInt
 .text.USB_GetInterfaceComPort
                0x00003fe0       0x38 .\CortexM3\ARM_GCC_541\Debug\AS76_FFP6.a(USB_cdc.o)
                0x00003fe0                USB_GetInterfaceComPort
 .text.USB_DispatchCDCClassRqst
                0x00004018       0x98 .\CortexM3\ARM_GCC_541\Debug\AS76_FFP6.a(USB_cdc.o)
                0x00004018                USB_DispatchCDCClassRqst
 .text.USB_CDC_Init
                0x000040b0       0x98 .\CortexM3\ARM_GCC_541\Debug\AS76_FFP6.a(USB_cdc.o)
                0x000040b0                USB_CDC_Init
 .text.USB_PutData
                0x00004148       0x50 .\CortexM3\ARM_GCC_541\Debug\AS76_FFP6.a(USB_cdc.o)
                0x00004148                USB_PutData
 .text.USB_DataIsReady
                0x00004198       0x18 .\CortexM3\ARM_GCC_541\Debug\AS76_FFP6.a(USB_cdc.o)
                0x00004198                USB_DataIsReady
 .text.USB_GetAll
                0x000041b0       0x30 .\CortexM3\ARM_GCC_541\Debug\AS76_FFP6.a(USB_cdc.o)
                0x000041b0                USB_GetAll
 .text.USB_Cdc_EpInit
                0x000041e0       0x50 .\CortexM3\ARM_GCC_541\Debug\AS76_FFP6.a(USB_cdc.o)
                0x000041e0                USB_Cdc_EpInit
 .text.USB_LoadEP0
                0x00004230       0x98 .\CortexM3\ARM_GCC_541\Debug\AS76_FFP6.a(USB_drv.o)
                0x00004230                USB_LoadEP0
 .text.USB_InitZeroLengthControlTransfer
                0x000042c8       0x34 .\CortexM3\ARM_GCC_541\Debug\AS76_FFP6.a(USB_drv.o)
                0x000042c8                USB_InitZeroLengthControlTransfer
 .text.USB_ControlReadDataStage
                0x000042fc        0x8 .\CortexM3\ARM_GCC_541\Debug\AS76_FFP6.a(USB_drv.o)
                0x000042fc                USB_ControlReadDataStage
 .text.USB_ControlWriteDataStage
                0x00004304       0x84 .\CortexM3\ARM_GCC_541\Debug\AS76_FFP6.a(USB_drv.o)
                0x00004304                USB_ControlWriteDataStage
 .text.USB_InitNoDataControlTransfer
                0x00004388       0x2c .\CortexM3\ARM_GCC_541\Debug\AS76_FFP6.a(USB_drv.o)
                0x00004388                USB_InitNoDataControlTransfer
 .text.USB_UpdateStatusBlock
                0x000043b4       0x24 .\CortexM3\ARM_GCC_541\Debug\AS76_FFP6.a(USB_drv.o)
                0x000043b4                USB_UpdateStatusBlock
 .text.USB_HandleSetup
                0x000043d8       0x5c .\CortexM3\ARM_GCC_541\Debug\AS76_FFP6.a(USB_drv.o)
                0x000043d8                USB_HandleSetup
 .text.USB_ControlReadStatusStage
                0x00004434       0x38 .\CortexM3\ARM_GCC_541\Debug\AS76_FFP6.a(USB_drv.o)
                0x00004434                USB_ControlReadStatusStage
 .text.USB_HandleOUT
                0x0000446c       0x38 .\CortexM3\ARM_GCC_541\Debug\AS76_FFP6.a(USB_drv.o)
                0x0000446c                USB_HandleOUT
 .text.USB_ControlWriteStatusStage
                0x000044a4       0x20 .\CortexM3\ARM_GCC_541\Debug\AS76_FFP6.a(USB_drv.o)
                0x000044a4                USB_ControlWriteStatusStage
 .text.USB_NoDataControlStatusStage
                0x000044c4       0x40 .\CortexM3\ARM_GCC_541\Debug\AS76_FFP6.a(USB_drv.o)
                0x000044c4                USB_NoDataControlStatusStage
 .text.USB_HandleIN
                0x00004504       0x2c .\CortexM3\ARM_GCC_541\Debug\AS76_FFP6.a(USB_drv.o)
                0x00004504                USB_HandleIN
 .text.USB_EP_0_ISR
                0x00004530       0xb8 .\CortexM3\ARM_GCC_541\Debug\AS76_FFP6.a(USB_drv.o)
                0x00004530                USB_EP_0_ISR
 .text.USB_InitializeStatusBlock
                0x000045e8       0x24 .\CortexM3\ARM_GCC_541\Debug\AS76_FFP6.a(USB_drv.o)
                0x000045e8                USB_InitializeStatusBlock
 .text.USB_InitControlRead
                0x0000460c       0x50 .\CortexM3\ARM_GCC_541\Debug\AS76_FFP6.a(USB_drv.o)
                0x0000460c                USB_InitControlRead
 .text.USB_InitControlWrite
                0x0000465c       0x48 .\CortexM3\ARM_GCC_541\Debug\AS76_FFP6.a(USB_drv.o)
                0x0000465c                USB_InitControlWrite
 .text.USB_EP_1_ISR
                0x000046a4       0x30 .\CortexM3\ARM_GCC_541\Debug\AS76_FFP6.a(USB_episr.o)
                0x000046a4                USB_EP_1_ISR
 .text.USB_EP_2_ISR
                0x000046d4       0x34 .\CortexM3\ARM_GCC_541\Debug\AS76_FFP6.a(USB_episr.o)
                0x000046d4                USB_EP_2_ISR
 .text.USB_EP_3_ISR
                0x00004708       0x3c .\CortexM3\ARM_GCC_541\Debug\AS76_FFP6.a(USB_episr.o)
                0x00004708                USB_EP_3_ISR
 .text.USB_SOF_ISR
                0x00004744        0x4 .\CortexM3\ARM_GCC_541\Debug\AS76_FFP6.a(USB_episr.o)
                0x00004744                USB_SOF_ISR
 .text.USB_BUS_RESET_ISR
                0x00004748        0x8 .\CortexM3\ARM_GCC_541\Debug\AS76_FFP6.a(USB_episr.o)
                0x00004748                USB_BUS_RESET_ISR
 .text.USB_FindHidClassDecriptor
                0x00004750       0x44 .\CortexM3\ARM_GCC_541\Debug\AS76_FFP6.a(USB_hid.o)
                0x00004750                USB_FindHidClassDecriptor
 .text.USB_FindReportDescriptor
                0x00004794       0x4c .\CortexM3\ARM_GCC_541\Debug\AS76_FFP6.a(USB_hid.o)
                0x00004794                USB_FindReportDescriptor
 .text.USB_FindReport
                0x000047e0       0x80 .\CortexM3\ARM_GCC_541\Debug\AS76_FFP6.a(USB_hid.o)
                0x000047e0                USB_FindReport
 .text.USB_DispatchHIDClassRqst
                0x00004860      0x184 .\CortexM3\ARM_GCC_541\Debug\AS76_FFP6.a(USB_hid.o)
                0x00004860                USB_DispatchHIDClassRqst
 .text.USB_DP_ISR
                0x000049e4        0x8 .\CortexM3\ARM_GCC_541\Debug\AS76_FFP6.a(USB_pm.o)
                0x000049e4                USB_DP_ISR
 .text.USB_ReadDieID
                0x000049ec       0x6c .\CortexM3\ARM_GCC_541\Debug\AS76_FFP6.a(USB_std.o)
                0x000049ec                USB_ReadDieID
 .text.USB_ConfigReg
                0x00004a58       0xa4 .\CortexM3\ARM_GCC_541\Debug\AS76_FFP6.a(USB_std.o)
                0x00004a58                USB_ConfigReg
 .text.USB_GetConfigTablePtr
                0x00004afc       0x28 .\CortexM3\ARM_GCC_541\Debug\AS76_FFP6.a(USB_std.o)
                0x00004afc                USB_GetConfigTablePtr
 .text.USB_ConfigAltChanged
                0x00004b24      0x11c .\CortexM3\ARM_GCC_541\Debug\AS76_FFP6.a(USB_std.o)
                0x00004b24                USB_ConfigAltChanged
 .text.USB_GetDeviceTablePtr
                0x00004c40       0x18 .\CortexM3\ARM_GCC_541\Debug\AS76_FFP6.a(USB_std.o)
                0x00004c40                USB_GetDeviceTablePtr
 .text.USB_GetInterfaceClassTablePtr
                0x00004c58       0x28 .\CortexM3\ARM_GCC_541\Debug\AS76_FFP6.a(USB_std.o)
                0x00004c58                USB_GetInterfaceClassTablePtr
 .text.USB_Config
                0x00004c80      0x1ec .\CortexM3\ARM_GCC_541\Debug\AS76_FFP6.a(USB_std.o)
                0x00004c80                USB_Config
 .text.USB_SetEndpointHalt
                0x00004e6c       0x64 .\CortexM3\ARM_GCC_541\Debug\AS76_FFP6.a(USB_std.o)
                0x00004e6c                USB_SetEndpointHalt
 .text.USB_ClearEndpointHalt
                0x00004ed0       0xac .\CortexM3\ARM_GCC_541\Debug\AS76_FFP6.a(USB_std.o)
                0x00004ed0                USB_ClearEndpointHalt
 .text.USB_ValidateAlternateSetting
                0x00004f7c       0x4c .\CortexM3\ARM_GCC_541\Debug\AS76_FFP6.a(USB_std.o)
                0x00004f7c                USB_ValidateAlternateSetting
 .text.USB_HandleStandardRqst
                0x00004fc8      0x35c .\CortexM3\ARM_GCC_541\Debug\AS76_FFP6.a(USB_std.o)
                0x00004fc8                USB_HandleStandardRqst
 .text.USB_HandleVendorRqst
                0x00005324       0x3c .\CortexM3\ARM_GCC_541\Debug\AS76_FFP6.a(USB_vnd.o)
                0x00005324                USB_HandleVendorRqst
 .text.USB_Dp_ClearInterrupt
                0x00005360       0x10 .\CortexM3\ARM_GCC_541\Debug\AS76_FFP6.a(USB_Dp.o)
                0x00005360                USB_Dp_ClearInterrupt
 .text.PWM_CondenserLED_Enable
                0x00005370       0x28 .\CortexM3\ARM_GCC_541\Debug\AS76_FFP6.a(PWM_CondenserLED.o)
                0x00005370                PWM_CondenserLED_Enable
 .text.PWM_CondenserLED_WritePeriod
                0x00005398        0xc .\CortexM3\ARM_GCC_541\Debug\AS76_FFP6.a(PWM_CondenserLED.o)
                0x00005398                PWM_CondenserLED_WritePeriod
 .text.PWM_CondenserLED_WriteCompare
                0x000053a4        0xc .\CortexM3\ARM_GCC_541\Debug\AS76_FFP6.a(PWM_CondenserLED.o)
                0x000053a4                PWM_CondenserLED_WriteCompare
 .text.PWM_CondenserLED_SetInterruptMode
                0x000053b0        0xc .\CortexM3\ARM_GCC_541\Debug\AS76_FFP6.a(PWM_CondenserLED.o)
                0x000053b0                PWM_CondenserLED_SetInterruptMode
 .text.PWM_CondenserLED_Init
                0x000053bc       0x74 .\CortexM3\ARM_GCC_541\Debug\AS76_FFP6.a(PWM_CondenserLED.o)
                0x000053bc                PWM_CondenserLED_Init
 .text.PWM_CondenserLED_Start
                0x00005430       0x1c .\CortexM3\ARM_GCC_541\Debug\AS76_FFP6.a(PWM_CondenserLED.o)
                0x00005430                PWM_CondenserLED_Start
 .text.SPIM_IntClock_Start
                0x0000544c       0x1c .\CortexM3\ARM_GCC_541\Debug\AS76_FFP6.a(SPIM_IntClock.o)
                0x0000544c                SPIM_IntClock_Start
 .text.QuadDec_X_Init
                0x00005468       0x24 .\CortexM3\ARM_GCC_541\Debug\AS76_FFP6.a(QuadDec_X.o)
                0x00005468                QuadDec_X_Init
 .text.QuadDec_X_GetCounter
                0x0000548c       0x2c .\CortexM3\ARM_GCC_541\Debug\AS76_FFP6.a(QuadDec_X.o)
                0x0000548c                QuadDec_X_GetCounter
 .text.QuadDec_X_SetCounter
                0x000054b8       0x28 .\CortexM3\ARM_GCC_541\Debug\AS76_FFP6.a(QuadDec_X.o)
                0x000054b8                QuadDec_X_SetCounter
 .text.QuadDec_X_GetEvents
                0x000054e0       0x10 .\CortexM3\ARM_GCC_541\Debug\AS76_FFP6.a(QuadDec_X.o)
                0x000054e0                QuadDec_X_GetEvents
 .text.QuadDec_X_SetInterruptMask
                0x000054f0       0x10 .\CortexM3\ARM_GCC_541\Debug\AS76_FFP6.a(QuadDec_X.o)
                0x000054f0                QuadDec_X_SetInterruptMask
 .text.QuadDec_X_Enable
                0x00005500       0x30 .\CortexM3\ARM_GCC_541\Debug\AS76_FFP6.a(QuadDec_X.o)
                0x00005500                QuadDec_X_Enable
 .text.QuadDec_X_Start
                0x00005530       0x34 .\CortexM3\ARM_GCC_541\Debug\AS76_FFP6.a(QuadDec_X.o)
                0x00005530                QuadDec_X_Start
 .text.QuadDec_X_ISR
                0x00005564       0x40 .\CortexM3\ARM_GCC_541\Debug\AS76_FFP6.a(QuadDec_X_INT.o)
                0x00005564                QuadDec_X_ISR
 .text.QuadDec_X_Cnt16_Enable
                0x000055a4       0x10 .\CortexM3\ARM_GCC_541\Debug\AS76_FFP6.a(QuadDec_X_Cnt16.o)
                0x000055a4                QuadDec_X_Cnt16_Enable
 .text.QuadDec_X_Cnt16_SetInterruptMode
                0x000055b4        0xc .\CortexM3\ARM_GCC_541\Debug\AS76_FFP6.a(QuadDec_X_Cnt16.o)
                0x000055b4                QuadDec_X_Cnt16_SetInterruptMode
 .text.QuadDec_X_Cnt16_ReadStatusRegister
                0x000055c0        0xc .\CortexM3\ARM_GCC_541\Debug\AS76_FFP6.a(QuadDec_X_Cnt16.o)
                0x000055c0                QuadDec_X_Cnt16_ReadStatusRegister
 .text.QuadDec_X_Cnt16_WriteCounter
                0x000055cc        0xc .\CortexM3\ARM_GCC_541\Debug\AS76_FFP6.a(QuadDec_X_Cnt16.o)
                0x000055cc                QuadDec_X_Cnt16_WriteCounter
 .text.QuadDec_X_Cnt16_ReadCounter
                0x000055d8       0x14 .\CortexM3\ARM_GCC_541\Debug\AS76_FFP6.a(QuadDec_X_Cnt16.o)
                0x000055d8                QuadDec_X_Cnt16_ReadCounter
 .text.QuadDec_X_Cnt16_ReadCapture
                0x000055ec        0xc .\CortexM3\ARM_GCC_541\Debug\AS76_FFP6.a(QuadDec_X_Cnt16.o)
                0x000055ec                QuadDec_X_Cnt16_ReadCapture
 .text.QuadDec_X_Cnt16_WritePeriod
                0x000055f8        0xc .\CortexM3\ARM_GCC_541\Debug\AS76_FFP6.a(QuadDec_X_Cnt16.o)
                0x000055f8                QuadDec_X_Cnt16_WritePeriod
 .text.QuadDec_X_Cnt16_WriteCompare
                0x00005604        0xc .\CortexM3\ARM_GCC_541\Debug\AS76_FFP6.a(QuadDec_X_Cnt16.o)
                0x00005604                QuadDec_X_Cnt16_WriteCompare
 .text.QuadDec_X_Cnt16_ClearFIFO
                0x00005610       0x14 .\CortexM3\ARM_GCC_541\Debug\AS76_FFP6.a(QuadDec_X_Cnt16.o)
                0x00005610                QuadDec_X_Cnt16_ClearFIFO
 .text.QuadDec_X_Cnt16_Init
                0x00005624       0x58 .\CortexM3\ARM_GCC_541\Debug\AS76_FFP6.a(QuadDec_X_Cnt16.o)
                0x00005624                QuadDec_X_Cnt16_Init
 .text.QuadDec_X_Cnt16_Start
                0x0000567c       0x1c .\CortexM3\ARM_GCC_541\Debug\AS76_FFP6.a(QuadDec_X_Cnt16.o)
                0x0000567c                QuadDec_X_Cnt16_Start
 .text.UART_PCB_LOG_Init
                0x00005698       0x44 .\CortexM3\ARM_GCC_541\Debug\AS76_FFP6.a(UART_PCB_LOG.o)
                0x00005698                UART_PCB_LOG_Init
 .text.UART_PCB_LOG_Enable
                0x000056dc       0x44 .\CortexM3\ARM_GCC_541\Debug\AS76_FFP6.a(UART_PCB_LOG.o)
                0x000056dc                UART_PCB_LOG_Enable
 .text.UART_PCB_LOG_Start
                0x00005720       0x1c .\CortexM3\ARM_GCC_541\Debug\AS76_FFP6.a(UART_PCB_LOG.o)
                0x00005720                UART_PCB_LOG_Start
 .text.UART_PCB_LOG_PutChar
                0x0000573c       0x18 .\CortexM3\ARM_GCC_541\Debug\AS76_FFP6.a(UART_PCB_LOG.o)
                0x0000573c                UART_PCB_LOG_PutChar
 .text.UART_PCB_LOG_PutString
                0x00005754       0x24 .\CortexM3\ARM_GCC_541\Debug\AS76_FFP6.a(UART_PCB_LOG.o)
                0x00005754                UART_PCB_LOG_PutString
 .text.UART_PCB_LOG_RXISR
                0x00005778       0x98 .\CortexM3\ARM_GCC_541\Debug\AS76_FFP6.a(UART_PCB_LOG_INT.o)
                0x00005778                UART_PCB_LOG_RXISR
 .text.UART_PCB_LOG_IntClock_Start
                0x00005810       0x1c .\CortexM3\ARM_GCC_541\Debug\AS76_FFP6.a(UART_PCB_LOG_IntClock.o)
                0x00005810                UART_PCB_LOG_IntClock_Start
 .text.Pin_Backlight_Write
                0x0000582c       0x18 .\CortexM3\ARM_GCC_541\Debug\AS76_FFP6.a(Pin_Backlight.o)
                0x0000582c                Pin_Backlight_Write
 .text.LED2_Write
                0x00005844       0x18 .\CortexM3\ARM_GCC_541\Debug\AS76_FFP6.a(LED2.o)
                0x00005844                LED2_Write
 .text.Pin_CSMotorO_Write
                0x0000585c       0x18 .\CortexM3\ARM_GCC_541\Debug\AS76_FFP6.a(Pin_CSMotorO.o)
                0x0000585c                Pin_CSMotorO_Write
 .text.Pin_CSMotorT_Write
                0x00005874       0x18 .\CortexM3\ARM_GCC_541\Debug\AS76_FFP6.a(Pin_CSMotorT.o)
                0x00005874                Pin_CSMotorT_Write
 .text.QuadDec_TZ_Init
                0x0000588c       0x24 .\CortexM3\ARM_GCC_541\Debug\AS76_FFP6.a(QuadDec_TZ.o)
                0x0000588c                QuadDec_TZ_Init
 .text.QuadDec_TZ_GetCounter
                0x000058b0       0x2c .\CortexM3\ARM_GCC_541\Debug\AS76_FFP6.a(QuadDec_TZ.o)
                0x000058b0                QuadDec_TZ_GetCounter
 .text.QuadDec_TZ_SetCounter
                0x000058dc       0x28 .\CortexM3\ARM_GCC_541\Debug\AS76_FFP6.a(QuadDec_TZ.o)
                0x000058dc                QuadDec_TZ_SetCounter
 .text.QuadDec_TZ_GetEvents
                0x00005904       0x10 .\CortexM3\ARM_GCC_541\Debug\AS76_FFP6.a(QuadDec_TZ.o)
                0x00005904                QuadDec_TZ_GetEvents
 .text.QuadDec_TZ_SetInterruptMask
                0x00005914       0x10 .\CortexM3\ARM_GCC_541\Debug\AS76_FFP6.a(QuadDec_TZ.o)
                0x00005914                QuadDec_TZ_SetInterruptMask
 .text.QuadDec_TZ_Enable
                0x00005924       0x30 .\CortexM3\ARM_GCC_541\Debug\AS76_FFP6.a(QuadDec_TZ.o)
                0x00005924                QuadDec_TZ_Enable
 .text.QuadDec_TZ_Start
                0x00005954       0x34 .\CortexM3\ARM_GCC_541\Debug\AS76_FFP6.a(QuadDec_TZ.o)
                0x00005954                QuadDec_TZ_Start
 .text.QuadDec_TZ_ISR
                0x00005988       0x40 .\CortexM3\ARM_GCC_541\Debug\AS76_FFP6.a(QuadDec_TZ_INT.o)
                0x00005988                QuadDec_TZ_ISR
 .text.PWM_Buzzer_Enable
                0x000059c8       0x28 .\CortexM3\ARM_GCC_541\Debug\AS76_FFP6.a(PWM_Buzzer.o)
                0x000059c8                PWM_Buzzer_Enable
 .text.PWM_Buzzer_WritePeriod
                0x000059f0        0xc .\CortexM3\ARM_GCC_541\Debug\AS76_FFP6.a(PWM_Buzzer.o)
                0x000059f0                PWM_Buzzer_WritePeriod
 .text.PWM_Buzzer_WriteCompare
                0x000059fc        0xc .\CortexM3\ARM_GCC_541\Debug\AS76_FFP6.a(PWM_Buzzer.o)
                0x000059fc                PWM_Buzzer_WriteCompare
 .text.PWM_Buzzer_SetInterruptMode
                0x00005a08        0xc .\CortexM3\ARM_GCC_541\Debug\AS76_FFP6.a(PWM_Buzzer.o)
                0x00005a08                PWM_Buzzer_SetInterruptMode
 .text.PWM_Buzzer_Init
                0x00005a14       0x74 .\CortexM3\ARM_GCC_541\Debug\AS76_FFP6.a(PWM_Buzzer.o)
                0x00005a14                PWM_Buzzer_Init
 .text.PWM_Buzzer_Start
                0x00005a88       0x1c .\CortexM3\ARM_GCC_541\Debug\AS76_FFP6.a(PWM_Buzzer.o)
                0x00005a88                PWM_Buzzer_Start
 .text.QuadDec_Y_Init
                0x00005aa4       0x24 .\CortexM3\ARM_GCC_541\Debug\AS76_FFP6.a(QuadDec_Y.o)
                0x00005aa4                QuadDec_Y_Init
 .text.QuadDec_Y_GetCounter
                0x00005ac8       0x2c .\CortexM3\ARM_GCC_541\Debug\AS76_FFP6.a(QuadDec_Y.o)
                0x00005ac8                QuadDec_Y_GetCounter
 .text.QuadDec_Y_SetCounter
                0x00005af4       0x28 .\CortexM3\ARM_GCC_541\Debug\AS76_FFP6.a(QuadDec_Y.o)
                0x00005af4                QuadDec_Y_SetCounter
 .text.QuadDec_Y_GetEvents
                0x00005b1c       0x10 .\CortexM3\ARM_GCC_541\Debug\AS76_FFP6.a(QuadDec_Y.o)
                0x00005b1c                QuadDec_Y_GetEvents
 .text.QuadDec_Y_SetInterruptMask
                0x00005b2c       0x10 .\CortexM3\ARM_GCC_541\Debug\AS76_FFP6.a(QuadDec_Y.o)
                0x00005b2c                QuadDec_Y_SetInterruptMask
 .text.QuadDec_Y_Enable
                0x00005b3c       0x30 .\CortexM3\ARM_GCC_541\Debug\AS76_FFP6.a(QuadDec_Y.o)
                0x00005b3c                QuadDec_Y_Enable
 .text.QuadDec_Y_Start
                0x00005b6c       0x34 .\CortexM3\ARM_GCC_541\Debug\AS76_FFP6.a(QuadDec_Y.o)
                0x00005b6c                QuadDec_Y_Start
 .text.QuadDec_Y_ISR
                0x00005ba0       0x40 .\CortexM3\ARM_GCC_541\Debug\AS76_FFP6.a(QuadDec_Y_INT.o)
                0x00005ba0                QuadDec_Y_ISR
 .text.PWM_BarcodeCondenser_LED_Enable
                0x00005be0       0x28 .\CortexM3\ARM_GCC_541\Debug\AS76_FFP6.a(PWM_BarcodeCondenser_LED.o)
                0x00005be0                PWM_BarcodeCondenser_LED_Enable
 .text.PWM_BarcodeCondenser_LED_WritePeriod
                0x00005c08        0xc .\CortexM3\ARM_GCC_541\Debug\AS76_FFP6.a(PWM_BarcodeCondenser_LED.o)
                0x00005c08                PWM_BarcodeCondenser_LED_WritePeriod
 .text.PWM_BarcodeCondenser_LED_WriteCompare
                0x00005c14        0xc .\CortexM3\ARM_GCC_541\Debug\AS76_FFP6.a(PWM_BarcodeCondenser_LED.o)
                0x00005c14                PWM_BarcodeCondenser_LED_WriteCompare
 .text.PWM_BarcodeCondenser_LED_SetInterruptMode
                0x00005c20        0xc .\CortexM3\ARM_GCC_541\Debug\AS76_FFP6.a(PWM_BarcodeCondenser_LED.o)
                0x00005c20                PWM_BarcodeCondenser_LED_SetInterruptMode
 .text.PWM_BarcodeCondenser_LED_Init
                0x00005c2c       0x74 .\CortexM3\ARM_GCC_541\Debug\AS76_FFP6.a(PWM_BarcodeCondenser_LED.o)
                0x00005c2c                PWM_BarcodeCondenser_LED_Init
 .text.PWM_BarcodeCondenser_LED_Start
                0x00005ca0       0x1c .\CortexM3\ARM_GCC_541\Debug\AS76_FFP6.a(PWM_BarcodeCondenser_LED.o)
                0x00005ca0                PWM_BarcodeCondenser_LED_Start
 .text.LED3_Write
                0x00005cbc       0x18 .\CortexM3\ARM_GCC_541\Debug\AS76_FFP6.a(LED3.o)
                0x00005cbc                LED3_Write
 .text.Encoder_T_Z_Select_Write
                0x00005cd4        0xc .\CortexM3\ARM_GCC_541\Debug\AS76_FFP6.a(Encoder_T_Z_Select.o)
                0x00005cd4                Encoder_T_Z_Select_Write
 .text.TMC5160_MotorX_EN_Write
                0x00005ce0       0x18 .\CortexM3\ARM_GCC_541\Debug\AS76_FFP6.a(TMC5160_MotorX_EN.o)
                0x00005ce0                TMC5160_MotorX_EN_Write
 .text.TMC5160_MotorY_EN_Write
                0x00005cf8       0x18 .\CortexM3\ARM_GCC_541\Debug\AS76_FFP6.a(TMC5160_MotorY_EN.o)
                0x00005cf8                TMC5160_MotorY_EN_Write
 .text.TMC5160_MotorZ_EN_Write
                0x00005d10       0x18 .\CortexM3\ARM_GCC_541\Debug\AS76_FFP6.a(TMC5160_MotorZ_EN.o)
                0x00005d10                TMC5160_MotorZ_EN_Write
 .text.TMC5160_MotorT_EN_Write
                0x00005d28       0x18 .\CortexM3\ARM_GCC_541\Debug\AS76_FFP6.a(TMC5160_MotorT_EN.o)
                0x00005d28                TMC5160_MotorT_EN_Write
 .text.TMC5160_MotorO_EN_Write
                0x00005d40       0x18 .\CortexM3\ARM_GCC_541\Debug\AS76_FFP6.a(TMC5160_MotorO_EN.o)
                0x00005d40                TMC5160_MotorO_EN_Write
 .text.QuadDec_TZ_Cnt16_Enable
                0x00005d58       0x10 .\CortexM3\ARM_GCC_541\Debug\AS76_FFP6.a(QuadDec_TZ_Cnt16.o)
                0x00005d58                QuadDec_TZ_Cnt16_Enable
 .text.QuadDec_TZ_Cnt16_SetInterruptMode
                0x00005d68        0xc .\CortexM3\ARM_GCC_541\Debug\AS76_FFP6.a(QuadDec_TZ_Cnt16.o)
                0x00005d68                QuadDec_TZ_Cnt16_SetInterruptMode
 .text.QuadDec_TZ_Cnt16_ReadStatusRegister
                0x00005d74        0xc .\CortexM3\ARM_GCC_541\Debug\AS76_FFP6.a(QuadDec_TZ_Cnt16.o)
                0x00005d74                QuadDec_TZ_Cnt16_ReadStatusRegister
 .text.QuadDec_TZ_Cnt16_WriteCounter
                0x00005d80        0xc .\CortexM3\ARM_GCC_541\Debug\AS76_FFP6.a(QuadDec_TZ_Cnt16.o)
                0x00005d80                QuadDec_TZ_Cnt16_WriteCounter
 .text.QuadDec_TZ_Cnt16_ReadCounter
                0x00005d8c       0x14 .\CortexM3\ARM_GCC_541\Debug\AS76_FFP6.a(QuadDec_TZ_Cnt16.o)
                0x00005d8c                QuadDec_TZ_Cnt16_ReadCounter
 .text.QuadDec_TZ_Cnt16_ReadCapture
                0x00005da0        0xc .\CortexM3\ARM_GCC_541\Debug\AS76_FFP6.a(QuadDec_TZ_Cnt16.o)
                0x00005da0                QuadDec_TZ_Cnt16_ReadCapture
 .text.QuadDec_TZ_Cnt16_WritePeriod
                0x00005dac        0xc .\CortexM3\ARM_GCC_541\Debug\AS76_FFP6.a(QuadDec_TZ_Cnt16.o)
                0x00005dac                QuadDec_TZ_Cnt16_WritePeriod
 .text.QuadDec_TZ_Cnt16_WriteCompare
                0x00005db8        0xc .\CortexM3\ARM_GCC_541\Debug\AS76_FFP6.a(QuadDec_TZ_Cnt16.o)
                0x00005db8                QuadDec_TZ_Cnt16_WriteCompare
 .text.QuadDec_TZ_Cnt16_ClearFIFO
                0x00005dc4       0x14 .\CortexM3\ARM_GCC_541\Debug\AS76_FFP6.a(QuadDec_TZ_Cnt16.o)
                0x00005dc4                QuadDec_TZ_Cnt16_ClearFIFO
 .text.QuadDec_TZ_Cnt16_Init
                0x00005dd8       0x58 .\CortexM3\ARM_GCC_541\Debug\AS76_FFP6.a(QuadDec_TZ_Cnt16.o)
                0x00005dd8                QuadDec_TZ_Cnt16_Init
 .text.QuadDec_TZ_Cnt16_Start
                0x00005e30       0x1c .\CortexM3\ARM_GCC_541\Debug\AS76_FFP6.a(QuadDec_TZ_Cnt16.o)
                0x00005e30                QuadDec_TZ_Cnt16_Start
 .text.QuadDec_Y_Cnt16_Enable
                0x00005e4c       0x10 .\CortexM3\ARM_GCC_541\Debug\AS76_FFP6.a(QuadDec_Y_Cnt16.o)
                0x00005e4c                QuadDec_Y_Cnt16_Enable
 .text.QuadDec_Y_Cnt16_SetInterruptMode
                0x00005e5c        0xc .\CortexM3\ARM_GCC_541\Debug\AS76_FFP6.a(QuadDec_Y_Cnt16.o)
                0x00005e5c                QuadDec_Y_Cnt16_SetInterruptMode
 .text.QuadDec_Y_Cnt16_ReadStatusRegister
                0x00005e68        0xc .\CortexM3\ARM_GCC_541\Debug\AS76_FFP6.a(QuadDec_Y_Cnt16.o)
                0x00005e68                QuadDec_Y_Cnt16_ReadStatusRegister
 .text.QuadDec_Y_Cnt16_WriteCounter
                0x00005e74        0xc .\CortexM3\ARM_GCC_541\Debug\AS76_FFP6.a(QuadDec_Y_Cnt16.o)
                0x00005e74                QuadDec_Y_Cnt16_WriteCounter
 .text.QuadDec_Y_Cnt16_ReadCounter
                0x00005e80       0x14 .\CortexM3\ARM_GCC_541\Debug\AS76_FFP6.a(QuadDec_Y_Cnt16.o)
                0x00005e80                QuadDec_Y_Cnt16_ReadCounter
 .text.QuadDec_Y_Cnt16_ReadCapture
                0x00005e94        0xc .\CortexM3\ARM_GCC_541\Debug\AS76_FFP6.a(QuadDec_Y_Cnt16.o)
                0x00005e94                QuadDec_Y_Cnt16_ReadCapture
 .text.QuadDec_Y_Cnt16_WritePeriod
                0x00005ea0        0xc .\CortexM3\ARM_GCC_541\Debug\AS76_FFP6.a(QuadDec_Y_Cnt16.o)
                0x00005ea0                QuadDec_Y_Cnt16_WritePeriod
 .text.QuadDec_Y_Cnt16_WriteCompare
                0x00005eac        0xc .\CortexM3\ARM_GCC_541\Debug\AS76_FFP6.a(QuadDec_Y_Cnt16.o)
                0x00005eac                QuadDec_Y_Cnt16_WriteCompare
 .text.QuadDec_Y_Cnt16_ClearFIFO
                0x00005eb8       0x14 .\CortexM3\ARM_GCC_541\Debug\AS76_FFP6.a(QuadDec_Y_Cnt16.o)
                0x00005eb8                QuadDec_Y_Cnt16_ClearFIFO
 .text.QuadDec_Y_Cnt16_Init
                0x00005ecc       0x58 .\CortexM3\ARM_GCC_541\Debug\AS76_FFP6.a(QuadDec_Y_Cnt16.o)
                0x00005ecc                QuadDec_Y_Cnt16_Init
 .text.QuadDec_Y_Cnt16_Start
                0x00005f24       0x1c .\CortexM3\ARM_GCC_541\Debug\AS76_FFP6.a(QuadDec_Y_Cnt16.o)
                0x00005f24                QuadDec_Y_Cnt16_Start
 .text.wait_timer_Enable
                0x00005f40       0x28 .\CortexM3\ARM_GCC_541\Debug\AS76_FFP6.a(wait_timer.o)
                0x00005f40                wait_timer_Enable
 .text.wait_timer_Stop
                0x00005f68       0x28 .\CortexM3\ARM_GCC_541\Debug\AS76_FFP6.a(wait_timer.o)
                0x00005f68                wait_timer_Stop
 .text.wait_timer_SetInterruptMode
                0x00005f90        0xc .\CortexM3\ARM_GCC_541\Debug\AS76_FFP6.a(wait_timer.o)
                0x00005f90                wait_timer_SetInterruptMode
 .text.wait_timer_WritePeriod
                0x00005f9c        0xc .\CortexM3\ARM_GCC_541\Debug\AS76_FFP6.a(wait_timer.o)
                0x00005f9c                wait_timer_WritePeriod
 .text.wait_timer_WriteCounter
                0x00005fa8        0xc .\CortexM3\ARM_GCC_541\Debug\AS76_FFP6.a(wait_timer.o)
                0x00005fa8                wait_timer_WriteCounter
 .text.wait_timer_Init
                0x00005fb4       0x68 .\CortexM3\ARM_GCC_541\Debug\AS76_FFP6.a(wait_timer.o)
                0x00005fb4                wait_timer_Init
 .text.wait_timer_Start
                0x0000601c       0x1c .\CortexM3\ARM_GCC_541\Debug\AS76_FFP6.a(wait_timer.o)
                0x0000601c                wait_timer_Start
 .text.wait_interrupt_SetVector
                0x00006038        0xc .\CortexM3\ARM_GCC_541\Debug\AS76_FFP6.a(wait_interrupt.o)
                0x00006038                wait_interrupt_SetVector
 .text.wait_interrupt_SetPriority
                0x00006044       0x10 .\CortexM3\ARM_GCC_541\Debug\AS76_FFP6.a(wait_interrupt.o)
                0x00006044                wait_interrupt_SetPriority
 .text.wait_interrupt_Enable
                0x00006054       0x10 .\CortexM3\ARM_GCC_541\Debug\AS76_FFP6.a(wait_interrupt.o)
                0x00006054                wait_interrupt_Enable
 .text.wait_interrupt_Disable
                0x00006064       0x10 .\CortexM3\ARM_GCC_541\Debug\AS76_FFP6.a(wait_interrupt.o)
                0x00006064                wait_interrupt_Disable
 .text.wait_interrupt_StartEx
                0x00006074       0x1c .\CortexM3\ARM_GCC_541\Debug\AS76_FFP6.a(wait_interrupt.o)
                0x00006074                wait_interrupt_StartEx
 .text.Pin_SDO_RGB_Write
                0x00006090       0x18 .\CortexM3\ARM_GCC_541\Debug\AS76_FFP6.a(Pin_SDO_RGB.o)
                0x00006090                Pin_SDO_RGB_Write
 .text.Pin_Clock_RGB_Write
                0x000060a8       0x18 .\CortexM3\ARM_GCC_541\Debug\AS76_FFP6.a(Pin_Clock_RGB.o)
                0x000060a8                Pin_Clock_RGB_Write
 .text          0x000060c0       0x20 .\CortexM3\ARM_GCC_541\Debug\AS76_FFP6.a(CyBootAsmGnu.o)
                0x000060c0                CyDelayCycles
                0x000060d0                CyEnterCriticalSection
                0x000060d8                CyExitCriticalSection
 .text.USB_DispatchClassRqst
                0x000060e0       0x68 .\CortexM3\ARM_GCC_541\Debug\AS76_FFP6.a(USB_cls.o)
                0x000060e0                USB_DispatchClassRqst
 .text          0x00006148      0x370 c:/program files (x86)/cypress/psoc creator/4.4/psoc creator/import/gnu/arm/5.4.1/bin/../lib/gcc/arm-none-eabi/5.4.1/armv7-m\libgcc.a(_arm_addsubdf3.o)
                0x00006148                __aeabi_drsub
                0x00006150                __aeabi_dsub
                0x00006150                __subdf3
                0x00006154                __aeabi_dadd
                0x00006154                __adddf3
                0x000063cc                __floatunsidf
                0x000063cc                __aeabi_ui2d
                0x000063ec                __floatsidf
                0x000063ec                __aeabi_i2d
                0x00006410                __aeabi_f2d
                0x00006410                __extendsfdf2
                0x0000644c                __floatundidf
                0x0000644c                __aeabi_ul2d
                0x0000645c                __floatdidf
                0x0000645c                __aeabi_l2d
 .text          0x000064b8      0x424 c:/program files (x86)/cypress/psoc creator/4.4/psoc creator/import/gnu/arm/5.4.1/bin/../lib/gcc/arm-none-eabi/5.4.1/armv7-m\libgcc.a(_arm_muldivdf3.o)
                0x000064b8                __aeabi_dmul
                0x000064b8                __muldf3
                0x0000670c                __divdf3
                0x0000670c                __aeabi_ddiv
 .text          0x000068dc       0x50 c:/program files (x86)/cypress/psoc creator/4.4/psoc creator/import/gnu/arm/5.4.1/bin/../lib/gcc/arm-none-eabi/5.4.1/armv7-m\libgcc.a(_arm_fixdfsi.o)
                0x000068dc                __aeabi_d2iz
                0x000068dc                __fixdfsi
 .text          0x0000692c       0x40 c:/program files (x86)/cypress/psoc creator/4.4/psoc creator/import/gnu/arm/5.4.1/bin/../lib/gcc/arm-none-eabi/5.4.1/armv7-m\libgcc.a(_arm_fixunsdfsi.o)
                0x0000692c                __aeabi_d2uiz
                0x0000692c                __fixunsdfsi
 .text          0x0000696c      0x21c c:/program files (x86)/cypress/psoc creator/4.4/psoc creator/import/gnu/arm/5.4.1/bin/../lib/gcc/arm-none-eabi/5.4.1/armv7-m\libgcc.a(_arm_addsubsf3.o)
                0x0000696c                __aeabi_frsub
                0x00006974                __subsf3
                0x00006974                __aeabi_fsub
                0x00006978                __aeabi_fadd
                0x00006978                __addsf3
                0x00006ad8                __aeabi_ui2f
                0x00006ad8                __floatunsisf
                0x00006ae0                __aeabi_i2f
                0x00006ae0                __floatsisf
                0x00006afc                __aeabi_ul2f
                0x00006afc                __floatundisf
                0x00006b0c                __aeabi_l2f
                0x00006b0c                __floatdisf
 .text          0x00006b88      0x2a0 c:/program files (x86)/cypress/psoc creator/4.4/psoc creator/import/gnu/arm/5.4.1/bin/../lib/gcc/arm-none-eabi/5.4.1/armv7-m\libgcc.a(_arm_muldivsf3.o)
                0x00006b88                __mulsf3
                0x00006b88                __aeabi_fmul
                0x00006cf0                __aeabi_fdiv
                0x00006cf0                __divsf3
 .text          0x00006e28       0x4c c:/program files (x86)/cypress/psoc creator/4.4/psoc creator/import/gnu/arm/5.4.1/bin/../lib/gcc/arm-none-eabi/5.4.1/armv7-m\libgcc.a(_arm_fixsfsi.o)
                0x00006e28                __aeabi_f2iz
                0x00006e28                __fixsfsi
 .text.__errno  0x00006e74        0xc c:/program files (x86)/cypress/psoc creator/4.4/psoc creator/import/gnu/arm/5.4.1/bin/../lib/gcc/arm-none-eabi/5.4.1/../../../../arm-none-eabi/lib/armv7-m\libg_nano.a(lib_a-errno.o)
                0x00006e74                __errno
 .text.__libc_init_array
                0x00006e80       0x4c c:/program files (x86)/cypress/psoc creator/4.4/psoc creator/import/gnu/arm/5.4.1/bin/../lib/gcc/arm-none-eabi/5.4.1/../../../../arm-none-eabi/lib/armv7-m\libg_nano.a(lib_a-init.o)
                0x00006e80                __libc_init_array
 .text.memcpy   0x00006ecc       0x16 c:/program files (x86)/cypress/psoc creator/4.4/psoc creator/import/gnu/arm/5.4.1/bin/../lib/gcc/arm-none-eabi/5.4.1/../../../../arm-none-eabi/lib/armv7-m\libg_nano.a(lib_a-memcpy-stub.o)
                0x00006ecc                memcpy
 .text.memset   0x00006ee2       0x10 c:/program files (x86)/cypress/psoc creator/4.4/psoc creator/import/gnu/arm/5.4.1/bin/../lib/gcc/arm-none-eabi/5.4.1/../../../../arm-none-eabi/lib/armv7-m\libg_nano.a(lib_a-memset.o)
                0x00006ee2                memset
 *fill*         0x00006ef2        0x2 
 .text.sprintf  0x00006ef4       0x48 c:/program files (x86)/cypress/psoc creator/4.4/psoc creator/import/gnu/arm/5.4.1/bin/../lib/gcc/arm-none-eabi/5.4.1/../../../../arm-none-eabi/lib/armv7-m\libg_nano.a(lib_a-sprintf.o)
                0x00006ef4                siprintf
                0x00006ef4                sprintf
 .text.strncmp  0x00006f3c       0x2a c:/program files (x86)/cypress/psoc creator/4.4/psoc creator/import/gnu/arm/5.4.1/bin/../lib/gcc/arm-none-eabi/5.4.1/../../../../arm-none-eabi/lib/armv7-m\libg_nano.a(lib_a-strncmp.o)
                0x00006f3c                strncmp
 .text.strncpy  0x00006f66       0x26 c:/program files (x86)/cypress/psoc creator/4.4/psoc creator/import/gnu/arm/5.4.1/bin/../lib/gcc/arm-none-eabi/5.4.1/../../../../arm-none-eabi/lib/armv7-m\libg_nano.a(lib_a-strncpy.o)
                0x00006f66                strncpy
 .text.__ssputs_r
                0x00006f8c       0xb2 c:/program files (x86)/cypress/psoc creator/4.4/psoc creator/import/gnu/arm/5.4.1/bin/../lib/gcc/arm-none-eabi/5.4.1/../../../../arm-none-eabi/lib/armv7-m\libg_nano.a(lib_a-nano-svfprintf.o)
                0x00006f8c                __ssputs_r
 *fill*         0x0000703e        0x2 
 .text._svfprintf_r
                0x00007040      0x1e8 c:/program files (x86)/cypress/psoc creator/4.4/psoc creator/import/gnu/arm/5.4.1/bin/../lib/gcc/arm-none-eabi/5.4.1/../../../../arm-none-eabi/lib/armv7-m\libg_nano.a(lib_a-nano-svfprintf.o)
                0x00007040                _svfiprintf_r
                0x00007040                _svfprintf_r
 .text._printf_common
                0x00007228       0xec c:/program files (x86)/cypress/psoc creator/4.4/psoc creator/import/gnu/arm/5.4.1/bin/../lib/gcc/arm-none-eabi/5.4.1/../../../../arm-none-eabi/lib/armv7-m\libg_nano.a(lib_a-nano-vfprintf_i.o)
                0x00007228                _printf_common
 .text._printf_i
                0x00007314      0x24c c:/program files (x86)/cypress/psoc creator/4.4/psoc creator/import/gnu/arm/5.4.1/bin/../lib/gcc/arm-none-eabi/5.4.1/../../../../arm-none-eabi/lib/armv7-m\libg_nano.a(lib_a-nano-vfprintf_i.o)
                0x00007314                _printf_i
 .text.memchr   0x00007560       0x1c c:/program files (x86)/cypress/psoc creator/4.4/psoc creator/import/gnu/arm/5.4.1/bin/../lib/gcc/arm-none-eabi/5.4.1/../../../../arm-none-eabi/lib/armv7-m\libg_nano.a(lib_a-memchr-stub.o)
                0x00007560                memchr
 .text.memmove  0x0000757c       0x36 c:/program files (x86)/cypress/psoc creator/4.4/psoc creator/import/gnu/arm/5.4.1/bin/../lib/gcc/arm-none-eabi/5.4.1/../../../../arm-none-eabi/lib/armv7-m\libg_nano.a(lib_a-memmove.o)
                0x0000757c                memmove
 *fill*         0x000075b2        0x2 
 .text._free_r  0x000075b4       0x98 c:/program files (x86)/cypress/psoc creator/4.4/psoc creator/import/gnu/arm/5.4.1/bin/../lib/gcc/arm-none-eabi/5.4.1/../../../../arm-none-eabi/lib/armv7-m\libg_nano.a(lib_a-nano-freer.o)
                0x000075b4                _free_r
 .text._malloc_r
                0x0000764c       0xbc c:/program files (x86)/cypress/psoc creator/4.4/psoc creator/import/gnu/arm/5.4.1/bin/../lib/gcc/arm-none-eabi/5.4.1/../../../../arm-none-eabi/lib/armv7-m\libg_nano.a(lib_a-nano-mallocr.o)
                0x0000764c                _malloc_r
 .text._realloc_r
                0x00007708       0x4c c:/program files (x86)/cypress/psoc creator/4.4/psoc creator/import/gnu/arm/5.4.1/bin/../lib/gcc/arm-none-eabi/5.4.1/../../../../arm-none-eabi/lib/armv7-m\libg_nano.a(lib_a-nano-reallocr.o)
                0x00007708                _realloc_r
 .text._sbrk_r  0x00007754       0x20 c:/program files (x86)/cypress/psoc creator/4.4/psoc creator/import/gnu/arm/5.4.1/bin/../lib/gcc/arm-none-eabi/5.4.1/../../../../arm-none-eabi/lib/armv7-m\libg_nano.a(lib_a-sbrkr.o)
                0x00007754                _sbrk_r
 .text.__malloc_lock
                0x00007774        0x2 c:/program files (x86)/cypress/psoc creator/4.4/psoc creator/import/gnu/arm/5.4.1/bin/../lib/gcc/arm-none-eabi/5.4.1/../../../../arm-none-eabi/lib/armv7-m\libg_nano.a(lib_a-mlock.o)
                0x00007774                __malloc_lock
 .text.__malloc_unlock
                0x00007776        0x2 c:/program files (x86)/cypress/psoc creator/4.4/psoc creator/import/gnu/arm/5.4.1/bin/../lib/gcc/arm-none-eabi/5.4.1/../../../../arm-none-eabi/lib/armv7-m\libg_nano.a(lib_a-mlock.o)
                0x00007776                __malloc_unlock
 .text._malloc_usable_size_r
                0x00007778       0x14 c:/program files (x86)/cypress/psoc creator/4.4/psoc creator/import/gnu/arm/5.4.1/bin/../lib/gcc/arm-none-eabi/5.4.1/../../../../arm-none-eabi/lib/armv7-m\libg_nano.a(lib_a-nano-msizer.o)
                0x00007778                _malloc_usable_size_r
 *(.plt)
 *(.gnu.warning)
 *(.glue_7t)
 .glue_7t       0x0000778c        0x0 linker stubs
 *(.glue_7)
 .glue_7        0x0000778c        0x0 linker stubs
 *(.vfp11_veneer)
 .vfp11_veneer  0x0000778c        0x0 linker stubs
 *(.bootloader)
 *(.ARM.extab* .gnu.linkonce.armextab.*)
 *(.gcc_except_table)

.v4_bx          0x0000778c        0x0
 .v4_bx         0x0000778c        0x0 linker stubs

.iplt           0x0000778c        0x0
 .iplt          0x0000778c        0x0 c:/program files (x86)/cypress/psoc creator/4.4/psoc creator/import/gnu/arm/5.4.1/bin/../lib/gcc/arm-none-eabi/5.4.1/armv7-m/crtbegin.o

.eh_frame_hdr
 *(.eh_frame_hdr)

.eh_frame       0x0000778c        0x4
 *(.eh_frame)
 .eh_frame      0x0000778c        0x0 c:/program files (x86)/cypress/psoc creator/4.4/psoc creator/import/gnu/arm/5.4.1/bin/../lib/gcc/arm-none-eabi/5.4.1/armv7-m/crtbegin.o
 .eh_frame      0x0000778c        0x4 c:/program files (x86)/cypress/psoc creator/4.4/psoc creator/import/gnu/arm/5.4.1/bin/../lib/gcc/arm-none-eabi/5.4.1/armv7-m/crtend.o
                [!provide]                PROVIDE (__exidx_start, .)

.ARM.exidx
 *(.ARM.exidx* .gnu.linkonce.armexidx.*)
                0x00007790                __exidx_end = .

.rodata         0x00007790     0x1cc8
 *(.rodata .rodata.* .gnu.linkonce.r.*)
 .rodata.str1.4
                0x00007790       0x34 .\CortexM3\ARM_GCC_541\Debug\main.o
 .rodata.str1.4
                0x000077c4      0x9d1 .\CortexM3\ARM_GCC_541\Debug\AS76.o
                                0x9e5 (size before relaxing)
 *fill*         0x00008195        0x3 
 .rodata        0x00008198     0x1028 .\CortexM3\ARM_GCC_541\Debug\cyfitter_cfg.o
 .rodata.str1.4
                0x000091c0       0x14 .\CortexM3\ARM_GCC_541\Debug\AS76_FFP6.a(USB_std.o)
                                 0x11 (size before relaxing)
 .rodata        0x000091d4      0x21a .\CortexM3\ARM_GCC_541\Debug\AS76_FFP6.a(USB_descr.o)
                0x000091d4                USB_MSOS_CONFIGURATION_DESCR
                0x000091fc                USB_MSOS_DESCRIPTOR
                0x00009210                USB_TABLE
                0x00009218                USB_DEVICE0_TABLE
                0x00009230                USB_DEVICE0_CONFIGURATION0_TABLE
                0x00009258                USB_DEVICE0_CONFIGURATION0_INTERFACE_CLASS
                0x0000925c                USB_DEVICE0_CONFIGURATION0_EP_SETTINGS_TABLE
                0x00009274                USB_HIDREPORT_DESCRIPTOR1
                0x000092ac                USB_SN_STRING_DESCRIPTOR
                0x000092b0                USB_STRING_DESCRIPTORS
                0x00009398                USB_DEVICE0_CONFIGURATION0_DESCR
                0x000093dc                USB_DEVICE0_DESCR
 .rodata.str1.1
                0x000093ee        0x2 c:/program files (x86)/cypress/psoc creator/4.4/psoc creator/import/gnu/arm/5.4.1/bin/../lib/gcc/arm-none-eabi/5.4.1/../../../../arm-none-eabi/lib/armv7-m\libg_nano.a(lib_a-impure.o)
 .rodata.str1.1
                0x000093f0       0x11 c:/program files (x86)/cypress/psoc creator/4.4/psoc creator/import/gnu/arm/5.4.1/bin/../lib/gcc/arm-none-eabi/5.4.1/../../../../arm-none-eabi/lib/armv7-m\libg_nano.a(lib_a-nano-svfprintf.o)
 .rodata.str1.1
                0x00009401       0x22 c:/program files (x86)/cypress/psoc creator/4.4/psoc creator/import/gnu/arm/5.4.1/bin/../lib/gcc/arm-none-eabi/5.4.1/../../../../arm-none-eabi/lib/armv7-m\libg_nano.a(lib_a-nano-vfprintf_i.o)
                0x00009424                . = ALIGN (0x4)
 *fill*         0x00009423        0x1 
 *(.init)
 .init          0x00009424        0x4 c:/program files (x86)/cypress/psoc creator/4.4/psoc creator/import/gnu/arm/5.4.1/bin/../lib/gcc/arm-none-eabi/5.4.1/armv7-m/crti.o
                0x00009424                _init
 .init          0x00009428        0x8 c:/program files (x86)/cypress/psoc creator/4.4/psoc creator/import/gnu/arm/5.4.1/bin/../lib/gcc/arm-none-eabi/5.4.1/armv7-m/crtn.o
                0x00009430                . = ALIGN (0x4)
                0x00009430                __preinit_array_start = .
 *(.preinit_array)
                0x00009430                __preinit_array_end = .
                0x00009430                . = ALIGN (0x4)
                0x00009430                __init_array_start = .
 *(SORT(.init_array.*))
 *(.init_array)
 .init_array    0x00009430        0x4 c:/program files (x86)/cypress/psoc creator/4.4/psoc creator/import/gnu/arm/5.4.1/bin/../lib/gcc/arm-none-eabi/5.4.1/armv7-m/crtbegin.o
 .init_array    0x00009434        0x4 .\CortexM3\ARM_GCC_541\Debug\Cm3Start.o
                0x00009438                __init_array_end = .
                0x00009438                . = ALIGN (0x4)
 *(.fini)
 .fini          0x00009438        0x4 c:/program files (x86)/cypress/psoc creator/4.4/psoc creator/import/gnu/arm/5.4.1/bin/../lib/gcc/arm-none-eabi/5.4.1/armv7-m/crti.o
                0x00009438                _fini
 .fini          0x0000943c        0x8 c:/program files (x86)/cypress/psoc creator/4.4/psoc creator/import/gnu/arm/5.4.1/bin/../lib/gcc/arm-none-eabi/5.4.1/armv7-m/crtn.o
                0x00009444                . = ALIGN (0x4)
                0x00009444                __fini_array_start = .
 *(.fini_array)
 .fini_array    0x00009444        0x4 c:/program files (x86)/cypress/psoc creator/4.4/psoc creator/import/gnu/arm/5.4.1/bin/../lib/gcc/arm-none-eabi/5.4.1/armv7-m/crtbegin.o
 *(SORT(.fini_array.*))
                0x00009448                __fini_array_end = .
                0x00009448                . = ALIGN (0x4)
 *crtbegin.o(.ctors)
 *(EXCLUDE_FILE(*crtend.o) .ctors)
 *(SORT(.ctors.*))
 *crtend.o(.ctors)
                0x00009448                . = ALIGN (0x4)
 *crtbegin.o(.dtors)
 *(EXCLUDE_FILE(*crtend.o) .dtors)
 *(SORT(.dtors.*))
 *crtend.o(.dtors)
                0x00009448                . = ALIGN (0x4)
                0x00009448                __cy_regions = .
                0x00009448        0x4 LONG 0x9458 __cy_region_init_ram
                0x0000944c        0x4 LONG 0x1fff80c8 __cy_region_start_data
                0x00009450        0x4 LONG 0xd0 __cy_region_init_size_ram
                0x00009454        0x4 LONG 0x288 __cy_region_zero_size_ram
                0x00009458                __cy_regions_end = .
                0x00009458                . = ALIGN (0x8)
                0x00009458                _etext = .

.cy_checksum_exclude
                0x00009458        0x0
 *(.cy_checksum_exclude)

.ramvectors     0x1fff8000       0xc0
                0x1fff8000                __cy_region_start_ram = .
 *(.ramvectors)
 .ramvectors    0x1fff8000       0xc0 .\CortexM3\ARM_GCC_541\Debug\Cm3Start.o
                0x1fff8000                CyRamVectors

.noinit         0x1fff80c0        0x1
 *(.noinit)
 .noinit        0x1fff80c0        0x1 .\CortexM3\ARM_GCC_541\Debug\AS76_FFP6.a(CyLib.o)
                0x1fff80c0                CyResetStatus

.data           0x1fff80c8       0xd0 load address 0x00009458
                0x1fff80c8                __cy_region_start_data = .
 *(.jcr)
 .jcr           0x1fff80c8        0x0 c:/program files (x86)/cypress/psoc creator/4.4/psoc creator/import/gnu/arm/5.4.1/bin/../lib/gcc/arm-none-eabi/5.4.1/armv7-m/crtbegin.o
 .jcr           0x1fff80c8        0x4 c:/program files (x86)/cypress/psoc creator/4.4/psoc creator/import/gnu/arm/5.4.1/bin/../lib/gcc/arm-none-eabi/5.4.1/armv7-m/crtend.o
 *(.got.plt)
 *(.got)
 *(.shdata)
 *(.data .data.* .gnu.linkonce.d.*)
 .data          0x1fff80cc        0x4 .\CortexM3\ARM_GCC_541\Debug\main.o
                0x1fff80cc                status_t
                0x1fff80cd                status_z
                0x1fff80ce                status_y
                0x1fff80cf                status_x
 .data          0x1fff80d0       0x31 .\CortexM3\ARM_GCC_541\Debug\AS76.o
                0x1fff80d0                PWM_Condenser_comare_value
                0x1fff80e4                Motor_Speed_X
                0x1fff80e8                Motor_Speed_Y
                0x1fff80ec                Motor_Speed_Z
                0x1fff80f0                X_Pitchfactor
                0x1fff80f4                T_Pitchfactor
                0x1fff80f8                Z_Pitchfactor
                0x1fff80fc                Y_Pitchfactor
                0x1fff8100                Time_Out_Error
 *fill*         0x1fff8101        0x3 
 .data          0x1fff8104        0x4 .\CortexM3\ARM_GCC_541\Debug\Cm3Start.o
 .data          0x1fff8108       0x10 .\CortexM3\ARM_GCC_541\Debug\AS76_FFP6.a(CyLib.o)
                0x1fff8108                cydelay_32k_ms
                0x1fff810c                cydelay_freq_khz
                0x1fff8110                cydelay_freq_mhz
                0x1fff8114                cydelay_freq_hz
 .data          0x1fff8118       0x1a .\CortexM3\ARM_GCC_541\Debug\AS76_FFP6.a(USB_cdc.o)
                0x1fff8118                USB_linesCoding
 *fill*         0x1fff8132        0x2 
 .data.impure_data
                0x1fff8134       0x60 c:/program files (x86)/cypress/psoc creator/4.4/psoc creator/import/gnu/arm/5.4.1/bin/../lib/gcc/arm-none-eabi/5.4.1/../../../../arm-none-eabi/lib/armv7-m\libg_nano.a(lib_a-impure.o)
 .data._impure_ptr
                0x1fff8194        0x4 c:/program files (x86)/cypress/psoc creator/4.4/psoc creator/import/gnu/arm/5.4.1/bin/../lib/gcc/arm-none-eabi/5.4.1/../../../../arm-none-eabi/lib/armv7-m\libg_nano.a(lib_a-impure.o)
                0x1fff8194                _impure_ptr
                0x1fff8198                . = ALIGN (0x8)
 *(.ram)
                0x1fff8198                _edata = .

.igot.plt       0x1fff8198        0x0 load address 0x00009528
 .igot.plt      0x1fff8198        0x0 c:/program files (x86)/cypress/psoc creator/4.4/psoc creator/import/gnu/arm/5.4.1/bin/../lib/gcc/arm-none-eabi/5.4.1/armv7-m/crtbegin.o

.bss            0x1fff8198      0x288 load address 0x00009528
                0x1fff8198                PROVIDE (__bss_start__, .)
 *(.shbss)
 *(.bss .bss.* .gnu.linkonce.b.*)
 .bss           0x1fff8198       0x1c c:/program files (x86)/cypress/psoc creator/4.4/psoc creator/import/gnu/arm/5.4.1/bin/../lib/gcc/arm-none-eabi/5.4.1/armv7-m/crtbegin.o
 .bss           0x1fff81b4       0x64 .\CortexM3\ARM_GCC_541\Debug\AS76.o
                0x1fff81b4                ms_count
                0x1fff81b6                exit_loop
                0x1fff81b8                EncoderTZSelect
                0x1fff81bc                X_QuadPosition
                0x1fff81c0                Y_QuadPosition
                0x1fff81c4                Z_QuadPosition
                0x1fff81c8                T_QuadPosition
                0x1fff81cc                Buffer_Z_QuadPosition
                0x1fff81d0                Buffer_T_QuadPosition
                0x1fff81d4                print_flag
                0x1fff81d8                PWM_barcode_comare_value
                0x1fff81dc                HomeY_done
                0x1fff81e0                Error
                0x1fff81e4                HomeX_done
                0x1fff81e5                HomeZ_done
                0x1fff81e7                HomeT_done
                0x1fff81e8                HomeX_done_Buffer
                0x1fff81e9                HomeY_done_Buffer
                0x1fff81ea                HomeZ_done_Buffer
                0x1fff81eb                HomeT_done_Buffer
                0x1fff81ec                Input_Position_X_Temp
                0x1fff81f0                Previous_X_Position
                0x1fff81f4                Previous_Y_Position
                0x1fff81f8                Previous_Z_Position
                0x1fff81fc                Position_X_Requested
                0x1fff8200                Position_Y_Requested
                0x1fff8204                Position_Z_Requested
                0x1fff8208                Position_T_Requested
                0x1fff820c                time_ms
                0x1fff8210                oil_speed
                0x1fff8214                oil_dir
 .bss           0x1fff8218        0xc .\CortexM3\ARM_GCC_541\Debug\APA102.o
                0x1fff8218                BnB
                0x1fff821a                GnR
                0x1fff821c                STFB
                0x1fff8220                LedCnt
                0x1fff8221                MaxB
                0x1fff8222                B
                0x1fff8223                j
 .bss           0x1fff8224        0x1 .\CortexM3\ARM_GCC_541\Debug\AS76_FFP6.a(SPIM.o)
                0x1fff8224                SPIM_initVar
 .bss           0x1fff8225        0x1 .\CortexM3\ARM_GCC_541\Debug\AS76_FFP6.a(USB.o)
                0x1fff8225                USB_initVar
 .bss           0x1fff8226        0x1 .\CortexM3\ARM_GCC_541\Debug\AS76_FFP6.a(USB_cdc.o)
 *fill*         0x1fff8227        0x1 
 .bss           0x1fff8228        0x2 .\CortexM3\ARM_GCC_541\Debug\AS76_FFP6.a(USB_std.o)
 .bss           0x1fff822a        0x1 .\CortexM3\ARM_GCC_541\Debug\AS76_FFP6.a(PWM_CondenserLED.o)
                0x1fff822a                PWM_CondenserLED_initVar
 .bss           0x1fff822b        0x1 .\CortexM3\ARM_GCC_541\Debug\AS76_FFP6.a(QuadDec_X.o)
                0x1fff822b                QuadDec_X_initVar
 .bss           0x1fff822c        0x4 .\CortexM3\ARM_GCC_541\Debug\AS76_FFP6.a(QuadDec_X_INT.o)
                0x1fff822c                QuadDec_X_count32SoftPart
 .bss           0x1fff8230        0x1 .\CortexM3\ARM_GCC_541\Debug\AS76_FFP6.a(QuadDec_X_Cnt16.o)
                0x1fff8230                QuadDec_X_Cnt16_initVar
 .bss           0x1fff8231        0x7 .\CortexM3\ARM_GCC_541\Debug\AS76_FFP6.a(UART_PCB_LOG.o)
                0x1fff8231                UART_PCB_LOG_errorStatus
                0x1fff8232                UART_PCB_LOG_initVar
                0x1fff8233                UART_PCB_LOG_rxBufferRead
                0x1fff8234                UART_PCB_LOG_rxBufferWrite
                0x1fff8235                UART_PCB_LOG_rxBufferLoopDetect
                0x1fff8236                UART_PCB_LOG_rxBufferOverflow
 .bss           0x1fff8238        0x1 .\CortexM3\ARM_GCC_541\Debug\AS76_FFP6.a(QuadDec_TZ.o)
                0x1fff8238                QuadDec_TZ_initVar
 *fill*         0x1fff8239        0x3 
 .bss           0x1fff823c        0x4 .\CortexM3\ARM_GCC_541\Debug\AS76_FFP6.a(QuadDec_TZ_INT.o)
                0x1fff823c                QuadDec_TZ_count32SoftPart
 .bss           0x1fff8240        0x1 .\CortexM3\ARM_GCC_541\Debug\AS76_FFP6.a(PWM_Buzzer.o)
                0x1fff8240                PWM_Buzzer_initVar
 .bss           0x1fff8241        0x1 .\CortexM3\ARM_GCC_541\Debug\AS76_FFP6.a(QuadDec_Y.o)
                0x1fff8241                QuadDec_Y_initVar
 *fill*         0x1fff8242        0x2 
 .bss           0x1fff8244        0x4 .\CortexM3\ARM_GCC_541\Debug\AS76_FFP6.a(QuadDec_Y_INT.o)
                0x1fff8244                QuadDec_Y_count32SoftPart
 .bss           0x1fff8248        0x1 .\CortexM3\ARM_GCC_541\Debug\AS76_FFP6.a(PWM_BarcodeCondenser_LED.o)
                0x1fff8248                PWM_BarcodeCondenser_LED_initVar
 .bss           0x1fff8249        0x1 .\CortexM3\ARM_GCC_541\Debug\AS76_FFP6.a(QuadDec_TZ_Cnt16.o)
                0x1fff8249                QuadDec_TZ_Cnt16_initVar
 .bss           0x1fff824a        0x1 .\CortexM3\ARM_GCC_541\Debug\AS76_FFP6.a(QuadDec_Y_Cnt16.o)
                0x1fff824a                QuadDec_Y_Cnt16_initVar
 .bss           0x1fff824b        0x1 .\CortexM3\ARM_GCC_541\Debug\AS76_FFP6.a(wait_timer.o)
                0x1fff824b                wait_timer_initVar
 .bss.__malloc_sbrk_start
                0x1fff824c        0x4 c:/program files (x86)/cypress/psoc creator/4.4/psoc creator/import/gnu/arm/5.4.1/bin/../lib/gcc/arm-none-eabi/5.4.1/../../../../arm-none-eabi/lib/armv7-m\libg_nano.a(lib_a-nano-mallocr.o)
                0x1fff824c                __malloc_sbrk_start
 .bss.__malloc_free_list
                0x1fff8250        0x4 c:/program files (x86)/cypress/psoc creator/4.4/psoc creator/import/gnu/arm/5.4.1/bin/../lib/gcc/arm-none-eabi/5.4.1/../../../../arm-none-eabi/lib/armv7-m\libg_nano.a(lib_a-nano-mallocr.o)
                0x1fff8250                __malloc_free_list
 *(COMMON)
 COMMON         0x1fff8254       0x82 .\CortexM3\ARM_GCC_541\Debug\main.o
                0x1fff8254                Is_Slide_On_Gripper
                0x1fff8258                USB_received
                0x1fff8298                count
                0x1fff829c                USB_transmit
 *fill*         0x1fff82d6        0x2 
 COMMON         0x1fff82d8        0x4 .\CortexM3\ARM_GCC_541\Debug\AS76.o
                0x1fff82d8                command
 COMMON         0x1fff82dc        0x7 .\CortexM3\ARM_GCC_541\Debug\APA102.o
                0x1fff82dc                SPI_RGB_DATA
                0x1fff82e0                i
                0x1fff82e1                G
                0x1fff82e2                R
 *fill*         0x1fff82e3        0x1 
 COMMON         0x1fff82e4       0x18 .\CortexM3\ARM_GCC_541\Debug\AS76_FFP6.a(SPIM.o)
                0x1fff82e4                SPIM_rxBufferFull
                0x1fff82e8                SPIM_txBuffer
                0x1fff82ed                SPIM_swStatusTx
                0x1fff82f0                SPIM_rxBuffer
                0x1fff82f6                SPIM_txBufferFull
                0x1fff82f7                SPIM_txBufferRead
                0x1fff82f8                SPIM_rxBufferWrite
                0x1fff82f9                SPIM_txBufferWrite
                0x1fff82fa                SPIM_rxBufferRead
                0x1fff82fb                SPIM_swStatusRx
 COMMON         0x1fff82fc       0x16 .\CortexM3\ARM_GCC_541\Debug\AS76_FFP6.a(USB_cdc.o)
                0x1fff82fc                USB_linesControlBitmap
                0x1fff8300                USB_cdcCommInInterruptEp
                0x1fff8304                USB_serialStateBitmap
                0x1fff8308                USB_cdcDataOutEp
                0x1fff830c                USB_cdcDataInEp
                0x1fff8310                USB_linesChanged
 *fill*         0x1fff8312        0x2 
 COMMON         0x1fff8314       0x98 .\CortexM3\ARM_GCC_541\Debug\AS76_FFP6.a(USB_drv.o)
                0x1fff8314                USB_transferState
                0x1fff8315                USB_interfaceNumber
                0x1fff8316                USB_lastPacketSize
                0x1fff8318                USB_interfaceClass
                0x1fff831c                USB_interfaceSetting
                0x1fff831e                USB_ep0Mode
                0x1fff831f                USB_device
                0x1fff8320                USB_deviceAddress
                0x1fff8321                USB_ep0Toggle
                0x1fff8324                USB_interfaceSettingLast
                0x1fff8326                USB_configurationChanged
                0x1fff8328                USB_interfaceStatus
                0x1fff832a                USB_transferByteCount
                0x1fff832c                USB_configuration
                0x1fff8330                USB_currentTD
                0x1fff833c                USB_ep0Count
                0x1fff833d                USB_deviceStatus
                0x1fff8340                USB_EP
 COMMON         0x1fff83ac        0xa .\CortexM3\ARM_GCC_541\Debug\AS76_FFP6.a(USB_hid.o)
                0x1fff83ac                USB_hidProtocol
                0x1fff83b0                USB_hidIdleRate
                0x1fff83b4                USB_hidIdleTimer
 *fill*         0x1fff83b6        0x2 
 COMMON         0x1fff83b8       0x40 .\CortexM3\ARM_GCC_541\Debug\AS76_FFP6.a(UART_PCB_LOG.o)
                0x1fff83b8                UART_PCB_LOG_rxBuffer
 COMMON         0x1fff83f8       0x22 .\CortexM3\ARM_GCC_541\Debug\AS76_FFP6.a(USB_descr.o)
                0x1fff83f8                USB_idSerialNumberStringDescriptor
 *fill*         0x1fff841a        0x2 
 COMMON         0x1fff841c        0x4 c:/program files (x86)/cypress/psoc creator/4.4/psoc creator/import/gnu/arm/5.4.1/bin/../lib/gcc/arm-none-eabi/5.4.1/../../../../arm-none-eabi/lib/armv7-m\libg_nano.a(lib_a-reent.o)
                0x1fff841c                errno
                0x1fff8420                . = ALIGN (0x8)
 *(.ram.b)
                0x1fff8420                _end = .
                0x1fff8420                __end = .
                0x1fff8420                PROVIDE (end, .)
                0x1fff8420                PROVIDE (__bss_end__, .)
                0x00009458                __cy_region_init_ram = LOADADDR (.data)
                0x000000d0                __cy_region_init_size_ram = (_edata - ADDR (.data))
                0x00000288                __cy_region_zero_size_ram = (_end - _edata)

.heap           0x1fff8420       0x80 load address 0x00009528
                0x1fff8420                . = _end
                0x1fff84a0                . = (. + 0x80)
 *fill*         0x1fff8420       0x80 
                0x1fff84a0                __cy_heap_limit = .

.stack          0x20007800      0x800
                0x20007800                __cy_stack_limit = .
                0x20008000                . = (. + 0x800)
 *fill*         0x20007800      0x800 
                0x00000001                ASSERT ((__cy_stack_limit >= __cy_heap_limit), region RAM overflowed with stack)
                0x00000000                cy_checksum_exclude_size = (CY_APPL_LOADABLE == 0x1)?SIZEOF (.cy_checksum_exclude):0x0
                0x00000001                ASSERT ((cy_checksum_exclude_size <= CY_CHECKSUM_EXCLUDE_SIZE), CY_BOOT: Section .cy_checksum_exclude size exceedes specified limit.)

.cyloadermeta
 *(.cyloadermeta)

.cyloadablemeta
 *(.cyloadablemeta)

.cyconfigecc
 *(.cyconfigecc)

.cycustnvl      0x90000000        0x4
 *(.cycustnvl)
 .cycustnvl     0x90000000        0x4 .\CortexM3\ARM_GCC_541\Debug\cymetadata.o
                0x90000000                cy_meta_custnvl

.cywolatch      0x90100000        0x4
 *(.cywolatch)
 .cywolatch     0x90100000        0x4 .\CortexM3\ARM_GCC_541\Debug\cymetadata.o
                0x90100000                cy_meta_wonvl

.cyeeprom       0x90200000        0x0
 *(.cyeeprom)
                0x00000001                ASSERT ((. <= ((0x90200000 + ee_offset) + ee_size)), .cyeeprom data will not fit in EEPROM)

.cyflashprotect
                0x90400000      0x100
 *(.cyflashprotect)
 .cyflashprotect
                0x90400000      0x100 .\CortexM3\ARM_GCC_541\Debug\cymetadata.o
                0x90400000                cy_meta_flashprotect

.cymeta         0x90500000        0xc
 *(.cymeta)
 .cymeta        0x90500000        0xc .\CortexM3\ARM_GCC_541\Debug\cymetadata.o
                0x90500000                cy_metadata

.rel.dyn        0x00009528        0x0 load address 0x9050000c
 .rel.iplt      0x00009528        0x0 c:/program files (x86)/cypress/psoc creator/4.4/psoc creator/import/gnu/arm/5.4.1/bin/../lib/gcc/arm-none-eabi/5.4.1/armv7-m/crtbegin.o

.stab
 *(.stab)

.stabstr
 *(.stabstr)

.debug
 *(.debug)

.line
 *(.line)

.debug_srcinfo
 *(.debug_srcinfo)

.debug_sfnames
 *(.debug_sfnames)

.debug_aranges  0x00000000     0x1770
 *(.debug_aranges)
 .debug_aranges
                0x00000000       0x20 .\CortexM3\ARM_GCC_541\Debug\main.o
 .debug_aranges
                0x00000020      0x1a0 .\CortexM3\ARM_GCC_541\Debug\AS76.o
 .debug_aranges
                0x000001c0       0x48 .\CortexM3\ARM_GCC_541\Debug\APA102.o
 .debug_aranges
                0x00000208       0x60 .\CortexM3\ARM_GCC_541\Debug\cyfitter_cfg.o
 .debug_aranges
                0x00000268       0x18 .\CortexM3\ARM_GCC_541\Debug\cymetadata.o
 .debug_aranges
                0x00000280       0x48 .\CortexM3\ARM_GCC_541\Debug\Cm3Start.o
 .debug_aranges
                0x000002c8       0x38 .\CortexM3\ARM_GCC_541\Debug\AS76_FFP6.a(Pin_CSMotorX.o)
 .debug_aranges
                0x00000300       0x38 .\CortexM3\ARM_GCC_541\Debug\AS76_FFP6.a(Pin_CSMotorY.o)
 .debug_aranges
                0x00000338       0x38 .\CortexM3\ARM_GCC_541\Debug\AS76_FFP6.a(Pin_CSMotorZ.o)
 .debug_aranges
                0x00000370       0xd8 .\CortexM3\ARM_GCC_541\Debug\AS76_FFP6.a(SPIM.o)
 .debug_aranges
                0x00000448       0x28 .\CortexM3\ARM_GCC_541\Debug\AS76_FFP6.a(SPIM_INT.o)
 .debug_aranges
                0x00000470      0x2a0 .\CortexM3\ARM_GCC_541\Debug\AS76_FFP6.a(CyLib.o)
 .debug_aranges
                0x00000710       0x98 .\CortexM3\ARM_GCC_541\Debug\AS76_FFP6.a(cyPm.o)
 .debug_aranges
                0x000007a8       0xc8 .\CortexM3\ARM_GCC_541\Debug\AS76_FFP6.a(USB.o)
 .debug_aranges
                0x00000870       0xe8 .\CortexM3\ARM_GCC_541\Debug\AS76_FFP6.a(USB_cdc.o)
 .debug_aranges
                0x00000958       0x98 .\CortexM3\ARM_GCC_541\Debug\AS76_FFP6.a(USB_drv.o)
 .debug_aranges
                0x000009f0       0x40 .\CortexM3\ARM_GCC_541\Debug\AS76_FFP6.a(USB_episr.o)
 .debug_aranges
                0x00000a30       0x48 .\CortexM3\ARM_GCC_541\Debug\AS76_FFP6.a(USB_hid.o)
 .debug_aranges
                0x00000a78       0x40 .\CortexM3\ARM_GCC_541\Debug\AS76_FFP6.a(USB_pm.o)
 .debug_aranges
                0x00000ab8       0x80 .\CortexM3\ARM_GCC_541\Debug\AS76_FFP6.a(USB_std.o)
 .debug_aranges
                0x00000b38       0x20 .\CortexM3\ARM_GCC_541\Debug\AS76_FFP6.a(USB_vnd.o)
 .debug_aranges
                0x00000b58       0x48 .\CortexM3\ARM_GCC_541\Debug\AS76_FFP6.a(USB_Dp.o)
 .debug_aranges
                0x00000ba0       0x78 .\CortexM3\ARM_GCC_541\Debug\AS76_FFP6.a(PWM_CondenserLED.o)
 .debug_aranges
                0x00000c18       0x70 .\CortexM3\ARM_GCC_541\Debug\AS76_FFP6.a(SPIM_IntClock.o)
 .debug_aranges
                0x00000c88       0x60 .\CortexM3\ARM_GCC_541\Debug\AS76_FFP6.a(QuadDec_X.o)
 .debug_aranges
                0x00000ce8       0x20 .\CortexM3\ARM_GCC_541\Debug\AS76_FFP6.a(QuadDec_X_INT.o)
 .debug_aranges
                0x00000d08       0x98 .\CortexM3\ARM_GCC_541\Debug\AS76_FFP6.a(QuadDec_X_Cnt16.o)
 .debug_aranges
                0x00000da0       0xf0 .\CortexM3\ARM_GCC_541\Debug\AS76_FFP6.a(UART_PCB_LOG.o)
 .debug_aranges
                0x00000e90       0x20 .\CortexM3\ARM_GCC_541\Debug\AS76_FFP6.a(UART_PCB_LOG_INT.o)
 .debug_aranges
                0x00000eb0       0x70 .\CortexM3\ARM_GCC_541\Debug\AS76_FFP6.a(UART_PCB_LOG_IntClock.o)
 .debug_aranges
                0x00000f20       0x38 .\CortexM3\ARM_GCC_541\Debug\AS76_FFP6.a(Pin_Backlight.o)
 .debug_aranges
                0x00000f58       0x38 .\CortexM3\ARM_GCC_541\Debug\AS76_FFP6.a(LED2.o)
 .debug_aranges
                0x00000f90       0x38 .\CortexM3\ARM_GCC_541\Debug\AS76_FFP6.a(Pin_CSMotorO.o)
 .debug_aranges
                0x00000fc8       0x38 .\CortexM3\ARM_GCC_541\Debug\AS76_FFP6.a(Pin_CSMotorT.o)
 .debug_aranges
                0x00001000       0x60 .\CortexM3\ARM_GCC_541\Debug\AS76_FFP6.a(QuadDec_TZ.o)
 .debug_aranges
                0x00001060       0x20 .\CortexM3\ARM_GCC_541\Debug\AS76_FFP6.a(QuadDec_TZ_INT.o)
 .debug_aranges
                0x00001080       0x78 .\CortexM3\ARM_GCC_541\Debug\AS76_FFP6.a(PWM_Buzzer.o)
 .debug_aranges
                0x000010f8       0x60 .\CortexM3\ARM_GCC_541\Debug\AS76_FFP6.a(QuadDec_Y.o)
 .debug_aranges
                0x00001158       0x20 .\CortexM3\ARM_GCC_541\Debug\AS76_FFP6.a(QuadDec_Y_INT.o)
 .debug_aranges
                0x00001178       0x78 .\CortexM3\ARM_GCC_541\Debug\AS76_FFP6.a(PWM_BarcodeCondenser_LED.o)
 .debug_aranges
                0x000011f0       0x38 .\CortexM3\ARM_GCC_541\Debug\AS76_FFP6.a(LED3.o)
 .debug_aranges
                0x00001228       0x28 .\CortexM3\ARM_GCC_541\Debug\AS76_FFP6.a(Encoder_T_Z_Select.o)
 .debug_aranges
                0x00001250       0x38 .\CortexM3\ARM_GCC_541\Debug\AS76_FFP6.a(TMC5160_MotorX_EN.o)
 .debug_aranges
                0x00001288       0x38 .\CortexM3\ARM_GCC_541\Debug\AS76_FFP6.a(TMC5160_MotorY_EN.o)
 .debug_aranges
                0x000012c0       0x38 .\CortexM3\ARM_GCC_541\Debug\AS76_FFP6.a(TMC5160_MotorZ_EN.o)
 .debug_aranges
                0x000012f8       0x38 .\CortexM3\ARM_GCC_541\Debug\AS76_FFP6.a(TMC5160_MotorT_EN.o)
 .debug_aranges
                0x00001330       0x38 .\CortexM3\ARM_GCC_541\Debug\AS76_FFP6.a(TMC5160_MotorO_EN.o)
 .debug_aranges
                0x00001368       0x98 .\CortexM3\ARM_GCC_541\Debug\AS76_FFP6.a(QuadDec_TZ_Cnt16.o)
 .debug_aranges
                0x00001400       0x98 .\CortexM3\ARM_GCC_541\Debug\AS76_FFP6.a(QuadDec_Y_Cnt16.o)
 .debug_aranges
                0x00001498       0x88 .\CortexM3\ARM_GCC_541\Debug\AS76_FFP6.a(wait_timer.o)
 .debug_aranges
                0x00001520       0x80 .\CortexM3\ARM_GCC_541\Debug\AS76_FFP6.a(wait_interrupt.o)
 .debug_aranges
                0x000015a0       0x38 .\CortexM3\ARM_GCC_541\Debug\AS76_FFP6.a(Pin_SDO_RGB.o)
 .debug_aranges
                0x000015d8       0x38 .\CortexM3\ARM_GCC_541\Debug\AS76_FFP6.a(Pin_Clock_RGB.o)
 .debug_aranges
                0x00001610       0x20 .\CortexM3\ARM_GCC_541\Debug\AS76_FFP6.a(CyBootAsmGnu.o)
 .debug_aranges
                0x00001630       0x88 .\CortexM3\ARM_GCC_541\Debug\AS76_FFP6.a(CyFlash.o)
 .debug_aranges
                0x000016b8       0x80 .\CortexM3\ARM_GCC_541\Debug\AS76_FFP6.a(CySpc.o)
 .debug_aranges
                0x00001738       0x20 .\CortexM3\ARM_GCC_541\Debug\AS76_FFP6.a(USB_cls.o)
 .debug_aranges
                0x00001758       0x18 .\CortexM3\ARM_GCC_541\Debug\AS76_FFP6.a(USB_descr.o)

.debug_pubnames
 *(.debug_pubnames)

.debug_info     0x00000000    0x127f1
 *(.debug_info .gnu.linkonce.wi.*)
 .debug_info    0x00000000      0x5de .\CortexM3\ARM_GCC_541\Debug\main.o
 .debug_info    0x000005de     0x550a .\CortexM3\ARM_GCC_541\Debug\AS76.o
 .debug_info    0x00005ae8     0x134e .\CortexM3\ARM_GCC_541\Debug\APA102.o
 .debug_info    0x00006e36      0x7ff .\CortexM3\ARM_GCC_541\Debug\cyfitter_cfg.o
 .debug_info    0x00007635      0x10e .\CortexM3\ARM_GCC_541\Debug\cymetadata.o
 .debug_info    0x00007743      0x3bb .\CortexM3\ARM_GCC_541\Debug\Cm3Start.o
 .debug_info    0x00007afe      0x11f .\CortexM3\ARM_GCC_541\Debug\AS76_FFP6.a(Pin_CSMotorX.o)
 .debug_info    0x00007c1d      0x11f .\CortexM3\ARM_GCC_541\Debug\AS76_FFP6.a(Pin_CSMotorY.o)
 .debug_info    0x00007d3c      0x11f .\CortexM3\ARM_GCC_541\Debug\AS76_FFP6.a(Pin_CSMotorZ.o)
 .debug_info    0x00007e5b      0x719 .\CortexM3\ARM_GCC_541\Debug\AS76_FFP6.a(SPIM.o)
 .debug_info    0x00008574      0x19d .\CortexM3\ARM_GCC_541\Debug\AS76_FFP6.a(SPIM_INT.o)
 .debug_info    0x00008711     0x1374 .\CortexM3\ARM_GCC_541\Debug\AS76_FFP6.a(CyLib.o)
 .debug_info    0x00009a85      0xa2a .\CortexM3\ARM_GCC_541\Debug\AS76_FFP6.a(cyPm.o)
 .debug_info    0x0000a4af      0x9c1 .\CortexM3\ARM_GCC_541\Debug\AS76_FFP6.a(USB.o)
 .debug_info    0x0000ae70      0xaf7 .\CortexM3\ARM_GCC_541\Debug\AS76_FFP6.a(USB_cdc.o)
 .debug_info    0x0000b967      0x655 .\CortexM3\ARM_GCC_541\Debug\AS76_FFP6.a(USB_drv.o)
 .debug_info    0x0000bfbc      0x254 .\CortexM3\ARM_GCC_541\Debug\AS76_FFP6.a(USB_episr.o)
 .debug_info    0x0000c210      0x43b .\CortexM3\ARM_GCC_541\Debug\AS76_FFP6.a(USB_hid.o)
 .debug_info    0x0000c64b      0x2e4 .\CortexM3\ARM_GCC_541\Debug\AS76_FFP6.a(USB_pm.o)
 .debug_info    0x0000c92f      0xb36 .\CortexM3\ARM_GCC_541\Debug\AS76_FFP6.a(USB_std.o)
 .debug_info    0x0000d465      0x1be .\CortexM3\ARM_GCC_541\Debug\AS76_FFP6.a(USB_vnd.o)
 .debug_info    0x0000d623      0x174 .\CortexM3\ARM_GCC_541\Debug\AS76_FFP6.a(USB_Dp.o)
 .debug_info    0x0000d797      0x27e .\CortexM3\ARM_GCC_541\Debug\AS76_FFP6.a(PWM_CondenserLED.o)
 .debug_info    0x0000da15      0x283 .\CortexM3\ARM_GCC_541\Debug\AS76_FFP6.a(SPIM_IntClock.o)
 .debug_info    0x0000dc98      0x357 .\CortexM3\ARM_GCC_541\Debug\AS76_FFP6.a(QuadDec_X.o)
 .debug_info    0x0000dfef       0xf3 .\CortexM3\ARM_GCC_541\Debug\AS76_FFP6.a(QuadDec_X_INT.o)
 .debug_info    0x0000e0e2      0x348 .\CortexM3\ARM_GCC_541\Debug\AS76_FFP6.a(QuadDec_X_Cnt16.o)
 .debug_info    0x0000e42a      0x72d .\CortexM3\ARM_GCC_541\Debug\AS76_FFP6.a(UART_PCB_LOG.o)
 .debug_info    0x0000eb57      0x14c .\CortexM3\ARM_GCC_541\Debug\AS76_FFP6.a(UART_PCB_LOG_INT.o)
 .debug_info    0x0000eca3      0x283 .\CortexM3\ARM_GCC_541\Debug\AS76_FFP6.a(UART_PCB_LOG_IntClock.o)
 .debug_info    0x0000ef26      0x11f .\CortexM3\ARM_GCC_541\Debug\AS76_FFP6.a(Pin_Backlight.o)
 .debug_info    0x0000f045      0x11f .\CortexM3\ARM_GCC_541\Debug\AS76_FFP6.a(LED2.o)
 .debug_info    0x0000f164      0x11f .\CortexM3\ARM_GCC_541\Debug\AS76_FFP6.a(Pin_CSMotorO.o)
 .debug_info    0x0000f283      0x11f .\CortexM3\ARM_GCC_541\Debug\AS76_FFP6.a(Pin_CSMotorT.o)
 .debug_info    0x0000f3a2      0x357 .\CortexM3\ARM_GCC_541\Debug\AS76_FFP6.a(QuadDec_TZ.o)
 .debug_info    0x0000f6f9       0xf3 .\CortexM3\ARM_GCC_541\Debug\AS76_FFP6.a(QuadDec_TZ_INT.o)
 .debug_info    0x0000f7ec      0x27f .\CortexM3\ARM_GCC_541\Debug\AS76_FFP6.a(PWM_Buzzer.o)
 .debug_info    0x0000fa6b      0x357 .\CortexM3\ARM_GCC_541\Debug\AS76_FFP6.a(QuadDec_Y.o)
 .debug_info    0x0000fdc2       0xf3 .\CortexM3\ARM_GCC_541\Debug\AS76_FFP6.a(QuadDec_Y_INT.o)
 .debug_info    0x0000feb5      0x27e .\CortexM3\ARM_GCC_541\Debug\AS76_FFP6.a(PWM_BarcodeCondenser_LED.o)
 .debug_info    0x00010133      0x11f .\CortexM3\ARM_GCC_541\Debug\AS76_FFP6.a(LED3.o)
 .debug_info    0x00010252       0xd6 .\CortexM3\ARM_GCC_541\Debug\AS76_FFP6.a(Encoder_T_Z_Select.o)
 .debug_info    0x00010328      0x11f .\CortexM3\ARM_GCC_541\Debug\AS76_FFP6.a(TMC5160_MotorX_EN.o)
 .debug_info    0x00010447      0x11f .\CortexM3\ARM_GCC_541\Debug\AS76_FFP6.a(TMC5160_MotorY_EN.o)
 .debug_info    0x00010566      0x11f .\CortexM3\ARM_GCC_541\Debug\AS76_FFP6.a(TMC5160_MotorZ_EN.o)
 .debug_info    0x00010685      0x11f .\CortexM3\ARM_GCC_541\Debug\AS76_FFP6.a(TMC5160_MotorT_EN.o)
 .debug_info    0x000107a4      0x11f .\CortexM3\ARM_GCC_541\Debug\AS76_FFP6.a(TMC5160_MotorO_EN.o)
 .debug_info    0x000108c3      0x348 .\CortexM3\ARM_GCC_541\Debug\AS76_FFP6.a(QuadDec_TZ_Cnt16.o)
 .debug_info    0x00010c0b      0x348 .\CortexM3\ARM_GCC_541\Debug\AS76_FFP6.a(QuadDec_Y_Cnt16.o)
 .debug_info    0x00010f53      0x295 .\CortexM3\ARM_GCC_541\Debug\AS76_FFP6.a(wait_timer.o)
 .debug_info    0x000111e8      0x2d2 .\CortexM3\ARM_GCC_541\Debug\AS76_FFP6.a(wait_interrupt.o)
 .debug_info    0x000114ba      0x11f .\CortexM3\ARM_GCC_541\Debug\AS76_FFP6.a(Pin_SDO_RGB.o)
 .debug_info    0x000115d9      0x11f .\CortexM3\ARM_GCC_541\Debug\AS76_FFP6.a(Pin_Clock_RGB.o)
 .debug_info    0x000116f8       0x92 .\CortexM3\ARM_GCC_541\Debug\AS76_FFP6.a(CyBootAsmGnu.o)
 .debug_info    0x0001178a      0x62d .\CortexM3\ARM_GCC_541\Debug\AS76_FFP6.a(CyFlash.o)
 .debug_info    0x00011db7      0x53c .\CortexM3\ARM_GCC_541\Debug\AS76_FFP6.a(CySpc.o)
 .debug_info    0x000122f3      0x1f2 .\CortexM3\ARM_GCC_541\Debug\AS76_FFP6.a(USB_cls.o)
 .debug_info    0x000124e5      0x30c .\CortexM3\ARM_GCC_541\Debug\AS76_FFP6.a(USB_descr.o)

.debug_abbrev   0x00000000     0x3c9c