Archive member included to satisfy reference by file (symbol)

.\CortexM3\ARM_GCC_541\Debug\AS76_FFP9_6_GSV2.a(Pin_CSMotorX.o)
                              .\CortexM3\ARM_GCC_541\Debug\AS76.o (Pin_CSMotorX_Write)
.\CortexM3\ARM_GCC_541\Debug\AS76_FFP9_6_GSV2.a(Pin_CSMotorY.o)
                              .\CortexM3\ARM_GCC_541\Debug\AS76.o (Pin_CSMotorY_Write)
.\CortexM3\ARM_GCC_541\Debug\AS76_FFP9_6_GSV2.a(Pin_CSMotorZ.o)
                              .\CortexM3\ARM_GCC_541\Debug\AS76.o (Pin_CSMotorZ_Write)
.\CortexM3\ARM_GCC_541\Debug\AS76_FFP9_6_GSV2.a(SPIM.o)
                              .\CortexM3\ARM_GCC_541\Debug\AS76.o (SPIM_WriteTxData)
.\CortexM3\ARM_GCC_541\Debug\AS76_FFP9_6_GSV2.a(SPIM_INT.o)
                              .\CortexM3\ARM_GCC_541\Debug\AS76_FFP9_6_GSV2.a(SPIM.o) (SPIM_TX_ISR)
.\CortexM3\ARM_GCC_541\Debug\AS76_FFP9_6_GSV2.a(CyLib.o)
                              .\CortexM3\ARM_GCC_541\Debug\Cm3Start.o (CyHalt)
.\CortexM3\ARM_GCC_541\Debug\AS76_FFP9_6_GSV2.a(cyPm.o)
                              .\CortexM3\ARM_GCC_541\Debug\AS76_FFP9_6_GSV2.a(CyLib.o) (CyPmReadStatus)
.\CortexM3\ARM_GCC_541\Debug\AS76_FFP9_6_GSV2.a(USB.o)
                              .\CortexM3\ARM_GCC_541\Debug\AS76.o (USB_Start)
.\CortexM3\ARM_GCC_541\Debug\AS76_FFP9_6_GSV2.a(USB_cdc.o)
                              .\CortexM3\ARM_GCC_541\Debug\AS76.o (USB_CDC_Init)
.\CortexM3\ARM_GCC_541\Debug\AS76_FFP9_6_GSV2.a(USB_drv.o)
                              .\CortexM3\ARM_GCC_541\Debug\AS76_FFP9_6_GSV2.a(USB.o) (USB_lastPacketSize)
.\CortexM3\ARM_GCC_541\Debug\AS76_FFP9_6_GSV2.a(USB_episr.o)
                              .\CortexM3\ARM_GCC_541\Debug\AS76_FFP9_6_GSV2.a(USB.o) (USB_EP_1_ISR)
.\CortexM3\ARM_GCC_541\Debug\AS76_FFP9_6_GSV2.a(USB_hid.o)
                              .\CortexM3\ARM_GCC_541\Debug\AS76_FFP9_6_GSV2.a(USB.o) (USB_hidProtocol)
.\CortexM3\ARM_GCC_541\Debug\AS76_FFP9_6_GSV2.a(USB_pm.o)
                              .\CortexM3\ARM_GCC_541\Debug\AS76_FFP9_6_GSV2.a(USB.o) (USB_DP_ISR)
.\CortexM3\ARM_GCC_541\Debug\AS76_FFP9_6_GSV2.a(USB_std.o)
                              .\CortexM3\ARM_GCC_541\Debug\AS76_FFP9_6_GSV2.a(USB_pm.o) (USB_ConfigReg)
.\CortexM3\ARM_GCC_541\Debug\AS76_FFP9_6_GSV2.a(USB_vnd.o)
                              .\CortexM3\ARM_GCC_541\Debug\AS76_FFP9_6_GSV2.a(USB_drv.o) (USB_HandleVendorRqst)
.\CortexM3\ARM_GCC_541\Debug\AS76_FFP9_6_GSV2.a(USB_Dp.o)
                              .\CortexM3\ARM_GCC_541\Debug\AS76_FFP9_6_GSV2.a(USB.o) (USB_Dp_ClearInterrupt)
.\CortexM3\ARM_GCC_541\Debug\AS76_FFP9_6_GSV2.a(PWM_CondenserLED.o)
                              .\CortexM3\ARM_GCC_541\Debug\main.o (PWM_CondenserLED_WriteCompare)
.\CortexM3\ARM_GCC_541\Debug\AS76_FFP9_6_GSV2.a(SPIM_IntClock.o)
                              .\CortexM3\ARM_GCC_541\Debug\AS76_FFP9_6_GSV2.a(SPIM.o) (SPIM_IntClock_Start)
.\CortexM3\ARM_GCC_541\Debug\AS76_FFP9_6_GSV2.a(QuadDec_X.o)
                              .\CortexM3\ARM_GCC_541\Debug\AS76.o (QuadDec_X_GetCounter)
.\CortexM3\ARM_GCC_541\Debug\AS76_FFP9_6_GSV2.a(QuadDec_X_INT.o)
                              .\CortexM3\ARM_GCC_541\Debug\AS76_FFP9_6_GSV2.a(QuadDec_X.o) (QuadDec_X_ISR)
.\CortexM3\ARM_GCC_541\Debug\AS76_FFP9_6_GSV2.a(QuadDec_X_Cnt16.o)
                              .\CortexM3\ARM_GCC_541\Debug\AS76_FFP9_6_GSV2.a(QuadDec_X.o) (QuadDec_X_Cnt16_Stop)
.\CortexM3\ARM_GCC_541\Debug\AS76_FFP9_6_GSV2.a(UART_PCB_LOG.o)
                              .\CortexM3\ARM_GCC_541\Debug\main.o (UART_PCB_LOG_Start)
.\CortexM3\ARM_GCC_541\Debug\AS76_FFP9_6_GSV2.a(UART_PCB_LOG_INT.o)
                              .\CortexM3\ARM_GCC_541\Debug\AS76_FFP9_6_GSV2.a(UART_PCB_LOG.o) (UART_PCB_LOG_RXISR)
.\CortexM3\ARM_GCC_541\Debug\AS76_FFP9_6_GSV2.a(UART_PCB_LOG_IntClock.o)
                              .\CortexM3\ARM_GCC_541\Debug\AS76_FFP9_6_GSV2.a(UART_PCB_LOG.o) (UART_PCB_LOG_IntClock_Start)
.\CortexM3\ARM_GCC_541\Debug\AS76_FFP9_6_GSV2.a(Pin_Backlight.o)
                              .\CortexM3\ARM_GCC_541\Debug\main.o (Pin_Backlight_Write)
.\CortexM3\ARM_GCC_541\Debug\AS76_FFP9_6_GSV2.a(LED2.o)
                              .\CortexM3\ARM_GCC_541\Debug\main.o (LED2_Write)
.\CortexM3\ARM_GCC_541\Debug\AS76_FFP9_6_GSV2.a(Pin_CSMotorO.o)
                              .\CortexM3\ARM_GCC_541\Debug\AS76.o (Pin_CSMotorO_Write)
.\CortexM3\ARM_GCC_541\Debug\AS76_FFP9_6_GSV2.a(Pin_CSMotorT.o)
                              .\CortexM3\ARM_GCC_541\Debug\AS76.o (Pin_CSMotorT_Write)
.\CortexM3\ARM_GCC_541\Debug\AS76_FFP9_6_GSV2.a(QuadDec_TZ.o)
                              .\CortexM3\ARM_GCC_541\Debug\AS76.o (QuadDec_TZ_GetCounter)
.\CortexM3\ARM_GCC_541\Debug\AS76_FFP9_6_GSV2.a(QuadDec_TZ_INT.o)
                              .\CortexM3\ARM_GCC_541\Debug\AS76_FFP9_6_GSV2.a(QuadDec_TZ.o) (QuadDec_TZ_ISR)
.\CortexM3\ARM_GCC_541\Debug\AS76_FFP9_6_GSV2.a(PWM_Buzzer.o)
                              .\CortexM3\ARM_GCC_541\Debug\AS76.o (PWM_Buzzer_WriteCompare)
[...]
Memory Configuration

Name             Origin             Length             Attributes
rom              0x00000000         0x00040000         xr
ram              0x1fff8000         0x00010000         xrw
*default*        0x00000000         0xffffffff

Linker script and memory map

LOAD c:/program files (x86)/cypress/psoc creator/4.4/psoc creator/import/gnu/arm/5.4.1/bin/../lib/gcc/arm-none-eabi/5.4.1/armv7-m/crti.o
LOAD c:/program files (x86)/cypress/psoc creator/4.4/psoc creator/import/gnu/arm/5.4.1/bin/../lib/gcc/arm-none-eabi/5.4.1/armv7-m/crtbegin.o
LOAD c:/program files (x86)/cypress/psoc creator/4.4/psoc creator/import/gnu/arm/5.4.1/bin/../lib/gcc/arm-none-eabi/5.4.1/../../../../arm-none-eabi/lib/armv7-m/crt0.o
START GROUP
LOAD .\CortexM3\ARM_GCC_541\Debug\main.o
LOAD .\CortexM3\ARM_GCC_541\Debug\AS76.o
LOAD .\CortexM3\ARM_GCC_541\Debug\APA102.o
LOAD .\CortexM3\ARM_GCC_541\Debug\cyfitter_cfg.o
LOAD .\CortexM3\ARM_GCC_541\Debug\cymetadata.o
LOAD .\CortexM3\ARM_GCC_541\Debug\Cm3Start.o
LOAD .\CortexM3\ARM_GCC_541\Debug\AS76_FFP9_6_GSV2.a
LOAD C:\Program Files (x86)\Cypress\PSoC Creator\4.4\PSoC Creator\psoc\content\cycomponentlibrary\CyComponentLibrary.cylib\CortexM3\ARM_GCC_541\Debug\CyComponentLibrary.a
LOAD c:/program files (x86)/cypress/psoc creator/4.4/psoc creator/import/gnu/arm/5.4.1/bin/../lib/gcc/arm-none-eabi/5.4.1/../../../../arm-none-eabi/lib/armv7-m\libm.a
END GROUP
START GROUP
LOAD c:/program files (x86)/cypress/psoc creator/4.4/psoc creator/import/gnu/arm/5.4.1/bin/../lib/gcc/arm-none-eabi/5.4.1/armv7-m\libgcc.a
LOAD c:/program files (x86)/cypress/psoc creator/4.4/psoc creator/import/gnu/arm/5.4.1/bin/../lib/gcc/arm-none-eabi/5.4.1/../../../../arm-none-eabi/lib/armv7-m\libg_nano.a
LOAD c:/program files (x86)/cypress/psoc creator/4.4/psoc creator/import/gnu/arm/5.4.1/bin/../lib/gcc/arm-none-eabi/5.4.1/../../../../arm-none-eabi/lib/armv7-m\libc_nano.a
END GROUP
START GROUP
LOAD c:/program files (x86)/cypress/psoc creator/4.4/psoc creator/import/gnu/arm/5.4.1/bin/../lib/gcc/arm-none-eabi/5.4.1/armv7-m\libgcc.a
LOAD c:/program files (x86)/cypress/psoc creator/4.4/psoc creator/import/gnu/arm/5.4.1/bin/../lib/gcc/arm-none-eabi/5.4.1/../../../../arm-none-eabi/lib/armv7-m\libc_nano.a
END GROUP
LOAD c:/program files (x86)/cypress/psoc creator/4.4/psoc creator/import/gnu/arm/5.4.1/bin/../lib/gcc/arm-none-eabi/5.4.1/armv7-m/crtend.o
LOAD c:/program files (x86)/cypress/psoc creator/4.4/psoc creator/import/gnu/arm/5.4.1/bin/../lib/gcc/arm-none-eabi/5.4.1/armv7-m/crtn.o
START GROUP
LOAD c:/program files (x86)/cypress/psoc creator/4.4/psoc creator/import/gnu/arm/5.4.1/bin/../lib/gcc/arm-none-eabi/5.4.1/armv7-m\libgcc.a
LOAD c:/program files (x86)/cypress/psoc creator/4.4/psoc creator/import/gnu/arm/5.4.1/bin/../lib/gcc/arm-none-eabi/5.4.1/../../../../arm-none-eabi/lib/armv7-m\libc.a
LOAD c:/program files (x86)/cypress/psoc creator/4.4/psoc creator/import/gnu/arm/5.4.1/bin/../lib/gcc/arm-none-eabi/5.4.1/../../../../arm-none-eabi/lib/armv7-m\libnosys.a
END GROUP
                0x00000000                CY_APPL_ORIGIN = 0x0
                0x00000100                CY_FLASH_ROW_SIZE = 0x100
                0x00000020                CY_ECC_ROW_SIZE = 0x20
                0x00000000                CY_EE_IN_BTLDR = 0x0
                0x00000000                CY_APPL_LOADABLE = 0x0
                0x00000800                CY_EE_SIZE = 0x800
                0x00000001                CY_APPL_NUM = 0x1
                0x00000001                CY_APPL_MAX = 0x1
                0x00000040                CY_METADATA_SIZE = 0x40
                0x00000000                CY_APPL_LOADABLE = 0x0
                0x00000000                CY_CHECKSUM_EXCLUDE_SIZE = ALIGN (0x0, CY_FLASH_ROW_SIZE)
                [!provide]                PROVIDE (__cy_heap_start, _end)
                0x00000001                PROVIDE (__cy_region_num, ((__cy_regions_end - __cy_regions) / 0x10))
                0x20008000                PROVIDE (__cy_stack, (ORIGIN (ram) + LENGTH (ram)))
                [!provide]                PROVIDE (__cy_heap_end, (__cy_stack - 0x800))

.cybootloader   0x00000000        0x0
 *(.cybootloader)
                0x00000000                appl1_start = CY_APPL_ORIGIN?CY_APPL_ORIGIN:ALIGN (CY_FLASH_ROW_SIZE)
                0x0001ff00                appl2_start = (appl1_start + ALIGN ((((LENGTH (rom) - appl1_start) - (0x2 * CY_FLASH_ROW_SIZE)) / 0x2), CY_FLASH_ROW_SIZE))
                0x00000000                appl_start = (CY_APPL_NUM == 0x1)?appl1_start:appl2_start
                0x00000000                ecc_offset = ((appl_start / CY_FLASH_ROW_SIZE) * CY_ECC_ROW_SIZE)
                0x00000000                ee_offset = (CY_APPL_LOADABLE && ! (CY_EE_IN_BTLDR))?((CY_EE_SIZE / CY_APPL_MAX) * (CY_APPL_NUM - 0x1)):0x0
                0x00000800                ee_size = (CY_APPL_LOADABLE && ! (CY_EE_IN_BTLDR))?(CY_EE_SIZE / CY_APPL_MAX):CY_EE_SIZE
                [!provide]                PROVIDE (CY_ECC_OFFSET, ecc_offset)

.text           0x00000000     0xa0ec
 CREATE_OBJECT_SYMBOLS
                0x00000000                PROVIDE (__cy_interrupt_vector, RomVectors)
 *(.romvectors)
 .romvectors    0x00000000       0x10 .\CortexM3\ARM_GCC_541\Debug\Cm3Start.o
                0x00000000                RomVectors
                0x00000001                ASSERT ((. != __cy_interrupt_vector), No interrupt vector)
                0x00000001                ASSERT (CY_APPL_ORIGIN?(SIZEOF (.cybootloader) <= CY_APPL_ORIGIN):0x1, Wrong image location)
                0x00000010                PROVIDE (__cy_reset, Reset)
 *(.text.Reset)
 .text.Reset    0x00000010       0x18 .\CortexM3\ARM_GCC_541\Debug\Cm3Start.o
                0x00000010                Reset
                0x00000001                ASSERT ((. != __cy_reset), No reset code)
 *(.dma_init)
                0x00000001                ASSERT ((((appl_start + .) <= 0x10000) || 0x1), DMA Init must be within the first 64k of flash)
 *(.text .text.* .gnu.linkonce.t.*)
 .text          0x00000028       0x5c c:/program files (x86)/cypress/psoc creator/4.4/psoc creator/import/gnu/arm/5.4.1/bin/../lib/gcc/arm-none-eabi/5.4.1/armv7-m/crtbegin.o
 .text.main     0x00000084      0x120 .\CortexM3\ARM_GCC_541\Debug\main.o
                0x00000084                main
 .text.wait_interrupt_Handler
                0x000001a4       0x24 .\CortexM3\ARM_GCC_541\Debug\AS76.o
                0x000001a4                wait_interrupt_Handler
 .text.Quad_Timer3
                0x000001c8       0x20 .\CortexM3\ARM_GCC_541\Debug\AS76.o
                0x000001c8                Quad_Timer3
 .text.Quad_Timer_Z
                0x000001e8       0x58 .\CortexM3\ARM_GCC_541\Debug\AS76.o
                0x000001e8                Quad_Timer_Z
 .text.Quad_Timer
                0x00000240       0x2c .\CortexM3\ARM_GCC_541\Debug\AS76.o
                0x00000240                Quad_Timer
 .text.Quad_Timer0
                0x0000026c       0x2c .\CortexM3\ARM_GCC_541\Debug\AS76.o
                0x0000026c                Quad_Timer0
 .text.Quad_Timer1
                0x00000298       0x2c .\CortexM3\ARM_GCC_541\Debug\AS76.o
                0x00000298                Quad_Timer1
 .text.Quad_Timer2
                0x000002c4       0x2c .\CortexM3\ARM_GCC_541\Debug\AS76.o
                0x000002c4                Quad_Timer2
 .text.Initialize_PWM
                0x000002f0       0x50 .\CortexM3\ARM_GCC_541\Debug\AS76.o
                0x000002f0                Initialize_PWM
 .text.Enable_Encoder_T
                0x00000340       0x18 .\CortexM3\ARM_GCC_541\Debug\AS76.o
                0x00000340                Enable_Encoder_T
 .text.Enable_Encoder_Z
                0x00000358       0x18 .\CortexM3\ARM_GCC_541\Debug\AS76.o
                0x00000358                Enable_Encoder_Z
 .text.Initialize_And_Start_All_Opt_Encoder
                0x00000370       0x2c .\CortexM3\ARM_GCC_541\Debug\AS76.o
                0x00000370                Initialize_And_Start_All_Opt_Encoder
 .text.Read_All_Optical_Encoder
                0x0000039c       0x44 .\CortexM3\ARM_GCC_541\Debug\AS76.o
                0x0000039c                Read_All_Optical_Encoder
 .text.Write_Debug_UART_Char
                0x000003e0       0x3c .\CortexM3\ARM_GCC_541\Debug\AS76.o
                0x000003e0                Write_Debug_UART_Char
 .text.Beep_Twice
                0x0000041c       0x40 .\CortexM3\ARM_GCC_541\Debug\AS76.o
                0x0000041c                Beep_Twice
 *fill*         0x0000045c        0x4 
 .text.Send_Feedback_to_USB
                0x00000460      0x300 .\CortexM3\ARM_GCC_541\Debug\AS76.o
                0x00000460                Send_Feedback_to_USB
 .text.Initialize_USB
                0x00000760       0x38 .\CortexM3\ARM_GCC_541\Debug\AS76.o
                0x00000760                Initialize_USB
 .text.Write_Debug_UART_Int
                0x00000798       0x34 .\CortexM3\ARM_GCC_541\Debug\AS76.o
                0x00000798                Write_Debug_UART_Int
 *fill*         0x000007cc        0x4 
 .text.set_BarcodeCondenser_LED
                0x000007d0       0x70 .\CortexM3\ARM_GCC_541\Debug\AS76.o
                0x000007d0                set_BarcodeCondenser_LED
 .text.set_CondenserLED
                0x00000840       0x70 .\CortexM3\ARM_GCC_541\Debug\AS76.o
                0x00000840                set_CondenserLED
 .text.UART_print_all_values
                0x000008b0       0x24 .\CortexM3\ARM_GCC_541\Debug\AS76.o
                0x000008b0                UART_print_all_values
 .text.if_all_homing_done
                0x000008d4       0x74 .\CortexM3\ARM_GCC_541\Debug\AS76.o
                0x000008d4                if_all_homing_done
 .text.Is_USB_Unpluged
                0x00000948       0x40 .\CortexM3\ARM_GCC_541\Debug\AS76.o
                0x00000948                Is_USB_Unpluged
 .text.Data_To_Transfer
                0x00000988       0x10 .\CortexM3\ARM_GCC_541\Debug\AS76.o
                0x00000988                Data_To_Transfer
 .text.SPI_MOTOR_CHIP_SELECT
                0x00000998       0x98 .\CortexM3\ARM_GCC_541\Debug\AS76.o
                0x00000998                SPI_MOTOR_CHIP_SELECT
 .text.Read_32bitSPI_DATA
                0x00000a30       0xec .\CortexM3\ARM_GCC_541\Debug\AS76.o
                0x00000a30                Read_32bitSPI_DATA
 .text.Write_32bitSPI_DATA
                0x00000b1c       0x40 .\CortexM3\ARM_GCC_541\Debug\AS76.o
                0x00000b1c                Write_32bitSPI_DATA
 .text.GotoPos  0x00000b5c       0x28 .\CortexM3\ARM_GCC_541\Debug\AS76.o
                0x00000b5c                GotoPos
 .text.Initialize_Motor
                0x00000b84      0x288 .\CortexM3\ARM_GCC_541\Debug\AS76.o
                0x00000b84                Initialize_Motor
 .text.WaitTillPositionReached
                0x00000e0c       0x58 .\CortexM3\ARM_GCC_541\Debug\AS76.o
                0x00000e0c                WaitTillPositionReached
 *fill*         0x00000e64        0x4 
 .text.Step_correction_x
                0x00000e68      0x190 .\CortexM3\ARM_GCC_541\Debug\AS76.o
                0x00000e68                Step_correction_x
 .text.goTo_X   0x00000ff8       0x7c .\CortexM3\ARM_GCC_541\Debug\AS76.o
                0x00000ff8                goTo_X
 *fill*         0x00001074        0x4 
 .text.Step_correction_y
                0x00001078      0x180 .\CortexM3\ARM_GCC_541\Debug\AS76.o
                0x00001078                Step_correction_y
 .text.goTo_Y   0x000011f8       0x74 .\CortexM3\ARM_GCC_541\Debug\AS76.o
                0x000011f8                goTo_Y
 *fill*         0x0000126c        0x4 
 .text.Step_correction_z
                0x00001270      0x174 .\CortexM3\ARM_GCC_541\Debug\AS76.o
                0x00001270                Step_correction_z
 .text.goTo_Z   0x000013e4       0x84 .\CortexM3\ARM_GCC_541\Debug\AS76.o
                0x000013e4                goTo_Z
 .text.Step_correction_t
                0x00001468       0xf0 .\CortexM3\ARM_GCC_541\Debug\AS76.o
                0x00001468                Step_correction_t
 .text.goTo_T   0x00001558       0x90 .\CortexM3\ARM_GCC_541\Debug\AS76.o
                0x00001558                goTo_T
 .text.goTo_XYZ
                0x000015e8       0xcc .\CortexM3\ARM_GCC_541\Debug\AS76.o
                0x000015e8                goTo_XYZ
 .text.update_max_velocity
                0x000016b4       0x10 .\CortexM3\ARM_GCC_541\Debug\AS76.o
                0x000016b4                update_max_velocity
 .text.homeX    0x000016c4      0x1ec .\CortexM3\ARM_GCC_541\Debug\AS76.o
                0x000016c4                homeX
 .text.homeY    0x000018b0      0x1ec .\CortexM3\ARM_GCC_541\Debug\AS76.o
                0x000018b0                homeY
 .text.homeZ    0x00001a9c      0x1e0 .\CortexM3\ARM_GCC_541\Debug\AS76.o
                0x00001a9c                homeZ
 .text.homeT    0x00001c7c      0x174 .\CortexM3\ARM_GCC_541\Debug\AS76.o
                0x00001c7c                homeT
 .text.run_pump
                0x00001df0      0x1b8 .\CortexM3\ARM_GCC_541\Debug\AS76.o
                0x00001df0                run_pump
 .text.run_pumpvs
                0x00001fa8       0x80 .\CortexM3\ARM_GCC_541\Debug\AS76.o
                0x00001fa8                run_pumpvs
 .text.GsV2     0x00002028       0xc4 .\CortexM3\ARM_GCC_541\Debug\AS76.o
                0x00002028                GsV2
 *fill*         0x000020ec        0x4 
 .text.GsV2_1   0x000020f0      0x26c .\CortexM3\ARM_GCC_541\Debug\AS76.o
                0x000020f0                GsV2_1
 *fill*         0x0000235c        0x4 
 .text.GsV2_2   0x00002360      0x274 .\CortexM3\ARM_GCC_541\Debug\AS76.o
                0x00002360                GsV2_2
 *fill*         0x000025d4        0x4 
 .text.GsV2_LR  0x000025d8      0x2b4 .\CortexM3\ARM_GCC_541\Debug\AS76.o
                0x000025d8                GsV2_LR
 *fill*         0x0000288c        0x4 
 .text.GsV2_2_Z
                0x00002890      0x230 .\CortexM3\ARM_GCC_541\Debug\AS76.o
                0x00002890                GsV2_2_Z
 .text.Process_USB_Data
                0x00002ac0     0x16c0 .\CortexM3\ARM_GCC_541\Debug\AS76.o
                0x00002ac0                Process_USB_Data
 .text.LedFrame
                0x00004180       0x1c .\CortexM3\ARM_GCC_541\Debug\APA102.o
                0x00004180                LedFrame
 .text.RGB_Byte_TxOp
                0x0000419c       0x38 .\CortexM3\ARM_GCC_541\Debug\APA102.o
                0x0000419c                RGB_Byte_TxOp
 .text.BF2      0x000041d4       0x54 .\CortexM3\ARM_GCC_541\Debug\APA102.o
                0x000041d4                BF2
 .text.Ring     0x00004228      0x324 .\CortexM3\ARM_GCC_541\Debug\APA102.o
                0x00004228                Ring
 .text.BF22     0x0000454c      0x2a0 .\CortexM3\ARM_GCC_541\Debug\APA102.o
                0x0000454c                BF22
 .text.CyClockStartupError
                0x000047ec        0x4 .\CortexM3\ARM_GCC_541\Debug\cyfitter_cfg.o
 .text.cfg_write_bytes32
                0x000047f0       0x34 .\CortexM3\ARM_GCC_541\Debug\cyfitter_cfg.o
 .text.AnalogSetDefault
                0x00004824       0x28 .\CortexM3\ARM_GCC_541\Debug\cyfitter_cfg.o
 .text.CYMEMZERO
                0x0000484c        0xc .\CortexM3\ARM_GCC_541\Debug\cyfitter_cfg.o
 .text.CYCONFIGCPYCODE
                0x00004858        0x8 .\CortexM3\ARM_GCC_541\Debug\cyfitter_cfg.o
 .text.CYCONFIGCPY
                0x00004860        0x8 .\CortexM3\ARM_GCC_541\Debug\cyfitter_cfg.o
 .text.ClockSetup
                0x00004868       0xe8 .\CortexM3\ARM_GCC_541\Debug\cyfitter_cfg.o
 .text.cyfitter_cfg
                0x00004950      0x180 .\CortexM3\ARM_GCC_541\Debug\cyfitter_cfg.o
                0x00004950                cyfitter_cfg
 .text.IntDefaultHandler
                0x00004ad0       0x10 .\CortexM3\ARM_GCC_541\Debug\Cm3Start.o
                0x00004ad0                IntDefaultHandler
 .text._sbrk    0x00004ae0       0x30 .\CortexM3\ARM_GCC_541\Debug\Cm3Start.o
                0x00004ae0                _sbrk
 .text.Start_c  0x00004b10       0x4c .\CortexM3\ARM_GCC_541\Debug\Cm3Start.o
                0x00004b10                Start_c
 .text.initialize_psoc
                0x00004b5c       0x68 .\CortexM3\ARM_GCC_541\Debug\Cm3Start.o
                0x00004b5c                initialize_psoc
 .text.Pin_CSMotorX_Write
                0x00004bc4       0x18 .\CortexM3\ARM_GCC_541\Debug\AS76_FFP9_6_GSV2.a(Pin_CSMotorX.o)
                0x00004bc4                Pin_CSMotorX_Write
 .text.Pin_CSMotorY_Write
                0x00004bdc       0x18 .\CortexM3\ARM_GCC_541\Debug\AS76_FFP9_6_GSV2.a(Pin_CSMotorY.o)
                0x00004bdc                Pin_CSMotorY_Write
 .text.Pin_CSMotorZ_Write
                0x00004bf4       0x18 .\CortexM3\ARM_GCC_541\Debug\AS76_FFP9_6_GSV2.a(Pin_CSMotorZ.o)
                0x00004bf4                Pin_CSMotorZ_Write
 .text.SPIM_EnableTxInt
                0x00004c0c        0xc .\CortexM3\ARM_GCC_541\Debug\AS76_FFP9_6_GSV2.a(SPIM.o)
                0x00004c0c                SPIM_EnableTxInt
 .text.SPIM_EnableRxInt
                0x00004c18        0xc .\CortexM3\ARM_GCC_541\Debug\AS76_FFP9_6_GSV2.a(SPIM.o)
                0x00004c18                SPIM_EnableRxInt
 .text.SPIM_Enable
                0x00004c24       0x3c .\CortexM3\ARM_GCC_541\Debug\AS76_FFP9_6_GSV2.a(SPIM.o)
                0x00004c24                SPIM_Enable
 .text.SPIM_DisableTxInt
                0x00004c60        0xc .\CortexM3\ARM_GCC_541\Debug\AS76_FFP9_6_GSV2.a(SPIM.o)
                0x00004c60                SPIM_DisableTxInt
 .text.SPIM_DisableRxInt
                0x00004c6c        0xc .\CortexM3\ARM_GCC_541\Debug\AS76_FFP9_6_GSV2.a(SPIM.o)
                0x00004c6c                SPIM_DisableRxInt
 .text.SPIM_ReadTxStatus
                0x00004c78       0x28 .\CortexM3\ARM_GCC_541\Debug\AS76_FFP9_6_GSV2.a(SPIM.o)
                0x00004c78                SPIM_ReadTxStatus
 .text.SPIM_ReadRxStatus
                0x00004ca0       0x28 .\CortexM3\ARM_GCC_541\Debug\AS76_FFP9_6_GSV2.a(SPIM.o)
                0x00004ca0                SPIM_ReadRxStatus
 .text.SPIM_WriteTxData
                0x00004cc8       0xd4 .\CortexM3\ARM_GCC_541\Debug\AS76_FFP9_6_GSV2.a(SPIM.o)
                0x00004cc8                SPIM_WriteTxData
 .text.SPIM_ReadRxData
                0x00004d9c       0x64 .\CortexM3\ARM_GCC_541\Debug\AS76_FFP9_6_GSV2.a(SPIM.o)
                0x00004d9c                SPIM_ReadRxData
 .text.SPIM_ClearFIFO
                0x00004e00       0x3c .\CortexM3\ARM_GCC_541\Debug\AS76_FFP9_6_GSV2.a(SPIM.o)
                0x00004e00                SPIM_ClearFIFO
 .text.SPIM_Init
                0x00004e3c       0x90 .\CortexM3\ARM_GCC_541\Debug\AS76_FFP9_6_GSV2.a(SPIM.o)
                0x00004e3c                SPIM_Init
 .text.SPIM_Start
                0x00004ecc       0x1c .\CortexM3\ARM_GCC_541\Debug\AS76_FFP9_6_GSV2.a(SPIM.o)
                0x00004ecc                SPIM_Start
 .text.SPIM_TX_ISR
                0x00004ee8       0xa0 .\CortexM3\ARM_GCC_541\Debug\AS76_FFP9_6_GSV2.a(SPIM_INT.o)
                0x00004ee8                SPIM_TX_ISR
 .text.SPIM_RX_ISR
                0x00004f88       0xa0 .\CortexM3\ARM_GCC_541\Debug\AS76_FFP9_6_GSV2.a(SPIM_INT.o)
                0x00004f88                SPIM_RX_ISR
 .text.CyHalt   0x00005028        0x4 .\CortexM3\ARM_GCC_541\Debug\AS76_FFP9_6_GSV2.a(CyLib.o)
                0x00005028                CyHalt
 .text.CySoftwareReset
                0x0000502c       0x10 .\CortexM3\ARM_GCC_541\Debug\AS76_FFP9_6_GSV2.a(CyLib.o)
                0x0000502c                CySoftwareReset
 .text.CyDelay  0x0000503c       0x2c .\CortexM3\ARM_GCC_541\Debug\AS76_FFP9_6_GSV2.a(CyLib.o)
                0x0000503c                CyDelay
 .text.CyDelayUs
                0x00005068       0x14 .\CortexM3\ARM_GCC_541\Debug\AS76_FFP9_6_GSV2.a(CyLib.o)
                0x00005068                CyDelayUs
 .text.CyIntSetVector
                0x0000507c       0x28 .\CortexM3\ARM_GCC_541\Debug\AS76_FFP9_6_GSV2.a(CyLib.o)
                0x0000507c                CyIntSetVector
 .text.CyIntSetPriority
                0x000050a4       0x30 .\CortexM3\ARM_GCC_541\Debug\AS76_FFP9_6_GSV2.a(CyLib.o)
                0x000050a4                CyIntSetPriority
 .text.CyGetUniqueId
                0x000050d4       0x70 .\CortexM3\ARM_GCC_541\Debug\AS76_FFP9_6_GSV2.a(CyLib.o)
                0x000050d4                CyGetUniqueId
 .text.USB_Init
                0x00005144      0x140 .\CortexM3\ARM_GCC_541\Debug\AS76_FFP9_6_GSV2.a(USB.o)
                0x00005144                USB_Init
 .text.USB_InitComponent
                0x00005284       0xd0 .\CortexM3\ARM_GCC_541\Debug\AS76_FFP9_6_GSV2.a(USB.o)
                0x00005284                USB_InitComponent
 .text.USB_Start
                0x00005354       0x24 .\CortexM3\ARM_GCC_541\Debug\AS76_FFP9_6_GSV2.a(USB.o)
                0x00005354                USB_Start
 .text.USB_ReInitComponent
                0x00005378       0x64 .\CortexM3\ARM_GCC_541\Debug\AS76_FFP9_6_GSV2.a(USB.o)
                0x00005378                USB_ReInitComponent
 .text.USB_GetConfiguration
                0x000053dc        0xc .\CortexM3\ARM_GCC_541\Debug\AS76_FFP9_6_GSV2.a(USB.o)
                0x000053dc                USB_GetConfiguration
 .text.USB_IsConfigurationChanged
                0x000053e8       0x20 .\CortexM3\ARM_GCC_541\Debug\AS76_FFP9_6_GSV2.a(USB.o)
                0x000053e8                USB_IsConfigurationChanged
 .text.USB_GetEPState
                0x00005408       0x14 .\CortexM3\ARM_GCC_541\Debug\AS76_FFP9_6_GSV2.a(USB.o)
                0x00005408                USB_GetEPState
 .text.USB_GetEPCount
                0x0000541c       0x28 .\CortexM3\ARM_GCC_541\Debug\AS76_FFP9_6_GSV2.a(USB.o)
                0x0000541c                USB_GetEPCount
 .text.USB_LoadInEP
                0x00005444       0x94 .\CortexM3\ARM_GCC_541\Debug\AS76_FFP9_6_GSV2.a(USB.o)
                0x00005444                USB_LoadInEP
 .text.USB_EnableOutEP
                0x000054d8       0x2c .\CortexM3\ARM_GCC_541\Debug\AS76_FFP9_6_GSV2.a(USB.o)
                0x000054d8                USB_EnableOutEP
 .text.USB_ReadOutEP
                0x00005504       0x50 .\CortexM3\ARM_GCC_541\Debug\AS76_FFP9_6_GSV2.a(USB.o)
                0x00005504                USB_ReadOutEP
 .text.USB_EnableSofInt
                0x00005554       0x10 .\CortexM3\ARM_GCC_541\Debug\AS76_FFP9_6_GSV2.a(USB.o)
                0x00005554                USB_EnableSofInt
 .text.USB_GetInterfaceComPort
                0x00005564       0x38 .\CortexM3\ARM_GCC_541\Debug\AS76_FFP9_6_GSV2.a(USB_cdc.o)
                0x00005564                USB_GetInterfaceComPort
 .text.USB_DispatchCDCClassRqst
                0x0000559c       0x98 .\CortexM3\ARM_GCC_541\Debug\AS76_FFP9_6_GSV2.a(USB_cdc.o)
                0x0000559c                USB_DispatchCDCClassRqst
 .text.USB_CDC_Init
                0x00005634       0x98 .\CortexM3\ARM_GCC_541\Debug\AS76_FFP9_6_GSV2.a(USB_cdc.o)
                0x00005634                USB_CDC_Init
 .text.USB_PutData
                0x000056cc       0x50 .\CortexM3\ARM_GCC_541\Debug\AS76_FFP9_6_GSV2.a(USB_cdc.o)
                0x000056cc                USB_PutData
 .text.USB_DataIsReady
                0x0000571c       0x18 .\CortexM3\ARM_GCC_541\Debug\AS76_FFP9_6_GSV2.a(USB_cdc.o)
                0x0000571c                USB_DataIsReady
 .text.USB_GetAll
                0x00005734       0x30 .\CortexM3\ARM_GCC_541\Debug\AS76_FFP9_6_GSV2.a(USB_cdc.o)
                0x00005734                USB_GetAll
 .text.USB_Cdc_EpInit
                0x00005764       0x50 .\CortexM3\ARM_GCC_541\Debug\AS76_FFP9_6_GSV2.a(USB_cdc.o)
                0x00005764                USB_Cdc_EpInit
 .text.USB_LoadEP0
                0x000057b4       0x98 .\CortexM3\ARM_GCC_541\Debug\AS76_FFP9_6_GSV2.a(USB_drv.o)
                0x000057b4                USB_LoadEP0
 .text.USB_InitZeroLengthControlTransfer
                0x0000584c       0x34 .\CortexM3\ARM_GCC_541\Debug\AS76_FFP9_6_GSV2.a(USB_drv.o)
                0x0000584c                USB_InitZeroLengthControlTransfer
 .text.USB_ControlReadDataStage
                0x00005880        0x8 .\CortexM3\ARM_GCC_541\Debug\AS76_FFP9_6_GSV2.a(USB_drv.o)
                0x00005880                USB_ControlReadDataStage
 .text.USB_ControlWriteDataStage
                0x00005888       0x84 .\CortexM3\ARM_GCC_541\Debug\AS76_FFP9_6_GSV2.a(USB_drv.o)
                0x00005888                USB_ControlWriteDataStage
 .text.USB_InitNoDataControlTransfer
                0x0000590c       0x2c .\CortexM3\ARM_GCC_541\Debug\AS76_FFP9_6_GSV2.a(USB_drv.o)
                0x0000590c                USB_InitNoDataControlTransfer
 .text.USB_UpdateStatusBlock
                0x00005938       0x24 .\CortexM3\ARM_GCC_541\Debug\AS76_FFP9_6_GSV2.a(USB_drv.o)
                0x00005938                USB_UpdateStatusBlock
 .text.USB_HandleSetup
                0x0000595c       0x5c .\CortexM3\ARM_GCC_541\Debug\AS76_FFP9_6_GSV2.a(USB_drv.o)
                0x0000595c                USB_HandleSetup
 .text.USB_ControlReadStatusStage
                0x000059b8       0x38 .\CortexM3\ARM_GCC_541\Debug\AS76_FFP9_6_GSV2.a(USB_drv.o)
                0x000059b8                USB_ControlReadStatusStage
 .text.USB_HandleOUT
                0x000059f0       0x38 .\CortexM3\ARM_GCC_541\Debug\AS76_FFP9_6_GSV2.a(USB_drv.o)
                0x000059f0                USB_HandleOUT
 .text.USB_ControlWriteStatusStage
                0x00005a28       0x20 .\CortexM3\ARM_GCC_541\Debug\AS76_FFP9_6_GSV2.a(USB_drv.o)
                0x00005a28                USB_ControlWriteStatusStage
 .text.USB_NoDataControlStatusStage
                0x00005a48       0x40 .\CortexM3\ARM_GCC_541\Debug\AS76_FFP9_6_GSV2.a(USB_drv.o)
                0x00005a48                USB_NoDataControlStatusStage
 .text.USB_HandleIN
                0x00005a88       0x2c .\CortexM3\ARM_GCC_541\Debug\AS76_FFP9_6_GSV2.a(USB_drv.o)
                0x00005a88                USB_HandleIN
 .text.USB_EP_0_ISR
                0x00005ab4       0xb8 .\CortexM3\ARM_GCC_541\Debug\AS76_FFP9_6_GSV2.a(USB_drv.o)
                0x00005ab4                USB_EP_0_ISR
 .text.USB_InitializeStatusBlock
                0x00005b6c       0x24 .\CortexM3\ARM_GCC_541\Debug\AS76_FFP9_6_GSV2.a(USB_drv.o)
                0x00005b6c                USB_InitializeStatusBlock
 .text.USB_InitControlRead
                0x00005b90       0x50 .\CortexM3\ARM_GCC_541\Debug\AS76_FFP9_6_GSV2.a(USB_drv.o)
                0x00005b90                USB_InitControlRead
 .text.USB_InitControlWrite
                0x00005be0       0x48 .\CortexM3\ARM_GCC_541\Debug\AS76_FFP9_6_GSV2.a(USB_drv.o)
                0x00005be0                USB_InitControlWrite
 .text.USB_EP_1_ISR
                0x00005c28       0x30 .\CortexM3\ARM_GCC_541\Debug\AS76_FFP9_6_GSV2.a(USB_episr.o)
                0x00005c28                USB_EP_1_ISR
 .text.USB_EP_2_ISR
                0x00005c58       0x34 .\CortexM3\ARM_GCC_541\Debug\AS76_FFP9_6_GSV2.a(USB_episr.o)
                0x00005c58                USB_EP_2_ISR
 .text.USB_EP_3_ISR
                0x00005c8c       0x3c .\CortexM3\ARM_GCC_541\Debug\AS76_FFP9_6_GSV2.a(USB_episr.o)
                0x00005c8c                USB_EP_3_ISR
 .text.USB_SOF_ISR
                0x00005cc8        0x4 .\CortexM3\ARM_GCC_541\Debug\AS76_FFP9_6_GSV2.a(USB_episr.o)
                0x00005cc8                USB_SOF_ISR
 .text.USB_BUS_RESET_ISR
                0x00005ccc        0x8 .\CortexM3\ARM_GCC_541\Debug\AS76_FFP9_6_GSV2.a(USB_episr.o)
                0x00005ccc                USB_BUS_RESET_ISR
 .text.USB_FindHidClassDecriptor
                0x00005cd4       0x44 .\CortexM3\ARM_GCC_541\Debug\AS76_FFP9_6_GSV2.a(USB_hid.o)
                0x00005cd4                USB_FindHidClassDecriptor
 .text.USB_FindReportDescriptor
                0x00005d18       0x4c .\CortexM3\ARM_GCC_541\Debug\AS76_FFP9_6_GSV2.a(USB_hid.o)
                0x00005d18                USB_FindReportDescriptor
 .text.USB_FindReport
                0x00005d64       0x80 .\CortexM3\ARM_GCC_541\Debug\AS76_FFP9_6_GSV2.a(USB_hid.o)
                0x00005d64                USB_FindReport
 .text.USB_DispatchHIDClassRqst
                0x00005de4      0x184 .\CortexM3\ARM_GCC_541\Debug\AS76_FFP9_6_GSV2.a(USB_hid.o)
                0x00005de4                USB_DispatchHIDClassRqst
 .text.USB_DP_ISR
                0x00005f68        0x8 .\CortexM3\ARM_GCC_541\Debug\AS76_FFP9_6_GSV2.a(USB_pm.o)
                0x00005f68                USB_DP_ISR
 .text.USB_ReadDieID
                0x00005f70       0x6c .\CortexM3\ARM_GCC_541\Debug\AS76_FFP9_6_GSV2.a(USB_std.o)
                0x00005f70                USB_ReadDieID
 .text.USB_ConfigReg
                0x00005fdc       0xa4 .\CortexM3\ARM_GCC_541\Debug\AS76_FFP9_6_GSV2.a(USB_std.o)
                0x00005fdc                USB_ConfigReg
 .text.USB_GetConfigTablePtr
                0x00006080       0x28 .\CortexM3\ARM_GCC_541\Debug\AS76_FFP9_6_GSV2.a(USB_std.o)
                0x00006080                USB_GetConfigTablePtr
 .text.USB_ConfigAltChanged
                0x000060a8      0x11c .\CortexM3\ARM_GCC_541\Debug\AS76_FFP9_6_GSV2.a(USB_std.o)
                0x000060a8                USB_ConfigAltChanged
 .text.USB_GetDeviceTablePtr
                0x000061c4       0x18 .\CortexM3\ARM_GCC_541\Debug\AS76_FFP9_6_GSV2.a(USB_std.o)
                0x000061c4                USB_GetDeviceTablePtr
 .text.USB_GetInterfaceClassTablePtr
                0x000061dc       0x28 .\CortexM3\ARM_GCC_541\Debug\AS76_FFP9_6_GSV2.a(USB_std.o)
                0x000061dc                USB_GetInterfaceClassTablePtr
 .text.USB_Config
                0x00006204      0x1ec .\CortexM3\ARM_GCC_541\Debug\AS76_FFP9_6_GSV2.a(USB_std.o)
                0x00006204                USB_Config
 .text.USB_SetEndpointHalt
                0x000063f0       0x64 .\CortexM3\ARM_GCC_541\Debug\AS76_FFP9_6_GSV2.a(USB_std.o)
                0x000063f0                USB_SetEndpointHalt
 .text.USB_ClearEndpointHalt
                0x00006454       0xac .\CortexM3\ARM_GCC_541\Debug\AS76_FFP9_6_GSV2.a(USB_std.o)
                0x00006454                USB_ClearEndpointHalt
 .text.USB_ValidateAlternateSetting
                0x00006500       0x4c .\CortexM3\ARM_GCC_541\Debug\AS76_FFP9_6_GSV2.a(USB_std.o)
                0x00006500                USB_ValidateAlternateSetting
 .text.USB_HandleStandardRqst
                0x0000654c      0x35c .\CortexM3\ARM_GCC_541\Debug\AS76_FFP9_6_GSV2.a(USB_std.o)
                0x0000654c                USB_HandleStandardRqst
 .text.USB_HandleVendorRqst
                0x000068a8       0x3c .\CortexM3\ARM_GCC_541\Debug\AS76_FFP9_6_GSV2.a(USB_vnd.o)
                0x000068a8                USB_HandleVendorRqst
 .text.USB_Dp_ClearInterrupt
                0x000068e4       0x10 .\CortexM3\ARM_GCC_541\Debug\AS76_FFP9_6_GSV2.a(USB_Dp.o)
                0x000068e4                USB_Dp_ClearInterrupt
 .text.PWM_CondenserLED_Enable
                0x000068f4       0x28 .\CortexM3\ARM_GCC_541\Debug\AS76_FFP9_6_GSV2.a(PWM_CondenserLED.o)
                0x000068f4                PWM_CondenserLED_Enable
 .text.PWM_CondenserLED_WritePeriod
                0x0000691c        0xc .\CortexM3\ARM_GCC_541\Debug\AS76_FFP9_6_GSV2.a(PWM_CondenserLED.o)
                0x0000691c                PWM_CondenserLED_WritePeriod
 .text.PWM_CondenserLED_WriteCompare
                0x00006928        0xc .\CortexM3\ARM_GCC_541\Debug\AS76_FFP9_6_GSV2.a(PWM_CondenserLED.o)
                0x00006928                PWM_CondenserLED_WriteCompare
 .text.PWM_CondenserLED_SetInterruptMode
                0x00006934        0xc .\CortexM3\ARM_GCC_541\Debug\AS76_FFP9_6_GSV2.a(PWM_CondenserLED.o)
                0x00006934                PWM_CondenserLED_SetInterruptMode
 .text.PWM_CondenserLED_Init
                0x00006940       0x74 .\CortexM3\ARM_GCC_541\Debug\AS76_FFP9_6_GSV2.a(PWM_CondenserLED.o)
                0x00006940                PWM_CondenserLED_Init
 .text.PWM_CondenserLED_Start
                0x000069b4       0x1c .\CortexM3\ARM_GCC_541\Debug\AS76_FFP9_6_GSV2.a(PWM_CondenserLED.o)
                0x000069b4                PWM_CondenserLED_Start
 .text.SPIM_IntClock_Start
                0x000069d0       0x1c .\CortexM3\ARM_GCC_541\Debug\AS76_FFP9_6_GSV2.a(SPIM_IntClock.o)
                0x000069d0                SPIM_IntClock_Start
 .text.QuadDec_X_Init
                0x000069ec       0x24 .\CortexM3\ARM_GCC_541\Debug\AS76_FFP9_6_GSV2.a(QuadDec_X.o)
                0x000069ec                QuadDec_X_Init
 .text.QuadDec_X_GetCounter
                0x00006a10       0x2c .\CortexM3\ARM_GCC_541\Debug\AS76_FFP9_6_GSV2.a(QuadDec_X.o)
                0x00006a10                QuadDec_X_GetCounter
 .text.QuadDec_X_SetCounter
                0x00006a3c       0x28 .\CortexM3\ARM_GCC_541\Debug\AS76_FFP9_6_GSV2.a(QuadDec_X.o)
                0x00006a3c                QuadDec_X_SetCounter
 .text.QuadDec_X_GetEvents
                0x00006a64       0x10 .\CortexM3\ARM_GCC_541\Debug\AS76_FFP9_6_GSV2.a(QuadDec_X.o)
                0x00006a64                QuadDec_X_GetEvents
 .text.QuadDec_X_SetInterruptMask
                0x00006a74       0x10 .\CortexM3\ARM_GCC_541\Debug\AS76_FFP9_6_GSV2.a(QuadDec_X.o)
                0x00006a74                QuadDec_X_SetInterruptMask
 .text.QuadDec_X_Enable
                0x00006a84       0x30 .\CortexM3\ARM_GCC_541\Debug\AS76_FFP9_6_GSV2.a(QuadDec_X.o)
                0x00006a84                QuadDec_X_Enable
 .text.QuadDec_X_Start
                0x00006ab4       0x34 .\CortexM3\ARM_GCC_541\Debug\AS76_FFP9_6_GSV2.a(QuadDec_X.o)
                0x00006ab4                QuadDec_X_Start
 .text.QuadDec_X_ISR
                0x00006ae8       0x40 .\CortexM3\ARM_GCC_541\Debug\AS76_FFP9_6_GSV2.a(QuadDec_X_INT.o)
                0x00006ae8                QuadDec_X_ISR
 .text.QuadDec_X_Cnt16_Enable
                0x00006b28       0x10 .\CortexM3\ARM_GCC_541\Debug\AS76_FFP9_6_GSV2.a(QuadDec_X_Cnt16.o)
                0x00006b28                QuadDec_X_Cnt16_Enable
 .text.QuadDec_X_Cnt16_SetInterruptMode
                0x00006b38        0xc .\CortexM3\ARM_GCC_541\Debug\AS76_FFP9_6_GSV2.a(QuadDec_X_Cnt16.o)
                0x00006b38                QuadDec_X_Cnt16_SetInterruptMode
 .text.QuadDec_X_Cnt16_ReadStatusRegister
                0x00006b44        0xc .\CortexM3\ARM_GCC_541\Debug\AS76_FFP9_6_GSV2.a(QuadDec_X_Cnt16.o)
                0x00006b44                QuadDec_X_Cnt16_ReadStatusRegister
 .text.QuadDec_X_Cnt16_WriteCounter
                0x00006b50        0xc .\CortexM3\ARM_GCC_541\Debug\AS76_FFP9_6_GSV2.a(QuadDec_X_Cnt16.o)
                0x00006b50                QuadDec_X_Cnt16_WriteCounter
 .text.QuadDec_X_Cnt16_ReadCounter
                0x00006b5c       0x14 .\CortexM3\ARM_GCC_541\Debug\AS76_FFP9_6_GSV2.a(QuadDec_X_Cnt16.o)
                0x00006b5c                QuadDec_X_Cnt16_ReadCounter
 .text.QuadDec_X_Cnt16_ReadCapture
                0x00006b70        0xc .\CortexM3\ARM_GCC_541\Debug\AS76_FFP9_6_GSV2.a(QuadDec_X_Cnt16.o)
                0x00006b70                QuadDec_X_Cnt16_ReadCapture
 .text.QuadDec_X_Cnt16_WritePeriod
                0x00006b7c        0xc .\CortexM3\ARM_GCC_541\Debug\AS76_FFP9_6_GSV2.a(QuadDec_X_Cnt16.o)
                0x00006b7c                QuadDec_X_Cnt16_WritePeriod
 .text.QuadDec_X_Cnt16_WriteCompare
                0x00006b88        0xc .\CortexM3\ARM_GCC_541\Debug\AS76_FFP9_6_GSV2.a(QuadDec_X_Cnt16.o)
                0x00006b88                QuadDec_X_Cnt16_WriteCompare
 .text.QuadDec_X_Cnt16_ClearFIFO
                0x00006b94       0x14 .\CortexM3\ARM_GCC_541\Debug\AS76_FFP9_6_GSV2.a(QuadDec_X_Cnt16.o)
                0x00006b94                QuadDec_X_Cnt16_ClearFIFO
 .text.QuadDec_X_Cnt16_Init
                0x00006ba8       0x58 .\CortexM3\ARM_GCC_541\Debug\AS76_FFP9_6_GSV2.a(QuadDec_X_Cnt16.o)
                0x00006ba8                QuadDec_X_Cnt16_Init
 .text.QuadDec_X_Cnt16_Start
                0x00006c00       0x1c .\CortexM3\ARM_GCC_541\Debug\AS76_FFP9_6_GSV2.a(QuadDec_X_Cnt16.o)
                0x00006c00                QuadDec_X_Cnt16_Start
 .text.UART_PCB_LOG_Init
                0x00006c1c       0x44 .\CortexM3\ARM_GCC_541\Debug\AS76_FFP9_6_GSV2.a(UART_PCB_LOG.o)
                0x00006c1c                UART_PCB_LOG_Init
 .text.UART_PCB_LOG_Enable
                0x00006c60       0x44 .\CortexM3\ARM_GCC_541\Debug\AS76_FFP9_6_GSV2.a(UART_PCB_LOG.o)
                0x00006c60                UART_PCB_LOG_Enable
 .text.UART_PCB_LOG_Start
                0x00006ca4       0x1c .\CortexM3\ARM_GCC_541\Debug\AS76_FFP9_6_GSV2.a(UART_PCB_LOG.o)
                0x00006ca4                UART_PCB_LOG_Start
 .text.UART_PCB_LOG_PutChar
                0x00006cc0       0x18 .\CortexM3\ARM_GCC_541\Debug\AS76_FFP9_6_GSV2.a(UART_PCB_LOG.o)
                0x00006cc0                UART_PCB_LOG_PutChar
 .text.UART_PCB_LOG_PutString
                0x00006cd8       0x24 .\CortexM3\ARM_GCC_541\Debug\AS76_FFP9_6_GSV2.a(UART_PCB_LOG.o)
                0x00006cd8                UART_PCB_LOG_PutString
 .text.UART_PCB_LOG_RXISR
                0x00006cfc       0x98 .\CortexM3\ARM_GCC_541\Debug\AS76_FFP9_6_GSV2.a(UART_PCB_LOG_INT.o)
                0x00006cfc                UART_PCB_LOG_RXISR
 .text.UART_PCB_LOG_IntClock_Start
                0x00006d94       0x1c .\CortexM3\ARM_GCC_541\Debug\AS76_FFP9_6_GSV2.a(UART_PCB_LOG_IntClock.o)
                0x00006d94                UART_PCB_LOG_IntClock_Start
 .text.Pin_Backlight_Write
                0x00006db0       0x18 .\CortexM3\ARM_GCC_541\Debug\AS76_FFP9_6_GSV2.a(Pin_Backlight.o)
                0x00006db0                Pin_Backlight_Write
 .text.LED2_Write
                0x00006dc8       0x18 .\CortexM3\ARM_GCC_541\Debug\AS76_FFP9_6_GSV2.a(LED2.o)
                0x00006dc8                LED2_Write
 .text.Pin_CSMotorO_Write
                0x00006de0       0x18 .\CortexM3\ARM_GCC_541\Debug\AS76_FFP9_6_GSV2.a(Pin_CSMotorO.o)
                0x00006de0                Pin_CSMotorO_Write
 .text.Pin_CSMotorT_Write
                0x00006df8       0x18 .\CortexM3\ARM_GCC_541\Debug\AS76_FFP9_6_GSV2.a(Pin_CSMotorT.o)
                0x00006df8                Pin_CSMotorT_Write
 .text.QuadDec_TZ_Init
                0x00006e10       0x24 .\CortexM3\ARM_GCC_541\Debug\AS76_FFP9_6_GSV2.a(QuadDec_TZ.o)
                0x00006e10                QuadDec_TZ_Init
 .text.QuadDec_TZ_GetCounter
                0x00006e34       0x2c .\CortexM3\ARM_GCC_541\Debug\AS76_FFP9_6_GSV2.a(QuadDec_TZ.o)
                0x00006e34                QuadDec_TZ_GetCounter
 .text.QuadDec_TZ_SetCounter
                0x00006e60       0x28 .\CortexM3\ARM_GCC_541\Debug\AS76_FFP9_6_GSV2.a(QuadDec_TZ.o)
                0x00006e60                QuadDec_TZ_SetCounter
 .text.QuadDec_TZ_GetEvents
                0x00006e88       0x10 .\CortexM3\ARM_GCC_541\Debug\AS76_FFP9_6_GSV2.a(QuadDec_TZ.o)
                0x00006e88                QuadDec_TZ_GetEvents
 .text.QuadDec_TZ_SetInterruptMask
                0x00006e98       0x10 .\CortexM3\ARM_GCC_541\Debug\AS76_FFP9_6_GSV2.a(QuadDec_TZ.o)
                0x00006e98                QuadDec_TZ_SetInterruptMask
 .text.QuadDec_TZ_Enable
                0x00006ea8       0x30 .\CortexM3\ARM_GCC_541\Debug\AS76_FFP9_6_GSV2.a(QuadDec_TZ.o)
                0x00006ea8                QuadDec_TZ_Enable
 .text.QuadDec_TZ_Start
                0x00006ed8       0x34 .\CortexM3\ARM_GCC_541\Debug\AS76_FFP9_6_GSV2.a(QuadDec_TZ.o)
                0x00006ed8                QuadDec_TZ_Start
 .text.QuadDec_TZ_ISR
                0x00006f0c       0x40 .\CortexM3\ARM_GCC_541\Debug\AS76_FFP9_6_GSV2.a(QuadDec_TZ_INT.o)
                0x00006f0c                QuadDec_TZ_ISR
 .text.PWM_Buzzer_Enable
                0x00006f4c       0x28 .\CortexM3\ARM_GCC_541\Debug\AS76_FFP9_6_GSV2.a(PWM_Buzzer.o)
                0x00006f4c                PWM_Buzzer_Enable
 .text.PWM_Buzzer_WritePeriod
                0x00006f74        0xc .\CortexM3\ARM_GCC_541\Debug\AS76_FFP9_6_GSV2.a(PWM_Buzzer.o)
                0x00006f74                PWM_Buzzer_WritePeriod
 .text.PWM_Buzzer_WriteCompare
                0x00006f80        0xc .\CortexM3\ARM_GCC_541\Debug\AS76_FFP9_6_GSV2.a(PWM_Buzzer.o)
                0x00006f80                PWM_Buzzer_WriteCompare
 .text.PWM_Buzzer_SetInterruptMode
                0x00006f8c        0xc .\CortexM3\ARM_GCC_541\Debug\AS76_FFP9_6_GSV2.a(PWM_Buzzer.o)
                0x00006f8c                PWM_Buzzer_SetInterruptMode
 .text.PWM_Buzzer_Init
                0x00006f98       0x74 .\CortexM3\ARM_GCC_541\Debug\AS76_FFP9_6_GSV2.a(PWM_Buzzer.o)
                0x00006f98                PWM_Buzzer_Init
 .text.PWM_Buzzer_Start
                0x0000700c       0x1c .\CortexM3\ARM_GCC_541\Debug\AS76_FFP9_6_GSV2.a(PWM_Buzzer.o)
                0x0000700c                PWM_Buzzer_Start
 .text.QuadDec_Y_Init
                0x00007028       0x24 .\CortexM3\ARM_GCC_541\Debug\AS76_FFP9_6_GSV2.a(QuadDec_Y.o)
                0x00007028                QuadDec_Y_Init
 .text.QuadDec_Y_GetCounter
                0x0000704c       0x2c .\CortexM3\ARM_GCC_541\Debug\AS76_FFP9_6_GSV2.a(QuadDec_Y.o)
                0x0000704c                QuadDec_Y_GetCounter
 .text.QuadDec_Y_SetCounter
                0x00007078       0x28 .\CortexM3\ARM_GCC_541\Debug\AS76_FFP9_6_GSV2.a(QuadDec_Y.o)
                0x00007078                QuadDec_Y_SetCounter
 .text.QuadDec_Y_GetEvents
                0x000070a0       0x10 .\CortexM3\ARM_GCC_541\Debug\AS76_FFP9_6_GSV2.a(QuadDec_Y.o)
                0x000070a0                QuadDec_Y_GetEvents
 .text.QuadDec_Y_SetInterruptMask
                0x000070b0       0x10 .\CortexM3\ARM_GCC_541\Debug\AS76_FFP9_6_GSV2.a(QuadDec_Y.o)
                0x000070b0                QuadDec_Y_SetInterruptMask
 .text.QuadDec_Y_Enable
                0x000070c0       0x30 .\CortexM3\ARM_GCC_541\Debug\AS76_FFP9_6_GSV2.a(QuadDec_Y.o)
                0x000070c0                QuadDec_Y_Enable
 .text.QuadDec_Y_Start
                0x000070f0       0x34 .\CortexM3\ARM_GCC_541\Debug\AS76_FFP9_6_GSV2.a(QuadDec_Y.o)
                0x000070f0                QuadDec_Y_Start
 .text.QuadDec_Y_ISR
                0x00007124       0x40 .\CortexM3\ARM_GCC_541\Debug\AS76_FFP9_6_GSV2.a(QuadDec_Y_INT.o)
                0x00007124                QuadDec_Y_ISR
 .text.PWM_BarcodeCondenser_LED_Enable
                0x00007164       0x28 .\CortexM3\ARM_GCC_541\Debug\AS76_FFP9_6_GSV2.a(PWM_BarcodeCondenser_LED.o)
                0x00007164                PWM_BarcodeCondenser_LED_Enable
 .text.PWM_BarcodeCondenser_LED_WritePeriod
                0x0000718c        0xc .\CortexM3\ARM_GCC_541\Debug\AS76_FFP9_6_GSV2.a(PWM_BarcodeCondenser_LED.o)
                0x0000718c                PWM_BarcodeCondenser_LED_WritePeriod
 .text.PWM_BarcodeCondenser_LED_WriteCompare
                0x00007198        0xc .\CortexM3\ARM_GCC_541\Debug\AS76_FFP9_6_GSV2.a(PWM_BarcodeCondenser_LED.o)
                0x00007198                PWM_BarcodeCondenser_LED_WriteCompare
 .text.PWM_BarcodeCondenser_LED_SetInterruptMode
                0x000071a4        0xc .\CortexM3\ARM_GCC_541\Debug\AS76_FFP9_6_GSV2.a(PWM_BarcodeCondenser_LED.o)
                0x000071a4                PWM_BarcodeCondenser_LED_SetInterruptMode
 .text.PWM_BarcodeCondenser_LED_Init
                0x000071b0       0x74 .\CortexM3\ARM_GCC_541\Debug\AS76_FFP9_6_GSV2.a(PWM_BarcodeCondenser_LED.o)
                0x000071b0                PWM_BarcodeCondenser_LED_Init
 .text.PWM_BarcodeCondenser_LED_Start
                0x00007224       0x1c .\CortexM3\ARM_GCC_541\Debug\AS76_FFP9_6_GSV2.a(PWM_BarcodeCondenser_LED.o)
                0x00007224                PWM_BarcodeCondenser_LED_Start
 .text.LED3_Write
                0x00007240       0x18 .\CortexM3\ARM_GCC_541\Debug\AS76_FFP9_6_GSV2.a(LED3.o)
                0x00007240                LED3_Write
 .text.Encoder_T_Z_Select_Write
                0x00007258        0xc .\CortexM3\ARM_GCC_541\Debug\AS76_FFP9_6_GSV2.a(Encoder_T_Z_Select.o)
                0x00007258                Encoder_T_Z_Select_Write
 .text.TMC5160_MotorX_EN_Write
                0x00007264       0x18 .\CortexM3\ARM_GCC_541\Debug\AS76_FFP9_6_GSV2.a(TMC5160_MotorX_EN.o)
                0x00007264                TMC5160_MotorX_EN_Write
 .text.TMC5160_MotorY_EN_Write
                0x0000727c       0x18 .\CortexM3\ARM_GCC_541\Debug\AS76_FFP9_6_GSV2.a(TMC5160_MotorY_EN.o)
                0x0000727c                TMC5160_MotorY_EN_Write
 .text.TMC5160_MotorZ_EN_Write
                0x00007294       0x18 .\CortexM3\ARM_GCC_541\Debug\AS76_FFP9_6_GSV2.a(TMC5160_MotorZ_EN.o)
                0x00007294                TMC5160_MotorZ_EN_Write
 .text.TMC5160_MotorT_EN_Write
                0x000072ac       0x18 .\CortexM3\ARM_GCC_541\Debug\AS76_FFP9_6_GSV2.a(TMC5160_MotorT_EN.o)
                0x000072ac                TMC5160_MotorT_EN_Write
 .text.TMC5160_MotorO_EN_Write
                0x000072c4       0x18 .\CortexM3\ARM_GCC_541\Debug\AS76_FFP9_6_GSV2.a(TMC5160_MotorO_EN.o)
                0x000072c4                TMC5160_MotorO_EN_Write
 .text.QuadDec_TZ_Cnt16_Enable
                0x000072dc       0x10 .\CortexM3\ARM_GCC_541\Debug\AS76_FFP9_6_GSV2.a(QuadDec_TZ_Cnt16.o)
                0x000072dc                QuadDec_TZ_Cnt16_Enable
 .text.QuadDec_TZ_Cnt16_SetInterruptMode
                0x000072ec        0xc .\CortexM3\ARM_GCC_541\Debug\AS76_FFP9_6_GSV2.a(QuadDec_TZ_Cnt16.o)
                0x000072ec                QuadDec_TZ_Cnt16_SetInterruptMode
 .text.QuadDec_TZ_Cnt16_ReadStatusRegister
                0x000072f8        0xc .\CortexM3\ARM_GCC_541\Debug\AS76_FFP9_6_GSV2.a(QuadDec_TZ_Cnt16.o)
                0x000072f8                QuadDec_TZ_Cnt16_ReadStatusRegister
 .text.QuadDec_TZ_Cnt16_WriteCounter
                0x00007304        0xc .\CortexM3\ARM_GCC_541\Debug\AS76_FFP9_6_GSV2.a(QuadDec_TZ_Cnt16.o)
                0x00007304                QuadDec_TZ_Cnt16_WriteCounter
 .text.QuadDec_TZ_Cnt16_ReadCounter
                0x00007310       0x14 .\CortexM3\ARM_GCC_541\Debug\AS76_FFP9_6_GSV2.a(QuadDec_TZ_Cnt16.o)
                0x00007310                QuadDec_TZ_Cnt16_ReadCounter
 .text.QuadDec_TZ_Cnt16_ReadCapture
                0x00007324        0xc .\CortexM3\ARM_GCC_541\Debug\AS76_FFP9_6_GSV2.a(QuadDec_TZ_Cnt16.o)
                0x00007324                QuadDec_TZ_Cnt16_ReadCapture
 .text.QuadDec_TZ_Cnt16_WritePeriod
                0x00007330        0xc .\CortexM3\ARM_GCC_541\Debug\AS76_FFP9_6_GSV2.a(QuadDec_TZ_Cnt16.o)
                0x00007330                QuadDec_TZ_Cnt16_WritePeriod
 .text.QuadDec_TZ_Cnt16_WriteCompare
                0x0000733c        0xc .\CortexM3\ARM_GCC_541\Debug\AS76_FFP9_6_GSV2.a(QuadDec_TZ_Cnt16.o)
                0x0000733c                QuadDec_TZ_Cnt16_WriteCompare
 .text.QuadDec_TZ_Cnt16_ClearFIFO
                0x00007348       0x14 .\CortexM3\ARM_GCC_541\Debug\AS76_FFP9_6_GSV2.a(QuadDec_TZ_Cnt16.o)
                0x00007348                QuadDec_TZ_Cnt16_ClearFIFO
 .text.QuadDec_TZ_Cnt16_Init
                0x0000735c       0x58 .\CortexM3\ARM_GCC_541\Debug\AS76_FFP9_6_GSV2.a(QuadDec_TZ_Cnt16.o)
                0x0000735c                QuadDec_TZ_Cnt16_Init
 .text.QuadDec_TZ_Cnt16_Start
                0x000073b4       0x1c .\CortexM3\ARM_GCC_541\Debug\AS76_FFP9_6_GSV2.a(QuadDec_TZ_Cnt16.o)
                0x000073b4                QuadDec_TZ_Cnt16_Start
 .text.QuadDec_Y_Cnt16_Enable
                0x000073d0       0x10 .\CortexM3\ARM_GCC_541\Debug\AS76_FFP9_6_GSV2.a(QuadDec_Y_Cnt16.o)
                0x000073d0                QuadDec_Y_Cnt16_Enable
 .text.QuadDec_Y_Cnt16_SetInterruptMode
                0x000073e0        0xc .\CortexM3\ARM_GCC_541\Debug\AS76_FFP9_6_GSV2.a(QuadDec_Y_Cnt16.o)
                0x000073e0                QuadDec_Y_Cnt16_SetInterruptMode
 .text.QuadDec_Y_Cnt16_ReadStatusRegister
                0x000073ec        0xc .\CortexM3\ARM_GCC_541\Debug\AS76_FFP9_6_GSV2.a(QuadDec_Y_Cnt16.o)
                0x000073ec                QuadDec_Y_Cnt16_ReadStatusRegister
 .text.QuadDec_Y_Cnt16_WriteCounter
                0x000073f8        0xc .\CortexM3\ARM_GCC_541\Debug\AS76_FFP9_6_GSV2.a(QuadDec_Y_Cnt16.o)
                0x000073f8                QuadDec_Y_Cnt16_WriteCounter
 .text.QuadDec_Y_Cnt16_ReadCounter
                0x00007404       0x14 .\CortexM3\ARM_GCC_541\Debug\AS76_FFP9_6_GSV2.a(QuadDec_Y_Cnt16.o)
                0x00007404                QuadDec_Y_Cnt16_ReadCounter
 .text.QuadDec_Y_Cnt16_ReadCapture
                0x00007418        0xc .\CortexM3\ARM_GCC_541\Debug\AS76_FFP9_6_GSV2.a(QuadDec_Y_Cnt16.o)
                0x00007418                QuadDec_Y_Cnt16_ReadCapture
 .text.QuadDec_Y_Cnt16_WritePeriod
                0x00007424        0xc .\CortexM3\ARM_GCC_541\Debug\AS76_FFP9_6_GSV2.a(QuadDec_Y_Cnt16.o)
                0x00007424                QuadDec_Y_Cnt16_WritePeriod
 .text.QuadDec_Y_Cnt16_WriteCompare
                0x00007430        0xc .\CortexM3\ARM_GCC_541\Debug\AS76_FFP9_6_GSV2.a(QuadDec_Y_Cnt16.o)
                0x00007430                QuadDec_Y_Cnt16_WriteCompare
 .text.QuadDec_Y_Cnt16_ClearFIFO
                0x0000743c       0x14 .\CortexM3\ARM_GCC_541\Debug\AS76_FFP9_6_GSV2.a(QuadDec_Y_Cnt16.o)
                0x0000743c                QuadDec_Y_Cnt16_ClearFIFO
 .text.QuadDec_Y_Cnt16_Init
                0x00007450       0x58 .\CortexM3\ARM_GCC_541\Debug\AS76_FFP9_6_GSV2.a(QuadDec_Y_Cnt16.o)
                0x00007450                QuadDec_Y_Cnt16_Init
 .text.QuadDec_Y_Cnt16_Start
                0x000074a8       0x1c .\CortexM3\ARM_GCC_541\Debug\AS76_FFP9_6_GSV2.a(QuadDec_Y_Cnt16.o)
                0x000074a8                QuadDec_Y_Cnt16_Start
 .text.wait_timer_Enable
                0x000074c4       0x28 .\CortexM3\ARM_GCC_541\Debug\AS76_FFP9_6_GSV2.a(wait_timer.o)
                0x000074c4                wait_timer_Enable
 .text.wait_timer_Stop
                0x000074ec       0x28 .\CortexM3\ARM_GCC_541\Debug\AS76_FFP9_6_GSV2.a(wait_timer.o)
                0x000074ec                wait_timer_Stop
 .text.wait_timer_SetInterruptMode
                0x00007514        0xc .\CortexM3\ARM_GCC_541\Debug\AS76_FFP9_6_GSV2.a(wait_timer.o)
                0x00007514                wait_timer_SetInterruptMode
 .text.wait_timer_WritePeriod
                0x00007520        0xc .\CortexM3\ARM_GCC_541\Debug\AS76_FFP9_6_GSV2.a(wait_timer.o)
                0x00007520                wait_timer_WritePeriod
 .text.wait_timer_WriteCounter
                0x0000752c        0xc .\CortexM3\ARM_GCC_541\Debug\AS76_FFP9_6_GSV2.a(wait_timer.o)
                0x0000752c                wait_timer_WriteCounter
 .text.wait_timer_Init
                0x00007538       0x68 .\CortexM3\ARM_GCC_541\Debug\AS76_FFP9_6_GSV2.a(wait_timer.o)
                0x00007538                wait_timer_Init
 .text.wait_timer_Start
                0x000075a0       0x1c .\CortexM3\ARM_GCC_541\Debug\AS76_FFP9_6_GSV2.a(wait_timer.o)
                0x000075a0                wait_timer_Start
 .text.wait_interrupt_SetVector
                0x000075bc        0xc .\CortexM3\ARM_GCC_541\Debug\AS76_FFP9_6_GSV2.a(wait_interrupt.o)
                0x000075bc                wait_interrupt_SetVector
 .text.wait_interrupt_SetPriority
                0x000075c8       0x10 .\CortexM3\ARM_GCC_541\Debug\AS76_FFP9_6_GSV2.a(wait_interrupt.o)
                0x000075c8                wait_interrupt_SetPriority
 .text.wait_interrupt_Enable
                0x000075d8       0x10 .\CortexM3\ARM_GCC_541\Debug\AS76_FFP9_6_GSV2.a(wait_interrupt.o)
                0x000075d8                wait_interrupt_Enable
 .text.wait_interrupt_Disable
                0x000075e8       0x10 .\CortexM3\ARM_GCC_541\Debug\AS76_FFP9_6_GSV2.a(wait_interrupt.o)
                0x000075e8                wait_interrupt_Disable
 .text.wait_interrupt_StartEx
                0x000075f8       0x1c .\CortexM3\ARM_GCC_541\Debug\AS76_FFP9_6_GSV2.a(wait_interrupt.o)
                0x000075f8                wait_interrupt_StartEx
 .text.Pin_SDO_RGB_Write
                0x00007614       0x18 .\CortexM3\ARM_GCC_541\Debug\AS76_FFP9_6_GSV2.a(Pin_SDO_RGB.o)
                0x00007614                Pin_SDO_RGB_Write
 .text.Pin_Clock_RGB_Write
                0x0000762c       0x18 .\CortexM3\ARM_GCC_541\Debug\AS76_FFP9_6_GSV2.a(Pin_Clock_RGB.o)
                0x0000762c                Pin_Clock_RGB_Write
 .text.Y_MOT_INT_Read
                0x00007644       0x10 .\CortexM3\ARM_GCC_541\Debug\AS76_FFP9_6_GSV2.a(Y_MOT_INT.o)
                0x00007644                Y_MOT_INT_Read
 .text.Z_MOT_INT_Read
                0x00007654       0x10 .\CortexM3\ARM_GCC_541\Debug\AS76_FFP9_6_GSV2.a(Z_MOT_INT.o)
                0x00007654                Z_MOT_INT_Read
 .text.X_MOT_INT_Read
                0x00007664       0x10 .\CortexM3\ARM_GCC_541\Debug\AS76_FFP9_6_GSV2.a(X_MOT_INT.o)
                0x00007664                X_MOT_INT_Read
 .text.Camera_Trigger_Write
                0x00007674       0x18 .\CortexM3\ARM_GCC_541\Debug\AS76_FFP9_6_GSV2.a(Camera_Trigger.o)
                0x00007674                Camera_Trigger_Write
 *fill*         0x0000768c        0x4 
 .text          0x00007690       0x20 .\CortexM3\ARM_GCC_541\Debug\AS76_FFP9_6_GSV2.a(CyBootAsmGnu.o)
                0x00007690                CyDelayCycles
                0x000076a0                CyEnterCriticalSection
                0x000076a8                CyExitCriticalSection
 .text.USB_DispatchClassRqst
                0x000076b0       0x68 .\CortexM3\ARM_GCC_541\Debug\AS76_FFP9_6_GSV2.a(USB_cls.o)
                0x000076b0                USB_DispatchClassRqst
 .text.pow      0x00007718      0x330 c:/program files (x86)/cypress/psoc creator/4.4/psoc creator/import/gnu/arm/5.4.1/bin/../lib/gcc/arm-none-eabi/5.4.1/../../../../arm-none-eabi/lib/armv7-m\libm.a(lib_a-w_pow.o)
                0x00007718                pow
 .text.__ieee754_pow
                0x00007a48      0xac4 c:/program files (x86)/cypress/psoc creator/4.4/psoc creator/import/gnu/arm/5.4.1/bin/../lib/gcc/arm-none-eabi/5.4.1/../../../../arm-none-eabi/lib/armv7-m\libm.a(lib_a-e_pow.o)
                0x00007a48                __ieee754_pow
 .text.__ieee754_sqrt
                0x0000850c      0x188 c:/program files (x86)/cypress/psoc creator/4.4/psoc creator/import/gnu/arm/5.4.1/bin/../lib/gcc/arm-none-eabi/5.4.1/../../../../arm-none-eabi/lib/armv7-m\libm.a(lib_a-e_sqrt.o)
                0x0000850c                __ieee754_sqrt
 .text.fabs     0x00008694        0x8 c:/program files (x86)/cypress/psoc creator/4.4/psoc creator/import/gnu/arm/5.4.1/bin/../lib/gcc/arm-none-eabi/5.4.1/../../../../arm-none-eabi/lib/armv7-m\libm.a(lib_a-s_fabs.o)
                0x00008694                fabs
 .text.finite   0x0000869c        0xc c:/program files (x86)/cypress/psoc creator/4.4/psoc creator/import/gnu/arm/5.4.1/bin/../lib/gcc/arm-none-eabi/5.4.1/../../../../arm-none-eabi/lib/armv7-m\libm.a(lib_a-s_finite.o)
                0x0000869c                finite
 .text.matherr  0x000086a8        0x4 c:/program files (x86)/cypress/psoc creator/4.4/psoc creator/import/gnu/arm/5.4.1/bin/../lib/gcc/arm-none-eabi/5.4.1/../../../../arm-none-eabi/lib/armv7-m\libm.a(lib_a-s_matherr.o)
                0x000086a8                matherr
 .text.nan      0x000086ac        0xc c:/program files (x86)/cypress/psoc creator/4.4/psoc creator/import/gnu/arm/5.4.1/bin/../lib/gcc/arm-none-eabi/5.4.1/../../../../arm-none-eabi/lib/armv7-m\libm.a(lib_a-s_nan.o)
                0x000086ac                nan
 .text.rint     0x000086b8      0x120 c:/program files (x86)/cypress/psoc creator/4.4/psoc creator/import/gnu/arm/5.4.1/bin/../lib/gcc/arm-none-eabi/5.4.1/../../../../arm-none-eabi/lib/armv7-m\libm.a(lib_a-s_rint.o)
                0x000086b8                rint
 .text.scalbn   0x000087d8       0xe4 c:/program files (x86)/cypress/psoc creator/4.4/psoc creator/import/gnu/arm/5.4.1/bin/../lib/gcc/arm-none-eabi/5.4.1/../../../../arm-none-eabi/lib/armv7-m\libm.a(lib_a-s_scalbn.o)
                0x000087d8                scalbn
 .text.copysign
                0x000088bc       0x10 c:/program files (x86)/cypress/psoc creator/4.4/psoc creator/import/gnu/arm/5.4.1/bin/../lib/gcc/arm-none-eabi/5.4.1/../../../../arm-none-eabi/lib/armv7-m\libm.a(lib_a-s_copysign.o)
                0x000088bc                copysign
 .text          0x000088cc      0x370 c:/program files (x86)/cypress/psoc creator/4.4/psoc creator/import/gnu/arm/5.4.1/bin/../lib/gcc/arm-none-eabi/5.4.1/armv7-m\libgcc.a(_arm_addsubdf3.o)
                0x000088cc                __aeabi_drsub
                0x000088d4                __aeabi_dsub
                0x000088d4                __subdf3
                0x000088d8                __aeabi_dadd
                0x000088d8                __adddf3
                0x00008b50                __floatunsidf
                0x00008b50                __aeabi_ui2d
                0x00008b70                __floatsidf
                0x00008b70                __aeabi_i2d
                0x00008b94                __aeabi_f2d
                0x00008b94                __extendsfdf2
                0x00008bd0                __floatundidf
                0x00008bd0                __aeabi_ul2d
                0x00008be0                __floatdidf
                0x00008be0                __aeabi_l2d
 .text          0x00008c3c      0x424 c:/program files (x86)/cypress/psoc creator/4.4/psoc creator/import/gnu/arm/5.4.1/bin/../lib/gcc/arm-none-eabi/5.4.1/armv7-m\libgcc.a(_arm_muldivdf3.o)
                0x00008c3c                __aeabi_dmul
                0x00008c3c                __muldf3
                0x00008e90                __divdf3
                0x00008e90                __aeabi_ddiv
 .text          0x00009060      0x110 c:/program files (x86)/cypress/psoc creator/4.4/psoc creator/import/gnu/arm/5.4.1/bin/../lib/gcc/arm-none-eabi/5.4.1/armv7-m\libgcc.a(_arm_cmpdf2.o)
                0x00009060                __gtdf2
                0x00009060                __gedf2
                0x00009068                __ltdf2
                0x00009068                __ledf2
                0x00009070                __nedf2
                0x00009070                __eqdf2
                0x00009070                __cmpdf2
                0x000090ec                __aeabi_cdrcmple
                0x000090fc                __aeabi_cdcmpeq
                0x000090fc                __aeabi_cdcmple
                0x0000910c                __aeabi_dcmpeq
                0x00009120                __aeabi_dcmplt
                0x00009134                __aeabi_dcmple
                0x00009148                __aeabi_dcmpge
                0x0000915c                __aeabi_dcmpgt
 .text          0x00009170       0x2c c:/program files (x86)/cypress/psoc creator/4.4/psoc creator/import/gnu/arm/5.4.1/bin/../lib/gcc/arm-none-eabi/5.4.1/armv7-m\libgcc.a(_arm_unorddf2.o)
                0x00009170                __unorddf2
                0x00009170                __aeabi_dcmpun
 .text          0x0000919c       0x50 c:/program files (x86)/cypress/psoc creator/4.4/psoc creator/import/gnu/arm/5.4.1/bin/../lib/gcc/arm-none-eabi/5.4.1/armv7-m\libgcc.a(_arm_fixdfsi.o)
                0x0000919c                __aeabi_d2iz
                0x0000919c                __fixdfsi
 .text          0x000091ec       0x40 c:/program files (x86)/cypress/psoc creator/4.4/psoc creator/import/gnu/arm/5.4.1/bin/../lib/gcc/arm-none-eabi/5.4.1/armv7-m\libgcc.a(_arm_fixunsdfsi.o)
                0x000091ec                __aeabi_d2uiz
                0x000091ec                __fixunsdfsi
 .text          0x0000922c       0xa0 c:/program files (x86)/cypress/psoc creator/4.4/psoc creator/import/gnu/arm/5.4.1/bin/../lib/gcc/arm-none-eabi/5.4.1/armv7-m\libgcc.a(_arm_truncdfsf2.o)
                0x0000922c                __truncdfsf2
                0x0000922c                __aeabi_d2f
 .text          0x000092cc      0x21c c:/program files (x86)/cypress/psoc creator/4.4/psoc creator/import/gnu/arm/5.4.1/bin/../lib/gcc/arm-none-eabi/5.4.1/armv7-m\libgcc.a(_arm_addsubsf3.o)
                0x000092cc                __aeabi_frsub
                0x000092d4                __subsf3
                0x000092d4                __aeabi_fsub
                0x000092d8                __aeabi_fadd
                0x000092d8                __addsf3
                0x00009438                __aeabi_ui2f
                0x00009438                __floatunsisf
                0x00009440                __aeabi_i2f
                0x00009440                __floatsisf
                0x0000945c                __aeabi_ul2f
                0x0000945c                __floatundisf
                0x0000946c                __aeabi_l2f
                0x0000946c                __floatdisf
 .text          0x000094e8      0x2a0 c:/program files (x86)/cypress/psoc creator/4.4/psoc creator/import/gnu/arm/5.4.1/bin/../lib/gcc/arm-none-eabi/5.4.1/armv7-m\libgcc.a(_arm_muldivsf3.o)
                0x000094e8                __mulsf3
                0x000094e8                __aeabi_fmul
                0x00009650                __aeabi_fdiv
                0x00009650                __divsf3
 .text          0x00009788       0x4c c:/program files (x86)/cypress/psoc creator/4.4/psoc creator/import/gnu/arm/5.4.1/bin/../lib/gcc/arm-none-eabi/5.4.1/armv7-m\libgcc.a(_arm_fixsfsi.o)
                0x00009788                __aeabi_f2iz
                0x00009788                __fixsfsi
 .text.__errno  0x000097d4        0xc c:/program files (x86)/cypress/psoc creator/4.4/psoc creator/import/gnu/arm/5.4.1/bin/../lib/gcc/arm-none-eabi/5.4.1/../../../../arm-none-eabi/lib/armv7-m\libg_nano.a(lib_a-errno.o)
                0x000097d4                __errno
 .text.__libc_init_array
                0x000097e0       0x4c c:/program files (x86)/cypress/psoc creator/4.4/psoc creator/import/gnu/arm/5.4.1/bin/../lib/gcc/arm-none-eabi/5.4.1/../../../../arm-none-eabi/lib/armv7-m\libg_nano.a(lib_a-init.o)
                0x000097e0                __libc_init_array
 .text.memcpy   0x0000982c       0x16 c:/program files (x86)/cypress/psoc creator/4.4/psoc creator/import/gnu/arm/5.4.1/bin/../lib/gcc/arm-none-eabi/5.4.1/../../../../arm-none-eabi/lib/armv7-m\libg_nano.a(lib_a-memcpy-stub.o)
                0x0000982c                memcpy
 .text.memset   0x00009842       0x10 c:/program files (x86)/cypress/psoc creator/4.4/psoc creator/import/gnu/arm/5.4.1/bin/../lib/gcc/arm-none-eabi/5.4.1/../../../../arm-none-eabi/lib/armv7-m\libg_nano.a(lib_a-memset.o)
                0x00009842                memset
 *fill*         0x00009852        0x2 
 .text.sprintf  0x00009854       0x48 c:/program files (x86)/cypress/psoc creator/4.4/psoc creator/import/gnu/arm/5.4.1/bin/../lib/gcc/arm-none-eabi/5.4.1/../../../../arm-none-eabi/lib/armv7-m\libg_nano.a(lib_a-sprintf.o)
                0x00009854                siprintf
                0x00009854                sprintf
 .text.strncmp  0x0000989c       0x2a c:/program files (x86)/cypress/psoc creator/4.4/psoc creator/import/gnu/arm/5.4.1/bin/../lib/gcc/arm-none-eabi/5.4.1/../../../../arm-none-eabi/lib/armv7-m\libg_nano.a(lib_a-strncmp.o)
                0x0000989c                strncmp
 .text.strncpy  0x000098c6       0x26 c:/program files (x86)/cypress/psoc creator/4.4/psoc creator/import/gnu/arm/5.4.1/bin/../lib/gcc/arm-none-eabi/5.4.1/../../../../arm-none-eabi/lib/armv7-m\libg_nano.a(lib_a-strncpy.o)
                0x000098c6                strncpy
 .text.__ssputs_r
                0x000098ec       0xb2 c:/program files (x86)/cypress/psoc creator/4.4/psoc creator/import/gnu/arm/5.4.1/bin/../lib/gcc/arm-none-eabi/5.4.1/../../../../arm-none-eabi/lib/armv7-m\libg_nano.a(lib_a-nano-svfprintf.o)
                0x000098ec                __ssputs_r
 *fill*         0x0000999e        0x2 
 .text._svfprintf_r
                0x000099a0      0x1e8 c:/program files (x86)/cypress/psoc creator/4.4/psoc creator/import/gnu/arm/5.4.1/bin/../lib/gcc/arm-none-eabi/5.4.1/../../../../arm-none-eabi/lib/armv7-m\libg_nano.a(lib_a-nano-svfprintf.o)
                0x000099a0                _svfiprintf_r
                0x000099a0                _svfprintf_r
 .text._printf_common
                0x00009b88       0xec c:/program files (x86)/cypress/psoc creator/4.4/psoc creator/import/gnu/arm/5.4.1/bin/../lib/gcc/arm-none-eabi/5.4.1/../../../../arm-none-eabi/lib/armv7-m\libg_nano.a(lib_a-nano-vfprintf_i.o)
                0x00009b88                _printf_common
 .text._printf_i
                0x00009c74      0x24c c:/program files (x86)/cypress/psoc creator/4.4/psoc creator/import/gnu/arm/5.4.1/bin/../lib/gcc/arm-none-eabi/5.4.1/../../../../arm-none-eabi/lib/armv7-m\libg_nano.a(lib_a-nano-vfprintf_i.o)
                0x00009c74                _printf_i
 .text.memchr   0x00009ec0       0x1c c:/program files (x86)/cypress/psoc creator/4.4/psoc creator/import/gnu/arm/5.4.1/bin/../lib/gcc/arm-none-eabi/5.4.1/../../../../arm-none-eabi/lib/armv7-m\libg_nano.a(lib_a-memchr-stub.o)
                0x00009ec0                memchr
 .text.memmove  0x00009edc       0x36 c:/program files (x86)/cypress/psoc creator/4.4/psoc creator/import/gnu/arm/5.4.1/bin/../lib/gcc/arm-none-eabi/5.4.1/../../../../arm-none-eabi/lib/armv7-m\libg_nano.a(lib_a-memmove.o)
                0x00009edc                memmove
 *fill*         0x00009f12        0x2 
 .text._free_r  0x00009f14       0x98 c:/program files (x86)/cypress/psoc creator/4.4/psoc creator/import/gnu/arm/5.4.1/bin/../lib/gcc/arm-none-eabi/5.4.1/../../../../arm-none-eabi/lib/armv7-m\libg_nano.a(lib_a-nano-freer.o)
                0x00009f14                _free_r
 .text._malloc_r
                0x00009fac       0xbc c:/program files (x86)/cypress/psoc creator/4.4/psoc creator/import/gnu/arm/5.4.1/bin/../lib/gcc/arm-none-eabi/5.4.1/../../../../arm-none-eabi/lib/armv7-m\libg_nano.a(lib_a-nano-mallocr.o)
                0x00009fac                _malloc_r
 .text._realloc_r
                0x0000a068       0x4c c:/program files (x86)/cypress/psoc creator/4.4/psoc creator/import/gnu/arm/5.4.1/bin/../lib/gcc/arm-none-eabi/5.4.1/../../../../arm-none-eabi/lib/armv7-m\libg_nano.a(lib_a-nano-reallocr.o)
                0x0000a068                _realloc_r
 .text._sbrk_r  0x0000a0b4       0x20 c:/program files (x86)/cypress/psoc creator/4.4/psoc creator/import/gnu/arm/5.4.1/bin/../lib/gcc/arm-none-eabi/5.4.1/../../../../arm-none-eabi/lib/armv7-m\libg_nano.a(lib_a-sbrkr.o)
                0x0000a0b4                _sbrk_r
 .text.__malloc_lock
                0x0000a0d4        0x2 c:/program files (x86)/cypress/psoc creator/4.4/psoc creator/import/gnu/arm/5.4.1/bin/../lib/gcc/arm-none-eabi/5.4.1/../../../../arm-none-eabi/lib/armv7-m\libg_nano.a(lib_a-mlock.o)
                0x0000a0d4                __malloc_lock
 .text.__malloc_unlock
                0x0000a0d6        0x2 c:/program files (x86)/cypress/psoc creator/4.4/psoc creator/import/gnu/arm/5.4.1/bin/../lib/gcc/arm-none-eabi/5.4.1/../../../../arm-none-eabi/lib/armv7-m\libg_nano.a(lib_a-mlock.o)
                0x0000a0d6                __malloc_unlock
 .text._malloc_usable_size_r
                0x0000a0d8       0x14 c:/program files (x86)/cypress/psoc creator/4.4/psoc creator/import/gnu/arm/5.4.1/bin/../lib/gcc/arm-none-eabi/5.4.1/../../../../arm-none-eabi/lib/armv7-m\libg_nano.a(lib_a-nano-msizer.o)
                0x0000a0d8                _malloc_usable_size_r
 *(.plt)
 *(.gnu.warning)
 *(.glue_7t)
 .glue_7t       0x0000a0ec        0x0 linker stubs
 *(.glue_7)
 .glue_7        0x0000a0ec        0x0 linker stubs
 *(.vfp11_veneer)
 .vfp11_veneer  0x0000a0ec        0x0 linker stubs
 *(.bootloader)
 *(.ARM.extab* .gnu.linkonce.armextab.*)
 *(.gcc_except_table)

.v4_bx          0x0000a0ec        0x0
 .v4_bx         0x0000a0ec        0x0 linker stubs

.iplt           0x0000a0ec        0x0
 .iplt          0x0000a0ec        0x0 c:/program files (x86)/cypress/psoc creator/4.4/psoc creator/import/gnu/arm/5.4.1/bin/../lib/gcc/arm-none-eabi/5.4.1/armv7-m/crtbegin.o

.eh_frame_hdr
 *(.eh_frame_hdr)

.eh_frame       0x0000a0ec        0x4
 *(.eh_frame)
 .eh_frame      0x0000a0ec        0x0 c:/program files (x86)/cypress/psoc creator/4.4/psoc creator/import/gnu/arm/5.4.1/bin/../lib/gcc/arm-none-eabi/5.4.1/armv7-m/crtbegin.o
 .eh_frame      0x0000a0ec        0x4 c:/program files (x86)/cypress/psoc creator/4.4/psoc creator/import/gnu/arm/5.4.1/bin/../lib/gcc/arm-none-eabi/5.4.1/armv7-m/crtend.o
                [!provide]                PROVIDE (__exidx_start, .)

.ARM.exidx
 *(.ARM.exidx* .gnu.linkonce.armexidx.*)
                0x0000a0f0                __exidx_end = .

.rodata         0x0000a0f0     0x1cf0
 *(.rodata .rodata.* .gnu.linkonce.r.*)
 .rodata.str1.4
                0x0000a0f0       0x34 .\CortexM3\ARM_GCC_541\Debug\main.o
 .rodata.str1.4
                0x0000a124      0x9d1 .\CortexM3\ARM_GCC_541\Debug\AS76.o
                                0x9e5 (size before relaxing)
 *fill*         0x0000aaf5        0x3 
 .rodata        0x0000aaf8     0x1030 .\CortexM3\ARM_GCC_541\Debug\cyfitter_cfg.o
 .rodata.str1.4
                0x0000bb28       0x11 .\CortexM3\ARM_GCC_541\Debug\AS76_FFP9_6_GSV2.a(USB_std.o)
 *fill*         0x0000bb39        0x3 
 .rodata        0x0000bb3c      0x21a .\CortexM3\ARM_GCC_541\Debug\AS76_FFP9_6_GSV2.a(USB_descr.o)
                0x0000bb3c                USB_MSOS_CONFIGURATION_DESCR
                0x0000bb64                USB_MSOS_DESCRIPTOR
                0x0000bb78                USB_TABLE
                0x0000bb80                USB_DEVICE0_TABLE
                0x0000bb98                USB_DEVICE0_CONFIGURATION0_TABLE
                0x0000bbc0                USB_DEVICE0_CONFIGURATION0_INTERFACE_CLASS
                0x0000bbc4                USB_DEVICE0_CONFIGURATION0_EP_SETTINGS_TABLE
                0x0000bbdc                USB_HIDREPORT_DESCRIPTOR1
                0x0000bc14                USB_SN_STRING_DESCRIPTOR
                0x0000bc18                USB_STRING_DESCRIPTORS
                0x0000bd00                USB_DEVICE0_CONFIGURATION0_DESCR
                0x0000bd44                USB_DEVICE0_DESCR
 *fill*         0x0000bd56        0x2 
 .rodata.str1.4
                0x0000bd58        0x4 c:/program files (x86)/cypress/psoc creator/4.4/psoc creator/import/gnu/arm/5.4.1/bin/../lib/gcc/arm-none-eabi/5.4.1/../../../../arm-none-eabi/lib/armv7-m\libm.a(lib_a-w_pow.o)
 .rodata.str1.4
                0x0000bd5c        0x4 c:/program files (x86)/cypress/psoc creator/4.4/psoc creator/import/gnu/arm/5.4.1/bin/../lib/gcc/arm-none-eabi/5.4.1/../../../../arm-none-eabi/lib/armv7-m\libm.a(lib_a-e_pow.o)
                                  0x1 (size before relaxing)
 *fill*         0x0000bd5c        0x4 
 .rodata.TWO52  0x0000bd60       0x10 c:/program files (x86)/cypress/psoc creator/4.4/psoc creator/import/gnu/arm/5.4.1/bin/../lib/gcc/arm-none-eabi/5.4.1/../../../../arm-none-eabi/lib/armv7-m\libm.a(lib_a-s_rint.o)
 .rodata.str1.1
                0x0000bd70        0x2 c:/program files (x86)/cypress/psoc creator/4.4/psoc creator/import/gnu/arm/5.4.1/bin/../lib/gcc/arm-none-eabi/5.4.1/../../../../arm-none-eabi/lib/armv7-m\libg_nano.a(lib_a-impure.o)
 .rodata.str1.1
                0x0000bd72       0x11 c:/program files (x86)/cypress/psoc creator/4.4/psoc creator/import/gnu/arm/5.4.1/bin/../lib/gcc/arm-none-eabi/5.4.1/../../../../arm-none-eabi/lib/armv7-m\libg_nano.a(lib_a-nano-svfprintf.o)
 .rodata.str1.1
                0x0000bd83       0x22 c:/program files (x86)/cypress/psoc creator/4.4/psoc creator/import/gnu/arm/5.4.1/bin/../lib/gcc/arm-none-eabi/5.4.1/../../../../arm-none-eabi/lib/armv7-m\libg_nano.a(lib_a-nano-vfprintf_i.o)
                0x0000bda8                . = ALIGN (0x4)
 *fill*         0x0000bda5        0x3 
 *(.init)
 .init          0x0000bda8        0x4 c:/program files (x86)/cypress/psoc creator/4.4/psoc creator/import/gnu/arm/5.4.1/bin/../lib/gcc/arm-none-eabi/5.4.1/armv7-m/crti.o
                0x0000bda8                _init
 .init          0x0000bdac        0x8 c:/program files (x86)/cypress/psoc creator/4.4/psoc creator/import/gnu/arm/5.4.1/bin/../lib/gcc/arm-none-eabi/5.4.1/armv7-m/crtn.o
                0x0000bdb4                . = ALIGN (0x4)
                0x0000bdb4                __preinit_array_start = .
 *(.preinit_array)
                0x0000bdb4                __preinit_array_end = .
                0x0000bdb4                . = ALIGN (0x4)
                0x0000bdb4                __init_array_start = .
 *(SORT(.init_array.*))
 *(.init_array)
 .init_array    0x0000bdb4        0x4 c:/program files (x86)/cypress/psoc creator/4.4/psoc creator/import/gnu/arm/5.4.1/bin/../lib/gcc/arm-none-eabi/5.4.1/armv7-m/crtbegin.o
 .init_array    0x0000bdb8        0x4 .\CortexM3\ARM_GCC_541\Debug\Cm3Start.o
                0x0000bdbc                __init_array_end = .
                0x0000bdbc                . = ALIGN (0x4)
 *(.fini)
 .fini          0x0000bdbc        0x4 c:/program files (x86)/cypress/psoc creator/4.4/psoc creator/import/gnu/arm/5.4.1/bin/../lib/gcc/arm-none-eabi/5.4.1/armv7-m/crti.o
                0x0000bdbc                _fini
 .fini          0x0000bdc0        0x8 c:/program files (x86)/cypress/psoc creator/4.4/psoc creator/import/gnu/arm/5.4.1/bin/../lib/gcc/arm-none-eabi/5.4.1/armv7-m/crtn.o
                0x0000bdc8                . = ALIGN (0x4)
                0x0000bdc8                __fini_array_start = .
 *(.fini_array)
 .fini_array    0x0000bdc8        0x4 c:/program files (x86)/cypress/psoc creator/4.4/psoc creator/import/gnu/arm/5.4.1/bin/../lib/gcc/arm-none-eabi/5.4.1/armv7-m/crtbegin.o
 *(SORT(.fini_array.*))
                0x0000bdcc                __fini_array_end = .
                0x0000bdcc                . = ALIGN (0x4)
 *crtbegin.o(.ctors)
 *(EXCLUDE_FILE(*crtend.o) .ctors)
 *(SORT(.ctors.*))
 *crtend.o(.ctors)
                0x0000bdcc                . = ALIGN (0x4)
 *crtbegin.o(.dtors)
 *(EXCLUDE_FILE(*crtend.o) .dtors)
 *(SORT(.dtors.*))
 *crtend.o(.dtors)
                0x0000bdcc                . = ALIGN (0x4)
                0x0000bdcc                __cy_regions = .
                0x0000bdcc        0x4 LONG 0xbde0 __cy_region_init_ram
                0x0000bdd0        0x4 LONG 0x1fff80c8 __cy_region_start_data
                0x0000bdd4        0x4 LONG 0xd8 __cy_region_init_size_ram
                0x0000bdd8        0x4 LONG 0x298 __cy_region_zero_size_ram
                0x0000bddc                __cy_regions_end = .
                0x0000bde0                . = ALIGN (0x8)
 *fill*         0x0000bddc        0x4 
                0x0000bde0                _etext = .

.cy_checksum_exclude
                0x0000bde0        0x0
 *(.cy_checksum_exclude)

.ramvectors     0x1fff8000       0xc0
                0x1fff8000                __cy_region_start_ram = .
 *(.ramvectors)
 .ramvectors    0x1fff8000       0xc0 .\CortexM3\ARM_GCC_541\Debug\Cm3Start.o
                0x1fff8000                CyRamVectors

.noinit         0x1fff80c0        0x1
 *(.noinit)
 .noinit        0x1fff80c0        0x1 .\CortexM3\ARM_GCC_541\Debug\AS76_FFP9_6_GSV2.a(CyLib.o)
                0x1fff80c0                CyResetStatus

.data           0x1fff80c8       0xd8 load address 0x0000bde0
                0x1fff80c8                __cy_region_start_data = .
 *(.jcr)
 .jcr           0x1fff80c8        0x0 c:/program files (x86)/cypress/psoc creator/4.4/psoc creator/import/gnu/arm/5.4.1/bin/../lib/gcc/arm-none-eabi/5.4.1/armv7-m/crtbegin.o
 .jcr           0x1fff80c8        0x4 c:/program files (x86)/cypress/psoc creator/4.4/psoc creator/import/gnu/arm/5.4.1/bin/../lib/gcc/arm-none-eabi/5.4.1/armv7-m/crtend.o
 *(.got.plt)
 *(.got)
 *(.shdata)
 *(.data .data.* .gnu.linkonce.d.*)
 .data          0x1fff80cc        0x4 .\CortexM3\ARM_GCC_541\Debug\main.o
                0x1fff80cc                status_t
                0x1fff80cd                status_z
                0x1fff80ce                status_y
                0x1fff80cf                status_x
 .data          0x1fff80d0       0x39 .\CortexM3\ARM_GCC_541\Debug\AS76.o
                0x1fff80d0                z_microns
                0x1fff80d4                gsv2_microns
                0x1fff80d8                PWM_Condenser_comare_value
                0x1fff80ec                Motor_Speed_X
                0x1fff80f0                Motor_Speed_Y
                0x1fff80f4                Motor_Speed_Z
                0x1fff80f8                X_Pitchfactor
                0x1fff80fc                T_Pitchfactor
                0x1fff8100                Z_Pitchfactor
                0x1fff8104                Y_Pitchfactor
                0x1fff8108                Time_Out_Error
 *fill*         0x1fff8109        0x3 
 .data          0x1fff810c        0x4 .\CortexM3\ARM_GCC_541\Debug\Cm3Start.o
 .data          0x1fff8110       0x10 .\CortexM3\ARM_GCC_541\Debug\AS76_FFP9_6_GSV2.a(CyLib.o)
                0x1fff8110                cydelay_32k_ms
                0x1fff8114                cydelay_freq_khz
                0x1fff8118                cydelay_freq_mhz
                0x1fff811c                cydelay_freq_hz
 .data          0x1fff8120       0x1a .\CortexM3\ARM_GCC_541\Debug\AS76_FFP9_6_GSV2.a(USB_cdc.o)
                0x1fff8120                USB_linesCoding
 .data.__fdlib_version
                0x1fff813a        0x1 c:/program files (x86)/cypress/psoc creator/4.4/psoc creator/import/gnu/arm/5.4.1/bin/../lib/gcc/arm-none-eabi/5.4.1/../../../../arm-none-eabi/lib/armv7-m\libm.a(lib_a-s_lib_ver.o)
                0x1fff813a                __fdlib_version
 *fill*         0x1fff813b        0x1 
 .data.impure_data
                0x1fff813c       0x60 c:/program files (x86)/cypress/psoc creator/4.4/psoc creator/import/gnu/arm/5.4.1/bin/../lib/gcc/arm-none-eabi/5.4.1/../../../../arm-none-eabi/lib/armv7-m\libg_nano.a(lib_a-impure.o)
 .data._impure_ptr
                0x1fff819c        0x4 c:/program files (x86)/cypress/psoc creator/4.4/psoc creator/import/gnu/arm/5.4.1/bin/../lib/gcc/arm-none-eabi/5.4.1/../../../../arm-none-eabi/lib/armv7-m\libg_nano.a(lib_a-impure.o)
                0x1fff819c                _impure_ptr
                0x1fff81a0                . = ALIGN (0x8)
 *(.ram)
                0x1fff81a0                _edata = .

.igot.plt       0x1fff81a0        0x0 load address 0x0000beb8
 .igot.plt      0x1fff81a0        0x0 c:/program files (x86)/cypress/psoc creator/4.4/psoc creator/import/gnu/arm/5.4.1/bin/../lib/gcc/arm-none-eabi/5.4.1/armv7-m/crtbegin.o

.bss            0x1fff81a0      0x298 load address 0x0000beb8
                0x1fff81a0                PROVIDE (__bss_start__, .)
 *(.shbss)
 *(.bss .bss.* .gnu.linkonce.b.*)
 .bss           0x1fff81a0       0x1c c:/program files (x86)/cypress/psoc creator/4.4/psoc creator/import/gnu/arm/5.4.1/bin/../lib/gcc/arm-none-eabi/5.4.1/armv7-m/crtbegin.o
 .bss           0x1fff81bc       0x70 .\CortexM3\ARM_GCC_541\Debug\AS76.o
                0x1fff81bc                ms_count
                0x1fff81be                exit_loop
                0x1fff81bf                capture_flag
                0x1fff81c0                Z_QuadPosition
                0x1fff81c4                start_quadz
                0x1fff81c8                capture_flag_z
                0x1fff81cc                X_QuadPosition
                0x1fff81d0                start_quad
                0x1fff81d4                Y_QuadPosition
                0x1fff81d8                EncoderTZSelect
                0x1fff81dc                T_QuadPosition
                0x1fff81e0                Buffer_Z_QuadPosition
                0x1fff81e4                Buffer_T_QuadPosition
                0x1fff81e8                print_flag
                0x1fff81ec                PWM_barcode_comare_value
                0x1fff81f0                HomeY_done
                0x1fff81f4                Error
                0x1fff81f8                HomeX_done
                0x1fff81f9                HomeZ_done
                0x1fff81fb                HomeT_done
                0x1fff81fc                HomeX_done_Buffer
                0x1fff81fd                HomeY_done_Buffer
                0x1fff81fe                HomeZ_done_Buffer
                0x1fff81ff                HomeT_done_Buffer
                0x1fff8200                Input_Position_X_Temp
                0x1fff8204                Previous_X_Position
                0x1fff8208                Previous_Y_Position
                0x1fff820c                Previous_Z_Position
                0x1fff8210                Position_X_Requested
                0x1fff8214                Position_Y_Requested
                0x1fff8218                Position_Z_Requested
                0x1fff821c                Position_T_Requested
                0x1fff8220                time_ms
                0x1fff8224                oil_speed
                0x1fff8228                oil_dir
 .bss           0x1fff822c        0xc .\CortexM3\ARM_GCC_541\Debug\APA102.o
                0x1fff822c                BnB
                0x1fff822e                GnR
                0x1fff8230                STFB
                0x1fff8234                LedCnt
                0x1fff8235                MaxB
                0x1fff8236                B
                0x1fff8237                j
 .bss           0x1fff8238        0x1 .\CortexM3\ARM_GCC_541\Debug\AS76_FFP9_6_GSV2.a(SPIM.o)
                0x1fff8238                SPIM_initVar
 .bss           0x1fff8239        0x1 .\CortexM3\ARM_GCC_541\Debug\AS76_FFP9_6_GSV2.a(USB.o)
                0x1fff8239                USB_initVar
 .bss           0x1fff823a        0x1 .\CortexM3\ARM_GCC_541\Debug\AS76_FFP9_6_GSV2.a(USB_cdc.o)
 *fill*         0x1fff823b        0x1 
 .bss           0x1fff823c        0x2 .\CortexM3\ARM_GCC_541\Debug\AS76_FFP9_6_GSV2.a(USB_std.o)
 .bss           0x1fff823e        0x1 .\CortexM3\ARM_GCC_541\Debug\AS76_FFP9_6_GSV2.a(PWM_CondenserLED.o)
                0x1fff823e                PWM_CondenserLED_initVar
 .bss           0x1fff823f        0x1 .\CortexM3\ARM_GCC_541\Debug\AS76_FFP9_6_GSV2.a(QuadDec_X.o)
                0x1fff823f                QuadDec_X_initVar
 .bss           0x1fff8240        0x4 .\CortexM3\ARM_GCC_541\Debug\AS76_FFP9_6_GSV2.a(QuadDec_X_INT.o)
                0x1fff8240                QuadDec_X_count32SoftPart
 .bss           0x1fff8244        0x1 .\CortexM3\ARM_GCC_541\Debug\AS76_FFP9_6_GSV2.a(QuadDec_X_Cnt16.o)
                0x1fff8244                QuadDec_X_Cnt16_initVar
 .bss           0x1fff8245        0x7 .\CortexM3\ARM_GCC_541\Debug\AS76_FFP9_6_GSV2.a(UART_PCB_LOG.o)
                0x1fff8245                UART_PCB_LOG_errorStatus
                0x1fff8246                UART_PCB_LOG_initVar
                0x1fff8247                UART_PCB_LOG_rxBufferRead
                0x1fff8248                UART_PCB_LOG_rxBufferWrite
                0x1fff8249                UART_PCB_LOG_rxBufferLoopDetect
                0x1fff824a                UART_PCB_LOG_rxBufferOverflow
 .bss           0x1fff824c        0x1 .\CortexM3\ARM_GCC_541\Debug\AS76_FFP9_6_GSV2.a(QuadDec_TZ.o)
                0x1fff824c                QuadDec_TZ_initVar
 *fill*         0x1fff824d        0x3 
 .bss           0x1fff8250        0x4 .\CortexM3\ARM_GCC_541\Debug\AS76_FFP9_6_GSV2.a(QuadDec_TZ_INT.o)
                0x1fff8250                QuadDec_TZ_count32SoftPart
 .bss           0x1fff8254        0x1 .\CortexM3\ARM_GCC_541\Debug\AS76_FFP9_6_GSV2.a(PWM_Buzzer.o)
                0x1fff8254                PWM_Buzzer_initVar
 .bss           0x1fff8255        0x1 .\CortexM3\ARM_GCC_541\Debug\AS76_FFP9_6_GSV2.a(QuadDec_Y.o)
                0x1fff8255                QuadDec_Y_initVar
 *fill*         0x1fff8256        0x2 
 .bss           0x1fff8258        0x4 .\CortexM3\ARM_GCC_541\Debug\AS76_FFP9_6_GSV2.a(QuadDec_Y_INT.o)
                0x1fff8258                QuadDec_Y_count32SoftPart
 .bss           0x1fff825c        0x1 .\CortexM3\ARM_GCC_541\Debug\AS76_FFP9_6_GSV2.a(PWM_BarcodeCondenser_LED.o)
                0x1fff825c                PWM_BarcodeCondenser_LED_initVar
 .bss           0x1fff825d        0x1 .\CortexM3\ARM_GCC_541\Debug\AS76_FFP9_6_GSV2.a(QuadDec_TZ_Cnt16.o)
                0x1fff825d                QuadDec_TZ_Cnt16_initVar
 .bss           0x1fff825e        0x1 .\CortexM3\ARM_GCC_541\Debug\AS76_FFP9_6_GSV2.a(QuadDec_Y_Cnt16.o)
                0x1fff825e                QuadDec_Y_Cnt16_initVar
 .bss           0x1fff825f        0x1 .\CortexM3\ARM_GCC_541\Debug\AS76_FFP9_6_GSV2.a(wait_timer.o)
                0x1fff825f                wait_timer_initVar
 .bss.__malloc_sbrk_start
                0x1fff8260        0x4 c:/program files (x86)/cypress/psoc creator/4.4/psoc creator/import/gnu/arm/5.4.1/bin/../lib/gcc/arm-none-eabi/5.4.1/../../../../arm-none-eabi/lib/armv7-m\libg_nano.a(lib_a-nano-mallocr.o)
                0x1fff8260                __malloc_sbrk_start
 .bss.__malloc_free_list
                0x1fff8264        0x4 c:/program files (x86)/cypress/psoc creator/4.4/psoc creator/import/gnu/arm/5.4.1/bin/../lib/gcc/arm-none-eabi/5.4.1/../../../../arm-none-eabi/lib/armv7-m\libg_nano.a(lib_a-nano-mallocr.o)
                0x1fff8264                __malloc_free_list
 *(COMMON)
 COMMON         0x1fff8268       0x82 .\CortexM3\ARM_GCC_541\Debug\main.o
                0x1fff8268                Is_Slide_On_Gripper
                0x1fff826c                USB_received
                0x1fff82ac                count
                0x1fff82b0                USB_transmit
 *fill*         0x1fff82ea        0x2 
 COMMON         0x1fff82ec        0x4 .\CortexM3\ARM_GCC_541\Debug\AS76.o
                0x1fff82ec                command
 COMMON         0x1fff82f0        0x7 .\CortexM3\ARM_GCC_541\Debug\APA102.o
                0x1fff82f0                SPI_RGB_DATA
                0x1fff82f4                i
                0x1fff82f5                G
                0x1fff82f6                R
 *fill*         0x1fff82f7        0x1 
 COMMON         0x1fff82f8       0x18 .\CortexM3\ARM_GCC_541\Debug\AS76_FFP9_6_GSV2.a(SPIM.o)
                0x1fff82f8                SPIM_rxBufferFull
                0x1fff82fc                SPIM_txBuffer
                0x1fff8301                SPIM_swStatusTx
                0x1fff8304                SPIM_rxBuffer
                0x1fff830a                SPIM_txBufferFull
                0x1fff830b                SPIM_txBufferRead
                0x1fff830c                SPIM_rxBufferWrite
                0x1fff830d                SPIM_txBufferWrite
                0x1fff830e                SPIM_rxBufferRead
                0x1fff830f                SPIM_swStatusRx
 COMMON         0x1fff8310       0x16 .\CortexM3\ARM_GCC_541\Debug\AS76_FFP9_6_GSV2.a(USB_cdc.o)
                0x1fff8310                USB_linesControlBitmap
                0x1fff8314                USB_cdcCommInInterruptEp
                0x1fff8318                USB_serialStateBitmap
                0x1fff831c                USB_cdcDataOutEp
                0x1fff8320                USB_cdcDataInEp
                0x1fff8324                USB_linesChanged
 *fill*         0x1fff8326        0x2 
 COMMON         0x1fff8328       0x98 .\CortexM3\ARM_GCC_541\Debug\AS76_FFP9_6_GSV2.a(USB_drv.o)
                0x1fff8328                USB_transferState
                0x1fff8329                USB_interfaceNumber
                0x1fff832a                USB_lastPacketSize
                0x1fff832c                USB_interfaceClass
                0x1fff8330                USB_interfaceSetting
                0x1fff8332                USB_ep0Mode
                0x1fff8333                USB_device
                0x1fff8334                USB_deviceAddress
                0x1fff8335                USB_ep0Toggle
                0x1fff8338                USB_interfaceSettingLast
                0x1fff833a                USB_configurationChanged
                0x1fff833c                USB_interfaceStatus
                0x1fff833e                USB_transferByteCount
                0x1fff8340                USB_configuration
                0x1fff8344                USB_currentTD
                0x1fff8350                USB_ep0Count
                0x1fff8351                USB_deviceStatus
                0x1fff8354                USB_EP
 COMMON         0x1fff83c0        0xa .\CortexM3\ARM_GCC_541\Debug\AS76_FFP9_6_GSV2.a(USB_hid.o)
                0x1fff83c0                USB_hidProtocol
                0x1fff83c4                USB_hidIdleRate
                0x1fff83c8                USB_hidIdleTimer
 *fill*         0x1fff83ca        0x2 
 COMMON         0x1fff83cc       0x40 .\CortexM3\ARM_GCC_541\Debug\AS76_FFP9_6_GSV2.a(UART_PCB_LOG.o)
                0x1fff83cc                UART_PCB_LOG_rxBuffer
 COMMON         0x1fff840c       0x22 .\CortexM3\ARM_GCC_541\Debug\AS76_FFP9_6_GSV2.a(USB_descr.o)
                0x1fff840c                USB_idSerialNumberStringDescriptor
 *fill*         0x1fff842e        0x2 
 COMMON         0x1fff8430        0x4 c:/program files (x86)/cypress/psoc creator/4.4/psoc creator/import/gnu/arm/5.4.1/bin/../lib/gcc/arm-none-eabi/5.4.1/../../../../arm-none-eabi/lib/armv7-m\libg_nano.a(lib_a-reent.o)
                0x1fff8430                errno
                0x1fff8438                . = ALIGN (0x8)
 *fill*         0x1fff8434        0x4 
 *(.ram.b)
                0x1fff8438                _end = .
                0x1fff8438                __end = .
                0x1fff8438                PROVIDE (end, .)
                0x1fff8438                PROVIDE (__bss_end__, .)
                0x0000bde0                __cy_region_init_ram = LOADADDR (.data)
                0x000000d8                __cy_region_init_size_ram = (_edata - ADDR (.data))
                0x00000298                __cy_region_zero_size_ram = (_end - _edata)

.heap           0x1fff8438       0x80 load address 0x0000beb8
                0x1fff8438                . = _end
                0x1fff84b8                . = (. + 0x80)
 *fill*         0x1fff8438       0x80 
                0x1fff84b8                __cy_heap_limit = .

.stack          0x20007800      0x800
                0x20007800                __cy_stack_limit = .
                0x20008000                . = (. + 0x800)
 *fill*         0x20007800      0x800 
                0x00000001                ASSERT ((__cy_stack_limit >= __cy_heap_limit), region RAM overflowed with stack)
                0x00000000                cy_checksum_exclude_size = (CY_APPL_LOADABLE == 0x1)?SIZEOF (.cy_checksum_exclude):0x0
                0x00000001                ASSERT ((cy_checksum_exclude_size <= CY_CHECKSUM_EXCLUDE_SIZE), CY_BOOT: Section .cy_checksum_exclude size exceedes specified limit.)

.cyloadermeta
 *(.cyloadermeta)

.cyloadablemeta
 *(.cyloadablemeta)

.cyconfigecc
 *(.cyconfigecc)

.cycustnvl      0x90000000        0x4
 *(.cycustnvl)
 .cycustnvl     0x90000000        0x4 .\CortexM3\ARM_GCC_541\Debug\cymetadata.o
                0x90000000                cy_meta_custnvl

.cywolatch      0x90100000        0x4
 *(.cywolatch)
 .cywolatch     0x90100000        0x4 .\CortexM3\ARM_GCC_541\Debug\cymetadata.o
                0x90100000                cy_meta_wonvl

.cyeeprom       0x90200000        0x0
 *(.cyeeprom)
                0x00000001                ASSERT ((. <= ((0x90200000 + ee_offset) + ee_size)), .cyeeprom data will not fit in EEPROM)

.cyflashprotect
                0x90400000      0x100
 *(.cyflashprotect)
 .cyflashprotect
                0x90400000      0x100 .\CortexM3\ARM_GCC_541\Debug\cymetadata.o
                0x90400000                cy_meta_flashprotect

.cymeta         0x90500000        0xc
 *(.cymeta)
 .cymeta        0x90500000        0xc .\CortexM3\ARM_GCC_541\Debug\cymetadata.o
                0x90500000                cy_metadata

.rel.dyn        0x0000beb8        0x0 load address 0x9050000c
 .rel.iplt      0x0000beb8        0x0 c:/program files (x86)/cypress/psoc creator/4.4/psoc creator/import/gnu/arm/5.4.1/bin/../lib/gcc/arm-none-eabi/5.4.1/armv7-m/crtbegin.o

.stab
 *(.stab)

.stabstr
 *(.stabstr)

.debug
 *(.debug)

.line
 *(.line)

.debug_srcinfo
 *(.debug_srcinfo)

.debug_sfnames
 *(.debug_sfnames)

.debug_aranges  0x00000000     0x18b0
 *(.debug_aranges)
 .debug_aranges
                0x00000000       0x20 .\CortexM3\ARM_GCC_541\Debug\main.o
 .debug_aranges
                0x00000020      0x200 .\CortexM3\ARM_GCC_541\Debug\AS76.o
 .debug_aranges
                0x00000220       0x48 .\CortexM3\ARM_GCC_541\Debug\APA102.o
 .debug_aranges
                0x00000268       0x60 .\CortexM3\ARM_GCC_541\Debug\cyfitter_cfg.o
 .debug_aranges
                0x000002c8       0x18 .\CortexM3\ARM_GCC_541\Debug\cymetadata.o
 .debug_aranges
                0x000002e0       0x48 .\CortexM3\ARM_GCC_541\Debug\Cm3Start.o
 .debug_aranges
                0x00000328       0x38 .\CortexM3\ARM_GCC_541\Debug\AS76_FFP9_6_GSV2.a(Pin_CSMotorX.o)
 .debug_aranges
                0x00000360       0x38 .\CortexM3\ARM_GCC_541\Debug\AS76_FFP9_6_GSV2.a(Pin_CSMotorY.o)
 .debug_aranges
                0x00000398       0x38 .\CortexM3\ARM_GCC_541\Debug\AS76_FFP9_6_GSV2.a(Pin_CSMotorZ.o)
 .debug_aranges
                0x000003d0       0xd8 .\CortexM3\ARM_GCC_541\Debug\AS76_FFP9_6_GSV2.a(SPIM.o)
 .debug_aranges
                0x000004a8       0x28 .\CortexM3\ARM_GCC_541\Debug\AS76_FFP9_6_GSV2.a(SPIM_INT.o)
 .debug_aranges
                0x000004d0      0x2a0 .\CortexM3\ARM_GCC_541\Debug\AS76_FFP9_6_GSV2.a(CyLib.o)
 .debug_aranges
                0x00000770       0x98 .\CortexM3\ARM_GCC_541\Debug\AS76_FFP9_6_GSV2.a(cyPm.o)
 .debug_aranges
                0x00000808       0xc8 .\CortexM3\ARM_GCC_541\Debug\AS76_FFP9_6_GSV2.a(USB.o)
 .debug_aranges
                0x000008d0       0xe8 .\CortexM3\ARM_GCC_541\Debug\AS76_FFP9_6_GSV2.a(USB_cdc.o)
 .debug_aranges
                0x000009b8       0x98 .\CortexM3\ARM_GCC_541\Debug\AS76_FFP9_6_GSV2.a(USB_drv.o)
 .debug_aranges
                0x00000a50       0x40 .\CortexM3\ARM_GCC_541\Debug\AS76_FFP9_6_GSV2.a(USB_episr.o)
 .debug_aranges
                0x00000a90       0x48 .\CortexM3\ARM_GCC_541\Debug\AS76_FFP9_6_GSV2.a(USB_hid.o)
 .debug_aranges