Archive member included to satisfy reference by file (symbol)

.\CortexM3\ARM_GCC_541\Debug\AS76_FFP9_6_GSV2.a(Pin_CSMotorX.o)
                              .\CortexM3\ARM_GCC_541\Debug\AS76.o (Pin_CSMotorX_Write)
.\CortexM3\ARM_GCC_541\Debug\AS76_FFP9_6_GSV2.a(Pin_CSMotorY.o)
                              .\CortexM3\ARM_GCC_541\Debug\AS76.o (Pin_CSMotorY_Write)
.\CortexM3\ARM_GCC_541\Debug\AS76_FFP9_6_GSV2.a(Pin_CSMotorZ.o)
                              .\CortexM3\ARM_GCC_541\Debug\AS76.o (Pin_CSMotorZ_Write)
.\CortexM3\ARM_GCC_541\Debug\AS76_FFP9_6_GSV2.a(SPIM.o)
                              .\CortexM3\ARM_GCC_541\Debug\AS76.o (SPIM_WriteTxData)
.\CortexM3\ARM_GCC_541\Debug\AS76_FFP9_6_GSV2.a(SPIM_INT.o)
                              .\CortexM3\ARM_GCC_541\Debug\AS76_FFP9_6_GSV2.a(SPIM.o) (SPIM_TX_ISR)
.\CortexM3\ARM_GCC_541\Debug\AS76_FFP9_6_GSV2.a(CyLib.o)
                              .\CortexM3\ARM_GCC_541\Debug\Cm3Start.o (CyHalt)
.\CortexM3\ARM_GCC_541\Debug\AS76_FFP9_6_GSV2.a(cyPm.o)
                              .\CortexM3\ARM_GCC_541\Debug\AS76_FFP9_6_GSV2.a(CyLib.o) (CyPmReadStatus)
.\CortexM3\ARM_GCC_541\Debug\AS76_FFP9_6_GSV2.a(USB.o)
                              .\CortexM3\ARM_GCC_541\Debug\AS76.o (USB_Start)
.\CortexM3\ARM_GCC_541\Debug\AS76_FFP9_6_GSV2.a(USB_cdc.o)
                              .\CortexM3\ARM_GCC_541\Debug\AS76.o (USB_CDC_Init)
.\CortexM3\ARM_GCC_541\Debug\AS76_FFP9_6_GSV2.a(USB_drv.o)
                              .\CortexM3\ARM_GCC_541\Debug\AS76_FFP9_6_GSV2.a(USB.o) (USB_lastPacketSize)
.\CortexM3\ARM_GCC_541\Debug\AS76_FFP9_6_GSV2.a(USB_episr.o)
                              .\CortexM3\ARM_GCC_541\Debug\AS76_FFP9_6_GSV2.a(USB.o) (USB_EP_1_ISR)
.\CortexM3\ARM_GCC_541\Debug\AS76_FFP9_6_GSV2.a(USB_hid.o)
                              .\CortexM3\ARM_GCC_541\Debug\AS76_FFP9_6_GSV2.a(USB.o) (USB_hidProtocol)
.\CortexM3\ARM_GCC_541\Debug\AS76_FFP9_6_GSV2.a(USB_pm.o)
                              .\CortexM3\ARM_GCC_541\Debug\AS76_FFP9_6_GSV2.a(USB.o) (USB_DP_ISR)
.\CortexM3\ARM_GCC_541\Debug\AS76_FFP9_6_GSV2.a(USB_std.o)
                              .\CortexM3\ARM_GCC_541\Debug\AS76_FFP9_6_GSV2.a(USB_pm.o) (USB_ConfigReg)
.\CortexM3\ARM_GCC_541\Debug\AS76_FFP9_6_GSV2.a(USB_vnd.o)
                              .\CortexM3\ARM_GCC_541\Debug\AS76_FFP9_6_GSV2.a(USB_drv.o) (USB_HandleVendorRqst)
.\CortexM3\ARM_GCC_541\Debug\AS76_FFP9_6_GSV2.a(USB_Dp.o)
                              .\CortexM3\ARM_GCC_541\Debug\AS76_FFP9_6_GSV2.a(USB.o) (USB_Dp_ClearInterrupt)
.\CortexM3\ARM_GCC_541\Debug\AS76_FFP9_6_GSV2.a(PWM_CondenserLED.o)
                              .\CortexM3\ARM_GCC_541\Debug\main.o (PWM_CondenserLED_WriteCompare)
.\CortexM3\ARM_GCC_541\Debug\AS76_FFP9_6_GSV2.a(SPIM_IntClock.o)
                              .\CortexM3\ARM_GCC_541\Debug\AS76_FFP9_6_GSV2.a(SPIM.o) (SPIM_IntClock_Start)
.\CortexM3\ARM_GCC_541\Debug\AS76_FFP9_6_GSV2.a(QuadDec_X.o)
                              .\CortexM3\ARM_GCC_541\Debug\AS76.o (QuadDec_X_GetCounter)
.\CortexM3\ARM_GCC_541\Debug\AS76_FFP9_6_GSV2.a(QuadDec_X_INT.o)
                              .\CortexM3\ARM_GCC_541\Debug\AS76_FFP9_6_GSV2.a(QuadDec_X.o) (QuadDec_X_ISR)
.\CortexM3\ARM_GCC_541\Debug\AS76_FFP9_6_GSV2.a(QuadDec_X_Cnt16.o)
                              .\CortexM3\ARM_GCC_541\Debug\AS76_FFP9_6_GSV2.a(QuadDec_X.o) (QuadDec_X_Cnt16_Stop)
.\CortexM3\ARM_GCC_541\Debug\AS76_FFP9_6_GSV2.a(UART_PCB_LOG.o)
                              .\CortexM3\ARM_GCC_541\Debug\main.o (UART_PCB_LOG_Start)
.\CortexM3\ARM_GCC_541\Debug\AS76_FFP9_6_GSV2.a(UART_PCB_LOG_INT.o)
                              .\CortexM3\ARM_GCC_541\Debug\AS76_FFP9_6_GSV2.a(UART_PCB_LOG.o) (UART_PCB_LOG_RXISR)
.\CortexM3\ARM_GCC_541\Debug\AS76_FFP9_6_GSV2.a(UART_PCB_LOG_IntClock.o)
                              .\CortexM3\ARM_GCC_541\Debug\AS76_FFP9_6_GSV2.a(UART_PCB_LOG.o) (UART_PCB_LOG_IntClock_Start)
.\CortexM3\ARM_GCC_541\Debug\AS76_FFP9_6_GSV2.a(Pin_Backlight.o)
                              .\CortexM3\ARM_GCC_541\Debug\main.o (Pin_Backlight_Write)
.\CortexM3\ARM_GCC_541\Debug\AS76_FFP9_6_GSV2.a(LED2.o)
                              .\CortexM3\ARM_GCC_541\Debug\main.o (LED2_Write)
.\CortexM3\ARM_GCC_541\Debug\AS76_FFP9_6_GSV2.a(Pin_CSMotorO.o)
                              .\CortexM3\ARM_GCC_541\Debug\AS76.o (Pin_CSMotorO_Write)
.\CortexM3\ARM_GCC_541\Debug\AS76_FFP9_6_GSV2.a(Pin_CSMotorT.o)
                              .\CortexM3\ARM_GCC_541\Debug\AS76.o (Pin_CSMotorT_Write)
.\CortexM3\ARM_GCC_541\Debug\AS76_FFP9_6_GSV2.a(QuadDec_TZ.o)
                              .\CortexM3\ARM_GCC_541\Debug\AS76.o (QuadDec_TZ_GetCounter)
.\CortexM3\ARM_GCC_541\Debug\AS76_FFP9_6_GSV2.a(QuadDec_TZ_INT.o)
                              .\CortexM3\ARM_GCC_541\Debug\AS76_FFP9_6_GSV2.a(QuadDec_TZ.o) (QuadDec_TZ_ISR)
.\CortexM3\ARM_GCC_541\Debug\AS76_FFP9_6_GSV2.a(PWM_Buzzer.o)
                              .\CortexM3\ARM_GCC_541\Debug\AS76.o (PWM_Buzzer_WriteCompare)
[...]
Memory Configuration

Name             Origin             Length             Attributes
rom              0x00000000         0x00040000         xr
ram              0x1fff8000         0x00010000         xrw
*default*        0x00000000         0xffffffff

Linker script and memory map

LOAD c:/program files (x86)/cypress/psoc creator/4.4/psoc creator/import/gnu/arm/5.4.1/bin/../lib/gcc/arm-none-eabi/5.4.1/armv7-m/crti.o
LOAD c:/program files (x86)/cypress/psoc creator/4.4/psoc creator/import/gnu/arm/5.4.1/bin/../lib/gcc/arm-none-eabi/5.4.1/armv7-m/crtbegin.o
LOAD c:/program files (x86)/cypress/psoc creator/4.4/psoc creator/import/gnu/arm/5.4.1/bin/../lib/gcc/arm-none-eabi/5.4.1/../../../../arm-none-eabi/lib/armv7-m/crt0.o
START GROUP
LOAD .\CortexM3\ARM_GCC_541\Debug\main.o
LOAD .\CortexM3\ARM_GCC_541\Debug\AS76.o
LOAD .\CortexM3\ARM_GCC_541\Debug\APA102.o
LOAD .\CortexM3\ARM_GCC_541\Debug\cyfitter_cfg.o
LOAD .\CortexM3\ARM_GCC_541\Debug\cymetadata.o
LOAD .\CortexM3\ARM_GCC_541\Debug\Cm3Start.o
LOAD .\CortexM3\ARM_GCC_541\Debug\AS76_FFP9_6_GSV2.a
LOAD C:\Program Files (x86)\Cypress\PSoC Creator\4.4\PSoC Creator\psoc\content\cycomponentlibrary\CyComponentLibrary.cylib\CortexM3\ARM_GCC_541\Debug\CyComponentLibrary.a
LOAD c:/program files (x86)/cypress/psoc creator/4.4/psoc creator/import/gnu/arm/5.4.1/bin/../lib/gcc/arm-none-eabi/5.4.1/../../../../arm-none-eabi/lib/armv7-m\libm.a
END GROUP
START GROUP
LOAD c:/program files (x86)/cypress/psoc creator/4.4/psoc creator/import/gnu/arm/5.4.1/bin/../lib/gcc/arm-none-eabi/5.4.1/armv7-m\libgcc.a
LOAD c:/program files (x86)/cypress/psoc creator/4.4/psoc creator/import/gnu/arm/5.4.1/bin/../lib/gcc/arm-none-eabi/5.4.1/../../../../arm-none-eabi/lib/armv7-m\libg_nano.a
LOAD c:/program files (x86)/cypress/psoc creator/4.4/psoc creator/import/gnu/arm/5.4.1/bin/../lib/gcc/arm-none-eabi/5.4.1/../../../../arm-none-eabi/lib/armv7-m\libc_nano.a
END GROUP
START GROUP
LOAD c:/program files (x86)/cypress/psoc creator/4.4/psoc creator/import/gnu/arm/5.4.1/bin/../lib/gcc/arm-none-eabi/5.4.1/armv7-m\libgcc.a
LOAD c:/program files (x86)/cypress/psoc creator/4.4/psoc creator/import/gnu/arm/5.4.1/bin/../lib/gcc/arm-none-eabi/5.4.1/../../../../arm-none-eabi/lib/armv7-m\libc_nano.a
END GROUP
LOAD c:/program files (x86)/cypress/psoc creator/4.4/psoc creator/import/gnu/arm/5.4.1/bin/../lib/gcc/arm-none-eabi/5.4.1/armv7-m/crtend.o
LOAD c:/program files (x86)/cypress/psoc creator/4.4/psoc creator/import/gnu/arm/5.4.1/bin/../lib/gcc/arm-none-eabi/5.4.1/armv7-m/crtn.o
START GROUP
LOAD c:/program files (x86)/cypress/psoc creator/4.4/psoc creator/import/gnu/arm/5.4.1/bin/../lib/gcc/arm-none-eabi/5.4.1/armv7-m\libgcc.a
LOAD c:/program files (x86)/cypress/psoc creator/4.4/psoc creator/import/gnu/arm/5.4.1/bin/../lib/gcc/arm-none-eabi/5.4.1/../../../../arm-none-eabi/lib/armv7-m\libc.a
LOAD c:/program files (x86)/cypress/psoc creator/4.4/psoc creator/import/gnu/arm/5.4.1/bin/../lib/gcc/arm-none-eabi/5.4.1/../../../../arm-none-eabi/lib/armv7-m\libnosys.a
END GROUP
                0x00000000                CY_APPL_ORIGIN = 0x0
                0x00000100                CY_FLASH_ROW_SIZE = 0x100
                0x00000020                CY_ECC_ROW_SIZE = 0x20
                0x00000000                CY_EE_IN_BTLDR = 0x0
                0x00000000                CY_APPL_LOADABLE = 0x0
                0x00000800                CY_EE_SIZE = 0x800
                0x00000001                CY_APPL_NUM = 0x1
                0x00000001                CY_APPL_MAX = 0x1
                0x00000040                CY_METADATA_SIZE = 0x40
                0x00000000                CY_APPL_LOADABLE = 0x0
                0x00000000                CY_CHECKSUM_EXCLUDE_SIZE = ALIGN (0x0, CY_FLASH_ROW_SIZE)
                [!provide]                PROVIDE (__cy_heap_start, _end)
                0x00000001                PROVIDE (__cy_region_num, ((__cy_regions_end - __cy_regions) / 0x10))
                0x20008000                PROVIDE (__cy_stack, (ORIGIN (ram) + LENGTH (ram)))
                [!provide]                PROVIDE (__cy_heap_end, (__cy_stack - 0x800))

.cybootloader   0x00000000        0x0
 *(.cybootloader)
                0x00000000                appl1_start = CY_APPL_ORIGIN?CY_APPL_ORIGIN:ALIGN (CY_FLASH_ROW_SIZE)
                0x0001ff00                appl2_start = (appl1_start + ALIGN ((((LENGTH (rom) - appl1_start) - (0x2 * CY_FLASH_ROW_SIZE)) / 0x2), CY_FLASH_ROW_SIZE))
                0x00000000                appl_start = (CY_APPL_NUM == 0x1)?appl1_start:appl2_start
                0x00000000                ecc_offset = ((appl_start / CY_FLASH_ROW_SIZE) * CY_ECC_ROW_SIZE)
                0x00000000                ee_offset = (CY_APPL_LOADABLE && ! (CY_EE_IN_BTLDR))?((CY_EE_SIZE / CY_APPL_MAX) * (CY_APPL_NUM - 0x1)):0x0
                0x00000800                ee_size = (CY_APPL_LOADABLE && ! (CY_EE_IN_BTLDR))?(CY_EE_SIZE / CY_APPL_MAX):CY_EE_SIZE
                [!provide]                PROVIDE (CY_ECC_OFFSET, ecc_offset)

.text           0x00000000     0x9f74
 CREATE_OBJECT_SYMBOLS
                0x00000000                PROVIDE (__cy_interrupt_vector, RomVectors)
 *(.romvectors)
 .romvectors    0x00000000       0x10 .\CortexM3\ARM_GCC_541\Debug\Cm3Start.o
                0x00000000                RomVectors
                0x00000001                ASSERT ((. != __cy_interrupt_vector), No interrupt vector)
                0x00000001                ASSERT (CY_APPL_ORIGIN?(SIZEOF (.cybootloader) <= CY_APPL_ORIGIN):0x1, Wrong image location)
                0x00000010                PROVIDE (__cy_reset, Reset)
 *(.text.Reset)
 .text.Reset    0x00000010       0x18 .\CortexM3\ARM_GCC_541\Debug\Cm3Start.o
                0x00000010                Reset
                0x00000001                ASSERT ((. != __cy_reset), No reset code)
 *(.dma_init)
                0x00000001                ASSERT ((((appl_start + .) <= 0x10000) || 0x1), DMA Init must be within the first 64k of flash)
 *(.text .text.* .gnu.linkonce.t.*)
 .text          0x00000028       0x5c c:/program files (x86)/cypress/psoc creator/4.4/psoc creator/import/gnu/arm/5.4.1/bin/../lib/gcc/arm-none-eabi/5.4.1/armv7-m/crtbegin.o
 .text.main     0x00000084      0x120 .\CortexM3\ARM_GCC_541\Debug\main.o
                0x00000084                main
 .text.wait_interrupt_Handler
                0x000001a4       0x24 .\CortexM3\ARM_GCC_541\Debug\AS76.o
                0x000001a4                wait_interrupt_Handler
 .text.Quad_Timer3
                0x000001c8       0x20 .\CortexM3\ARM_GCC_541\Debug\AS76.o
                0x000001c8                Quad_Timer3
 .text.Quad_Timer
                0x000001e8       0x2c .\CortexM3\ARM_GCC_541\Debug\AS76.o
                0x000001e8                Quad_Timer
 .text.Quad_Timer0
                0x00000214       0x2c .\CortexM3\ARM_GCC_541\Debug\AS76.o
                0x00000214                Quad_Timer0
 .text.Quad_Timer1
                0x00000240       0x2c .\CortexM3\ARM_GCC_541\Debug\AS76.o
                0x00000240                Quad_Timer1
 .text.Quad_Timer2
                0x0000026c       0x2c .\CortexM3\ARM_GCC_541\Debug\AS76.o
                0x0000026c                Quad_Timer2
 .text.Initialize_PWM
                0x00000298       0x50 .\CortexM3\ARM_GCC_541\Debug\AS76.o
                0x00000298                Initialize_PWM
 .text.Enable_Encoder_T
                0x000002e8       0x18 .\CortexM3\ARM_GCC_541\Debug\AS76.o
                0x000002e8                Enable_Encoder_T
 .text.Enable_Encoder_Z
                0x00000300       0x18 .\CortexM3\ARM_GCC_541\Debug\AS76.o
                0x00000300                Enable_Encoder_Z
 .text.Initialize_And_Start_All_Opt_Encoder
                0x00000318       0x2c .\CortexM3\ARM_GCC_541\Debug\AS76.o
                0x00000318                Initialize_And_Start_All_Opt_Encoder
 .text.Read_All_Optical_Encoder
                0x00000344       0x44 .\CortexM3\ARM_GCC_541\Debug\AS76.o
                0x00000344                Read_All_Optical_Encoder
 .text.Write_Debug_UART_Char
                0x00000388       0x3c .\CortexM3\ARM_GCC_541\Debug\AS76.o
                0x00000388                Write_Debug_UART_Char
 .text.Beep_Twice
                0x000003c4       0x40 .\CortexM3\ARM_GCC_541\Debug\AS76.o
                0x000003c4                Beep_Twice
 *fill*         0x00000404        0x4 
 .text.Send_Feedback_to_USB
                0x00000408      0x300 .\CortexM3\ARM_GCC_541\Debug\AS76.o
                0x00000408                Send_Feedback_to_USB
 .text.Initialize_USB
                0x00000708       0x38 .\CortexM3\ARM_GCC_541\Debug\AS76.o
                0x00000708                Initialize_USB
 .text.Write_Debug_UART_Int
                0x00000740       0x34 .\CortexM3\ARM_GCC_541\Debug\AS76.o
                0x00000740                Write_Debug_UART_Int
 *fill*         0x00000774        0x4 
 .text.set_BarcodeCondenser_LED
                0x00000778       0x70 .\CortexM3\ARM_GCC_541\Debug\AS76.o
                0x00000778                set_BarcodeCondenser_LED
 .text.set_CondenserLED
                0x000007e8       0x70 .\CortexM3\ARM_GCC_541\Debug\AS76.o
                0x000007e8                set_CondenserLED
 .text.UART_print_all_values
                0x00000858       0x24 .\CortexM3\ARM_GCC_541\Debug\AS76.o
                0x00000858                UART_print_all_values
 .text.if_all_homing_done
                0x0000087c       0x74 .\CortexM3\ARM_GCC_541\Debug\AS76.o
                0x0000087c                if_all_homing_done
 .text.Is_USB_Unpluged
                0x000008f0       0x40 .\CortexM3\ARM_GCC_541\Debug\AS76.o
                0x000008f0                Is_USB_Unpluged
 .text.Data_To_Transfer
                0x00000930       0x10 .\CortexM3\ARM_GCC_541\Debug\AS76.o
                0x00000930                Data_To_Transfer
 .text.SPI_MOTOR_CHIP_SELECT
                0x00000940       0x98 .\CortexM3\ARM_GCC_541\Debug\AS76.o
                0x00000940                SPI_MOTOR_CHIP_SELECT
 .text.Read_32bitSPI_DATA
                0x000009d8       0xec .\CortexM3\ARM_GCC_541\Debug\AS76.o
                0x000009d8                Read_32bitSPI_DATA
 .text.Write_32bitSPI_DATA
                0x00000ac4       0x40 .\CortexM3\ARM_GCC_541\Debug\AS76.o
                0x00000ac4                Write_32bitSPI_DATA
 .text.GotoPos  0x00000b04       0x28 .\CortexM3\ARM_GCC_541\Debug\AS76.o
                0x00000b04                GotoPos
 .text.Initialize_Motor
                0x00000b2c      0x288 .\CortexM3\ARM_GCC_541\Debug\AS76.o
                0x00000b2c                Initialize_Motor
 .text.WaitTillPositionReached
                0x00000db4       0x58 .\CortexM3\ARM_GCC_541\Debug\AS76.o
                0x00000db4                WaitTillPositionReached
 *fill*         0x00000e0c        0x4 
 .text.Step_correction_x
                0x00000e10      0x190 .\CortexM3\ARM_GCC_541\Debug\AS76.o
                0x00000e10                Step_correction_x
 .text.goTo_X   0x00000fa0       0x7c .\CortexM3\ARM_GCC_541\Debug\AS76.o
                0x00000fa0                goTo_X
 *fill*         0x0000101c        0x4 
 .text.Step_correction_y
                0x00001020      0x180 .\CortexM3\ARM_GCC_541\Debug\AS76.o
                0x00001020                Step_correction_y
 .text.goTo_Y   0x000011a0       0x74 .\CortexM3\ARM_GCC_541\Debug\AS76.o
                0x000011a0                goTo_Y
 *fill*         0x00001214        0x4 
 .text.Step_correction_z
                0x00001218      0x164 .\CortexM3\ARM_GCC_541\Debug\AS76.o
                0x00001218                Step_correction_z
 .text.goTo_Z   0x0000137c       0x84 .\CortexM3\ARM_GCC_541\Debug\AS76.o
                0x0000137c                goTo_Z
 .text.Step_correction_t
                0x00001400       0xf0 .\CortexM3\ARM_GCC_541\Debug\AS76.o
                0x00001400                Step_correction_t
 .text.goTo_T   0x000014f0       0x90 .\CortexM3\ARM_GCC_541\Debug\AS76.o
                0x000014f0                goTo_T
 .text.goTo_XYZ
                0x00001580       0xcc .\CortexM3\ARM_GCC_541\Debug\AS76.o
                0x00001580                goTo_XYZ
 .text.update_max_velocity
                0x0000164c       0x10 .\CortexM3\ARM_GCC_541\Debug\AS76.o
                0x0000164c                update_max_velocity
 .text.homeX    0x0000165c      0x1ec .\CortexM3\ARM_GCC_541\Debug\AS76.o
                0x0000165c                homeX
 .text.homeY    0x00001848      0x1ec .\CortexM3\ARM_GCC_541\Debug\AS76.o
                0x00001848                homeY
 .text.homeZ    0x00001a34      0x1e0 .\CortexM3\ARM_GCC_541\Debug\AS76.o
                0x00001a34                homeZ
 .text.homeT    0x00001c14      0x174 .\CortexM3\ARM_GCC_541\Debug\AS76.o
                0x00001c14                homeT
 .text.run_pump
                0x00001d88      0x1b8 .\CortexM3\ARM_GCC_541\Debug\AS76.o
                0x00001d88                run_pump
 .text.run_pumpvs
                0x00001f40       0x80 .\CortexM3\ARM_GCC_541\Debug\AS76.o
                0x00001f40                run_pumpvs
 .text.GsV2     0x00001fc0       0xc4 .\CortexM3\ARM_GCC_541\Debug\AS76.o
                0x00001fc0                GsV2
 *fill*         0x00002084        0x4 
 .text.GsV2_1   0x00002088      0x26c .\CortexM3\ARM_GCC_541\Debug\AS76.o
                0x00002088                GsV2_1
 *fill*         0x000022f4        0x4 
 .text.GsV2_2   0x000022f8      0x274 .\CortexM3\ARM_GCC_541\Debug\AS76.o
                0x000022f8                GsV2_2
 *fill*         0x0000256c        0x4 
 .text.GsV2_LR  0x00002570      0x2b4 .\CortexM3\ARM_GCC_541\Debug\AS76.o
                0x00002570                GsV2_LR
 *fill*         0x00002824        0x4 
 .text.GsV2_2_Z
                0x00002828      0x230 .\CortexM3\ARM_GCC_541\Debug\AS76.o
                0x00002828                GsV2_2_Z
 .text.Process_USB_Data
                0x00002a58     0x15b0 .\CortexM3\ARM_GCC_541\Debug\AS76.o
                0x00002a58                Process_USB_Data
 .text.LedFrame
                0x00004008       0x1c .\CortexM3\ARM_GCC_541\Debug\APA102.o
                0x00004008                LedFrame
 .text.RGB_Byte_TxOp
                0x00004024       0x38 .\CortexM3\ARM_GCC_541\Debug\APA102.o
                0x00004024                RGB_Byte_TxOp
 .text.BF2      0x0000405c       0x54 .\CortexM3\ARM_GCC_541\Debug\APA102.o
                0x0000405c                BF2
 .text.Ring     0x000040b0      0x324 .\CortexM3\ARM_GCC_541\Debug\APA102.o
                0x000040b0                Ring
 .text.BF22     0x000043d4      0x2a0 .\CortexM3\ARM_GCC_541\Debug\APA102.o
                0x000043d4                BF22
 .text.CyClockStartupError
                0x00004674        0x4 .\CortexM3\ARM_GCC_541\Debug\cyfitter_cfg.o
 .text.cfg_write_bytes32
                0x00004678       0x34 .\CortexM3\ARM_GCC_541\Debug\cyfitter_cfg.o
 .text.AnalogSetDefault
                0x000046ac       0x28 .\CortexM3\ARM_GCC_541\Debug\cyfitter_cfg.o
 .text.CYMEMZERO
                0x000046d4        0xc .\CortexM3\ARM_GCC_541\Debug\cyfitter_cfg.o
 .text.CYCONFIGCPYCODE
                0x000046e0        0x8 .\CortexM3\ARM_GCC_541\Debug\cyfitter_cfg.o
 .text.CYCONFIGCPY
                0x000046e8        0x8 .\CortexM3\ARM_GCC_541\Debug\cyfitter_cfg.o
 .text.ClockSetup
                0x000046f0       0xe8 .\CortexM3\ARM_GCC_541\Debug\cyfitter_cfg.o
 .text.cyfitter_cfg
                0x000047d8      0x180 .\CortexM3\ARM_GCC_541\Debug\cyfitter_cfg.o
                0x000047d8                cyfitter_cfg
 .text.IntDefaultHandler
                0x00004958       0x10 .\CortexM3\ARM_GCC_541\Debug\Cm3Start.o
                0x00004958                IntDefaultHandler
 .text._sbrk    0x00004968       0x30 .\CortexM3\ARM_GCC_541\Debug\Cm3Start.o
                0x00004968                _sbrk
 .text.Start_c  0x00004998       0x4c .\CortexM3\ARM_GCC_541\Debug\Cm3Start.o
                0x00004998                Start_c
 .text.initialize_psoc
                0x000049e4       0x68 .\CortexM3\ARM_GCC_541\Debug\Cm3Start.o
                0x000049e4                initialize_psoc
 .text.Pin_CSMotorX_Write
                0x00004a4c       0x18 .\CortexM3\ARM_GCC_541\Debug\AS76_FFP9_6_GSV2.a(Pin_CSMotorX.o)
                0x00004a4c                Pin_CSMotorX_Write
 .text.Pin_CSMotorY_Write
                0x00004a64       0x18 .\CortexM3\ARM_GCC_541\Debug\AS76_FFP9_6_GSV2.a(Pin_CSMotorY.o)
                0x00004a64                Pin_CSMotorY_Write
 .text.Pin_CSMotorZ_Write
                0x00004a7c       0x18 .\CortexM3\ARM_GCC_541\Debug\AS76_FFP9_6_GSV2.a(Pin_CSMotorZ.o)
                0x00004a7c                Pin_CSMotorZ_Write
 .text.SPIM_EnableTxInt
                0x00004a94        0xc .\CortexM3\ARM_GCC_541\Debug\AS76_FFP9_6_GSV2.a(SPIM.o)
                0x00004a94                SPIM_EnableTxInt
 .text.SPIM_EnableRxInt
                0x00004aa0        0xc .\CortexM3\ARM_GCC_541\Debug\AS76_FFP9_6_GSV2.a(SPIM.o)
                0x00004aa0                SPIM_EnableRxInt
 .text.SPIM_Enable
                0x00004aac       0x3c .\CortexM3\ARM_GCC_541\Debug\AS76_FFP9_6_GSV2.a(SPIM.o)
                0x00004aac                SPIM_Enable
 .text.SPIM_DisableTxInt
                0x00004ae8        0xc .\CortexM3\ARM_GCC_541\Debug\AS76_FFP9_6_GSV2.a(SPIM.o)
                0x00004ae8                SPIM_DisableTxInt
 .text.SPIM_DisableRxInt
                0x00004af4        0xc .\CortexM3\ARM_GCC_541\Debug\AS76_FFP9_6_GSV2.a(SPIM.o)
                0x00004af4                SPIM_DisableRxInt
 .text.SPIM_ReadTxStatus
                0x00004b00       0x28 .\CortexM3\ARM_GCC_541\Debug\AS76_FFP9_6_GSV2.a(SPIM.o)
                0x00004b00                SPIM_ReadTxStatus
 .text.SPIM_ReadRxStatus
                0x00004b28       0x28 .\CortexM3\ARM_GCC_541\Debug\AS76_FFP9_6_GSV2.a(SPIM.o)
                0x00004b28                SPIM_ReadRxStatus
 .text.SPIM_WriteTxData
                0x00004b50       0xd4 .\CortexM3\ARM_GCC_541\Debug\AS76_FFP9_6_GSV2.a(SPIM.o)
                0x00004b50                SPIM_WriteTxData
 .text.SPIM_ReadRxData
                0x00004c24       0x64 .\CortexM3\ARM_GCC_541\Debug\AS76_FFP9_6_GSV2.a(SPIM.o)
                0x00004c24                SPIM_ReadRxData
 .text.SPIM_ClearFIFO
                0x00004c88       0x3c .\CortexM3\ARM_GCC_541\Debug\AS76_FFP9_6_GSV2.a(SPIM.o)
                0x00004c88                SPIM_ClearFIFO
 .text.SPIM_Init
                0x00004cc4       0x90 .\CortexM3\ARM_GCC_541\Debug\AS76_FFP9_6_GSV2.a(SPIM.o)
                0x00004cc4                SPIM_Init
 .text.SPIM_Start
                0x00004d54       0x1c .\CortexM3\ARM_GCC_541\Debug\AS76_FFP9_6_GSV2.a(SPIM.o)
                0x00004d54                SPIM_Start
 .text.SPIM_TX_ISR
                0x00004d70       0xa0 .\CortexM3\ARM_GCC_541\Debug\AS76_FFP9_6_GSV2.a(SPIM_INT.o)
                0x00004d70                SPIM_TX_ISR
 .text.SPIM_RX_ISR
                0x00004e10       0xa0 .\CortexM3\ARM_GCC_541\Debug\AS76_FFP9_6_GSV2.a(SPIM_INT.o)
                0x00004e10                SPIM_RX_ISR
 .text.CyHalt   0x00004eb0        0x4 .\CortexM3\ARM_GCC_541\Debug\AS76_FFP9_6_GSV2.a(CyLib.o)
                0x00004eb0                CyHalt
 .text.CySoftwareReset
                0x00004eb4       0x10 .\CortexM3\ARM_GCC_541\Debug\AS76_FFP9_6_GSV2.a(CyLib.o)
                0x00004eb4                CySoftwareReset
 .text.CyDelay  0x00004ec4       0x2c .\CortexM3\ARM_GCC_541\Debug\AS76_FFP9_6_GSV2.a(CyLib.o)
                0x00004ec4                CyDelay
 .text.CyDelayUs
                0x00004ef0       0x14 .\CortexM3\ARM_GCC_541\Debug\AS76_FFP9_6_GSV2.a(CyLib.o)
                0x00004ef0                CyDelayUs
 .text.CyIntSetVector
                0x00004f04       0x28 .\CortexM3\ARM_GCC_541\Debug\AS76_FFP9_6_GSV2.a(CyLib.o)
                0x00004f04                CyIntSetVector
 .text.CyIntSetPriority
                0x00004f2c       0x30 .\CortexM3\ARM_GCC_541\Debug\AS76_FFP9_6_GSV2.a(CyLib.o)
                0x00004f2c                CyIntSetPriority
 .text.CyGetUniqueId
                0x00004f5c       0x70 .\CortexM3\ARM_GCC_541\Debug\AS76_FFP9_6_GSV2.a(CyLib.o)
                0x00004f5c                CyGetUniqueId
 .text.USB_Init
                0x00004fcc      0x140 .\CortexM3\ARM_GCC_541\Debug\AS76_FFP9_6_GSV2.a(USB.o)
                0x00004fcc                USB_Init
 .text.USB_InitComponent
                0x0000510c       0xd0 .\CortexM3\ARM_GCC_541\Debug\AS76_FFP9_6_GSV2.a(USB.o)
                0x0000510c                USB_InitComponent
 .text.USB_Start
                0x000051dc       0x24 .\CortexM3\ARM_GCC_541\Debug\AS76_FFP9_6_GSV2.a(USB.o)
                0x000051dc                USB_Start
 .text.USB_ReInitComponent
                0x00005200       0x64 .\CortexM3\ARM_GCC_541\Debug\AS76_FFP9_6_GSV2.a(USB.o)
                0x00005200                USB_ReInitComponent
 .text.USB_GetConfiguration
                0x00005264        0xc .\CortexM3\ARM_GCC_541\Debug\AS76_FFP9_6_GSV2.a(USB.o)
                0x00005264                USB_GetConfiguration
 .text.USB_IsConfigurationChanged
                0x00005270       0x20 .\CortexM3\ARM_GCC_541\Debug\AS76_FFP9_6_GSV2.a(USB.o)
                0x00005270                USB_IsConfigurationChanged
 .text.USB_GetEPState
                0x00005290       0x14 .\CortexM3\ARM_GCC_541\Debug\AS76_FFP9_6_GSV2.a(USB.o)
                0x00005290                USB_GetEPState
 .text.USB_GetEPCount
                0x000052a4       0x28 .\CortexM3\ARM_GCC_541\Debug\AS76_FFP9_6_GSV2.a(USB.o)
                0x000052a4                USB_GetEPCount
 .text.USB_LoadInEP
                0x000052cc       0x94 .\CortexM3\ARM_GCC_541\Debug\AS76_FFP9_6_GSV2.a(USB.o)
                0x000052cc                USB_LoadInEP
 .text.USB_EnableOutEP
                0x00005360       0x2c .\CortexM3\ARM_GCC_541\Debug\AS76_FFP9_6_GSV2.a(USB.o)
                0x00005360                USB_EnableOutEP
 .text.USB_ReadOutEP
                0x0000538c       0x50 .\CortexM3\ARM_GCC_541\Debug\AS76_FFP9_6_GSV2.a(USB.o)
                0x0000538c                USB_ReadOutEP
 .text.USB_EnableSofInt
                0x000053dc       0x10 .\CortexM3\ARM_GCC_541\Debug\AS76_FFP9_6_GSV2.a(USB.o)
                0x000053dc                USB_EnableSofInt
 .text.USB_GetInterfaceComPort
                0x000053ec       0x38 .\CortexM3\ARM_GCC_541\Debug\AS76_FFP9_6_GSV2.a(USB_cdc.o)
                0x000053ec                USB_GetInterfaceComPort
 .text.USB_DispatchCDCClassRqst
                0x00005424       0x98 .\CortexM3\ARM_GCC_541\Debug\AS76_FFP9_6_GSV2.a(USB_cdc.o)
                0x00005424                USB_DispatchCDCClassRqst
 .text.USB_CDC_Init
                0x000054bc       0x98 .\CortexM3\ARM_GCC_541\Debug\AS76_FFP9_6_GSV2.a(USB_cdc.o)
                0x000054bc                USB_CDC_Init
 .text.USB_PutData
                0x00005554       0x50 .\CortexM3\ARM_GCC_541\Debug\AS76_FFP9_6_GSV2.a(USB_cdc.o)
                0x00005554                USB_PutData
 .text.USB_DataIsReady
                0x000055a4       0x18 .\CortexM3\ARM_GCC_541\Debug\AS76_FFP9_6_GSV2.a(USB_cdc.o)
                0x000055a4                USB_DataIsReady
 .text.USB_GetAll
                0x000055bc       0x30 .\CortexM3\ARM_GCC_541\Debug\AS76_FFP9_6_GSV2.a(USB_cdc.o)
                0x000055bc                USB_GetAll
 .text.USB_Cdc_EpInit
                0x000055ec       0x50 .\CortexM3\ARM_GCC_541\Debug\AS76_FFP9_6_GSV2.a(USB_cdc.o)
                0x000055ec                USB_Cdc_EpInit
 .text.USB_LoadEP0
                0x0000563c       0x98 .\CortexM3\ARM_GCC_541\Debug\AS76_FFP9_6_GSV2.a(USB_drv.o)
                0x0000563c                USB_LoadEP0
 .text.USB_InitZeroLengthControlTransfer
                0x000056d4       0x34 .\CortexM3\ARM_GCC_541\Debug\AS76_FFP9_6_GSV2.a(USB_drv.o)
                0x000056d4                USB_InitZeroLengthControlTransfer
 .text.USB_ControlReadDataStage
                0x00005708        0x8 .\CortexM3\ARM_GCC_541\Debug\AS76_FFP9_6_GSV2.a(USB_drv.o)
                0x00005708                USB_ControlReadDataStage
 .text.USB_ControlWriteDataStage
                0x00005710       0x84 .\CortexM3\ARM_GCC_541\Debug\AS76_FFP9_6_GSV2.a(USB_drv.o)
                0x00005710                USB_ControlWriteDataStage
 .text.USB_InitNoDataControlTransfer
                0x00005794       0x2c .\CortexM3\ARM_GCC_541\Debug\AS76_FFP9_6_GSV2.a(USB_drv.o)
                0x00005794                USB_InitNoDataControlTransfer
 .text.USB_UpdateStatusBlock
                0x000057c0       0x24 .\CortexM3\ARM_GCC_541\Debug\AS76_FFP9_6_GSV2.a(USB_drv.o)
                0x000057c0                USB_UpdateStatusBlock
 .text.USB_HandleSetup
                0x000057e4       0x5c .\CortexM3\ARM_GCC_541\Debug\AS76_FFP9_6_GSV2.a(USB_drv.o)
                0x000057e4                USB_HandleSetup
 .text.USB_ControlReadStatusStage
                0x00005840       0x38 .\CortexM3\ARM_GCC_541\Debug\AS76_FFP9_6_GSV2.a(USB_drv.o)
                0x00005840                USB_ControlReadStatusStage
 .text.USB_HandleOUT
                0x00005878       0x38 .\CortexM3\ARM_GCC_541\Debug\AS76_FFP9_6_GSV2.a(USB_drv.o)
                0x00005878                USB_HandleOUT
 .text.USB_ControlWriteStatusStage
                0x000058b0       0x20 .\CortexM3\ARM_GCC_541\Debug\AS76_FFP9_6_GSV2.a(USB_drv.o)
                0x000058b0                USB_ControlWriteStatusStage
 .text.USB_NoDataControlStatusStage
                0x000058d0       0x40 .\CortexM3\ARM_GCC_541\Debug\AS76_FFP9_6_GSV2.a(USB_drv.o)
                0x000058d0                USB_NoDataControlStatusStage
 .text.USB_HandleIN
                0x00005910       0x2c .\CortexM3\ARM_GCC_541\Debug\AS76_FFP9_6_GSV2.a(USB_drv.o)
                0x00005910                USB_HandleIN
 .text.USB_EP_0_ISR
                0x0000593c       0xb8 .\CortexM3\ARM_GCC_541\Debug\AS76_FFP9_6_GSV2.a(USB_drv.o)
                0x0000593c                USB_EP_0_ISR
 .text.USB_InitializeStatusBlock
                0x000059f4       0x24 .\CortexM3\ARM_GCC_541\Debug\AS76_FFP9_6_GSV2.a(USB_drv.o)
                0x000059f4                USB_InitializeStatusBlock
 .text.USB_InitControlRead
                0x00005a18       0x50 .\CortexM3\ARM_GCC_541\Debug\AS76_FFP9_6_GSV2.a(USB_drv.o)
                0x00005a18                USB_InitControlRead
 .text.USB_InitControlWrite
                0x00005a68       0x48 .\CortexM3\ARM_GCC_541\Debug\AS76_FFP9_6_GSV2.a(USB_drv.o)
                0x00005a68                USB_InitControlWrite
 .text.USB_EP_1_ISR
                0x00005ab0       0x30 .\CortexM3\ARM_GCC_541\Debug\AS76_FFP9_6_GSV2.a(USB_episr.o)
                0x00005ab0                USB_EP_1_ISR
 .text.USB_EP_2_ISR
                0x00005ae0       0x34 .\CortexM3\ARM_GCC_541\Debug\AS76_FFP9_6_GSV2.a(USB_episr.o)
                0x00005ae0                USB_EP_2_ISR
 .text.USB_EP_3_ISR
                0x00005b14       0x3c .\CortexM3\ARM_GCC_541\Debug\AS76_FFP9_6_GSV2.a(USB_episr.o)
                0x00005b14                USB_EP_3_ISR
 .text.USB_SOF_ISR
                0x00005b50        0x4 .\CortexM3\ARM_GCC_541\Debug\AS76_FFP9_6_GSV2.a(USB_episr.o)
                0x00005b50                USB_SOF_ISR
 .text.USB_BUS_RESET_ISR
                0x00005b54        0x8 .\CortexM3\ARM_GCC_541\Debug\AS76_FFP9_6_GSV2.a(USB_episr.o)
                0x00005b54                USB_BUS_RESET_ISR
 .text.USB_FindHidClassDecriptor
                0x00005b5c       0x44 .\CortexM3\ARM_GCC_541\Debug\AS76_FFP9_6_GSV2.a(USB_hid.o)
                0x00005b5c                USB_FindHidClassDecriptor
 .text.USB_FindReportDescriptor
                0x00005ba0       0x4c .\CortexM3\ARM_GCC_541\Debug\AS76_FFP9_6_GSV2.a(USB_hid.o)
                0x00005ba0                USB_FindReportDescriptor
 .text.USB_FindReport
                0x00005bec       0x80 .\CortexM3\ARM_GCC_541\Debug\AS76_FFP9_6_GSV2.a(USB_hid.o)
                0x00005bec                USB_FindReport
 .text.USB_DispatchHIDClassRqst
                0x00005c6c      0x184 .\CortexM3\ARM_GCC_541\Debug\AS76_FFP9_6_GSV2.a(USB_hid.o)
                0x00005c6c                USB_DispatchHIDClassRqst
 .text.USB_DP_ISR
                0x00005df0        0x8 .\CortexM3\ARM_GCC_541\Debug\AS76_FFP9_6_GSV2.a(USB_pm.o)
                0x00005df0                USB_DP_ISR
 .text.USB_ReadDieID
                0x00005df8       0x6c .\CortexM3\ARM_GCC_541\Debug\AS76_FFP9_6_GSV2.a(USB_std.o)
                0x00005df8                USB_ReadDieID
 .text.USB_ConfigReg
                0x00005e64       0xa4 .\CortexM3\ARM_GCC_541\Debug\AS76_FFP9_6_GSV2.a(USB_std.o)
                0x00005e64                USB_ConfigReg
 .text.USB_GetConfigTablePtr
                0x00005f08       0x28 .\CortexM3\ARM_GCC_541\Debug\AS76_FFP9_6_GSV2.a(USB_std.o)
                0x00005f08                USB_GetConfigTablePtr
 .text.USB_ConfigAltChanged
                0x00005f30      0x11c .\CortexM3\ARM_GCC_541\Debug\AS76_FFP9_6_GSV2.a(USB_std.o)
                0x00005f30                USB_ConfigAltChanged
 .text.USB_GetDeviceTablePtr
                0x0000604c       0x18 .\CortexM3\ARM_GCC_541\Debug\AS76_FFP9_6_GSV2.a(USB_std.o)
                0x0000604c                USB_GetDeviceTablePtr
 .text.USB_GetInterfaceClassTablePtr
                0x00006064       0x28 .\CortexM3\ARM_GCC_541\Debug\AS76_FFP9_6_GSV2.a(USB_std.o)
                0x00006064                USB_GetInterfaceClassTablePtr
 .text.USB_Config
                0x0000608c      0x1ec .\CortexM3\ARM_GCC_541\Debug\AS76_FFP9_6_GSV2.a(USB_std.o)
                0x0000608c                USB_Config
 .text.USB_SetEndpointHalt
                0x00006278       0x64 .\CortexM3\ARM_GCC_541\Debug\AS76_FFP9_6_GSV2.a(USB_std.o)
                0x00006278                USB_SetEndpointHalt
 .text.USB_ClearEndpointHalt
                0x000062dc       0xac .\CortexM3\ARM_GCC_541\Debug\AS76_FFP9_6_GSV2.a(USB_std.o)
                0x000062dc                USB_ClearEndpointHalt
 .text.USB_ValidateAlternateSetting
                0x00006388       0x4c .\CortexM3\ARM_GCC_541\Debug\AS76_FFP9_6_GSV2.a(USB_std.o)
                0x00006388                USB_ValidateAlternateSetting
 .text.USB_HandleStandardRqst
                0x000063d4      0x35c .\CortexM3\ARM_GCC_541\Debug\AS76_FFP9_6_GSV2.a(USB_std.o)
                0x000063d4                USB_HandleStandardRqst
 .text.USB_HandleVendorRqst
                0x00006730       0x3c .\CortexM3\ARM_GCC_541\Debug\AS76_FFP9_6_GSV2.a(USB_vnd.o)
                0x00006730                USB_HandleVendorRqst
 .text.USB_Dp_ClearInterrupt
                0x0000676c       0x10 .\CortexM3\ARM_GCC_541\Debug\AS76_FFP9_6_GSV2.a(USB_Dp.o)
                0x0000676c                USB_Dp_ClearInterrupt
 .text.PWM_CondenserLED_Enable
                0x0000677c       0x28 .\CortexM3\ARM_GCC_541\Debug\AS76_FFP9_6_GSV2.a(PWM_CondenserLED.o)
                0x0000677c                PWM_CondenserLED_Enable
 .text.PWM_CondenserLED_WritePeriod
                0x000067a4        0xc .\CortexM3\ARM_GCC_541\Debug\AS76_FFP9_6_GSV2.a(PWM_CondenserLED.o)
                0x000067a4                PWM_CondenserLED_WritePeriod
 .text.PWM_CondenserLED_WriteCompare
                0x000067b0        0xc .\CortexM3\ARM_GCC_541\Debug\AS76_FFP9_6_GSV2.a(PWM_CondenserLED.o)
                0x000067b0                PWM_CondenserLED_WriteCompare
 .text.PWM_CondenserLED_SetInterruptMode
                0x000067bc        0xc .\CortexM3\ARM_GCC_541\Debug\AS76_FFP9_6_GSV2.a(PWM_CondenserLED.o)
                0x000067bc                PWM_CondenserLED_SetInterruptMode
 .text.PWM_CondenserLED_Init
                0x000067c8       0x74 .\CortexM3\ARM_GCC_541\Debug\AS76_FFP9_6_GSV2.a(PWM_CondenserLED.o)
                0x000067c8                PWM_CondenserLED_Init
 .text.PWM_CondenserLED_Start
                0x0000683c       0x1c .\CortexM3\ARM_GCC_541\Debug\AS76_FFP9_6_GSV2.a(PWM_CondenserLED.o)
                0x0000683c                PWM_CondenserLED_Start
 .text.SPIM_IntClock_Start
                0x00006858       0x1c .\CortexM3\ARM_GCC_541\Debug\AS76_FFP9_6_GSV2.a(SPIM_IntClock.o)
                0x00006858                SPIM_IntClock_Start
 .text.QuadDec_X_Init
                0x00006874       0x24 .\CortexM3\ARM_GCC_541\Debug\AS76_FFP9_6_GSV2.a(QuadDec_X.o)
                0x00006874                QuadDec_X_Init
 .text.QuadDec_X_GetCounter
                0x00006898       0x2c .\CortexM3\ARM_GCC_541\Debug\AS76_FFP9_6_GSV2.a(QuadDec_X.o)
                0x00006898                QuadDec_X_GetCounter
 .text.QuadDec_X_SetCounter
                0x000068c4       0x28 .\CortexM3\ARM_GCC_541\Debug\AS76_FFP9_6_GSV2.a(QuadDec_X.o)
                0x000068c4                QuadDec_X_SetCounter
 .text.QuadDec_X_GetEvents
                0x000068ec       0x10 .\CortexM3\ARM_GCC_541\Debug\AS76_FFP9_6_GSV2.a(QuadDec_X.o)
                0x000068ec                QuadDec_X_GetEvents
 .text.QuadDec_X_SetInterruptMask
                0x000068fc       0x10 .\CortexM3\ARM_GCC_541\Debug\AS76_FFP9_6_GSV2.a(QuadDec_X.o)
                0x000068fc                QuadDec_X_SetInterruptMask
 .text.QuadDec_X_Enable
                0x0000690c       0x30 .\CortexM3\ARM_GCC_541\Debug\AS76_FFP9_6_GSV2.a(QuadDec_X.o)
                0x0000690c                QuadDec_X_Enable
 .text.QuadDec_X_Start
                0x0000693c       0x34 .\CortexM3\ARM_GCC_541\Debug\AS76_FFP9_6_GSV2.a(QuadDec_X.o)
                0x0000693c                QuadDec_X_Start
 .text.QuadDec_X_ISR
                0x00006970       0x40 .\CortexM3\ARM_GCC_541\Debug\AS76_FFP9_6_GSV2.a(QuadDec_X_INT.o)
                0x00006970                QuadDec_X_ISR
 .text.QuadDec_X_Cnt16_Enable
                0x000069b0       0x10 .\CortexM3\ARM_GCC_541\Debug\AS76_FFP9_6_GSV2.a(QuadDec_X_Cnt16.o)
                0x000069b0                QuadDec_X_Cnt16_Enable
 .text.QuadDec_X_Cnt16_SetInterruptMode
                0x000069c0        0xc .\CortexM3\ARM_GCC_541\Debug\AS76_FFP9_6_GSV2.a(QuadDec_X_Cnt16.o)
                0x000069c0                QuadDec_X_Cnt16_SetInterruptMode
 .text.QuadDec_X_Cnt16_ReadStatusRegister
                0x000069cc        0xc .\CortexM3\ARM_GCC_541\Debug\AS76_FFP9_6_GSV2.a(QuadDec_X_Cnt16.o)
                0x000069cc                QuadDec_X_Cnt16_ReadStatusRegister
 .text.QuadDec_X_Cnt16_WriteCounter
                0x000069d8        0xc .\CortexM3\ARM_GCC_541\Debug\AS76_FFP9_6_GSV2.a(QuadDec_X_Cnt16.o)
                0x000069d8                QuadDec_X_Cnt16_WriteCounter
 .text.QuadDec_X_Cnt16_ReadCounter
                0x000069e4       0x14 .\CortexM3\ARM_GCC_541\Debug\AS76_FFP9_6_GSV2.a(QuadDec_X_Cnt16.o)
                0x000069e4                QuadDec_X_Cnt16_ReadCounter
 .text.QuadDec_X_Cnt16_ReadCapture
                0x000069f8        0xc .\CortexM3\ARM_GCC_541\Debug\AS76_FFP9_6_GSV2.a(QuadDec_X_Cnt16.o)
                0x000069f8                QuadDec_X_Cnt16_ReadCapture
 .text.QuadDec_X_Cnt16_WritePeriod
                0x00006a04        0xc .\CortexM3\ARM_GCC_541\Debug\AS76_FFP9_6_GSV2.a(QuadDec_X_Cnt16.o)
                0x00006a04                QuadDec_X_Cnt16_WritePeriod
 .text.QuadDec_X_Cnt16_WriteCompare
                0x00006a10        0xc .\CortexM3\ARM_GCC_541\Debug\AS76_FFP9_6_GSV2.a(QuadDec_X_Cnt16.o)
                0x00006a10                QuadDec_X_Cnt16_WriteCompare
 .text.QuadDec_X_Cnt16_ClearFIFO
                0x00006a1c       0x14 .\CortexM3\ARM_GCC_541\Debug\AS76_FFP9_6_GSV2.a(QuadDec_X_Cnt16.o)
                0x00006a1c                QuadDec_X_Cnt16_ClearFIFO
 .text.QuadDec_X_Cnt16_Init
                0x00006a30       0x58 .\CortexM3\ARM_GCC_541\Debug\AS76_FFP9_6_GSV2.a(QuadDec_X_Cnt16.o)
                0x00006a30                QuadDec_X_Cnt16_Init
 .text.QuadDec_X_Cnt16_Start
                0x00006a88       0x1c .\CortexM3\ARM_GCC_541\Debug\AS76_FFP9_6_GSV2.a(QuadDec_X_Cnt16.o)
                0x00006a88                QuadDec_X_Cnt16_Start
 .text.UART_PCB_LOG_Init
                0x00006aa4       0x44 .\CortexM3\ARM_GCC_541\Debug\AS76_FFP9_6_GSV2.a(UART_PCB_LOG.o)
                0x00006aa4                UART_PCB_LOG_Init
 .text.UART_PCB_LOG_Enable
                0x00006ae8       0x44 .\CortexM3\ARM_GCC_541\Debug\AS76_FFP9_6_GSV2.a(UART_PCB_LOG.o)
                0x00006ae8                UART_PCB_LOG_Enable
 .text.UART_PCB_LOG_Start
                0x00006b2c       0x1c .\CortexM3\ARM_GCC_541\Debug\AS76_FFP9_6_GSV2.a(UART_PCB_LOG.o)
                0x00006b2c                UART_PCB_LOG_Start
 .text.UART_PCB_LOG_PutChar
                0x00006b48       0x18 .\CortexM3\ARM_GCC_541\Debug\AS76_FFP9_6_GSV2.a(UART_PCB_LOG.o)
                0x00006b48                UART_PCB_LOG_PutChar
 .text.UART_PCB_LOG_PutString
                0x00006b60       0x24 .\CortexM3\ARM_GCC_541\Debug\AS76_FFP9_6_GSV2.a(UART_PCB_LOG.o)
                0x00006b60                UART_PCB_LOG_PutString
 .text.UART_PCB_LOG_RXISR
                0x00006b84       0x98 .\CortexM3\ARM_GCC_541\Debug\AS76_FFP9_6_GSV2.a(UART_PCB_LOG_INT.o)
                0x00006b84                UART_PCB_LOG_RXISR
 .text.UART_PCB_LOG_IntClock_Start
                0x00006c1c       0x1c .\CortexM3\ARM_GCC_541\Debug\AS76_FFP9_6_GSV2.a(UART_PCB_LOG_IntClock.o)
                0x00006c1c                UART_PCB_LOG_IntClock_Start
 .text.Pin_Backlight_Write
                0x00006c38       0x18 .\CortexM3\ARM_GCC_541\Debug\AS76_FFP9_6_GSV2.a(Pin_Backlight.o)
                0x00006c38                Pin_Backlight_Write
 .text.LED2_Write
                0x00006c50       0x18 .\CortexM3\ARM_GCC_541\Debug\AS76_FFP9_6_GSV2.a(LED2.o)
                0x00006c50                LED2_Write
 .text.Pin_CSMotorO_Write
                0x00006c68       0x18 .\CortexM3\ARM_GCC_541\Debug\AS76_FFP9_6_GSV2.a(Pin_CSMotorO.o)
                0x00006c68                Pin_CSMotorO_Write
 .text.Pin_CSMotorT_Write
                0x00006c80       0x18 .\CortexM3\ARM_GCC_541\Debug\AS76_FFP9_6_GSV2.a(Pin_CSMotorT.o)
                0x00006c80                Pin_CSMotorT_Write
 .text.QuadDec_TZ_Init
                0x00006c98       0x24 .\CortexM3\ARM_GCC_541\Debug\AS76_FFP9_6_GSV2.a(QuadDec_TZ.o)
                0x00006c98                QuadDec_TZ_Init
 .text.QuadDec_TZ_GetCounter
                0x00006cbc       0x2c .\CortexM3\ARM_GCC_541\Debug\AS76_FFP9_6_GSV2.a(QuadDec_TZ.o)
                0x00006cbc                QuadDec_TZ_GetCounter
 .text.QuadDec_TZ_SetCounter
                0x00006ce8       0x28 .\CortexM3\ARM_GCC_541\Debug\AS76_FFP9_6_GSV2.a(QuadDec_TZ.o)
                0x00006ce8                QuadDec_TZ_SetCounter
 .text.QuadDec_TZ_GetEvents
                0x00006d10       0x10 .\CortexM3\ARM_GCC_541\Debug\AS76_FFP9_6_GSV2.a(QuadDec_TZ.o)
                0x00006d10                QuadDec_TZ_GetEvents
 .text.QuadDec_TZ_SetInterruptMask
                0x00006d20       0x10 .\CortexM3\ARM_GCC_541\Debug\AS76_FFP9_6_GSV2.a(QuadDec_TZ.o)
                0x00006d20                QuadDec_TZ_SetInterruptMask
 .text.QuadDec_TZ_Enable
                0x00006d30       0x30 .\CortexM3\ARM_GCC_541\Debug\AS76_FFP9_6_GSV2.a(QuadDec_TZ.o)
                0x00006d30                QuadDec_TZ_Enable
 .text.QuadDec_TZ_Start
                0x00006d60       0x34 .\CortexM3\ARM_GCC_541\Debug\AS76_FFP9_6_GSV2.a(QuadDec_TZ.o)
                0x00006d60                QuadDec_TZ_Start
 .text.QuadDec_TZ_ISR
                0x00006d94       0x40 .\CortexM3\ARM_GCC_541\Debug\AS76_FFP9_6_GSV2.a(QuadDec_TZ_INT.o)
                0x00006d94                QuadDec_TZ_ISR
 .text.PWM_Buzzer_Enable
                0x00006dd4       0x28 .\CortexM3\ARM_GCC_541\Debug\AS76_FFP9_6_GSV2.a(PWM_Buzzer.o)
                0x00006dd4                PWM_Buzzer_Enable
 .text.PWM_Buzzer_WritePeriod
                0x00006dfc        0xc .\CortexM3\ARM_GCC_541\Debug\AS76_FFP9_6_GSV2.a(PWM_Buzzer.o)
                0x00006dfc                PWM_Buzzer_WritePeriod
 .text.PWM_Buzzer_WriteCompare
                0x00006e08        0xc .\CortexM3\ARM_GCC_541\Debug\AS76_FFP9_6_GSV2.a(PWM_Buzzer.o)
                0x00006e08                PWM_Buzzer_WriteCompare
 .text.PWM_Buzzer_SetInterruptMode
                0x00006e14        0xc .\CortexM3\ARM_GCC_541\Debug\AS76_FFP9_6_GSV2.a(PWM_Buzzer.o)
                0x00006e14                PWM_Buzzer_SetInterruptMode
 .text.PWM_Buzzer_Init
                0x00006e20       0x74 .\CortexM3\ARM_GCC_541\Debug\AS76_FFP9_6_GSV2.a(PWM_Buzzer.o)
                0x00006e20                PWM_Buzzer_Init
 .text.PWM_Buzzer_Start
                0x00006e94       0x1c .\CortexM3\ARM_GCC_541\Debug\AS76_FFP9_6_GSV2.a(PWM_Buzzer.o)
                0x00006e94                PWM_Buzzer_Start
 .text.QuadDec_Y_Init
                0x00006eb0       0x24 .\CortexM3\ARM_GCC_541\Debug\AS76_FFP9_6_GSV2.a(QuadDec_Y.o)
                0x00006eb0                QuadDec_Y_Init
 .text.QuadDec_Y_GetCounter
                0x00006ed4       0x2c .\CortexM3\ARM_GCC_541\Debug\AS76_FFP9_6_GSV2.a(QuadDec_Y.o)
                0x00006ed4                QuadDec_Y_GetCounter
 .text.QuadDec_Y_SetCounter
                0x00006f00       0x28 .\CortexM3\ARM_GCC_541\Debug\AS76_FFP9_6_GSV2.a(QuadDec_Y.o)
                0x00006f00                QuadDec_Y_SetCounter
 .text.QuadDec_Y_GetEvents
                0x00006f28       0x10 .\CortexM3\ARM_GCC_541\Debug\AS76_FFP9_6_GSV2.a(QuadDec_Y.o)
                0x00006f28                QuadDec_Y_GetEvents
 .text.QuadDec_Y_SetInterruptMask
                0x00006f38       0x10 .\CortexM3\ARM_GCC_541\Debug\AS76_FFP9_6_GSV2.a(QuadDec_Y.o)
                0x00006f38                QuadDec_Y_SetInterruptMask
 .text.QuadDec_Y_Enable
                0x00006f48       0x30 .\CortexM3\ARM_GCC_541\Debug\AS76_FFP9_6_GSV2.a(QuadDec_Y.o)
                0x00006f48                QuadDec_Y_Enable
 .text.QuadDec_Y_Start
                0x00006f78       0x34 .\CortexM3\ARM_GCC_541\Debug\AS76_FFP9_6_GSV2.a(QuadDec_Y.o)
                0x00006f78                QuadDec_Y_Start
 .text.QuadDec_Y_ISR
                0x00006fac       0x40 .\CortexM3\ARM_GCC_541\Debug\AS76_FFP9_6_GSV2.a(QuadDec_Y_INT.o)
                0x00006fac                QuadDec_Y_ISR
 .text.PWM_BarcodeCondenser_LED_Enable
                0x00006fec       0x28 .\CortexM3\ARM_GCC_541\Debug\AS76_FFP9_6_GSV2.a(PWM_BarcodeCondenser_LED.o)
                0x00006fec                PWM_BarcodeCondenser_LED_Enable
 .text.PWM_BarcodeCondenser_LED_WritePeriod
                0x00007014        0xc .\CortexM3\ARM_GCC_541\Debug\AS76_FFP9_6_GSV2.a(PWM_BarcodeCondenser_LED.o)
                0x00007014                PWM_BarcodeCondenser_LED_WritePeriod
 .text.PWM_BarcodeCondenser_LED_WriteCompare
                0x00007020        0xc .\CortexM3\ARM_GCC_541\Debug\AS76_FFP9_6_GSV2.a(PWM_BarcodeCondenser_LED.o)
                0x00007020                PWM_BarcodeCondenser_LED_WriteCompare
 .text.PWM_BarcodeCondenser_LED_SetInterruptMode
                0x0000702c        0xc .\CortexM3\ARM_GCC_541\Debug\AS76_FFP9_6_GSV2.a(PWM_BarcodeCondenser_LED.o)
                0x0000702c                PWM_BarcodeCondenser_LED_SetInterruptMode
 .text.PWM_BarcodeCondenser_LED_Init
                0x00007038       0x74 .\CortexM3\ARM_GCC_541\Debug\AS76_FFP9_6_GSV2.a(PWM_BarcodeCondenser_LED.o)
                0x00007038                PWM_BarcodeCondenser_LED_Init
 .text.PWM_BarcodeCondenser_LED_Start
                0x000070ac       0x1c .\CortexM3\ARM_GCC_541\Debug\AS76_FFP9_6_GSV2.a(PWM_BarcodeCondenser_LED.o)
                0x000070ac                PWM_BarcodeCondenser_LED_Start
 .text.LED3_Write
                0x000070c8       0x18 .\CortexM3\ARM_GCC_541\Debug\AS76_FFP9_6_GSV2.a(LED3.o)
                0x000070c8                LED3_Write
 .text.Encoder_T_Z_Select_Write
                0x000070e0        0xc .\CortexM3\ARM_GCC_541\Debug\AS76_FFP9_6_GSV2.a(Encoder_T_Z_Select.o)
                0x000070e0                Encoder_T_Z_Select_Write
 .text.TMC5160_MotorX_EN_Write
                0x000070ec       0x18 .\CortexM3\ARM_GCC_541\Debug\AS76_FFP9_6_GSV2.a(TMC5160_MotorX_EN.o)
                0x000070ec                TMC5160_MotorX_EN_Write
 .text.TMC5160_MotorY_EN_Write
                0x00007104       0x18 .\CortexM3\ARM_GCC_541\Debug\AS76_FFP9_6_GSV2.a(TMC5160_MotorY_EN.o)
                0x00007104                TMC5160_MotorY_EN_Write
 .text.TMC5160_MotorZ_EN_Write
                0x0000711c       0x18 .\CortexM3\ARM_GCC_541\Debug\AS76_FFP9_6_GSV2.a(TMC5160_MotorZ_EN.o)
                0x0000711c                TMC5160_MotorZ_EN_Write
 .text.TMC5160_MotorT_EN_Write
                0x00007134       0x18 .\CortexM3\ARM_GCC_541\Debug\AS76_FFP9_6_GSV2.a(TMC5160_MotorT_EN.o)
                0x00007134                TMC5160_MotorT_EN_Write
 .text.TMC5160_MotorO_EN_Write
                0x0000714c       0x18 .\CortexM3\ARM_GCC_541\Debug\AS76_FFP9_6_GSV2.a(TMC5160_MotorO_EN.o)
                0x0000714c                TMC5160_MotorO_EN_Write
 .text.QuadDec_TZ_Cnt16_Enable
                0x00007164       0x10 .\CortexM3\ARM_GCC_541\Debug\AS76_FFP9_6_GSV2.a(QuadDec_TZ_Cnt16.o)
                0x00007164                QuadDec_TZ_Cnt16_Enable
 .text.QuadDec_TZ_Cnt16_SetInterruptMode
                0x00007174        0xc .\CortexM3\ARM_GCC_541\Debug\AS76_FFP9_6_GSV2.a(QuadDec_TZ_Cnt16.o)
                0x00007174                QuadDec_TZ_Cnt16_SetInterruptMode
 .text.QuadDec_TZ_Cnt16_ReadStatusRegister
                0x00007180        0xc .\CortexM3\ARM_GCC_541\Debug\AS76_FFP9_6_GSV2.a(QuadDec_TZ_Cnt16.o)
                0x00007180                QuadDec_TZ_Cnt16_ReadStatusRegister
 .text.QuadDec_TZ_Cnt16_WriteCounter
                0x0000718c        0xc .\CortexM3\ARM_GCC_541\Debug\AS76_FFP9_6_GSV2.a(QuadDec_TZ_Cnt16.o)
                0x0000718c                QuadDec_TZ_Cnt16_WriteCounter
 .text.QuadDec_TZ_Cnt16_ReadCounter
                0x00007198       0x14 .\CortexM3\ARM_GCC_541\Debug\AS76_FFP9_6_GSV2.a(QuadDec_TZ_Cnt16.o)
                0x00007198                QuadDec_TZ_Cnt16_ReadCounter
 .text.QuadDec_TZ_Cnt16_ReadCapture
                0x000071ac        0xc .\CortexM3\ARM_GCC_541\Debug\AS76_FFP9_6_GSV2.a(QuadDec_TZ_Cnt16.o)
                0x000071ac                QuadDec_TZ_Cnt16_ReadCapture
 .text.QuadDec_TZ_Cnt16_WritePeriod
                0x000071b8        0xc .\CortexM3\ARM_GCC_541\Debug\AS76_FFP9_6_GSV2.a(QuadDec_TZ_Cnt16.o)
                0x000071b8                QuadDec_TZ_Cnt16_WritePeriod
 .text.QuadDec_TZ_Cnt16_WriteCompare
                0x000071c4        0xc .\CortexM3\ARM_GCC_541\Debug\AS76_FFP9_6_GSV2.a(QuadDec_TZ_Cnt16.o)
                0x000071c4                QuadDec_TZ_Cnt16_WriteCompare
 .text.QuadDec_TZ_Cnt16_ClearFIFO
                0x000071d0       0x14 .\CortexM3\ARM_GCC_541\Debug\AS76_FFP9_6_GSV2.a(QuadDec_TZ_Cnt16.o)
                0x000071d0                QuadDec_TZ_Cnt16_ClearFIFO
 .text.QuadDec_TZ_Cnt16_Init
                0x000071e4       0x58 .\CortexM3\ARM_GCC_541\Debug\AS76_FFP9_6_GSV2.a(QuadDec_TZ_Cnt16.o)
                0x000071e4                QuadDec_TZ_Cnt16_Init
 .text.QuadDec_TZ_Cnt16_Start
                0x0000723c       0x1c .\CortexM3\ARM_GCC_541\Debug\AS76_FFP9_6_GSV2.a(QuadDec_TZ_Cnt16.o)
                0x0000723c                QuadDec_TZ_Cnt16_Start
 .text.QuadDec_Y_Cnt16_Enable
                0x00007258       0x10 .\CortexM3\ARM_GCC_541\Debug\AS76_FFP9_6_GSV2.a(QuadDec_Y_Cnt16.o)
                0x00007258                QuadDec_Y_Cnt16_Enable
 .text.QuadDec_Y_Cnt16_SetInterruptMode
                0x00007268        0xc .\CortexM3\ARM_GCC_541\Debug\AS76_FFP9_6_GSV2.a(QuadDec_Y_Cnt16.o)
                0x00007268                QuadDec_Y_Cnt16_SetInterruptMode
 .text.QuadDec_Y_Cnt16_ReadStatusRegister
                0x00007274        0xc .\CortexM3\ARM_GCC_541\Debug\AS76_FFP9_6_GSV2.a(QuadDec_Y_Cnt16.o)
                0x00007274                QuadDec_Y_Cnt16_ReadStatusRegister
 .text.QuadDec_Y_Cnt16_WriteCounter
                0x00007280        0xc .\CortexM3\ARM_GCC_541\Debug\AS76_FFP9_6_GSV2.a(QuadDec_Y_Cnt16.o)
                0x00007280                QuadDec_Y_Cnt16_WriteCounter
 .text.QuadDec_Y_Cnt16_ReadCounter
                0x0000728c       0x14 .\CortexM3\ARM_GCC_541\Debug\AS76_FFP9_6_GSV2.a(QuadDec_Y_Cnt16.o)
                0x0000728c                QuadDec_Y_Cnt16_ReadCounter
 .text.QuadDec_Y_Cnt16_ReadCapture
                0x000072a0        0xc .\CortexM3\ARM_GCC_541\Debug\AS76_FFP9_6_GSV2.a(QuadDec_Y_Cnt16.o)
                0x000072a0                QuadDec_Y_Cnt16_ReadCapture
 .text.QuadDec_Y_Cnt16_WritePeriod
                0x000072ac        0xc .\CortexM3\ARM_GCC_541\Debug\AS76_FFP9_6_GSV2.a(QuadDec_Y_Cnt16.o)
                0x000072ac                QuadDec_Y_Cnt16_WritePeriod
 .text.QuadDec_Y_Cnt16_WriteCompare
                0x000072b8        0xc .\CortexM3\ARM_GCC_541\Debug\AS76_FFP9_6_GSV2.a(QuadDec_Y_Cnt16.o)
                0x000072b8                QuadDec_Y_Cnt16_WriteCompare
 .text.QuadDec_Y_Cnt16_ClearFIFO
                0x000072c4       0x14 .\CortexM3\ARM_GCC_541\Debug\AS76_FFP9_6_GSV2.a(QuadDec_Y_Cnt16.o)
                0x000072c4                QuadDec_Y_Cnt16_ClearFIFO
 .text.QuadDec_Y_Cnt16_Init
                0x000072d8       0x58 .\CortexM3\ARM_GCC_541\Debug\AS76_FFP9_6_GSV2.a(QuadDec_Y_Cnt16.o)
                0x000072d8                QuadDec_Y_Cnt16_Init
 .text.QuadDec_Y_Cnt16_Start
                0x00007330       0x1c .\CortexM3\ARM_GCC_541\Debug\AS76_FFP9_6_GSV2.a(QuadDec_Y_Cnt16.o)
                0x00007330                QuadDec_Y_Cnt16_Start
 .text.wait_timer_Enable
                0x0000734c       0x28 .\CortexM3\ARM_GCC_541\Debug\AS76_FFP9_6_GSV2.a(wait_timer.o)
                0x0000734c                wait_timer_Enable
 .text.wait_timer_Stop
                0x00007374       0x28 .\CortexM3\ARM_GCC_541\Debug\AS76_FFP9_6_GSV2.a(wait_timer.o)
                0x00007374                wait_timer_Stop
 .text.wait_timer_SetInterruptMode
                0x0000739c        0xc .\CortexM3\ARM_GCC_541\Debug\AS76_FFP9_6_GSV2.a(wait_timer.o)
                0x0000739c                wait_timer_SetInterruptMode
 .text.wait_timer_WritePeriod
                0x000073a8        0xc .\CortexM3\ARM_GCC_541\Debug\AS76_FFP9_6_GSV2.a(wait_timer.o)
                0x000073a8                wait_timer_WritePeriod
 .text.wait_timer_WriteCounter
                0x000073b4        0xc .\CortexM3\ARM_GCC_541\Debug\AS76_FFP9_6_GSV2.a(wait_timer.o)
                0x000073b4                wait_timer_WriteCounter
 .text.wait_timer_Init
                0x000073c0       0x68 .\CortexM3\ARM_GCC_541\Debug\AS76_FFP9_6_GSV2.a(wait_timer.o)
                0x000073c0                wait_timer_Init
 .text.wait_timer_Start
                0x00007428       0x1c .\CortexM3\ARM_GCC_541\Debug\AS76_FFP9_6_GSV2.a(wait_timer.o)
                0x00007428                wait_timer_Start
 .text.wait_interrupt_SetVector
                0x00007444        0xc .\CortexM3\ARM_GCC_541\Debug\AS76_FFP9_6_GSV2.a(wait_interrupt.o)
                0x00007444                wait_interrupt_SetVector
 .text.wait_interrupt_SetPriority
                0x00007450       0x10 .\CortexM3\ARM_GCC_541\Debug\AS76_FFP9_6_GSV2.a(wait_interrupt.o)
                0x00007450                wait_interrupt_SetPriority
 .text.wait_interrupt_Enable
                0x00007460       0x10 .\CortexM3\ARM_GCC_541\Debug\AS76_FFP9_6_GSV2.a(wait_interrupt.o)
                0x00007460                wait_interrupt_Enable
 .text.wait_interrupt_Disable
                0x00007470       0x10 .\CortexM3\ARM_GCC_541\Debug\AS76_FFP9_6_GSV2.a(wait_interrupt.o)
                0x00007470                wait_interrupt_Disable
 .text.wait_interrupt_StartEx
                0x00007480       0x1c .\CortexM3\ARM_GCC_541\Debug\AS76_FFP9_6_GSV2.a(wait_interrupt.o)
                0x00007480                wait_interrupt_StartEx
 .text.Pin_SDO_RGB_Write
                0x0000749c       0x18 .\CortexM3\ARM_GCC_541\Debug\AS76_FFP9_6_GSV2.a(Pin_SDO_RGB.o)
                0x0000749c                Pin_SDO_RGB_Write
 .text.Pin_Clock_RGB_Write
                0x000074b4       0x18 .\CortexM3\ARM_GCC_541\Debug\AS76_FFP9_6_GSV2.a(Pin_Clock_RGB.o)
                0x000074b4                Pin_Clock_RGB_Write
 .text.Y_MOT_INT_Read
                0x000074cc       0x10 .\CortexM3\ARM_GCC_541\Debug\AS76_FFP9_6_GSV2.a(Y_MOT_INT.o)
                0x000074cc                Y_MOT_INT_Read
 .text.Z_MOT_INT_Read
                0x000074dc       0x10 .\CortexM3\ARM_GCC_541\Debug\AS76_FFP9_6_GSV2.a(Z_MOT_INT.o)
                0x000074dc                Z_MOT_INT_Read
 .text.X_MOT_INT_Read
                0x000074ec       0x10 .\CortexM3\ARM_GCC_541\Debug\AS76_FFP9_6_GSV2.a(X_MOT_INT.o)
                0x000074ec                X_MOT_INT_Read
 .text.Camera_Trigger_Write
                0x000074fc       0x18 .\CortexM3\ARM_GCC_541\Debug\AS76_FFP9_6_GSV2.a(Camera_Trigger.o)
                0x000074fc                Camera_Trigger_Write
 *fill*         0x00007514        0x4 
 .text          0x00007518       0x20 .\CortexM3\ARM_GCC_541\Debug\AS76_FFP9_6_GSV2.a(CyBootAsmGnu.o)
                0x00007518                CyDelayCycles
                0x00007528                CyEnterCriticalSection
                0x00007530                CyExitCriticalSection
 .text.USB_DispatchClassRqst
                0x00007538       0x68 .\CortexM3\ARM_GCC_541\Debug\AS76_FFP9_6_GSV2.a(USB_cls.o)
                0x00007538                USB_DispatchClassRqst
 .text.pow      0x000075a0      0x330 c:/program files (x86)/cypress/psoc creator/4.4/psoc creator/import/gnu/arm/5.4.1/bin/../lib/gcc/arm-none-eabi/5.4.1/../../../../arm-none-eabi/lib/armv7-m\libm.a(lib_a-w_pow.o)
                0x000075a0                pow
 .text.__ieee754_pow
                0x000078d0      0xac4 c:/program files (x86)/cypress/psoc creator/4.4/psoc creator/import/gnu/arm/5.4.1/bin/../lib/gcc/arm-none-eabi/5.4.1/../../../../arm-none-eabi/lib/armv7-m\libm.a(lib_a-e_pow.o)
                0x000078d0                __ieee754_pow
 .text.__ieee754_sqrt
                0x00008394      0x188 c:/program files (x86)/cypress/psoc creator/4.4/psoc creator/import/gnu/arm/5.4.1/bin/../lib/gcc/arm-none-eabi/5.4.1/../../../../arm-none-eabi/lib/armv7-m\libm.a(lib_a-e_sqrt.o)
                0x00008394                __ieee754_sqrt
 .text.fabs     0x0000851c        0x8 c:/program files (x86)/cypress/psoc creator/4.4/psoc creator/import/gnu/arm/5.4.1/bin/../lib/gcc/arm-none-eabi/5.4.1/../../../../arm-none-eabi/lib/armv7-m\libm.a(lib_a-s_fabs.o)
                0x0000851c                fabs
 .text.finite   0x00008524        0xc c:/program files (x86)/cypress/psoc creator/4.4/psoc creator/import/gnu/arm/5.4.1/bin/../lib/gcc/arm-none-eabi/5.4.1/../../../../arm-none-eabi/lib/armv7-m\libm.a(lib_a-s_finite.o)
                0x00008524                finite
 .text.matherr  0x00008530        0x4 c:/program files (x86)/cypress/psoc creator/4.4/psoc creator/import/gnu/arm/5.4.1/bin/../lib/gcc/arm-none-eabi/5.4.1/../../../../arm-none-eabi/lib/armv7-m\libm.a(lib_a-s_matherr.o)
                0x00008530                matherr
 .text.nan      0x00008534        0xc c:/program files (x86)/cypress/psoc creator/4.4/psoc creator/import/gnu/arm/5.4.1/bin/../lib/gcc/arm-none-eabi/5.4.1/../../../../arm-none-eabi/lib/armv7-m\libm.a(lib_a-s_nan.o)
                0x00008534                nan
 .text.rint     0x00008540      0x120 c:/program files (x86)/cypress/psoc creator/4.4/psoc creator/import/gnu/arm/5.4.1/bin/../lib/gcc/arm-none-eabi/5.4.1/../../../../arm-none-eabi/lib/armv7-m\libm.a(lib_a-s_rint.o)
                0x00008540                rint
 .text.scalbn   0x00008660       0xe4 c:/program files (x86)/cypress/psoc creator/4.4/psoc creator/import/gnu/arm/5.4.1/bin/../lib/gcc/arm-none-eabi/5.4.1/../../../../arm-none-eabi/lib/armv7-m\libm.a(lib_a-s_scalbn.o)
                0x00008660                scalbn
 .text.copysign
                0x00008744       0x10 c:/program files (x86)/cypress/psoc creator/4.4/psoc creator/import/gnu/arm/5.4.1/bin/../lib/gcc/arm-none-eabi/5.4.1/../../../../arm-none-eabi/lib/armv7-m\libm.a(lib_a-s_copysign.o)
                0x00008744                copysign
 .text          0x00008754      0x370 c:/program files (x86)/cypress/psoc creator/4.4/psoc creator/import/gnu/arm/5.4.1/bin/../lib/gcc/arm-none-eabi/5.4.1/armv7-m\libgcc.a(_arm_addsubdf3.o)
                0x00008754                __aeabi_drsub
                0x0000875c                __aeabi_dsub
                0x0000875c                __subdf3
                0x00008760                __aeabi_dadd
                0x00008760                __adddf3
                0x000089d8                __floatunsidf
                0x000089d8                __aeabi_ui2d
                0x000089f8                __floatsidf
                0x000089f8                __aeabi_i2d
                0x00008a1c                __aeabi_f2d
                0x00008a1c                __extendsfdf2
                0x00008a58                __floatundidf
                0x00008a58                __aeabi_ul2d
                0x00008a68                __floatdidf
                0x00008a68                __aeabi_l2d
 .text          0x00008ac4      0x424 c:/program files (x86)/cypress/psoc creator/4.4/psoc creator/import/gnu/arm/5.4.1/bin/../lib/gcc/arm-none-eabi/5.4.1/armv7-m\libgcc.a(_arm_muldivdf3.o)
                0x00008ac4                __aeabi_dmul
                0x00008ac4                __muldf3
                0x00008d18                __divdf3
                0x00008d18                __aeabi_ddiv
 .text          0x00008ee8      0x110 c:/program files (x86)/cypress/psoc creator/4.4/psoc creator/import/gnu/arm/5.4.1/bin/../lib/gcc/arm-none-eabi/5.4.1/armv7-m\libgcc.a(_arm_cmpdf2.o)
                0x00008ee8                __gtdf2
                0x00008ee8                __gedf2
                0x00008ef0                __ltdf2
                0x00008ef0                __ledf2
                0x00008ef8                __nedf2
                0x00008ef8                __eqdf2
                0x00008ef8                __cmpdf2
                0x00008f74                __aeabi_cdrcmple
                0x00008f84                __aeabi_cdcmpeq
                0x00008f84                __aeabi_cdcmple
                0x00008f94                __aeabi_dcmpeq
                0x00008fa8                __aeabi_dcmplt
                0x00008fbc                __aeabi_dcmple
                0x00008fd0                __aeabi_dcmpge
                0x00008fe4                __aeabi_dcmpgt
 .text          0x00008ff8       0x2c c:/program files (x86)/cypress/psoc creator/4.4/psoc creator/import/gnu/arm/5.4.1/bin/../lib/gcc/arm-none-eabi/5.4.1/armv7-m\libgcc.a(_arm_unorddf2.o)
                0x00008ff8                __unorddf2
                0x00008ff8                __aeabi_dcmpun
 .text          0x00009024       0x50 c:/program files (x86)/cypress/psoc creator/4.4/psoc creator/import/gnu/arm/5.4.1/bin/../lib/gcc/arm-none-eabi/5.4.1/armv7-m\libgcc.a(_arm_fixdfsi.o)
                0x00009024                __aeabi_d2iz
                0x00009024                __fixdfsi
 .text          0x00009074       0x40 c:/program files (x86)/cypress/psoc creator/4.4/psoc creator/import/gnu/arm/5.4.1/bin/../lib/gcc/arm-none-eabi/5.4.1/armv7-m\libgcc.a(_arm_fixunsdfsi.o)
                0x00009074                __aeabi_d2uiz
                0x00009074                __fixunsdfsi
 .text          0x000090b4       0xa0 c:/program files (x86)/cypress/psoc creator/4.4/psoc creator/import/gnu/arm/5.4.1/bin/../lib/gcc/arm-none-eabi/5.4.1/armv7-m\libgcc.a(_arm_truncdfsf2.o)
                0x000090b4                __truncdfsf2
                0x000090b4                __aeabi_d2f
 .text          0x00009154      0x21c c:/program files (x86)/cypress/psoc creator/4.4/psoc creator/import/gnu/arm/5.4.1/bin/../lib/gcc/arm-none-eabi/5.4.1/armv7-m\libgcc.a(_arm_addsubsf3.o)
                0x00009154                __aeabi_frsub
                0x0000915c                __subsf3
                0x0000915c                __aeabi_fsub
                0x00009160                __aeabi_fadd
                0x00009160                __addsf3
                0x000092c0                __aeabi_ui2f
                0x000092c0                __floatunsisf
                0x000092c8                __aeabi_i2f
                0x000092c8                __floatsisf
                0x000092e4                __aeabi_ul2f
                0x000092e4                __floatundisf
                0x000092f4                __aeabi_l2f
                0x000092f4                __floatdisf
 .text          0x00009370      0x2a0 c:/program files (x86)/cypress/psoc creator/4.4/psoc creator/import/gnu/arm/5.4.1/bin/../lib/gcc/arm-none-eabi/5.4.1/armv7-m\libgcc.a(_arm_muldivsf3.o)
                0x00009370                __mulsf3
                0x00009370                __aeabi_fmul
                0x000094d8                __aeabi_fdiv
                0x000094d8                __divsf3
 .text          0x00009610       0x4c c:/program files (x86)/cypress/psoc creator/4.4/psoc creator/import/gnu/arm/5.4.1/bin/../lib/gcc/arm-none-eabi/5.4.1/armv7-m\libgcc.a(_arm_fixsfsi.o)
                0x00009610                __aeabi_f2iz
                0x00009610                __fixsfsi
 .text.__errno  0x0000965c        0xc c:/program files (x86)/cypress/psoc creator/4.4/psoc creator/import/gnu/arm/5.4.1/bin/../lib/gcc/arm-none-eabi/5.4.1/../../../../arm-none-eabi/lib/armv7-m\libg_nano.a(lib_a-errno.o)
                0x0000965c                __errno
 .text.__libc_init_array
                0x00009668       0x4c c:/program files (x86)/cypress/psoc creator/4.4/psoc creator/import/gnu/arm/5.4.1/bin/../lib/gcc/arm-none-eabi/5.4.1/../../../../arm-none-eabi/lib/armv7-m\libg_nano.a(lib_a-init.o)
                0x00009668                __libc_init_array
 .text.memcpy   0x000096b4       0x16 c:/program files (x86)/cypress/psoc creator/4.4/psoc creator/import/gnu/arm/5.4.1/bin/../lib/gcc/arm-none-eabi/5.4.1/../../../../arm-none-eabi/lib/armv7-m\libg_nano.a(lib_a-memcpy-stub.o)
                0x000096b4                memcpy
 .text.memset   0x000096ca       0x10 c:/program files (x86)/cypress/psoc creator/4.4/psoc creator/import/gnu/arm/5.4.1/bin/../lib/gcc/arm-none-eabi/5.4.1/../../../../arm-none-eabi/lib/armv7-m\libg_nano.a(lib_a-memset.o)
                0x000096ca                memset
 *fill*         0x000096da        0x2 
 .text.sprintf  0x000096dc       0x48 c:/program files (x86)/cypress/psoc creator/4.4/psoc creator/import/gnu/arm/5.4.1/bin/../lib/gcc/arm-none-eabi/5.4.1/../../../../arm-none-eabi/lib/armv7-m\libg_nano.a(lib_a-sprintf.o)
                0x000096dc                siprintf
                0x000096dc                sprintf
 .text.strncmp  0x00009724       0x2a c:/program files (x86)/cypress/psoc creator/4.4/psoc creator/import/gnu/arm/5.4.1/bin/../lib/gcc/arm-none-eabi/5.4.1/../../../../arm-none-eabi/lib/armv7-m\libg_nano.a(lib_a-strncmp.o)
                0x00009724                strncmp
 .text.strncpy  0x0000974e       0x26 c:/program files (x86)/cypress/psoc creator/4.4/psoc creator/import/gnu/arm/5.4.1/bin/../lib/gcc/arm-none-eabi/5.4.1/../../../../arm-none-eabi/lib/armv7-m\libg_nano.a(lib_a-strncpy.o)
                0x0000974e                strncpy
 .text.__ssputs_r
                0x00009774       0xb2 c:/program files (x86)/cypress/psoc creator/4.4/psoc creator/import/gnu/arm/5.4.1/bin/../lib/gcc/arm-none-eabi/5.4.1/../../../../arm-none-eabi/lib/armv7-m\libg_nano.a(lib_a-nano-svfprintf.o)
                0x00009774                __ssputs_r
 *fill*         0x00009826        0x2 
 .text._svfprintf_r
                0x00009828      0x1e8 c:/program files (x86)/cypress/psoc creator/4.4/psoc creator/import/gnu/arm/5.4.1/bin/../lib/gcc/arm-none-eabi/5.4.1/../../../../arm-none-eabi/lib/armv7-m\libg_nano.a(lib_a-nano-svfprintf.o)
                0x00009828                _svfiprintf_r
                0x00009828                _svfprintf_r
 .text._printf_common
                0x00009a10       0xec c:/program files (x86)/cypress/psoc creator/4.4/psoc creator/import/gnu/arm/5.4.1/bin/../lib/gcc/arm-none-eabi/5.4.1/../../../../arm-none-eabi/lib/armv7-m\libg_nano.a(lib_a-nano-vfprintf_i.o)
                0x00009a10                _printf_common
 .text._printf_i
                0x00009afc      0x24c c:/program files (x86)/cypress/psoc creator/4.4/psoc creator/import/gnu/arm/5.4.1/bin/../lib/gcc/arm-none-eabi/5.4.1/../../../../arm-none-eabi/lib/armv7-m\libg_nano.a(lib_a-nano-vfprintf_i.o)
                0x00009afc                _printf_i
 .text.memchr   0x00009d48       0x1c c:/program files (x86)/cypress/psoc creator/4.4/psoc creator/import/gnu/arm/5.4.1/bin/../lib/gcc/arm-none-eabi/5.4.1/../../../../arm-none-eabi/lib/armv7-m\libg_nano.a(lib_a-memchr-stub.o)
                0x00009d48                memchr
 .text.memmove  0x00009d64       0x36 c:/program files (x86)/cypress/psoc creator/4.4/psoc creator/import/gnu/arm/5.4.1/bin/../lib/gcc/arm-none-eabi/5.4.1/../../../../arm-none-eabi/lib/armv7-m\libg_nano.a(lib_a-memmove.o)
                0x00009d64                memmove
 *fill*         0x00009d9a        0x2 
 .text._free_r  0x00009d9c       0x98 c:/program files (x86)/cypress/psoc creator/4.4/psoc creator/import/gnu/arm/5.4.1/bin/../lib/gcc/arm-none-eabi/5.4.1/../../../../arm-none-eabi/lib/armv7-m\libg_nano.a(lib_a-nano-freer.o)
                0x00009d9c                _free_r
 .text._malloc_r
                0x00009e34       0xbc c:/program files (x86)/cypress/psoc creator/4.4/psoc creator/import/gnu/arm/5.4.1/bin/../lib/gcc/arm-none-eabi/5.4.1/../../../../arm-none-eabi/lib/armv7-m\libg_nano.a(lib_a-nano-mallocr.o)
                0x00009e34                _malloc_r
 .text._realloc_r
                0x00009ef0       0x4c c:/program files (x86)/cypress/psoc creator/4.4/psoc creator/import/gnu/arm/5.4.1/bin/../lib/gcc/arm-none-eabi/5.4.1/../../../../arm-none-eabi/lib/armv7-m\libg_nano.a(lib_a-nano-reallocr.o)
                0x00009ef0                _realloc_r
 .text._sbrk_r  0x00009f3c       0x20 c:/program files (x86)/cypress/psoc creator/4.4/psoc creator/import/gnu/arm/5.4.1/bin/../lib/gcc/arm-none-eabi/5.4.1/../../../../arm-none-eabi/lib/armv7-m\libg_nano.a(lib_a-sbrkr.o)
                0x00009f3c                _sbrk_r
 .text.__malloc_lock
                0x00009f5c        0x2 c:/program files (x86)/cypress/psoc creator/4.4/psoc creator/import/gnu/arm/5.4.1/bin/../lib/gcc/arm-none-eabi/5.4.1/../../../../arm-none-eabi/lib/armv7-m\libg_nano.a(lib_a-mlock.o)
                0x00009f5c                __malloc_lock
 .text.__malloc_unlock
                0x00009f5e        0x2 c:/program files (x86)/cypress/psoc creator/4.4/psoc creator/import/gnu/arm/5.4.1/bin/../lib/gcc/arm-none-eabi/5.4.1/../../../../arm-none-eabi/lib/armv7-m\libg_nano.a(lib_a-mlock.o)
                0x00009f5e                __malloc_unlock
 .text._malloc_usable_size_r
                0x00009f60       0x14 c:/program files (x86)/cypress/psoc creator/4.4/psoc creator/import/gnu/arm/5.4.1/bin/../lib/gcc/arm-none-eabi/5.4.1/../../../../arm-none-eabi/lib/armv7-m\libg_nano.a(lib_a-nano-msizer.o)
                0x00009f60                _malloc_usable_size_r
 *(.plt)
 *(.gnu.warning)
 *(.glue_7t)
 .glue_7t       0x00009f74        0x0 linker stubs
 *(.glue_7)
 .glue_7        0x00009f74        0x0 linker stubs
 *(.vfp11_veneer)
 .vfp11_veneer  0x00009f74        0x0 linker stubs
 *(.bootloader)
 *(.ARM.extab* .gnu.linkonce.armextab.*)
 *(.gcc_except_table)

.v4_bx          0x00009f74        0x0
 .v4_bx         0x00009f74        0x0 linker stubs

.iplt           0x00009f74        0x0
 .iplt          0x00009f74        0x0 c:/program files (x86)/cypress/psoc creator/4.4/psoc creator/import/gnu/arm/5.4.1/bin/../lib/gcc/arm-none-eabi/5.4.1/armv7-m/crtbegin.o

.eh_frame_hdr
 *(.eh_frame_hdr)

.eh_frame       0x00009f74        0x4
 *(.eh_frame)
 .eh_frame      0x00009f74        0x0 c:/program files (x86)/cypress/psoc creator/4.4/psoc creator/import/gnu/arm/5.4.1/bin/../lib/gcc/arm-none-eabi/5.4.1/armv7-m/crtbegin.o
 .eh_frame      0x00009f74        0x4 c:/program files (x86)/cypress/psoc creator/4.4/psoc creator/import/gnu/arm/5.4.1/bin/../lib/gcc/arm-none-eabi/5.4.1/armv7-m/crtend.o
                [!provide]                PROVIDE (__exidx_start, .)

.ARM.exidx
 *(.ARM.exidx* .gnu.linkonce.armexidx.*)
                0x00009f78                __exidx_end = .

.rodata         0x00009f78     0x1cf0
 *(.rodata .rodata.* .gnu.linkonce.r.*)
 .rodata.str1.4
                0x00009f78       0x34 .\CortexM3\ARM_GCC_541\Debug\main.o
 .rodata.str1.4
                0x00009fac      0x9d1 .\CortexM3\ARM_GCC_541\Debug\AS76.o
                                0x9e5 (size before relaxing)
 *fill*         0x0000a97d        0x3 
 .rodata        0x0000a980     0x1030 .\CortexM3\ARM_GCC_541\Debug\cyfitter_cfg.o
 .rodata.str1.4
                0x0000b9b0       0x11 .\CortexM3\ARM_GCC_541\Debug\AS76_FFP9_6_GSV2.a(USB_std.o)
 *fill*         0x0000b9c1        0x3 
 .rodata        0x0000b9c4      0x21a .\CortexM3\ARM_GCC_541\Debug\AS76_FFP9_6_GSV2.a(USB_descr.o)
                0x0000b9c4                USB_MSOS_CONFIGURATION_DESCR
                0x0000b9ec                USB_MSOS_DESCRIPTOR
                0x0000ba00                USB_TABLE
                0x0000ba08                USB_DEVICE0_TABLE
                0x0000ba20                USB_DEVICE0_CONFIGURATION0_TABLE
                0x0000ba48                USB_DEVICE0_CONFIGURATION0_INTERFACE_CLASS
                0x0000ba4c                USB_DEVICE0_CONFIGURATION0_EP_SETTINGS_TABLE
                0x0000ba64                USB_HIDREPORT_DESCRIPTOR1
                0x0000ba9c                USB_SN_STRING_DESCRIPTOR
                0x0000baa0                USB_STRING_DESCRIPTORS
                0x0000bb88                USB_DEVICE0_CONFIGURATION0_DESCR
                0x0000bbcc                USB_DEVICE0_DESCR
 *fill*         0x0000bbde        0x2 
 .rodata.str1.4
                0x0000bbe0        0x4 c:/program files (x86)/cypress/psoc creator/4.4/psoc creator/import/gnu/arm/5.4.1/bin/../lib/gcc/arm-none-eabi/5.4.1/../../../../arm-none-eabi/lib/armv7-m\libm.a(lib_a-w_pow.o)
 .rodata.str1.4
                0x0000bbe4        0x4 c:/program files (x86)/cypress/psoc creator/4.4/psoc creator/import/gnu/arm/5.4.1/bin/../lib/gcc/arm-none-eabi/5.4.1/../../../../arm-none-eabi/lib/armv7-m\libm.a(lib_a-e_pow.o)
                                  0x1 (size before relaxing)
 *fill*         0x0000bbe4        0x4 
 .rodata.TWO52  0x0000bbe8       0x10 c:/program files (x86)/cypress/psoc creator/4.4/psoc creator/import/gnu/arm/5.4.1/bin/../lib/gcc/arm-none-eabi/5.4.1/../../../../arm-none-eabi/lib/armv7-m\libm.a(lib_a-s_rint.o)
 .rodata.str1.1
                0x0000bbf8        0x2 c:/program files (x86)/cypress/psoc creator/4.4/psoc creator/import/gnu/arm/5.4.1/bin/../lib/gcc/arm-none-eabi/5.4.1/../../../../arm-none-eabi/lib/armv7-m\libg_nano.a(lib_a-impure.o)
 .rodata.str1.1
                0x0000bbfa       0x11 c:/program files (x86)/cypress/psoc creator/4.4/psoc creator/import/gnu/arm/5.4.1/bin/../lib/gcc/arm-none-eabi/5.4.1/../../../../arm-none-eabi/lib/armv7-m\libg_nano.a(lib_a-nano-svfprintf.o)
 .rodata.str1.1
                0x0000bc0b       0x22 c:/program files (x86)/cypress/psoc creator/4.4/psoc creator/import/gnu/arm/5.4.1/bin/../lib/gcc/arm-none-eabi/5.4.1/../../../../arm-none-eabi/lib/armv7-m\libg_nano.a(lib_a-nano-vfprintf_i.o)
                0x0000bc30                . = ALIGN (0x4)
 *fill*         0x0000bc2d        0x3 
 *(.init)
 .init          0x0000bc30        0x4 c:/program files (x86)/cypress/psoc creator/4.4/psoc creator/import/gnu/arm/5.4.1/bin/../lib/gcc/arm-none-eabi/5.4.1/armv7-m/crti.o
                0x0000bc30                _init
 .init          0x0000bc34        0x8 c:/program files (x86)/cypress/psoc creator/4.4/psoc creator/import/gnu/arm/5.4.1/bin/../lib/gcc/arm-none-eabi/5.4.1/armv7-m/crtn.o
                0x0000bc3c                . = ALIGN (0x4)
                0x0000bc3c                __preinit_array_start = .
 *(.preinit_array)
                0x0000bc3c                __preinit_array_end = .
                0x0000bc3c                . = ALIGN (0x4)
                0x0000bc3c                __init_array_start = .
 *(SORT(.init_array.*))
 *(.init_array)
 .init_array    0x0000bc3c        0x4 c:/program files (x86)/cypress/psoc creator/4.4/psoc creator/import/gnu/arm/5.4.1/bin/../lib/gcc/arm-none-eabi/5.4.1/armv7-m/crtbegin.o
 .init_array    0x0000bc40        0x4 .\CortexM3\ARM_GCC_541\Debug\Cm3Start.o
                0x0000bc44                __init_array_end = .
                0x0000bc44                . = ALIGN (0x4)
 *(.fini)
 .fini          0x0000bc44        0x4 c:/program files (x86)/cypress/psoc creator/4.4/psoc creator/import/gnu/arm/5.4.1/bin/../lib/gcc/arm-none-eabi/5.4.1/armv7-m/crti.o
                0x0000bc44                _fini
 .fini          0x0000bc48        0x8 c:/program files (x86)/cypress/psoc creator/4.4/psoc creator/import/gnu/arm/5.4.1/bin/../lib/gcc/arm-none-eabi/5.4.1/armv7-m/crtn.o
                0x0000bc50                . = ALIGN (0x4)
                0x0000bc50                __fini_array_start = .
 *(.fini_array)
 .fini_array    0x0000bc50        0x4 c:/program files (x86)/cypress/psoc creator/4.4/psoc creator/import/gnu/arm/5.4.1/bin/../lib/gcc/arm-none-eabi/5.4.1/armv7-m/crtbegin.o
 *(SORT(.fini_array.*))
                0x0000bc54                __fini_array_end = .
                0x0000bc54                . = ALIGN (0x4)
 *crtbegin.o(.ctors)
 *(EXCLUDE_FILE(*crtend.o) .ctors)
 *(SORT(.ctors.*))
 *crtend.o(.ctors)
                0x0000bc54                . = ALIGN (0x4)
 *crtbegin.o(.dtors)
 *(EXCLUDE_FILE(*crtend.o) .dtors)
 *(SORT(.dtors.*))
 *crtend.o(.dtors)
                0x0000bc54                . = ALIGN (0x4)
                0x0000bc54                __cy_regions = .
                0x0000bc54        0x4 LONG 0xbc68 __cy_region_init_ram
                0x0000bc58        0x4 LONG 0x1fff80c8 __cy_region_start_data
                0x0000bc5c        0x4 LONG 0xd8 __cy_region_init_size_ram
                0x0000bc60        0x4 LONG 0x290 __cy_region_zero_size_ram
                0x0000bc64                __cy_regions_end = .
                0x0000bc68                . = ALIGN (0x8)
 *fill*         0x0000bc64        0x4 
                0x0000bc68                _etext = .

.cy_checksum_exclude
                0x0000bc68        0x0
 *(.cy_checksum_exclude)

.ramvectors     0x1fff8000       0xc0
                0x1fff8000                __cy_region_start_ram = .
 *(.ramvectors)
 .ramvectors    0x1fff8000       0xc0 .\CortexM3\ARM_GCC_541\Debug\Cm3Start.o
                0x1fff8000                CyRamVectors

.noinit         0x1fff80c0        0x1
 *(.noinit)
 .noinit        0x1fff80c0        0x1 .\CortexM3\ARM_GCC_541\Debug\AS76_FFP9_6_GSV2.a(CyLib.o)
                0x1fff80c0                CyResetStatus

.data           0x1fff80c8       0xd8 load address 0x0000bc68
                0x1fff80c8                __cy_region_start_data = .
 *(.jcr)
 .jcr           0x1fff80c8        0x0 c:/program files (x86)/cypress/psoc creator/4.4/psoc creator/import/gnu/arm/5.4.1/bin/../lib/gcc/arm-none-eabi/5.4.1/armv7-m/crtbegin.o
 .jcr           0x1fff80c8        0x4 c:/program files (x86)/cypress/psoc creator/4.4/psoc creator/import/gnu/arm/5.4.1/bin/../lib/gcc/arm-none-eabi/5.4.1/armv7-m/crtend.o
 *(.got.plt)
 *(.got)
 *(.shdata)
 *(.data .data.* .gnu.linkonce.d.*)
 .data          0x1fff80cc        0x4 .\CortexM3\ARM_GCC_541\Debug\main.o
                0x1fff80cc                status_t
                0x1fff80cd                status_z
                0x1fff80ce                status_y
                0x1fff80cf                status_x
 .data          0x1fff80d0       0x35 .\CortexM3\ARM_GCC_541\Debug\AS76.o
                0x1fff80d0                gsv2_microns
                0x1fff80d4                PWM_Condenser_comare_value
                0x1fff80e8                Motor_Speed_X
                0x1fff80ec                Motor_Speed_Y
                0x1fff80f0                Motor_Speed_Z
                0x1fff80f4                X_Pitchfactor
                0x1fff80f8                T_Pitchfactor
                0x1fff80fc                Z_Pitchfactor
                0x1fff8100                Y_Pitchfactor
                0x1fff8104                Time_Out_Error
 *fill*         0x1fff8105        0x3 
 .data          0x1fff8108        0x4 .\CortexM3\ARM_GCC_541\Debug\Cm3Start.o
 .data          0x1fff810c       0x10 .\CortexM3\ARM_GCC_541\Debug\AS76_FFP9_6_GSV2.a(CyLib.o)
                0x1fff810c                cydelay_32k_ms
                0x1fff8110                cydelay_freq_khz
                0x1fff8114                cydelay_freq_mhz
                0x1fff8118                cydelay_freq_hz
 .data          0x1fff811c       0x1a .\CortexM3\ARM_GCC_541\Debug\AS76_FFP9_6_GSV2.a(USB_cdc.o)
                0x1fff811c                USB_linesCoding
 .data.__fdlib_version
                0x1fff8136        0x1 c:/program files (x86)/cypress/psoc creator/4.4/psoc creator/import/gnu/arm/5.4.1/bin/../lib/gcc/arm-none-eabi/5.4.1/../../../../arm-none-eabi/lib/armv7-m\libm.a(lib_a-s_lib_ver.o)
                0x1fff8136                __fdlib_version
 *fill*         0x1fff8137        0x1 
 .data.impure_data
                0x1fff8138       0x60 c:/program files (x86)/cypress/psoc creator/4.4/psoc creator/import/gnu/arm/5.4.1/bin/../lib/gcc/arm-none-eabi/5.4.1/../../../../arm-none-eabi/lib/armv7-m\libg_nano.a(lib_a-impure.o)
 .data._impure_ptr
                0x1fff8198        0x4 c:/program files (x86)/cypress/psoc creator/4.4/psoc creator/import/gnu/arm/5.4.1/bin/../lib/gcc/arm-none-eabi/5.4.1/../../../../arm-none-eabi/lib/armv7-m\libg_nano.a(lib_a-impure.o)
                0x1fff8198                _impure_ptr
                0x1fff81a0                . = ALIGN (0x8)
 *fill*         0x1fff819c        0x4 
 *(.ram)
                0x1fff81a0                _edata = .

.igot.plt       0x1fff81a0        0x0 load address 0x0000bd40
 .igot.plt      0x1fff81a0        0x0 c:/program files (x86)/cypress/psoc creator/4.4/psoc creator/import/gnu/arm/5.4.1/bin/../lib/gcc/arm-none-eabi/5.4.1/armv7-m/crtbegin.o

.bss            0x1fff81a0      0x290 load address 0x0000bd40
                0x1fff81a0                PROVIDE (__bss_start__, .)
 *(.shbss)
 *(.bss .bss.* .gnu.linkonce.b.*)
 .bss           0x1fff81a0       0x1c c:/program files (x86)/cypress/psoc creator/4.4/psoc creator/import/gnu/arm/5.4.1/bin/../lib/gcc/arm-none-eabi/5.4.1/armv7-m/crtbegin.o
 .bss           0x1fff81bc       0x68 .\CortexM3\ARM_GCC_541\Debug\AS76.o
                0x1fff81bc                ms_count
                0x1fff81be                exit_loop
                0x1fff81bf                capture_flag
                0x1fff81c0                X_QuadPosition
                0x1fff81c4                start_quad
                0x1fff81c8                Y_QuadPosition
                0x1fff81cc                EncoderTZSelect
                0x1fff81d0                Z_QuadPosition
                0x1fff81d4                T_QuadPosition
                0x1fff81d8                Buffer_Z_QuadPosition
                0x1fff81dc                Buffer_T_QuadPosition
                0x1fff81e0                print_flag
                0x1fff81e4                PWM_barcode_comare_value
                0x1fff81e8                HomeY_done
                0x1fff81ec                Error
                0x1fff81f0                HomeX_done
                0x1fff81f1                HomeZ_done
                0x1fff81f3                HomeT_done
                0x1fff81f4                HomeX_done_Buffer
                0x1fff81f5                HomeY_done_Buffer
                0x1fff81f6                HomeZ_done_Buffer
                0x1fff81f7                HomeT_done_Buffer
                0x1fff81f8                Input_Position_X_Temp
                0x1fff81fc                Previous_X_Position
                0x1fff8200                Previous_Y_Position
                0x1fff8204                Previous_Z_Position
                0x1fff8208                Position_X_Requested
                0x1fff820c                Position_Y_Requested
                0x1fff8210                Position_Z_Requested
                0x1fff8214                Position_T_Requested
                0x1fff8218                time_ms
                0x1fff821c                oil_speed
                0x1fff8220                oil_dir
 .bss           0x1fff8224        0xc .\CortexM3\ARM_GCC_541\Debug\APA102.o
                0x1fff8224                BnB
                0x1fff8226                GnR
                0x1fff8228                STFB
                0x1fff822c                LedCnt
                0x1fff822d                MaxB
                0x1fff822e                B
                0x1fff822f                j
 .bss           0x1fff8230        0x1 .\CortexM3\ARM_GCC_541\Debug\AS76_FFP9_6_GSV2.a(SPIM.o)
                0x1fff8230                SPIM_initVar
 .bss           0x1fff8231        0x1 .\CortexM3\ARM_GCC_541\Debug\AS76_FFP9_6_GSV2.a(USB.o)
                0x1fff8231                USB_initVar
 .bss           0x1fff8232        0x1 .\CortexM3\ARM_GCC_541\Debug\AS76_FFP9_6_GSV2.a(USB_cdc.o)
 *fill*         0x1fff8233        0x1 
 .bss           0x1fff8234        0x2 .\CortexM3\ARM_GCC_541\Debug\AS76_FFP9_6_GSV2.a(USB_std.o)
 .bss           0x1fff8236        0x1 .\CortexM3\ARM_GCC_541\Debug\AS76_FFP9_6_GSV2.a(PWM_CondenserLED.o)
                0x1fff8236                PWM_CondenserLED_initVar
 .bss           0x1fff8237        0x1 .\CortexM3\ARM_GCC_541\Debug\AS76_FFP9_6_GSV2.a(QuadDec_X.o)
                0x1fff8237                QuadDec_X_initVar
 .bss           0x1fff8238        0x4 .\CortexM3\ARM_GCC_541\Debug\AS76_FFP9_6_GSV2.a(QuadDec_X_INT.o)
                0x1fff8238                QuadDec_X_count32SoftPart
 .bss           0x1fff823c        0x1 .\CortexM3\ARM_GCC_541\Debug\AS76_FFP9_6_GSV2.a(QuadDec_X_Cnt16.o)
                0x1fff823c                QuadDec_X_Cnt16_initVar
 .bss           0x1fff823d        0x7 .\CortexM3\ARM_GCC_541\Debug\AS76_FFP9_6_GSV2.a(UART_PCB_LOG.o)
                0x1fff823d                UART_PCB_LOG_errorStatus
                0x1fff823e                UART_PCB_LOG_initVar
                0x1fff823f                UART_PCB_LOG_rxBufferRead
                0x1fff8240                UART_PCB_LOG_rxBufferWrite
                0x1fff8241                UART_PCB_LOG_rxBufferLoopDetect
                0x1fff8242                UART_PCB_LOG_rxBufferOverflow
 .bss           0x1fff8244        0x1 .\CortexM3\ARM_GCC_541\Debug\AS76_FFP9_6_GSV2.a(QuadDec_TZ.o)
                0x1fff8244                QuadDec_TZ_initVar
 *fill*         0x1fff8245        0x3 
 .bss           0x1fff8248        0x4 .\CortexM3\ARM_GCC_541\Debug\AS76_FFP9_6_GSV2.a(QuadDec_TZ_INT.o)
                0x1fff8248                QuadDec_TZ_count32SoftPart
 .bss           0x1fff824c        0x1 .\CortexM3\ARM_GCC_541\Debug\AS76_FFP9_6_GSV2.a(PWM_Buzzer.o)
                0x1fff824c                PWM_Buzzer_initVar
 .bss           0x1fff824d        0x1 .\CortexM3\ARM_GCC_541\Debug\AS76_FFP9_6_GSV2.a(QuadDec_Y.o)
                0x1fff824d                QuadDec_Y_initVar
 *fill*         0x1fff824e        0x2 
 .bss           0x1fff8250        0x4 .\CortexM3\ARM_GCC_541\Debug\AS76_FFP9_6_GSV2.a(QuadDec_Y_INT.o)
                0x1fff8250                QuadDec_Y_count32SoftPart
 .bss           0x1fff8254        0x1 .\CortexM3\ARM_GCC_541\Debug\AS76_FFP9_6_GSV2.a(PWM_BarcodeCondenser_LED.o)
                0x1fff8254                PWM_BarcodeCondenser_LED_initVar
 .bss           0x1fff8255        0x1 .\CortexM3\ARM_GCC_541\Debug\AS76_FFP9_6_GSV2.a(QuadDec_TZ_Cnt16.o)
                0x1fff8255                QuadDec_TZ_Cnt16_initVar
 .bss           0x1fff8256        0x1 .\CortexM3\ARM_GCC_541\Debug\AS76_FFP9_6_GSV2.a(QuadDec_Y_Cnt16.o)
                0x1fff8256                QuadDec_Y_Cnt16_initVar
 .bss           0x1fff8257        0x1 .\CortexM3\ARM_GCC_541\Debug\AS76_FFP9_6_GSV2.a(wait_timer.o)
                0x1fff8257                wait_timer_initVar
 .bss.__malloc_sbrk_start
                0x1fff8258        0x4 c:/program files (x86)/cypress/psoc creator/4.4/psoc creator/import/gnu/arm/5.4.1/bin/../lib/gcc/arm-none-eabi/5.4.1/../../../../arm-none-eabi/lib/armv7-m\libg_nano.a(lib_a-nano-mallocr.o)
                0x1fff8258                __malloc_sbrk_start
 .bss.__malloc_free_list
                0x1fff825c        0x4 c:/program files (x86)/cypress/psoc creator/4.4/psoc creator/import/gnu/arm/5.4.1/bin/../lib/gcc/arm-none-eabi/5.4.1/../../../../arm-none-eabi/lib/armv7-m\libg_nano.a(lib_a-nano-mallocr.o)
                0x1fff825c                __malloc_free_list
 *(COMMON)
 COMMON         0x1fff8260       0x82 .\CortexM3\ARM_GCC_541\Debug\main.o
                0x1fff8260                Is_Slide_On_Gripper
                0x1fff8264                USB_received
                0x1fff82a4                count
                0x1fff82a8                USB_transmit
 *fill*         0x1fff82e2        0x2 
 COMMON         0x1fff82e4        0x4 .\CortexM3\ARM_GCC_541\Debug\AS76.o
                0x1fff82e4                command
 COMMON         0x1fff82e8        0x7 .\CortexM3\ARM_GCC_541\Debug\APA102.o
                0x1fff82e8                SPI_RGB_DATA
                0x1fff82ec                i
                0x1fff82ed                G
                0x1fff82ee                R
 *fill*         0x1fff82ef        0x1 
 COMMON         0x1fff82f0       0x18 .\CortexM3\ARM_GCC_541\Debug\AS76_FFP9_6_GSV2.a(SPIM.o)
                0x1fff82f0                SPIM_rxBufferFull
                0x1fff82f4                SPIM_txBuffer
                0x1fff82f9                SPIM_swStatusTx
                0x1fff82fc                SPIM_rxBuffer
                0x1fff8302                SPIM_txBufferFull
                0x1fff8303                SPIM_txBufferRead
                0x1fff8304                SPIM_rxBufferWrite
                0x1fff8305                SPIM_txBufferWrite
                0x1fff8306                SPIM_rxBufferRead
                0x1fff8307                SPIM_swStatusRx
 COMMON         0x1fff8308       0x16 .\CortexM3\ARM_GCC_541\Debug\AS76_FFP9_6_GSV2.a(USB_cdc.o)
                0x1fff8308                USB_linesControlBitmap
                0x1fff830c                USB_cdcCommInInterruptEp
                0x1fff8310                USB_serialStateBitmap
                0x1fff8314                USB_cdcDataOutEp
                0x1fff8318                USB_cdcDataInEp
                0x1fff831c                USB_linesChanged
 *fill*         0x1fff831e        0x2 
 COMMON         0x1fff8320       0x98 .\CortexM3\ARM_GCC_541\Debug\AS76_FFP9_6_GSV2.a(USB_drv.o)
                0x1fff8320                USB_transferState
                0x1fff8321                USB_interfaceNumber
                0x1fff8322                USB_lastPacketSize
                0x1fff8324                USB_interfaceClass
                0x1fff8328                USB_interfaceSetting
                0x1fff832a                USB_ep0Mode
                0x1fff832b                USB_device
                0x1fff832c                USB_deviceAddress
                0x1fff832d                USB_ep0Toggle
                0x1fff8330                USB_interfaceSettingLast
                0x1fff8332                USB_configurationChanged
                0x1fff8334                USB_interfaceStatus
                0x1fff8336                USB_transferByteCount
                0x1fff8338                USB_configuration
                0x1fff833c                USB_currentTD
                0x1fff8348                USB_ep0Count
                0x1fff8349                USB_deviceStatus
                0x1fff834c                USB_EP
 COMMON         0x1fff83b8        0xa .\CortexM3\ARM_GCC_541\Debug\AS76_FFP9_6_GSV2.a(USB_hid.o)
                0x1fff83b8                USB_hidProtocol
                0x1fff83bc                USB_hidIdleRate
                0x1fff83c0                USB_hidIdleTimer
 *fill*         0x1fff83c2        0x2 
 COMMON         0x1fff83c4       0x40 .\CortexM3\ARM_GCC_541\Debug\AS76_FFP9_6_GSV2.a(UART_PCB_LOG.o)
                0x1fff83c4                UART_PCB_LOG_rxBuffer
 COMMON         0x1fff8404       0x22 .\CortexM3\ARM_GCC_541\Debug\AS76_FFP9_6_GSV2.a(USB_descr.o)
                0x1fff8404                USB_idSerialNumberStringDescriptor
 *fill*         0x1fff8426        0x2 
 COMMON         0x1fff8428        0x4 c:/program files (x86)/cypress/psoc creator/4.4/psoc creator/import/gnu/arm/5.4.1/bin/../lib/gcc/arm-none-eabi/5.4.1/../../../../arm-none-eabi/lib/armv7-m\libg_nano.a(lib_a-reent.o)
                0x1fff8428                errno
                0x1fff8430                . = ALIGN (0x8)
 *fill*         0x1fff842c        0x4 
 *(.ram.b)
                0x1fff8430                _end = .
                0x1fff8430                __end = .
                0x1fff8430                PROVIDE (end, .)
                0x1fff8430                PROVIDE (__bss_end__, .)
                0x0000bc68                __cy_region_init_ram = LOADADDR (.data)
                0x000000d8                __cy_region_init_size_ram = (_edata - ADDR (.data))
                0x00000290                __cy_region_zero_size_ram = (_end - _edata)

.heap           0x1fff8430       0x80 load address 0x0000bd40
                0x1fff8430                . = _end
                0x1fff84b0                . = (. + 0x80)
 *fill*         0x1fff8430       0x80 
                0x1fff84b0                __cy_heap_limit = .

.stack          0x20007800      0x800
                0x20007800                __cy_stack_limit = .
                0x20008000                . = (. + 0x800)
 *fill*         0x20007800      0x800 
                0x00000001                ASSERT ((__cy_stack_limit >= __cy_heap_limit), region RAM overflowed with stack)
                0x00000000                cy_checksum_exclude_size = (CY_APPL_LOADABLE == 0x1)?SIZEOF (.cy_checksum_exclude):0x0
                0x00000001                ASSERT ((cy_checksum_exclude_size <= CY_CHECKSUM_EXCLUDE_SIZE), CY_BOOT: Section .cy_checksum_exclude size exceedes specified limit.)

.cyloadermeta
 *(.cyloadermeta)

.cyloadablemeta
 *(.cyloadablemeta)

.cyconfigecc
 *(.cyconfigecc)

.cycustnvl      0x90000000        0x4
 *(.cycustnvl)
 .cycustnvl     0x90000000        0x4 .\CortexM3\ARM_GCC_541\Debug\cymetadata.o
                0x90000000                cy_meta_custnvl

.cywolatch      0x90100000        0x4
 *(.cywolatch)
 .cywolatch     0x90100000        0x4 .\CortexM3\ARM_GCC_541\Debug\cymetadata.o
                0x90100000                cy_meta_wonvl

.cyeeprom       0x90200000        0x0
 *(.cyeeprom)
                0x00000001                ASSERT ((. <= ((0x90200000 + ee_offset) + ee_size)), .cyeeprom data will not fit in EEPROM)

.cyflashprotect
                0x90400000      0x100
 *(.cyflashprotect)
 .cyflashprotect
                0x90400000      0x100 .\CortexM3\ARM_GCC_541\Debug\cymetadata.o
                0x90400000                cy_meta_flashprotect

.cymeta         0x90500000        0xc
 *(.cymeta)
 .cymeta        0x90500000        0xc .\CortexM3\ARM_GCC_541\Debug\cymetadata.o
                0x90500000                cy_metadata

.rel.dyn        0x0000bd40        0x0 load address 0x9050000c
 .rel.iplt      0x0000bd40        0x0 c:/program files (x86)/cypress/psoc creator/4.4/psoc creator/import/gnu/arm/5.4.1/bin/../lib/gcc/arm-none-eabi/5.4.1/armv7-m/crtbegin.o

.stab
 *(.stab)

.stabstr
 *(.stabstr)

.debug
 *(.debug)

.line
 *(.line)

.debug_srcinfo
 *(.debug_srcinfo)

.debug_sfnames
 *(.debug_sfnames)

.debug_aranges  0x00000000     0x18a8
 *(.debug_aranges)
 .debug_aranges
                0x00000000       0x20 .\CortexM3\ARM_GCC_541\Debug\main.o
 .debug_aranges
                0x00000020      0x1f8 .\CortexM3\ARM_GCC_541\Debug\AS76.o
 .debug_aranges
                0x00000218       0x48 .\CortexM3\ARM_GCC_541\Debug\APA102.o
 .debug_aranges
                0x00000260       0x60 .\CortexM3\ARM_GCC_541\Debug\cyfitter_cfg.o
 .debug_aranges
                0x000002c0       0x18 .\CortexM3\ARM_GCC_541\Debug\cymetadata.o
 .debug_aranges
                0x000002d8       0x48 .\CortexM3\ARM_GCC_541\Debug\Cm3Start.o
 .debug_aranges
                0x00000320       0x38 .\CortexM3\ARM_GCC_541\Debug\AS76_FFP9_6_GSV2.a(Pin_CSMotorX.o)
 .debug_aranges
                0x00000358       0x38 .\CortexM3\ARM_GCC_541\Debug\AS76_FFP9_6_GSV2.a(Pin_CSMotorY.o)
 .debug_aranges
                0x00000390       0x38 .\CortexM3\ARM_GCC_541\Debug\AS76_FFP9_6_GSV2.a(Pin_CSMotorZ.o)
 .debug_aranges
                0x000003c8       0xd8 .\CortexM3\ARM_GCC_541\Debug\AS76_FFP9_6_GSV2.a(SPIM.o)
 .debug_aranges
                0x000004a0       0x28 .\CortexM3\ARM_GCC_541\Debug\AS76_FFP9_6_GSV2.a(SPIM_INT.o)
 .debug_aranges
                0x000004c8      0x2a0 .\CortexM3\ARM_GCC_541\Debug\AS76_FFP9_6_GSV2.a(CyLib.o)
 .debug_aranges
                0x00000768       0x98 .\CortexM3\ARM_GCC_541\Debug\AS76_FFP9_6_GSV2.a(cyPm.o)
 .debug_aranges
                0x00000800       0xc8 .\CortexM3\ARM_GCC_541\Debug\AS76_FFP9_6_GSV2.a(USB.o)
 .debug_aranges
                0x000008c8       0xe8 .\CortexM3\ARM_GCC_541\Debug\AS76_FFP9_6_GSV2.a(USB_cdc.o)
 .debug_aranges
                0x000009b0       0x98 .\CortexM3\ARM_GCC_541\Debug\AS76_FFP9_6_GSV2.a(USB_drv.o)
 .debug_aranges
                0x00000a48       0x40 .\CortexM3\ARM_GCC_541\Debug\AS76_FFP9_6_GSV2.a(USB_episr.o)
 .debug_aranges
                0x00000a88       0x48 .\CortexM3\ARM_GCC_541\Debug\AS76_FFP9_6_GSV2.a(USB_hid.o)
 .debug_aranges
                0x00000ad0       0x40 .\CortexM3\ARM_GCC_541\Debug\AS76_FFP9_6_GSV2.a(USB_pm.o)
 .debug_aranges
                0x00000b10       0x80 .\CortexM3\ARM_GCC_541\Debug\AS76_FFP9_6_GSV2.a(USB_std.o)
 .debug_aranges
                0x00000b90       0x20 .\CortexM3\ARM_GCC_541\Debug\AS76_FFP9_6_GSV2.a(USB_vnd.o)