Archive member included to satisfy reference by file (symbol)

.\CortexM3\ARM_GCC_541\Debug\Half_Skeleton_V2_LED_ARRAY.a(Pin_CSMotorX.o)
                              .\CortexM3\ARM_GCC_541\Debug\AS76.o (Pin_CSMotorX_Write)
.\CortexM3\ARM_GCC_541\Debug\Half_Skeleton_V2_LED_ARRAY.a(Pin_CSMotorY.o)
                              .\CortexM3\ARM_GCC_541\Debug\AS76.o (Pin_CSMotorY_Write)
.\CortexM3\ARM_GCC_541\Debug\Half_Skeleton_V2_LED_ARRAY.a(Pin_CSMotorZ.o)
                              .\CortexM3\ARM_GCC_541\Debug\AS76.o (Pin_CSMotorZ_Write)
.\CortexM3\ARM_GCC_541\Debug\Half_Skeleton_V2_LED_ARRAY.a(SPIM.o)
                              .\CortexM3\ARM_GCC_541\Debug\AS76.o (SPIM_WriteTxData)
.\CortexM3\ARM_GCC_541\Debug\Half_Skeleton_V2_LED_ARRAY.a(SPIM_INT.o)
                              .\CortexM3\ARM_GCC_541\Debug\Half_Skeleton_V2_LED_ARRAY.a(SPIM.o) (SPIM_TX_ISR)
.\CortexM3\ARM_GCC_541\Debug\Half_Skeleton_V2_LED_ARRAY.a(CyLib.o)
                              .\CortexM3\ARM_GCC_541\Debug\Cm3Start.o (CyHalt)
.\CortexM3\ARM_GCC_541\Debug\Half_Skeleton_V2_LED_ARRAY.a(cyPm.o)
                              .\CortexM3\ARM_GCC_541\Debug\Half_Skeleton_V2_LED_ARRAY.a(CyLib.o) (CyPmReadStatus)
.\CortexM3\ARM_GCC_541\Debug\Half_Skeleton_V2_LED_ARRAY.a(USB.o)
                              .\CortexM3\ARM_GCC_541\Debug\AS76.o (USB_Start)
.\CortexM3\ARM_GCC_541\Debug\Half_Skeleton_V2_LED_ARRAY.a(USB_cdc.o)
                              .\CortexM3\ARM_GCC_541\Debug\AS76.o (USB_CDC_Init)
.\CortexM3\ARM_GCC_541\Debug\Half_Skeleton_V2_LED_ARRAY.a(USB_drv.o)
                              .\CortexM3\ARM_GCC_541\Debug\Half_Skeleton_V2_LED_ARRAY.a(USB.o) (USB_lastPacketSize)
.\CortexM3\ARM_GCC_541\Debug\Half_Skeleton_V2_LED_ARRAY.a(USB_episr.o)
                              .\CortexM3\ARM_GCC_541\Debug\Half_Skeleton_V2_LED_ARRAY.a(USB.o) (USB_EP_1_ISR)
.\CortexM3\ARM_GCC_541\Debug\Half_Skeleton_V2_LED_ARRAY.a(USB_hid.o)
                              .\CortexM3\ARM_GCC_541\Debug\Half_Skeleton_V2_LED_ARRAY.a(USB.o) (USB_hidProtocol)
.\CortexM3\ARM_GCC_541\Debug\Half_Skeleton_V2_LED_ARRAY.a(USB_pm.o)
                              .\CortexM3\ARM_GCC_541\Debug\Half_Skeleton_V2_LED_ARRAY.a(USB.o) (USB_DP_ISR)
.\CortexM3\ARM_GCC_541\Debug\Half_Skeleton_V2_LED_ARRAY.a(USB_std.o)
                              .\CortexM3\ARM_GCC_541\Debug\Half_Skeleton_V2_LED_ARRAY.a(USB_pm.o) (USB_ConfigReg)
.\CortexM3\ARM_GCC_541\Debug\Half_Skeleton_V2_LED_ARRAY.a(USB_vnd.o)
                              .\CortexM3\ARM_GCC_541\Debug\Half_Skeleton_V2_LED_ARRAY.a(USB_drv.o) (USB_HandleVendorRqst)
.\CortexM3\ARM_GCC_541\Debug\Half_Skeleton_V2_LED_ARRAY.a(USB_Dp.o)
                              .\CortexM3\ARM_GCC_541\Debug\Half_Skeleton_V2_LED_ARRAY.a(USB.o) (USB_Dp_ClearInterrupt)
.\CortexM3\ARM_GCC_541\Debug\Half_Skeleton_V2_LED_ARRAY.a(PWM_CondenserLED.o)
                              .\CortexM3\ARM_GCC_541\Debug\AS76.o (PWM_CondenserLED_WriteCompare)
.\CortexM3\ARM_GCC_541\Debug\Half_Skeleton_V2_LED_ARRAY.a(SPIM_IntClock.o)
                              .\CortexM3\ARM_GCC_541\Debug\Half_Skeleton_V2_LED_ARRAY.a(SPIM.o) (SPIM_IntClock_Start)
.\CortexM3\ARM_GCC_541\Debug\Half_Skeleton_V2_LED_ARRAY.a(QuadDec_X.o)
                              .\CortexM3\ARM_GCC_541\Debug\AS76.o (QuadDec_X_GetCounter)
.\CortexM3\ARM_GCC_541\Debug\Half_Skeleton_V2_LED_ARRAY.a(QuadDec_X_INT.o)
                              .\CortexM3\ARM_GCC_541\Debug\Half_Skeleton_V2_LED_ARRAY.a(QuadDec_X.o) (QuadDec_X_ISR)
.\CortexM3\ARM_GCC_541\Debug\Half_Skeleton_V2_LED_ARRAY.a(QuadDec_X_Cnt16.o)
                              .\CortexM3\ARM_GCC_541\Debug\Half_Skeleton_V2_LED_ARRAY.a(QuadDec_X.o) (QuadDec_X_Cnt16_Stop)
.\CortexM3\ARM_GCC_541\Debug\Half_Skeleton_V2_LED_ARRAY.a(UART_PCB_LOG.o)
                              .\CortexM3\ARM_GCC_541\Debug\main.o (UART_PCB_LOG_Start)
.\CortexM3\ARM_GCC_541\Debug\Half_Skeleton_V2_LED_ARRAY.a(UART_PCB_LOG_INT.o)
                              .\CortexM3\ARM_GCC_541\Debug\Half_Skeleton_V2_LED_ARRAY.a(UART_PCB_LOG.o) (UART_PCB_LOG_RXISR)
.\CortexM3\ARM_GCC_541\Debug\Half_Skeleton_V2_LED_ARRAY.a(UART_PCB_LOG_IntClock.o)
                              .\CortexM3\ARM_GCC_541\Debug\Half_Skeleton_V2_LED_ARRAY.a(UART_PCB_LOG.o) (UART_PCB_LOG_IntClock_Start)
.\CortexM3\ARM_GCC_541\Debug\Half_Skeleton_V2_LED_ARRAY.a(Pin_Backlight.o)
                              .\CortexM3\ARM_GCC_541\Debug\AS76.o (Pin_Backlight_Write)
.\CortexM3\ARM_GCC_541\Debug\Half_Skeleton_V2_LED_ARRAY.a(LED2.o)
                              .\CortexM3\ARM_GCC_541\Debug\main.o (LED2_Write)
.\CortexM3\ARM_GCC_541\Debug\Half_Skeleton_V2_LED_ARRAY.a(Pin_CSMotorO.o)
                              .\CortexM3\ARM_GCC_541\Debug\AS76.o (Pin_CSMotorO_Write)
.\CortexM3\ARM_GCC_541\Debug\Half_Skeleton_V2_LED_ARRAY.a(Pin_CSMotorT.o)
                              .\CortexM3\ARM_GCC_541\Debug\AS76.o (Pin_CSMotorT_Write)
.\CortexM3\ARM_GCC_541\Debug\Half_Skeleton_V2_LED_ARRAY.a(QuadDec_TZ.o)
[...]
Memory Configuration

Name             Origin             Length             Attributes
rom              0x00000000         0x00040000         xr
ram              0x1fff8000         0x00010000         xrw
*default*        0x00000000         0xffffffff

Linker script and memory map

LOAD c:/program files (x86)/cypress/psoc creator/4.4/psoc creator/import/gnu/arm/5.4.1/bin/../lib/gcc/arm-none-eabi/5.4.1/armv7-m/crti.o
LOAD c:/program files (x86)/cypress/psoc creator/4.4/psoc creator/import/gnu/arm/5.4.1/bin/../lib/gcc/arm-none-eabi/5.4.1/armv7-m/crtbegin.o
LOAD c:/program files (x86)/cypress/psoc creator/4.4/psoc creator/import/gnu/arm/5.4.1/bin/../lib/gcc/arm-none-eabi/5.4.1/../../../../arm-none-eabi/lib/armv7-m/crt0.o
START GROUP
LOAD .\CortexM3\ARM_GCC_541\Debug\main.o
LOAD .\CortexM3\ARM_GCC_541\Debug\AS76.o
LOAD .\CortexM3\ARM_GCC_541\Debug\APA102.o
LOAD .\CortexM3\ARM_GCC_541\Debug\PCA9959.o
LOAD .\CortexM3\ARM_GCC_541\Debug\cyfitter_cfg.o
LOAD .\CortexM3\ARM_GCC_541\Debug\cymetadata.o
LOAD .\CortexM3\ARM_GCC_541\Debug\Cm3Start.o
LOAD .\CortexM3\ARM_GCC_541\Debug\Half_Skeleton_V2_LED_ARRAY.a
LOAD C:\Program Files (x86)\Cypress\PSoC Creator\4.4\PSoC Creator\psoc\content\cycomponentlibrary\CyComponentLibrary.cylib\CortexM3\ARM_GCC_541\Debug\CyComponentLibrary.a
LOAD c:/program files (x86)/cypress/psoc creator/4.4/psoc creator/import/gnu/arm/5.4.1/bin/../lib/gcc/arm-none-eabi/5.4.1/../../../../arm-none-eabi/lib/armv7-m\libm.a
END GROUP
START GROUP
LOAD c:/program files (x86)/cypress/psoc creator/4.4/psoc creator/import/gnu/arm/5.4.1/bin/../lib/gcc/arm-none-eabi/5.4.1/armv7-m\libgcc.a
LOAD c:/program files (x86)/cypress/psoc creator/4.4/psoc creator/import/gnu/arm/5.4.1/bin/../lib/gcc/arm-none-eabi/5.4.1/../../../../arm-none-eabi/lib/armv7-m\libg_nano.a
LOAD c:/program files (x86)/cypress/psoc creator/4.4/psoc creator/import/gnu/arm/5.4.1/bin/../lib/gcc/arm-none-eabi/5.4.1/../../../../arm-none-eabi/lib/armv7-m\libc_nano.a
END GROUP
START GROUP
LOAD c:/program files (x86)/cypress/psoc creator/4.4/psoc creator/import/gnu/arm/5.4.1/bin/../lib/gcc/arm-none-eabi/5.4.1/armv7-m\libgcc.a
LOAD c:/program files (x86)/cypress/psoc creator/4.4/psoc creator/import/gnu/arm/5.4.1/bin/../lib/gcc/arm-none-eabi/5.4.1/../../../../arm-none-eabi/lib/armv7-m\libc_nano.a
END GROUP
LOAD c:/program files (x86)/cypress/psoc creator/4.4/psoc creator/import/gnu/arm/5.4.1/bin/../lib/gcc/arm-none-eabi/5.4.1/armv7-m/crtend.o
LOAD c:/program files (x86)/cypress/psoc creator/4.4/psoc creator/import/gnu/arm/5.4.1/bin/../lib/gcc/arm-none-eabi/5.4.1/armv7-m/crtn.o
START GROUP
LOAD c:/program files (x86)/cypress/psoc creator/4.4/psoc creator/import/gnu/arm/5.4.1/bin/../lib/gcc/arm-none-eabi/5.4.1/armv7-m\libgcc.a
LOAD c:/program files (x86)/cypress/psoc creator/4.4/psoc creator/import/gnu/arm/5.4.1/bin/../lib/gcc/arm-none-eabi/5.4.1/../../../../arm-none-eabi/lib/armv7-m\libc.a
LOAD c:/program files (x86)/cypress/psoc creator/4.4/psoc creator/import/gnu/arm/5.4.1/bin/../lib/gcc/arm-none-eabi/5.4.1/../../../../arm-none-eabi/lib/armv7-m\libnosys.a
END GROUP
                0x00000000                CY_APPL_ORIGIN = 0x0
                0x00000100                CY_FLASH_ROW_SIZE = 0x100
                0x00000020                CY_ECC_ROW_SIZE = 0x20
                0x00000000                CY_EE_IN_BTLDR = 0x0
                0x00000000                CY_APPL_LOADABLE = 0x0
                0x00000800                CY_EE_SIZE = 0x800
                0x00000001                CY_APPL_NUM = 0x1
                0x00000001                CY_APPL_MAX = 0x1
                0x00000040                CY_METADATA_SIZE = 0x40
                0x00000000                CY_APPL_LOADABLE = 0x0
                0x00000000                CY_CHECKSUM_EXCLUDE_SIZE = ALIGN (0x0, CY_FLASH_ROW_SIZE)
                [!provide]                PROVIDE (__cy_heap_start, _end)
                0x00000001                PROVIDE (__cy_region_num, ((__cy_regions_end - __cy_regions) / 0x10))
                0x20008000                PROVIDE (__cy_stack, (ORIGIN (ram) + LENGTH (ram)))
                [!provide]                PROVIDE (__cy_heap_end, (__cy_stack - 0x800))

.cybootloader   0x00000000        0x0
 *(.cybootloader)
                0x00000000                appl1_start = CY_APPL_ORIGIN?CY_APPL_ORIGIN:ALIGN (CY_FLASH_ROW_SIZE)
                0x0001ff00                appl2_start = (appl1_start + ALIGN ((((LENGTH (rom) - appl1_start) - (0x2 * CY_FLASH_ROW_SIZE)) / 0x2), CY_FLASH_ROW_SIZE))
                0x00000000                appl_start = (CY_APPL_NUM == 0x1)?appl1_start:appl2_start
                0x00000000                ecc_offset = ((appl_start / CY_FLASH_ROW_SIZE) * CY_ECC_ROW_SIZE)
                0x00000000                ee_offset = (CY_APPL_LOADABLE && ! (CY_EE_IN_BTLDR))?((CY_EE_SIZE / CY_APPL_MAX) * (CY_APPL_NUM - 0x1)):0x0
                0x00000800                ee_size = (CY_APPL_LOADABLE && ! (CY_EE_IN_BTLDR))?(CY_EE_SIZE / CY_APPL_MAX):CY_EE_SIZE
                [!provide]                PROVIDE (CY_ECC_OFFSET, ecc_offset)

.text           0x00000000     0xbb10
 CREATE_OBJECT_SYMBOLS
                0x00000000                PROVIDE (__cy_interrupt_vector, RomVectors)
 *(.romvectors)
 .romvectors    0x00000000       0x10 .\CortexM3\ARM_GCC_541\Debug\Cm3Start.o
                0x00000000                RomVectors
                0x00000001                ASSERT ((. != __cy_interrupt_vector), No interrupt vector)
                0x00000001                ASSERT (CY_APPL_ORIGIN?(SIZEOF (.cybootloader) <= CY_APPL_ORIGIN):0x1, Wrong image location)
                0x00000010                PROVIDE (__cy_reset, Reset)
 *(.text.Reset)
 .text.Reset    0x00000010       0x18 .\CortexM3\ARM_GCC_541\Debug\Cm3Start.o
                0x00000010                Reset
                0x00000001                ASSERT ((. != __cy_reset), No reset code)
 *(.dma_init)
                0x00000001                ASSERT ((((appl_start + .) <= 0x10000) || 0x1), DMA Init must be within the first 64k of flash)
 *(.text .text.* .gnu.linkonce.t.*)
 .text          0x00000028       0x5c c:/program files (x86)/cypress/psoc creator/4.4/psoc creator/import/gnu/arm/5.4.1/bin/../lib/gcc/arm-none-eabi/5.4.1/armv7-m/crtbegin.o
 .text.main     0x00000084      0x114 .\CortexM3\ARM_GCC_541\Debug\main.o
                0x00000084                main
 .text.wait_interrupt_Handler
                0x00000198       0x24 .\CortexM3\ARM_GCC_541\Debug\AS76.o
                0x00000198                wait_interrupt_Handler
 .text.Quad_Timer3
                0x000001bc       0x1c .\CortexM3\ARM_GCC_541\Debug\AS76.o
                0x000001bc                Quad_Timer3
 .text.Quad_Timer_Z
                0x000001d8       0x58 .\CortexM3\ARM_GCC_541\Debug\AS76.o
                0x000001d8                Quad_Timer_Z
 .text.Quad_Timer
                0x00000230       0x30 .\CortexM3\ARM_GCC_541\Debug\AS76.o
                0x00000230                Quad_Timer
 .text.Quad_Timer0
                0x00000260       0x30 .\CortexM3\ARM_GCC_541\Debug\AS76.o
                0x00000260                Quad_Timer0
 .text.Quad_Timer1
                0x00000290       0x30 .\CortexM3\ARM_GCC_541\Debug\AS76.o
                0x00000290                Quad_Timer1
 .text.Quad_Timer2
                0x000002c0       0x30 .\CortexM3\ARM_GCC_541\Debug\AS76.o
                0x000002c0                Quad_Timer2
 .text.Initialize_PWM
                0x000002f0       0x50 .\CortexM3\ARM_GCC_541\Debug\AS76.o
                0x000002f0                Initialize_PWM
 .text.Enable_Encoder_T
                0x00000340       0x18 .\CortexM3\ARM_GCC_541\Debug\AS76.o
                0x00000340                Enable_Encoder_T
 .text.Enable_Encoder_Z
                0x00000358       0x18 .\CortexM3\ARM_GCC_541\Debug\AS76.o
                0x00000358                Enable_Encoder_Z
 .text.Initialize_And_Start_All_Opt_Encoder
                0x00000370       0x2c .\CortexM3\ARM_GCC_541\Debug\AS76.o
                0x00000370                Initialize_And_Start_All_Opt_Encoder
 .text.Read_All_Optical_Encoder
                0x0000039c       0x44 .\CortexM3\ARM_GCC_541\Debug\AS76.o
                0x0000039c                Read_All_Optical_Encoder
 .text.Write_Debug_UART_Char
                0x000003e0       0x1c .\CortexM3\ARM_GCC_541\Debug\AS76.o
                0x000003e0                Write_Debug_UART_Char
 .text.Beep_Once
                0x000003fc       0x24 .\CortexM3\ARM_GCC_541\Debug\AS76.o
                0x000003fc                Beep_Once
 .text.Send_Feedback_to_USB
                0x00000420      0x2dc .\CortexM3\ARM_GCC_541\Debug\AS76.o
                0x00000420                Send_Feedback_to_USB
 .text.Initialize_USB
                0x000006fc       0x38 .\CortexM3\ARM_GCC_541\Debug\AS76.o
                0x000006fc                Initialize_USB
 .text.Write_Debug_UART_Int
                0x00000734       0x34 .\CortexM3\ARM_GCC_541\Debug\AS76.o
                0x00000734                Write_Debug_UART_Int
 .text.set_BarcodeCondenser_LED
                0x00000768       0x70 .\CortexM3\ARM_GCC_541\Debug\AS76.o
                0x00000768                set_BarcodeCondenser_LED
 .text.set_CondenserLED
                0x000007d8       0x70 .\CortexM3\ARM_GCC_541\Debug\AS76.o
                0x000007d8                set_CondenserLED
 .text.UART_print_all_values
                0x00000848       0x24 .\CortexM3\ARM_GCC_541\Debug\AS76.o
                0x00000848                UART_print_all_values
 .text.if_all_homing_done
                0x0000086c       0x78 .\CortexM3\ARM_GCC_541\Debug\AS76.o
                0x0000086c                if_all_homing_done
 .text.Is_USB_Unpluged
                0x000008e4       0x40 .\CortexM3\ARM_GCC_541\Debug\AS76.o
                0x000008e4                Is_USB_Unpluged
 .text.Data_To_Transfer
                0x00000924       0x10 .\CortexM3\ARM_GCC_541\Debug\AS76.o
                0x00000924                Data_To_Transfer
 .text.SPI_MOTOR_CHIP_SELECT
                0x00000934       0x98 .\CortexM3\ARM_GCC_541\Debug\AS76.o
                0x00000934                SPI_MOTOR_CHIP_SELECT
 .text.Read_32bitSPI_DATA
                0x000009cc       0xec .\CortexM3\ARM_GCC_541\Debug\AS76.o
                0x000009cc                Read_32bitSPI_DATA
 .text.Write_32bitSPI_DATA
                0x00000ab8       0x40 .\CortexM3\ARM_GCC_541\Debug\AS76.o
                0x00000ab8                Write_32bitSPI_DATA
 .text.GotoPos  0x00000af8       0x28 .\CortexM3\ARM_GCC_541\Debug\AS76.o
                0x00000af8                GotoPos
 .text.Initialize_Motor
                0x00000b20      0x284 .\CortexM3\ARM_GCC_541\Debug\AS76.o
                0x00000b20                Initialize_Motor
 .text.WaitTillPositionReached
                0x00000da4       0x54 .\CortexM3\ARM_GCC_541\Debug\AS76.o
                0x00000da4                WaitTillPositionReached
 .text.Step_correction_x
                0x00000df8      0x100 .\CortexM3\ARM_GCC_541\Debug\AS76.o
                0x00000df8                Step_correction_x
 .text.goTo_X   0x00000ef8       0x8c .\CortexM3\ARM_GCC_541\Debug\AS76.o
                0x00000ef8                goTo_X
 *fill*         0x00000f84        0x4 
 .text.Step_correction_y
                0x00000f88       0xf0 .\CortexM3\ARM_GCC_541\Debug\AS76.o
                0x00000f88                Step_correction_y
 .text.goTo_Y   0x00001078       0x8c .\CortexM3\ARM_GCC_541\Debug\AS76.o
                0x00001078                goTo_Y
 *fill*         0x00001104        0x4 
 .text.Step_correction_z
                0x00001108       0xf0 .\CortexM3\ARM_GCC_541\Debug\AS76.o
                0x00001108                Step_correction_z
 .text.goTo_Z   0x000011f8       0x9c .\CortexM3\ARM_GCC_541\Debug\AS76.o
                0x000011f8                goTo_Z
 *fill*         0x00001294        0x4 
 .text.Step_correction_t
                0x00001298       0xf0 .\CortexM3\ARM_GCC_541\Debug\AS76.o
                0x00001298                Step_correction_t
 .text.goTo_T   0x00001388       0xe4 .\CortexM3\ARM_GCC_541\Debug\AS76.o
                0x00001388                goTo_T
 .text.goTo_XYZ
                0x0000146c       0xcc .\CortexM3\ARM_GCC_541\Debug\AS76.o
                0x0000146c                goTo_XYZ
 .text.update_max_velocity
                0x00001538       0x10 .\CortexM3\ARM_GCC_541\Debug\AS76.o
                0x00001538                update_max_velocity
 .text.homeX    0x00001548      0x1b4 .\CortexM3\ARM_GCC_541\Debug\AS76.o
                0x00001548                homeX
 .text.homeY    0x000016fc      0x1d4 .\CortexM3\ARM_GCC_541\Debug\AS76.o
                0x000016fc                homeY
 .text.homeZ    0x000018d0      0x1d4 .\CortexM3\ARM_GCC_541\Debug\AS76.o
                0x000018d0                homeZ
 .text.homeT    0x00001aa4      0x228 .\CortexM3\ARM_GCC_541\Debug\AS76.o
                0x00001aa4                homeT
 .text.run_pump
                0x00001ccc       0x90 .\CortexM3\ARM_GCC_541\Debug\AS76.o
                0x00001ccc                run_pump
 .text.run_pumpvs
                0x00001d5c       0x80 .\CortexM3\ARM_GCC_541\Debug\AS76.o
                0x00001d5c                run_pumpvs
 *fill*         0x00001ddc        0x4 
 .text.GsV2     0x00001de0       0xc4 .\CortexM3\ARM_GCC_541\Debug\AS76.o
                0x00001de0                GsV2
 *fill*         0x00001ea4        0x4 
 .text.GsV2_1   0x00001ea8      0x26c .\CortexM3\ARM_GCC_541\Debug\AS76.o
                0x00001ea8                GsV2_1
 *fill*         0x00002114        0x4 
 .text.GsV2_2   0x00002118      0x27c .\CortexM3\ARM_GCC_541\Debug\AS76.o
                0x00002118                GsV2_2
 *fill*         0x00002394        0x4 
 .text.GsV2_LR  0x00002398      0x2b4 .\CortexM3\ARM_GCC_541\Debug\AS76.o
                0x00002398                GsV2_LR
 *fill*         0x0000264c        0x4 
 .text.GsV2_2_Z
                0x00002650      0x228 .\CortexM3\ARM_GCC_541\Debug\AS76.o
                0x00002650                GsV2_2_Z
 .text.Process_USB_Data
                0x00002878     0x16f8 .\CortexM3\ARM_GCC_541\Debug\AS76.o
                0x00002878                Process_USB_Data
 .text.LedFrame
                0x00003f70       0x1c .\CortexM3\ARM_GCC_541\Debug\APA102.o
                0x00003f70                LedFrame
 .text.RGB_Byte_TxOp
                0x00003f8c       0x38 .\CortexM3\ARM_GCC_541\Debug\APA102.o
                0x00003f8c                RGB_Byte_TxOp
 .text.BF       0x00003fc4       0xf0 .\CortexM3\ARM_GCC_541\Debug\APA102.o
                0x00003fc4                BF
 .text.BF2      0x000040b4       0x54 .\CortexM3\ARM_GCC_541\Debug\APA102.o
                0x000040b4                BF2
 .text.Ring     0x00004108      0x208 .\CortexM3\ARM_GCC_541\Debug\APA102.o
                0x00004108                Ring
 .text.PCA9959_dummy
                0x00004310       0x30 .\CortexM3\ARM_GCC_541\Debug\PCA9959.o
                0x00004310                PCA9959_dummy
 .text.PCA_16Bit_TxOp_1
                0x00004340       0x60 .\CortexM3\ARM_GCC_541\Debug\PCA9959.o
                0x00004340                PCA_16Bit_TxOp_1
 .text.PCA9959_Write_1
                0x000043a0       0x20 .\CortexM3\ARM_GCC_541\Debug\PCA9959.o
                0x000043a0                PCA9959_Write_1
 .text.PageSel_1
                0x000043c0       0x28 .\CortexM3\ARM_GCC_541\Debug\PCA9959.o
                0x000043c0                PageSel_1
 .text.PCA9959_Init_1
                0x000043e8       0x28 .\CortexM3\ARM_GCC_541\Debug\PCA9959.o
                0x000043e8                PCA9959_Init_1
 .text.PCA_16Bit_TxOp_2
                0x00004410       0x60 .\CortexM3\ARM_GCC_541\Debug\PCA9959.o
                0x00004410                PCA_16Bit_TxOp_2
 .text.PCA9959_Write_2
                0x00004470       0x20 .\CortexM3\ARM_GCC_541\Debug\PCA9959.o
                0x00004470                PCA9959_Write_2
 .text.PageSel_2
                0x00004490       0x28 .\CortexM3\ARM_GCC_541\Debug\PCA9959.o
                0x00004490                PageSel_2
 .text.PCA9959_Init_2
                0x000044b8       0x28 .\CortexM3\ARM_GCC_541\Debug\PCA9959.o
                0x000044b8                PCA9959_Init_2
 .text.PCA_16Bit_TxOp_3
                0x000044e0       0x60 .\CortexM3\ARM_GCC_541\Debug\PCA9959.o
                0x000044e0                PCA_16Bit_TxOp_3
 .text.PCA9959_Write_3
                0x00004540       0x20 .\CortexM3\ARM_GCC_541\Debug\PCA9959.o
                0x00004540                PCA9959_Write_3
 .text.PageSel_3
                0x00004560       0x28 .\CortexM3\ARM_GCC_541\Debug\PCA9959.o
                0x00004560                PageSel_3
 .text.PCA9959_Init_3
                0x00004588       0x28 .\CortexM3\ARM_GCC_541\Debug\PCA9959.o
                0x00004588                PCA9959_Init_3
 .text.PCA_16Bit_TxOp_4
                0x000045b0       0x60 .\CortexM3\ARM_GCC_541\Debug\PCA9959.o
                0x000045b0                PCA_16Bit_TxOp_4
 .text.PCA9959_Write_4
                0x00004610       0x20 .\CortexM3\ARM_GCC_541\Debug\PCA9959.o
                0x00004610                PCA9959_Write_4
 .text.PageSel_4
                0x00004630       0x28 .\CortexM3\ARM_GCC_541\Debug\PCA9959.o
                0x00004630                PageSel_4
 .text.PCA9959_Init_4
                0x00004658       0x28 .\CortexM3\ARM_GCC_541\Debug\PCA9959.o
                0x00004658                PCA9959_Init_4
 .text.PCA9959_clear
                0x00004680      0x654 .\CortexM3\ARM_GCC_541\Debug\PCA9959.o
                0x00004680                PCA9959_clear
 .text.Reset_Driver
                0x00004cd4       0x1c .\CortexM3\ARM_GCC_541\Debug\PCA9959.o
                0x00004cd4                Reset_Driver
 .text.PCA9959_Init_all
                0x00004cf0       0x18 .\CortexM3\ARM_GCC_541\Debug\PCA9959.o
                0x00004cf0                PCA9959_Init_all
 .text.PCA9959_ChnEn
                0x00004d08     0x14e8 .\CortexM3\ARM_GCC_541\Debug\PCA9959.o
                0x00004d08                PCA9959_ChnEn
 .text.CyClockStartupError
                0x000061f0        0x4 .\CortexM3\ARM_GCC_541\Debug\cyfitter_cfg.o
 .text.cfg_write_bytes32
                0x000061f4       0x34 .\CortexM3\ARM_GCC_541\Debug\cyfitter_cfg.o
 .text.AnalogSetDefault
                0x00006228       0x28 .\CortexM3\ARM_GCC_541\Debug\cyfitter_cfg.o
 .text.CYMEMZERO
                0x00006250        0xc .\CortexM3\ARM_GCC_541\Debug\cyfitter_cfg.o
 .text.CYCONFIGCPYCODE
                0x0000625c        0x8 .\CortexM3\ARM_GCC_541\Debug\cyfitter_cfg.o
 .text.CYCONFIGCPY
                0x00006264        0x8 .\CortexM3\ARM_GCC_541\Debug\cyfitter_cfg.o
 .text.ClockSetup
                0x0000626c       0xe8 .\CortexM3\ARM_GCC_541\Debug\cyfitter_cfg.o
 .text.cyfitter_cfg
                0x00006354      0x17c .\CortexM3\ARM_GCC_541\Debug\cyfitter_cfg.o
                0x00006354                cyfitter_cfg
 .text.IntDefaultHandler
                0x000064d0       0x10 .\CortexM3\ARM_GCC_541\Debug\Cm3Start.o
                0x000064d0                IntDefaultHandler
 .text._sbrk    0x000064e0       0x30 .\CortexM3\ARM_GCC_541\Debug\Cm3Start.o
                0x000064e0                _sbrk
 .text.Start_c  0x00006510       0x4c .\CortexM3\ARM_GCC_541\Debug\Cm3Start.o
                0x00006510                Start_c
 .text.initialize_psoc
                0x0000655c       0x68 .\CortexM3\ARM_GCC_541\Debug\Cm3Start.o
                0x0000655c                initialize_psoc
 .text.Pin_CSMotorX_Write
                0x000065c4       0x18 .\CortexM3\ARM_GCC_541\Debug\Half_Skeleton_V2_LED_ARRAY.a(Pin_CSMotorX.o)
                0x000065c4                Pin_CSMotorX_Write
 .text.Pin_CSMotorY_Write
                0x000065dc       0x18 .\CortexM3\ARM_GCC_541\Debug\Half_Skeleton_V2_LED_ARRAY.a(Pin_CSMotorY.o)
                0x000065dc                Pin_CSMotorY_Write
 .text.Pin_CSMotorZ_Write
                0x000065f4       0x18 .\CortexM3\ARM_GCC_541\Debug\Half_Skeleton_V2_LED_ARRAY.a(Pin_CSMotorZ.o)
                0x000065f4                Pin_CSMotorZ_Write
 .text.SPIM_EnableTxInt
                0x0000660c        0xc .\CortexM3\ARM_GCC_541\Debug\Half_Skeleton_V2_LED_ARRAY.a(SPIM.o)
                0x0000660c                SPIM_EnableTxInt
 .text.SPIM_EnableRxInt
                0x00006618        0xc .\CortexM3\ARM_GCC_541\Debug\Half_Skeleton_V2_LED_ARRAY.a(SPIM.o)
                0x00006618                SPIM_EnableRxInt
 .text.SPIM_Enable
                0x00006624       0x3c .\CortexM3\ARM_GCC_541\Debug\Half_Skeleton_V2_LED_ARRAY.a(SPIM.o)
                0x00006624                SPIM_Enable
 .text.SPIM_DisableTxInt
                0x00006660        0xc .\CortexM3\ARM_GCC_541\Debug\Half_Skeleton_V2_LED_ARRAY.a(SPIM.o)
                0x00006660                SPIM_DisableTxInt
 .text.SPIM_DisableRxInt
                0x0000666c        0xc .\CortexM3\ARM_GCC_541\Debug\Half_Skeleton_V2_LED_ARRAY.a(SPIM.o)
                0x0000666c                SPIM_DisableRxInt
 .text.SPIM_ReadTxStatus
                0x00006678       0x28 .\CortexM3\ARM_GCC_541\Debug\Half_Skeleton_V2_LED_ARRAY.a(SPIM.o)
                0x00006678                SPIM_ReadTxStatus
 .text.SPIM_ReadRxStatus
                0x000066a0       0x28 .\CortexM3\ARM_GCC_541\Debug\Half_Skeleton_V2_LED_ARRAY.a(SPIM.o)
                0x000066a0                SPIM_ReadRxStatus
 .text.SPIM_WriteTxData
                0x000066c8       0xd4 .\CortexM3\ARM_GCC_541\Debug\Half_Skeleton_V2_LED_ARRAY.a(SPIM.o)
                0x000066c8                SPIM_WriteTxData
 .text.SPIM_ReadRxData
                0x0000679c       0x64 .\CortexM3\ARM_GCC_541\Debug\Half_Skeleton_V2_LED_ARRAY.a(SPIM.o)
                0x0000679c                SPIM_ReadRxData
 .text.SPIM_ClearFIFO
                0x00006800       0x3c .\CortexM3\ARM_GCC_541\Debug\Half_Skeleton_V2_LED_ARRAY.a(SPIM.o)
                0x00006800                SPIM_ClearFIFO
 .text.SPIM_Init
                0x0000683c       0x90 .\CortexM3\ARM_GCC_541\Debug\Half_Skeleton_V2_LED_ARRAY.a(SPIM.o)
                0x0000683c                SPIM_Init
 .text.SPIM_Start
                0x000068cc       0x1c .\CortexM3\ARM_GCC_541\Debug\Half_Skeleton_V2_LED_ARRAY.a(SPIM.o)
                0x000068cc                SPIM_Start
 .text.SPIM_TX_ISR
                0x000068e8       0xa0 .\CortexM3\ARM_GCC_541\Debug\Half_Skeleton_V2_LED_ARRAY.a(SPIM_INT.o)
                0x000068e8                SPIM_TX_ISR
 .text.SPIM_RX_ISR
                0x00006988       0xa0 .\CortexM3\ARM_GCC_541\Debug\Half_Skeleton_V2_LED_ARRAY.a(SPIM_INT.o)
                0x00006988                SPIM_RX_ISR
 .text.CyHalt   0x00006a28        0x4 .\CortexM3\ARM_GCC_541\Debug\Half_Skeleton_V2_LED_ARRAY.a(CyLib.o)
                0x00006a28                CyHalt
 .text.CySoftwareReset
                0x00006a2c       0x10 .\CortexM3\ARM_GCC_541\Debug\Half_Skeleton_V2_LED_ARRAY.a(CyLib.o)
                0x00006a2c                CySoftwareReset
 .text.CyDelay  0x00006a3c       0x2c .\CortexM3\ARM_GCC_541\Debug\Half_Skeleton_V2_LED_ARRAY.a(CyLib.o)
                0x00006a3c                CyDelay
 .text.CyDelayUs
                0x00006a68       0x14 .\CortexM3\ARM_GCC_541\Debug\Half_Skeleton_V2_LED_ARRAY.a(CyLib.o)
                0x00006a68                CyDelayUs
 .text.CyIntSetVector
                0x00006a7c       0x28 .\CortexM3\ARM_GCC_541\Debug\Half_Skeleton_V2_LED_ARRAY.a(CyLib.o)
                0x00006a7c                CyIntSetVector
 .text.CyIntSetPriority
                0x00006aa4       0x30 .\CortexM3\ARM_GCC_541\Debug\Half_Skeleton_V2_LED_ARRAY.a(CyLib.o)
                0x00006aa4                CyIntSetPriority
 .text.CyGetUniqueId
                0x00006ad4       0x70 .\CortexM3\ARM_GCC_541\Debug\Half_Skeleton_V2_LED_ARRAY.a(CyLib.o)
                0x00006ad4                CyGetUniqueId
 .text.USB_Init
                0x00006b44      0x140 .\CortexM3\ARM_GCC_541\Debug\Half_Skeleton_V2_LED_ARRAY.a(USB.o)
                0x00006b44                USB_Init
 .text.USB_InitComponent
                0x00006c84       0xd0 .\CortexM3\ARM_GCC_541\Debug\Half_Skeleton_V2_LED_ARRAY.a(USB.o)
                0x00006c84                USB_InitComponent
 .text.USB_Start
                0x00006d54       0x24 .\CortexM3\ARM_GCC_541\Debug\Half_Skeleton_V2_LED_ARRAY.a(USB.o)
                0x00006d54                USB_Start
 .text.USB_ReInitComponent
                0x00006d78       0x64 .\CortexM3\ARM_GCC_541\Debug\Half_Skeleton_V2_LED_ARRAY.a(USB.o)
                0x00006d78                USB_ReInitComponent
 .text.USB_GetConfiguration
                0x00006ddc        0xc .\CortexM3\ARM_GCC_541\Debug\Half_Skeleton_V2_LED_ARRAY.a(USB.o)
                0x00006ddc                USB_GetConfiguration
 .text.USB_IsConfigurationChanged
                0x00006de8       0x20 .\CortexM3\ARM_GCC_541\Debug\Half_Skeleton_V2_LED_ARRAY.a(USB.o)
                0x00006de8                USB_IsConfigurationChanged
 .text.USB_GetEPState
                0x00006e08       0x14 .\CortexM3\ARM_GCC_541\Debug\Half_Skeleton_V2_LED_ARRAY.a(USB.o)
                0x00006e08                USB_GetEPState
 .text.USB_GetEPCount
                0x00006e1c       0x28 .\CortexM3\ARM_GCC_541\Debug\Half_Skeleton_V2_LED_ARRAY.a(USB.o)
                0x00006e1c                USB_GetEPCount
 .text.USB_LoadInEP
                0x00006e44       0x94 .\CortexM3\ARM_GCC_541\Debug\Half_Skeleton_V2_LED_ARRAY.a(USB.o)
                0x00006e44                USB_LoadInEP
 .text.USB_EnableOutEP
                0x00006ed8       0x2c .\CortexM3\ARM_GCC_541\Debug\Half_Skeleton_V2_LED_ARRAY.a(USB.o)
                0x00006ed8                USB_EnableOutEP
 .text.USB_ReadOutEP
                0x00006f04       0x50 .\CortexM3\ARM_GCC_541\Debug\Half_Skeleton_V2_LED_ARRAY.a(USB.o)
                0x00006f04                USB_ReadOutEP
 .text.USB_EnableSofInt
                0x00006f54       0x10 .\CortexM3\ARM_GCC_541\Debug\Half_Skeleton_V2_LED_ARRAY.a(USB.o)
                0x00006f54                USB_EnableSofInt
 .text.USB_GetInterfaceComPort
                0x00006f64       0x38 .\CortexM3\ARM_GCC_541\Debug\Half_Skeleton_V2_LED_ARRAY.a(USB_cdc.o)
                0x00006f64                USB_GetInterfaceComPort
 .text.USB_DispatchCDCClassRqst
                0x00006f9c       0x98 .\CortexM3\ARM_GCC_541\Debug\Half_Skeleton_V2_LED_ARRAY.a(USB_cdc.o)
                0x00006f9c                USB_DispatchCDCClassRqst
 .text.USB_CDC_Init
                0x00007034       0x98 .\CortexM3\ARM_GCC_541\Debug\Half_Skeleton_V2_LED_ARRAY.a(USB_cdc.o)
                0x00007034                USB_CDC_Init
 .text.USB_PutData
                0x000070cc       0x50 .\CortexM3\ARM_GCC_541\Debug\Half_Skeleton_V2_LED_ARRAY.a(USB_cdc.o)
                0x000070cc                USB_PutData
 .text.USB_DataIsReady
                0x0000711c       0x18 .\CortexM3\ARM_GCC_541\Debug\Half_Skeleton_V2_LED_ARRAY.a(USB_cdc.o)
                0x0000711c                USB_DataIsReady
 .text.USB_GetAll
                0x00007134       0x30 .\CortexM3\ARM_GCC_541\Debug\Half_Skeleton_V2_LED_ARRAY.a(USB_cdc.o)
                0x00007134                USB_GetAll
 .text.USB_Cdc_EpInit
                0x00007164       0x50 .\CortexM3\ARM_GCC_541\Debug\Half_Skeleton_V2_LED_ARRAY.a(USB_cdc.o)
                0x00007164                USB_Cdc_EpInit
 .text.USB_LoadEP0
                0x000071b4       0x98 .\CortexM3\ARM_GCC_541\Debug\Half_Skeleton_V2_LED_ARRAY.a(USB_drv.o)
                0x000071b4                USB_LoadEP0
 .text.USB_InitZeroLengthControlTransfer
                0x0000724c       0x34 .\CortexM3\ARM_GCC_541\Debug\Half_Skeleton_V2_LED_ARRAY.a(USB_drv.o)
                0x0000724c                USB_InitZeroLengthControlTransfer
 .text.USB_ControlReadDataStage
                0x00007280        0x8 .\CortexM3\ARM_GCC_541\Debug\Half_Skeleton_V2_LED_ARRAY.a(USB_drv.o)
                0x00007280                USB_ControlReadDataStage
 .text.USB_ControlWriteDataStage
                0x00007288       0x84 .\CortexM3\ARM_GCC_541\Debug\Half_Skeleton_V2_LED_ARRAY.a(USB_drv.o)
                0x00007288                USB_ControlWriteDataStage
 .text.USB_InitNoDataControlTransfer
                0x0000730c       0x2c .\CortexM3\ARM_GCC_541\Debug\Half_Skeleton_V2_LED_ARRAY.a(USB_drv.o)
                0x0000730c                USB_InitNoDataControlTransfer
 .text.USB_UpdateStatusBlock
                0x00007338       0x24 .\CortexM3\ARM_GCC_541\Debug\Half_Skeleton_V2_LED_ARRAY.a(USB_drv.o)
                0x00007338                USB_UpdateStatusBlock
 .text.USB_HandleSetup
                0x0000735c       0x5c .\CortexM3\ARM_GCC_541\Debug\Half_Skeleton_V2_LED_ARRAY.a(USB_drv.o)
                0x0000735c                USB_HandleSetup
 .text.USB_ControlReadStatusStage
                0x000073b8       0x38 .\CortexM3\ARM_GCC_541\Debug\Half_Skeleton_V2_LED_ARRAY.a(USB_drv.o)
                0x000073b8                USB_ControlReadStatusStage
 .text.USB_HandleOUT
                0x000073f0       0x38 .\CortexM3\ARM_GCC_541\Debug\Half_Skeleton_V2_LED_ARRAY.a(USB_drv.o)
                0x000073f0                USB_HandleOUT
 .text.USB_ControlWriteStatusStage
                0x00007428       0x20 .\CortexM3\ARM_GCC_541\Debug\Half_Skeleton_V2_LED_ARRAY.a(USB_drv.o)
                0x00007428                USB_ControlWriteStatusStage
 .text.USB_NoDataControlStatusStage
                0x00007448       0x40 .\CortexM3\ARM_GCC_541\Debug\Half_Skeleton_V2_LED_ARRAY.a(USB_drv.o)
                0x00007448                USB_NoDataControlStatusStage
 .text.USB_HandleIN
                0x00007488       0x2c .\CortexM3\ARM_GCC_541\Debug\Half_Skeleton_V2_LED_ARRAY.a(USB_drv.o)
                0x00007488                USB_HandleIN
 .text.USB_EP_0_ISR
                0x000074b4       0xb8 .\CortexM3\ARM_GCC_541\Debug\Half_Skeleton_V2_LED_ARRAY.a(USB_drv.o)
                0x000074b4                USB_EP_0_ISR
 .text.USB_InitializeStatusBlock
                0x0000756c       0x24 .\CortexM3\ARM_GCC_541\Debug\Half_Skeleton_V2_LED_ARRAY.a(USB_drv.o)
                0x0000756c                USB_InitializeStatusBlock
 .text.USB_InitControlRead
                0x00007590       0x50 .\CortexM3\ARM_GCC_541\Debug\Half_Skeleton_V2_LED_ARRAY.a(USB_drv.o)
                0x00007590                USB_InitControlRead
 .text.USB_InitControlWrite
                0x000075e0       0x48 .\CortexM3\ARM_GCC_541\Debug\Half_Skeleton_V2_LED_ARRAY.a(USB_drv.o)
                0x000075e0                USB_InitControlWrite
 .text.USB_EP_1_ISR
                0x00007628       0x30 .\CortexM3\ARM_GCC_541\Debug\Half_Skeleton_V2_LED_ARRAY.a(USB_episr.o)
                0x00007628                USB_EP_1_ISR
 .text.USB_EP_2_ISR
                0x00007658       0x34 .\CortexM3\ARM_GCC_541\Debug\Half_Skeleton_V2_LED_ARRAY.a(USB_episr.o)
                0x00007658                USB_EP_2_ISR
 .text.USB_EP_3_ISR
                0x0000768c       0x3c .\CortexM3\ARM_GCC_541\Debug\Half_Skeleton_V2_LED_ARRAY.a(USB_episr.o)
                0x0000768c                USB_EP_3_ISR
 .text.USB_SOF_ISR
                0x000076c8        0x4 .\CortexM3\ARM_GCC_541\Debug\Half_Skeleton_V2_LED_ARRAY.a(USB_episr.o)
                0x000076c8                USB_SOF_ISR
 .text.USB_BUS_RESET_ISR
                0x000076cc        0x8 .\CortexM3\ARM_GCC_541\Debug\Half_Skeleton_V2_LED_ARRAY.a(USB_episr.o)
                0x000076cc                USB_BUS_RESET_ISR
 .text.USB_FindHidClassDecriptor
                0x000076d4       0x44 .\CortexM3\ARM_GCC_541\Debug\Half_Skeleton_V2_LED_ARRAY.a(USB_hid.o)
                0x000076d4                USB_FindHidClassDecriptor
 .text.USB_FindReportDescriptor
                0x00007718       0x4c .\CortexM3\ARM_GCC_541\Debug\Half_Skeleton_V2_LED_ARRAY.a(USB_hid.o)
                0x00007718                USB_FindReportDescriptor
 .text.USB_FindReport
                0x00007764       0x80 .\CortexM3\ARM_GCC_541\Debug\Half_Skeleton_V2_LED_ARRAY.a(USB_hid.o)
                0x00007764                USB_FindReport
 .text.USB_DispatchHIDClassRqst
                0x000077e4      0x184 .\CortexM3\ARM_GCC_541\Debug\Half_Skeleton_V2_LED_ARRAY.a(USB_hid.o)
                0x000077e4                USB_DispatchHIDClassRqst
 .text.USB_DP_ISR
                0x00007968        0x8 .\CortexM3\ARM_GCC_541\Debug\Half_Skeleton_V2_LED_ARRAY.a(USB_pm.o)
                0x00007968                USB_DP_ISR
 .text.USB_ReadDieID
                0x00007970       0x6c .\CortexM3\ARM_GCC_541\Debug\Half_Skeleton_V2_LED_ARRAY.a(USB_std.o)
                0x00007970                USB_ReadDieID
 .text.USB_ConfigReg
                0x000079dc       0xa4 .\CortexM3\ARM_GCC_541\Debug\Half_Skeleton_V2_LED_ARRAY.a(USB_std.o)
                0x000079dc                USB_ConfigReg
 .text.USB_GetConfigTablePtr
                0x00007a80       0x28 .\CortexM3\ARM_GCC_541\Debug\Half_Skeleton_V2_LED_ARRAY.a(USB_std.o)
                0x00007a80                USB_GetConfigTablePtr
 .text.USB_ConfigAltChanged
                0x00007aa8      0x11c .\CortexM3\ARM_GCC_541\Debug\Half_Skeleton_V2_LED_ARRAY.a(USB_std.o)
                0x00007aa8                USB_ConfigAltChanged
 .text.USB_GetDeviceTablePtr
                0x00007bc4       0x18 .\CortexM3\ARM_GCC_541\Debug\Half_Skeleton_V2_LED_ARRAY.a(USB_std.o)
                0x00007bc4                USB_GetDeviceTablePtr
 .text.USB_GetInterfaceClassTablePtr
                0x00007bdc       0x28 .\CortexM3\ARM_GCC_541\Debug\Half_Skeleton_V2_LED_ARRAY.a(USB_std.o)
                0x00007bdc                USB_GetInterfaceClassTablePtr
 .text.USB_Config
                0x00007c04      0x1ec .\CortexM3\ARM_GCC_541\Debug\Half_Skeleton_V2_LED_ARRAY.a(USB_std.o)
                0x00007c04                USB_Config
 .text.USB_SetEndpointHalt
                0x00007df0       0x64 .\CortexM3\ARM_GCC_541\Debug\Half_Skeleton_V2_LED_ARRAY.a(USB_std.o)
                0x00007df0                USB_SetEndpointHalt
 .text.USB_ClearEndpointHalt
                0x00007e54       0xac .\CortexM3\ARM_GCC_541\Debug\Half_Skeleton_V2_LED_ARRAY.a(USB_std.o)
                0x00007e54                USB_ClearEndpointHalt
 .text.USB_ValidateAlternateSetting
                0x00007f00       0x4c .\CortexM3\ARM_GCC_541\Debug\Half_Skeleton_V2_LED_ARRAY.a(USB_std.o)
                0x00007f00                USB_ValidateAlternateSetting
 .text.USB_HandleStandardRqst
                0x00007f4c      0x35c .\CortexM3\ARM_GCC_541\Debug\Half_Skeleton_V2_LED_ARRAY.a(USB_std.o)
                0x00007f4c                USB_HandleStandardRqst
 .text.USB_HandleVendorRqst
                0x000082a8       0x3c .\CortexM3\ARM_GCC_541\Debug\Half_Skeleton_V2_LED_ARRAY.a(USB_vnd.o)
                0x000082a8                USB_HandleVendorRqst
 .text.USB_Dp_ClearInterrupt
                0x000082e4       0x10 .\CortexM3\ARM_GCC_541\Debug\Half_Skeleton_V2_LED_ARRAY.a(USB_Dp.o)
                0x000082e4                USB_Dp_ClearInterrupt
 .text.PWM_CondenserLED_Enable
                0x000082f4       0x28 .\CortexM3\ARM_GCC_541\Debug\Half_Skeleton_V2_LED_ARRAY.a(PWM_CondenserLED.o)
                0x000082f4                PWM_CondenserLED_Enable
 .text.PWM_CondenserLED_WritePeriod
                0x0000831c        0xc .\CortexM3\ARM_GCC_541\Debug\Half_Skeleton_V2_LED_ARRAY.a(PWM_CondenserLED.o)
                0x0000831c                PWM_CondenserLED_WritePeriod
 .text.PWM_CondenserLED_WriteCompare
                0x00008328        0xc .\CortexM3\ARM_GCC_541\Debug\Half_Skeleton_V2_LED_ARRAY.a(PWM_CondenserLED.o)
                0x00008328                PWM_CondenserLED_WriteCompare
 .text.PWM_CondenserLED_SetInterruptMode
                0x00008334        0xc .\CortexM3\ARM_GCC_541\Debug\Half_Skeleton_V2_LED_ARRAY.a(PWM_CondenserLED.o)
                0x00008334                PWM_CondenserLED_SetInterruptMode
 .text.PWM_CondenserLED_Init
                0x00008340       0x74 .\CortexM3\ARM_GCC_541\Debug\Half_Skeleton_V2_LED_ARRAY.a(PWM_CondenserLED.o)
                0x00008340                PWM_CondenserLED_Init
 .text.PWM_CondenserLED_Start
                0x000083b4       0x1c .\CortexM3\ARM_GCC_541\Debug\Half_Skeleton_V2_LED_ARRAY.a(PWM_CondenserLED.o)
                0x000083b4                PWM_CondenserLED_Start
 .text.SPIM_IntClock_Start
                0x000083d0       0x1c .\CortexM3\ARM_GCC_541\Debug\Half_Skeleton_V2_LED_ARRAY.a(SPIM_IntClock.o)
                0x000083d0                SPIM_IntClock_Start
 .text.QuadDec_X_Init
                0x000083ec       0x24 .\CortexM3\ARM_GCC_541\Debug\Half_Skeleton_V2_LED_ARRAY.a(QuadDec_X.o)
                0x000083ec                QuadDec_X_Init
 .text.QuadDec_X_GetCounter
                0x00008410       0x2c .\CortexM3\ARM_GCC_541\Debug\Half_Skeleton_V2_LED_ARRAY.a(QuadDec_X.o)
                0x00008410                QuadDec_X_GetCounter
 .text.QuadDec_X_SetCounter
                0x0000843c       0x28 .\CortexM3\ARM_GCC_541\Debug\Half_Skeleton_V2_LED_ARRAY.a(QuadDec_X.o)
                0x0000843c                QuadDec_X_SetCounter
 .text.QuadDec_X_GetEvents
                0x00008464       0x10 .\CortexM3\ARM_GCC_541\Debug\Half_Skeleton_V2_LED_ARRAY.a(QuadDec_X.o)
                0x00008464                QuadDec_X_GetEvents
 .text.QuadDec_X_SetInterruptMask
                0x00008474       0x10 .\CortexM3\ARM_GCC_541\Debug\Half_Skeleton_V2_LED_ARRAY.a(QuadDec_X.o)
                0x00008474                QuadDec_X_SetInterruptMask
 .text.QuadDec_X_Enable
                0x00008484       0x30 .\CortexM3\ARM_GCC_541\Debug\Half_Skeleton_V2_LED_ARRAY.a(QuadDec_X.o)
                0x00008484                QuadDec_X_Enable
 .text.QuadDec_X_Start
                0x000084b4       0x34 .\CortexM3\ARM_GCC_541\Debug\Half_Skeleton_V2_LED_ARRAY.a(QuadDec_X.o)
                0x000084b4                QuadDec_X_Start
 .text.QuadDec_X_ISR
                0x000084e8       0x40 .\CortexM3\ARM_GCC_541\Debug\Half_Skeleton_V2_LED_ARRAY.a(QuadDec_X_INT.o)
                0x000084e8                QuadDec_X_ISR
 .text.QuadDec_X_Cnt16_Enable
                0x00008528       0x10 .\CortexM3\ARM_GCC_541\Debug\Half_Skeleton_V2_LED_ARRAY.a(QuadDec_X_Cnt16.o)
                0x00008528                QuadDec_X_Cnt16_Enable
 .text.QuadDec_X_Cnt16_SetInterruptMode
                0x00008538        0xc .\CortexM3\ARM_GCC_541\Debug\Half_Skeleton_V2_LED_ARRAY.a(QuadDec_X_Cnt16.o)
                0x00008538                QuadDec_X_Cnt16_SetInterruptMode
 .text.QuadDec_X_Cnt16_ReadStatusRegister
                0x00008544        0xc .\CortexM3\ARM_GCC_541\Debug\Half_Skeleton_V2_LED_ARRAY.a(QuadDec_X_Cnt16.o)
                0x00008544                QuadDec_X_Cnt16_ReadStatusRegister
 .text.QuadDec_X_Cnt16_WriteCounter
                0x00008550        0xc .\CortexM3\ARM_GCC_541\Debug\Half_Skeleton_V2_LED_ARRAY.a(QuadDec_X_Cnt16.o)
                0x00008550                QuadDec_X_Cnt16_WriteCounter
 .text.QuadDec_X_Cnt16_ReadCounter
                0x0000855c       0x14 .\CortexM3\ARM_GCC_541\Debug\Half_Skeleton_V2_LED_ARRAY.a(QuadDec_X_Cnt16.o)
                0x0000855c                QuadDec_X_Cnt16_ReadCounter
 .text.QuadDec_X_Cnt16_ReadCapture
                0x00008570        0xc .\CortexM3\ARM_GCC_541\Debug\Half_Skeleton_V2_LED_ARRAY.a(QuadDec_X_Cnt16.o)
                0x00008570                QuadDec_X_Cnt16_ReadCapture
 .text.QuadDec_X_Cnt16_WritePeriod
                0x0000857c        0xc .\CortexM3\ARM_GCC_541\Debug\Half_Skeleton_V2_LED_ARRAY.a(QuadDec_X_Cnt16.o)
                0x0000857c                QuadDec_X_Cnt16_WritePeriod
 .text.QuadDec_X_Cnt16_WriteCompare
                0x00008588        0xc .\CortexM3\ARM_GCC_541\Debug\Half_Skeleton_V2_LED_ARRAY.a(QuadDec_X_Cnt16.o)
                0x00008588                QuadDec_X_Cnt16_WriteCompare
 .text.QuadDec_X_Cnt16_ClearFIFO
                0x00008594       0x14 .\CortexM3\ARM_GCC_541\Debug\Half_Skeleton_V2_LED_ARRAY.a(QuadDec_X_Cnt16.o)
                0x00008594                QuadDec_X_Cnt16_ClearFIFO
 .text.QuadDec_X_Cnt16_Init
                0x000085a8       0x58 .\CortexM3\ARM_GCC_541\Debug\Half_Skeleton_V2_LED_ARRAY.a(QuadDec_X_Cnt16.o)
                0x000085a8                QuadDec_X_Cnt16_Init
 .text.QuadDec_X_Cnt16_Start
                0x00008600       0x1c .\CortexM3\ARM_GCC_541\Debug\Half_Skeleton_V2_LED_ARRAY.a(QuadDec_X_Cnt16.o)
                0x00008600                QuadDec_X_Cnt16_Start
 .text.UART_PCB_LOG_Init
                0x0000861c       0x44 .\CortexM3\ARM_GCC_541\Debug\Half_Skeleton_V2_LED_ARRAY.a(UART_PCB_LOG.o)
                0x0000861c                UART_PCB_LOG_Init
 .text.UART_PCB_LOG_Enable
                0x00008660       0x44 .\CortexM3\ARM_GCC_541\Debug\Half_Skeleton_V2_LED_ARRAY.a(UART_PCB_LOG.o)
                0x00008660                UART_PCB_LOG_Enable
 .text.UART_PCB_LOG_Start
                0x000086a4       0x1c .\CortexM3\ARM_GCC_541\Debug\Half_Skeleton_V2_LED_ARRAY.a(UART_PCB_LOG.o)
                0x000086a4                UART_PCB_LOG_Start
 .text.UART_PCB_LOG_PutChar
                0x000086c0       0x18 .\CortexM3\ARM_GCC_541\Debug\Half_Skeleton_V2_LED_ARRAY.a(UART_PCB_LOG.o)
                0x000086c0                UART_PCB_LOG_PutChar
 .text.UART_PCB_LOG_PutString
                0x000086d8       0x24 .\CortexM3\ARM_GCC_541\Debug\Half_Skeleton_V2_LED_ARRAY.a(UART_PCB_LOG.o)
                0x000086d8                UART_PCB_LOG_PutString
 .text.UART_PCB_LOG_RXISR
                0x000086fc       0x98 .\CortexM3\ARM_GCC_541\Debug\Half_Skeleton_V2_LED_ARRAY.a(UART_PCB_LOG_INT.o)
                0x000086fc                UART_PCB_LOG_RXISR
 .text.UART_PCB_LOG_IntClock_Start
                0x00008794       0x1c .\CortexM3\ARM_GCC_541\Debug\Half_Skeleton_V2_LED_ARRAY.a(UART_PCB_LOG_IntClock.o)
                0x00008794                UART_PCB_LOG_IntClock_Start
 .text.Pin_Backlight_Write
                0x000087b0       0x18 .\CortexM3\ARM_GCC_541\Debug\Half_Skeleton_V2_LED_ARRAY.a(Pin_Backlight.o)
                0x000087b0                Pin_Backlight_Write
 .text.LED2_Write
                0x000087c8       0x18 .\CortexM3\ARM_GCC_541\Debug\Half_Skeleton_V2_LED_ARRAY.a(LED2.o)
                0x000087c8                LED2_Write
 .text.Pin_CSMotorO_Write
                0x000087e0       0x18 .\CortexM3\ARM_GCC_541\Debug\Half_Skeleton_V2_LED_ARRAY.a(Pin_CSMotorO.o)
                0x000087e0                Pin_CSMotorO_Write
 .text.Pin_CSMotorT_Write
                0x000087f8       0x18 .\CortexM3\ARM_GCC_541\Debug\Half_Skeleton_V2_LED_ARRAY.a(Pin_CSMotorT.o)
                0x000087f8                Pin_CSMotorT_Write
 .text.QuadDec_TZ_Init
                0x00008810       0x24 .\CortexM3\ARM_GCC_541\Debug\Half_Skeleton_V2_LED_ARRAY.a(QuadDec_TZ.o)
                0x00008810                QuadDec_TZ_Init
 .text.QuadDec_TZ_GetCounter
                0x00008834       0x2c .\CortexM3\ARM_GCC_541\Debug\Half_Skeleton_V2_LED_ARRAY.a(QuadDec_TZ.o)
                0x00008834                QuadDec_TZ_GetCounter
 .text.QuadDec_TZ_SetCounter
                0x00008860       0x28 .\CortexM3\ARM_GCC_541\Debug\Half_Skeleton_V2_LED_ARRAY.a(QuadDec_TZ.o)
                0x00008860                QuadDec_TZ_SetCounter
 .text.QuadDec_TZ_GetEvents
                0x00008888       0x10 .\CortexM3\ARM_GCC_541\Debug\Half_Skeleton_V2_LED_ARRAY.a(QuadDec_TZ.o)
                0x00008888                QuadDec_TZ_GetEvents
 .text.QuadDec_TZ_SetInterruptMask
                0x00008898       0x10 .\CortexM3\ARM_GCC_541\Debug\Half_Skeleton_V2_LED_ARRAY.a(QuadDec_TZ.o)
                0x00008898                QuadDec_TZ_SetInterruptMask
 .text.QuadDec_TZ_Enable
                0x000088a8       0x30 .\CortexM3\ARM_GCC_541\Debug\Half_Skeleton_V2_LED_ARRAY.a(QuadDec_TZ.o)
                0x000088a8                QuadDec_TZ_Enable
 .text.QuadDec_TZ_Start
                0x000088d8       0x34 .\CortexM3\ARM_GCC_541\Debug\Half_Skeleton_V2_LED_ARRAY.a(QuadDec_TZ.o)
                0x000088d8                QuadDec_TZ_Start
 .text.QuadDec_TZ_ISR
                0x0000890c       0x40 .\CortexM3\ARM_GCC_541\Debug\Half_Skeleton_V2_LED_ARRAY.a(QuadDec_TZ_INT.o)
                0x0000890c                QuadDec_TZ_ISR
 .text.PWM_Buzzer_Enable
                0x0000894c       0x28 .\CortexM3\ARM_GCC_541\Debug\Half_Skeleton_V2_LED_ARRAY.a(PWM_Buzzer.o)
                0x0000894c                PWM_Buzzer_Enable
 .text.PWM_Buzzer_WritePeriod
                0x00008974        0xc .\CortexM3\ARM_GCC_541\Debug\Half_Skeleton_V2_LED_ARRAY.a(PWM_Buzzer.o)
                0x00008974                PWM_Buzzer_WritePeriod
 .text.PWM_Buzzer_WriteCompare
                0x00008980        0xc .\CortexM3\ARM_GCC_541\Debug\Half_Skeleton_V2_LED_ARRAY.a(PWM_Buzzer.o)
                0x00008980                PWM_Buzzer_WriteCompare
 .text.PWM_Buzzer_SetInterruptMode
                0x0000898c        0xc .\CortexM3\ARM_GCC_541\Debug\Half_Skeleton_V2_LED_ARRAY.a(PWM_Buzzer.o)
                0x0000898c                PWM_Buzzer_SetInterruptMode
 .text.PWM_Buzzer_Init
                0x00008998       0x74 .\CortexM3\ARM_GCC_541\Debug\Half_Skeleton_V2_LED_ARRAY.a(PWM_Buzzer.o)
                0x00008998                PWM_Buzzer_Init
 .text.PWM_Buzzer_Start
                0x00008a0c       0x1c .\CortexM3\ARM_GCC_541\Debug\Half_Skeleton_V2_LED_ARRAY.a(PWM_Buzzer.o)
                0x00008a0c                PWM_Buzzer_Start
 .text.QuadDec_Y_Init
                0x00008a28       0x24 .\CortexM3\ARM_GCC_541\Debug\Half_Skeleton_V2_LED_ARRAY.a(QuadDec_Y.o)
                0x00008a28                QuadDec_Y_Init
 .text.QuadDec_Y_GetCounter
                0x00008a4c       0x2c .\CortexM3\ARM_GCC_541\Debug\Half_Skeleton_V2_LED_ARRAY.a(QuadDec_Y.o)
                0x00008a4c                QuadDec_Y_GetCounter
 .text.QuadDec_Y_SetCounter
                0x00008a78       0x28 .\CortexM3\ARM_GCC_541\Debug\Half_Skeleton_V2_LED_ARRAY.a(QuadDec_Y.o)
                0x00008a78                QuadDec_Y_SetCounter
 .text.QuadDec_Y_GetEvents
                0x00008aa0       0x10 .\CortexM3\ARM_GCC_541\Debug\Half_Skeleton_V2_LED_ARRAY.a(QuadDec_Y.o)
                0x00008aa0                QuadDec_Y_GetEvents
 .text.QuadDec_Y_SetInterruptMask
                0x00008ab0       0x10 .\CortexM3\ARM_GCC_541\Debug\Half_Skeleton_V2_LED_ARRAY.a(QuadDec_Y.o)
                0x00008ab0                QuadDec_Y_SetInterruptMask
 .text.QuadDec_Y_Enable
                0x00008ac0       0x30 .\CortexM3\ARM_GCC_541\Debug\Half_Skeleton_V2_LED_ARRAY.a(QuadDec_Y.o)
                0x00008ac0                QuadDec_Y_Enable
 .text.QuadDec_Y_Start
                0x00008af0       0x34 .\CortexM3\ARM_GCC_541\Debug\Half_Skeleton_V2_LED_ARRAY.a(QuadDec_Y.o)
                0x00008af0                QuadDec_Y_Start
 .text.QuadDec_Y_ISR
                0x00008b24       0x40 .\CortexM3\ARM_GCC_541\Debug\Half_Skeleton_V2_LED_ARRAY.a(QuadDec_Y_INT.o)
                0x00008b24                QuadDec_Y_ISR
 .text.PWM_BarcodeCondenser_LED_Enable
                0x00008b64       0x28 .\CortexM3\ARM_GCC_541\Debug\Half_Skeleton_V2_LED_ARRAY.a(PWM_BarcodeCondenser_LED.o)
                0x00008b64                PWM_BarcodeCondenser_LED_Enable
 .text.PWM_BarcodeCondenser_LED_WritePeriod
                0x00008b8c        0xc .\CortexM3\ARM_GCC_541\Debug\Half_Skeleton_V2_LED_ARRAY.a(PWM_BarcodeCondenser_LED.o)
                0x00008b8c                PWM_BarcodeCondenser_LED_WritePeriod
 .text.PWM_BarcodeCondenser_LED_WriteCompare
                0x00008b98        0xc .\CortexM3\ARM_GCC_541\Debug\Half_Skeleton_V2_LED_ARRAY.a(PWM_BarcodeCondenser_LED.o)
                0x00008b98                PWM_BarcodeCondenser_LED_WriteCompare
 .text.PWM_BarcodeCondenser_LED_SetInterruptMode
                0x00008ba4        0xc .\CortexM3\ARM_GCC_541\Debug\Half_Skeleton_V2_LED_ARRAY.a(PWM_BarcodeCondenser_LED.o)
                0x00008ba4                PWM_BarcodeCondenser_LED_SetInterruptMode
 .text.PWM_BarcodeCondenser_LED_Init
                0x00008bb0       0x74 .\CortexM3\ARM_GCC_541\Debug\Half_Skeleton_V2_LED_ARRAY.a(PWM_BarcodeCondenser_LED.o)
                0x00008bb0                PWM_BarcodeCondenser_LED_Init
 .text.PWM_BarcodeCondenser_LED_Start
                0x00008c24       0x1c .\CortexM3\ARM_GCC_541\Debug\Half_Skeleton_V2_LED_ARRAY.a(PWM_BarcodeCondenser_LED.o)
                0x00008c24                PWM_BarcodeCondenser_LED_Start
 .text.LED3_Write
                0x00008c40       0x18 .\CortexM3\ARM_GCC_541\Debug\Half_Skeleton_V2_LED_ARRAY.a(LED3.o)
                0x00008c40                LED3_Write
 .text.Encoder_T_Z_Select_Write
                0x00008c58        0xc .\CortexM3\ARM_GCC_541\Debug\Half_Skeleton_V2_LED_ARRAY.a(Encoder_T_Z_Select.o)
                0x00008c58                Encoder_T_Z_Select_Write
 .text.TMC5160_MotorX_EN_Write
                0x00008c64       0x18 .\CortexM3\ARM_GCC_541\Debug\Half_Skeleton_V2_LED_ARRAY.a(TMC5160_MotorX_EN.o)
                0x00008c64                TMC5160_MotorX_EN_Write
 .text.TMC5160_MotorY_EN_Write
                0x00008c7c       0x18 .\CortexM3\ARM_GCC_541\Debug\Half_Skeleton_V2_LED_ARRAY.a(TMC5160_MotorY_EN.o)
                0x00008c7c                TMC5160_MotorY_EN_Write
 .text.TMC5160_MotorZ_EN_Write
                0x00008c94       0x18 .\CortexM3\ARM_GCC_541\Debug\Half_Skeleton_V2_LED_ARRAY.a(TMC5160_MotorZ_EN.o)
                0x00008c94                TMC5160_MotorZ_EN_Write
 .text.TMC5160_MotorT_EN_Write
                0x00008cac       0x18 .\CortexM3\ARM_GCC_541\Debug\Half_Skeleton_V2_LED_ARRAY.a(TMC5160_MotorT_EN.o)
                0x00008cac                TMC5160_MotorT_EN_Write
 .text.TMC5160_MotorO_EN_Write
                0x00008cc4       0x18 .\CortexM3\ARM_GCC_541\Debug\Half_Skeleton_V2_LED_ARRAY.a(TMC5160_MotorO_EN.o)
                0x00008cc4                TMC5160_MotorO_EN_Write
 .text.QuadDec_TZ_Cnt16_Enable
                0x00008cdc       0x10 .\CortexM3\ARM_GCC_541\Debug\Half_Skeleton_V2_LED_ARRAY.a(QuadDec_TZ_Cnt16.o)
                0x00008cdc                QuadDec_TZ_Cnt16_Enable
 .text.QuadDec_TZ_Cnt16_SetInterruptMode
                0x00008cec        0xc .\CortexM3\ARM_GCC_541\Debug\Half_Skeleton_V2_LED_ARRAY.a(QuadDec_TZ_Cnt16.o)
                0x00008cec                QuadDec_TZ_Cnt16_SetInterruptMode
 .text.QuadDec_TZ_Cnt16_ReadStatusRegister
                0x00008cf8        0xc .\CortexM3\ARM_GCC_541\Debug\Half_Skeleton_V2_LED_ARRAY.a(QuadDec_TZ_Cnt16.o)
                0x00008cf8                QuadDec_TZ_Cnt16_ReadStatusRegister
 .text.QuadDec_TZ_Cnt16_WriteCounter
                0x00008d04        0xc .\CortexM3\ARM_GCC_541\Debug\Half_Skeleton_V2_LED_ARRAY.a(QuadDec_TZ_Cnt16.o)
                0x00008d04                QuadDec_TZ_Cnt16_WriteCounter
 .text.QuadDec_TZ_Cnt16_ReadCounter
                0x00008d10       0x14 .\CortexM3\ARM_GCC_541\Debug\Half_Skeleton_V2_LED_ARRAY.a(QuadDec_TZ_Cnt16.o)
                0x00008d10                QuadDec_TZ_Cnt16_ReadCounter
 .text.QuadDec_TZ_Cnt16_ReadCapture
                0x00008d24        0xc .\CortexM3\ARM_GCC_541\Debug\Half_Skeleton_V2_LED_ARRAY.a(QuadDec_TZ_Cnt16.o)
                0x00008d24                QuadDec_TZ_Cnt16_ReadCapture
 .text.QuadDec_TZ_Cnt16_WritePeriod
                0x00008d30        0xc .\CortexM3\ARM_GCC_541\Debug\Half_Skeleton_V2_LED_ARRAY.a(QuadDec_TZ_Cnt16.o)
                0x00008d30                QuadDec_TZ_Cnt16_WritePeriod
 .text.QuadDec_TZ_Cnt16_WriteCompare
                0x00008d3c        0xc .\CortexM3\ARM_GCC_541\Debug\Half_Skeleton_V2_LED_ARRAY.a(QuadDec_TZ_Cnt16.o)
                0x00008d3c                QuadDec_TZ_Cnt16_WriteCompare
 .text.QuadDec_TZ_Cnt16_ClearFIFO
                0x00008d48       0x14 .\CortexM3\ARM_GCC_541\Debug\Half_Skeleton_V2_LED_ARRAY.a(QuadDec_TZ_Cnt16.o)
                0x00008d48                QuadDec_TZ_Cnt16_ClearFIFO
 .text.QuadDec_TZ_Cnt16_Init
                0x00008d5c       0x58 .\CortexM3\ARM_GCC_541\Debug\Half_Skeleton_V2_LED_ARRAY.a(QuadDec_TZ_Cnt16.o)
                0x00008d5c                QuadDec_TZ_Cnt16_Init
 .text.QuadDec_TZ_Cnt16_Start
                0x00008db4       0x1c .\CortexM3\ARM_GCC_541\Debug\Half_Skeleton_V2_LED_ARRAY.a(QuadDec_TZ_Cnt16.o)
                0x00008db4                QuadDec_TZ_Cnt16_Start
 .text.QuadDec_Y_Cnt16_Enable
                0x00008dd0       0x10 .\CortexM3\ARM_GCC_541\Debug\Half_Skeleton_V2_LED_ARRAY.a(QuadDec_Y_Cnt16.o)
                0x00008dd0                QuadDec_Y_Cnt16_Enable
 .text.QuadDec_Y_Cnt16_SetInterruptMode
                0x00008de0        0xc .\CortexM3\ARM_GCC_541\Debug\Half_Skeleton_V2_LED_ARRAY.a(QuadDec_Y_Cnt16.o)
                0x00008de0                QuadDec_Y_Cnt16_SetInterruptMode
 .text.QuadDec_Y_Cnt16_ReadStatusRegister
                0x00008dec        0xc .\CortexM3\ARM_GCC_541\Debug\Half_Skeleton_V2_LED_ARRAY.a(QuadDec_Y_Cnt16.o)
                0x00008dec                QuadDec_Y_Cnt16_ReadStatusRegister
 .text.QuadDec_Y_Cnt16_WriteCounter
                0x00008df8        0xc .\CortexM3\ARM_GCC_541\Debug\Half_Skeleton_V2_LED_ARRAY.a(QuadDec_Y_Cnt16.o)
                0x00008df8                QuadDec_Y_Cnt16_WriteCounter
 .text.QuadDec_Y_Cnt16_ReadCounter
                0x00008e04       0x14 .\CortexM3\ARM_GCC_541\Debug\Half_Skeleton_V2_LED_ARRAY.a(QuadDec_Y_Cnt16.o)
                0x00008e04                QuadDec_Y_Cnt16_ReadCounter
 .text.QuadDec_Y_Cnt16_ReadCapture
                0x00008e18        0xc .\CortexM3\ARM_GCC_541\Debug\Half_Skeleton_V2_LED_ARRAY.a(QuadDec_Y_Cnt16.o)
                0x00008e18                QuadDec_Y_Cnt16_ReadCapture
 .text.QuadDec_Y_Cnt16_WritePeriod
                0x00008e24        0xc .\CortexM3\ARM_GCC_541\Debug\Half_Skeleton_V2_LED_ARRAY.a(QuadDec_Y_Cnt16.o)
                0x00008e24                QuadDec_Y_Cnt16_WritePeriod
 .text.QuadDec_Y_Cnt16_WriteCompare
                0x00008e30        0xc .\CortexM3\ARM_GCC_541\Debug\Half_Skeleton_V2_LED_ARRAY.a(QuadDec_Y_Cnt16.o)
                0x00008e30                QuadDec_Y_Cnt16_WriteCompare
 .text.QuadDec_Y_Cnt16_ClearFIFO
                0x00008e3c       0x14 .\CortexM3\ARM_GCC_541\Debug\Half_Skeleton_V2_LED_ARRAY.a(QuadDec_Y_Cnt16.o)
                0x00008e3c                QuadDec_Y_Cnt16_ClearFIFO
 .text.QuadDec_Y_Cnt16_Init
                0x00008e50       0x58 .\CortexM3\ARM_GCC_541\Debug\Half_Skeleton_V2_LED_ARRAY.a(QuadDec_Y_Cnt16.o)
                0x00008e50                QuadDec_Y_Cnt16_Init
 .text.QuadDec_Y_Cnt16_Start
                0x00008ea8       0x1c .\CortexM3\ARM_GCC_541\Debug\Half_Skeleton_V2_LED_ARRAY.a(QuadDec_Y_Cnt16.o)
                0x00008ea8                QuadDec_Y_Cnt16_Start
 .text.wait_timer_Enable
                0x00008ec4       0x28 .\CortexM3\ARM_GCC_541\Debug\Half_Skeleton_V2_LED_ARRAY.a(wait_timer.o)
                0x00008ec4                wait_timer_Enable
 .text.wait_timer_Stop
                0x00008eec       0x28 .\CortexM3\ARM_GCC_541\Debug\Half_Skeleton_V2_LED_ARRAY.a(wait_timer.o)
                0x00008eec                wait_timer_Stop
 .text.wait_timer_SetInterruptMode
                0x00008f14        0xc .\CortexM3\ARM_GCC_541\Debug\Half_Skeleton_V2_LED_ARRAY.a(wait_timer.o)
                0x00008f14                wait_timer_SetInterruptMode
 .text.wait_timer_WritePeriod
                0x00008f20        0xc .\CortexM3\ARM_GCC_541\Debug\Half_Skeleton_V2_LED_ARRAY.a(wait_timer.o)
                0x00008f20                wait_timer_WritePeriod
 .text.wait_timer_WriteCounter
                0x00008f2c        0xc .\CortexM3\ARM_GCC_541\Debug\Half_Skeleton_V2_LED_ARRAY.a(wait_timer.o)
                0x00008f2c                wait_timer_WriteCounter
 .text.wait_timer_Init
                0x00008f38       0x68 .\CortexM3\ARM_GCC_541\Debug\Half_Skeleton_V2_LED_ARRAY.a(wait_timer.o)
                0x00008f38                wait_timer_Init
 .text.wait_timer_Start
                0x00008fa0       0x1c .\CortexM3\ARM_GCC_541\Debug\Half_Skeleton_V2_LED_ARRAY.a(wait_timer.o)
                0x00008fa0                wait_timer_Start
 .text.wait_interrupt_SetVector
                0x00008fbc        0xc .\CortexM3\ARM_GCC_541\Debug\Half_Skeleton_V2_LED_ARRAY.a(wait_interrupt.o)
                0x00008fbc                wait_interrupt_SetVector
 .text.wait_interrupt_SetPriority
                0x00008fc8       0x10 .\CortexM3\ARM_GCC_541\Debug\Half_Skeleton_V2_LED_ARRAY.a(wait_interrupt.o)
                0x00008fc8                wait_interrupt_SetPriority
 .text.wait_interrupt_Enable
                0x00008fd8       0x10 .\CortexM3\ARM_GCC_541\Debug\Half_Skeleton_V2_LED_ARRAY.a(wait_interrupt.o)
                0x00008fd8                wait_interrupt_Enable
 .text.wait_interrupt_Disable
                0x00008fe8       0x10 .\CortexM3\ARM_GCC_541\Debug\Half_Skeleton_V2_LED_ARRAY.a(wait_interrupt.o)
                0x00008fe8                wait_interrupt_Disable
 .text.wait_interrupt_StartEx
                0x00008ff8       0x1c .\CortexM3\ARM_GCC_541\Debug\Half_Skeleton_V2_LED_ARRAY.a(wait_interrupt.o)
                0x00008ff8                wait_interrupt_StartEx
 .text.X_MOT_INT_Read
                0x00009014       0x10 .\CortexM3\ARM_GCC_541\Debug\Half_Skeleton_V2_LED_ARRAY.a(X_MOT_INT.o)
                0x00009014                X_MOT_INT_Read
 .text.Y_MOT_INT_Read
                0x00009024       0x10 .\CortexM3\ARM_GCC_541\Debug\Half_Skeleton_V2_LED_ARRAY.a(Y_MOT_INT.o)
                0x00009024                Y_MOT_INT_Read
 .text.Z_MOT_INT_Read
                0x00009034       0x10 .\CortexM3\ARM_GCC_541\Debug\Half_Skeleton_V2_LED_ARRAY.a(Z_MOT_INT.o)
                0x00009034                Z_MOT_INT_Read
 .text.Camera_Trigger_Write
                0x00009044       0x18 .\CortexM3\ARM_GCC_541\Debug\Half_Skeleton_V2_LED_ARRAY.a(Camera_Trigger.o)
                0x00009044                Camera_Trigger_Write
 .text.Pin_SDI_RGB_Write
                0x0000905c       0x18 .\CortexM3\ARM_GCC_541\Debug\Half_Skeleton_V2_LED_ARRAY.a(Pin_SDI_RGB.o)
                0x0000905c                Pin_SDI_RGB_Write
 .text.Pin_Clock_RGB_Write
                0x00009074       0x18 .\CortexM3\ARM_GCC_541\Debug\Half_Skeleton_V2_LED_ARRAY.a(Pin_Clock_RGB.o)
                0x00009074                Pin_Clock_RGB_Write
 .text.Pin_MOSI_PCA9959_Write
                0x0000908c       0x18 .\CortexM3\ARM_GCC_541\Debug\Half_Skeleton_V2_LED_ARRAY.a(Pin_MOSI_PCA9959.o)
                0x0000908c                Pin_MOSI_PCA9959_Write
 .text.Pin_SCK_PCA9959_Write
                0x000090a4       0x18 .\CortexM3\ARM_GCC_541\Debug\Half_Skeleton_V2_LED_ARRAY.a(Pin_SCK_PCA9959.o)
                0x000090a4                Pin_SCK_PCA9959_Write
 .text.Pin_SS_PCA9959_Write
                0x000090bc       0x18 .\CortexM3\ARM_GCC_541\Debug\Half_Skeleton_V2_LED_ARRAY.a(Pin_SS_PCA9959.o)
                0x000090bc                Pin_SS_PCA9959_Write
 .text.Pin_OE_PCA9959_1_Write
                0x000090d4       0x18 .\CortexM3\ARM_GCC_541\Debug\Half_Skeleton_V2_LED_ARRAY.a(Pin_OE_PCA9959_1.o)
                0x000090d4                Pin_OE_PCA9959_1_Write
 .text.Pin_OE_PCA9959_2_Write
                0x000090ec       0x18 .\CortexM3\ARM_GCC_541\Debug\Half_Skeleton_V2_LED_ARRAY.a(Pin_OE_PCA9959_2.o)
                0x000090ec                Pin_OE_PCA9959_2_Write
 .text.Pin_OE_PCA9959_3_Write
                0x00009104       0x18 .\CortexM3\ARM_GCC_541\Debug\Half_Skeleton_V2_LED_ARRAY.a(Pin_OE_PCA9959_3.o)
                0x00009104                Pin_OE_PCA9959_3_Write
 .text.Pin_OE_PCA9959_4_Write
                0x0000911c       0x18 .\CortexM3\ARM_GCC_541\Debug\Half_Skeleton_V2_LED_ARRAY.a(Pin_OE_PCA9959_4.o)
                0x0000911c                Pin_OE_PCA9959_4_Write
 .text.Pin_RST_PCA9959_Write
                0x00009134       0x18 .\CortexM3\ARM_GCC_541\Debug\Half_Skeleton_V2_LED_ARRAY.a(Pin_RST_PCA9959.o)
                0x00009134                Pin_RST_PCA9959_Write
 *fill*         0x0000914c        0x4 
 .text          0x00009150       0x20 .\CortexM3\ARM_GCC_541\Debug\Half_Skeleton_V2_LED_ARRAY.a(CyBootAsmGnu.o)
                0x00009150                CyDelayCycles
                0x00009160                CyEnterCriticalSection
                0x00009168                CyExitCriticalSection
 .text.USB_DispatchClassRqst
                0x00009170       0x68 .\CortexM3\ARM_GCC_541\Debug\Half_Skeleton_V2_LED_ARRAY.a(USB_cls.o)
                0x00009170                USB_DispatchClassRqst
 .text.pow      0x000091d8      0x330 c:/program files (x86)/cypress/psoc creator/4.4/psoc creator/import/gnu/arm/5.4.1/bin/../lib/gcc/arm-none-eabi/5.4.1/../../../../arm-none-eabi/lib/armv7-m\libm.a(lib_a-w_pow.o)
                0x000091d8                pow
 .text.__ieee754_pow
                0x00009508      0xac4 c:/program files (x86)/cypress/psoc creator/4.4/psoc creator/import/gnu/arm/5.4.1/bin/../lib/gcc/arm-none-eabi/5.4.1/../../../../arm-none-eabi/lib/armv7-m\libm.a(lib_a-e_pow.o)
                0x00009508                __ieee754_pow
 .text.__ieee754_sqrt
                0x00009fcc      0x188 c:/program files (x86)/cypress/psoc creator/4.4/psoc creator/import/gnu/arm/5.4.1/bin/../lib/gcc/arm-none-eabi/5.4.1/../../../../arm-none-eabi/lib/armv7-m\libm.a(lib_a-e_sqrt.o)
                0x00009fcc                __ieee754_sqrt
 .text.fabs     0x0000a154        0x8 c:/program files (x86)/cypress/psoc creator/4.4/psoc creator/import/gnu/arm/5.4.1/bin/../lib/gcc/arm-none-eabi/5.4.1/../../../../arm-none-eabi/lib/armv7-m\libm.a(lib_a-s_fabs.o)
                0x0000a154                fabs
 .text.finite   0x0000a15c        0xc c:/program files (x86)/cypress/psoc creator/4.4/psoc creator/import/gnu/arm/5.4.1/bin/../lib/gcc/arm-none-eabi/5.4.1/../../../../arm-none-eabi/lib/armv7-m\libm.a(lib_a-s_finite.o)
                0x0000a15c                finite
 .text.matherr  0x0000a168        0x4 c:/program files (x86)/cypress/psoc creator/4.4/psoc creator/import/gnu/arm/5.4.1/bin/../lib/gcc/arm-none-eabi/5.4.1/../../../../arm-none-eabi/lib/armv7-m\libm.a(lib_a-s_matherr.o)
                0x0000a168                matherr
 .text.nan      0x0000a16c        0xc c:/program files (x86)/cypress/psoc creator/4.4/psoc creator/import/gnu/arm/5.4.1/bin/../lib/gcc/arm-none-eabi/5.4.1/../../../../arm-none-eabi/lib/armv7-m\libm.a(lib_a-s_nan.o)
                0x0000a16c                nan
 .text.rint     0x0000a178      0x120 c:/program files (x86)/cypress/psoc creator/4.4/psoc creator/import/gnu/arm/5.4.1/bin/../lib/gcc/arm-none-eabi/5.4.1/../../../../arm-none-eabi/lib/armv7-m\libm.a(lib_a-s_rint.o)
                0x0000a178                rint
 .text.scalbn   0x0000a298       0xe4 c:/program files (x86)/cypress/psoc creator/4.4/psoc creator/import/gnu/arm/5.4.1/bin/../lib/gcc/arm-none-eabi/5.4.1/../../../../arm-none-eabi/lib/armv7-m\libm.a(lib_a-s_scalbn.o)
                0x0000a298                scalbn
 .text.copysign
                0x0000a37c       0x10 c:/program files (x86)/cypress/psoc creator/4.4/psoc creator/import/gnu/arm/5.4.1/bin/../lib/gcc/arm-none-eabi/5.4.1/../../../../arm-none-eabi/lib/armv7-m\libm.a(lib_a-s_copysign.o)
                0x0000a37c                copysign
 .text          0x0000a38c      0x370 c:/program files (x86)/cypress/psoc creator/4.4/psoc creator/import/gnu/arm/5.4.1/bin/../lib/gcc/arm-none-eabi/5.4.1/armv7-m\libgcc.a(_arm_addsubdf3.o)
                0x0000a38c                __aeabi_drsub
                0x0000a394                __aeabi_dsub
                0x0000a394                __subdf3
                0x0000a398                __aeabi_dadd
                0x0000a398                __adddf3
                0x0000a610                __floatunsidf
                0x0000a610                __aeabi_ui2d
                0x0000a630                __floatsidf
                0x0000a630                __aeabi_i2d
                0x0000a654                __aeabi_f2d
                0x0000a654                __extendsfdf2
                0x0000a690                __floatundidf
                0x0000a690                __aeabi_ul2d
                0x0000a6a0                __floatdidf
                0x0000a6a0                __aeabi_l2d
 .text          0x0000a6fc      0x424 c:/program files (x86)/cypress/psoc creator/4.4/psoc creator/import/gnu/arm/5.4.1/bin/../lib/gcc/arm-none-eabi/5.4.1/armv7-m\libgcc.a(_arm_muldivdf3.o)
                0x0000a6fc                __aeabi_dmul
                0x0000a6fc                __muldf3
                0x0000a950                __divdf3
                0x0000a950                __aeabi_ddiv
 .text          0x0000ab20      0x110 c:/program files (x86)/cypress/psoc creator/4.4/psoc creator/import/gnu/arm/5.4.1/bin/../lib/gcc/arm-none-eabi/5.4.1/armv7-m\libgcc.a(_arm_cmpdf2.o)
                0x0000ab20                __gtdf2
                0x0000ab20                __gedf2
                0x0000ab28                __ltdf2
                0x0000ab28                __ledf2
                0x0000ab30                __nedf2
                0x0000ab30                __eqdf2
                0x0000ab30                __cmpdf2
                0x0000abac                __aeabi_cdrcmple
                0x0000abbc                __aeabi_cdcmpeq
                0x0000abbc                __aeabi_cdcmple
                0x0000abcc                __aeabi_dcmpeq
                0x0000abe0                __aeabi_dcmplt
                0x0000abf4                __aeabi_dcmple
                0x0000ac08                __aeabi_dcmpge
                0x0000ac1c                __aeabi_dcmpgt
 .text          0x0000ac30       0x2c c:/program files (x86)/cypress/psoc creator/4.4/psoc creator/import/gnu/arm/5.4.1/bin/../lib/gcc/arm-none-eabi/5.4.1/armv7-m\libgcc.a(_arm_unorddf2.o)
                0x0000ac30                __unorddf2
                0x0000ac30                __aeabi_dcmpun
 .text          0x0000ac5c       0x50 c:/program files (x86)/cypress/psoc creator/4.4/psoc creator/import/gnu/arm/5.4.1/bin/../lib/gcc/arm-none-eabi/5.4.1/armv7-m\libgcc.a(_arm_fixdfsi.o)
                0x0000ac5c                __aeabi_d2iz
                0x0000ac5c                __fixdfsi
 .text          0x0000acac       0x40 c:/program files (x86)/cypress/psoc creator/4.4/psoc creator/import/gnu/arm/5.4.1/bin/../lib/gcc/arm-none-eabi/5.4.1/armv7-m\libgcc.a(_arm_fixunsdfsi.o)
                0x0000acac                __aeabi_d2uiz
                0x0000acac                __fixunsdfsi
 .text          0x0000acec       0xa0 c:/program files (x86)/cypress/psoc creator/4.4/psoc creator/import/gnu/arm/5.4.1/bin/../lib/gcc/arm-none-eabi/5.4.1/armv7-m\libgcc.a(_arm_truncdfsf2.o)
                0x0000acec                __truncdfsf2
                0x0000acec                __aeabi_d2f
 .text          0x0000ad8c      0x21c c:/program files (x86)/cypress/psoc creator/4.4/psoc creator/import/gnu/arm/5.4.1/bin/../lib/gcc/arm-none-eabi/5.4.1/armv7-m\libgcc.a(_arm_addsubsf3.o)
                0x0000ad8c                __aeabi_frsub
                0x0000ad94                __subsf3
                0x0000ad94                __aeabi_fsub
                0x0000ad98                __aeabi_fadd
                0x0000ad98                __addsf3
                0x0000aef8                __aeabi_ui2f
                0x0000aef8                __floatunsisf
                0x0000af00                __aeabi_i2f
                0x0000af00                __floatsisf
                0x0000af1c                __aeabi_ul2f
                0x0000af1c                __floatundisf
                0x0000af2c                __aeabi_l2f
                0x0000af2c                __floatdisf
 .text          0x0000afa8      0x2a0 c:/program files (x86)/cypress/psoc creator/4.4/psoc creator/import/gnu/arm/5.4.1/bin/../lib/gcc/arm-none-eabi/5.4.1/armv7-m\libgcc.a(_arm_muldivsf3.o)
                0x0000afa8                __mulsf3
                0x0000afa8                __aeabi_fmul
                0x0000b110                __aeabi_fdiv
                0x0000b110                __divsf3
 .text.__errno  0x0000b248        0xc c:/program files (x86)/cypress/psoc creator/4.4/psoc creator/import/gnu/arm/5.4.1/bin/../lib/gcc/arm-none-eabi/5.4.1/../../../../arm-none-eabi/lib/armv7-m\libg_nano.a(lib_a-errno.o)
                0x0000b248                __errno
 .text.__libc_init_array
                0x0000b254       0x4c c:/program files (x86)/cypress/psoc creator/4.4/psoc creator/import/gnu/arm/5.4.1/bin/../lib/gcc/arm-none-eabi/5.4.1/../../../../arm-none-eabi/lib/armv7-m\libg_nano.a(lib_a-init.o)
                0x0000b254                __libc_init_array
 .text.memcpy   0x0000b2a0       0x16 c:/program files (x86)/cypress/psoc creator/4.4/psoc creator/import/gnu/arm/5.4.1/bin/../lib/gcc/arm-none-eabi/5.4.1/../../../../arm-none-eabi/lib/armv7-m\libg_nano.a(lib_a-memcpy-stub.o)
                0x0000b2a0                memcpy
 .text.memset   0x0000b2b6       0x10 c:/program files (x86)/cypress/psoc creator/4.4/psoc creator/import/gnu/arm/5.4.1/bin/../lib/gcc/arm-none-eabi/5.4.1/../../../../arm-none-eabi/lib/armv7-m\libg_nano.a(lib_a-memset.o)
                0x0000b2b6                memset
 *fill*         0x0000b2c6        0x2 
 .text.sprintf  0x0000b2c8       0x48 c:/program files (x86)/cypress/psoc creator/4.4/psoc creator/import/gnu/arm/5.4.1/bin/../lib/gcc/arm-none-eabi/5.4.1/../../../../arm-none-eabi/lib/armv7-m\libg_nano.a(lib_a-sprintf.o)
                0x0000b2c8                siprintf
                0x0000b2c8                sprintf
 .text.__ssputs_r
                0x0000b310       0xb2 c:/program files (x86)/cypress/psoc creator/4.4/psoc creator/import/gnu/arm/5.4.1/bin/../lib/gcc/arm-none-eabi/5.4.1/../../../../arm-none-eabi/lib/armv7-m\libg_nano.a(lib_a-nano-svfprintf.o)
                0x0000b310                __ssputs_r
 *fill*         0x0000b3c2        0x2 
 .text._svfprintf_r
                0x0000b3c4      0x1e8 c:/program files (x86)/cypress/psoc creator/4.4/psoc creator/import/gnu/arm/5.4.1/bin/../lib/gcc/arm-none-eabi/5.4.1/../../../../arm-none-eabi/lib/armv7-m\libg_nano.a(lib_a-nano-svfprintf.o)
                0x0000b3c4                _svfiprintf_r
                0x0000b3c4                _svfprintf_r
 .text._printf_common
                0x0000b5ac       0xec c:/program files (x86)/cypress/psoc creator/4.4/psoc creator/import/gnu/arm/5.4.1/bin/../lib/gcc/arm-none-eabi/5.4.1/../../../../arm-none-eabi/lib/armv7-m\libg_nano.a(lib_a-nano-vfprintf_i.o)
                0x0000b5ac                _printf_common
 .text._printf_i
                0x0000b698      0x24c c:/program files (x86)/cypress/psoc creator/4.4/psoc creator/import/gnu/arm/5.4.1/bin/../lib/gcc/arm-none-eabi/5.4.1/../../../../arm-none-eabi/lib/armv7-m\libg_nano.a(lib_a-nano-vfprintf_i.o)
                0x0000b698                _printf_i
 .text.memchr   0x0000b8e4       0x1c c:/program files (x86)/cypress/psoc creator/4.4/psoc creator/import/gnu/arm/5.4.1/bin/../lib/gcc/arm-none-eabi/5.4.1/../../../../arm-none-eabi/lib/armv7-m\libg_nano.a(lib_a-memchr-stub.o)
                0x0000b8e4                memchr
 .text.memmove  0x0000b900       0x36 c:/program files (x86)/cypress/psoc creator/4.4/psoc creator/import/gnu/arm/5.4.1/bin/../lib/gcc/arm-none-eabi/5.4.1/../../../../arm-none-eabi/lib/armv7-m\libg_nano.a(lib_a-memmove.o)
                0x0000b900                memmove
 *fill*         0x0000b936        0x2 
 .text._free_r  0x0000b938       0x98 c:/program files (x86)/cypress/psoc creator/4.4/psoc creator/import/gnu/arm/5.4.1/bin/../lib/gcc/arm-none-eabi/5.4.1/../../../../arm-none-eabi/lib/armv7-m\libg_nano.a(lib_a-nano-freer.o)
                0x0000b938                _free_r
 .text._malloc_r
                0x0000b9d0       0xbc c:/program files (x86)/cypress/psoc creator/4.4/psoc creator/import/gnu/arm/5.4.1/bin/../lib/gcc/arm-none-eabi/5.4.1/../../../../arm-none-eabi/lib/armv7-m\libg_nano.a(lib_a-nano-mallocr.o)
                0x0000b9d0                _malloc_r
 .text._realloc_r
                0x0000ba8c       0x4c c:/program files (x86)/cypress/psoc creator/4.4/psoc creator/import/gnu/arm/5.4.1/bin/../lib/gcc/arm-none-eabi/5.4.1/../../../../arm-none-eabi/lib/armv7-m\libg_nano.a(lib_a-nano-reallocr.o)
                0x0000ba8c                _realloc_r
 .text._sbrk_r  0x0000bad8       0x20 c:/program files (x86)/cypress/psoc creator/4.4/psoc creator/import/gnu/arm/5.4.1/bin/../lib/gcc/arm-none-eabi/5.4.1/../../../../arm-none-eabi/lib/armv7-m\libg_nano.a(lib_a-sbrkr.o)
                0x0000bad8                _sbrk_r
 .text.__malloc_lock
                0x0000baf8        0x2 c:/program files (x86)/cypress/psoc creator/4.4/psoc creator/import/gnu/arm/5.4.1/bin/../lib/gcc/arm-none-eabi/5.4.1/../../../../arm-none-eabi/lib/armv7-m\libg_nano.a(lib_a-mlock.o)
                0x0000baf8                __malloc_lock
 .text.__malloc_unlock
                0x0000bafa        0x2 c:/program files (x86)/cypress/psoc creator/4.4/psoc creator/import/gnu/arm/5.4.1/bin/../lib/gcc/arm-none-eabi/5.4.1/../../../../arm-none-eabi/lib/armv7-m\libg_nano.a(lib_a-mlock.o)
                0x0000bafa                __malloc_unlock
 .text._malloc_usable_size_r
                0x0000bafc       0x14 c:/program files (x86)/cypress/psoc creator/4.4/psoc creator/import/gnu/arm/5.4.1/bin/../lib/gcc/arm-none-eabi/5.4.1/../../../../arm-none-eabi/lib/armv7-m\libg_nano.a(lib_a-nano-msizer.o)
                0x0000bafc                _malloc_usable_size_r
 *(.plt)
 *(.gnu.warning)
 *(.glue_7t)
 .glue_7t       0x0000bb10        0x0 linker stubs
 *(.glue_7)
 .glue_7        0x0000bb10        0x0 linker stubs
 *(.vfp11_veneer)
 .vfp11_veneer  0x0000bb10        0x0 linker stubs
 *(.bootloader)
 *(.ARM.extab* .gnu.linkonce.armextab.*)
 *(.gcc_except_table)

.v4_bx          0x0000bb10        0x0
 .v4_bx         0x0000bb10        0x0 linker stubs

.iplt           0x0000bb10        0x0
 .iplt          0x0000bb10        0x0 c:/program files (x86)/cypress/psoc creator/4.4/psoc creator/import/gnu/arm/5.4.1/bin/../lib/gcc/arm-none-eabi/5.4.1/armv7-m/crtbegin.o

.eh_frame_hdr
 *(.eh_frame_hdr)

.eh_frame       0x0000bb10        0x4
 *(.eh_frame)
 .eh_frame      0x0000bb10        0x0 c:/program files (x86)/cypress/psoc creator/4.4/psoc creator/import/gnu/arm/5.4.1/bin/../lib/gcc/arm-none-eabi/5.4.1/armv7-m/crtbegin.o
 .eh_frame      0x0000bb10        0x4 c:/program files (x86)/cypress/psoc creator/4.4/psoc creator/import/gnu/arm/5.4.1/bin/../lib/gcc/arm-none-eabi/5.4.1/armv7-m/crtend.o
                [!provide]                PROVIDE (__exidx_start, .)

.ARM.exidx
 *(.ARM.exidx* .gnu.linkonce.armexidx.*)
                0x0000bb14                __exidx_end = .

.rodata         0x0000bb18     0x1ab8
 *(.rodata .rodata.* .gnu.linkonce.r.*)
 .rodata.str1.4
                0x0000bb18       0x32 .\CortexM3\ARM_GCC_541\Debug\main.o
 *fill*         0x0000bb4a        0x2 
 .rodata.str1.4
                0x0000bb4c      0x6db .\CortexM3\ARM_GCC_541\Debug\AS76.o
                                0x6ef (size before relaxing)
 *fill*         0x0000c227        0x1 
 .rodata        0x0000c228     0x10f4 .\CortexM3\ARM_GCC_541\Debug\cyfitter_cfg.o
 .rodata.str1.4
                0x0000d31c       0x11 .\CortexM3\ARM_GCC_541\Debug\Half_Skeleton_V2_LED_ARRAY.a(USB_std.o)
 *fill*         0x0000d32d        0x3 
 .rodata        0x0000d330      0x21a .\CortexM3\ARM_GCC_541\Debug\Half_Skeleton_V2_LED_ARRAY.a(USB_descr.o)
                0x0000d330                USB_MSOS_CONFIGURATION_DESCR
                0x0000d358                USB_MSOS_DESCRIPTOR
                0x0000d36c                USB_TABLE
                0x0000d374                USB_DEVICE0_TABLE
                0x0000d38c                USB_DEVICE0_CONFIGURATION0_TABLE
                0x0000d3b4                USB_DEVICE0_CONFIGURATION0_INTERFACE_CLASS
                0x0000d3b8                USB_DEVICE0_CONFIGURATION0_EP_SETTINGS_TABLE
                0x0000d3d0                USB_HIDREPORT_DESCRIPTOR1
                0x0000d408                USB_SN_STRING_DESCRIPTOR
                0x0000d40c                USB_STRING_DESCRIPTORS
                0x0000d4f4                USB_DEVICE0_CONFIGURATION0_DESCR
                0x0000d538                USB_DEVICE0_DESCR
 *fill*         0x0000d54a        0x2 
 .rodata.str1.4
                0x0000d54c        0x4 c:/program files (x86)/cypress/psoc creator/4.4/psoc creator/import/gnu/arm/5.4.1/bin/../lib/gcc/arm-none-eabi/5.4.1/../../../../arm-none-eabi/lib/armv7-m\libm.a(lib_a-w_pow.o)
 .rodata.str1.4
                0x0000d550        0x4 c:/program files (x86)/cypress/psoc creator/4.4/psoc creator/import/gnu/arm/5.4.1/bin/../lib/gcc/arm-none-eabi/5.4.1/../../../../arm-none-eabi/lib/armv7-m\libm.a(lib_a-e_pow.o)
                                  0x1 (size before relaxing)
 .rodata.TWO52  0x0000d550       0x10 c:/program files (x86)/cypress/psoc creator/4.4/psoc creator/import/gnu/arm/5.4.1/bin/../lib/gcc/arm-none-eabi/5.4.1/../../../../arm-none-eabi/lib/armv7-m\libm.a(lib_a-s_rint.o)
 .rodata.str1.1
                0x0000d560        0x2 c:/program files (x86)/cypress/psoc creator/4.4/psoc creator/import/gnu/arm/5.4.1/bin/../lib/gcc/arm-none-eabi/5.4.1/../../../../arm-none-eabi/lib/armv7-m\libg_nano.a(lib_a-impure.o)
 .rodata.str1.1
                0x0000d562       0x11 c:/program files (x86)/cypress/psoc creator/4.4/psoc creator/import/gnu/arm/5.4.1/bin/../lib/gcc/arm-none-eabi/5.4.1/../../../../arm-none-eabi/lib/armv7-m\libg_nano.a(lib_a-nano-svfprintf.o)
 .rodata.str1.1
                0x0000d573       0x22 c:/program files (x86)/cypress/psoc creator/4.4/psoc creator/import/gnu/arm/5.4.1/bin/../lib/gcc/arm-none-eabi/5.4.1/../../../../arm-none-eabi/lib/armv7-m\libg_nano.a(lib_a-nano-vfprintf_i.o)
                0x0000d598                . = ALIGN (0x4)
 *fill*         0x0000d595        0x3 
 *(.init)
 .init          0x0000d598        0x4 c:/program files (x86)/cypress/psoc creator/4.4/psoc creator/import/gnu/arm/5.4.1/bin/../lib/gcc/arm-none-eabi/5.4.1/armv7-m/crti.o
                0x0000d598                _init
 .init          0x0000d59c        0x8 c:/program files (x86)/cypress/psoc creator/4.4/psoc creator/import/gnu/arm/5.4.1/bin/../lib/gcc/arm-none-eabi/5.4.1/armv7-m/crtn.o
                0x0000d5a4                . = ALIGN (0x4)
                0x0000d5a4                __preinit_array_start = .
 *(.preinit_array)
                0x0000d5a4                __preinit_array_end = .
                0x0000d5a4                . = ALIGN (0x4)
                0x0000d5a4                __init_array_start = .
 *(SORT(.init_array.*))
 *(.init_array)
 .init_array    0x0000d5a4        0x4 c:/program files (x86)/cypress/psoc creator/4.4/psoc creator/import/gnu/arm/5.4.1/bin/../lib/gcc/arm-none-eabi/5.4.1/armv7-m/crtbegin.o
 .init_array    0x0000d5a8        0x4 .\CortexM3\ARM_GCC_541\Debug\Cm3Start.o
                0x0000d5ac                __init_array_end = .
                0x0000d5ac                . = ALIGN (0x4)
 *(.fini)
 .fini          0x0000d5ac        0x4 c:/program files (x86)/cypress/psoc creator/4.4/psoc creator/import/gnu/arm/5.4.1/bin/../lib/gcc/arm-none-eabi/5.4.1/armv7-m/crti.o
                0x0000d5ac                _fini
 .fini          0x0000d5b0        0x8 c:/program files (x86)/cypress/psoc creator/4.4/psoc creator/import/gnu/arm/5.4.1/bin/../lib/gcc/arm-none-eabi/5.4.1/armv7-m/crtn.o
                0x0000d5b8                . = ALIGN (0x4)
                0x0000d5b8                __fini_array_start = .
 *(.fini_array)
 .fini_array    0x0000d5b8        0x4 c:/program files (x86)/cypress/psoc creator/4.4/psoc creator/import/gnu/arm/5.4.1/bin/../lib/gcc/arm-none-eabi/5.4.1/armv7-m/crtbegin.o
 *(SORT(.fini_array.*))
                0x0000d5bc                __fini_array_end = .
                0x0000d5bc                . = ALIGN (0x4)
 *crtbegin.o(.ctors)
 *(EXCLUDE_FILE(*crtend.o) .ctors)
 *(SORT(.ctors.*))
 *crtend.o(.ctors)
                0x0000d5bc                . = ALIGN (0x4)
 *crtbegin.o(.dtors)
 *(EXCLUDE_FILE(*crtend.o) .dtors)
 *(SORT(.dtors.*))
 *crtend.o(.dtors)
                0x0000d5bc                . = ALIGN (0x4)
                0x0000d5bc                __cy_regions = .
                0x0000d5bc        0x4 LONG 0xd5d0 __cy_region_init_ram
                0x0000d5c0        0x4 LONG 0x1fff80c8 __cy_region_start_data
                0x0000d5c4        0x4 LONG 0xd0 __cy_region_init_size_ram
                0x0000d5c8        0x4 LONG 0x290 __cy_region_zero_size_ram
                0x0000d5cc                __cy_regions_end = .
                0x0000d5d0                . = ALIGN (0x8)
 *fill*         0x0000d5cc        0x4 
                0x0000d5d0                _etext = .

.cy_checksum_exclude
                0x0000d5d0        0x0
 *(.cy_checksum_exclude)

.ramvectors     0x1fff8000       0xc0
                0x1fff8000                __cy_region_start_ram = .
 *(.ramvectors)
 .ramvectors    0x1fff8000       0xc0 .\CortexM3\ARM_GCC_541\Debug\Cm3Start.o
                0x1fff8000                CyRamVectors

.noinit         0x1fff80c0        0x1
 *(.noinit)
 .noinit        0x1fff80c0        0x1 .\CortexM3\ARM_GCC_541\Debug\Half_Skeleton_V2_LED_ARRAY.a(CyLib.o)
                0x1fff80c0                CyResetStatus

.data           0x1fff80c8       0xd0 load address 0x0000d5d0
                0x1fff80c8                __cy_region_start_data = .
 *(.jcr)
 .jcr           0x1fff80c8        0x0 c:/program files (x86)/cypress/psoc creator/4.4/psoc creator/import/gnu/arm/5.4.1/bin/../lib/gcc/arm-none-eabi/5.4.1/armv7-m/crtbegin.o
 .jcr           0x1fff80c8        0x4 c:/program files (x86)/cypress/psoc creator/4.4/psoc creator/import/gnu/arm/5.4.1/bin/../lib/gcc/arm-none-eabi/5.4.1/armv7-m/crtend.o
 *(.got.plt)
 *(.got)
 *(.shdata)
 *(.data .data.* .gnu.linkonce.d.*)
 .data          0x1fff80cc        0x4 .\CortexM3\ARM_GCC_541\Debug\main.o
                0x1fff80cc                status_t
                0x1fff80cd                status_z
                0x1fff80ce                status_y
                0x1fff80cf                status_x
 .data          0x1fff80d0       0x2d .\CortexM3\ARM_GCC_541\Debug\AS76.o
                0x1fff80d0                z_microns
                0x1fff80d4                gsv2_microns
                0x1fff80d8                PWM_Condenser_comare_value
                0x1fff80dc                Motor_Speed_X
                0x1fff80e0                Motor_Speed_Y
                0x1fff80e4                Motor_Speed_Z
                0x1fff80e8                HomeY_done
                0x1fff80e9                HomeX_done
                0x1fff80ea                HomeZ_done
                0x1fff80eb                HomeT_done
                0x1fff80ec                T_Pitchfactor
                0x1fff80f0                Z_Pitchfactor
                0x1fff80f4                Y_Pitchfactor
                0x1fff80f8                X_Pitchfactor
                0x1fff80fc                Time_Out_Error
 .data          0x1fff80fd        0x1 .\CortexM3\ARM_GCC_541\Debug\PCA9959.o
                0x1fff80fd                Op
 *fill*         0x1fff80fe        0x2 
 .data          0x1fff8100        0x4 .\CortexM3\ARM_GCC_541\Debug\Cm3Start.o
 .data          0x1fff8104       0x10 .\CortexM3\ARM_GCC_541\Debug\Half_Skeleton_V2_LED_ARRAY.a(CyLib.o)
                0x1fff8104                cydelay_32k_ms
                0x1fff8108                cydelay_freq_khz
                0x1fff810c                cydelay_freq_mhz
                0x1fff8110                cydelay_freq_hz
 .data          0x1fff8114       0x1a .\CortexM3\ARM_GCC_541\Debug\Half_Skeleton_V2_LED_ARRAY.a(USB_cdc.o)
                0x1fff8114                USB_linesCoding
 .data.__fdlib_version
                0x1fff812e        0x1 c:/program files (x86)/cypress/psoc creator/4.4/psoc creator/import/gnu/arm/5.4.1/bin/../lib/gcc/arm-none-eabi/5.4.1/../../../../arm-none-eabi/lib/armv7-m\libm.a(lib_a-s_lib_ver.o)
                0x1fff812e                __fdlib_version
 *fill*         0x1fff812f        0x1 
 .data.impure_data
                0x1fff8130       0x60 c:/program files (x86)/cypress/psoc creator/4.4/psoc creator/import/gnu/arm/5.4.1/bin/../lib/gcc/arm-none-eabi/5.4.1/../../../../arm-none-eabi/lib/armv7-m\libg_nano.a(lib_a-impure.o)
 .data._impure_ptr
                0x1fff8190        0x4 c:/program files (x86)/cypress/psoc creator/4.4/psoc creator/import/gnu/arm/5.4.1/bin/../lib/gcc/arm-none-eabi/5.4.1/../../../../arm-none-eabi/lib/armv7-m\libg_nano.a(lib_a-impure.o)
                0x1fff8190                _impure_ptr
                0x1fff8198                . = ALIGN (0x8)
 *fill*         0x1fff8194        0x4 
 *(.ram)
                0x1fff8198                _edata = .

.igot.plt       0x1fff8198        0x0 load address 0x0000d6a0
 .igot.plt      0x1fff8198        0x0 c:/program files (x86)/cypress/psoc creator/4.4/psoc creator/import/gnu/arm/5.4.1/bin/../lib/gcc/arm-none-eabi/5.4.1/armv7-m/crtbegin.o

.bss            0x1fff8198      0x290 load address 0x0000d6a0
                0x1fff8198                PROVIDE (__bss_start__, .)
 *(.shbss)
 *(.bss .bss.* .gnu.linkonce.b.*)
 .bss           0x1fff8198       0x1c c:/program files (x86)/cypress/psoc creator/4.4/psoc creator/import/gnu/arm/5.4.1/bin/../lib/gcc/arm-none-eabi/5.4.1/armv7-m/crtbegin.o
 .bss           0x1fff81b4       0x6c .\CortexM3\ARM_GCC_541\Debug\AS76.o
                0x1fff81b4                ms_count
                0x1fff81b8                exit_loop
                0x1fff81b9                capture_flag
                0x1fff81bc                Z_QuadPosition
                0x1fff81c0                start_quadz
                0x1fff81c4                capture_flag_z
                0x1fff81c8                X_QuadPosition
                0x1fff81cc                start_quad
                0x1fff81d0                Y_QuadPosition
                0x1fff81d4                EncoderTZSelect
                0x1fff81d8                T_QuadPosition
                0x1fff81dc                Buffer_Z_QuadPosition
                0x1fff81e0                Buffer_T_QuadPosition
                0x1fff81e4                print_flag
                0x1fff81e8                PWM_barcode_comare_value
                0x1fff81ec                Error
                0x1fff81f1                HomeX_done_Buffer
                0x1fff81f2                HomeY_done_Buffer
                0x1fff81f3                HomeZ_done_Buffer
                0x1fff81f4                HomeT_done_Buffer
                0x1fff81f8                Previous_X_Position
                0x1fff81fc                Previous_Y_Position
                0x1fff8200                Previous_Z_Position
                0x1fff8204                Position_X_Requested
                0x1fff8208                Position_Y_Requested
                0x1fff820c                Position_Z_Requested
                0x1fff8210                Position_T_Requested
                0x1fff8214                time_ms
                0x1fff8218                oil_speed
                0x1fff821c                oil_dir
 .bss           0x1fff8220        0xc .\CortexM3\ARM_GCC_541\Debug\APA102.o
                0x1fff8220                BnB
                0x1fff8222                GnR
                0x1fff8224                STFB
                0x1fff8228                LedCnt
                0x1fff8229                MaxB
                0x1fff822a                B
                0x1fff822b                j
 .bss           0x1fff822c        0x8 .\CortexM3\ARM_GCC_541\Debug\PCA9959.o
                0x1fff822c                TX
                0x1fff822e                RegAddr
                0x1fff822f                Data
                0x1fff8230                PgSl
                0x1fff8232                RX
 .bss           0x1fff8234        0x1 .\CortexM3\ARM_GCC_541\Debug\Half_Skeleton_V2_LED_ARRAY.a(SPIM.o)
                0x1fff8234                SPIM_initVar
 .bss           0x1fff8235        0x1 .\CortexM3\ARM_GCC_541\Debug\Half_Skeleton_V2_LED_ARRAY.a(USB.o)
                0x1fff8235                USB_initVar
 .bss           0x1fff8236        0x1 .\CortexM3\ARM_GCC_541\Debug\Half_Skeleton_V2_LED_ARRAY.a(USB_cdc.o)
 *fill*         0x1fff8237        0x1 
 .bss           0x1fff8238        0x2 .\CortexM3\ARM_GCC_541\Debug\Half_Skeleton_V2_LED_ARRAY.a(USB_std.o)
 .bss           0x1fff823a        0x1 .\CortexM3\ARM_GCC_541\Debug\Half_Skeleton_V2_LED_ARRAY.a(PWM_CondenserLED.o)
                0x1fff823a                PWM_CondenserLED_initVar
 .bss           0x1fff823b        0x1 .\CortexM3\ARM_GCC_541\Debug\Half_Skeleton_V2_LED_ARRAY.a(QuadDec_X.o)
                0x1fff823b                QuadDec_X_initVar
 .bss           0x1fff823c        0x4 .\CortexM3\ARM_GCC_541\Debug\Half_Skeleton_V2_LED_ARRAY.a(QuadDec_X_INT.o)
                0x1fff823c                QuadDec_X_count32SoftPart
 .bss           0x1fff8240        0x1 .\CortexM3\ARM_GCC_541\Debug\Half_Skeleton_V2_LED_ARRAY.a(QuadDec_X_Cnt16.o)
                0x1fff8240                QuadDec_X_Cnt16_initVar
 .bss           0x1fff8241        0x7 .\CortexM3\ARM_GCC_541\Debug\Half_Skeleton_V2_LED_ARRAY.a(UART_PCB_LOG.o)
                0x1fff8241                UART_PCB_LOG_errorStatus
                0x1fff8242                UART_PCB_LOG_initVar
                0x1fff8243                UART_PCB_LOG_rxBufferRead
                0x1fff8244                UART_PCB_LOG_rxBufferWrite
                0x1fff8245                UART_PCB_LOG_rxBufferLoopDetect
                0x1fff8246                UART_PCB_LOG_rxBufferOverflow
 .bss           0x1fff8248        0x1 .\CortexM3\ARM_GCC_541\Debug\Half_Skeleton_V2_LED_ARRAY.a(QuadDec_TZ.o)
                0x1fff8248                QuadDec_TZ_initVar
 *fill*         0x1fff8249        0x3 
 .bss           0x1fff824c        0x4 .\CortexM3\ARM_GCC_541\Debug\Half_Skeleton_V2_LED_ARRAY.a(QuadDec_TZ_INT.o)
                0x1fff824c                QuadDec_TZ_count32SoftPart
 .bss           0x1fff8250        0x1 .\CortexM3\ARM_GCC_541\Debug\Half_Skeleton_V2_LED_ARRAY.a(PWM_Buzzer.o)
                0x1fff8250                PWM_Buzzer_initVar
 .bss           0x1fff8251        0x1 .\CortexM3\ARM_GCC_541\Debug\Half_Skeleton_V2_LED_ARRAY.a(QuadDec_Y.o)
                0x1fff8251                QuadDec_Y_initVar
 *fill*         0x1fff8252        0x2 
 .bss           0x1fff8254        0x4 .\CortexM3\ARM_GCC_541\Debug\Half_Skeleton_V2_LED_ARRAY.a(QuadDec_Y_INT.o)
                0x1fff8254                QuadDec_Y_count32SoftPart
 .bss           0x1fff8258        0x1 .\CortexM3\ARM_GCC_541\Debug\Half_Skeleton_V2_LED_ARRAY.a(PWM_BarcodeCondenser_LED.o)
                0x1fff8258                PWM_BarcodeCondenser_LED_initVar
 .bss           0x1fff8259        0x1 .\CortexM3\ARM_GCC_541\Debug\Half_Skeleton_V2_LED_ARRAY.a(QuadDec_TZ_Cnt16.o)
                0x1fff8259                QuadDec_TZ_Cnt16_initVar
 .bss           0x1fff825a        0x1 .\CortexM3\ARM_GCC_541\Debug\Half_Skeleton_V2_LED_ARRAY.a(QuadDec_Y_Cnt16.o)
                0x1fff825a                QuadDec_Y_Cnt16_initVar
 .bss           0x1fff825b        0x1 .\CortexM3\ARM_GCC_541\Debug\Half_Skeleton_V2_LED_ARRAY.a(wait_timer.o)
                0x1fff825b                wait_timer_initVar
 .bss.__malloc_sbrk_start
                0x1fff825c        0x4 c:/program files (x86)/cypress/psoc creator/4.4/psoc creator/import/gnu/arm/5.4.1/bin/../lib/gcc/arm-none-eabi/5.4.1/../../../../arm-none-eabi/lib/armv7-m\libg_nano.a(lib_a-nano-mallocr.o)
                0x1fff825c                __malloc_sbrk_start
 .bss.__malloc_free_list
                0x1fff8260        0x4 c:/program files (x86)/cypress/psoc creator/4.4/psoc creator/import/gnu/arm/5.4.1/bin/../lib/gcc/arm-none-eabi/5.4.1/../../../../arm-none-eabi/lib/armv7-m\libg_nano.a(lib_a-nano-mallocr.o)
                0x1fff8260                __malloc_free_list
 *(COMMON)
 COMMON         0x1fff8264       0x77 .\CortexM3\ARM_GCC_541\Debug\main.o
                0x1fff8264                Is_Slide_On_Gripper
                0x1fff8268                USB_received
                0x1fff82a8                count
                0x1fff82ac                USB_transmit
 *fill*         0x1fff82db        0x1 
 COMMON         0x1fff82dc        0x4 .\CortexM3\ARM_GCC_541\Debug\AS76.o
                0x1fff82dc                command
 COMMON         0x1fff82e0        0x7 .\CortexM3\ARM_GCC_541\Debug\APA102.o
                0x1fff82e0                SPI_RGB_DATA
                0x1fff82e4                i
                0x1fff82e5                G
                0x1fff82e6                R
 *fill*         0x1fff82e7        0x1 
 COMMON         0x1fff82e8       0x18 .\CortexM3\ARM_GCC_541\Debug\Half_Skeleton_V2_LED_ARRAY.a(SPIM.o)
                0x1fff82e8                SPIM_rxBufferFull
                0x1fff82ec                SPIM_txBuffer
                0x1fff82f1                SPIM_swStatusTx
                0x1fff82f4                SPIM_rxBuffer
                0x1fff82fa                SPIM_txBufferFull
                0x1fff82fb                SPIM_txBufferRead
                0x1fff82fc                SPIM_rxBufferWrite
                0x1fff82fd                SPIM_txBufferWrite
                0x1fff82fe                SPIM_rxBufferRead
                0x1fff82ff                SPIM_swStatusRx
 COMMON         0x1fff8300       0x16 .\CortexM3\ARM_GCC_541\Debug\Half_Skeleton_V2_LED_ARRAY.a(USB_cdc.o)
                0x1fff8300                USB_linesControlBitmap
                0x1fff8304                USB_cdcCommInInterruptEp
                0x1fff8308                USB_serialStateBitmap
                0x1fff830c                USB_cdcDataOutEp
                0x1fff8310                USB_cdcDataInEp
                0x1fff8314                USB_linesChanged
 *fill*         0x1fff8316        0x2 
 COMMON         0x1fff8318       0x98 .\CortexM3\ARM_GCC_541\Debug\Half_Skeleton_V2_LED_ARRAY.a(USB_drv.o)
                0x1fff8318                USB_transferState
                0x1fff8319                USB_interfaceNumber
                0x1fff831a                USB_lastPacketSize
                0x1fff831c                USB_interfaceClass
                0x1fff8320                USB_interfaceSetting