Archive member included to satisfy reference by file (symbol)

.\CortexM3\ARM_GCC_541\Debug\Half_Skeleton_V2_T1.a(Pin_CSMotorX.o)
                              .\CortexM3\ARM_GCC_541\Debug\AS76.o (Pin_CSMotorX_Write)
.\CortexM3\ARM_GCC_541\Debug\Half_Skeleton_V2_T1.a(Pin_CSMotorY.o)
                              .\CortexM3\ARM_GCC_541\Debug\AS76.o (Pin_CSMotorY_Write)
.\CortexM3\ARM_GCC_541\Debug\Half_Skeleton_V2_T1.a(Pin_CSMotorZ.o)
                              .\CortexM3\ARM_GCC_541\Debug\AS76.o (Pin_CSMotorZ_Write)
.\CortexM3\ARM_GCC_541\Debug\Half_Skeleton_V2_T1.a(SPIM.o)
                              .\CortexM3\ARM_GCC_541\Debug\AS76.o (SPIM_WriteTxData)
.\CortexM3\ARM_GCC_541\Debug\Half_Skeleton_V2_T1.a(SPIM_INT.o)
                              .\CortexM3\ARM_GCC_541\Debug\Half_Skeleton_V2_T1.a(SPIM.o) (SPIM_TX_ISR)
.\CortexM3\ARM_GCC_541\Debug\Half_Skeleton_V2_T1.a(CyLib.o)
                              .\CortexM3\ARM_GCC_541\Debug\Cm3Start.o (CyHalt)
.\CortexM3\ARM_GCC_541\Debug\Half_Skeleton_V2_T1.a(cyPm.o)
                              .\CortexM3\ARM_GCC_541\Debug\Half_Skeleton_V2_T1.a(CyLib.o) (CyPmReadStatus)
.\CortexM3\ARM_GCC_541\Debug\Half_Skeleton_V2_T1.a(USB.o)
                              .\CortexM3\ARM_GCC_541\Debug\AS76.o (USB_Start)
.\CortexM3\ARM_GCC_541\Debug\Half_Skeleton_V2_T1.a(USB_cdc.o)
                              .\CortexM3\ARM_GCC_541\Debug\AS76.o (USB_CDC_Init)
.\CortexM3\ARM_GCC_541\Debug\Half_Skeleton_V2_T1.a(USB_drv.o)
                              .\CortexM3\ARM_GCC_541\Debug\Half_Skeleton_V2_T1.a(USB.o) (USB_lastPacketSize)
.\CortexM3\ARM_GCC_541\Debug\Half_Skeleton_V2_T1.a(USB_episr.o)
                              .\CortexM3\ARM_GCC_541\Debug\Half_Skeleton_V2_T1.a(USB.o) (USB_EP_1_ISR)
.\CortexM3\ARM_GCC_541\Debug\Half_Skeleton_V2_T1.a(USB_hid.o)
                              .\CortexM3\ARM_GCC_541\Debug\Half_Skeleton_V2_T1.a(USB.o) (USB_hidProtocol)
.\CortexM3\ARM_GCC_541\Debug\Half_Skeleton_V2_T1.a(USB_pm.o)
                              .\CortexM3\ARM_GCC_541\Debug\Half_Skeleton_V2_T1.a(USB.o) (USB_DP_ISR)
.\CortexM3\ARM_GCC_541\Debug\Half_Skeleton_V2_T1.a(USB_std.o)
                              .\CortexM3\ARM_GCC_541\Debug\Half_Skeleton_V2_T1.a(USB_pm.o) (USB_ConfigReg)
.\CortexM3\ARM_GCC_541\Debug\Half_Skeleton_V2_T1.a(USB_vnd.o)
                              .\CortexM3\ARM_GCC_541\Debug\Half_Skeleton_V2_T1.a(USB_drv.o) (USB_HandleVendorRqst)
.\CortexM3\ARM_GCC_541\Debug\Half_Skeleton_V2_T1.a(USB_Dp.o)
                              .\CortexM3\ARM_GCC_541\Debug\Half_Skeleton_V2_T1.a(USB.o) (USB_Dp_ClearInterrupt)
.\CortexM3\ARM_GCC_541\Debug\Half_Skeleton_V2_T1.a(PWM_CondenserLED.o)
                              .\CortexM3\ARM_GCC_541\Debug\AS76.o (PWM_CondenserLED_WriteCompare)
.\CortexM3\ARM_GCC_541\Debug\Half_Skeleton_V2_T1.a(SPIM_IntClock.o)
                              .\CortexM3\ARM_GCC_541\Debug\Half_Skeleton_V2_T1.a(SPIM.o) (SPIM_IntClock_Start)
.\CortexM3\ARM_GCC_541\Debug\Half_Skeleton_V2_T1.a(QuadDec_X.o)
                              .\CortexM3\ARM_GCC_541\Debug\AS76.o (QuadDec_X_GetCounter)
.\CortexM3\ARM_GCC_541\Debug\Half_Skeleton_V2_T1.a(QuadDec_X_INT.o)
                              .\CortexM3\ARM_GCC_541\Debug\Half_Skeleton_V2_T1.a(QuadDec_X.o) (QuadDec_X_ISR)
.\CortexM3\ARM_GCC_541\Debug\Half_Skeleton_V2_T1.a(QuadDec_X_Cnt16.o)
                              .\CortexM3\ARM_GCC_541\Debug\Half_Skeleton_V2_T1.a(QuadDec_X.o) (QuadDec_X_Cnt16_Stop)
.\CortexM3\ARM_GCC_541\Debug\Half_Skeleton_V2_T1.a(UART_PCB_LOG.o)
                              .\CortexM3\ARM_GCC_541\Debug\main.o (UART_PCB_LOG_Start)
.\CortexM3\ARM_GCC_541\Debug\Half_Skeleton_V2_T1.a(UART_PCB_LOG_INT.o)
                              .\CortexM3\ARM_GCC_541\Debug\Half_Skeleton_V2_T1.a(UART_PCB_LOG.o) (UART_PCB_LOG_RXISR)
.\CortexM3\ARM_GCC_541\Debug\Half_Skeleton_V2_T1.a(UART_PCB_LOG_IntClock.o)
                              .\CortexM3\ARM_GCC_541\Debug\Half_Skeleton_V2_T1.a(UART_PCB_LOG.o) (UART_PCB_LOG_IntClock_Start)
.\CortexM3\ARM_GCC_541\Debug\Half_Skeleton_V2_T1.a(Pin_Backlight.o)
                              .\CortexM3\ARM_GCC_541\Debug\AS76.o (Pin_Backlight_Write)
.\CortexM3\ARM_GCC_541\Debug\Half_Skeleton_V2_T1.a(LED2.o)
                              .\CortexM3\ARM_GCC_541\Debug\main.o (LED2_Write)
.\CortexM3\ARM_GCC_541\Debug\Half_Skeleton_V2_T1.a(Pin_CSMotorO.o)
                              .\CortexM3\ARM_GCC_541\Debug\AS76.o (Pin_CSMotorO_Write)
.\CortexM3\ARM_GCC_541\Debug\Half_Skeleton_V2_T1.a(Pin_CSMotorT.o)
                              .\CortexM3\ARM_GCC_541\Debug\AS76.o (Pin_CSMotorT_Write)
.\CortexM3\ARM_GCC_541\Debug\Half_Skeleton_V2_T1.a(QuadDec_TZ.o)
                              .\CortexM3\ARM_GCC_541\Debug\AS76.o (QuadDec_TZ_GetCounter)
.\CortexM3\ARM_GCC_541\Debug\Half_Skeleton_V2_T1.a(QuadDec_TZ_INT.o)
                              .\CortexM3\ARM_GCC_541\Debug\Half_Skeleton_V2_T1.a(QuadDec_TZ.o) (QuadDec_TZ_ISR)
[...]
Memory Configuration

Name             Origin             Length             Attributes
rom              0x00000000         0x00040000         xr
ram              0x1fff8000         0x00010000         xrw
*default*        0x00000000         0xffffffff

Linker script and memory map

LOAD c:/program files (x86)/cypress/psoc creator/4.4/psoc creator/import/gnu/arm/5.4.1/bin/../lib/gcc/arm-none-eabi/5.4.1/armv7-m/crti.o
LOAD c:/program files (x86)/cypress/psoc creator/4.4/psoc creator/import/gnu/arm/5.4.1/bin/../lib/gcc/arm-none-eabi/5.4.1/armv7-m/crtbegin.o
LOAD c:/program files (x86)/cypress/psoc creator/4.4/psoc creator/import/gnu/arm/5.4.1/bin/../lib/gcc/arm-none-eabi/5.4.1/../../../../arm-none-eabi/lib/armv7-m/crt0.o
START GROUP
LOAD .\CortexM3\ARM_GCC_541\Debug\main.o
LOAD .\CortexM3\ARM_GCC_541\Debug\AS76.o
LOAD .\CortexM3\ARM_GCC_541\Debug\cyfitter_cfg.o
LOAD .\CortexM3\ARM_GCC_541\Debug\cymetadata.o
LOAD .\CortexM3\ARM_GCC_541\Debug\Cm3Start.o
LOAD .\CortexM3\ARM_GCC_541\Debug\Half_Skeleton_V2_T1.a
LOAD C:\Program Files (x86)\Cypress\PSoC Creator\4.4\PSoC Creator\psoc\content\cycomponentlibrary\CyComponentLibrary.cylib\CortexM3\ARM_GCC_541\Debug\CyComponentLibrary.a
LOAD c:/program files (x86)/cypress/psoc creator/4.4/psoc creator/import/gnu/arm/5.4.1/bin/../lib/gcc/arm-none-eabi/5.4.1/../../../../arm-none-eabi/lib/armv7-m\libm.a
END GROUP
START GROUP
LOAD c:/program files (x86)/cypress/psoc creator/4.4/psoc creator/import/gnu/arm/5.4.1/bin/../lib/gcc/arm-none-eabi/5.4.1/armv7-m\libgcc.a
LOAD c:/program files (x86)/cypress/psoc creator/4.4/psoc creator/import/gnu/arm/5.4.1/bin/../lib/gcc/arm-none-eabi/5.4.1/../../../../arm-none-eabi/lib/armv7-m\libg_nano.a
LOAD c:/program files (x86)/cypress/psoc creator/4.4/psoc creator/import/gnu/arm/5.4.1/bin/../lib/gcc/arm-none-eabi/5.4.1/../../../../arm-none-eabi/lib/armv7-m\libc_nano.a
END GROUP
START GROUP
LOAD c:/program files (x86)/cypress/psoc creator/4.4/psoc creator/import/gnu/arm/5.4.1/bin/../lib/gcc/arm-none-eabi/5.4.1/armv7-m\libgcc.a
LOAD c:/program files (x86)/cypress/psoc creator/4.4/psoc creator/import/gnu/arm/5.4.1/bin/../lib/gcc/arm-none-eabi/5.4.1/../../../../arm-none-eabi/lib/armv7-m\libc_nano.a
END GROUP
LOAD c:/program files (x86)/cypress/psoc creator/4.4/psoc creator/import/gnu/arm/5.4.1/bin/../lib/gcc/arm-none-eabi/5.4.1/armv7-m/crtend.o
LOAD c:/program files (x86)/cypress/psoc creator/4.4/psoc creator/import/gnu/arm/5.4.1/bin/../lib/gcc/arm-none-eabi/5.4.1/armv7-m/crtn.o
START GROUP
LOAD c:/program files (x86)/cypress/psoc creator/4.4/psoc creator/import/gnu/arm/5.4.1/bin/../lib/gcc/arm-none-eabi/5.4.1/armv7-m\libgcc.a
LOAD c:/program files (x86)/cypress/psoc creator/4.4/psoc creator/import/gnu/arm/5.4.1/bin/../lib/gcc/arm-none-eabi/5.4.1/../../../../arm-none-eabi/lib/armv7-m\libc.a
LOAD c:/program files (x86)/cypress/psoc creator/4.4/psoc creator/import/gnu/arm/5.4.1/bin/../lib/gcc/arm-none-eabi/5.4.1/../../../../arm-none-eabi/lib/armv7-m\libnosys.a
END GROUP
                0x00000000                CY_APPL_ORIGIN = 0x0
                0x00000100                CY_FLASH_ROW_SIZE = 0x100
                0x00000020                CY_ECC_ROW_SIZE = 0x20
                0x00000000                CY_EE_IN_BTLDR = 0x0
                0x00000000                CY_APPL_LOADABLE = 0x0
                0x00000800                CY_EE_SIZE = 0x800
                0x00000001                CY_APPL_NUM = 0x1
                0x00000001                CY_APPL_MAX = 0x1
                0x00000040                CY_METADATA_SIZE = 0x40
                0x00000000                CY_APPL_LOADABLE = 0x0
                0x00000000                CY_CHECKSUM_EXCLUDE_SIZE = ALIGN (0x0, CY_FLASH_ROW_SIZE)
                [!provide]                PROVIDE (__cy_heap_start, _end)
                0x00000001                PROVIDE (__cy_region_num, ((__cy_regions_end - __cy_regions) / 0x10))
                0x20008000                PROVIDE (__cy_stack, (ORIGIN (ram) + LENGTH (ram)))
                [!provide]                PROVIDE (__cy_heap_end, (__cy_stack - 0x800))

.cybootloader   0x00000000        0x0
 *(.cybootloader)
                0x00000000                appl1_start = CY_APPL_ORIGIN?CY_APPL_ORIGIN:ALIGN (CY_FLASH_ROW_SIZE)
                0x0001ff00                appl2_start = (appl1_start + ALIGN ((((LENGTH (rom) - appl1_start) - (0x2 * CY_FLASH_ROW_SIZE)) / 0x2), CY_FLASH_ROW_SIZE))
                0x00000000                appl_start = (CY_APPL_NUM == 0x1)?appl1_start:appl2_start
                0x00000000                ecc_offset = ((appl_start / CY_FLASH_ROW_SIZE) * CY_ECC_ROW_SIZE)
                0x00000000                ee_offset = (CY_APPL_LOADABLE && ! (CY_EE_IN_BTLDR))?((CY_EE_SIZE / CY_APPL_MAX) * (CY_APPL_NUM - 0x1)):0x0
                0x00000800                ee_size = (CY_APPL_LOADABLE && ! (CY_EE_IN_BTLDR))?(CY_EE_SIZE / CY_APPL_MAX):CY_EE_SIZE
                [!provide]                PROVIDE (CY_ECC_OFFSET, ecc_offset)

.text           0x00000000     0x9048
 CREATE_OBJECT_SYMBOLS
                0x00000000                PROVIDE (__cy_interrupt_vector, RomVectors)
 *(.romvectors)
 .romvectors    0x00000000       0x10 .\CortexM3\ARM_GCC_541\Debug\Cm3Start.o
                0x00000000                RomVectors
                0x00000001                ASSERT ((. != __cy_interrupt_vector), No interrupt vector)
                0x00000001                ASSERT (CY_APPL_ORIGIN?(SIZEOF (.cybootloader) <= CY_APPL_ORIGIN):0x1, Wrong image location)
                0x00000010                PROVIDE (__cy_reset, Reset)
 *(.text.Reset)
 .text.Reset    0x00000010       0x18 .\CortexM3\ARM_GCC_541\Debug\Cm3Start.o
                0x00000010                Reset
                0x00000001                ASSERT ((. != __cy_reset), No reset code)
 *(.dma_init)
                0x00000001                ASSERT ((((appl_start + .) <= 0x10000) || 0x1), DMA Init must be within the first 64k of flash)
 *(.text .text.* .gnu.linkonce.t.*)
 .text          0x00000028       0x5c c:/program files (x86)/cypress/psoc creator/4.4/psoc creator/import/gnu/arm/5.4.1/bin/../lib/gcc/arm-none-eabi/5.4.1/armv7-m/crtbegin.o
 .text.main     0x00000084      0x10c .\CortexM3\ARM_GCC_541\Debug\main.o
                0x00000084                main
 .text.wait_interrupt_Handler
                0x00000190       0x24 .\CortexM3\ARM_GCC_541\Debug\AS76.o
                0x00000190                wait_interrupt_Handler
 .text.Quad_Timer
                0x000001b4       0x24 .\CortexM3\ARM_GCC_541\Debug\AS76.o
                0x000001b4                Quad_Timer
 .text.Quad_Timer1
                0x000001d8       0x24 .\CortexM3\ARM_GCC_541\Debug\AS76.o
                0x000001d8                Quad_Timer1
 .text.Initialize_PWM
                0x000001fc       0x50 .\CortexM3\ARM_GCC_541\Debug\AS76.o
                0x000001fc                Initialize_PWM
 .text.Enable_Encoder_T
                0x0000024c       0x18 .\CortexM3\ARM_GCC_541\Debug\AS76.o
                0x0000024c                Enable_Encoder_T
 .text.Enable_Encoder_Z
                0x00000264       0x18 .\CortexM3\ARM_GCC_541\Debug\AS76.o
                0x00000264                Enable_Encoder_Z
 .text.Initialize_And_Start_All_Opt_Encoder
                0x0000027c       0x2c .\CortexM3\ARM_GCC_541\Debug\AS76.o
                0x0000027c                Initialize_And_Start_All_Opt_Encoder
 .text.Read_All_Optical_Encoder
                0x000002a8       0x44 .\CortexM3\ARM_GCC_541\Debug\AS76.o
                0x000002a8                Read_All_Optical_Encoder
 .text.Write_Debug_UART_Char
                0x000002ec       0x1c .\CortexM3\ARM_GCC_541\Debug\AS76.o
                0x000002ec                Write_Debug_UART_Char
 .text.Beep_Once
                0x00000308       0x24 .\CortexM3\ARM_GCC_541\Debug\AS76.o
                0x00000308                Beep_Once
 *fill*         0x0000032c        0x4 
 .text.Send_Feedback_to_USB
                0x00000330      0x2dc .\CortexM3\ARM_GCC_541\Debug\AS76.o
                0x00000330                Send_Feedback_to_USB
 .text.Initialize_USB
                0x0000060c       0x38 .\CortexM3\ARM_GCC_541\Debug\AS76.o
                0x0000060c                Initialize_USB
 .text.Write_Debug_UART_Int
                0x00000644       0x34 .\CortexM3\ARM_GCC_541\Debug\AS76.o
                0x00000644                Write_Debug_UART_Int
 .text.set_BarcodeCondenser_LED
                0x00000678       0x70 .\CortexM3\ARM_GCC_541\Debug\AS76.o
                0x00000678                set_BarcodeCondenser_LED
 .text.set_CondenserLED
                0x000006e8       0x70 .\CortexM3\ARM_GCC_541\Debug\AS76.o
                0x000006e8                set_CondenserLED
 .text.UART_print_all_values
                0x00000758       0x24 .\CortexM3\ARM_GCC_541\Debug\AS76.o
                0x00000758                UART_print_all_values
 .text.if_all_homing_done
                0x0000077c       0x78 .\CortexM3\ARM_GCC_541\Debug\AS76.o
                0x0000077c                if_all_homing_done
 .text.Is_USB_Unpluged
                0x000007f4       0x40 .\CortexM3\ARM_GCC_541\Debug\AS76.o
                0x000007f4                Is_USB_Unpluged
 .text.Data_To_Transfer
                0x00000834       0x10 .\CortexM3\ARM_GCC_541\Debug\AS76.o
                0x00000834                Data_To_Transfer
 .text.SPI_MOTOR_CHIP_SELECT
                0x00000844       0x98 .\CortexM3\ARM_GCC_541\Debug\AS76.o
                0x00000844                SPI_MOTOR_CHIP_SELECT
 .text.Read_32bitSPI_DATA
                0x000008dc       0xec .\CortexM3\ARM_GCC_541\Debug\AS76.o
                0x000008dc                Read_32bitSPI_DATA
 .text.Write_32bitSPI_DATA
                0x000009c8       0x40 .\CortexM3\ARM_GCC_541\Debug\AS76.o
                0x000009c8                Write_32bitSPI_DATA
 .text.GotoPos  0x00000a08       0x28 .\CortexM3\ARM_GCC_541\Debug\AS76.o
                0x00000a08                GotoPos
 .text.Initialize_Motor
                0x00000a30      0x284 .\CortexM3\ARM_GCC_541\Debug\AS76.o
                0x00000a30                Initialize_Motor
 .text.WaitTillPositionReached
                0x00000cb4       0x54 .\CortexM3\ARM_GCC_541\Debug\AS76.o
                0x00000cb4                WaitTillPositionReached
 .text.Step_correction_x
                0x00000d08      0x100 .\CortexM3\ARM_GCC_541\Debug\AS76.o
                0x00000d08                Step_correction_x
 .text.goTo_X   0x00000e08       0x8c .\CortexM3\ARM_GCC_541\Debug\AS76.o
                0x00000e08                goTo_X
 *fill*         0x00000e94        0x4 
 .text.Step_correction_y
                0x00000e98       0xf0 .\CortexM3\ARM_GCC_541\Debug\AS76.o
                0x00000e98                Step_correction_y
 .text.goTo_Y   0x00000f88       0x8c .\CortexM3\ARM_GCC_541\Debug\AS76.o
                0x00000f88                goTo_Y
 *fill*         0x00001014        0x4 
 .text.Step_correction_z
                0x00001018       0xf0 .\CortexM3\ARM_GCC_541\Debug\AS76.o
                0x00001018                Step_correction_z
 .text.goTo_Z   0x00001108       0x9c .\CortexM3\ARM_GCC_541\Debug\AS76.o
                0x00001108                goTo_Z
 *fill*         0x000011a4        0x4 
 .text.Step_correction_t
                0x000011a8       0xf0 .\CortexM3\ARM_GCC_541\Debug\AS76.o
                0x000011a8                Step_correction_t
 .text.goTo_T   0x00001298       0xe4 .\CortexM3\ARM_GCC_541\Debug\AS76.o
                0x00001298                goTo_T
 .text.goTo_XYZ
                0x0000137c       0xcc .\CortexM3\ARM_GCC_541\Debug\AS76.o
                0x0000137c                goTo_XYZ
 .text.update_max_velocity
                0x00001448       0x10 .\CortexM3\ARM_GCC_541\Debug\AS76.o
                0x00001448                update_max_velocity
 .text.homeX    0x00001458      0x1b4 .\CortexM3\ARM_GCC_541\Debug\AS76.o
                0x00001458                homeX
 .text.homeY    0x0000160c      0x1d4 .\CortexM3\ARM_GCC_541\Debug\AS76.o
                0x0000160c                homeY
 .text.homeZ    0x000017e0      0x1d4 .\CortexM3\ARM_GCC_541\Debug\AS76.o
                0x000017e0                homeZ
 .text.homeT    0x000019b4      0x228 .\CortexM3\ARM_GCC_541\Debug\AS76.o
                0x000019b4                homeT
 .text.run_pump
                0x00001bdc       0x90 .\CortexM3\ARM_GCC_541\Debug\AS76.o
                0x00001bdc                run_pump
 .text.run_pumpvs
                0x00001c6c       0x80 .\CortexM3\ARM_GCC_541\Debug\AS76.o
                0x00001c6c                run_pumpvs
 *fill*         0x00001cec        0x4 
 .text.GsV2     0x00001cf0       0xc4 .\CortexM3\ARM_GCC_541\Debug\AS76.o
                0x00001cf0                GsV2
 *fill*         0x00001db4        0x4 
 .text.GsV2_1   0x00001db8      0x210 .\CortexM3\ARM_GCC_541\Debug\AS76.o
                0x00001db8                GsV2_1
 .text.GsV2_2   0x00001fc8      0x1c8 .\CortexM3\ARM_GCC_541\Debug\AS76.o
                0x00001fc8                GsV2_2
 .text.GsV2_LR  0x00002190      0x2b4 .\CortexM3\ARM_GCC_541\Debug\AS76.o
                0x00002190                GsV2_LR
 .text.flash    0x00002444       0x48 .\CortexM3\ARM_GCC_541\Debug\AS76.o
                0x00002444                flash
 *fill*         0x0000248c        0x4 
 .text.Process_USB_Data
                0x00002490     0x1398 .\CortexM3\ARM_GCC_541\Debug\AS76.o
                0x00002490                Process_USB_Data
 .text.CyClockStartupError
                0x00003828        0x4 .\CortexM3\ARM_GCC_541\Debug\cyfitter_cfg.o
 .text.cfg_write_bytes32
                0x0000382c       0x34 .\CortexM3\ARM_GCC_541\Debug\cyfitter_cfg.o
 .text.AnalogSetDefault
                0x00003860       0x28 .\CortexM3\ARM_GCC_541\Debug\cyfitter_cfg.o
 .text.CYMEMZERO
                0x00003888        0xc .\CortexM3\ARM_GCC_541\Debug\cyfitter_cfg.o
 .text.CYCONFIGCPYCODE
                0x00003894        0x8 .\CortexM3\ARM_GCC_541\Debug\cyfitter_cfg.o
 .text.CYCONFIGCPY
                0x0000389c        0x8 .\CortexM3\ARM_GCC_541\Debug\cyfitter_cfg.o
 .text.ClockSetup
                0x000038a4       0xe8 .\CortexM3\ARM_GCC_541\Debug\cyfitter_cfg.o
 .text.cyfitter_cfg
                0x0000398c      0x168 .\CortexM3\ARM_GCC_541\Debug\cyfitter_cfg.o
                0x0000398c                cyfitter_cfg
 .text.IntDefaultHandler
                0x00003af4       0x10 .\CortexM3\ARM_GCC_541\Debug\Cm3Start.o
                0x00003af4                IntDefaultHandler
 .text._sbrk    0x00003b04       0x30 .\CortexM3\ARM_GCC_541\Debug\Cm3Start.o
                0x00003b04                _sbrk
 .text.Start_c  0x00003b34       0x4c .\CortexM3\ARM_GCC_541\Debug\Cm3Start.o
                0x00003b34                Start_c
 .text.initialize_psoc
                0x00003b80       0x68 .\CortexM3\ARM_GCC_541\Debug\Cm3Start.o
                0x00003b80                initialize_psoc
 .text.Pin_CSMotorX_Write
                0x00003be8       0x18 .\CortexM3\ARM_GCC_541\Debug\Half_Skeleton_V2_T1.a(Pin_CSMotorX.o)
                0x00003be8                Pin_CSMotorX_Write
 .text.Pin_CSMotorY_Write
                0x00003c00       0x18 .\CortexM3\ARM_GCC_541\Debug\Half_Skeleton_V2_T1.a(Pin_CSMotorY.o)
                0x00003c00                Pin_CSMotorY_Write
 .text.Pin_CSMotorZ_Write
                0x00003c18       0x18 .\CortexM3\ARM_GCC_541\Debug\Half_Skeleton_V2_T1.a(Pin_CSMotorZ.o)
                0x00003c18                Pin_CSMotorZ_Write
 .text.SPIM_EnableTxInt
                0x00003c30        0xc .\CortexM3\ARM_GCC_541\Debug\Half_Skeleton_V2_T1.a(SPIM.o)
                0x00003c30                SPIM_EnableTxInt
 .text.SPIM_EnableRxInt
                0x00003c3c        0xc .\CortexM3\ARM_GCC_541\Debug\Half_Skeleton_V2_T1.a(SPIM.o)
                0x00003c3c                SPIM_EnableRxInt
 .text.SPIM_Enable
                0x00003c48       0x3c .\CortexM3\ARM_GCC_541\Debug\Half_Skeleton_V2_T1.a(SPIM.o)
                0x00003c48                SPIM_Enable
 .text.SPIM_DisableTxInt
                0x00003c84        0xc .\CortexM3\ARM_GCC_541\Debug\Half_Skeleton_V2_T1.a(SPIM.o)
                0x00003c84                SPIM_DisableTxInt
 .text.SPIM_DisableRxInt
                0x00003c90        0xc .\CortexM3\ARM_GCC_541\Debug\Half_Skeleton_V2_T1.a(SPIM.o)
                0x00003c90                SPIM_DisableRxInt
 .text.SPIM_ReadTxStatus
                0x00003c9c       0x28 .\CortexM3\ARM_GCC_541\Debug\Half_Skeleton_V2_T1.a(SPIM.o)
                0x00003c9c                SPIM_ReadTxStatus
 .text.SPIM_ReadRxStatus
                0x00003cc4       0x28 .\CortexM3\ARM_GCC_541\Debug\Half_Skeleton_V2_T1.a(SPIM.o)
                0x00003cc4                SPIM_ReadRxStatus
 .text.SPIM_WriteTxData
                0x00003cec       0xd4 .\CortexM3\ARM_GCC_541\Debug\Half_Skeleton_V2_T1.a(SPIM.o)
                0x00003cec                SPIM_WriteTxData
 .text.SPIM_ReadRxData
                0x00003dc0       0x64 .\CortexM3\ARM_GCC_541\Debug\Half_Skeleton_V2_T1.a(SPIM.o)
                0x00003dc0                SPIM_ReadRxData
 .text.SPIM_ClearFIFO
                0x00003e24       0x3c .\CortexM3\ARM_GCC_541\Debug\Half_Skeleton_V2_T1.a(SPIM.o)
                0x00003e24                SPIM_ClearFIFO
 .text.SPIM_Init
                0x00003e60       0x90 .\CortexM3\ARM_GCC_541\Debug\Half_Skeleton_V2_T1.a(SPIM.o)
                0x00003e60                SPIM_Init
 .text.SPIM_Start
                0x00003ef0       0x1c .\CortexM3\ARM_GCC_541\Debug\Half_Skeleton_V2_T1.a(SPIM.o)
                0x00003ef0                SPIM_Start
 .text.SPIM_TX_ISR
                0x00003f0c       0xa0 .\CortexM3\ARM_GCC_541\Debug\Half_Skeleton_V2_T1.a(SPIM_INT.o)
                0x00003f0c                SPIM_TX_ISR
 .text.SPIM_RX_ISR
                0x00003fac       0xa0 .\CortexM3\ARM_GCC_541\Debug\Half_Skeleton_V2_T1.a(SPIM_INT.o)
                0x00003fac                SPIM_RX_ISR
 .text.CyHalt   0x0000404c        0x4 .\CortexM3\ARM_GCC_541\Debug\Half_Skeleton_V2_T1.a(CyLib.o)
                0x0000404c                CyHalt
 .text.CySoftwareReset
                0x00004050       0x10 .\CortexM3\ARM_GCC_541\Debug\Half_Skeleton_V2_T1.a(CyLib.o)
                0x00004050                CySoftwareReset
 .text.CyDelay  0x00004060       0x2c .\CortexM3\ARM_GCC_541\Debug\Half_Skeleton_V2_T1.a(CyLib.o)
                0x00004060                CyDelay
 .text.CyDelayUs
                0x0000408c       0x14 .\CortexM3\ARM_GCC_541\Debug\Half_Skeleton_V2_T1.a(CyLib.o)
                0x0000408c                CyDelayUs
 .text.CyIntSetVector
                0x000040a0       0x28 .\CortexM3\ARM_GCC_541\Debug\Half_Skeleton_V2_T1.a(CyLib.o)
                0x000040a0                CyIntSetVector
 .text.CyIntSetPriority
                0x000040c8       0x30 .\CortexM3\ARM_GCC_541\Debug\Half_Skeleton_V2_T1.a(CyLib.o)
                0x000040c8                CyIntSetPriority
 .text.CyGetUniqueId
                0x000040f8       0x70 .\CortexM3\ARM_GCC_541\Debug\Half_Skeleton_V2_T1.a(CyLib.o)
                0x000040f8                CyGetUniqueId
 .text.USB_Init
                0x00004168      0x140 .\CortexM3\ARM_GCC_541\Debug\Half_Skeleton_V2_T1.a(USB.o)
                0x00004168                USB_Init
 .text.USB_InitComponent
                0x000042a8       0xd0 .\CortexM3\ARM_GCC_541\Debug\Half_Skeleton_V2_T1.a(USB.o)
                0x000042a8                USB_InitComponent
 .text.USB_Start
                0x00004378       0x24 .\CortexM3\ARM_GCC_541\Debug\Half_Skeleton_V2_T1.a(USB.o)
                0x00004378                USB_Start
 .text.USB_ReInitComponent
                0x0000439c       0x64 .\CortexM3\ARM_GCC_541\Debug\Half_Skeleton_V2_T1.a(USB.o)
                0x0000439c                USB_ReInitComponent
 .text.USB_GetConfiguration
                0x00004400        0xc .\CortexM3\ARM_GCC_541\Debug\Half_Skeleton_V2_T1.a(USB.o)
                0x00004400                USB_GetConfiguration
 .text.USB_IsConfigurationChanged
                0x0000440c       0x20 .\CortexM3\ARM_GCC_541\Debug\Half_Skeleton_V2_T1.a(USB.o)
                0x0000440c                USB_IsConfigurationChanged
 .text.USB_GetEPState
                0x0000442c       0x14 .\CortexM3\ARM_GCC_541\Debug\Half_Skeleton_V2_T1.a(USB.o)
                0x0000442c                USB_GetEPState
 .text.USB_GetEPCount
                0x00004440       0x28 .\CortexM3\ARM_GCC_541\Debug\Half_Skeleton_V2_T1.a(USB.o)
                0x00004440                USB_GetEPCount
 .text.USB_LoadInEP
                0x00004468       0x94 .\CortexM3\ARM_GCC_541\Debug\Half_Skeleton_V2_T1.a(USB.o)
                0x00004468                USB_LoadInEP
 .text.USB_EnableOutEP
                0x000044fc       0x2c .\CortexM3\ARM_GCC_541\Debug\Half_Skeleton_V2_T1.a(USB.o)
                0x000044fc                USB_EnableOutEP
 .text.USB_ReadOutEP
                0x00004528       0x50 .\CortexM3\ARM_GCC_541\Debug\Half_Skeleton_V2_T1.a(USB.o)
                0x00004528                USB_ReadOutEP
 .text.USB_EnableSofInt
                0x00004578       0x10 .\CortexM3\ARM_GCC_541\Debug\Half_Skeleton_V2_T1.a(USB.o)
                0x00004578                USB_EnableSofInt
 .text.USB_GetInterfaceComPort
                0x00004588       0x38 .\CortexM3\ARM_GCC_541\Debug\Half_Skeleton_V2_T1.a(USB_cdc.o)
                0x00004588                USB_GetInterfaceComPort
 .text.USB_DispatchCDCClassRqst
                0x000045c0       0x98 .\CortexM3\ARM_GCC_541\Debug\Half_Skeleton_V2_T1.a(USB_cdc.o)
                0x000045c0                USB_DispatchCDCClassRqst
 .text.USB_CDC_Init
                0x00004658       0x98 .\CortexM3\ARM_GCC_541\Debug\Half_Skeleton_V2_T1.a(USB_cdc.o)
                0x00004658                USB_CDC_Init
 .text.USB_PutData
                0x000046f0       0x50 .\CortexM3\ARM_GCC_541\Debug\Half_Skeleton_V2_T1.a(USB_cdc.o)
                0x000046f0                USB_PutData
 .text.USB_DataIsReady
                0x00004740       0x18 .\CortexM3\ARM_GCC_541\Debug\Half_Skeleton_V2_T1.a(USB_cdc.o)
                0x00004740                USB_DataIsReady
 .text.USB_GetAll
                0x00004758       0x30 .\CortexM3\ARM_GCC_541\Debug\Half_Skeleton_V2_T1.a(USB_cdc.o)
                0x00004758                USB_GetAll
 .text.USB_Cdc_EpInit
                0x00004788       0x50 .\CortexM3\ARM_GCC_541\Debug\Half_Skeleton_V2_T1.a(USB_cdc.o)
                0x00004788                USB_Cdc_EpInit
 .text.USB_LoadEP0
                0x000047d8       0x98 .\CortexM3\ARM_GCC_541\Debug\Half_Skeleton_V2_T1.a(USB_drv.o)
                0x000047d8                USB_LoadEP0
 .text.USB_InitZeroLengthControlTransfer
                0x00004870       0x34 .\CortexM3\ARM_GCC_541\Debug\Half_Skeleton_V2_T1.a(USB_drv.o)
                0x00004870                USB_InitZeroLengthControlTransfer
 .text.USB_ControlReadDataStage
                0x000048a4        0x8 .\CortexM3\ARM_GCC_541\Debug\Half_Skeleton_V2_T1.a(USB_drv.o)
                0x000048a4                USB_ControlReadDataStage
 .text.USB_ControlWriteDataStage
                0x000048ac       0x84 .\CortexM3\ARM_GCC_541\Debug\Half_Skeleton_V2_T1.a(USB_drv.o)
                0x000048ac                USB_ControlWriteDataStage
 .text.USB_InitNoDataControlTransfer
                0x00004930       0x2c .\CortexM3\ARM_GCC_541\Debug\Half_Skeleton_V2_T1.a(USB_drv.o)
                0x00004930                USB_InitNoDataControlTransfer
 .text.USB_UpdateStatusBlock
                0x0000495c       0x24 .\CortexM3\ARM_GCC_541\Debug\Half_Skeleton_V2_T1.a(USB_drv.o)
                0x0000495c                USB_UpdateStatusBlock
 .text.USB_HandleSetup
                0x00004980       0x5c .\CortexM3\ARM_GCC_541\Debug\Half_Skeleton_V2_T1.a(USB_drv.o)
                0x00004980                USB_HandleSetup
 .text.USB_ControlReadStatusStage
                0x000049dc       0x38 .\CortexM3\ARM_GCC_541\Debug\Half_Skeleton_V2_T1.a(USB_drv.o)
                0x000049dc                USB_ControlReadStatusStage
 .text.USB_HandleOUT
                0x00004a14       0x38 .\CortexM3\ARM_GCC_541\Debug\Half_Skeleton_V2_T1.a(USB_drv.o)
                0x00004a14                USB_HandleOUT
 .text.USB_ControlWriteStatusStage
                0x00004a4c       0x20 .\CortexM3\ARM_GCC_541\Debug\Half_Skeleton_V2_T1.a(USB_drv.o)
                0x00004a4c                USB_ControlWriteStatusStage
 .text.USB_NoDataControlStatusStage
                0x00004a6c       0x40 .\CortexM3\ARM_GCC_541\Debug\Half_Skeleton_V2_T1.a(USB_drv.o)
                0x00004a6c                USB_NoDataControlStatusStage
 .text.USB_HandleIN
                0x00004aac       0x2c .\CortexM3\ARM_GCC_541\Debug\Half_Skeleton_V2_T1.a(USB_drv.o)
                0x00004aac                USB_HandleIN
 .text.USB_EP_0_ISR
                0x00004ad8       0xb8 .\CortexM3\ARM_GCC_541\Debug\Half_Skeleton_V2_T1.a(USB_drv.o)
                0x00004ad8                USB_EP_0_ISR
 .text.USB_InitializeStatusBlock
                0x00004b90       0x24 .\CortexM3\ARM_GCC_541\Debug\Half_Skeleton_V2_T1.a(USB_drv.o)
                0x00004b90                USB_InitializeStatusBlock
 .text.USB_InitControlRead
                0x00004bb4       0x50 .\CortexM3\ARM_GCC_541\Debug\Half_Skeleton_V2_T1.a(USB_drv.o)
                0x00004bb4                USB_InitControlRead
 .text.USB_InitControlWrite
                0x00004c04       0x48 .\CortexM3\ARM_GCC_541\Debug\Half_Skeleton_V2_T1.a(USB_drv.o)
                0x00004c04                USB_InitControlWrite
 .text.USB_EP_1_ISR
                0x00004c4c       0x30 .\CortexM3\ARM_GCC_541\Debug\Half_Skeleton_V2_T1.a(USB_episr.o)
                0x00004c4c                USB_EP_1_ISR
 .text.USB_EP_2_ISR
                0x00004c7c       0x34 .\CortexM3\ARM_GCC_541\Debug\Half_Skeleton_V2_T1.a(USB_episr.o)
                0x00004c7c                USB_EP_2_ISR
 .text.USB_EP_3_ISR
                0x00004cb0       0x3c .\CortexM3\ARM_GCC_541\Debug\Half_Skeleton_V2_T1.a(USB_episr.o)
                0x00004cb0                USB_EP_3_ISR
 .text.USB_SOF_ISR
                0x00004cec        0x4 .\CortexM3\ARM_GCC_541\Debug\Half_Skeleton_V2_T1.a(USB_episr.o)
                0x00004cec                USB_SOF_ISR
 .text.USB_BUS_RESET_ISR
                0x00004cf0        0x8 .\CortexM3\ARM_GCC_541\Debug\Half_Skeleton_V2_T1.a(USB_episr.o)
                0x00004cf0                USB_BUS_RESET_ISR
 .text.USB_FindHidClassDecriptor
                0x00004cf8       0x44 .\CortexM3\ARM_GCC_541\Debug\Half_Skeleton_V2_T1.a(USB_hid.o)
                0x00004cf8                USB_FindHidClassDecriptor
 .text.USB_FindReportDescriptor
                0x00004d3c       0x4c .\CortexM3\ARM_GCC_541\Debug\Half_Skeleton_V2_T1.a(USB_hid.o)
                0x00004d3c                USB_FindReportDescriptor
 .text.USB_FindReport
                0x00004d88       0x80 .\CortexM3\ARM_GCC_541\Debug\Half_Skeleton_V2_T1.a(USB_hid.o)
                0x00004d88                USB_FindReport
 .text.USB_DispatchHIDClassRqst
                0x00004e08      0x184 .\CortexM3\ARM_GCC_541\Debug\Half_Skeleton_V2_T1.a(USB_hid.o)
                0x00004e08                USB_DispatchHIDClassRqst
 .text.USB_DP_ISR
                0x00004f8c        0x8 .\CortexM3\ARM_GCC_541\Debug\Half_Skeleton_V2_T1.a(USB_pm.o)
                0x00004f8c                USB_DP_ISR
 .text.USB_ReadDieID
                0x00004f94       0x6c .\CortexM3\ARM_GCC_541\Debug\Half_Skeleton_V2_T1.a(USB_std.o)
                0x00004f94                USB_ReadDieID
 .text.USB_ConfigReg
                0x00005000       0xa4 .\CortexM3\ARM_GCC_541\Debug\Half_Skeleton_V2_T1.a(USB_std.o)
                0x00005000                USB_ConfigReg
 .text.USB_GetConfigTablePtr
                0x000050a4       0x28 .\CortexM3\ARM_GCC_541\Debug\Half_Skeleton_V2_T1.a(USB_std.o)
                0x000050a4                USB_GetConfigTablePtr
 .text.USB_ConfigAltChanged
                0x000050cc      0x11c .\CortexM3\ARM_GCC_541\Debug\Half_Skeleton_V2_T1.a(USB_std.o)
                0x000050cc                USB_ConfigAltChanged
 .text.USB_GetDeviceTablePtr
                0x000051e8       0x18 .\CortexM3\ARM_GCC_541\Debug\Half_Skeleton_V2_T1.a(USB_std.o)
                0x000051e8                USB_GetDeviceTablePtr
 .text.USB_GetInterfaceClassTablePtr
                0x00005200       0x28 .\CortexM3\ARM_GCC_541\Debug\Half_Skeleton_V2_T1.a(USB_std.o)
                0x00005200                USB_GetInterfaceClassTablePtr
 .text.USB_Config
                0x00005228      0x1ec .\CortexM3\ARM_GCC_541\Debug\Half_Skeleton_V2_T1.a(USB_std.o)
                0x00005228                USB_Config
 .text.USB_SetEndpointHalt
                0x00005414       0x64 .\CortexM3\ARM_GCC_541\Debug\Half_Skeleton_V2_T1.a(USB_std.o)
                0x00005414                USB_SetEndpointHalt
 .text.USB_ClearEndpointHalt
                0x00005478       0xac .\CortexM3\ARM_GCC_541\Debug\Half_Skeleton_V2_T1.a(USB_std.o)
                0x00005478                USB_ClearEndpointHalt
 .text.USB_ValidateAlternateSetting
                0x00005524       0x4c .\CortexM3\ARM_GCC_541\Debug\Half_Skeleton_V2_T1.a(USB_std.o)
                0x00005524                USB_ValidateAlternateSetting
 .text.USB_HandleStandardRqst
                0x00005570      0x35c .\CortexM3\ARM_GCC_541\Debug\Half_Skeleton_V2_T1.a(USB_std.o)
                0x00005570                USB_HandleStandardRqst
 .text.USB_HandleVendorRqst
                0x000058cc       0x3c .\CortexM3\ARM_GCC_541\Debug\Half_Skeleton_V2_T1.a(USB_vnd.o)
                0x000058cc                USB_HandleVendorRqst
 .text.USB_Dp_ClearInterrupt
                0x00005908       0x10 .\CortexM3\ARM_GCC_541\Debug\Half_Skeleton_V2_T1.a(USB_Dp.o)
                0x00005908                USB_Dp_ClearInterrupt
 .text.PWM_CondenserLED_Enable
                0x00005918       0x28 .\CortexM3\ARM_GCC_541\Debug\Half_Skeleton_V2_T1.a(PWM_CondenserLED.o)
                0x00005918                PWM_CondenserLED_Enable
 .text.PWM_CondenserLED_WritePeriod
                0x00005940        0xc .\CortexM3\ARM_GCC_541\Debug\Half_Skeleton_V2_T1.a(PWM_CondenserLED.o)
                0x00005940                PWM_CondenserLED_WritePeriod
 .text.PWM_CondenserLED_WriteCompare
                0x0000594c        0xc .\CortexM3\ARM_GCC_541\Debug\Half_Skeleton_V2_T1.a(PWM_CondenserLED.o)
                0x0000594c                PWM_CondenserLED_WriteCompare
 .text.PWM_CondenserLED_SetInterruptMode
                0x00005958        0xc .\CortexM3\ARM_GCC_541\Debug\Half_Skeleton_V2_T1.a(PWM_CondenserLED.o)
                0x00005958                PWM_CondenserLED_SetInterruptMode
 .text.PWM_CondenserLED_Init
                0x00005964       0x74 .\CortexM3\ARM_GCC_541\Debug\Half_Skeleton_V2_T1.a(PWM_CondenserLED.o)
                0x00005964                PWM_CondenserLED_Init
 .text.PWM_CondenserLED_Start
                0x000059d8       0x1c .\CortexM3\ARM_GCC_541\Debug\Half_Skeleton_V2_T1.a(PWM_CondenserLED.o)
                0x000059d8                PWM_CondenserLED_Start
 .text.SPIM_IntClock_Start
                0x000059f4       0x1c .\CortexM3\ARM_GCC_541\Debug\Half_Skeleton_V2_T1.a(SPIM_IntClock.o)
                0x000059f4                SPIM_IntClock_Start
 .text.QuadDec_X_Init
                0x00005a10       0x24 .\CortexM3\ARM_GCC_541\Debug\Half_Skeleton_V2_T1.a(QuadDec_X.o)
                0x00005a10                QuadDec_X_Init
 .text.QuadDec_X_GetCounter
                0x00005a34       0x2c .\CortexM3\ARM_GCC_541\Debug\Half_Skeleton_V2_T1.a(QuadDec_X.o)
                0x00005a34                QuadDec_X_GetCounter
 .text.QuadDec_X_SetCounter
                0x00005a60       0x28 .\CortexM3\ARM_GCC_541\Debug\Half_Skeleton_V2_T1.a(QuadDec_X.o)
                0x00005a60                QuadDec_X_SetCounter
 .text.QuadDec_X_GetEvents
                0x00005a88       0x10 .\CortexM3\ARM_GCC_541\Debug\Half_Skeleton_V2_T1.a(QuadDec_X.o)
                0x00005a88                QuadDec_X_GetEvents
 .text.QuadDec_X_SetInterruptMask
                0x00005a98       0x10 .\CortexM3\ARM_GCC_541\Debug\Half_Skeleton_V2_T1.a(QuadDec_X.o)
                0x00005a98                QuadDec_X_SetInterruptMask
 .text.QuadDec_X_Enable
                0x00005aa8       0x30 .\CortexM3\ARM_GCC_541\Debug\Half_Skeleton_V2_T1.a(QuadDec_X.o)
                0x00005aa8                QuadDec_X_Enable
 .text.QuadDec_X_Start
                0x00005ad8       0x34 .\CortexM3\ARM_GCC_541\Debug\Half_Skeleton_V2_T1.a(QuadDec_X.o)
                0x00005ad8                QuadDec_X_Start
 .text.QuadDec_X_ISR
                0x00005b0c       0x40 .\CortexM3\ARM_GCC_541\Debug\Half_Skeleton_V2_T1.a(QuadDec_X_INT.o)
                0x00005b0c                QuadDec_X_ISR
 .text.QuadDec_X_Cnt16_Enable
                0x00005b4c       0x10 .\CortexM3\ARM_GCC_541\Debug\Half_Skeleton_V2_T1.a(QuadDec_X_Cnt16.o)
                0x00005b4c                QuadDec_X_Cnt16_Enable
 .text.QuadDec_X_Cnt16_SetInterruptMode
                0x00005b5c        0xc .\CortexM3\ARM_GCC_541\Debug\Half_Skeleton_V2_T1.a(QuadDec_X_Cnt16.o)
                0x00005b5c                QuadDec_X_Cnt16_SetInterruptMode
 .text.QuadDec_X_Cnt16_ReadStatusRegister
                0x00005b68        0xc .\CortexM3\ARM_GCC_541\Debug\Half_Skeleton_V2_T1.a(QuadDec_X_Cnt16.o)
                0x00005b68                QuadDec_X_Cnt16_ReadStatusRegister
 .text.QuadDec_X_Cnt16_WriteCounter
                0x00005b74        0xc .\CortexM3\ARM_GCC_541\Debug\Half_Skeleton_V2_T1.a(QuadDec_X_Cnt16.o)
                0x00005b74                QuadDec_X_Cnt16_WriteCounter
 .text.QuadDec_X_Cnt16_ReadCounter
                0x00005b80       0x14 .\CortexM3\ARM_GCC_541\Debug\Half_Skeleton_V2_T1.a(QuadDec_X_Cnt16.o)
                0x00005b80                QuadDec_X_Cnt16_ReadCounter
 .text.QuadDec_X_Cnt16_ReadCapture
                0x00005b94        0xc .\CortexM3\ARM_GCC_541\Debug\Half_Skeleton_V2_T1.a(QuadDec_X_Cnt16.o)
                0x00005b94                QuadDec_X_Cnt16_ReadCapture
 .text.QuadDec_X_Cnt16_WritePeriod
                0x00005ba0        0xc .\CortexM3\ARM_GCC_541\Debug\Half_Skeleton_V2_T1.a(QuadDec_X_Cnt16.o)
                0x00005ba0                QuadDec_X_Cnt16_WritePeriod
 .text.QuadDec_X_Cnt16_WriteCompare
                0x00005bac        0xc .\CortexM3\ARM_GCC_541\Debug\Half_Skeleton_V2_T1.a(QuadDec_X_Cnt16.o)
                0x00005bac                QuadDec_X_Cnt16_WriteCompare
 .text.QuadDec_X_Cnt16_ClearFIFO
                0x00005bb8       0x14 .\CortexM3\ARM_GCC_541\Debug\Half_Skeleton_V2_T1.a(QuadDec_X_Cnt16.o)
                0x00005bb8                QuadDec_X_Cnt16_ClearFIFO
 .text.QuadDec_X_Cnt16_Init
                0x00005bcc       0x58 .\CortexM3\ARM_GCC_541\Debug\Half_Skeleton_V2_T1.a(QuadDec_X_Cnt16.o)
                0x00005bcc                QuadDec_X_Cnt16_Init
 .text.QuadDec_X_Cnt16_Start
                0x00005c24       0x1c .\CortexM3\ARM_GCC_541\Debug\Half_Skeleton_V2_T1.a(QuadDec_X_Cnt16.o)
                0x00005c24                QuadDec_X_Cnt16_Start
 .text.UART_PCB_LOG_Init
                0x00005c40       0x44 .\CortexM3\ARM_GCC_541\Debug\Half_Skeleton_V2_T1.a(UART_PCB_LOG.o)
                0x00005c40                UART_PCB_LOG_Init
 .text.UART_PCB_LOG_Enable
                0x00005c84       0x48 .\CortexM3\ARM_GCC_541\Debug\Half_Skeleton_V2_T1.a(UART_PCB_LOG.o)
                0x00005c84                UART_PCB_LOG_Enable
 .text.UART_PCB_LOG_Start
                0x00005ccc       0x1c .\CortexM3\ARM_GCC_541\Debug\Half_Skeleton_V2_T1.a(UART_PCB_LOG.o)
                0x00005ccc                UART_PCB_LOG_Start
 .text.UART_PCB_LOG_PutChar
                0x00005ce8       0x18 .\CortexM3\ARM_GCC_541\Debug\Half_Skeleton_V2_T1.a(UART_PCB_LOG.o)
                0x00005ce8                UART_PCB_LOG_PutChar
 .text.UART_PCB_LOG_PutString
                0x00005d00       0x24 .\CortexM3\ARM_GCC_541\Debug\Half_Skeleton_V2_T1.a(UART_PCB_LOG.o)
                0x00005d00                UART_PCB_LOG_PutString
 .text.UART_PCB_LOG_RXISR
                0x00005d24       0x98 .\CortexM3\ARM_GCC_541\Debug\Half_Skeleton_V2_T1.a(UART_PCB_LOG_INT.o)
                0x00005d24                UART_PCB_LOG_RXISR
 .text.UART_PCB_LOG_IntClock_Start
                0x00005dbc       0x1c .\CortexM3\ARM_GCC_541\Debug\Half_Skeleton_V2_T1.a(UART_PCB_LOG_IntClock.o)
                0x00005dbc                UART_PCB_LOG_IntClock_Start
 .text.Pin_Backlight_Write
                0x00005dd8       0x18 .\CortexM3\ARM_GCC_541\Debug\Half_Skeleton_V2_T1.a(Pin_Backlight.o)
                0x00005dd8                Pin_Backlight_Write
 .text.LED2_Write
                0x00005df0       0x18 .\CortexM3\ARM_GCC_541\Debug\Half_Skeleton_V2_T1.a(LED2.o)
                0x00005df0                LED2_Write
 .text.Pin_CSMotorO_Write
                0x00005e08       0x18 .\CortexM3\ARM_GCC_541\Debug\Half_Skeleton_V2_T1.a(Pin_CSMotorO.o)
                0x00005e08                Pin_CSMotorO_Write
 .text.Pin_CSMotorT_Write
                0x00005e20       0x18 .\CortexM3\ARM_GCC_541\Debug\Half_Skeleton_V2_T1.a(Pin_CSMotorT.o)
                0x00005e20                Pin_CSMotorT_Write
 .text.QuadDec_TZ_Init
                0x00005e38       0x24 .\CortexM3\ARM_GCC_541\Debug\Half_Skeleton_V2_T1.a(QuadDec_TZ.o)
                0x00005e38                QuadDec_TZ_Init
 .text.QuadDec_TZ_GetCounter
                0x00005e5c       0x2c .\CortexM3\ARM_GCC_541\Debug\Half_Skeleton_V2_T1.a(QuadDec_TZ.o)
                0x00005e5c                QuadDec_TZ_GetCounter
 .text.QuadDec_TZ_SetCounter
                0x00005e88       0x28 .\CortexM3\ARM_GCC_541\Debug\Half_Skeleton_V2_T1.a(QuadDec_TZ.o)
                0x00005e88                QuadDec_TZ_SetCounter
 .text.QuadDec_TZ_GetEvents
                0x00005eb0       0x10 .\CortexM3\ARM_GCC_541\Debug\Half_Skeleton_V2_T1.a(QuadDec_TZ.o)
                0x00005eb0                QuadDec_TZ_GetEvents
 .text.QuadDec_TZ_SetInterruptMask
                0x00005ec0       0x10 .\CortexM3\ARM_GCC_541\Debug\Half_Skeleton_V2_T1.a(QuadDec_TZ.o)
                0x00005ec0                QuadDec_TZ_SetInterruptMask
 .text.QuadDec_TZ_Enable
                0x00005ed0       0x30 .\CortexM3\ARM_GCC_541\Debug\Half_Skeleton_V2_T1.a(QuadDec_TZ.o)
                0x00005ed0                QuadDec_TZ_Enable
 .text.QuadDec_TZ_Start
                0x00005f00       0x34 .\CortexM3\ARM_GCC_541\Debug\Half_Skeleton_V2_T1.a(QuadDec_TZ.o)
                0x00005f00                QuadDec_TZ_Start
 .text.QuadDec_TZ_ISR
                0x00005f34       0x40 .\CortexM3\ARM_GCC_541\Debug\Half_Skeleton_V2_T1.a(QuadDec_TZ_INT.o)
                0x00005f34                QuadDec_TZ_ISR
 .text.PWM_Buzzer_Enable
                0x00005f74       0x28 .\CortexM3\ARM_GCC_541\Debug\Half_Skeleton_V2_T1.a(PWM_Buzzer.o)
                0x00005f74                PWM_Buzzer_Enable
 .text.PWM_Buzzer_WritePeriod
                0x00005f9c        0xc .\CortexM3\ARM_GCC_541\Debug\Half_Skeleton_V2_T1.a(PWM_Buzzer.o)
                0x00005f9c                PWM_Buzzer_WritePeriod
 .text.PWM_Buzzer_WriteCompare
                0x00005fa8        0xc .\CortexM3\ARM_GCC_541\Debug\Half_Skeleton_V2_T1.a(PWM_Buzzer.o)
                0x00005fa8                PWM_Buzzer_WriteCompare
 .text.PWM_Buzzer_SetInterruptMode
                0x00005fb4        0xc .\CortexM3\ARM_GCC_541\Debug\Half_Skeleton_V2_T1.a(PWM_Buzzer.o)
                0x00005fb4                PWM_Buzzer_SetInterruptMode
 .text.PWM_Buzzer_Init
                0x00005fc0       0x74 .\CortexM3\ARM_GCC_541\Debug\Half_Skeleton_V2_T1.a(PWM_Buzzer.o)
                0x00005fc0                PWM_Buzzer_Init
 .text.PWM_Buzzer_Start
                0x00006034       0x1c .\CortexM3\ARM_GCC_541\Debug\Half_Skeleton_V2_T1.a(PWM_Buzzer.o)
                0x00006034                PWM_Buzzer_Start
 .text.QuadDec_Y_Init
                0x00006050       0x24 .\CortexM3\ARM_GCC_541\Debug\Half_Skeleton_V2_T1.a(QuadDec_Y.o)
                0x00006050                QuadDec_Y_Init
 .text.QuadDec_Y_GetCounter
                0x00006074       0x2c .\CortexM3\ARM_GCC_541\Debug\Half_Skeleton_V2_T1.a(QuadDec_Y.o)
                0x00006074                QuadDec_Y_GetCounter
 .text.QuadDec_Y_SetCounter
                0x000060a0       0x28 .\CortexM3\ARM_GCC_541\Debug\Half_Skeleton_V2_T1.a(QuadDec_Y.o)
                0x000060a0                QuadDec_Y_SetCounter
 .text.QuadDec_Y_GetEvents
                0x000060c8       0x10 .\CortexM3\ARM_GCC_541\Debug\Half_Skeleton_V2_T1.a(QuadDec_Y.o)
                0x000060c8                QuadDec_Y_GetEvents
 .text.QuadDec_Y_SetInterruptMask
                0x000060d8       0x10 .\CortexM3\ARM_GCC_541\Debug\Half_Skeleton_V2_T1.a(QuadDec_Y.o)
                0x000060d8                QuadDec_Y_SetInterruptMask
 .text.QuadDec_Y_Enable
                0x000060e8       0x30 .\CortexM3\ARM_GCC_541\Debug\Half_Skeleton_V2_T1.a(QuadDec_Y.o)
                0x000060e8                QuadDec_Y_Enable
 .text.QuadDec_Y_Start
                0x00006118       0x34 .\CortexM3\ARM_GCC_541\Debug\Half_Skeleton_V2_T1.a(QuadDec_Y.o)
                0x00006118                QuadDec_Y_Start
 .text.QuadDec_Y_ISR
                0x0000614c       0x40 .\CortexM3\ARM_GCC_541\Debug\Half_Skeleton_V2_T1.a(QuadDec_Y_INT.o)
                0x0000614c                QuadDec_Y_ISR
 .text.PWM_BarcodeCondenser_LED_Enable
                0x0000618c       0x28 .\CortexM3\ARM_GCC_541\Debug\Half_Skeleton_V2_T1.a(PWM_BarcodeCondenser_LED.o)
                0x0000618c                PWM_BarcodeCondenser_LED_Enable
 .text.PWM_BarcodeCondenser_LED_WritePeriod
                0x000061b4        0xc .\CortexM3\ARM_GCC_541\Debug\Half_Skeleton_V2_T1.a(PWM_BarcodeCondenser_LED.o)
                0x000061b4                PWM_BarcodeCondenser_LED_WritePeriod
 .text.PWM_BarcodeCondenser_LED_WriteCompare
                0x000061c0        0xc .\CortexM3\ARM_GCC_541\Debug\Half_Skeleton_V2_T1.a(PWM_BarcodeCondenser_LED.o)
                0x000061c0                PWM_BarcodeCondenser_LED_WriteCompare
 .text.PWM_BarcodeCondenser_LED_SetInterruptMode
                0x000061cc        0xc .\CortexM3\ARM_GCC_541\Debug\Half_Skeleton_V2_T1.a(PWM_BarcodeCondenser_LED.o)
                0x000061cc                PWM_BarcodeCondenser_LED_SetInterruptMode
 .text.PWM_BarcodeCondenser_LED_Init
                0x000061d8       0x74 .\CortexM3\ARM_GCC_541\Debug\Half_Skeleton_V2_T1.a(PWM_BarcodeCondenser_LED.o)
                0x000061d8                PWM_BarcodeCondenser_LED_Init
 .text.PWM_BarcodeCondenser_LED_Start
                0x0000624c       0x1c .\CortexM3\ARM_GCC_541\Debug\Half_Skeleton_V2_T1.a(PWM_BarcodeCondenser_LED.o)
                0x0000624c                PWM_BarcodeCondenser_LED_Start
 .text.LED3_Write
                0x00006268       0x18 .\CortexM3\ARM_GCC_541\Debug\Half_Skeleton_V2_T1.a(LED3.o)
                0x00006268                LED3_Write
 .text.Encoder_T_Z_Select_Write
                0x00006280        0xc .\CortexM3\ARM_GCC_541\Debug\Half_Skeleton_V2_T1.a(Encoder_T_Z_Select.o)
                0x00006280                Encoder_T_Z_Select_Write
 .text.TMC5160_MotorX_EN_Write
                0x0000628c       0x18 .\CortexM3\ARM_GCC_541\Debug\Half_Skeleton_V2_T1.a(TMC5160_MotorX_EN.o)
                0x0000628c                TMC5160_MotorX_EN_Write
 .text.TMC5160_MotorY_EN_Write
                0x000062a4       0x18 .\CortexM3\ARM_GCC_541\Debug\Half_Skeleton_V2_T1.a(TMC5160_MotorY_EN.o)
                0x000062a4                TMC5160_MotorY_EN_Write
 .text.TMC5160_MotorZ_EN_Write
                0x000062bc       0x18 .\CortexM3\ARM_GCC_541\Debug\Half_Skeleton_V2_T1.a(TMC5160_MotorZ_EN.o)
                0x000062bc                TMC5160_MotorZ_EN_Write
 .text.TMC5160_MotorT_EN_Write
                0x000062d4       0x18 .\CortexM3\ARM_GCC_541\Debug\Half_Skeleton_V2_T1.a(TMC5160_MotorT_EN.o)
                0x000062d4                TMC5160_MotorT_EN_Write
 .text.TMC5160_MotorO_EN_Write
                0x000062ec       0x18 .\CortexM3\ARM_GCC_541\Debug\Half_Skeleton_V2_T1.a(TMC5160_MotorO_EN.o)
                0x000062ec                TMC5160_MotorO_EN_Write
 .text.QuadDec_TZ_Cnt16_Enable
                0x00006304       0x10 .\CortexM3\ARM_GCC_541\Debug\Half_Skeleton_V2_T1.a(QuadDec_TZ_Cnt16.o)
                0x00006304                QuadDec_TZ_Cnt16_Enable
 .text.QuadDec_TZ_Cnt16_SetInterruptMode
                0x00006314        0xc .\CortexM3\ARM_GCC_541\Debug\Half_Skeleton_V2_T1.a(QuadDec_TZ_Cnt16.o)
                0x00006314                QuadDec_TZ_Cnt16_SetInterruptMode
 .text.QuadDec_TZ_Cnt16_ReadStatusRegister
                0x00006320        0xc .\CortexM3\ARM_GCC_541\Debug\Half_Skeleton_V2_T1.a(QuadDec_TZ_Cnt16.o)
                0x00006320                QuadDec_TZ_Cnt16_ReadStatusRegister
 .text.QuadDec_TZ_Cnt16_WriteCounter
                0x0000632c        0xc .\CortexM3\ARM_GCC_541\Debug\Half_Skeleton_V2_T1.a(QuadDec_TZ_Cnt16.o)
                0x0000632c                QuadDec_TZ_Cnt16_WriteCounter
 .text.QuadDec_TZ_Cnt16_ReadCounter
                0x00006338       0x14 .\CortexM3\ARM_GCC_541\Debug\Half_Skeleton_V2_T1.a(QuadDec_TZ_Cnt16.o)
                0x00006338                QuadDec_TZ_Cnt16_ReadCounter
 .text.QuadDec_TZ_Cnt16_ReadCapture
                0x0000634c        0xc .\CortexM3\ARM_GCC_541\Debug\Half_Skeleton_V2_T1.a(QuadDec_TZ_Cnt16.o)
                0x0000634c                QuadDec_TZ_Cnt16_ReadCapture
 .text.QuadDec_TZ_Cnt16_WritePeriod
                0x00006358        0xc .\CortexM3\ARM_GCC_541\Debug\Half_Skeleton_V2_T1.a(QuadDec_TZ_Cnt16.o)
                0x00006358                QuadDec_TZ_Cnt16_WritePeriod
 .text.QuadDec_TZ_Cnt16_WriteCompare
                0x00006364        0xc .\CortexM3\ARM_GCC_541\Debug\Half_Skeleton_V2_T1.a(QuadDec_TZ_Cnt16.o)
                0x00006364                QuadDec_TZ_Cnt16_WriteCompare
 .text.QuadDec_TZ_Cnt16_ClearFIFO
                0x00006370       0x14 .\CortexM3\ARM_GCC_541\Debug\Half_Skeleton_V2_T1.a(QuadDec_TZ_Cnt16.o)
                0x00006370                QuadDec_TZ_Cnt16_ClearFIFO
 .text.QuadDec_TZ_Cnt16_Init
                0x00006384       0x58 .\CortexM3\ARM_GCC_541\Debug\Half_Skeleton_V2_T1.a(QuadDec_TZ_Cnt16.o)
                0x00006384                QuadDec_TZ_Cnt16_Init
 .text.QuadDec_TZ_Cnt16_Start
                0x000063dc       0x1c .\CortexM3\ARM_GCC_541\Debug\Half_Skeleton_V2_T1.a(QuadDec_TZ_Cnt16.o)
                0x000063dc                QuadDec_TZ_Cnt16_Start
 .text.QuadDec_Y_Cnt16_Enable
                0x000063f8       0x10 .\CortexM3\ARM_GCC_541\Debug\Half_Skeleton_V2_T1.a(QuadDec_Y_Cnt16.o)
                0x000063f8                QuadDec_Y_Cnt16_Enable
 .text.QuadDec_Y_Cnt16_SetInterruptMode
                0x00006408        0xc .\CortexM3\ARM_GCC_541\Debug\Half_Skeleton_V2_T1.a(QuadDec_Y_Cnt16.o)
                0x00006408                QuadDec_Y_Cnt16_SetInterruptMode
 .text.QuadDec_Y_Cnt16_ReadStatusRegister
                0x00006414        0xc .\CortexM3\ARM_GCC_541\Debug\Half_Skeleton_V2_T1.a(QuadDec_Y_Cnt16.o)
                0x00006414                QuadDec_Y_Cnt16_ReadStatusRegister
 .text.QuadDec_Y_Cnt16_WriteCounter
                0x00006420        0xc .\CortexM3\ARM_GCC_541\Debug\Half_Skeleton_V2_T1.a(QuadDec_Y_Cnt16.o)
                0x00006420                QuadDec_Y_Cnt16_WriteCounter
 .text.QuadDec_Y_Cnt16_ReadCounter
                0x0000642c       0x14 .\CortexM3\ARM_GCC_541\Debug\Half_Skeleton_V2_T1.a(QuadDec_Y_Cnt16.o)
                0x0000642c                QuadDec_Y_Cnt16_ReadCounter
 .text.QuadDec_Y_Cnt16_ReadCapture
                0x00006440        0xc .\CortexM3\ARM_GCC_541\Debug\Half_Skeleton_V2_T1.a(QuadDec_Y_Cnt16.o)
                0x00006440                QuadDec_Y_Cnt16_ReadCapture
 .text.QuadDec_Y_Cnt16_WritePeriod
                0x0000644c        0xc .\CortexM3\ARM_GCC_541\Debug\Half_Skeleton_V2_T1.a(QuadDec_Y_Cnt16.o)
                0x0000644c                QuadDec_Y_Cnt16_WritePeriod
 .text.QuadDec_Y_Cnt16_WriteCompare
                0x00006458        0xc .\CortexM3\ARM_GCC_541\Debug\Half_Skeleton_V2_T1.a(QuadDec_Y_Cnt16.o)
                0x00006458                QuadDec_Y_Cnt16_WriteCompare
 .text.QuadDec_Y_Cnt16_ClearFIFO
                0x00006464       0x14 .\CortexM3\ARM_GCC_541\Debug\Half_Skeleton_V2_T1.a(QuadDec_Y_Cnt16.o)
                0x00006464                QuadDec_Y_Cnt16_ClearFIFO
 .text.QuadDec_Y_Cnt16_Init
                0x00006478       0x58 .\CortexM3\ARM_GCC_541\Debug\Half_Skeleton_V2_T1.a(QuadDec_Y_Cnt16.o)
                0x00006478                QuadDec_Y_Cnt16_Init
 .text.QuadDec_Y_Cnt16_Start
                0x000064d0       0x1c .\CortexM3\ARM_GCC_541\Debug\Half_Skeleton_V2_T1.a(QuadDec_Y_Cnt16.o)
                0x000064d0                QuadDec_Y_Cnt16_Start
 .text.wait_timer_Enable
                0x000064ec       0x28 .\CortexM3\ARM_GCC_541\Debug\Half_Skeleton_V2_T1.a(wait_timer.o)
                0x000064ec                wait_timer_Enable
 .text.wait_timer_Stop
                0x00006514       0x28 .\CortexM3\ARM_GCC_541\Debug\Half_Skeleton_V2_T1.a(wait_timer.o)
                0x00006514                wait_timer_Stop
 .text.wait_timer_SetInterruptMode
                0x0000653c        0xc .\CortexM3\ARM_GCC_541\Debug\Half_Skeleton_V2_T1.a(wait_timer.o)
                0x0000653c                wait_timer_SetInterruptMode
 .text.wait_timer_WritePeriod
                0x00006548        0xc .\CortexM3\ARM_GCC_541\Debug\Half_Skeleton_V2_T1.a(wait_timer.o)
                0x00006548                wait_timer_WritePeriod
 .text.wait_timer_WriteCounter
                0x00006554        0xc .\CortexM3\ARM_GCC_541\Debug\Half_Skeleton_V2_T1.a(wait_timer.o)
                0x00006554                wait_timer_WriteCounter
 .text.wait_timer_Init
                0x00006560       0x68 .\CortexM3\ARM_GCC_541\Debug\Half_Skeleton_V2_T1.a(wait_timer.o)
                0x00006560                wait_timer_Init
 .text.wait_timer_Start
                0x000065c8       0x1c .\CortexM3\ARM_GCC_541\Debug\Half_Skeleton_V2_T1.a(wait_timer.o)
                0x000065c8                wait_timer_Start
 .text.wait_interrupt_SetVector
                0x000065e4        0xc .\CortexM3\ARM_GCC_541\Debug\Half_Skeleton_V2_T1.a(wait_interrupt.o)
                0x000065e4                wait_interrupt_SetVector
 .text.wait_interrupt_SetPriority
                0x000065f0       0x10 .\CortexM3\ARM_GCC_541\Debug\Half_Skeleton_V2_T1.a(wait_interrupt.o)
                0x000065f0                wait_interrupt_SetPriority
 .text.wait_interrupt_Enable
                0x00006600       0x10 .\CortexM3\ARM_GCC_541\Debug\Half_Skeleton_V2_T1.a(wait_interrupt.o)
                0x00006600                wait_interrupt_Enable
 .text.wait_interrupt_Disable
                0x00006610       0x10 .\CortexM3\ARM_GCC_541\Debug\Half_Skeleton_V2_T1.a(wait_interrupt.o)
                0x00006610                wait_interrupt_Disable
 .text.wait_interrupt_StartEx
                0x00006620       0x1c .\CortexM3\ARM_GCC_541\Debug\Half_Skeleton_V2_T1.a(wait_interrupt.o)
                0x00006620                wait_interrupt_StartEx
 .text.X_MOT_INT_Read
                0x0000663c       0x10 .\CortexM3\ARM_GCC_541\Debug\Half_Skeleton_V2_T1.a(X_MOT_INT.o)
                0x0000663c                X_MOT_INT_Read
 .text.Y_MOT_INT_Read
                0x0000664c       0x10 .\CortexM3\ARM_GCC_541\Debug\Half_Skeleton_V2_T1.a(Y_MOT_INT.o)
                0x0000664c                Y_MOT_INT_Read
 .text.Z_MOT_INT_Read
                0x0000665c       0x10 .\CortexM3\ARM_GCC_541\Debug\Half_Skeleton_V2_T1.a(Z_MOT_INT.o)
                0x0000665c                Z_MOT_INT_Read
 .text.Camera_Trigger_Write
                0x0000666c       0x18 .\CortexM3\ARM_GCC_541\Debug\Half_Skeleton_V2_T1.a(Camera_Trigger.o)
                0x0000666c                Camera_Trigger_Write
 *fill*         0x00006684        0x4 
 .text          0x00006688       0x20 .\CortexM3\ARM_GCC_541\Debug\Half_Skeleton_V2_T1.a(CyBootAsmGnu.o)
                0x00006688                CyDelayCycles
                0x00006698                CyEnterCriticalSection
                0x000066a0                CyExitCriticalSection
 .text.USB_DispatchClassRqst
                0x000066a8       0x68 .\CortexM3\ARM_GCC_541\Debug\Half_Skeleton_V2_T1.a(USB_cls.o)
                0x000066a8                USB_DispatchClassRqst
 .text.pow      0x00006710      0x330 c:/program files (x86)/cypress/psoc creator/4.4/psoc creator/import/gnu/arm/5.4.1/bin/../lib/gcc/arm-none-eabi/5.4.1/../../../../arm-none-eabi/lib/armv7-m\libm.a(lib_a-w_pow.o)
                0x00006710                pow
 .text.__ieee754_pow
                0x00006a40      0xac4 c:/program files (x86)/cypress/psoc creator/4.4/psoc creator/import/gnu/arm/5.4.1/bin/../lib/gcc/arm-none-eabi/5.4.1/../../../../arm-none-eabi/lib/armv7-m\libm.a(lib_a-e_pow.o)
                0x00006a40                __ieee754_pow
 .text.__ieee754_sqrt
                0x00007504      0x188 c:/program files (x86)/cypress/psoc creator/4.4/psoc creator/import/gnu/arm/5.4.1/bin/../lib/gcc/arm-none-eabi/5.4.1/../../../../arm-none-eabi/lib/armv7-m\libm.a(lib_a-e_sqrt.o)
                0x00007504                __ieee754_sqrt
 .text.fabs     0x0000768c        0x8 c:/program files (x86)/cypress/psoc creator/4.4/psoc creator/import/gnu/arm/5.4.1/bin/../lib/gcc/arm-none-eabi/5.4.1/../../../../arm-none-eabi/lib/armv7-m\libm.a(lib_a-s_fabs.o)
                0x0000768c                fabs
 .text.finite   0x00007694        0xc c:/program files (x86)/cypress/psoc creator/4.4/psoc creator/import/gnu/arm/5.4.1/bin/../lib/gcc/arm-none-eabi/5.4.1/../../../../arm-none-eabi/lib/armv7-m\libm.a(lib_a-s_finite.o)
                0x00007694                finite
 .text.matherr  0x000076a0        0x4 c:/program files (x86)/cypress/psoc creator/4.4/psoc creator/import/gnu/arm/5.4.1/bin/../lib/gcc/arm-none-eabi/5.4.1/../../../../arm-none-eabi/lib/armv7-m\libm.a(lib_a-s_matherr.o)
                0x000076a0                matherr
 .text.nan      0x000076a4        0xc c:/program files (x86)/cypress/psoc creator/4.4/psoc creator/import/gnu/arm/5.4.1/bin/../lib/gcc/arm-none-eabi/5.4.1/../../../../arm-none-eabi/lib/armv7-m\libm.a(lib_a-s_nan.o)
                0x000076a4                nan
 .text.rint     0x000076b0      0x120 c:/program files (x86)/cypress/psoc creator/4.4/psoc creator/import/gnu/arm/5.4.1/bin/../lib/gcc/arm-none-eabi/5.4.1/../../../../arm-none-eabi/lib/armv7-m\libm.a(lib_a-s_rint.o)
                0x000076b0                rint
 .text.scalbn   0x000077d0       0xe4 c:/program files (x86)/cypress/psoc creator/4.4/psoc creator/import/gnu/arm/5.4.1/bin/../lib/gcc/arm-none-eabi/5.4.1/../../../../arm-none-eabi/lib/armv7-m\libm.a(lib_a-s_scalbn.o)
                0x000077d0                scalbn
 .text.copysign
                0x000078b4       0x10 c:/program files (x86)/cypress/psoc creator/4.4/psoc creator/import/gnu/arm/5.4.1/bin/../lib/gcc/arm-none-eabi/5.4.1/../../../../arm-none-eabi/lib/armv7-m\libm.a(lib_a-s_copysign.o)
                0x000078b4                copysign
 .text          0x000078c4      0x370 c:/program files (x86)/cypress/psoc creator/4.4/psoc creator/import/gnu/arm/5.4.1/bin/../lib/gcc/arm-none-eabi/5.4.1/armv7-m\libgcc.a(_arm_addsubdf3.o)
                0x000078c4                __aeabi_drsub
                0x000078cc                __aeabi_dsub
                0x000078cc                __subdf3
                0x000078d0                __aeabi_dadd
                0x000078d0                __adddf3
                0x00007b48                __floatunsidf
                0x00007b48                __aeabi_ui2d
                0x00007b68                __floatsidf
                0x00007b68                __aeabi_i2d
                0x00007b8c                __aeabi_f2d
                0x00007b8c                __extendsfdf2
                0x00007bc8                __floatundidf
                0x00007bc8                __aeabi_ul2d
                0x00007bd8                __floatdidf
                0x00007bd8                __aeabi_l2d
 .text          0x00007c34      0x424 c:/program files (x86)/cypress/psoc creator/4.4/psoc creator/import/gnu/arm/5.4.1/bin/../lib/gcc/arm-none-eabi/5.4.1/armv7-m\libgcc.a(_arm_muldivdf3.o)
                0x00007c34                __aeabi_dmul
                0x00007c34                __muldf3
                0x00007e88                __divdf3
                0x00007e88                __aeabi_ddiv
 .text          0x00008058      0x110 c:/program files (x86)/cypress/psoc creator/4.4/psoc creator/import/gnu/arm/5.4.1/bin/../lib/gcc/arm-none-eabi/5.4.1/armv7-m\libgcc.a(_arm_cmpdf2.o)
                0x00008058                __gtdf2
                0x00008058                __gedf2
                0x00008060                __ltdf2
                0x00008060                __ledf2
                0x00008068                __nedf2
                0x00008068                __eqdf2
                0x00008068                __cmpdf2
                0x000080e4                __aeabi_cdrcmple
                0x000080f4                __aeabi_cdcmpeq
                0x000080f4                __aeabi_cdcmple
                0x00008104                __aeabi_dcmpeq
                0x00008118                __aeabi_dcmplt
                0x0000812c                __aeabi_dcmple
                0x00008140                __aeabi_dcmpge
                0x00008154                __aeabi_dcmpgt
 .text          0x00008168       0x2c c:/program files (x86)/cypress/psoc creator/4.4/psoc creator/import/gnu/arm/5.4.1/bin/../lib/gcc/arm-none-eabi/5.4.1/armv7-m\libgcc.a(_arm_unorddf2.o)
                0x00008168                __unorddf2
                0x00008168                __aeabi_dcmpun
 .text          0x00008194       0x50 c:/program files (x86)/cypress/psoc creator/4.4/psoc creator/import/gnu/arm/5.4.1/bin/../lib/gcc/arm-none-eabi/5.4.1/armv7-m\libgcc.a(_arm_fixdfsi.o)
                0x00008194                __aeabi_d2iz
                0x00008194                __fixdfsi
 .text          0x000081e4       0x40 c:/program files (x86)/cypress/psoc creator/4.4/psoc creator/import/gnu/arm/5.4.1/bin/../lib/gcc/arm-none-eabi/5.4.1/armv7-m\libgcc.a(_arm_fixunsdfsi.o)
                0x000081e4                __aeabi_d2uiz
                0x000081e4                __fixunsdfsi
 .text          0x00008224       0xa0 c:/program files (x86)/cypress/psoc creator/4.4/psoc creator/import/gnu/arm/5.4.1/bin/../lib/gcc/arm-none-eabi/5.4.1/armv7-m\libgcc.a(_arm_truncdfsf2.o)
                0x00008224                __truncdfsf2
                0x00008224                __aeabi_d2f
 .text          0x000082c4      0x21c c:/program files (x86)/cypress/psoc creator/4.4/psoc creator/import/gnu/arm/5.4.1/bin/../lib/gcc/arm-none-eabi/5.4.1/armv7-m\libgcc.a(_arm_addsubsf3.o)
                0x000082c4                __aeabi_frsub
                0x000082cc                __subsf3
                0x000082cc                __aeabi_fsub
                0x000082d0                __aeabi_fadd
                0x000082d0                __addsf3
                0x00008430                __aeabi_ui2f
                0x00008430                __floatunsisf
                0x00008438                __aeabi_i2f
                0x00008438                __floatsisf
                0x00008454                __aeabi_ul2f
                0x00008454                __floatundisf
                0x00008464                __aeabi_l2f
                0x00008464                __floatdisf
 .text          0x000084e0      0x2a0 c:/program files (x86)/cypress/psoc creator/4.4/psoc creator/import/gnu/arm/5.4.1/bin/../lib/gcc/arm-none-eabi/5.4.1/armv7-m\libgcc.a(_arm_muldivsf3.o)
                0x000084e0                __mulsf3
                0x000084e0                __aeabi_fmul
                0x00008648                __aeabi_fdiv
                0x00008648                __divsf3
 .text.__errno  0x00008780        0xc c:/program files (x86)/cypress/psoc creator/4.4/psoc creator/import/gnu/arm/5.4.1/bin/../lib/gcc/arm-none-eabi/5.4.1/../../../../arm-none-eabi/lib/armv7-m\libg_nano.a(lib_a-errno.o)
                0x00008780                __errno
 .text.__libc_init_array
                0x0000878c       0x4c c:/program files (x86)/cypress/psoc creator/4.4/psoc creator/import/gnu/arm/5.4.1/bin/../lib/gcc/arm-none-eabi/5.4.1/../../../../arm-none-eabi/lib/armv7-m\libg_nano.a(lib_a-init.o)
                0x0000878c                __libc_init_array
 .text.memcpy   0x000087d8       0x16 c:/program files (x86)/cypress/psoc creator/4.4/psoc creator/import/gnu/arm/5.4.1/bin/../lib/gcc/arm-none-eabi/5.4.1/../../../../arm-none-eabi/lib/armv7-m\libg_nano.a(lib_a-memcpy-stub.o)
                0x000087d8                memcpy
 .text.memset   0x000087ee       0x10 c:/program files (x86)/cypress/psoc creator/4.4/psoc creator/import/gnu/arm/5.4.1/bin/../lib/gcc/arm-none-eabi/5.4.1/../../../../arm-none-eabi/lib/armv7-m\libg_nano.a(lib_a-memset.o)
                0x000087ee                memset
 *fill*         0x000087fe        0x2 
 .text.sprintf  0x00008800       0x48 c:/program files (x86)/cypress/psoc creator/4.4/psoc creator/import/gnu/arm/5.4.1/bin/../lib/gcc/arm-none-eabi/5.4.1/../../../../arm-none-eabi/lib/armv7-m\libg_nano.a(lib_a-sprintf.o)
                0x00008800                siprintf
                0x00008800                sprintf
 .text.__ssputs_r
                0x00008848       0xb2 c:/program files (x86)/cypress/psoc creator/4.4/psoc creator/import/gnu/arm/5.4.1/bin/../lib/gcc/arm-none-eabi/5.4.1/../../../../arm-none-eabi/lib/armv7-m\libg_nano.a(lib_a-nano-svfprintf.o)
                0x00008848                __ssputs_r
 *fill*         0x000088fa        0x2 
 .text._svfprintf_r
                0x000088fc      0x1e8 c:/program files (x86)/cypress/psoc creator/4.4/psoc creator/import/gnu/arm/5.4.1/bin/../lib/gcc/arm-none-eabi/5.4.1/../../../../arm-none-eabi/lib/armv7-m\libg_nano.a(lib_a-nano-svfprintf.o)
                0x000088fc                _svfiprintf_r
                0x000088fc                _svfprintf_r
 .text._printf_common
                0x00008ae4       0xec c:/program files (x86)/cypress/psoc creator/4.4/psoc creator/import/gnu/arm/5.4.1/bin/../lib/gcc/arm-none-eabi/5.4.1/../../../../arm-none-eabi/lib/armv7-m\libg_nano.a(lib_a-nano-vfprintf_i.o)
                0x00008ae4                _printf_common
 .text._printf_i
                0x00008bd0      0x24c c:/program files (x86)/cypress/psoc creator/4.4/psoc creator/import/gnu/arm/5.4.1/bin/../lib/gcc/arm-none-eabi/5.4.1/../../../../arm-none-eabi/lib/armv7-m\libg_nano.a(lib_a-nano-vfprintf_i.o)
                0x00008bd0                _printf_i
 .text.memchr   0x00008e1c       0x1c c:/program files (x86)/cypress/psoc creator/4.4/psoc creator/import/gnu/arm/5.4.1/bin/../lib/gcc/arm-none-eabi/5.4.1/../../../../arm-none-eabi/lib/armv7-m\libg_nano.a(lib_a-memchr-stub.o)
                0x00008e1c                memchr
 .text.memmove  0x00008e38       0x36 c:/program files (x86)/cypress/psoc creator/4.4/psoc creator/import/gnu/arm/5.4.1/bin/../lib/gcc/arm-none-eabi/5.4.1/../../../../arm-none-eabi/lib/armv7-m\libg_nano.a(lib_a-memmove.o)
                0x00008e38                memmove
 *fill*         0x00008e6e        0x2 
 .text._free_r  0x00008e70       0x98 c:/program files (x86)/cypress/psoc creator/4.4/psoc creator/import/gnu/arm/5.4.1/bin/../lib/gcc/arm-none-eabi/5.4.1/../../../../arm-none-eabi/lib/armv7-m\libg_nano.a(lib_a-nano-freer.o)
                0x00008e70                _free_r
 .text._malloc_r
                0x00008f08       0xbc c:/program files (x86)/cypress/psoc creator/4.4/psoc creator/import/gnu/arm/5.4.1/bin/../lib/gcc/arm-none-eabi/5.4.1/../../../../arm-none-eabi/lib/armv7-m\libg_nano.a(lib_a-nano-mallocr.o)
                0x00008f08                _malloc_r
 .text._realloc_r
                0x00008fc4       0x4c c:/program files (x86)/cypress/psoc creator/4.4/psoc creator/import/gnu/arm/5.4.1/bin/../lib/gcc/arm-none-eabi/5.4.1/../../../../arm-none-eabi/lib/armv7-m\libg_nano.a(lib_a-nano-reallocr.o)
                0x00008fc4                _realloc_r
 .text._sbrk_r  0x00009010       0x20 c:/program files (x86)/cypress/psoc creator/4.4/psoc creator/import/gnu/arm/5.4.1/bin/../lib/gcc/arm-none-eabi/5.4.1/../../../../arm-none-eabi/lib/armv7-m\libg_nano.a(lib_a-sbrkr.o)
                0x00009010                _sbrk_r
 .text.__malloc_lock
                0x00009030        0x2 c:/program files (x86)/cypress/psoc creator/4.4/psoc creator/import/gnu/arm/5.4.1/bin/../lib/gcc/arm-none-eabi/5.4.1/../../../../arm-none-eabi/lib/armv7-m\libg_nano.a(lib_a-mlock.o)
                0x00009030                __malloc_lock
 .text.__malloc_unlock
                0x00009032        0x2 c:/program files (x86)/cypress/psoc creator/4.4/psoc creator/import/gnu/arm/5.4.1/bin/../lib/gcc/arm-none-eabi/5.4.1/../../../../arm-none-eabi/lib/armv7-m\libg_nano.a(lib_a-mlock.o)
                0x00009032                __malloc_unlock
 .text._malloc_usable_size_r
                0x00009034       0x14 c:/program files (x86)/cypress/psoc creator/4.4/psoc creator/import/gnu/arm/5.4.1/bin/../lib/gcc/arm-none-eabi/5.4.1/../../../../arm-none-eabi/lib/armv7-m\libg_nano.a(lib_a-nano-msizer.o)
                0x00009034                _malloc_usable_size_r
 *(.plt)
 *(.gnu.warning)
 *(.glue_7t)
 .glue_7t       0x00009048        0x0 linker stubs
 *(.glue_7)
 .glue_7        0x00009048        0x0 linker stubs
 *(.vfp11_veneer)
 .vfp11_veneer  0x00009048        0x0 linker stubs
 *(.bootloader)
 *(.ARM.extab* .gnu.linkonce.armextab.*)
 *(.gcc_except_table)

.v4_bx          0x00009048        0x0
 .v4_bx         0x00009048        0x0 linker stubs

.iplt           0x00009048        0x0
 .iplt          0x00009048        0x0 c:/program files (x86)/cypress/psoc creator/4.4/psoc creator/import/gnu/arm/5.4.1/bin/../lib/gcc/arm-none-eabi/5.4.1/armv7-m/crtbegin.o

.eh_frame_hdr
 *(.eh_frame_hdr)

.eh_frame       0x00009048        0x4
 *(.eh_frame)
 .eh_frame      0x00009048        0x0 c:/program files (x86)/cypress/psoc creator/4.4/psoc creator/import/gnu/arm/5.4.1/bin/../lib/gcc/arm-none-eabi/5.4.1/armv7-m/crtbegin.o
 .eh_frame      0x00009048        0x4 c:/program files (x86)/cypress/psoc creator/4.4/psoc creator/import/gnu/arm/5.4.1/bin/../lib/gcc/arm-none-eabi/5.4.1/armv7-m/crtend.o
                [!provide]                PROVIDE (__exidx_start, .)

.ARM.exidx
 *(.ARM.exidx* .gnu.linkonce.armexidx.*)
                0x0000904c                __exidx_end = .

.rodata         0x00009050     0x1a48
 *(.rodata .rodata.* .gnu.linkonce.r.*)
 .rodata.str1.4
                0x00009050       0x32 .\CortexM3\ARM_GCC_541\Debug\main.o
 *fill*         0x00009082        0x2 
 .rodata.str1.4
                0x00009084      0x6e5 .\CortexM3\ARM_GCC_541\Debug\AS76.o
                                0x6f9 (size before relaxing)
 *fill*         0x00009769        0x3 
 .rodata        0x0000976c     0x1074 .\CortexM3\ARM_GCC_541\Debug\cyfitter_cfg.o
 .rodata.str1.4
                0x0000a7e0       0x11 .\CortexM3\ARM_GCC_541\Debug\Half_Skeleton_V2_T1.a(USB_std.o)
 *fill*         0x0000a7f1        0x3 
 .rodata        0x0000a7f4      0x21a .\CortexM3\ARM_GCC_541\Debug\Half_Skeleton_V2_T1.a(USB_descr.o)
                0x0000a7f4                USB_MSOS_CONFIGURATION_DESCR
                0x0000a81c                USB_MSOS_DESCRIPTOR
                0x0000a830                USB_TABLE
                0x0000a838                USB_DEVICE0_TABLE
                0x0000a850                USB_DEVICE0_CONFIGURATION0_TABLE
                0x0000a878                USB_DEVICE0_CONFIGURATION0_INTERFACE_CLASS
                0x0000a87c                USB_DEVICE0_CONFIGURATION0_EP_SETTINGS_TABLE
                0x0000a894                USB_HIDREPORT_DESCRIPTOR1
                0x0000a8cc                USB_SN_STRING_DESCRIPTOR
                0x0000a8d0                USB_STRING_DESCRIPTORS
                0x0000a9b8                USB_DEVICE0_CONFIGURATION0_DESCR
                0x0000a9fc                USB_DEVICE0_DESCR
 *fill*         0x0000aa0e        0x2 
 .rodata.str1.4
                0x0000aa10        0x4 c:/program files (x86)/cypress/psoc creator/4.4/psoc creator/import/gnu/arm/5.4.1/bin/../lib/gcc/arm-none-eabi/5.4.1/../../../../arm-none-eabi/lib/armv7-m\libm.a(lib_a-w_pow.o)
 .rodata.str1.4
                0x0000aa14        0x4 c:/program files (x86)/cypress/psoc creator/4.4/psoc creator/import/gnu/arm/5.4.1/bin/../lib/gcc/arm-none-eabi/5.4.1/../../../../arm-none-eabi/lib/armv7-m\libm.a(lib_a-e_pow.o)
                                  0x1 (size before relaxing)
 *fill*         0x0000aa14        0x4 
 .rodata.TWO52  0x0000aa18       0x10 c:/program files (x86)/cypress/psoc creator/4.4/psoc creator/import/gnu/arm/5.4.1/bin/../lib/gcc/arm-none-eabi/5.4.1/../../../../arm-none-eabi/lib/armv7-m\libm.a(lib_a-s_rint.o)
 .rodata.str1.1
                0x0000aa28        0x2 c:/program files (x86)/cypress/psoc creator/4.4/psoc creator/import/gnu/arm/5.4.1/bin/../lib/gcc/arm-none-eabi/5.4.1/../../../../arm-none-eabi/lib/armv7-m\libg_nano.a(lib_a-impure.o)
 .rodata.str1.1
                0x0000aa2a       0x11 c:/program files (x86)/cypress/psoc creator/4.4/psoc creator/import/gnu/arm/5.4.1/bin/../lib/gcc/arm-none-eabi/5.4.1/../../../../arm-none-eabi/lib/armv7-m\libg_nano.a(lib_a-nano-svfprintf.o)
 .rodata.str1.1
                0x0000aa3b       0x22 c:/program files (x86)/cypress/psoc creator/4.4/psoc creator/import/gnu/arm/5.4.1/bin/../lib/gcc/arm-none-eabi/5.4.1/../../../../arm-none-eabi/lib/armv7-m\libg_nano.a(lib_a-nano-vfprintf_i.o)
                0x0000aa60                . = ALIGN (0x4)
 *fill*         0x0000aa5d        0x3 
 *(.init)
 .init          0x0000aa60        0x4 c:/program files (x86)/cypress/psoc creator/4.4/psoc creator/import/gnu/arm/5.4.1/bin/../lib/gcc/arm-none-eabi/5.4.1/armv7-m/crti.o
                0x0000aa60                _init
 .init          0x0000aa64        0x8 c:/program files (x86)/cypress/psoc creator/4.4/psoc creator/import/gnu/arm/5.4.1/bin/../lib/gcc/arm-none-eabi/5.4.1/armv7-m/crtn.o
                0x0000aa6c                . = ALIGN (0x4)
                0x0000aa6c                __preinit_array_start = .
 *(.preinit_array)
                0x0000aa6c                __preinit_array_end = .
                0x0000aa6c                . = ALIGN (0x4)
                0x0000aa6c                __init_array_start = .
 *(SORT(.init_array.*))
 *(.init_array)
 .init_array    0x0000aa6c        0x4 c:/program files (x86)/cypress/psoc creator/4.4/psoc creator/import/gnu/arm/5.4.1/bin/../lib/gcc/arm-none-eabi/5.4.1/armv7-m/crtbegin.o
 .init_array    0x0000aa70        0x4 .\CortexM3\ARM_GCC_541\Debug\Cm3Start.o
                0x0000aa74                __init_array_end = .
                0x0000aa74                . = ALIGN (0x4)
 *(.fini)
 .fini          0x0000aa74        0x4 c:/program files (x86)/cypress/psoc creator/4.4/psoc creator/import/gnu/arm/5.4.1/bin/../lib/gcc/arm-none-eabi/5.4.1/armv7-m/crti.o
                0x0000aa74                _fini
 .fini          0x0000aa78        0x8 c:/program files (x86)/cypress/psoc creator/4.4/psoc creator/import/gnu/arm/5.4.1/bin/../lib/gcc/arm-none-eabi/5.4.1/armv7-m/crtn.o
                0x0000aa80                . = ALIGN (0x4)
                0x0000aa80                __fini_array_start = .
 *(.fini_array)
 .fini_array    0x0000aa80        0x4 c:/program files (x86)/cypress/psoc creator/4.4/psoc creator/import/gnu/arm/5.4.1/bin/../lib/gcc/arm-none-eabi/5.4.1/armv7-m/crtbegin.o
 *(SORT(.fini_array.*))
                0x0000aa84                __fini_array_end = .
                0x0000aa84                . = ALIGN (0x4)
 *crtbegin.o(.ctors)
 *(EXCLUDE_FILE(*crtend.o) .ctors)
 *(SORT(.ctors.*))
 *crtend.o(.ctors)
                0x0000aa84                . = ALIGN (0x4)
 *crtbegin.o(.dtors)
 *(EXCLUDE_FILE(*crtend.o) .dtors)
 *(SORT(.dtors.*))
 *crtend.o(.dtors)
                0x0000aa84                . = ALIGN (0x4)
                0x0000aa84                __cy_regions = .
                0x0000aa84        0x4 LONG 0xaa98 __cy_region_init_ram
                0x0000aa88        0x4 LONG 0x1fff80c8 __cy_region_start_data
                0x0000aa8c        0x4 LONG 0xc8 __cy_region_init_size_ram
                0x0000aa90        0x4 LONG 0x270 __cy_region_zero_size_ram
                0x0000aa94                __cy_regions_end = .
                0x0000aa98                . = ALIGN (0x8)
 *fill*         0x0000aa94        0x4 
                0x0000aa98                _etext = .

.cy_checksum_exclude
                0x0000aa98        0x0
 *(.cy_checksum_exclude)

.ramvectors     0x1fff8000       0xc0
                0x1fff8000                __cy_region_start_ram = .
 *(.ramvectors)
 .ramvectors    0x1fff8000       0xc0 .\CortexM3\ARM_GCC_541\Debug\Cm3Start.o
                0x1fff8000                CyRamVectors

.noinit         0x1fff80c0        0x1
 *(.noinit)
 .noinit        0x1fff80c0        0x1 .\CortexM3\ARM_GCC_541\Debug\Half_Skeleton_V2_T1.a(CyLib.o)
                0x1fff80c0                CyResetStatus

.data           0x1fff80c8       0xc8 load address 0x0000aa98
                0x1fff80c8                __cy_region_start_data = .
 *(.jcr)
 .jcr           0x1fff80c8        0x0 c:/program files (x86)/cypress/psoc creator/4.4/psoc creator/import/gnu/arm/5.4.1/bin/../lib/gcc/arm-none-eabi/5.4.1/armv7-m/crtbegin.o
 .jcr           0x1fff80c8        0x4 c:/program files (x86)/cypress/psoc creator/4.4/psoc creator/import/gnu/arm/5.4.1/bin/../lib/gcc/arm-none-eabi/5.4.1/armv7-m/crtend.o
 *(.got.plt)
 *(.got)
 *(.shdata)
 *(.data .data.* .gnu.linkonce.d.*)
 .data          0x1fff80cc        0x4 .\CortexM3\ARM_GCC_541\Debug\main.o
                0x1fff80cc                status_t
                0x1fff80cd                status_z
                0x1fff80ce                status_y
                0x1fff80cf                status_x
 .data          0x1fff80d0       0x25 .\CortexM3\ARM_GCC_541\Debug\AS76.o
                0x1fff80d0                PWM_Condenser_comare_value
                0x1fff80d4                Motor_Speed_X
                0x1fff80d8                Motor_Speed_Y
                0x1fff80dc                Motor_Speed_Z
                0x1fff80e0                HomeY_done
                0x1fff80e1                HomeX_done
                0x1fff80e2                HomeZ_done
                0x1fff80e3                HomeT_done
                0x1fff80e4                T_Pitchfactor
                0x1fff80e8                Z_Pitchfactor
                0x1fff80ec                Y_Pitchfactor
                0x1fff80f0                X_Pitchfactor
                0x1fff80f4                Time_Out_Error
 *fill*         0x1fff80f5        0x3 
 .data          0x1fff80f8        0x4 .\CortexM3\ARM_GCC_541\Debug\Cm3Start.o
 .data          0x1fff80fc       0x10 .\CortexM3\ARM_GCC_541\Debug\Half_Skeleton_V2_T1.a(CyLib.o)
                0x1fff80fc                cydelay_32k_ms
                0x1fff8100                cydelay_freq_khz
                0x1fff8104                cydelay_freq_mhz
                0x1fff8108                cydelay_freq_hz
 .data          0x1fff810c       0x1a .\CortexM3\ARM_GCC_541\Debug\Half_Skeleton_V2_T1.a(USB_cdc.o)
                0x1fff810c                USB_linesCoding
 .data.__fdlib_version
                0x1fff8126        0x1 c:/program files (x86)/cypress/psoc creator/4.4/psoc creator/import/gnu/arm/5.4.1/bin/../lib/gcc/arm-none-eabi/5.4.1/../../../../arm-none-eabi/lib/armv7-m\libm.a(lib_a-s_lib_ver.o)
                0x1fff8126                __fdlib_version
 *fill*         0x1fff8127        0x1 
 .data.impure_data
                0x1fff8128       0x60 c:/program files (x86)/cypress/psoc creator/4.4/psoc creator/import/gnu/arm/5.4.1/bin/../lib/gcc/arm-none-eabi/5.4.1/../../../../arm-none-eabi/lib/armv7-m\libg_nano.a(lib_a-impure.o)
 .data._impure_ptr
                0x1fff8188        0x4 c:/program files (x86)/cypress/psoc creator/4.4/psoc creator/import/gnu/arm/5.4.1/bin/../lib/gcc/arm-none-eabi/5.4.1/../../../../arm-none-eabi/lib/armv7-m\libg_nano.a(lib_a-impure.o)
                0x1fff8188                _impure_ptr
                0x1fff8190                . = ALIGN (0x8)
 *fill*         0x1fff818c        0x4 
 *(.ram)
                0x1fff8190                _edata = .

.igot.plt       0x1fff8190        0x0 load address 0x0000ab60
 .igot.plt      0x1fff8190        0x0 c:/program files (x86)/cypress/psoc creator/4.4/psoc creator/import/gnu/arm/5.4.1/bin/../lib/gcc/arm-none-eabi/5.4.1/armv7-m/crtbegin.o

.bss            0x1fff8190      0x270 load address 0x0000ab60
                0x1fff8190                PROVIDE (__bss_start__, .)
 *(.shbss)
 *(.bss .bss.* .gnu.linkonce.b.*)
 .bss           0x1fff8190       0x1c c:/program files (x86)/cypress/psoc creator/4.4/psoc creator/import/gnu/arm/5.4.1/bin/../lib/gcc/arm-none-eabi/5.4.1/armv7-m/crtbegin.o
 .bss           0x1fff81ac       0x68 .\CortexM3\ARM_GCC_541\Debug\AS76.o
                0x1fff81ac                ms_count
                0x1fff81b0                exit_loop
                0x1fff81b4                X_QuadPosition
                0x1fff81b8                start_quad
                0x1fff81bc                capture_flag
                0x1fff81c0                Y_QuadPosition
                0x1fff81c4                EncoderTZSelect
                0x1fff81c8                Z_QuadPosition
                0x1fff81cc                T_QuadPosition
                0x1fff81d0                Buffer_Z_QuadPosition
                0x1fff81d4                Buffer_T_QuadPosition
                0x1fff81d8                print_flag
                0x1fff81dc                PWM_barcode_comare_value
                0x1fff81e0                Error
                0x1fff81e5                HomeX_done_Buffer
                0x1fff81e6                HomeY_done_Buffer
                0x1fff81e7                HomeZ_done_Buffer
                0x1fff81e8                HomeT_done_Buffer
                0x1fff81ec                Previous_X_Position
                0x1fff81f0                Previous_Y_Position
                0x1fff81f4                Previous_Z_Position
                0x1fff81f8                Position_X_Requested
                0x1fff81fc                Position_Y_Requested
                0x1fff8200                Position_Z_Requested
                0x1fff8204                Position_T_Requested
                0x1fff8208                time_ms
                0x1fff820c                oil_speed
                0x1fff8210                oil_dir
 .bss           0x1fff8214        0x1 .\CortexM3\ARM_GCC_541\Debug\Half_Skeleton_V2_T1.a(SPIM.o)
                0x1fff8214                SPIM_initVar
 .bss           0x1fff8215        0x1 .\CortexM3\ARM_GCC_541\Debug\Half_Skeleton_V2_T1.a(USB.o)
                0x1fff8215                USB_initVar
 .bss           0x1fff8216        0x1 .\CortexM3\ARM_GCC_541\Debug\Half_Skeleton_V2_T1.a(USB_cdc.o)
 *fill*         0x1fff8217        0x1 
 .bss           0x1fff8218        0x2 .\CortexM3\ARM_GCC_541\Debug\Half_Skeleton_V2_T1.a(USB_std.o)
 .bss           0x1fff821a        0x1 .\CortexM3\ARM_GCC_541\Debug\Half_Skeleton_V2_T1.a(PWM_CondenserLED.o)
                0x1fff821a                PWM_CondenserLED_initVar
 .bss           0x1fff821b        0x1 .\CortexM3\ARM_GCC_541\Debug\Half_Skeleton_V2_T1.a(QuadDec_X.o)
                0x1fff821b                QuadDec_X_initVar
 .bss           0x1fff821c        0x4 .\CortexM3\ARM_GCC_541\Debug\Half_Skeleton_V2_T1.a(QuadDec_X_INT.o)
                0x1fff821c                QuadDec_X_count32SoftPart
 .bss           0x1fff8220        0x1 .\CortexM3\ARM_GCC_541\Debug\Half_Skeleton_V2_T1.a(QuadDec_X_Cnt16.o)
                0x1fff8220                QuadDec_X_Cnt16_initVar
 .bss           0x1fff8221        0x7 .\CortexM3\ARM_GCC_541\Debug\Half_Skeleton_V2_T1.a(UART_PCB_LOG.o)
                0x1fff8221                UART_PCB_LOG_errorStatus
                0x1fff8222                UART_PCB_LOG_initVar
                0x1fff8223                UART_PCB_LOG_rxBufferRead
                0x1fff8224                UART_PCB_LOG_rxBufferWrite
                0x1fff8225                UART_PCB_LOG_rxBufferLoopDetect
                0x1fff8226                UART_PCB_LOG_rxBufferOverflow
 .bss           0x1fff8228        0x1 .\CortexM3\ARM_GCC_541\Debug\Half_Skeleton_V2_T1.a(QuadDec_TZ.o)
                0x1fff8228                QuadDec_TZ_initVar
 *fill*         0x1fff8229        0x3 
 .bss           0x1fff822c        0x4 .\CortexM3\ARM_GCC_541\Debug\Half_Skeleton_V2_T1.a(QuadDec_TZ_INT.o)
                0x1fff822c                QuadDec_TZ_count32SoftPart
 .bss           0x1fff8230        0x1 .\CortexM3\ARM_GCC_541\Debug\Half_Skeleton_V2_T1.a(PWM_Buzzer.o)
                0x1fff8230                PWM_Buzzer_initVar
 .bss           0x1fff8231        0x1 .\CortexM3\ARM_GCC_541\Debug\Half_Skeleton_V2_T1.a(QuadDec_Y.o)
                0x1fff8231                QuadDec_Y_initVar
 *fill*         0x1fff8232        0x2 
 .bss           0x1fff8234        0x4 .\CortexM3\ARM_GCC_541\Debug\Half_Skeleton_V2_T1.a(QuadDec_Y_INT.o)
                0x1fff8234                QuadDec_Y_count32SoftPart
 .bss           0x1fff8238        0x1 .\CortexM3\ARM_GCC_541\Debug\Half_Skeleton_V2_T1.a(PWM_BarcodeCondenser_LED.o)
                0x1fff8238                PWM_BarcodeCondenser_LED_initVar
 .bss           0x1fff8239        0x1 .\CortexM3\ARM_GCC_541\Debug\Half_Skeleton_V2_T1.a(QuadDec_TZ_Cnt16.o)
                0x1fff8239                QuadDec_TZ_Cnt16_initVar
 .bss           0x1fff823a        0x1 .\CortexM3\ARM_GCC_541\Debug\Half_Skeleton_V2_T1.a(QuadDec_Y_Cnt16.o)
                0x1fff823a                QuadDec_Y_Cnt16_initVar
 .bss           0x1fff823b        0x1 .\CortexM3\ARM_GCC_541\Debug\Half_Skeleton_V2_T1.a(wait_timer.o)
                0x1fff823b                wait_timer_initVar
 .bss.__malloc_sbrk_start
                0x1fff823c        0x4 c:/program files (x86)/cypress/psoc creator/4.4/psoc creator/import/gnu/arm/5.4.1/bin/../lib/gcc/arm-none-eabi/5.4.1/../../../../arm-none-eabi/lib/armv7-m\libg_nano.a(lib_a-nano-mallocr.o)
                0x1fff823c                __malloc_sbrk_start
 .bss.__malloc_free_list
                0x1fff8240        0x4 c:/program files (x86)/cypress/psoc creator/4.4/psoc creator/import/gnu/arm/5.4.1/bin/../lib/gcc/arm-none-eabi/5.4.1/../../../../arm-none-eabi/lib/armv7-m\libg_nano.a(lib_a-nano-mallocr.o)
                0x1fff8240                __malloc_free_list
 *(COMMON)
 COMMON         0x1fff8244       0x77 .\CortexM3\ARM_GCC_541\Debug\main.o
                0x1fff8244                Is_Slide_On_Gripper
                0x1fff8248                USB_received
                0x1fff8288                count
                0x1fff828c                USB_transmit
 *fill*         0x1fff82bb        0x1 
 COMMON         0x1fff82bc        0x4 .\CortexM3\ARM_GCC_541\Debug\AS76.o
                0x1fff82bc                command
 COMMON         0x1fff82c0       0x18 .\CortexM3\ARM_GCC_541\Debug\Half_Skeleton_V2_T1.a(SPIM.o)
                0x1fff82c0                SPIM_rxBufferFull
                0x1fff82c4                SPIM_txBuffer
                0x1fff82c9                SPIM_swStatusTx
                0x1fff82cc                SPIM_rxBuffer
                0x1fff82d2                SPIM_txBufferFull
                0x1fff82d3                SPIM_txBufferRead
                0x1fff82d4                SPIM_rxBufferWrite
                0x1fff82d5                SPIM_txBufferWrite
                0x1fff82d6                SPIM_rxBufferRead
                0x1fff82d7                SPIM_swStatusRx
 COMMON         0x1fff82d8       0x16 .\CortexM3\ARM_GCC_541\Debug\Half_Skeleton_V2_T1.a(USB_cdc.o)
                0x1fff82d8                USB_linesControlBitmap
                0x1fff82dc                USB_cdcCommInInterruptEp
                0x1fff82e0                USB_serialStateBitmap
                0x1fff82e4                USB_cdcDataOutEp
                0x1fff82e8                USB_cdcDataInEp
                0x1fff82ec                USB_linesChanged
 *fill*         0x1fff82ee        0x2 
 COMMON         0x1fff82f0       0x98 .\CortexM3\ARM_GCC_541\Debug\Half_Skeleton_V2_T1.a(USB_drv.o)
                0x1fff82f0                USB_transferState
                0x1fff82f1                USB_interfaceNumber
                0x1fff82f2                USB_lastPacketSize
                0x1fff82f4                USB_interfaceClass
                0x1fff82f8                USB_interfaceSetting
                0x1fff82fa                USB_ep0Mode
                0x1fff82fb                USB_device
                0x1fff82fc                USB_deviceAddress
                0x1fff82fd                USB_ep0Toggle
                0x1fff8300                USB_interfaceSettingLast
                0x1fff8302                USB_configurationChanged
                0x1fff8304                USB_interfaceStatus
                0x1fff8306                USB_transferByteCount
                0x1fff8308                USB_configuration
                0x1fff830c                USB_currentTD
                0x1fff8318                USB_ep0Count
                0x1fff8319                USB_deviceStatus
                0x1fff831c                USB_EP
 COMMON         0x1fff8388        0xa .\CortexM3\ARM_GCC_541\Debug\Half_Skeleton_V2_T1.a(USB_hid.o)
                0x1fff8388                USB_hidProtocol
                0x1fff838c                USB_hidIdleRate
                0x1fff8390                USB_hidIdleTimer
 *fill*         0x1fff8392        0x2 
 COMMON         0x1fff8394       0x40 .\CortexM3\ARM_GCC_541\Debug\Half_Skeleton_V2_T1.a(UART_PCB_LOG.o)
                0x1fff8394                UART_PCB_LOG_rxBuffer
 COMMON         0x1fff83d4       0x22 .\CortexM3\ARM_GCC_541\Debug\Half_Skeleton_V2_T1.a(USB_descr.o)
                0x1fff83d4                USB_idSerialNumberStringDescriptor
 *fill*         0x1fff83f6        0x2 
 COMMON         0x1fff83f8        0x4 c:/program files (x86)/cypress/psoc creator/4.4/psoc creator/import/gnu/arm/5.4.1/bin/../lib/gcc/arm-none-eabi/5.4.1/../../../../arm-none-eabi/lib/armv7-m\libg_nano.a(lib_a-reent.o)
                0x1fff83f8                errno
                0x1fff8400                . = ALIGN (0x8)
 *fill*         0x1fff83fc        0x4 
 *(.ram.b)
                0x1fff8400                _end = .
                0x1fff8400                __end = .
                0x1fff8400                PROVIDE (end, .)
                0x1fff8400                PROVIDE (__bss_end__, .)
                0x0000aa98                __cy_region_init_ram = LOADADDR (.data)
                0x000000c8                __cy_region_init_size_ram = (_edata - ADDR (.data))
                0x00000270                __cy_region_zero_size_ram = (_end - _edata)

.heap           0x1fff8400       0x80 load address 0x0000ab60
                0x1fff8400                . = _end
                0x1fff8480                . = (. + 0x80)
 *fill*         0x1fff8400       0x80 
                0x1fff8480                __cy_heap_limit = .

.stack          0x20007800      0x800
                0x20007800                __cy_stack_limit = .
                0x20008000                . = (. + 0x800)
 *fill*         0x20007800      0x800 
                0x00000001                ASSERT ((__cy_stack_limit >= __cy_heap_limit), region RAM overflowed with stack)
                0x00000000                cy_checksum_exclude_size = (CY_APPL_LOADABLE == 0x1)?SIZEOF (.cy_checksum_exclude):0x0
                0x00000001                ASSERT ((cy_checksum_exclude_size <= CY_CHECKSUM_EXCLUDE_SIZE), CY_BOOT: Section .cy_checksum_exclude size exceedes specified limit.)

.cyloadermeta
 *(.cyloadermeta)

.cyloadablemeta
 *(.cyloadablemeta)

.cyconfigecc
 *(.cyconfigecc)

.cycustnvl      0x90000000        0x4
 *(.cycustnvl)
 .cycustnvl     0x90000000        0x4 .\CortexM3\ARM_GCC_541\Debug\cymetadata.o
                0x90000000                cy_meta_custnvl

.cywolatch      0x90100000        0x4
 *(.cywolatch)
 .cywolatch     0x90100000        0x4 .\CortexM3\ARM_GCC_541\Debug\cymetadata.o
                0x90100000                cy_meta_wonvl

.cyeeprom       0x90200000        0x0
 *(.cyeeprom)
                0x00000001                ASSERT ((. <= ((0x90200000 + ee_offset) + ee_size)), .cyeeprom data will not fit in EEPROM)

.cyflashprotect
                0x90400000      0x100
 *(.cyflashprotect)
 .cyflashprotect
                0x90400000      0x100 .\CortexM3\ARM_GCC_541\Debug\cymetadata.o
                0x90400000                cy_meta_flashprotect

.cymeta         0x90500000        0xc
 *(.cymeta)
 .cymeta        0x90500000        0xc .\CortexM3\ARM_GCC_541\Debug\cymetadata.o
                0x90500000                cy_metadata

.rel.dyn        0x0000ab60        0x0 load address 0x9050000c
 .rel.iplt      0x0000ab60        0x0 c:/program files (x86)/cypress/psoc creator/4.4/psoc creator/import/gnu/arm/5.4.1/bin/../lib/gcc/arm-none-eabi/5.4.1/armv7-m/crtbegin.o

.stab
 *(.stab)

.stabstr
 *(.stabstr)

.debug
 *(.debug)

.line
 *(.line)

.debug_srcinfo
 *(.debug_srcinfo)

.debug_sfnames
 *(.debug_sfnames)

.debug_aranges  0x00000000     0x17d0
 *(.debug_aranges)
 .debug_aranges
                0x00000000       0x20 .\CortexM3\ARM_GCC_541\Debug\main.o
 .debug_aranges
                0x00000020      0x1d8 .\CortexM3\ARM_GCC_541\Debug\AS76.o
 .debug_aranges
                0x000001f8       0x60 .\CortexM3\ARM_GCC_541\Debug\cyfitter_cfg.o
 .debug_aranges
                0x00000258       0x18 .\CortexM3\ARM_GCC_541\Debug\cymetadata.o
 .debug_aranges
                0x00000270       0x48 .\CortexM3\ARM_GCC_541\Debug\Cm3Start.o
 .debug_aranges
                0x000002b8       0x38 .\CortexM3\ARM_GCC_541\Debug\Half_Skeleton_V2_T1.a(Pin_CSMotorX.o)
 .debug_aranges
                0x000002f0       0x38 .\CortexM3\ARM_GCC_541\Debug\Half_Skeleton_V2_T1.a(Pin_CSMotorY.o)
 .debug_aranges
                0x00000328       0x38 .\CortexM3\ARM_GCC_541\Debug\Half_Skeleton_V2_T1.a(Pin_CSMotorZ.o)
 .debug_aranges
                0x00000360       0xd8 .\CortexM3\ARM_GCC_541\Debug\Half_Skeleton_V2_T1.a(SPIM.o)
 .debug_aranges
                0x00000438       0x28 .\CortexM3\ARM_GCC_541\Debug\Half_Skeleton_V2_T1.a(SPIM_INT.o)
 .debug_aranges
                0x00000460      0x2a0 .\CortexM3\ARM_GCC_541\Debug\Half_Skeleton_V2_T1.a(CyLib.o)
 .debug_aranges
                0x00000700       0x98 .\CortexM3\ARM_GCC_541\Debug\Half_Skeleton_V2_T1.a(cyPm.o)
 .debug_aranges
                0x00000798       0xc8 .\CortexM3\ARM_GCC_541\Debug\Half_Skeleton_V2_T1.a(USB.o)
 .debug_aranges
                0x00000860       0xe8 .\CortexM3\ARM_GCC_541\Debug\Half_Skeleton_V2_T1.a(USB_cdc.o)
 .debug_aranges
                0x00000948       0x98 .\CortexM3\ARM_GCC_541\Debug\Half_Skeleton_V2_T1.a(USB_drv.o)
 .debug_aranges
                0x000009e0       0x40 .\CortexM3\ARM_GCC_541\Debug\Half_Skeleton_V2_T1.a(USB_episr.o)
 .debug_aranges
                0x00000a20       0x48 .\CortexM3\ARM_GCC_541\Debug\Half_Skeleton_V2_T1.a(USB_hid.o)
 .debug_aranges
                0x00000a68       0x40 .\CortexM3\ARM_GCC_541\Debug\Half_Skeleton_V2_T1.a(USB_pm.o)
 .debug_aranges
                0x00000aa8       0x80 .\CortexM3\ARM_GCC_541\Debug\Half_Skeleton_V2_T1.a(USB_std.o)
 .debug_aranges
                0x00000b28       0x20 .\CortexM3\ARM_GCC_541\Debug\Half_Skeleton_V2_T1.a(USB_vnd.o)
 .debug_aranges
                0x00000b48       0x48 .\CortexM3\ARM_GCC_541\Debug\Half_Skeleton_V2_T1.a(USB_Dp.o)
 .debug_aranges
                0x00000b90       0x78 .\CortexM3\ARM_GCC_541\Debug\Half_Skeleton_V2_T1.a(PWM_CondenserLED.o)
 .debug_aranges
                0x00000c08       0x70 .\CortexM3\ARM_GCC_541\Debug\Half_Skeleton_V2_T1.a(SPIM_IntClock.o)
 .debug_aranges
                0x00000c78       0x60 .\CortexM3\ARM_GCC_541\Debug\Half_Skeleton_V2_T1.a(QuadDec_X.o)
 .debug_aranges
                0x00000cd8       0x20 .\CortexM3\ARM_GCC_541\Debug\Half_Skeleton_V2_T1.a(QuadDec_X_INT.o)
 .debug_aranges
                0x00000cf8       0x98 .\CortexM3\ARM_GCC_541\Debug\Half_Skeleton_V2_T1.a(QuadDec_X_Cnt16.o)
 .debug_aranges
                0x00000d90       0xf0 .\CortexM3\ARM_GCC_541\Debug\Half_Skeleton_V2_T1.a(UART_PCB_LOG.o)
 .debug_aranges
                0x00000e80       0x20 .\CortexM3\ARM_GCC_541\Debug\Half_Skeleton_V2_T1.a(UART_PCB_LOG_INT.o)
 .debug_aranges
                0x00000ea0       0x70 .\CortexM3\ARM_GCC_541\Debug\Half_Skeleton_V2_T1.a(UART_PCB_LOG_IntClock.o)
 .debug_aranges
                0x00000f10       0x38 .\CortexM3\ARM_GCC_541\Debug\Half_Skeleton_V2_T1.a(Pin_Backlight.o)
 .debug_aranges
                0x00000f48       0x38 .\CortexM3\ARM_GCC_541\Debug\Half_Skeleton_V2_T1.a(LED2.o)
 .debug_aranges
                0x00000f80       0x38 .\CortexM3\ARM_GCC_541\Debug\Half_Skeleton_V2_T1.a(Pin_CSMotorO.o)
 .debug_aranges
                0x00000fb8       0x38 .\CortexM3\ARM_GCC_541\Debug\Half_Skeleton_V2_T1.a(Pin_CSMotorT.o)
 .debug_aranges
                0x00000ff0       0x60 .\CortexM3\ARM_GCC_541\Debug\Half_Skeleton_V2_T1.a(QuadDec_TZ.o)
 .debug_aranges
                0x00001050       0x20 .\CortexM3\ARM_GCC_541\Debug\Half_Skeleton_V2_T1.a(QuadDec_TZ_INT.o)
 .debug_aranges
                0x00001070       0x78 .\CortexM3\ARM_GCC_541\Debug\Half_Skeleton_V2_T1.a(PWM_Buzzer.o)
 .debug_aranges
                0x000010e8       0x60 .\CortexM3\ARM_GCC_541\Debug\Half_Skeleton_V2_T1.a(QuadDec_Y.o)
 .debug_aranges
                0x00001148       0x20 .\CortexM3\ARM_GCC_541\Debug\Half_Skeleton_V2_T1.a(QuadDec_Y_INT.o)
 .debug_aranges
                0x00001168       0x78 .\CortexM3\ARM_GCC_541\Debug\Half_Skeleton_V2_T1.a(PWM_BarcodeCondenser_LED.o)
 .debug_aranges
                0x000011e0       0x38 .\CortexM3\ARM_GCC_541\Debug\Half_Skeleton_V2_T1.a(LED3.o)
 .debug_aranges
                0x00001218       0x28 .\CortexM3\ARM_GCC_541\Debug\Half_Skeleton_V2_T1.a(Encoder_T_Z_Select.o)
 .debug_aranges