Archive member included to satisfy reference by file (symbol)

.\CortexM3\ARM_GCC_541\Debug\Half_Skeleton_V2_LED_ARRAY.a(Pin_CSMotorX.o)
                              .\CortexM3\ARM_GCC_541\Debug\AS76.o (Pin_CSMotorX_Write)
.\CortexM3\ARM_GCC_541\Debug\Half_Skeleton_V2_LED_ARRAY.a(Pin_CSMotorY.o)
                              .\CortexM3\ARM_GCC_541\Debug\AS76.o (Pin_CSMotorY_Write)
.\CortexM3\ARM_GCC_541\Debug\Half_Skeleton_V2_LED_ARRAY.a(Pin_CSMotorZ.o)
                              .\CortexM3\ARM_GCC_541\Debug\AS76.o (Pin_CSMotorZ_Write)
.\CortexM3\ARM_GCC_541\Debug\Half_Skeleton_V2_LED_ARRAY.a(SPIM.o)
                              .\CortexM3\ARM_GCC_541\Debug\AS76.o (SPIM_WriteTxData)
.\CortexM3\ARM_GCC_541\Debug\Half_Skeleton_V2_LED_ARRAY.a(SPIM_INT.o)
                              .\CortexM3\ARM_GCC_541\Debug\Half_Skeleton_V2_LED_ARRAY.a(SPIM.o) (SPIM_TX_ISR)
.\CortexM3\ARM_GCC_541\Debug\Half_Skeleton_V2_LED_ARRAY.a(CyLib.o)
                              .\CortexM3\ARM_GCC_541\Debug\Cm3Start.o (CyHalt)
.\CortexM3\ARM_GCC_541\Debug\Half_Skeleton_V2_LED_ARRAY.a(cyPm.o)
                              .\CortexM3\ARM_GCC_541\Debug\Half_Skeleton_V2_LED_ARRAY.a(CyLib.o) (CyPmReadStatus)
.\CortexM3\ARM_GCC_541\Debug\Half_Skeleton_V2_LED_ARRAY.a(USB.o)
                              .\CortexM3\ARM_GCC_541\Debug\AS76.o (USB_Start)
.\CortexM3\ARM_GCC_541\Debug\Half_Skeleton_V2_LED_ARRAY.a(USB_cdc.o)
                              .\CortexM3\ARM_GCC_541\Debug\AS76.o (USB_CDC_Init)
.\CortexM3\ARM_GCC_541\Debug\Half_Skeleton_V2_LED_ARRAY.a(USB_drv.o)
                              .\CortexM3\ARM_GCC_541\Debug\Half_Skeleton_V2_LED_ARRAY.a(USB.o) (USB_lastPacketSize)
.\CortexM3\ARM_GCC_541\Debug\Half_Skeleton_V2_LED_ARRAY.a(USB_episr.o)
                              .\CortexM3\ARM_GCC_541\Debug\Half_Skeleton_V2_LED_ARRAY.a(USB.o) (USB_EP_1_ISR)
.\CortexM3\ARM_GCC_541\Debug\Half_Skeleton_V2_LED_ARRAY.a(USB_hid.o)
                              .\CortexM3\ARM_GCC_541\Debug\Half_Skeleton_V2_LED_ARRAY.a(USB.o) (USB_hidProtocol)
.\CortexM3\ARM_GCC_541\Debug\Half_Skeleton_V2_LED_ARRAY.a(USB_pm.o)
                              .\CortexM3\ARM_GCC_541\Debug\Half_Skeleton_V2_LED_ARRAY.a(USB.o) (USB_DP_ISR)
.\CortexM3\ARM_GCC_541\Debug\Half_Skeleton_V2_LED_ARRAY.a(USB_std.o)
                              .\CortexM3\ARM_GCC_541\Debug\Half_Skeleton_V2_LED_ARRAY.a(USB_pm.o) (USB_ConfigReg)
.\CortexM3\ARM_GCC_541\Debug\Half_Skeleton_V2_LED_ARRAY.a(USB_vnd.o)
                              .\CortexM3\ARM_GCC_541\Debug\Half_Skeleton_V2_LED_ARRAY.a(USB_drv.o) (USB_HandleVendorRqst)
.\CortexM3\ARM_GCC_541\Debug\Half_Skeleton_V2_LED_ARRAY.a(USB_Dp.o)
                              .\CortexM3\ARM_GCC_541\Debug\Half_Skeleton_V2_LED_ARRAY.a(USB.o) (USB_Dp_ClearInterrupt)
.\CortexM3\ARM_GCC_541\Debug\Half_Skeleton_V2_LED_ARRAY.a(PWM_CondenserLED.o)
                              .\CortexM3\ARM_GCC_541\Debug\AS76.o (PWM_CondenserLED_WriteCompare)
.\CortexM3\ARM_GCC_541\Debug\Half_Skeleton_V2_LED_ARRAY.a(SPIM_IntClock.o)
                              .\CortexM3\ARM_GCC_541\Debug\Half_Skeleton_V2_LED_ARRAY.a(SPIM.o) (SPIM_IntClock_Start)
.\CortexM3\ARM_GCC_541\Debug\Half_Skeleton_V2_LED_ARRAY.a(QuadDec_X.o)
                              .\CortexM3\ARM_GCC_541\Debug\AS76.o (QuadDec_X_GetCounter)
.\CortexM3\ARM_GCC_541\Debug\Half_Skeleton_V2_LED_ARRAY.a(QuadDec_X_INT.o)
                              .\CortexM3\ARM_GCC_541\Debug\Half_Skeleton_V2_LED_ARRAY.a(QuadDec_X.o) (QuadDec_X_ISR)
.\CortexM3\ARM_GCC_541\Debug\Half_Skeleton_V2_LED_ARRAY.a(QuadDec_X_Cnt16.o)
                              .\CortexM3\ARM_GCC_541\Debug\Half_Skeleton_V2_LED_ARRAY.a(QuadDec_X.o) (QuadDec_X_Cnt16_Stop)
.\CortexM3\ARM_GCC_541\Debug\Half_Skeleton_V2_LED_ARRAY.a(UART_PCB_LOG.o)
                              .\CortexM3\ARM_GCC_541\Debug\main.o (UART_PCB_LOG_Start)
.\CortexM3\ARM_GCC_541\Debug\Half_Skeleton_V2_LED_ARRAY.a(UART_PCB_LOG_INT.o)
                              .\CortexM3\ARM_GCC_541\Debug\Half_Skeleton_V2_LED_ARRAY.a(UART_PCB_LOG.o) (UART_PCB_LOG_RXISR)
.\CortexM3\ARM_GCC_541\Debug\Half_Skeleton_V2_LED_ARRAY.a(UART_PCB_LOG_IntClock.o)
                              .\CortexM3\ARM_GCC_541\Debug\Half_Skeleton_V2_LED_ARRAY.a(UART_PCB_LOG.o) (UART_PCB_LOG_IntClock_Start)
.\CortexM3\ARM_GCC_541\Debug\Half_Skeleton_V2_LED_ARRAY.a(Pin_Backlight.o)
                              .\CortexM3\ARM_GCC_541\Debug\AS76.o (Pin_Backlight_Write)
.\CortexM3\ARM_GCC_541\Debug\Half_Skeleton_V2_LED_ARRAY.a(LED2.o)
                              .\CortexM3\ARM_GCC_541\Debug\main.o (LED2_Write)
.\CortexM3\ARM_GCC_541\Debug\Half_Skeleton_V2_LED_ARRAY.a(Pin_CSMotorO.o)
                              .\CortexM3\ARM_GCC_541\Debug\AS76.o (Pin_CSMotorO_Write)
.\CortexM3\ARM_GCC_541\Debug\Half_Skeleton_V2_LED_ARRAY.a(Pin_CSMotorT.o)
                              .\CortexM3\ARM_GCC_541\Debug\AS76.o (Pin_CSMotorT_Write)
.\CortexM3\ARM_GCC_541\Debug\Half_Skeleton_V2_LED_ARRAY.a(QuadDec_TZ.o)
[...]
Memory Configuration

Name             Origin             Length             Attributes
rom              0x00000000         0x00040000         xr
ram              0x1fff8000         0x00010000         xrw
*default*        0x00000000         0xffffffff

Linker script and memory map

LOAD c:/program files (x86)/cypress/psoc creator/4.4/psoc creator/import/gnu/arm/5.4.1/bin/../lib/gcc/arm-none-eabi/5.4.1/armv7-m/crti.o
LOAD c:/program files (x86)/cypress/psoc creator/4.4/psoc creator/import/gnu/arm/5.4.1/bin/../lib/gcc/arm-none-eabi/5.4.1/armv7-m/crtbegin.o
LOAD c:/program files (x86)/cypress/psoc creator/4.4/psoc creator/import/gnu/arm/5.4.1/bin/../lib/gcc/arm-none-eabi/5.4.1/../../../../arm-none-eabi/lib/armv7-m/crt0.o
START GROUP
LOAD .\CortexM3\ARM_GCC_541\Debug\main.o
LOAD .\CortexM3\ARM_GCC_541\Debug\AS76.o
LOAD .\CortexM3\ARM_GCC_541\Debug\APA102.o
LOAD .\CortexM3\ARM_GCC_541\Debug\PCA9959.o
LOAD .\CortexM3\ARM_GCC_541\Debug\cyfitter_cfg.o
LOAD .\CortexM3\ARM_GCC_541\Debug\cymetadata.o
LOAD .\CortexM3\ARM_GCC_541\Debug\Cm3Start.o
LOAD .\CortexM3\ARM_GCC_541\Debug\Half_Skeleton_V2_LED_ARRAY.a
LOAD C:\Program Files (x86)\Cypress\PSoC Creator\4.4\PSoC Creator\psoc\content\cycomponentlibrary\CyComponentLibrary.cylib\CortexM3\ARM_GCC_541\Debug\CyComponentLibrary.a
LOAD c:/program files (x86)/cypress/psoc creator/4.4/psoc creator/import/gnu/arm/5.4.1/bin/../lib/gcc/arm-none-eabi/5.4.1/../../../../arm-none-eabi/lib/armv7-m\libm.a
END GROUP
START GROUP
LOAD c:/program files (x86)/cypress/psoc creator/4.4/psoc creator/import/gnu/arm/5.4.1/bin/../lib/gcc/arm-none-eabi/5.4.1/armv7-m\libgcc.a
LOAD c:/program files (x86)/cypress/psoc creator/4.4/psoc creator/import/gnu/arm/5.4.1/bin/../lib/gcc/arm-none-eabi/5.4.1/../../../../arm-none-eabi/lib/armv7-m\libg_nano.a
LOAD c:/program files (x86)/cypress/psoc creator/4.4/psoc creator/import/gnu/arm/5.4.1/bin/../lib/gcc/arm-none-eabi/5.4.1/../../../../arm-none-eabi/lib/armv7-m\libc_nano.a
END GROUP
START GROUP
LOAD c:/program files (x86)/cypress/psoc creator/4.4/psoc creator/import/gnu/arm/5.4.1/bin/../lib/gcc/arm-none-eabi/5.4.1/armv7-m\libgcc.a
LOAD c:/program files (x86)/cypress/psoc creator/4.4/psoc creator/import/gnu/arm/5.4.1/bin/../lib/gcc/arm-none-eabi/5.4.1/../../../../arm-none-eabi/lib/armv7-m\libc_nano.a
END GROUP
LOAD c:/program files (x86)/cypress/psoc creator/4.4/psoc creator/import/gnu/arm/5.4.1/bin/../lib/gcc/arm-none-eabi/5.4.1/armv7-m/crtend.o
LOAD c:/program files (x86)/cypress/psoc creator/4.4/psoc creator/import/gnu/arm/5.4.1/bin/../lib/gcc/arm-none-eabi/5.4.1/armv7-m/crtn.o
START GROUP
LOAD c:/program files (x86)/cypress/psoc creator/4.4/psoc creator/import/gnu/arm/5.4.1/bin/../lib/gcc/arm-none-eabi/5.4.1/armv7-m\libgcc.a
LOAD c:/program files (x86)/cypress/psoc creator/4.4/psoc creator/import/gnu/arm/5.4.1/bin/../lib/gcc/arm-none-eabi/5.4.1/../../../../arm-none-eabi/lib/armv7-m\libc.a
LOAD c:/program files (x86)/cypress/psoc creator/4.4/psoc creator/import/gnu/arm/5.4.1/bin/../lib/gcc/arm-none-eabi/5.4.1/../../../../arm-none-eabi/lib/armv7-m\libnosys.a
END GROUP
                0x00000000                CY_APPL_ORIGIN = 0x0
                0x00000100                CY_FLASH_ROW_SIZE = 0x100
                0x00000020                CY_ECC_ROW_SIZE = 0x20
                0x00000000                CY_EE_IN_BTLDR = 0x0
                0x00000000                CY_APPL_LOADABLE = 0x0
                0x00000800                CY_EE_SIZE = 0x800
                0x00000001                CY_APPL_NUM = 0x1
                0x00000001                CY_APPL_MAX = 0x1
                0x00000040                CY_METADATA_SIZE = 0x40
                0x00000000                CY_APPL_LOADABLE = 0x0
                0x00000000                CY_CHECKSUM_EXCLUDE_SIZE = ALIGN (0x0, CY_FLASH_ROW_SIZE)
                [!provide]                PROVIDE (__cy_heap_start, _end)
                0x00000001                PROVIDE (__cy_region_num, ((__cy_regions_end - __cy_regions) / 0x10))
                0x20008000                PROVIDE (__cy_stack, (ORIGIN (ram) + LENGTH (ram)))
                [!provide]                PROVIDE (__cy_heap_end, (__cy_stack - 0x800))

.cybootloader   0x00000000        0x0
 *(.cybootloader)
                0x00000000                appl1_start = CY_APPL_ORIGIN?CY_APPL_ORIGIN:ALIGN (CY_FLASH_ROW_SIZE)
                0x0001ff00                appl2_start = (appl1_start + ALIGN ((((LENGTH (rom) - appl1_start) - (0x2 * CY_FLASH_ROW_SIZE)) / 0x2), CY_FLASH_ROW_SIZE))
                0x00000000                appl_start = (CY_APPL_NUM == 0x1)?appl1_start:appl2_start
                0x00000000                ecc_offset = ((appl_start / CY_FLASH_ROW_SIZE) * CY_ECC_ROW_SIZE)
                0x00000000                ee_offset = (CY_APPL_LOADABLE && ! (CY_EE_IN_BTLDR))?((CY_EE_SIZE / CY_APPL_MAX) * (CY_APPL_NUM - 0x1)):0x0
                0x00000800                ee_size = (CY_APPL_LOADABLE && ! (CY_EE_IN_BTLDR))?(CY_EE_SIZE / CY_APPL_MAX):CY_EE_SIZE
                [!provide]                PROVIDE (CY_ECC_OFFSET, ecc_offset)

.text           0x00000000     0xb948
 CREATE_OBJECT_SYMBOLS
                0x00000000                PROVIDE (__cy_interrupt_vector, RomVectors)
 *(.romvectors)
 .romvectors    0x00000000       0x10 .\CortexM3\ARM_GCC_541\Debug\Cm3Start.o
                0x00000000                RomVectors
                0x00000001                ASSERT ((. != __cy_interrupt_vector), No interrupt vector)
                0x00000001                ASSERT (CY_APPL_ORIGIN?(SIZEOF (.cybootloader) <= CY_APPL_ORIGIN):0x1, Wrong image location)
                0x00000010                PROVIDE (__cy_reset, Reset)
 *(.text.Reset)
 .text.Reset    0x00000010       0x18 .\CortexM3\ARM_GCC_541\Debug\Cm3Start.o
                0x00000010                Reset
                0x00000001                ASSERT ((. != __cy_reset), No reset code)
 *(.dma_init)
                0x00000001                ASSERT ((((appl_start + .) <= 0x10000) || 0x1), DMA Init must be within the first 64k of flash)
 *(.text .text.* .gnu.linkonce.t.*)
 .text          0x00000028       0x5c c:/program files (x86)/cypress/psoc creator/4.4/psoc creator/import/gnu/arm/5.4.1/bin/../lib/gcc/arm-none-eabi/5.4.1/armv7-m/crtbegin.o
 .text.main     0x00000084      0x114 .\CortexM3\ARM_GCC_541\Debug\main.o
                0x00000084                main
 .text.wait_interrupt_Handler
                0x00000198       0x24 .\CortexM3\ARM_GCC_541\Debug\AS76.o
                0x00000198                wait_interrupt_Handler
 .text.Quad_Timer3
                0x000001bc       0x1c .\CortexM3\ARM_GCC_541\Debug\AS76.o
                0x000001bc                Quad_Timer3
 .text.Quad_Timer
                0x000001d8       0x30 .\CortexM3\ARM_GCC_541\Debug\AS76.o
                0x000001d8                Quad_Timer
 .text.Quad_Timer0
                0x00000208       0x30 .\CortexM3\ARM_GCC_541\Debug\AS76.o
                0x00000208                Quad_Timer0
 .text.Quad_Timer1
                0x00000238       0x30 .\CortexM3\ARM_GCC_541\Debug\AS76.o
                0x00000238                Quad_Timer1
 .text.Quad_Timer2
                0x00000268       0x30 .\CortexM3\ARM_GCC_541\Debug\AS76.o
                0x00000268                Quad_Timer2
 .text.Initialize_PWM
                0x00000298       0x50 .\CortexM3\ARM_GCC_541\Debug\AS76.o
                0x00000298                Initialize_PWM
 .text.Enable_Encoder_T
                0x000002e8       0x18 .\CortexM3\ARM_GCC_541\Debug\AS76.o
                0x000002e8                Enable_Encoder_T
 .text.Enable_Encoder_Z
                0x00000300       0x18 .\CortexM3\ARM_GCC_541\Debug\AS76.o
                0x00000300                Enable_Encoder_Z
 .text.Initialize_And_Start_All_Opt_Encoder
                0x00000318       0x2c .\CortexM3\ARM_GCC_541\Debug\AS76.o
                0x00000318                Initialize_And_Start_All_Opt_Encoder
 .text.Read_All_Optical_Encoder
                0x00000344       0x44 .\CortexM3\ARM_GCC_541\Debug\AS76.o
                0x00000344                Read_All_Optical_Encoder
 .text.Write_Debug_UART_Char
                0x00000388       0x1c .\CortexM3\ARM_GCC_541\Debug\AS76.o
                0x00000388                Write_Debug_UART_Char
 .text.Beep_Once
                0x000003a4       0x24 .\CortexM3\ARM_GCC_541\Debug\AS76.o
                0x000003a4                Beep_Once
 .text.Send_Feedback_to_USB
                0x000003c8      0x2dc .\CortexM3\ARM_GCC_541\Debug\AS76.o
                0x000003c8                Send_Feedback_to_USB
 .text.Initialize_USB
                0x000006a4       0x38 .\CortexM3\ARM_GCC_541\Debug\AS76.o
                0x000006a4                Initialize_USB
 .text.Write_Debug_UART_Int
                0x000006dc       0x34 .\CortexM3\ARM_GCC_541\Debug\AS76.o
                0x000006dc                Write_Debug_UART_Int
 .text.set_BarcodeCondenser_LED
                0x00000710       0x70 .\CortexM3\ARM_GCC_541\Debug\AS76.o
                0x00000710                set_BarcodeCondenser_LED
 .text.set_CondenserLED
                0x00000780       0x70 .\CortexM3\ARM_GCC_541\Debug\AS76.o
                0x00000780                set_CondenserLED
 .text.UART_print_all_values
                0x000007f0       0x24 .\CortexM3\ARM_GCC_541\Debug\AS76.o
                0x000007f0                UART_print_all_values
 .text.if_all_homing_done
                0x00000814       0x78 .\CortexM3\ARM_GCC_541\Debug\AS76.o
                0x00000814                if_all_homing_done
 .text.Is_USB_Unpluged
                0x0000088c       0x40 .\CortexM3\ARM_GCC_541\Debug\AS76.o
                0x0000088c                Is_USB_Unpluged
 .text.Data_To_Transfer
                0x000008cc       0x10 .\CortexM3\ARM_GCC_541\Debug\AS76.o
                0x000008cc                Data_To_Transfer
 .text.SPI_MOTOR_CHIP_SELECT
                0x000008dc       0x98 .\CortexM3\ARM_GCC_541\Debug\AS76.o
                0x000008dc                SPI_MOTOR_CHIP_SELECT
 .text.Read_32bitSPI_DATA
                0x00000974       0xec .\CortexM3\ARM_GCC_541\Debug\AS76.o
                0x00000974                Read_32bitSPI_DATA
 .text.Write_32bitSPI_DATA
                0x00000a60       0x40 .\CortexM3\ARM_GCC_541\Debug\AS76.o
                0x00000a60                Write_32bitSPI_DATA
 .text.GotoPos  0x00000aa0       0x28 .\CortexM3\ARM_GCC_541\Debug\AS76.o
                0x00000aa0                GotoPos
 .text.Initialize_Motor
                0x00000ac8      0x284 .\CortexM3\ARM_GCC_541\Debug\AS76.o
                0x00000ac8                Initialize_Motor
 .text.WaitTillPositionReached
                0x00000d4c       0x54 .\CortexM3\ARM_GCC_541\Debug\AS76.o
                0x00000d4c                WaitTillPositionReached
 .text.Step_correction_x
                0x00000da0      0x100 .\CortexM3\ARM_GCC_541\Debug\AS76.o
                0x00000da0                Step_correction_x
 .text.goTo_X   0x00000ea0       0x8c .\CortexM3\ARM_GCC_541\Debug\AS76.o
                0x00000ea0                goTo_X
 *fill*         0x00000f2c        0x4 
 .text.Step_correction_y
                0x00000f30       0xf0 .\CortexM3\ARM_GCC_541\Debug\AS76.o
                0x00000f30                Step_correction_y
 .text.goTo_Y   0x00001020       0x8c .\CortexM3\ARM_GCC_541\Debug\AS76.o
                0x00001020                goTo_Y
 *fill*         0x000010ac        0x4 
 .text.Step_correction_z
                0x000010b0       0xf0 .\CortexM3\ARM_GCC_541\Debug\AS76.o
                0x000010b0                Step_correction_z
 .text.goTo_Z   0x000011a0       0x9c .\CortexM3\ARM_GCC_541\Debug\AS76.o
                0x000011a0                goTo_Z
 *fill*         0x0000123c        0x4 
 .text.Step_correction_t
                0x00001240       0xf0 .\CortexM3\ARM_GCC_541\Debug\AS76.o
                0x00001240                Step_correction_t
 .text.goTo_T   0x00001330       0xe4 .\CortexM3\ARM_GCC_541\Debug\AS76.o
                0x00001330                goTo_T
 .text.goTo_XYZ
                0x00001414       0xcc .\CortexM3\ARM_GCC_541\Debug\AS76.o
                0x00001414                goTo_XYZ
 .text.update_max_velocity
                0x000014e0       0x10 .\CortexM3\ARM_GCC_541\Debug\AS76.o
                0x000014e0                update_max_velocity
 .text.homeX    0x000014f0      0x1b4 .\CortexM3\ARM_GCC_541\Debug\AS76.o
                0x000014f0                homeX
 .text.homeY    0x000016a4      0x1d4 .\CortexM3\ARM_GCC_541\Debug\AS76.o
                0x000016a4                homeY
 .text.homeZ    0x00001878      0x1d4 .\CortexM3\ARM_GCC_541\Debug\AS76.o
                0x00001878                homeZ
 .text.homeT    0x00001a4c      0x228 .\CortexM3\ARM_GCC_541\Debug\AS76.o
                0x00001a4c                homeT
 .text.run_pump
                0x00001c74       0x90 .\CortexM3\ARM_GCC_541\Debug\AS76.o
                0x00001c74                run_pump
 .text.run_pumpvs
                0x00001d04       0x80 .\CortexM3\ARM_GCC_541\Debug\AS76.o
                0x00001d04                run_pumpvs
 *fill*         0x00001d84        0x4 
 .text.GsV2     0x00001d88       0xc4 .\CortexM3\ARM_GCC_541\Debug\AS76.o
                0x00001d88                GsV2
 *fill*         0x00001e4c        0x4 
 .text.GsV2_1   0x00001e50      0x26c .\CortexM3\ARM_GCC_541\Debug\AS76.o
                0x00001e50                GsV2_1
 *fill*         0x000020bc        0x4 
 .text.GsV2_2   0x000020c0      0x27c .\CortexM3\ARM_GCC_541\Debug\AS76.o
                0x000020c0                GsV2_2
 *fill*         0x0000233c        0x4 
 .text.GsV2_LR  0x00002340      0x2b4 .\CortexM3\ARM_GCC_541\Debug\AS76.o
                0x00002340                GsV2_LR
 *fill*         0x000025f4        0x4 
 .text.GsV2_2_Z
                0x000025f8      0x228 .\CortexM3\ARM_GCC_541\Debug\AS76.o
                0x000025f8                GsV2_2_Z
 .text.Process_USB_Data
                0x00002820     0x1588 .\CortexM3\ARM_GCC_541\Debug\AS76.o
                0x00002820                Process_USB_Data
 .text.LedFrame
                0x00003da8       0x1c .\CortexM3\ARM_GCC_541\Debug\APA102.o
                0x00003da8                LedFrame
 .text.RGB_Byte_TxOp
                0x00003dc4       0x38 .\CortexM3\ARM_GCC_541\Debug\APA102.o
                0x00003dc4                RGB_Byte_TxOp
 .text.BF       0x00003dfc       0xf0 .\CortexM3\ARM_GCC_541\Debug\APA102.o
                0x00003dfc                BF
 .text.BF2      0x00003eec       0x54 .\CortexM3\ARM_GCC_541\Debug\APA102.o
                0x00003eec                BF2
 .text.Ring     0x00003f40      0x208 .\CortexM3\ARM_GCC_541\Debug\APA102.o
                0x00003f40                Ring
 .text.PCA9959_dummy
                0x00004148       0x30 .\CortexM3\ARM_GCC_541\Debug\PCA9959.o
                0x00004148                PCA9959_dummy
 .text.PCA_16Bit_TxOp_1
                0x00004178       0x60 .\CortexM3\ARM_GCC_541\Debug\PCA9959.o
                0x00004178                PCA_16Bit_TxOp_1
 .text.PCA9959_Write_1
                0x000041d8       0x20 .\CortexM3\ARM_GCC_541\Debug\PCA9959.o
                0x000041d8                PCA9959_Write_1
 .text.PageSel_1
                0x000041f8       0x28 .\CortexM3\ARM_GCC_541\Debug\PCA9959.o
                0x000041f8                PageSel_1
 .text.PCA9959_Init_1
                0x00004220       0x28 .\CortexM3\ARM_GCC_541\Debug\PCA9959.o
                0x00004220                PCA9959_Init_1
 .text.PCA_16Bit_TxOp_2
                0x00004248       0x60 .\CortexM3\ARM_GCC_541\Debug\PCA9959.o
                0x00004248                PCA_16Bit_TxOp_2
 .text.PCA9959_Write_2
                0x000042a8       0x20 .\CortexM3\ARM_GCC_541\Debug\PCA9959.o
                0x000042a8                PCA9959_Write_2
 .text.PageSel_2
                0x000042c8       0x28 .\CortexM3\ARM_GCC_541\Debug\PCA9959.o
                0x000042c8                PageSel_2
 .text.PCA9959_Init_2
                0x000042f0       0x28 .\CortexM3\ARM_GCC_541\Debug\PCA9959.o
                0x000042f0                PCA9959_Init_2
 .text.PCA_16Bit_TxOp_3
                0x00004318       0x60 .\CortexM3\ARM_GCC_541\Debug\PCA9959.o
                0x00004318                PCA_16Bit_TxOp_3
 .text.PCA9959_Write_3
                0x00004378       0x20 .\CortexM3\ARM_GCC_541\Debug\PCA9959.o
                0x00004378                PCA9959_Write_3
 .text.PageSel_3
                0x00004398       0x28 .\CortexM3\ARM_GCC_541\Debug\PCA9959.o
                0x00004398                PageSel_3
 .text.PCA9959_Init_3
                0x000043c0       0x28 .\CortexM3\ARM_GCC_541\Debug\PCA9959.o
                0x000043c0                PCA9959_Init_3
 .text.PCA_16Bit_TxOp_4
                0x000043e8       0x60 .\CortexM3\ARM_GCC_541\Debug\PCA9959.o
                0x000043e8                PCA_16Bit_TxOp_4
 .text.PCA9959_Write_4
                0x00004448       0x20 .\CortexM3\ARM_GCC_541\Debug\PCA9959.o
                0x00004448                PCA9959_Write_4
 .text.PageSel_4
                0x00004468       0x28 .\CortexM3\ARM_GCC_541\Debug\PCA9959.o
                0x00004468                PageSel_4
 .text.PCA9959_Init_4
                0x00004490       0x28 .\CortexM3\ARM_GCC_541\Debug\PCA9959.o
                0x00004490                PCA9959_Init_4
 .text.PCA9959_clear
                0x000044b8      0x654 .\CortexM3\ARM_GCC_541\Debug\PCA9959.o
                0x000044b8                PCA9959_clear
 .text.Reset_Driver
                0x00004b0c       0x1c .\CortexM3\ARM_GCC_541\Debug\PCA9959.o
                0x00004b0c                Reset_Driver
 .text.PCA9959_Init_all
                0x00004b28       0x18 .\CortexM3\ARM_GCC_541\Debug\PCA9959.o
                0x00004b28                PCA9959_Init_all
 .text.PCA9959_ChnEn
                0x00004b40     0x14e8 .\CortexM3\ARM_GCC_541\Debug\PCA9959.o
                0x00004b40                PCA9959_ChnEn
 .text.CyClockStartupError
                0x00006028        0x4 .\CortexM3\ARM_GCC_541\Debug\cyfitter_cfg.o
 .text.cfg_write_bytes32
                0x0000602c       0x34 .\CortexM3\ARM_GCC_541\Debug\cyfitter_cfg.o
 .text.AnalogSetDefault
                0x00006060       0x28 .\CortexM3\ARM_GCC_541\Debug\cyfitter_cfg.o
 .text.CYMEMZERO
                0x00006088        0xc .\CortexM3\ARM_GCC_541\Debug\cyfitter_cfg.o
 .text.CYCONFIGCPYCODE
                0x00006094        0x8 .\CortexM3\ARM_GCC_541\Debug\cyfitter_cfg.o
 .text.CYCONFIGCPY
                0x0000609c        0x8 .\CortexM3\ARM_GCC_541\Debug\cyfitter_cfg.o
 .text.ClockSetup
                0x000060a4       0xe8 .\CortexM3\ARM_GCC_541\Debug\cyfitter_cfg.o
 .text.cyfitter_cfg
                0x0000618c      0x178 .\CortexM3\ARM_GCC_541\Debug\cyfitter_cfg.o
                0x0000618c                cyfitter_cfg
 .text.IntDefaultHandler
                0x00006304       0x10 .\CortexM3\ARM_GCC_541\Debug\Cm3Start.o
                0x00006304                IntDefaultHandler
 .text._sbrk    0x00006314       0x30 .\CortexM3\ARM_GCC_541\Debug\Cm3Start.o
                0x00006314                _sbrk
 .text.Start_c  0x00006344       0x4c .\CortexM3\ARM_GCC_541\Debug\Cm3Start.o
                0x00006344                Start_c
 .text.initialize_psoc
                0x00006390       0x68 .\CortexM3\ARM_GCC_541\Debug\Cm3Start.o
                0x00006390                initialize_psoc
 .text.Pin_CSMotorX_Write
                0x000063f8       0x18 .\CortexM3\ARM_GCC_541\Debug\Half_Skeleton_V2_LED_ARRAY.a(Pin_CSMotorX.o)
                0x000063f8                Pin_CSMotorX_Write
 .text.Pin_CSMotorY_Write
                0x00006410       0x18 .\CortexM3\ARM_GCC_541\Debug\Half_Skeleton_V2_LED_ARRAY.a(Pin_CSMotorY.o)
                0x00006410                Pin_CSMotorY_Write
 .text.Pin_CSMotorZ_Write
                0x00006428       0x18 .\CortexM3\ARM_GCC_541\Debug\Half_Skeleton_V2_LED_ARRAY.a(Pin_CSMotorZ.o)
                0x00006428                Pin_CSMotorZ_Write
 .text.SPIM_EnableTxInt
                0x00006440        0xc .\CortexM3\ARM_GCC_541\Debug\Half_Skeleton_V2_LED_ARRAY.a(SPIM.o)
                0x00006440                SPIM_EnableTxInt
 .text.SPIM_EnableRxInt
                0x0000644c        0xc .\CortexM3\ARM_GCC_541\Debug\Half_Skeleton_V2_LED_ARRAY.a(SPIM.o)
                0x0000644c                SPIM_EnableRxInt
 .text.SPIM_Enable
                0x00006458       0x3c .\CortexM3\ARM_GCC_541\Debug\Half_Skeleton_V2_LED_ARRAY.a(SPIM.o)
                0x00006458                SPIM_Enable
 .text.SPIM_DisableTxInt
                0x00006494        0xc .\CortexM3\ARM_GCC_541\Debug\Half_Skeleton_V2_LED_ARRAY.a(SPIM.o)
                0x00006494                SPIM_DisableTxInt
 .text.SPIM_DisableRxInt
                0x000064a0        0xc .\CortexM3\ARM_GCC_541\Debug\Half_Skeleton_V2_LED_ARRAY.a(SPIM.o)
                0x000064a0                SPIM_DisableRxInt
 .text.SPIM_ReadTxStatus
                0x000064ac       0x28 .\CortexM3\ARM_GCC_541\Debug\Half_Skeleton_V2_LED_ARRAY.a(SPIM.o)
                0x000064ac                SPIM_ReadTxStatus
 .text.SPIM_ReadRxStatus
                0x000064d4       0x28 .\CortexM3\ARM_GCC_541\Debug\Half_Skeleton_V2_LED_ARRAY.a(SPIM.o)
                0x000064d4                SPIM_ReadRxStatus
 .text.SPIM_WriteTxData
                0x000064fc       0xd4 .\CortexM3\ARM_GCC_541\Debug\Half_Skeleton_V2_LED_ARRAY.a(SPIM.o)
                0x000064fc                SPIM_WriteTxData
 .text.SPIM_ReadRxData
                0x000065d0       0x64 .\CortexM3\ARM_GCC_541\Debug\Half_Skeleton_V2_LED_ARRAY.a(SPIM.o)
                0x000065d0                SPIM_ReadRxData
 .text.SPIM_ClearFIFO
                0x00006634       0x3c .\CortexM3\ARM_GCC_541\Debug\Half_Skeleton_V2_LED_ARRAY.a(SPIM.o)
                0x00006634                SPIM_ClearFIFO
 .text.SPIM_Init
                0x00006670       0x90 .\CortexM3\ARM_GCC_541\Debug\Half_Skeleton_V2_LED_ARRAY.a(SPIM.o)
                0x00006670                SPIM_Init
 .text.SPIM_Start
                0x00006700       0x1c .\CortexM3\ARM_GCC_541\Debug\Half_Skeleton_V2_LED_ARRAY.a(SPIM.o)
                0x00006700                SPIM_Start
 .text.SPIM_TX_ISR
                0x0000671c       0xa0 .\CortexM3\ARM_GCC_541\Debug\Half_Skeleton_V2_LED_ARRAY.a(SPIM_INT.o)
                0x0000671c                SPIM_TX_ISR
 .text.SPIM_RX_ISR
                0x000067bc       0xa0 .\CortexM3\ARM_GCC_541\Debug\Half_Skeleton_V2_LED_ARRAY.a(SPIM_INT.o)
                0x000067bc                SPIM_RX_ISR
 .text.CyHalt   0x0000685c        0x4 .\CortexM3\ARM_GCC_541\Debug\Half_Skeleton_V2_LED_ARRAY.a(CyLib.o)
                0x0000685c                CyHalt
 .text.CySoftwareReset
                0x00006860       0x10 .\CortexM3\ARM_GCC_541\Debug\Half_Skeleton_V2_LED_ARRAY.a(CyLib.o)
                0x00006860                CySoftwareReset
 .text.CyDelay  0x00006870       0x2c .\CortexM3\ARM_GCC_541\Debug\Half_Skeleton_V2_LED_ARRAY.a(CyLib.o)
                0x00006870                CyDelay
 .text.CyDelayUs
                0x0000689c       0x14 .\CortexM3\ARM_GCC_541\Debug\Half_Skeleton_V2_LED_ARRAY.a(CyLib.o)
                0x0000689c                CyDelayUs
 .text.CyIntSetVector
                0x000068b0       0x28 .\CortexM3\ARM_GCC_541\Debug\Half_Skeleton_V2_LED_ARRAY.a(CyLib.o)
                0x000068b0                CyIntSetVector
 .text.CyIntSetPriority
                0x000068d8       0x30 .\CortexM3\ARM_GCC_541\Debug\Half_Skeleton_V2_LED_ARRAY.a(CyLib.o)
                0x000068d8                CyIntSetPriority
 .text.CyGetUniqueId
                0x00006908       0x70 .\CortexM3\ARM_GCC_541\Debug\Half_Skeleton_V2_LED_ARRAY.a(CyLib.o)
                0x00006908                CyGetUniqueId
 .text.USB_Init
                0x00006978      0x140 .\CortexM3\ARM_GCC_541\Debug\Half_Skeleton_V2_LED_ARRAY.a(USB.o)
                0x00006978                USB_Init
 .text.USB_InitComponent
                0x00006ab8       0xd0 .\CortexM3\ARM_GCC_541\Debug\Half_Skeleton_V2_LED_ARRAY.a(USB.o)
                0x00006ab8                USB_InitComponent
 .text.USB_Start
                0x00006b88       0x24 .\CortexM3\ARM_GCC_541\Debug\Half_Skeleton_V2_LED_ARRAY.a(USB.o)
                0x00006b88                USB_Start
 .text.USB_ReInitComponent
                0x00006bac       0x64 .\CortexM3\ARM_GCC_541\Debug\Half_Skeleton_V2_LED_ARRAY.a(USB.o)
                0x00006bac                USB_ReInitComponent
 .text.USB_GetConfiguration
                0x00006c10        0xc .\CortexM3\ARM_GCC_541\Debug\Half_Skeleton_V2_LED_ARRAY.a(USB.o)
                0x00006c10                USB_GetConfiguration
 .text.USB_IsConfigurationChanged
                0x00006c1c       0x20 .\CortexM3\ARM_GCC_541\Debug\Half_Skeleton_V2_LED_ARRAY.a(USB.o)
                0x00006c1c                USB_IsConfigurationChanged
 .text.USB_GetEPState
                0x00006c3c       0x14 .\CortexM3\ARM_GCC_541\Debug\Half_Skeleton_V2_LED_ARRAY.a(USB.o)
                0x00006c3c                USB_GetEPState
 .text.USB_GetEPCount
                0x00006c50       0x28 .\CortexM3\ARM_GCC_541\Debug\Half_Skeleton_V2_LED_ARRAY.a(USB.o)
                0x00006c50                USB_GetEPCount
 .text.USB_LoadInEP
                0x00006c78       0x94 .\CortexM3\ARM_GCC_541\Debug\Half_Skeleton_V2_LED_ARRAY.a(USB.o)
                0x00006c78                USB_LoadInEP
 .text.USB_EnableOutEP
                0x00006d0c       0x2c .\CortexM3\ARM_GCC_541\Debug\Half_Skeleton_V2_LED_ARRAY.a(USB.o)
                0x00006d0c                USB_EnableOutEP
 .text.USB_ReadOutEP
                0x00006d38       0x50 .\CortexM3\ARM_GCC_541\Debug\Half_Skeleton_V2_LED_ARRAY.a(USB.o)
                0x00006d38                USB_ReadOutEP
 .text.USB_EnableSofInt
                0x00006d88       0x10 .\CortexM3\ARM_GCC_541\Debug\Half_Skeleton_V2_LED_ARRAY.a(USB.o)
                0x00006d88                USB_EnableSofInt
 .text.USB_GetInterfaceComPort
                0x00006d98       0x38 .\CortexM3\ARM_GCC_541\Debug\Half_Skeleton_V2_LED_ARRAY.a(USB_cdc.o)
                0x00006d98                USB_GetInterfaceComPort
 .text.USB_DispatchCDCClassRqst
                0x00006dd0       0x98 .\CortexM3\ARM_GCC_541\Debug\Half_Skeleton_V2_LED_ARRAY.a(USB_cdc.o)
                0x00006dd0                USB_DispatchCDCClassRqst
 .text.USB_CDC_Init
                0x00006e68       0x98 .\CortexM3\ARM_GCC_541\Debug\Half_Skeleton_V2_LED_ARRAY.a(USB_cdc.o)
                0x00006e68                USB_CDC_Init
 .text.USB_PutData
                0x00006f00       0x50 .\CortexM3\ARM_GCC_541\Debug\Half_Skeleton_V2_LED_ARRAY.a(USB_cdc.o)
                0x00006f00                USB_PutData
 .text.USB_DataIsReady
                0x00006f50       0x18 .\CortexM3\ARM_GCC_541\Debug\Half_Skeleton_V2_LED_ARRAY.a(USB_cdc.o)
                0x00006f50                USB_DataIsReady
 .text.USB_GetAll
                0x00006f68       0x30 .\CortexM3\ARM_GCC_541\Debug\Half_Skeleton_V2_LED_ARRAY.a(USB_cdc.o)
                0x00006f68                USB_GetAll
 .text.USB_Cdc_EpInit
                0x00006f98       0x50 .\CortexM3\ARM_GCC_541\Debug\Half_Skeleton_V2_LED_ARRAY.a(USB_cdc.o)
                0x00006f98                USB_Cdc_EpInit
 .text.USB_LoadEP0
                0x00006fe8       0x98 .\CortexM3\ARM_GCC_541\Debug\Half_Skeleton_V2_LED_ARRAY.a(USB_drv.o)
                0x00006fe8                USB_LoadEP0
 .text.USB_InitZeroLengthControlTransfer
                0x00007080       0x34 .\CortexM3\ARM_GCC_541\Debug\Half_Skeleton_V2_LED_ARRAY.a(USB_drv.o)
                0x00007080                USB_InitZeroLengthControlTransfer
 .text.USB_ControlReadDataStage
                0x000070b4        0x8 .\CortexM3\ARM_GCC_541\Debug\Half_Skeleton_V2_LED_ARRAY.a(USB_drv.o)
                0x000070b4                USB_ControlReadDataStage
 .text.USB_ControlWriteDataStage
                0x000070bc       0x84 .\CortexM3\ARM_GCC_541\Debug\Half_Skeleton_V2_LED_ARRAY.a(USB_drv.o)
                0x000070bc                USB_ControlWriteDataStage
 .text.USB_InitNoDataControlTransfer
                0x00007140       0x2c .\CortexM3\ARM_GCC_541\Debug\Half_Skeleton_V2_LED_ARRAY.a(USB_drv.o)
                0x00007140                USB_InitNoDataControlTransfer
 .text.USB_UpdateStatusBlock
                0x0000716c       0x24 .\CortexM3\ARM_GCC_541\Debug\Half_Skeleton_V2_LED_ARRAY.a(USB_drv.o)
                0x0000716c                USB_UpdateStatusBlock
 .text.USB_HandleSetup
                0x00007190       0x5c .\CortexM3\ARM_GCC_541\Debug\Half_Skeleton_V2_LED_ARRAY.a(USB_drv.o)
                0x00007190                USB_HandleSetup
 .text.USB_ControlReadStatusStage
                0x000071ec       0x38 .\CortexM3\ARM_GCC_541\Debug\Half_Skeleton_V2_LED_ARRAY.a(USB_drv.o)
                0x000071ec                USB_ControlReadStatusStage
 .text.USB_HandleOUT
                0x00007224       0x38 .\CortexM3\ARM_GCC_541\Debug\Half_Skeleton_V2_LED_ARRAY.a(USB_drv.o)
                0x00007224                USB_HandleOUT
 .text.USB_ControlWriteStatusStage
                0x0000725c       0x20 .\CortexM3\ARM_GCC_541\Debug\Half_Skeleton_V2_LED_ARRAY.a(USB_drv.o)
                0x0000725c                USB_ControlWriteStatusStage
 .text.USB_NoDataControlStatusStage
                0x0000727c       0x40 .\CortexM3\ARM_GCC_541\Debug\Half_Skeleton_V2_LED_ARRAY.a(USB_drv.o)
                0x0000727c                USB_NoDataControlStatusStage
 .text.USB_HandleIN
                0x000072bc       0x2c .\CortexM3\ARM_GCC_541\Debug\Half_Skeleton_V2_LED_ARRAY.a(USB_drv.o)
                0x000072bc                USB_HandleIN
 .text.USB_EP_0_ISR
                0x000072e8       0xb8 .\CortexM3\ARM_GCC_541\Debug\Half_Skeleton_V2_LED_ARRAY.a(USB_drv.o)
                0x000072e8                USB_EP_0_ISR
 .text.USB_InitializeStatusBlock
                0x000073a0       0x24 .\CortexM3\ARM_GCC_541\Debug\Half_Skeleton_V2_LED_ARRAY.a(USB_drv.o)
                0x000073a0                USB_InitializeStatusBlock
 .text.USB_InitControlRead
                0x000073c4       0x50 .\CortexM3\ARM_GCC_541\Debug\Half_Skeleton_V2_LED_ARRAY.a(USB_drv.o)
                0x000073c4                USB_InitControlRead
 .text.USB_InitControlWrite
                0x00007414       0x48 .\CortexM3\ARM_GCC_541\Debug\Half_Skeleton_V2_LED_ARRAY.a(USB_drv.o)
                0x00007414                USB_InitControlWrite
 .text.USB_EP_1_ISR
                0x0000745c       0x30 .\CortexM3\ARM_GCC_541\Debug\Half_Skeleton_V2_LED_ARRAY.a(USB_episr.o)
                0x0000745c                USB_EP_1_ISR
 .text.USB_EP_2_ISR
                0x0000748c       0x34 .\CortexM3\ARM_GCC_541\Debug\Half_Skeleton_V2_LED_ARRAY.a(USB_episr.o)
                0x0000748c                USB_EP_2_ISR
 .text.USB_EP_3_ISR
                0x000074c0       0x3c .\CortexM3\ARM_GCC_541\Debug\Half_Skeleton_V2_LED_ARRAY.a(USB_episr.o)
                0x000074c0                USB_EP_3_ISR
 .text.USB_SOF_ISR
                0x000074fc        0x4 .\CortexM3\ARM_GCC_541\Debug\Half_Skeleton_V2_LED_ARRAY.a(USB_episr.o)
                0x000074fc                USB_SOF_ISR
 .text.USB_BUS_RESET_ISR
                0x00007500        0x8 .\CortexM3\ARM_GCC_541\Debug\Half_Skeleton_V2_LED_ARRAY.a(USB_episr.o)
                0x00007500                USB_BUS_RESET_ISR
 .text.USB_FindHidClassDecriptor
                0x00007508       0x44 .\CortexM3\ARM_GCC_541\Debug\Half_Skeleton_V2_LED_ARRAY.a(USB_hid.o)
                0x00007508                USB_FindHidClassDecriptor
 .text.USB_FindReportDescriptor
                0x0000754c       0x4c .\CortexM3\ARM_GCC_541\Debug\Half_Skeleton_V2_LED_ARRAY.a(USB_hid.o)
                0x0000754c                USB_FindReportDescriptor
 .text.USB_FindReport
                0x00007598       0x80 .\CortexM3\ARM_GCC_541\Debug\Half_Skeleton_V2_LED_ARRAY.a(USB_hid.o)
                0x00007598                USB_FindReport
 .text.USB_DispatchHIDClassRqst
                0x00007618      0x184 .\CortexM3\ARM_GCC_541\Debug\Half_Skeleton_V2_LED_ARRAY.a(USB_hid.o)
                0x00007618                USB_DispatchHIDClassRqst
 .text.USB_DP_ISR
                0x0000779c        0x8 .\CortexM3\ARM_GCC_541\Debug\Half_Skeleton_V2_LED_ARRAY.a(USB_pm.o)
                0x0000779c                USB_DP_ISR
 .text.USB_ReadDieID
                0x000077a4       0x6c .\CortexM3\ARM_GCC_541\Debug\Half_Skeleton_V2_LED_ARRAY.a(USB_std.o)
                0x000077a4                USB_ReadDieID
 .text.USB_ConfigReg
                0x00007810       0xa4 .\CortexM3\ARM_GCC_541\Debug\Half_Skeleton_V2_LED_ARRAY.a(USB_std.o)
                0x00007810                USB_ConfigReg
 .text.USB_GetConfigTablePtr
                0x000078b4       0x28 .\CortexM3\ARM_GCC_541\Debug\Half_Skeleton_V2_LED_ARRAY.a(USB_std.o)
                0x000078b4                USB_GetConfigTablePtr
 .text.USB_ConfigAltChanged
                0x000078dc      0x11c .\CortexM3\ARM_GCC_541\Debug\Half_Skeleton_V2_LED_ARRAY.a(USB_std.o)
                0x000078dc                USB_ConfigAltChanged
 .text.USB_GetDeviceTablePtr
                0x000079f8       0x18 .\CortexM3\ARM_GCC_541\Debug\Half_Skeleton_V2_LED_ARRAY.a(USB_std.o)
                0x000079f8                USB_GetDeviceTablePtr
 .text.USB_GetInterfaceClassTablePtr
                0x00007a10       0x28 .\CortexM3\ARM_GCC_541\Debug\Half_Skeleton_V2_LED_ARRAY.a(USB_std.o)
                0x00007a10                USB_GetInterfaceClassTablePtr
 .text.USB_Config
                0x00007a38      0x1ec .\CortexM3\ARM_GCC_541\Debug\Half_Skeleton_V2_LED_ARRAY.a(USB_std.o)
                0x00007a38                USB_Config
 .text.USB_SetEndpointHalt
                0x00007c24       0x64 .\CortexM3\ARM_GCC_541\Debug\Half_Skeleton_V2_LED_ARRAY.a(USB_std.o)
                0x00007c24                USB_SetEndpointHalt
 .text.USB_ClearEndpointHalt
                0x00007c88       0xac .\CortexM3\ARM_GCC_541\Debug\Half_Skeleton_V2_LED_ARRAY.a(USB_std.o)
                0x00007c88                USB_ClearEndpointHalt
 .text.USB_ValidateAlternateSetting
                0x00007d34       0x4c .\CortexM3\ARM_GCC_541\Debug\Half_Skeleton_V2_LED_ARRAY.a(USB_std.o)
                0x00007d34                USB_ValidateAlternateSetting
 .text.USB_HandleStandardRqst
                0x00007d80      0x35c .\CortexM3\ARM_GCC_541\Debug\Half_Skeleton_V2_LED_ARRAY.a(USB_std.o)
                0x00007d80                USB_HandleStandardRqst
 .text.USB_HandleVendorRqst
                0x000080dc       0x3c .\CortexM3\ARM_GCC_541\Debug\Half_Skeleton_V2_LED_ARRAY.a(USB_vnd.o)
                0x000080dc                USB_HandleVendorRqst
 .text.USB_Dp_ClearInterrupt
                0x00008118       0x10 .\CortexM3\ARM_GCC_541\Debug\Half_Skeleton_V2_LED_ARRAY.a(USB_Dp.o)
                0x00008118                USB_Dp_ClearInterrupt
 .text.PWM_CondenserLED_Enable
                0x00008128       0x28 .\CortexM3\ARM_GCC_541\Debug\Half_Skeleton_V2_LED_ARRAY.a(PWM_CondenserLED.o)
                0x00008128                PWM_CondenserLED_Enable
 .text.PWM_CondenserLED_WritePeriod
                0x00008150        0xc .\CortexM3\ARM_GCC_541\Debug\Half_Skeleton_V2_LED_ARRAY.a(PWM_CondenserLED.o)
                0x00008150                PWM_CondenserLED_WritePeriod
 .text.PWM_CondenserLED_WriteCompare
                0x0000815c        0xc .\CortexM3\ARM_GCC_541\Debug\Half_Skeleton_V2_LED_ARRAY.a(PWM_CondenserLED.o)
                0x0000815c                PWM_CondenserLED_WriteCompare
 .text.PWM_CondenserLED_SetInterruptMode
                0x00008168        0xc .\CortexM3\ARM_GCC_541\Debug\Half_Skeleton_V2_LED_ARRAY.a(PWM_CondenserLED.o)
                0x00008168                PWM_CondenserLED_SetInterruptMode
 .text.PWM_CondenserLED_Init
                0x00008174       0x74 .\CortexM3\ARM_GCC_541\Debug\Half_Skeleton_V2_LED_ARRAY.a(PWM_CondenserLED.o)
                0x00008174                PWM_CondenserLED_Init
 .text.PWM_CondenserLED_Start
                0x000081e8       0x1c .\CortexM3\ARM_GCC_541\Debug\Half_Skeleton_V2_LED_ARRAY.a(PWM_CondenserLED.o)
                0x000081e8                PWM_CondenserLED_Start
 .text.SPIM_IntClock_Start
                0x00008204       0x1c .\CortexM3\ARM_GCC_541\Debug\Half_Skeleton_V2_LED_ARRAY.a(SPIM_IntClock.o)
                0x00008204                SPIM_IntClock_Start
 .text.QuadDec_X_Init
                0x00008220       0x24 .\CortexM3\ARM_GCC_541\Debug\Half_Skeleton_V2_LED_ARRAY.a(QuadDec_X.o)
                0x00008220                QuadDec_X_Init
 .text.QuadDec_X_GetCounter
                0x00008244       0x2c .\CortexM3\ARM_GCC_541\Debug\Half_Skeleton_V2_LED_ARRAY.a(QuadDec_X.o)
                0x00008244                QuadDec_X_GetCounter
 .text.QuadDec_X_SetCounter
                0x00008270       0x28 .\CortexM3\ARM_GCC_541\Debug\Half_Skeleton_V2_LED_ARRAY.a(QuadDec_X.o)
                0x00008270                QuadDec_X_SetCounter
 .text.QuadDec_X_GetEvents
                0x00008298       0x10 .\CortexM3\ARM_GCC_541\Debug\Half_Skeleton_V2_LED_ARRAY.a(QuadDec_X.o)
                0x00008298                QuadDec_X_GetEvents
 .text.QuadDec_X_SetInterruptMask
                0x000082a8       0x10 .\CortexM3\ARM_GCC_541\Debug\Half_Skeleton_V2_LED_ARRAY.a(QuadDec_X.o)
                0x000082a8                QuadDec_X_SetInterruptMask
 .text.QuadDec_X_Enable
                0x000082b8       0x30 .\CortexM3\ARM_GCC_541\Debug\Half_Skeleton_V2_LED_ARRAY.a(QuadDec_X.o)
                0x000082b8                QuadDec_X_Enable
 .text.QuadDec_X_Start
                0x000082e8       0x34 .\CortexM3\ARM_GCC_541\Debug\Half_Skeleton_V2_LED_ARRAY.a(QuadDec_X.o)
                0x000082e8                QuadDec_X_Start
 .text.QuadDec_X_ISR
                0x0000831c       0x40 .\CortexM3\ARM_GCC_541\Debug\Half_Skeleton_V2_LED_ARRAY.a(QuadDec_X_INT.o)
                0x0000831c                QuadDec_X_ISR
 .text.QuadDec_X_Cnt16_Enable
                0x0000835c       0x10 .\CortexM3\ARM_GCC_541\Debug\Half_Skeleton_V2_LED_ARRAY.a(QuadDec_X_Cnt16.o)
                0x0000835c                QuadDec_X_Cnt16_Enable
 .text.QuadDec_X_Cnt16_SetInterruptMode
                0x0000836c        0xc .\CortexM3\ARM_GCC_541\Debug\Half_Skeleton_V2_LED_ARRAY.a(QuadDec_X_Cnt16.o)
                0x0000836c                QuadDec_X_Cnt16_SetInterruptMode
 .text.QuadDec_X_Cnt16_ReadStatusRegister
                0x00008378        0xc .\CortexM3\ARM_GCC_541\Debug\Half_Skeleton_V2_LED_ARRAY.a(QuadDec_X_Cnt16.o)
                0x00008378                QuadDec_X_Cnt16_ReadStatusRegister
 .text.QuadDec_X_Cnt16_WriteCounter
                0x00008384        0xc .\CortexM3\ARM_GCC_541\Debug\Half_Skeleton_V2_LED_ARRAY.a(QuadDec_X_Cnt16.o)
                0x00008384                QuadDec_X_Cnt16_WriteCounter
 .text.QuadDec_X_Cnt16_ReadCounter
                0x00008390       0x14 .\CortexM3\ARM_GCC_541\Debug\Half_Skeleton_V2_LED_ARRAY.a(QuadDec_X_Cnt16.o)
                0x00008390                QuadDec_X_Cnt16_ReadCounter
 .text.QuadDec_X_Cnt16_ReadCapture
                0x000083a4        0xc .\CortexM3\ARM_GCC_541\Debug\Half_Skeleton_V2_LED_ARRAY.a(QuadDec_X_Cnt16.o)
                0x000083a4                QuadDec_X_Cnt16_ReadCapture
 .text.QuadDec_X_Cnt16_WritePeriod
                0x000083b0        0xc .\CortexM3\ARM_GCC_541\Debug\Half_Skeleton_V2_LED_ARRAY.a(QuadDec_X_Cnt16.o)
                0x000083b0                QuadDec_X_Cnt16_WritePeriod
 .text.QuadDec_X_Cnt16_WriteCompare
                0x000083bc        0xc .\CortexM3\ARM_GCC_541\Debug\Half_Skeleton_V2_LED_ARRAY.a(QuadDec_X_Cnt16.o)
                0x000083bc                QuadDec_X_Cnt16_WriteCompare
 .text.QuadDec_X_Cnt16_ClearFIFO
                0x000083c8       0x14 .\CortexM3\ARM_GCC_541\Debug\Half_Skeleton_V2_LED_ARRAY.a(QuadDec_X_Cnt16.o)
                0x000083c8                QuadDec_X_Cnt16_ClearFIFO
 .text.QuadDec_X_Cnt16_Init
                0x000083dc       0x58 .\CortexM3\ARM_GCC_541\Debug\Half_Skeleton_V2_LED_ARRAY.a(QuadDec_X_Cnt16.o)
                0x000083dc                QuadDec_X_Cnt16_Init
 .text.QuadDec_X_Cnt16_Start
                0x00008434       0x1c .\CortexM3\ARM_GCC_541\Debug\Half_Skeleton_V2_LED_ARRAY.a(QuadDec_X_Cnt16.o)
                0x00008434                QuadDec_X_Cnt16_Start
 .text.UART_PCB_LOG_Init
                0x00008450       0x44 .\CortexM3\ARM_GCC_541\Debug\Half_Skeleton_V2_LED_ARRAY.a(UART_PCB_LOG.o)
                0x00008450                UART_PCB_LOG_Init
 .text.UART_PCB_LOG_Enable
                0x00008494       0x48 .\CortexM3\ARM_GCC_541\Debug\Half_Skeleton_V2_LED_ARRAY.a(UART_PCB_LOG.o)
                0x00008494                UART_PCB_LOG_Enable
 .text.UART_PCB_LOG_Start
                0x000084dc       0x1c .\CortexM3\ARM_GCC_541\Debug\Half_Skeleton_V2_LED_ARRAY.a(UART_PCB_LOG.o)
                0x000084dc                UART_PCB_LOG_Start
 .text.UART_PCB_LOG_PutChar
                0x000084f8       0x18 .\CortexM3\ARM_GCC_541\Debug\Half_Skeleton_V2_LED_ARRAY.a(UART_PCB_LOG.o)
                0x000084f8                UART_PCB_LOG_PutChar
 .text.UART_PCB_LOG_PutString
                0x00008510       0x24 .\CortexM3\ARM_GCC_541\Debug\Half_Skeleton_V2_LED_ARRAY.a(UART_PCB_LOG.o)
                0x00008510                UART_PCB_LOG_PutString
 .text.UART_PCB_LOG_RXISR
                0x00008534       0x98 .\CortexM3\ARM_GCC_541\Debug\Half_Skeleton_V2_LED_ARRAY.a(UART_PCB_LOG_INT.o)
                0x00008534                UART_PCB_LOG_RXISR
 .text.UART_PCB_LOG_IntClock_Start
                0x000085cc       0x1c .\CortexM3\ARM_GCC_541\Debug\Half_Skeleton_V2_LED_ARRAY.a(UART_PCB_LOG_IntClock.o)
                0x000085cc                UART_PCB_LOG_IntClock_Start
 .text.Pin_Backlight_Write
                0x000085e8       0x18 .\CortexM3\ARM_GCC_541\Debug\Half_Skeleton_V2_LED_ARRAY.a(Pin_Backlight.o)
                0x000085e8                Pin_Backlight_Write
 .text.LED2_Write
                0x00008600       0x18 .\CortexM3\ARM_GCC_541\Debug\Half_Skeleton_V2_LED_ARRAY.a(LED2.o)
                0x00008600                LED2_Write
 .text.Pin_CSMotorO_Write
                0x00008618       0x18 .\CortexM3\ARM_GCC_541\Debug\Half_Skeleton_V2_LED_ARRAY.a(Pin_CSMotorO.o)
                0x00008618                Pin_CSMotorO_Write
 .text.Pin_CSMotorT_Write
                0x00008630       0x18 .\CortexM3\ARM_GCC_541\Debug\Half_Skeleton_V2_LED_ARRAY.a(Pin_CSMotorT.o)
                0x00008630                Pin_CSMotorT_Write
 .text.QuadDec_TZ_Init
                0x00008648       0x24 .\CortexM3\ARM_GCC_541\Debug\Half_Skeleton_V2_LED_ARRAY.a(QuadDec_TZ.o)
                0x00008648                QuadDec_TZ_Init
 .text.QuadDec_TZ_GetCounter
                0x0000866c       0x2c .\CortexM3\ARM_GCC_541\Debug\Half_Skeleton_V2_LED_ARRAY.a(QuadDec_TZ.o)
                0x0000866c                QuadDec_TZ_GetCounter
 .text.QuadDec_TZ_SetCounter
                0x00008698       0x28 .\CortexM3\ARM_GCC_541\Debug\Half_Skeleton_V2_LED_ARRAY.a(QuadDec_TZ.o)
                0x00008698                QuadDec_TZ_SetCounter
 .text.QuadDec_TZ_GetEvents
                0x000086c0       0x10 .\CortexM3\ARM_GCC_541\Debug\Half_Skeleton_V2_LED_ARRAY.a(QuadDec_TZ.o)
                0x000086c0                QuadDec_TZ_GetEvents
 .text.QuadDec_TZ_SetInterruptMask
                0x000086d0       0x10 .\CortexM3\ARM_GCC_541\Debug\Half_Skeleton_V2_LED_ARRAY.a(QuadDec_TZ.o)
                0x000086d0                QuadDec_TZ_SetInterruptMask
 .text.QuadDec_TZ_Enable
                0x000086e0       0x30 .\CortexM3\ARM_GCC_541\Debug\Half_Skeleton_V2_LED_ARRAY.a(QuadDec_TZ.o)
                0x000086e0                QuadDec_TZ_Enable
 .text.QuadDec_TZ_Start
                0x00008710       0x34 .\CortexM3\ARM_GCC_541\Debug\Half_Skeleton_V2_LED_ARRAY.a(QuadDec_TZ.o)
                0x00008710                QuadDec_TZ_Start
 .text.QuadDec_TZ_ISR
                0x00008744       0x40 .\CortexM3\ARM_GCC_541\Debug\Half_Skeleton_V2_LED_ARRAY.a(QuadDec_TZ_INT.o)
                0x00008744                QuadDec_TZ_ISR
 .text.PWM_Buzzer_Enable
                0x00008784       0x28 .\CortexM3\ARM_GCC_541\Debug\Half_Skeleton_V2_LED_ARRAY.a(PWM_Buzzer.o)
                0x00008784                PWM_Buzzer_Enable
 .text.PWM_Buzzer_WritePeriod
                0x000087ac        0xc .\CortexM3\ARM_GCC_541\Debug\Half_Skeleton_V2_LED_ARRAY.a(PWM_Buzzer.o)
                0x000087ac                PWM_Buzzer_WritePeriod
 .text.PWM_Buzzer_WriteCompare
                0x000087b8        0xc .\CortexM3\ARM_GCC_541\Debug\Half_Skeleton_V2_LED_ARRAY.a(PWM_Buzzer.o)
                0x000087b8                PWM_Buzzer_WriteCompare
 .text.PWM_Buzzer_SetInterruptMode
                0x000087c4        0xc .\CortexM3\ARM_GCC_541\Debug\Half_Skeleton_V2_LED_ARRAY.a(PWM_Buzzer.o)
                0x000087c4                PWM_Buzzer_SetInterruptMode
 .text.PWM_Buzzer_Init
                0x000087d0       0x74 .\CortexM3\ARM_GCC_541\Debug\Half_Skeleton_V2_LED_ARRAY.a(PWM_Buzzer.o)
                0x000087d0                PWM_Buzzer_Init
 .text.PWM_Buzzer_Start
                0x00008844       0x1c .\CortexM3\ARM_GCC_541\Debug\Half_Skeleton_V2_LED_ARRAY.a(PWM_Buzzer.o)
                0x00008844                PWM_Buzzer_Start
 .text.QuadDec_Y_Init
                0x00008860       0x24 .\CortexM3\ARM_GCC_541\Debug\Half_Skeleton_V2_LED_ARRAY.a(QuadDec_Y.o)
                0x00008860                QuadDec_Y_Init
 .text.QuadDec_Y_GetCounter
                0x00008884       0x2c .\CortexM3\ARM_GCC_541\Debug\Half_Skeleton_V2_LED_ARRAY.a(QuadDec_Y.o)
                0x00008884                QuadDec_Y_GetCounter
 .text.QuadDec_Y_SetCounter
                0x000088b0       0x28 .\CortexM3\ARM_GCC_541\Debug\Half_Skeleton_V2_LED_ARRAY.a(QuadDec_Y.o)
                0x000088b0                QuadDec_Y_SetCounter
 .text.QuadDec_Y_GetEvents
                0x000088d8       0x10 .\CortexM3\ARM_GCC_541\Debug\Half_Skeleton_V2_LED_ARRAY.a(QuadDec_Y.o)
                0x000088d8                QuadDec_Y_GetEvents
 .text.QuadDec_Y_SetInterruptMask
                0x000088e8       0x10 .\CortexM3\ARM_GCC_541\Debug\Half_Skeleton_V2_LED_ARRAY.a(QuadDec_Y.o)
                0x000088e8                QuadDec_Y_SetInterruptMask
 .text.QuadDec_Y_Enable
                0x000088f8       0x30 .\CortexM3\ARM_GCC_541\Debug\Half_Skeleton_V2_LED_ARRAY.a(QuadDec_Y.o)
                0x000088f8                QuadDec_Y_Enable
 .text.QuadDec_Y_Start
                0x00008928       0x34 .\CortexM3\ARM_GCC_541\Debug\Half_Skeleton_V2_LED_ARRAY.a(QuadDec_Y.o)
                0x00008928                QuadDec_Y_Start
 .text.QuadDec_Y_ISR
                0x0000895c       0x40 .\CortexM3\ARM_GCC_541\Debug\Half_Skeleton_V2_LED_ARRAY.a(QuadDec_Y_INT.o)
                0x0000895c                QuadDec_Y_ISR
 .text.PWM_BarcodeCondenser_LED_Enable
                0x0000899c       0x28 .\CortexM3\ARM_GCC_541\Debug\Half_Skeleton_V2_LED_ARRAY.a(PWM_BarcodeCondenser_LED.o)
                0x0000899c                PWM_BarcodeCondenser_LED_Enable
 .text.PWM_BarcodeCondenser_LED_WritePeriod
                0x000089c4        0xc .\CortexM3\ARM_GCC_541\Debug\Half_Skeleton_V2_LED_ARRAY.a(PWM_BarcodeCondenser_LED.o)
                0x000089c4                PWM_BarcodeCondenser_LED_WritePeriod
 .text.PWM_BarcodeCondenser_LED_WriteCompare
                0x000089d0        0xc .\CortexM3\ARM_GCC_541\Debug\Half_Skeleton_V2_LED_ARRAY.a(PWM_BarcodeCondenser_LED.o)
                0x000089d0                PWM_BarcodeCondenser_LED_WriteCompare
 .text.PWM_BarcodeCondenser_LED_SetInterruptMode
                0x000089dc        0xc .\CortexM3\ARM_GCC_541\Debug\Half_Skeleton_V2_LED_ARRAY.a(PWM_BarcodeCondenser_LED.o)
                0x000089dc                PWM_BarcodeCondenser_LED_SetInterruptMode
 .text.PWM_BarcodeCondenser_LED_Init
                0x000089e8       0x74 .\CortexM3\ARM_GCC_541\Debug\Half_Skeleton_V2_LED_ARRAY.a(PWM_BarcodeCondenser_LED.o)
                0x000089e8                PWM_BarcodeCondenser_LED_Init
 .text.PWM_BarcodeCondenser_LED_Start
                0x00008a5c       0x1c .\CortexM3\ARM_GCC_541\Debug\Half_Skeleton_V2_LED_ARRAY.a(PWM_BarcodeCondenser_LED.o)
                0x00008a5c                PWM_BarcodeCondenser_LED_Start
 .text.LED3_Write
                0x00008a78       0x18 .\CortexM3\ARM_GCC_541\Debug\Half_Skeleton_V2_LED_ARRAY.a(LED3.o)
                0x00008a78                LED3_Write
 .text.Encoder_T_Z_Select_Write
                0x00008a90        0xc .\CortexM3\ARM_GCC_541\Debug\Half_Skeleton_V2_LED_ARRAY.a(Encoder_T_Z_Select.o)
                0x00008a90                Encoder_T_Z_Select_Write
 .text.TMC5160_MotorX_EN_Write
                0x00008a9c       0x18 .\CortexM3\ARM_GCC_541\Debug\Half_Skeleton_V2_LED_ARRAY.a(TMC5160_MotorX_EN.o)
                0x00008a9c                TMC5160_MotorX_EN_Write
 .text.TMC5160_MotorY_EN_Write
                0x00008ab4       0x18 .\CortexM3\ARM_GCC_541\Debug\Half_Skeleton_V2_LED_ARRAY.a(TMC5160_MotorY_EN.o)
                0x00008ab4                TMC5160_MotorY_EN_Write
 .text.TMC5160_MotorZ_EN_Write
                0x00008acc       0x18 .\CortexM3\ARM_GCC_541\Debug\Half_Skeleton_V2_LED_ARRAY.a(TMC5160_MotorZ_EN.o)
                0x00008acc                TMC5160_MotorZ_EN_Write
 .text.TMC5160_MotorT_EN_Write
                0x00008ae4       0x18 .\CortexM3\ARM_GCC_541\Debug\Half_Skeleton_V2_LED_ARRAY.a(TMC5160_MotorT_EN.o)
                0x00008ae4                TMC5160_MotorT_EN_Write
 .text.TMC5160_MotorO_EN_Write
                0x00008afc       0x18 .\CortexM3\ARM_GCC_541\Debug\Half_Skeleton_V2_LED_ARRAY.a(TMC5160_MotorO_EN.o)
                0x00008afc                TMC5160_MotorO_EN_Write
 .text.QuadDec_TZ_Cnt16_Enable
                0x00008b14       0x10 .\CortexM3\ARM_GCC_541\Debug\Half_Skeleton_V2_LED_ARRAY.a(QuadDec_TZ_Cnt16.o)
                0x00008b14                QuadDec_TZ_Cnt16_Enable
 .text.QuadDec_TZ_Cnt16_SetInterruptMode
                0x00008b24        0xc .\CortexM3\ARM_GCC_541\Debug\Half_Skeleton_V2_LED_ARRAY.a(QuadDec_TZ_Cnt16.o)
                0x00008b24                QuadDec_TZ_Cnt16_SetInterruptMode
 .text.QuadDec_TZ_Cnt16_ReadStatusRegister
                0x00008b30        0xc .\CortexM3\ARM_GCC_541\Debug\Half_Skeleton_V2_LED_ARRAY.a(QuadDec_TZ_Cnt16.o)
                0x00008b30                QuadDec_TZ_Cnt16_ReadStatusRegister
 .text.QuadDec_TZ_Cnt16_WriteCounter
                0x00008b3c        0xc .\CortexM3\ARM_GCC_541\Debug\Half_Skeleton_V2_LED_ARRAY.a(QuadDec_TZ_Cnt16.o)
                0x00008b3c                QuadDec_TZ_Cnt16_WriteCounter
 .text.QuadDec_TZ_Cnt16_ReadCounter
                0x00008b48       0x14 .\CortexM3\ARM_GCC_541\Debug\Half_Skeleton_V2_LED_ARRAY.a(QuadDec_TZ_Cnt16.o)
                0x00008b48                QuadDec_TZ_Cnt16_ReadCounter
 .text.QuadDec_TZ_Cnt16_ReadCapture
                0x00008b5c        0xc .\CortexM3\ARM_GCC_541\Debug\Half_Skeleton_V2_LED_ARRAY.a(QuadDec_TZ_Cnt16.o)
                0x00008b5c                QuadDec_TZ_Cnt16_ReadCapture
 .text.QuadDec_TZ_Cnt16_WritePeriod
                0x00008b68        0xc .\CortexM3\ARM_GCC_541\Debug\Half_Skeleton_V2_LED_ARRAY.a(QuadDec_TZ_Cnt16.o)
                0x00008b68                QuadDec_TZ_Cnt16_WritePeriod
 .text.QuadDec_TZ_Cnt16_WriteCompare
                0x00008b74        0xc .\CortexM3\ARM_GCC_541\Debug\Half_Skeleton_V2_LED_ARRAY.a(QuadDec_TZ_Cnt16.o)
                0x00008b74                QuadDec_TZ_Cnt16_WriteCompare
 .text.QuadDec_TZ_Cnt16_ClearFIFO
                0x00008b80       0x14 .\CortexM3\ARM_GCC_541\Debug\Half_Skeleton_V2_LED_ARRAY.a(QuadDec_TZ_Cnt16.o)
                0x00008b80                QuadDec_TZ_Cnt16_ClearFIFO
 .text.QuadDec_TZ_Cnt16_Init
                0x00008b94       0x58 .\CortexM3\ARM_GCC_541\Debug\Half_Skeleton_V2_LED_ARRAY.a(QuadDec_TZ_Cnt16.o)
                0x00008b94                QuadDec_TZ_Cnt16_Init
 .text.QuadDec_TZ_Cnt16_Start
                0x00008bec       0x1c .\CortexM3\ARM_GCC_541\Debug\Half_Skeleton_V2_LED_ARRAY.a(QuadDec_TZ_Cnt16.o)
                0x00008bec                QuadDec_TZ_Cnt16_Start
 .text.QuadDec_Y_Cnt16_Enable
                0x00008c08       0x10 .\CortexM3\ARM_GCC_541\Debug\Half_Skeleton_V2_LED_ARRAY.a(QuadDec_Y_Cnt16.o)
                0x00008c08                QuadDec_Y_Cnt16_Enable
 .text.QuadDec_Y_Cnt16_SetInterruptMode
                0x00008c18        0xc .\CortexM3\ARM_GCC_541\Debug\Half_Skeleton_V2_LED_ARRAY.a(QuadDec_Y_Cnt16.o)
                0x00008c18                QuadDec_Y_Cnt16_SetInterruptMode
 .text.QuadDec_Y_Cnt16_ReadStatusRegister
                0x00008c24        0xc .\CortexM3\ARM_GCC_541\Debug\Half_Skeleton_V2_LED_ARRAY.a(QuadDec_Y_Cnt16.o)
                0x00008c24                QuadDec_Y_Cnt16_ReadStatusRegister
 .text.QuadDec_Y_Cnt16_WriteCounter
                0x00008c30        0xc .\CortexM3\ARM_GCC_541\Debug\Half_Skeleton_V2_LED_ARRAY.a(QuadDec_Y_Cnt16.o)
                0x00008c30                QuadDec_Y_Cnt16_WriteCounter
 .text.QuadDec_Y_Cnt16_ReadCounter
                0x00008c3c       0x14 .\CortexM3\ARM_GCC_541\Debug\Half_Skeleton_V2_LED_ARRAY.a(QuadDec_Y_Cnt16.o)
                0x00008c3c                QuadDec_Y_Cnt16_ReadCounter
 .text.QuadDec_Y_Cnt16_ReadCapture
                0x00008c50        0xc .\CortexM3\ARM_GCC_541\Debug\Half_Skeleton_V2_LED_ARRAY.a(QuadDec_Y_Cnt16.o)
                0x00008c50                QuadDec_Y_Cnt16_ReadCapture
 .text.QuadDec_Y_Cnt16_WritePeriod
                0x00008c5c        0xc .\CortexM3\ARM_GCC_541\Debug\Half_Skeleton_V2_LED_ARRAY.a(QuadDec_Y_Cnt16.o)
                0x00008c5c                QuadDec_Y_Cnt16_WritePeriod
 .text.QuadDec_Y_Cnt16_WriteCompare
                0x00008c68        0xc .\CortexM3\ARM_GCC_541\Debug\Half_Skeleton_V2_LED_ARRAY.a(QuadDec_Y_Cnt16.o)
                0x00008c68                QuadDec_Y_Cnt16_WriteCompare
 .text.QuadDec_Y_Cnt16_ClearFIFO
                0x00008c74       0x14 .\CortexM3\ARM_GCC_541\Debug\Half_Skeleton_V2_LED_ARRAY.a(QuadDec_Y_Cnt16.o)
                0x00008c74                QuadDec_Y_Cnt16_ClearFIFO
 .text.QuadDec_Y_Cnt16_Init
                0x00008c88       0x58 .\CortexM3\ARM_GCC_541\Debug\Half_Skeleton_V2_LED_ARRAY.a(QuadDec_Y_Cnt16.o)
                0x00008c88                QuadDec_Y_Cnt16_Init
 .text.QuadDec_Y_Cnt16_Start
                0x00008ce0       0x1c .\CortexM3\ARM_GCC_541\Debug\Half_Skeleton_V2_LED_ARRAY.a(QuadDec_Y_Cnt16.o)
                0x00008ce0                QuadDec_Y_Cnt16_Start
 .text.wait_timer_Enable
                0x00008cfc       0x28 .\CortexM3\ARM_GCC_541\Debug\Half_Skeleton_V2_LED_ARRAY.a(wait_timer.o)
                0x00008cfc                wait_timer_Enable
 .text.wait_timer_Stop
                0x00008d24       0x28 .\CortexM3\ARM_GCC_541\Debug\Half_Skeleton_V2_LED_ARRAY.a(wait_timer.o)
                0x00008d24                wait_timer_Stop
 .text.wait_timer_SetInterruptMode
                0x00008d4c        0xc .\CortexM3\ARM_GCC_541\Debug\Half_Skeleton_V2_LED_ARRAY.a(wait_timer.o)
                0x00008d4c                wait_timer_SetInterruptMode
 .text.wait_timer_WritePeriod
                0x00008d58        0xc .\CortexM3\ARM_GCC_541\Debug\Half_Skeleton_V2_LED_ARRAY.a(wait_timer.o)
                0x00008d58                wait_timer_WritePeriod
 .text.wait_timer_WriteCounter
                0x00008d64        0xc .\CortexM3\ARM_GCC_541\Debug\Half_Skeleton_V2_LED_ARRAY.a(wait_timer.o)
                0x00008d64                wait_timer_WriteCounter
 .text.wait_timer_Init
                0x00008d70       0x68 .\CortexM3\ARM_GCC_541\Debug\Half_Skeleton_V2_LED_ARRAY.a(wait_timer.o)
                0x00008d70                wait_timer_Init
 .text.wait_timer_Start
                0x00008dd8       0x1c .\CortexM3\ARM_GCC_541\Debug\Half_Skeleton_V2_LED_ARRAY.a(wait_timer.o)
                0x00008dd8                wait_timer_Start
 .text.wait_interrupt_SetVector
                0x00008df4        0xc .\CortexM3\ARM_GCC_541\Debug\Half_Skeleton_V2_LED_ARRAY.a(wait_interrupt.o)
                0x00008df4                wait_interrupt_SetVector
 .text.wait_interrupt_SetPriority
                0x00008e00       0x10 .\CortexM3\ARM_GCC_541\Debug\Half_Skeleton_V2_LED_ARRAY.a(wait_interrupt.o)
                0x00008e00                wait_interrupt_SetPriority
 .text.wait_interrupt_Enable
                0x00008e10       0x10 .\CortexM3\ARM_GCC_541\Debug\Half_Skeleton_V2_LED_ARRAY.a(wait_interrupt.o)
                0x00008e10                wait_interrupt_Enable
 .text.wait_interrupt_Disable
                0x00008e20       0x10 .\CortexM3\ARM_GCC_541\Debug\Half_Skeleton_V2_LED_ARRAY.a(wait_interrupt.o)
                0x00008e20                wait_interrupt_Disable
 .text.wait_interrupt_StartEx
                0x00008e30       0x1c .\CortexM3\ARM_GCC_541\Debug\Half_Skeleton_V2_LED_ARRAY.a(wait_interrupt.o)
                0x00008e30                wait_interrupt_StartEx
 .text.X_MOT_INT_Read
                0x00008e4c       0x10 .\CortexM3\ARM_GCC_541\Debug\Half_Skeleton_V2_LED_ARRAY.a(X_MOT_INT.o)
                0x00008e4c                X_MOT_INT_Read
 .text.Y_MOT_INT_Read
                0x00008e5c       0x10 .\CortexM3\ARM_GCC_541\Debug\Half_Skeleton_V2_LED_ARRAY.a(Y_MOT_INT.o)
                0x00008e5c                Y_MOT_INT_Read
 .text.Z_MOT_INT_Read
                0x00008e6c       0x10 .\CortexM3\ARM_GCC_541\Debug\Half_Skeleton_V2_LED_ARRAY.a(Z_MOT_INT.o)
                0x00008e6c                Z_MOT_INT_Read
 .text.Camera_Trigger_Write
                0x00008e7c       0x18 .\CortexM3\ARM_GCC_541\Debug\Half_Skeleton_V2_LED_ARRAY.a(Camera_Trigger.o)
                0x00008e7c                Camera_Trigger_Write
 .text.Pin_SDI_RGB_Write
                0x00008e94       0x18 .\CortexM3\ARM_GCC_541\Debug\Half_Skeleton_V2_LED_ARRAY.a(Pin_SDI_RGB.o)
                0x00008e94                Pin_SDI_RGB_Write
 .text.Pin_Clock_RGB_Write
                0x00008eac       0x18 .\CortexM3\ARM_GCC_541\Debug\Half_Skeleton_V2_LED_ARRAY.a(Pin_Clock_RGB.o)
                0x00008eac                Pin_Clock_RGB_Write
 .text.Pin_MOSI_PCA9959_Write
                0x00008ec4       0x18 .\CortexM3\ARM_GCC_541\Debug\Half_Skeleton_V2_LED_ARRAY.a(Pin_MOSI_PCA9959.o)
                0x00008ec4                Pin_MOSI_PCA9959_Write
 .text.Pin_SCK_PCA9959_Write
                0x00008edc       0x18 .\CortexM3\ARM_GCC_541\Debug\Half_Skeleton_V2_LED_ARRAY.a(Pin_SCK_PCA9959.o)
                0x00008edc                Pin_SCK_PCA9959_Write
 .text.Pin_SS_PCA9959_Write
                0x00008ef4       0x18 .\CortexM3\ARM_GCC_541\Debug\Half_Skeleton_V2_LED_ARRAY.a(Pin_SS_PCA9959.o)
                0x00008ef4                Pin_SS_PCA9959_Write
 .text.Pin_OE_PCA9959_1_Write
                0x00008f0c       0x18 .\CortexM3\ARM_GCC_541\Debug\Half_Skeleton_V2_LED_ARRAY.a(Pin_OE_PCA9959_1.o)
                0x00008f0c                Pin_OE_PCA9959_1_Write
 .text.Pin_OE_PCA9959_2_Write
                0x00008f24       0x18 .\CortexM3\ARM_GCC_541\Debug\Half_Skeleton_V2_LED_ARRAY.a(Pin_OE_PCA9959_2.o)
                0x00008f24                Pin_OE_PCA9959_2_Write
 .text.Pin_OE_PCA9959_3_Write
                0x00008f3c       0x18 .\CortexM3\ARM_GCC_541\Debug\Half_Skeleton_V2_LED_ARRAY.a(Pin_OE_PCA9959_3.o)
                0x00008f3c                Pin_OE_PCA9959_3_Write
 .text.Pin_OE_PCA9959_4_Write
                0x00008f54       0x18 .\CortexM3\ARM_GCC_541\Debug\Half_Skeleton_V2_LED_ARRAY.a(Pin_OE_PCA9959_4.o)
                0x00008f54                Pin_OE_PCA9959_4_Write
 .text.Pin_RST_PCA9959_Write
                0x00008f6c       0x18 .\CortexM3\ARM_GCC_541\Debug\Half_Skeleton_V2_LED_ARRAY.a(Pin_RST_PCA9959.o)
                0x00008f6c                Pin_RST_PCA9959_Write
 *fill*         0x00008f84        0x4 
 .text          0x00008f88       0x20 .\CortexM3\ARM_GCC_541\Debug\Half_Skeleton_V2_LED_ARRAY.a(CyBootAsmGnu.o)
                0x00008f88                CyDelayCycles
                0x00008f98                CyEnterCriticalSection
                0x00008fa0                CyExitCriticalSection
 .text.USB_DispatchClassRqst
                0x00008fa8       0x68 .\CortexM3\ARM_GCC_541\Debug\Half_Skeleton_V2_LED_ARRAY.a(USB_cls.o)
                0x00008fa8                USB_DispatchClassRqst
 .text.pow      0x00009010      0x330 c:/program files (x86)/cypress/psoc creator/4.4/psoc creator/import/gnu/arm/5.4.1/bin/../lib/gcc/arm-none-eabi/5.4.1/../../../../arm-none-eabi/lib/armv7-m\libm.a(lib_a-w_pow.o)
                0x00009010                pow
 .text.__ieee754_pow
                0x00009340      0xac4 c:/program files (x86)/cypress/psoc creator/4.4/psoc creator/import/gnu/arm/5.4.1/bin/../lib/gcc/arm-none-eabi/5.4.1/../../../../arm-none-eabi/lib/armv7-m\libm.a(lib_a-e_pow.o)
                0x00009340                __ieee754_pow
 .text.__ieee754_sqrt
                0x00009e04      0x188 c:/program files (x86)/cypress/psoc creator/4.4/psoc creator/import/gnu/arm/5.4.1/bin/../lib/gcc/arm-none-eabi/5.4.1/../../../../arm-none-eabi/lib/armv7-m\libm.a(lib_a-e_sqrt.o)
                0x00009e04                __ieee754_sqrt
 .text.fabs     0x00009f8c        0x8 c:/program files (x86)/cypress/psoc creator/4.4/psoc creator/import/gnu/arm/5.4.1/bin/../lib/gcc/arm-none-eabi/5.4.1/../../../../arm-none-eabi/lib/armv7-m\libm.a(lib_a-s_fabs.o)
                0x00009f8c                fabs
 .text.finite   0x00009f94        0xc c:/program files (x86)/cypress/psoc creator/4.4/psoc creator/import/gnu/arm/5.4.1/bin/../lib/gcc/arm-none-eabi/5.4.1/../../../../arm-none-eabi/lib/armv7-m\libm.a(lib_a-s_finite.o)
                0x00009f94                finite
 .text.matherr  0x00009fa0        0x4 c:/program files (x86)/cypress/psoc creator/4.4/psoc creator/import/gnu/arm/5.4.1/bin/../lib/gcc/arm-none-eabi/5.4.1/../../../../arm-none-eabi/lib/armv7-m\libm.a(lib_a-s_matherr.o)
                0x00009fa0                matherr
 .text.nan      0x00009fa4        0xc c:/program files (x86)/cypress/psoc creator/4.4/psoc creator/import/gnu/arm/5.4.1/bin/../lib/gcc/arm-none-eabi/5.4.1/../../../../arm-none-eabi/lib/armv7-m\libm.a(lib_a-s_nan.o)
                0x00009fa4                nan
 .text.rint     0x00009fb0      0x120 c:/program files (x86)/cypress/psoc creator/4.4/psoc creator/import/gnu/arm/5.4.1/bin/../lib/gcc/arm-none-eabi/5.4.1/../../../../arm-none-eabi/lib/armv7-m\libm.a(lib_a-s_rint.o)
                0x00009fb0                rint
 .text.scalbn   0x0000a0d0       0xe4 c:/program files (x86)/cypress/psoc creator/4.4/psoc creator/import/gnu/arm/5.4.1/bin/../lib/gcc/arm-none-eabi/5.4.1/../../../../arm-none-eabi/lib/armv7-m\libm.a(lib_a-s_scalbn.o)
                0x0000a0d0                scalbn
 .text.copysign
                0x0000a1b4       0x10 c:/program files (x86)/cypress/psoc creator/4.4/psoc creator/import/gnu/arm/5.4.1/bin/../lib/gcc/arm-none-eabi/5.4.1/../../../../arm-none-eabi/lib/armv7-m\libm.a(lib_a-s_copysign.o)
                0x0000a1b4                copysign
 .text          0x0000a1c4      0x370 c:/program files (x86)/cypress/psoc creator/4.4/psoc creator/import/gnu/arm/5.4.1/bin/../lib/gcc/arm-none-eabi/5.4.1/armv7-m\libgcc.a(_arm_addsubdf3.o)
                0x0000a1c4                __aeabi_drsub
                0x0000a1cc                __aeabi_dsub
                0x0000a1cc                __subdf3
                0x0000a1d0                __aeabi_dadd
                0x0000a1d0                __adddf3
                0x0000a448                __floatunsidf
                0x0000a448                __aeabi_ui2d
                0x0000a468                __floatsidf
                0x0000a468                __aeabi_i2d
                0x0000a48c                __aeabi_f2d
                0x0000a48c                __extendsfdf2
                0x0000a4c8                __floatundidf
                0x0000a4c8                __aeabi_ul2d
                0x0000a4d8                __floatdidf
                0x0000a4d8                __aeabi_l2d
 .text          0x0000a534      0x424 c:/program files (x86)/cypress/psoc creator/4.4/psoc creator/import/gnu/arm/5.4.1/bin/../lib/gcc/arm-none-eabi/5.4.1/armv7-m\libgcc.a(_arm_muldivdf3.o)
                0x0000a534                __aeabi_dmul
                0x0000a534                __muldf3
                0x0000a788                __divdf3
                0x0000a788                __aeabi_ddiv
 .text          0x0000a958      0x110 c:/program files (x86)/cypress/psoc creator/4.4/psoc creator/import/gnu/arm/5.4.1/bin/../lib/gcc/arm-none-eabi/5.4.1/armv7-m\libgcc.a(_arm_cmpdf2.o)
                0x0000a958                __gtdf2
                0x0000a958                __gedf2
                0x0000a960                __ltdf2
                0x0000a960                __ledf2
                0x0000a968                __nedf2
                0x0000a968                __eqdf2
                0x0000a968                __cmpdf2
                0x0000a9e4                __aeabi_cdrcmple
                0x0000a9f4                __aeabi_cdcmpeq
                0x0000a9f4                __aeabi_cdcmple
                0x0000aa04                __aeabi_dcmpeq
                0x0000aa18                __aeabi_dcmplt
                0x0000aa2c                __aeabi_dcmple
                0x0000aa40                __aeabi_dcmpge
                0x0000aa54                __aeabi_dcmpgt
 .text          0x0000aa68       0x2c c:/program files (x86)/cypress/psoc creator/4.4/psoc creator/import/gnu/arm/5.4.1/bin/../lib/gcc/arm-none-eabi/5.4.1/armv7-m\libgcc.a(_arm_unorddf2.o)
                0x0000aa68                __unorddf2
                0x0000aa68                __aeabi_dcmpun
 .text          0x0000aa94       0x50 c:/program files (x86)/cypress/psoc creator/4.4/psoc creator/import/gnu/arm/5.4.1/bin/../lib/gcc/arm-none-eabi/5.4.1/armv7-m\libgcc.a(_arm_fixdfsi.o)
                0x0000aa94                __aeabi_d2iz
                0x0000aa94                __fixdfsi
 .text          0x0000aae4       0x40 c:/program files (x86)/cypress/psoc creator/4.4/psoc creator/import/gnu/arm/5.4.1/bin/../lib/gcc/arm-none-eabi/5.4.1/armv7-m\libgcc.a(_arm_fixunsdfsi.o)
                0x0000aae4                __aeabi_d2uiz
                0x0000aae4                __fixunsdfsi
 .text          0x0000ab24       0xa0 c:/program files (x86)/cypress/psoc creator/4.4/psoc creator/import/gnu/arm/5.4.1/bin/../lib/gcc/arm-none-eabi/5.4.1/armv7-m\libgcc.a(_arm_truncdfsf2.o)
                0x0000ab24                __truncdfsf2
                0x0000ab24                __aeabi_d2f
 .text          0x0000abc4      0x21c c:/program files (x86)/cypress/psoc creator/4.4/psoc creator/import/gnu/arm/5.4.1/bin/../lib/gcc/arm-none-eabi/5.4.1/armv7-m\libgcc.a(_arm_addsubsf3.o)
                0x0000abc4                __aeabi_frsub
                0x0000abcc                __subsf3
                0x0000abcc                __aeabi_fsub
                0x0000abd0                __aeabi_fadd
                0x0000abd0                __addsf3
                0x0000ad30                __aeabi_ui2f
                0x0000ad30                __floatunsisf
                0x0000ad38                __aeabi_i2f
                0x0000ad38                __floatsisf
                0x0000ad54                __aeabi_ul2f
                0x0000ad54                __floatundisf
                0x0000ad64                __aeabi_l2f
                0x0000ad64                __floatdisf
 .text          0x0000ade0      0x2a0 c:/program files (x86)/cypress/psoc creator/4.4/psoc creator/import/gnu/arm/5.4.1/bin/../lib/gcc/arm-none-eabi/5.4.1/armv7-m\libgcc.a(_arm_muldivsf3.o)
                0x0000ade0                __mulsf3
                0x0000ade0                __aeabi_fmul
                0x0000af48                __aeabi_fdiv
                0x0000af48                __divsf3
 .text.__errno  0x0000b080        0xc c:/program files (x86)/cypress/psoc creator/4.4/psoc creator/import/gnu/arm/5.4.1/bin/../lib/gcc/arm-none-eabi/5.4.1/../../../../arm-none-eabi/lib/armv7-m\libg_nano.a(lib_a-errno.o)
                0x0000b080                __errno
 .text.__libc_init_array
                0x0000b08c       0x4c c:/program files (x86)/cypress/psoc creator/4.4/psoc creator/import/gnu/arm/5.4.1/bin/../lib/gcc/arm-none-eabi/5.4.1/../../../../arm-none-eabi/lib/armv7-m\libg_nano.a(lib_a-init.o)
                0x0000b08c                __libc_init_array
 .text.memcpy   0x0000b0d8       0x16 c:/program files (x86)/cypress/psoc creator/4.4/psoc creator/import/gnu/arm/5.4.1/bin/../lib/gcc/arm-none-eabi/5.4.1/../../../../arm-none-eabi/lib/armv7-m\libg_nano.a(lib_a-memcpy-stub.o)
                0x0000b0d8                memcpy
 .text.memset   0x0000b0ee       0x10 c:/program files (x86)/cypress/psoc creator/4.4/psoc creator/import/gnu/arm/5.4.1/bin/../lib/gcc/arm-none-eabi/5.4.1/../../../../arm-none-eabi/lib/armv7-m\libg_nano.a(lib_a-memset.o)
                0x0000b0ee                memset
 *fill*         0x0000b0fe        0x2 
 .text.sprintf  0x0000b100       0x48 c:/program files (x86)/cypress/psoc creator/4.4/psoc creator/import/gnu/arm/5.4.1/bin/../lib/gcc/arm-none-eabi/5.4.1/../../../../arm-none-eabi/lib/armv7-m\libg_nano.a(lib_a-sprintf.o)
                0x0000b100                siprintf
                0x0000b100                sprintf
 .text.__ssputs_r
                0x0000b148       0xb2 c:/program files (x86)/cypress/psoc creator/4.4/psoc creator/import/gnu/arm/5.4.1/bin/../lib/gcc/arm-none-eabi/5.4.1/../../../../arm-none-eabi/lib/armv7-m\libg_nano.a(lib_a-nano-svfprintf.o)
                0x0000b148                __ssputs_r
 *fill*         0x0000b1fa        0x2 
 .text._svfprintf_r
                0x0000b1fc      0x1e8 c:/program files (x86)/cypress/psoc creator/4.4/psoc creator/import/gnu/arm/5.4.1/bin/../lib/gcc/arm-none-eabi/5.4.1/../../../../arm-none-eabi/lib/armv7-m\libg_nano.a(lib_a-nano-svfprintf.o)
                0x0000b1fc                _svfiprintf_r
                0x0000b1fc                _svfprintf_r
 .text._printf_common
                0x0000b3e4       0xec c:/program files (x86)/cypress/psoc creator/4.4/psoc creator/import/gnu/arm/5.4.1/bin/../lib/gcc/arm-none-eabi/5.4.1/../../../../arm-none-eabi/lib/armv7-m\libg_nano.a(lib_a-nano-vfprintf_i.o)
                0x0000b3e4                _printf_common
 .text._printf_i
                0x0000b4d0      0x24c c:/program files (x86)/cypress/psoc creator/4.4/psoc creator/import/gnu/arm/5.4.1/bin/../lib/gcc/arm-none-eabi/5.4.1/../../../../arm-none-eabi/lib/armv7-m\libg_nano.a(lib_a-nano-vfprintf_i.o)
                0x0000b4d0                _printf_i
 .text.memchr   0x0000b71c       0x1c c:/program files (x86)/cypress/psoc creator/4.4/psoc creator/import/gnu/arm/5.4.1/bin/../lib/gcc/arm-none-eabi/5.4.1/../../../../arm-none-eabi/lib/armv7-m\libg_nano.a(lib_a-memchr-stub.o)
                0x0000b71c                memchr
 .text.memmove  0x0000b738       0x36 c:/program files (x86)/cypress/psoc creator/4.4/psoc creator/import/gnu/arm/5.4.1/bin/../lib/gcc/arm-none-eabi/5.4.1/../../../../arm-none-eabi/lib/armv7-m\libg_nano.a(lib_a-memmove.o)
                0x0000b738                memmove
 *fill*         0x0000b76e        0x2 
 .text._free_r  0x0000b770       0x98 c:/program files (x86)/cypress/psoc creator/4.4/psoc creator/import/gnu/arm/5.4.1/bin/../lib/gcc/arm-none-eabi/5.4.1/../../../../arm-none-eabi/lib/armv7-m\libg_nano.a(lib_a-nano-freer.o)
                0x0000b770                _free_r
 .text._malloc_r
                0x0000b808       0xbc c:/program files (x86)/cypress/psoc creator/4.4/psoc creator/import/gnu/arm/5.4.1/bin/../lib/gcc/arm-none-eabi/5.4.1/../../../../arm-none-eabi/lib/armv7-m\libg_nano.a(lib_a-nano-mallocr.o)
                0x0000b808                _malloc_r
 .text._realloc_r
                0x0000b8c4       0x4c c:/program files (x86)/cypress/psoc creator/4.4/psoc creator/import/gnu/arm/5.4.1/bin/../lib/gcc/arm-none-eabi/5.4.1/../../../../arm-none-eabi/lib/armv7-m\libg_nano.a(lib_a-nano-reallocr.o)
                0x0000b8c4                _realloc_r
 .text._sbrk_r  0x0000b910       0x20 c:/program files (x86)/cypress/psoc creator/4.4/psoc creator/import/gnu/arm/5.4.1/bin/../lib/gcc/arm-none-eabi/5.4.1/../../../../arm-none-eabi/lib/armv7-m\libg_nano.a(lib_a-sbrkr.o)
                0x0000b910                _sbrk_r
 .text.__malloc_lock
                0x0000b930        0x2 c:/program files (x86)/cypress/psoc creator/4.4/psoc creator/import/gnu/arm/5.4.1/bin/../lib/gcc/arm-none-eabi/5.4.1/../../../../arm-none-eabi/lib/armv7-m\libg_nano.a(lib_a-mlock.o)
                0x0000b930                __malloc_lock
 .text.__malloc_unlock
                0x0000b932        0x2 c:/program files (x86)/cypress/psoc creator/4.4/psoc creator/import/gnu/arm/5.4.1/bin/../lib/gcc/arm-none-eabi/5.4.1/../../../../arm-none-eabi/lib/armv7-m\libg_nano.a(lib_a-mlock.o)
                0x0000b932                __malloc_unlock
 .text._malloc_usable_size_r
                0x0000b934       0x14 c:/program files (x86)/cypress/psoc creator/4.4/psoc creator/import/gnu/arm/5.4.1/bin/../lib/gcc/arm-none-eabi/5.4.1/../../../../arm-none-eabi/lib/armv7-m\libg_nano.a(lib_a-nano-msizer.o)
                0x0000b934                _malloc_usable_size_r
 *(.plt)
 *(.gnu.warning)
 *(.glue_7t)
 .glue_7t       0x0000b948        0x0 linker stubs
 *(.glue_7)
 .glue_7        0x0000b948        0x0 linker stubs
 *(.vfp11_veneer)
 .vfp11_veneer  0x0000b948        0x0 linker stubs
 *(.bootloader)
 *(.ARM.extab* .gnu.linkonce.armextab.*)
 *(.gcc_except_table)

.v4_bx          0x0000b948        0x0
 .v4_bx         0x0000b948        0x0 linker stubs

.iplt           0x0000b948        0x0
 .iplt          0x0000b948        0x0 c:/program files (x86)/cypress/psoc creator/4.4/psoc creator/import/gnu/arm/5.4.1/bin/../lib/gcc/arm-none-eabi/5.4.1/armv7-m/crtbegin.o

.eh_frame_hdr
 *(.eh_frame_hdr)

.eh_frame       0x0000b948        0x4
 *(.eh_frame)
 .eh_frame      0x0000b948        0x0 c:/program files (x86)/cypress/psoc creator/4.4/psoc creator/import/gnu/arm/5.4.1/bin/../lib/gcc/arm-none-eabi/5.4.1/armv7-m/crtbegin.o
 .eh_frame      0x0000b948        0x4 c:/program files (x86)/cypress/psoc creator/4.4/psoc creator/import/gnu/arm/5.4.1/bin/../lib/gcc/arm-none-eabi/5.4.1/armv7-m/crtend.o
                [!provide]                PROVIDE (__exidx_start, .)

.ARM.exidx
 *(.ARM.exidx* .gnu.linkonce.armexidx.*)
                0x0000b94c                __exidx_end = .

.rodata         0x0000b950     0x1a38
 *(.rodata .rodata.* .gnu.linkonce.r.*)
 .rodata.str1.4
                0x0000b950       0x32 .\CortexM3\ARM_GCC_541\Debug\main.o
 *fill*         0x0000b982        0x2 
 .rodata.str1.4
                0x0000b984      0x6db .\CortexM3\ARM_GCC_541\Debug\AS76.o
                                0x6ef (size before relaxing)
 *fill*         0x0000c05f        0x1 
 .rodata        0x0000c060     0x1070 .\CortexM3\ARM_GCC_541\Debug\cyfitter_cfg.o
 .rodata.str1.4
                0x0000d0d0       0x11 .\CortexM3\ARM_GCC_541\Debug\Half_Skeleton_V2_LED_ARRAY.a(USB_std.o)
 *fill*         0x0000d0e1        0x3 
 .rodata        0x0000d0e4      0x21a .\CortexM3\ARM_GCC_541\Debug\Half_Skeleton_V2_LED_ARRAY.a(USB_descr.o)
                0x0000d0e4                USB_MSOS_CONFIGURATION_DESCR
                0x0000d10c                USB_MSOS_DESCRIPTOR
                0x0000d120                USB_TABLE
                0x0000d128                USB_DEVICE0_TABLE
                0x0000d140                USB_DEVICE0_CONFIGURATION0_TABLE
                0x0000d168                USB_DEVICE0_CONFIGURATION0_INTERFACE_CLASS
                0x0000d16c                USB_DEVICE0_CONFIGURATION0_EP_SETTINGS_TABLE
                0x0000d184                USB_HIDREPORT_DESCRIPTOR1
                0x0000d1bc                USB_SN_STRING_DESCRIPTOR
                0x0000d1c0                USB_STRING_DESCRIPTORS
                0x0000d2a8                USB_DEVICE0_CONFIGURATION0_DESCR
                0x0000d2ec                USB_DEVICE0_DESCR
 *fill*         0x0000d2fe        0x2 
 .rodata.str1.4
                0x0000d300        0x4 c:/program files (x86)/cypress/psoc creator/4.4/psoc creator/import/gnu/arm/5.4.1/bin/../lib/gcc/arm-none-eabi/5.4.1/../../../../arm-none-eabi/lib/armv7-m\libm.a(lib_a-w_pow.o)
 .rodata.str1.4
                0x0000d304        0x4 c:/program files (x86)/cypress/psoc creator/4.4/psoc creator/import/gnu/arm/5.4.1/bin/../lib/gcc/arm-none-eabi/5.4.1/../../../../arm-none-eabi/lib/armv7-m\libm.a(lib_a-e_pow.o)
                                  0x1 (size before relaxing)
 *fill*         0x0000d304        0x4 
 .rodata.TWO52  0x0000d308       0x10 c:/program files (x86)/cypress/psoc creator/4.4/psoc creator/import/gnu/arm/5.4.1/bin/../lib/gcc/arm-none-eabi/5.4.1/../../../../arm-none-eabi/lib/armv7-m\libm.a(lib_a-s_rint.o)
 .rodata.str1.1
                0x0000d318        0x2 c:/program files (x86)/cypress/psoc creator/4.4/psoc creator/import/gnu/arm/5.4.1/bin/../lib/gcc/arm-none-eabi/5.4.1/../../../../arm-none-eabi/lib/armv7-m\libg_nano.a(lib_a-impure.o)
 .rodata.str1.1
                0x0000d31a       0x11 c:/program files (x86)/cypress/psoc creator/4.4/psoc creator/import/gnu/arm/5.4.1/bin/../lib/gcc/arm-none-eabi/5.4.1/../../../../arm-none-eabi/lib/armv7-m\libg_nano.a(lib_a-nano-svfprintf.o)
 .rodata.str1.1
                0x0000d32b       0x22 c:/program files (x86)/cypress/psoc creator/4.4/psoc creator/import/gnu/arm/5.4.1/bin/../lib/gcc/arm-none-eabi/5.4.1/../../../../arm-none-eabi/lib/armv7-m\libg_nano.a(lib_a-nano-vfprintf_i.o)
                0x0000d350                . = ALIGN (0x4)
 *fill*         0x0000d34d        0x3 
 *(.init)
 .init          0x0000d350        0x4 c:/program files (x86)/cypress/psoc creator/4.4/psoc creator/import/gnu/arm/5.4.1/bin/../lib/gcc/arm-none-eabi/5.4.1/armv7-m/crti.o
                0x0000d350                _init
 .init          0x0000d354        0x8 c:/program files (x86)/cypress/psoc creator/4.4/psoc creator/import/gnu/arm/5.4.1/bin/../lib/gcc/arm-none-eabi/5.4.1/armv7-m/crtn.o
                0x0000d35c                . = ALIGN (0x4)
                0x0000d35c                __preinit_array_start = .
 *(.preinit_array)
                0x0000d35c                __preinit_array_end = .
                0x0000d35c                . = ALIGN (0x4)
                0x0000d35c                __init_array_start = .
 *(SORT(.init_array.*))
 *(.init_array)
 .init_array    0x0000d35c        0x4 c:/program files (x86)/cypress/psoc creator/4.4/psoc creator/import/gnu/arm/5.4.1/bin/../lib/gcc/arm-none-eabi/5.4.1/armv7-m/crtbegin.o
 .init_array    0x0000d360        0x4 .\CortexM3\ARM_GCC_541\Debug\Cm3Start.o
                0x0000d364                __init_array_end = .
                0x0000d364                . = ALIGN (0x4)
 *(.fini)
 .fini          0x0000d364        0x4 c:/program files (x86)/cypress/psoc creator/4.4/psoc creator/import/gnu/arm/5.4.1/bin/../lib/gcc/arm-none-eabi/5.4.1/armv7-m/crti.o
                0x0000d364                _fini
 .fini          0x0000d368        0x8 c:/program files (x86)/cypress/psoc creator/4.4/psoc creator/import/gnu/arm/5.4.1/bin/../lib/gcc/arm-none-eabi/5.4.1/armv7-m/crtn.o
                0x0000d370                . = ALIGN (0x4)
                0x0000d370                __fini_array_start = .
 *(.fini_array)
 .fini_array    0x0000d370        0x4 c:/program files (x86)/cypress/psoc creator/4.4/psoc creator/import/gnu/arm/5.4.1/bin/../lib/gcc/arm-none-eabi/5.4.1/armv7-m/crtbegin.o
 *(SORT(.fini_array.*))
                0x0000d374                __fini_array_end = .
                0x0000d374                . = ALIGN (0x4)
 *crtbegin.o(.ctors)
 *(EXCLUDE_FILE(*crtend.o) .ctors)
 *(SORT(.ctors.*))
 *crtend.o(.ctors)
                0x0000d374                . = ALIGN (0x4)
 *crtbegin.o(.dtors)
 *(EXCLUDE_FILE(*crtend.o) .dtors)
 *(SORT(.dtors.*))
 *crtend.o(.dtors)
                0x0000d374                . = ALIGN (0x4)
                0x0000d374                __cy_regions = .
                0x0000d374        0x4 LONG 0xd388 __cy_region_init_ram
                0x0000d378        0x4 LONG 0x1fff80c8 __cy_region_start_data
                0x0000d37c        0x4 LONG 0xc8 __cy_region_init_size_ram
                0x0000d380        0x4 LONG 0x288 __cy_region_zero_size_ram
                0x0000d384                __cy_regions_end = .
                0x0000d388                . = ALIGN (0x8)
 *fill*         0x0000d384        0x4 
                0x0000d388                _etext = .

.cy_checksum_exclude
                0x0000d388        0x0
 *(.cy_checksum_exclude)

.ramvectors     0x1fff8000       0xc0
                0x1fff8000                __cy_region_start_ram = .
 *(.ramvectors)
 .ramvectors    0x1fff8000       0xc0 .\CortexM3\ARM_GCC_541\Debug\Cm3Start.o
                0x1fff8000                CyRamVectors

.noinit         0x1fff80c0        0x1
 *(.noinit)
 .noinit        0x1fff80c0        0x1 .\CortexM3\ARM_GCC_541\Debug\Half_Skeleton_V2_LED_ARRAY.a(CyLib.o)
                0x1fff80c0                CyResetStatus

.data           0x1fff80c8       0xc8 load address 0x0000d388
                0x1fff80c8                __cy_region_start_data = .
 *(.jcr)
 .jcr           0x1fff80c8        0x0 c:/program files (x86)/cypress/psoc creator/4.4/psoc creator/import/gnu/arm/5.4.1/bin/../lib/gcc/arm-none-eabi/5.4.1/armv7-m/crtbegin.o
 .jcr           0x1fff80c8        0x4 c:/program files (x86)/cypress/psoc creator/4.4/psoc creator/import/gnu/arm/5.4.1/bin/../lib/gcc/arm-none-eabi/5.4.1/armv7-m/crtend.o
 *(.got.plt)
 *(.got)
 *(.shdata)
 *(.data .data.* .gnu.linkonce.d.*)
 .data          0x1fff80cc        0x4 .\CortexM3\ARM_GCC_541\Debug\main.o
                0x1fff80cc                status_t
                0x1fff80cd                status_z
                0x1fff80ce                status_y
                0x1fff80cf                status_x
 .data          0x1fff80d0       0x29 .\CortexM3\ARM_GCC_541\Debug\AS76.o
                0x1fff80d0                gsv2_microns
                0x1fff80d4                PWM_Condenser_comare_value
                0x1fff80d8                Motor_Speed_X
                0x1fff80dc                Motor_Speed_Y
                0x1fff80e0                Motor_Speed_Z
                0x1fff80e4                HomeY_done
                0x1fff80e5                HomeX_done
                0x1fff80e6                HomeZ_done
                0x1fff80e7                HomeT_done
                0x1fff80e8                T_Pitchfactor
                0x1fff80ec                Z_Pitchfactor
                0x1fff80f0                Y_Pitchfactor
                0x1fff80f4                X_Pitchfactor
                0x1fff80f8                Time_Out_Error
 .data          0x1fff80f9        0x1 .\CortexM3\ARM_GCC_541\Debug\PCA9959.o
                0x1fff80f9                Op
 *fill*         0x1fff80fa        0x2 
 .data          0x1fff80fc        0x4 .\CortexM3\ARM_GCC_541\Debug\Cm3Start.o
 .data          0x1fff8100       0x10 .\CortexM3\ARM_GCC_541\Debug\Half_Skeleton_V2_LED_ARRAY.a(CyLib.o)
                0x1fff8100                cydelay_32k_ms
                0x1fff8104                cydelay_freq_khz
                0x1fff8108                cydelay_freq_mhz
                0x1fff810c                cydelay_freq_hz
 .data          0x1fff8110       0x1a .\CortexM3\ARM_GCC_541\Debug\Half_Skeleton_V2_LED_ARRAY.a(USB_cdc.o)
                0x1fff8110                USB_linesCoding
 .data.__fdlib_version
                0x1fff812a        0x1 c:/program files (x86)/cypress/psoc creator/4.4/psoc creator/import/gnu/arm/5.4.1/bin/../lib/gcc/arm-none-eabi/5.4.1/../../../../arm-none-eabi/lib/armv7-m\libm.a(lib_a-s_lib_ver.o)
                0x1fff812a                __fdlib_version
 *fill*         0x1fff812b        0x1 
 .data.impure_data
                0x1fff812c       0x60 c:/program files (x86)/cypress/psoc creator/4.4/psoc creator/import/gnu/arm/5.4.1/bin/../lib/gcc/arm-none-eabi/5.4.1/../../../../arm-none-eabi/lib/armv7-m\libg_nano.a(lib_a-impure.o)
 .data._impure_ptr
                0x1fff818c        0x4 c:/program files (x86)/cypress/psoc creator/4.4/psoc creator/import/gnu/arm/5.4.1/bin/../lib/gcc/arm-none-eabi/5.4.1/../../../../arm-none-eabi/lib/armv7-m\libg_nano.a(lib_a-impure.o)
                0x1fff818c                _impure_ptr
                0x1fff8190                . = ALIGN (0x8)
 *(.ram)
                0x1fff8190                _edata = .

.igot.plt       0x1fff8190        0x0 load address 0x0000d450
 .igot.plt      0x1fff8190        0x0 c:/program files (x86)/cypress/psoc creator/4.4/psoc creator/import/gnu/arm/5.4.1/bin/../lib/gcc/arm-none-eabi/5.4.1/armv7-m/crtbegin.o

.bss            0x1fff8190      0x288 load address 0x0000d450
                0x1fff8190                PROVIDE (__bss_start__, .)
 *(.shbss)
 *(.bss .bss.* .gnu.linkonce.b.*)
 .bss           0x1fff8190       0x1c c:/program files (x86)/cypress/psoc creator/4.4/psoc creator/import/gnu/arm/5.4.1/bin/../lib/gcc/arm-none-eabi/5.4.1/armv7-m/crtbegin.o
 .bss           0x1fff81ac       0x64 .\CortexM3\ARM_GCC_541\Debug\AS76.o
                0x1fff81ac                ms_count
                0x1fff81b0                exit_loop
                0x1fff81b1                capture_flag
                0x1fff81b4                X_QuadPosition
                0x1fff81b8                start_quad
                0x1fff81bc                Y_QuadPosition
                0x1fff81c0                EncoderTZSelect
                0x1fff81c4                Z_QuadPosition
                0x1fff81c8                T_QuadPosition
                0x1fff81cc                Buffer_Z_QuadPosition
                0x1fff81d0                Buffer_T_QuadPosition
                0x1fff81d4                print_flag
                0x1fff81d8                PWM_barcode_comare_value
                0x1fff81dc                Error
                0x1fff81e1                HomeX_done_Buffer
                0x1fff81e2                HomeY_done_Buffer
                0x1fff81e3                HomeZ_done_Buffer
                0x1fff81e4                HomeT_done_Buffer
                0x1fff81e8                Previous_X_Position
                0x1fff81ec                Previous_Y_Position
                0x1fff81f0                Previous_Z_Position
                0x1fff81f4                Position_X_Requested
                0x1fff81f8                Position_Y_Requested
                0x1fff81fc                Position_Z_Requested
                0x1fff8200                Position_T_Requested
                0x1fff8204                time_ms
                0x1fff8208                oil_speed
                0x1fff820c                oil_dir
 .bss           0x1fff8210        0xc .\CortexM3\ARM_GCC_541\Debug\APA102.o
                0x1fff8210                BnB
                0x1fff8212                GnR
                0x1fff8214                STFB
                0x1fff8218                LedCnt
                0x1fff8219                MaxB
                0x1fff821a                B
                0x1fff821b                j
 .bss           0x1fff821c        0x8 .\CortexM3\ARM_GCC_541\Debug\PCA9959.o
                0x1fff821c                TX
                0x1fff821e                RegAddr
                0x1fff821f                Data
                0x1fff8220                PgSl
                0x1fff8222                RX
 .bss           0x1fff8224        0x1 .\CortexM3\ARM_GCC_541\Debug\Half_Skeleton_V2_LED_ARRAY.a(SPIM.o)
                0x1fff8224                SPIM_initVar
 .bss           0x1fff8225        0x1 .\CortexM3\ARM_GCC_541\Debug\Half_Skeleton_V2_LED_ARRAY.a(USB.o)
                0x1fff8225                USB_initVar
 .bss           0x1fff8226        0x1 .\CortexM3\ARM_GCC_541\Debug\Half_Skeleton_V2_LED_ARRAY.a(USB_cdc.o)
 *fill*         0x1fff8227        0x1 
 .bss           0x1fff8228        0x2 .\CortexM3\ARM_GCC_541\Debug\Half_Skeleton_V2_LED_ARRAY.a(USB_std.o)
 .bss           0x1fff822a        0x1 .\CortexM3\ARM_GCC_541\Debug\Half_Skeleton_V2_LED_ARRAY.a(PWM_CondenserLED.o)
                0x1fff822a                PWM_CondenserLED_initVar
 .bss           0x1fff822b        0x1 .\CortexM3\ARM_GCC_541\Debug\Half_Skeleton_V2_LED_ARRAY.a(QuadDec_X.o)
                0x1fff822b                QuadDec_X_initVar
 .bss           0x1fff822c        0x4 .\CortexM3\ARM_GCC_541\Debug\Half_Skeleton_V2_LED_ARRAY.a(QuadDec_X_INT.o)
                0x1fff822c                QuadDec_X_count32SoftPart
 .bss           0x1fff8230        0x1 .\CortexM3\ARM_GCC_541\Debug\Half_Skeleton_V2_LED_ARRAY.a(QuadDec_X_Cnt16.o)
                0x1fff8230                QuadDec_X_Cnt16_initVar
 .bss           0x1fff8231        0x7 .\CortexM3\ARM_GCC_541\Debug\Half_Skeleton_V2_LED_ARRAY.a(UART_PCB_LOG.o)
                0x1fff8231                UART_PCB_LOG_errorStatus
                0x1fff8232                UART_PCB_LOG_initVar
                0x1fff8233                UART_PCB_LOG_rxBufferRead
                0x1fff8234                UART_PCB_LOG_rxBufferWrite
                0x1fff8235                UART_PCB_LOG_rxBufferLoopDetect
                0x1fff8236                UART_PCB_LOG_rxBufferOverflow
 .bss           0x1fff8238        0x1 .\CortexM3\ARM_GCC_541\Debug\Half_Skeleton_V2_LED_ARRAY.a(QuadDec_TZ.o)
                0x1fff8238                QuadDec_TZ_initVar
 *fill*         0x1fff8239        0x3 
 .bss           0x1fff823c        0x4 .\CortexM3\ARM_GCC_541\Debug\Half_Skeleton_V2_LED_ARRAY.a(QuadDec_TZ_INT.o)
                0x1fff823c                QuadDec_TZ_count32SoftPart
 .bss           0x1fff8240        0x1 .\CortexM3\ARM_GCC_541\Debug\Half_Skeleton_V2_LED_ARRAY.a(PWM_Buzzer.o)
                0x1fff8240                PWM_Buzzer_initVar
 .bss           0x1fff8241        0x1 .\CortexM3\ARM_GCC_541\Debug\Half_Skeleton_V2_LED_ARRAY.a(QuadDec_Y.o)
                0x1fff8241                QuadDec_Y_initVar
 *fill*         0x1fff8242        0x2 
 .bss           0x1fff8244        0x4 .\CortexM3\ARM_GCC_541\Debug\Half_Skeleton_V2_LED_ARRAY.a(QuadDec_Y_INT.o)
                0x1fff8244                QuadDec_Y_count32SoftPart
 .bss           0x1fff8248        0x1 .\CortexM3\ARM_GCC_541\Debug\Half_Skeleton_V2_LED_ARRAY.a(PWM_BarcodeCondenser_LED.o)
                0x1fff8248                PWM_BarcodeCondenser_LED_initVar
 .bss           0x1fff8249        0x1 .\CortexM3\ARM_GCC_541\Debug\Half_Skeleton_V2_LED_ARRAY.a(QuadDec_TZ_Cnt16.o)
                0x1fff8249                QuadDec_TZ_Cnt16_initVar
 .bss           0x1fff824a        0x1 .\CortexM3\ARM_GCC_541\Debug\Half_Skeleton_V2_LED_ARRAY.a(QuadDec_Y_Cnt16.o)
                0x1fff824a                QuadDec_Y_Cnt16_initVar
 .bss           0x1fff824b        0x1 .\CortexM3\ARM_GCC_541\Debug\Half_Skeleton_V2_LED_ARRAY.a(wait_timer.o)
                0x1fff824b                wait_timer_initVar
 .bss.__malloc_sbrk_start
                0x1fff824c        0x4 c:/program files (x86)/cypress/psoc creator/4.4/psoc creator/import/gnu/arm/5.4.1/bin/../lib/gcc/arm-none-eabi/5.4.1/../../../../arm-none-eabi/lib/armv7-m\libg_nano.a(lib_a-nano-mallocr.o)
                0x1fff824c                __malloc_sbrk_start
 .bss.__malloc_free_list
                0x1fff8250        0x4 c:/program files (x86)/cypress/psoc creator/4.4/psoc creator/import/gnu/arm/5.4.1/bin/../lib/gcc/arm-none-eabi/5.4.1/../../../../arm-none-eabi/lib/armv7-m\libg_nano.a(lib_a-nano-mallocr.o)
                0x1fff8250                __malloc_free_list
 *(COMMON)
 COMMON         0x1fff8254       0x77 .\CortexM3\ARM_GCC_541\Debug\main.o
                0x1fff8254                Is_Slide_On_Gripper
                0x1fff8258                USB_received
                0x1fff8298                count
                0x1fff829c                USB_transmit
 *fill*         0x1fff82cb        0x1 
 COMMON         0x1fff82cc        0x4 .\CortexM3\ARM_GCC_541\Debug\AS76.o
                0x1fff82cc                command
 COMMON         0x1fff82d0        0x7 .\CortexM3\ARM_GCC_541\Debug\APA102.o
                0x1fff82d0                SPI_RGB_DATA
                0x1fff82d4                i
                0x1fff82d5                G
                0x1fff82d6                R
 *fill*         0x1fff82d7        0x1 
 COMMON         0x1fff82d8       0x18 .\CortexM3\ARM_GCC_541\Debug\Half_Skeleton_V2_LED_ARRAY.a(SPIM.o)
                0x1fff82d8                SPIM_rxBufferFull
                0x1fff82dc                SPIM_txBuffer
                0x1fff82e1                SPIM_swStatusTx
                0x1fff82e4                SPIM_rxBuffer
                0x1fff82ea                SPIM_txBufferFull
                0x1fff82eb                SPIM_txBufferRead
                0x1fff82ec                SPIM_rxBufferWrite
                0x1fff82ed                SPIM_txBufferWrite
                0x1fff82ee                SPIM_rxBufferRead
                0x1fff82ef                SPIM_swStatusRx
 COMMON         0x1fff82f0       0x16 .\CortexM3\ARM_GCC_541\Debug\Half_Skeleton_V2_LED_ARRAY.a(USB_cdc.o)
                0x1fff82f0                USB_linesControlBitmap
                0x1fff82f4                USB_cdcCommInInterruptEp
                0x1fff82f8                USB_serialStateBitmap
                0x1fff82fc                USB_cdcDataOutEp
                0x1fff8300                USB_cdcDataInEp
                0x1fff8304                USB_linesChanged
 *fill*         0x1fff8306        0x2 
 COMMON         0x1fff8308       0x98 .\CortexM3\ARM_GCC_541\Debug\Half_Skeleton_V2_LED_ARRAY.a(USB_drv.o)
                0x1fff8308                USB_transferState
                0x1fff8309                USB_interfaceNumber
                0x1fff830a                USB_lastPacketSize
                0x1fff830c                USB_interfaceClass
                0x1fff8310                USB_interfaceSetting
                0x1fff8312                USB_ep0Mode
                0x1fff8313                USB_device
                0x1fff8314                USB_deviceAddress
                0x1fff8315                USB_ep0Toggle
                0x1fff8318                USB_interfaceSettingLast