Archive member included to satisfy reference by file (symbol)

.\CortexM3\ARM_GCC_541\Debug\Half_Skeleton_V2_LED_ARRAY.a(Pin_CSMotorX.o)
                              .\CortexM3\ARM_GCC_541\Debug\AS76.o (Pin_CSMotorX_Write)
.\CortexM3\ARM_GCC_541\Debug\Half_Skeleton_V2_LED_ARRAY.a(Pin_CSMotorY.o)
                              .\CortexM3\ARM_GCC_541\Debug\AS76.o (Pin_CSMotorY_Write)
.\CortexM3\ARM_GCC_541\Debug\Half_Skeleton_V2_LED_ARRAY.a(Pin_CSMotorZ.o)
                              .\CortexM3\ARM_GCC_541\Debug\AS76.o (Pin_CSMotorZ_Write)
.\CortexM3\ARM_GCC_541\Debug\Half_Skeleton_V2_LED_ARRAY.a(SPIM.o)
                              .\CortexM3\ARM_GCC_541\Debug\AS76.o (SPIM_WriteTxData)
.\CortexM3\ARM_GCC_541\Debug\Half_Skeleton_V2_LED_ARRAY.a(SPIM_INT.o)
                              .\CortexM3\ARM_GCC_541\Debug\Half_Skeleton_V2_LED_ARRAY.a(SPIM.o) (SPIM_TX_ISR)
.\CortexM3\ARM_GCC_541\Debug\Half_Skeleton_V2_LED_ARRAY.a(CyLib.o)
                              .\CortexM3\ARM_GCC_541\Debug\Cm3Start.o (CyHalt)
.\CortexM3\ARM_GCC_541\Debug\Half_Skeleton_V2_LED_ARRAY.a(cyPm.o)
                              .\CortexM3\ARM_GCC_541\Debug\Half_Skeleton_V2_LED_ARRAY.a(CyLib.o) (CyPmReadStatus)
.\CortexM3\ARM_GCC_541\Debug\Half_Skeleton_V2_LED_ARRAY.a(USB.o)
                              .\CortexM3\ARM_GCC_541\Debug\AS76.o (USB_Start)
.\CortexM3\ARM_GCC_541\Debug\Half_Skeleton_V2_LED_ARRAY.a(USB_cdc.o)
                              .\CortexM3\ARM_GCC_541\Debug\AS76.o (USB_CDC_Init)
.\CortexM3\ARM_GCC_541\Debug\Half_Skeleton_V2_LED_ARRAY.a(USB_drv.o)
                              .\CortexM3\ARM_GCC_541\Debug\Half_Skeleton_V2_LED_ARRAY.a(USB.o) (USB_lastPacketSize)
.\CortexM3\ARM_GCC_541\Debug\Half_Skeleton_V2_LED_ARRAY.a(USB_episr.o)
                              .\CortexM3\ARM_GCC_541\Debug\Half_Skeleton_V2_LED_ARRAY.a(USB.o) (USB_EP_1_ISR)
.\CortexM3\ARM_GCC_541\Debug\Half_Skeleton_V2_LED_ARRAY.a(USB_hid.o)
                              .\CortexM3\ARM_GCC_541\Debug\Half_Skeleton_V2_LED_ARRAY.a(USB.o) (USB_hidProtocol)
.\CortexM3\ARM_GCC_541\Debug\Half_Skeleton_V2_LED_ARRAY.a(USB_pm.o)
                              .\CortexM3\ARM_GCC_541\Debug\Half_Skeleton_V2_LED_ARRAY.a(USB.o) (USB_DP_ISR)
.\CortexM3\ARM_GCC_541\Debug\Half_Skeleton_V2_LED_ARRAY.a(USB_std.o)
                              .\CortexM3\ARM_GCC_541\Debug\Half_Skeleton_V2_LED_ARRAY.a(USB_pm.o) (USB_ConfigReg)
.\CortexM3\ARM_GCC_541\Debug\Half_Skeleton_V2_LED_ARRAY.a(USB_vnd.o)
                              .\CortexM3\ARM_GCC_541\Debug\Half_Skeleton_V2_LED_ARRAY.a(USB_drv.o) (USB_HandleVendorRqst)
.\CortexM3\ARM_GCC_541\Debug\Half_Skeleton_V2_LED_ARRAY.a(USB_Dp.o)
                              .\CortexM3\ARM_GCC_541\Debug\Half_Skeleton_V2_LED_ARRAY.a(USB.o) (USB_Dp_ClearInterrupt)
.\CortexM3\ARM_GCC_541\Debug\Half_Skeleton_V2_LED_ARRAY.a(PWM_CondenserLED.o)
                              .\CortexM3\ARM_GCC_541\Debug\AS76.o (PWM_CondenserLED_WriteCompare)
.\CortexM3\ARM_GCC_541\Debug\Half_Skeleton_V2_LED_ARRAY.a(SPIM_IntClock.o)
                              .\CortexM3\ARM_GCC_541\Debug\Half_Skeleton_V2_LED_ARRAY.a(SPIM.o) (SPIM_IntClock_Start)
.\CortexM3\ARM_GCC_541\Debug\Half_Skeleton_V2_LED_ARRAY.a(QuadDec_X.o)
                              .\CortexM3\ARM_GCC_541\Debug\AS76.o (QuadDec_X_GetCounter)
.\CortexM3\ARM_GCC_541\Debug\Half_Skeleton_V2_LED_ARRAY.a(QuadDec_X_INT.o)
                              .\CortexM3\ARM_GCC_541\Debug\Half_Skeleton_V2_LED_ARRAY.a(QuadDec_X.o) (QuadDec_X_ISR)
.\CortexM3\ARM_GCC_541\Debug\Half_Skeleton_V2_LED_ARRAY.a(QuadDec_X_Cnt16.o)
                              .\CortexM3\ARM_GCC_541\Debug\Half_Skeleton_V2_LED_ARRAY.a(QuadDec_X.o) (QuadDec_X_Cnt16_Stop)
.\CortexM3\ARM_GCC_541\Debug\Half_Skeleton_V2_LED_ARRAY.a(UART_PCB_LOG.o)
                              .\CortexM3\ARM_GCC_541\Debug\main.o (UART_PCB_LOG_Start)
.\CortexM3\ARM_GCC_541\Debug\Half_Skeleton_V2_LED_ARRAY.a(UART_PCB_LOG_INT.o)
                              .\CortexM3\ARM_GCC_541\Debug\Half_Skeleton_V2_LED_ARRAY.a(UART_PCB_LOG.o) (UART_PCB_LOG_RXISR)
.\CortexM3\ARM_GCC_541\Debug\Half_Skeleton_V2_LED_ARRAY.a(UART_PCB_LOG_IntClock.o)
                              .\CortexM3\ARM_GCC_541\Debug\Half_Skeleton_V2_LED_ARRAY.a(UART_PCB_LOG.o) (UART_PCB_LOG_IntClock_Start)
.\CortexM3\ARM_GCC_541\Debug\Half_Skeleton_V2_LED_ARRAY.a(Pin_Backlight.o)
                              .\CortexM3\ARM_GCC_541\Debug\AS76.o (Pin_Backlight_Write)
.\CortexM3\ARM_GCC_541\Debug\Half_Skeleton_V2_LED_ARRAY.a(LED2.o)
                              .\CortexM3\ARM_GCC_541\Debug\main.o (LED2_Write)
.\CortexM3\ARM_GCC_541\Debug\Half_Skeleton_V2_LED_ARRAY.a(Pin_CSMotorO.o)
                              .\CortexM3\ARM_GCC_541\Debug\AS76.o (Pin_CSMotorO_Write)
.\CortexM3\ARM_GCC_541\Debug\Half_Skeleton_V2_LED_ARRAY.a(Pin_CSMotorT.o)
                              .\CortexM3\ARM_GCC_541\Debug\AS76.o (Pin_CSMotorT_Write)
.\CortexM3\ARM_GCC_541\Debug\Half_Skeleton_V2_LED_ARRAY.a(QuadDec_TZ.o)
[...]
Memory Configuration

Name             Origin             Length             Attributes
rom              0x00000000         0x00040000         xr
ram              0x1fff8000         0x00010000         xrw
*default*        0x00000000         0xffffffff

Linker script and memory map

LOAD c:/program files (x86)/cypress/psoc creator/4.4/psoc creator/import/gnu/arm/5.4.1/bin/../lib/gcc/arm-none-eabi/5.4.1/armv7-m/crti.o
LOAD c:/program files (x86)/cypress/psoc creator/4.4/psoc creator/import/gnu/arm/5.4.1/bin/../lib/gcc/arm-none-eabi/5.4.1/armv7-m/crtbegin.o
LOAD c:/program files (x86)/cypress/psoc creator/4.4/psoc creator/import/gnu/arm/5.4.1/bin/../lib/gcc/arm-none-eabi/5.4.1/../../../../arm-none-eabi/lib/armv7-m/crt0.o
START GROUP
LOAD .\CortexM3\ARM_GCC_541\Debug\main.o
LOAD .\CortexM3\ARM_GCC_541\Debug\AS76.o
LOAD .\CortexM3\ARM_GCC_541\Debug\APA102.o
LOAD .\CortexM3\ARM_GCC_541\Debug\PCA9959.o
LOAD .\CortexM3\ARM_GCC_541\Debug\cyfitter_cfg.o
LOAD .\CortexM3\ARM_GCC_541\Debug\cymetadata.o
LOAD .\CortexM3\ARM_GCC_541\Debug\Cm3Start.o
LOAD .\CortexM3\ARM_GCC_541\Debug\Half_Skeleton_V2_LED_ARRAY.a
LOAD C:\Program Files (x86)\Cypress\PSoC Creator\4.4\PSoC Creator\psoc\content\cycomponentlibrary\CyComponentLibrary.cylib\CortexM3\ARM_GCC_541\Debug\CyComponentLibrary.a
LOAD c:/program files (x86)/cypress/psoc creator/4.4/psoc creator/import/gnu/arm/5.4.1/bin/../lib/gcc/arm-none-eabi/5.4.1/../../../../arm-none-eabi/lib/armv7-m\libm.a
END GROUP
START GROUP
LOAD c:/program files (x86)/cypress/psoc creator/4.4/psoc creator/import/gnu/arm/5.4.1/bin/../lib/gcc/arm-none-eabi/5.4.1/armv7-m\libgcc.a
LOAD c:/program files (x86)/cypress/psoc creator/4.4/psoc creator/import/gnu/arm/5.4.1/bin/../lib/gcc/arm-none-eabi/5.4.1/../../../../arm-none-eabi/lib/armv7-m\libg_nano.a
LOAD c:/program files (x86)/cypress/psoc creator/4.4/psoc creator/import/gnu/arm/5.4.1/bin/../lib/gcc/arm-none-eabi/5.4.1/../../../../arm-none-eabi/lib/armv7-m\libc_nano.a
END GROUP
START GROUP
LOAD c:/program files (x86)/cypress/psoc creator/4.4/psoc creator/import/gnu/arm/5.4.1/bin/../lib/gcc/arm-none-eabi/5.4.1/armv7-m\libgcc.a
LOAD c:/program files (x86)/cypress/psoc creator/4.4/psoc creator/import/gnu/arm/5.4.1/bin/../lib/gcc/arm-none-eabi/5.4.1/../../../../arm-none-eabi/lib/armv7-m\libc_nano.a
END GROUP
LOAD c:/program files (x86)/cypress/psoc creator/4.4/psoc creator/import/gnu/arm/5.4.1/bin/../lib/gcc/arm-none-eabi/5.4.1/armv7-m/crtend.o
LOAD c:/program files (x86)/cypress/psoc creator/4.4/psoc creator/import/gnu/arm/5.4.1/bin/../lib/gcc/arm-none-eabi/5.4.1/armv7-m/crtn.o
START GROUP
LOAD c:/program files (x86)/cypress/psoc creator/4.4/psoc creator/import/gnu/arm/5.4.1/bin/../lib/gcc/arm-none-eabi/5.4.1/armv7-m\libgcc.a
LOAD c:/program files (x86)/cypress/psoc creator/4.4/psoc creator/import/gnu/arm/5.4.1/bin/../lib/gcc/arm-none-eabi/5.4.1/../../../../arm-none-eabi/lib/armv7-m\libc.a
LOAD c:/program files (x86)/cypress/psoc creator/4.4/psoc creator/import/gnu/arm/5.4.1/bin/../lib/gcc/arm-none-eabi/5.4.1/../../../../arm-none-eabi/lib/armv7-m\libnosys.a
END GROUP
                0x00000000                CY_APPL_ORIGIN = 0x0
                0x00000100                CY_FLASH_ROW_SIZE = 0x100
                0x00000020                CY_ECC_ROW_SIZE = 0x20
                0x00000000                CY_EE_IN_BTLDR = 0x0
                0x00000000                CY_APPL_LOADABLE = 0x0
                0x00000800                CY_EE_SIZE = 0x800
                0x00000001                CY_APPL_NUM = 0x1
                0x00000001                CY_APPL_MAX = 0x1
                0x00000040                CY_METADATA_SIZE = 0x40
                0x00000000                CY_APPL_LOADABLE = 0x0
                0x00000000                CY_CHECKSUM_EXCLUDE_SIZE = ALIGN (0x0, CY_FLASH_ROW_SIZE)
                [!provide]                PROVIDE (__cy_heap_start, _end)
                0x00000001                PROVIDE (__cy_region_num, ((__cy_regions_end - __cy_regions) / 0x10))
                0x20008000                PROVIDE (__cy_stack, (ORIGIN (ram) + LENGTH (ram)))
                [!provide]                PROVIDE (__cy_heap_end, (__cy_stack - 0x800))

.cybootloader   0x00000000        0x0
 *(.cybootloader)
                0x00000000                appl1_start = CY_APPL_ORIGIN?CY_APPL_ORIGIN:ALIGN (CY_FLASH_ROW_SIZE)
                0x0001ff00                appl2_start = (appl1_start + ALIGN ((((LENGTH (rom) - appl1_start) - (0x2 * CY_FLASH_ROW_SIZE)) / 0x2), CY_FLASH_ROW_SIZE))
                0x00000000                appl_start = (CY_APPL_NUM == 0x1)?appl1_start:appl2_start
                0x00000000                ecc_offset = ((appl_start / CY_FLASH_ROW_SIZE) * CY_ECC_ROW_SIZE)
                0x00000000                ee_offset = (CY_APPL_LOADABLE && ! (CY_EE_IN_BTLDR))?((CY_EE_SIZE / CY_APPL_MAX) * (CY_APPL_NUM - 0x1)):0x0
                0x00000800                ee_size = (CY_APPL_LOADABLE && ! (CY_EE_IN_BTLDR))?(CY_EE_SIZE / CY_APPL_MAX):CY_EE_SIZE
                [!provide]                PROVIDE (CY_ECC_OFFSET, ecc_offset)

.text           0x00000000     0xb430
 CREATE_OBJECT_SYMBOLS
                0x00000000                PROVIDE (__cy_interrupt_vector, RomVectors)
 *(.romvectors)
 .romvectors    0x00000000       0x10 .\CortexM3\ARM_GCC_541\Debug\Cm3Start.o
                0x00000000                RomVectors
                0x00000001                ASSERT ((. != __cy_interrupt_vector), No interrupt vector)
                0x00000001                ASSERT (CY_APPL_ORIGIN?(SIZEOF (.cybootloader) <= CY_APPL_ORIGIN):0x1, Wrong image location)
                0x00000010                PROVIDE (__cy_reset, Reset)
 *(.text.Reset)
 .text.Reset    0x00000010       0x18 .\CortexM3\ARM_GCC_541\Debug\Cm3Start.o
                0x00000010                Reset
                0x00000001                ASSERT ((. != __cy_reset), No reset code)
 *(.dma_init)
                0x00000001                ASSERT ((((appl_start + .) <= 0x10000) || 0x1), DMA Init must be within the first 64k of flash)
 *(.text .text.* .gnu.linkonce.t.*)
 .text          0x00000028       0x5c c:/program files (x86)/cypress/psoc creator/4.4/psoc creator/import/gnu/arm/5.4.1/bin/../lib/gcc/arm-none-eabi/5.4.1/armv7-m/crtbegin.o
 .text.main     0x00000084      0x114 .\CortexM3\ARM_GCC_541\Debug\main.o
                0x00000084                main
 .text.wait_interrupt_Handler
                0x00000198       0x24 .\CortexM3\ARM_GCC_541\Debug\AS76.o
                0x00000198                wait_interrupt_Handler
 .text.Quad_Timer
                0x000001bc       0x24 .\CortexM3\ARM_GCC_541\Debug\AS76.o
                0x000001bc                Quad_Timer
 .text.Quad_Timer1
                0x000001e0       0x24 .\CortexM3\ARM_GCC_541\Debug\AS76.o
                0x000001e0                Quad_Timer1
 .text.Initialize_PWM
                0x00000204       0x50 .\CortexM3\ARM_GCC_541\Debug\AS76.o
                0x00000204                Initialize_PWM
 .text.Enable_Encoder_T
                0x00000254       0x18 .\CortexM3\ARM_GCC_541\Debug\AS76.o
                0x00000254                Enable_Encoder_T
 .text.Enable_Encoder_Z
                0x0000026c       0x18 .\CortexM3\ARM_GCC_541\Debug\AS76.o
                0x0000026c                Enable_Encoder_Z
 .text.Initialize_And_Start_All_Opt_Encoder
                0x00000284       0x2c .\CortexM3\ARM_GCC_541\Debug\AS76.o
                0x00000284                Initialize_And_Start_All_Opt_Encoder
 .text.Read_All_Optical_Encoder
                0x000002b0       0x44 .\CortexM3\ARM_GCC_541\Debug\AS76.o
                0x000002b0                Read_All_Optical_Encoder
 .text.Write_Debug_UART_Char
                0x000002f4       0x1c .\CortexM3\ARM_GCC_541\Debug\AS76.o
                0x000002f4                Write_Debug_UART_Char
 .text.Beep_Once
                0x00000310       0x24 .\CortexM3\ARM_GCC_541\Debug\AS76.o
                0x00000310                Beep_Once
 *fill*         0x00000334        0x4 
 .text.Send_Feedback_to_USB
                0x00000338      0x2dc .\CortexM3\ARM_GCC_541\Debug\AS76.o
                0x00000338                Send_Feedback_to_USB
 .text.Initialize_USB
                0x00000614       0x38 .\CortexM3\ARM_GCC_541\Debug\AS76.o
                0x00000614                Initialize_USB
 .text.Write_Debug_UART_Int
                0x0000064c       0x34 .\CortexM3\ARM_GCC_541\Debug\AS76.o
                0x0000064c                Write_Debug_UART_Int
 .text.set_BarcodeCondenser_LED
                0x00000680       0x70 .\CortexM3\ARM_GCC_541\Debug\AS76.o
                0x00000680                set_BarcodeCondenser_LED
 .text.set_CondenserLED
                0x000006f0       0x70 .\CortexM3\ARM_GCC_541\Debug\AS76.o
                0x000006f0                set_CondenserLED
 .text.UART_print_all_values
                0x00000760       0x24 .\CortexM3\ARM_GCC_541\Debug\AS76.o
                0x00000760                UART_print_all_values
 .text.if_all_homing_done
                0x00000784       0x78 .\CortexM3\ARM_GCC_541\Debug\AS76.o
                0x00000784                if_all_homing_done
 .text.Is_USB_Unpluged
                0x000007fc       0x40 .\CortexM3\ARM_GCC_541\Debug\AS76.o
                0x000007fc                Is_USB_Unpluged
 .text.Data_To_Transfer
                0x0000083c       0x10 .\CortexM3\ARM_GCC_541\Debug\AS76.o
                0x0000083c                Data_To_Transfer
 .text.SPI_MOTOR_CHIP_SELECT
                0x0000084c       0x98 .\CortexM3\ARM_GCC_541\Debug\AS76.o
                0x0000084c                SPI_MOTOR_CHIP_SELECT
 .text.Read_32bitSPI_DATA
                0x000008e4       0xec .\CortexM3\ARM_GCC_541\Debug\AS76.o
                0x000008e4                Read_32bitSPI_DATA
 .text.Write_32bitSPI_DATA
                0x000009d0       0x40 .\CortexM3\ARM_GCC_541\Debug\AS76.o
                0x000009d0                Write_32bitSPI_DATA
 .text.GotoPos  0x00000a10       0x28 .\CortexM3\ARM_GCC_541\Debug\AS76.o
                0x00000a10                GotoPos
 .text.Initialize_Motor
                0x00000a38      0x284 .\CortexM3\ARM_GCC_541\Debug\AS76.o
                0x00000a38                Initialize_Motor
 .text.WaitTillPositionReached
                0x00000cbc       0x54 .\CortexM3\ARM_GCC_541\Debug\AS76.o
                0x00000cbc                WaitTillPositionReached
 .text.Step_correction_x
                0x00000d10      0x100 .\CortexM3\ARM_GCC_541\Debug\AS76.o
                0x00000d10                Step_correction_x
 .text.goTo_X   0x00000e10       0x8c .\CortexM3\ARM_GCC_541\Debug\AS76.o
                0x00000e10                goTo_X
 *fill*         0x00000e9c        0x4 
 .text.Step_correction_y
                0x00000ea0       0xf0 .\CortexM3\ARM_GCC_541\Debug\AS76.o
                0x00000ea0                Step_correction_y
 .text.goTo_Y   0x00000f90       0x8c .\CortexM3\ARM_GCC_541\Debug\AS76.o
                0x00000f90                goTo_Y
 *fill*         0x0000101c        0x4 
 .text.Step_correction_z
                0x00001020       0xf0 .\CortexM3\ARM_GCC_541\Debug\AS76.o
                0x00001020                Step_correction_z
 .text.goTo_Z   0x00001110       0x9c .\CortexM3\ARM_GCC_541\Debug\AS76.o
                0x00001110                goTo_Z
 *fill*         0x000011ac        0x4 
 .text.Step_correction_t
                0x000011b0       0xf0 .\CortexM3\ARM_GCC_541\Debug\AS76.o
                0x000011b0                Step_correction_t
 .text.goTo_T   0x000012a0       0xe4 .\CortexM3\ARM_GCC_541\Debug\AS76.o
                0x000012a0                goTo_T
 .text.goTo_XYZ
                0x00001384       0xcc .\CortexM3\ARM_GCC_541\Debug\AS76.o
                0x00001384                goTo_XYZ
 .text.update_max_velocity
                0x00001450       0x10 .\CortexM3\ARM_GCC_541\Debug\AS76.o
                0x00001450                update_max_velocity
 .text.homeX    0x00001460      0x1b4 .\CortexM3\ARM_GCC_541\Debug\AS76.o
                0x00001460                homeX
 .text.homeY    0x00001614      0x1d4 .\CortexM3\ARM_GCC_541\Debug\AS76.o
                0x00001614                homeY
 .text.homeZ    0x000017e8      0x1d4 .\CortexM3\ARM_GCC_541\Debug\AS76.o
                0x000017e8                homeZ
 .text.homeT    0x000019bc      0x228 .\CortexM3\ARM_GCC_541\Debug\AS76.o
                0x000019bc                homeT
 .text.run_pump
                0x00001be4       0x90 .\CortexM3\ARM_GCC_541\Debug\AS76.o
                0x00001be4                run_pump
 .text.run_pumpvs
                0x00001c74       0x80 .\CortexM3\ARM_GCC_541\Debug\AS76.o
                0x00001c74                run_pumpvs
 *fill*         0x00001cf4        0x4 
 .text.GsV2     0x00001cf8       0xc4 .\CortexM3\ARM_GCC_541\Debug\AS76.o
                0x00001cf8                GsV2
 *fill*         0x00001dbc        0x4 
 .text.GsV2_1   0x00001dc0      0x210 .\CortexM3\ARM_GCC_541\Debug\AS76.o
                0x00001dc0                GsV2_1
 .text.GsV2_2   0x00001fd0      0x1c8 .\CortexM3\ARM_GCC_541\Debug\AS76.o
                0x00001fd0                GsV2_2
 .text.GsV2_LR  0x00002198      0x2b4 .\CortexM3\ARM_GCC_541\Debug\AS76.o
                0x00002198                GsV2_LR
 .text.flash    0x0000244c       0x48 .\CortexM3\ARM_GCC_541\Debug\AS76.o
                0x0000244c                flash
 *fill*         0x00002494        0x4 
 .text.Process_USB_Data
                0x00002498     0x13f8 .\CortexM3\ARM_GCC_541\Debug\AS76.o
                0x00002498                Process_USB_Data
 .text.LedFrame
                0x00003890       0x1c .\CortexM3\ARM_GCC_541\Debug\APA102.o
                0x00003890                LedFrame
 .text.RGB_Byte_TxOp
                0x000038ac       0x38 .\CortexM3\ARM_GCC_541\Debug\APA102.o
                0x000038ac                RGB_Byte_TxOp
 .text.BF       0x000038e4       0xf0 .\CortexM3\ARM_GCC_541\Debug\APA102.o
                0x000038e4                BF
 .text.BF2      0x000039d4       0x54 .\CortexM3\ARM_GCC_541\Debug\APA102.o
                0x000039d4                BF2
 .text.Ring     0x00003a28      0x208 .\CortexM3\ARM_GCC_541\Debug\APA102.o
                0x00003a28                Ring
 .text.PCA9959_dummy
                0x00003c30       0x30 .\CortexM3\ARM_GCC_541\Debug\PCA9959.o
                0x00003c30                PCA9959_dummy
 .text.PCA_16Bit_TxOp_1
                0x00003c60       0x60 .\CortexM3\ARM_GCC_541\Debug\PCA9959.o
                0x00003c60                PCA_16Bit_TxOp_1
 .text.PCA9959_Write_1
                0x00003cc0       0x20 .\CortexM3\ARM_GCC_541\Debug\PCA9959.o
                0x00003cc0                PCA9959_Write_1
 .text.PageSel_1
                0x00003ce0       0x28 .\CortexM3\ARM_GCC_541\Debug\PCA9959.o
                0x00003ce0                PageSel_1
 .text.PCA9959_Init_1
                0x00003d08       0x28 .\CortexM3\ARM_GCC_541\Debug\PCA9959.o
                0x00003d08                PCA9959_Init_1
 .text.PCA_16Bit_TxOp_2
                0x00003d30       0x60 .\CortexM3\ARM_GCC_541\Debug\PCA9959.o
                0x00003d30                PCA_16Bit_TxOp_2
 .text.PCA9959_Write_2
                0x00003d90       0x20 .\CortexM3\ARM_GCC_541\Debug\PCA9959.o
                0x00003d90                PCA9959_Write_2
 .text.PageSel_2
                0x00003db0       0x28 .\CortexM3\ARM_GCC_541\Debug\PCA9959.o
                0x00003db0                PageSel_2
 .text.PCA9959_Init_2
                0x00003dd8       0x28 .\CortexM3\ARM_GCC_541\Debug\PCA9959.o
                0x00003dd8                PCA9959_Init_2
 .text.PCA_16Bit_TxOp_3
                0x00003e00       0x60 .\CortexM3\ARM_GCC_541\Debug\PCA9959.o
                0x00003e00                PCA_16Bit_TxOp_3
 .text.PCA9959_Write_3
                0x00003e60       0x20 .\CortexM3\ARM_GCC_541\Debug\PCA9959.o
                0x00003e60                PCA9959_Write_3
 .text.PageSel_3
                0x00003e80       0x28 .\CortexM3\ARM_GCC_541\Debug\PCA9959.o
                0x00003e80                PageSel_3
 .text.PCA9959_Init_3
                0x00003ea8       0x28 .\CortexM3\ARM_GCC_541\Debug\PCA9959.o
                0x00003ea8                PCA9959_Init_3
 .text.PCA_16Bit_TxOp_4
                0x00003ed0       0x60 .\CortexM3\ARM_GCC_541\Debug\PCA9959.o
                0x00003ed0                PCA_16Bit_TxOp_4
 .text.PCA9959_Write_4
                0x00003f30       0x20 .\CortexM3\ARM_GCC_541\Debug\PCA9959.o
                0x00003f30                PCA9959_Write_4
 .text.PageSel_4
                0x00003f50       0x28 .\CortexM3\ARM_GCC_541\Debug\PCA9959.o
                0x00003f50                PageSel_4
 .text.PCA9959_Init_4
                0x00003f78       0x28 .\CortexM3\ARM_GCC_541\Debug\PCA9959.o
                0x00003f78                PCA9959_Init_4
 .text.PCA9959_clear
                0x00003fa0      0x654 .\CortexM3\ARM_GCC_541\Debug\PCA9959.o
                0x00003fa0                PCA9959_clear
 .text.Reset_Driver
                0x000045f4       0x1c .\CortexM3\ARM_GCC_541\Debug\PCA9959.o
                0x000045f4                Reset_Driver
 .text.PCA9959_Init_all
                0x00004610       0x18 .\CortexM3\ARM_GCC_541\Debug\PCA9959.o
                0x00004610                PCA9959_Init_all
 .text.PCA9959_ChnEn
                0x00004628     0x14e8 .\CortexM3\ARM_GCC_541\Debug\PCA9959.o
                0x00004628                PCA9959_ChnEn
 .text.CyClockStartupError
                0x00005b10        0x4 .\CortexM3\ARM_GCC_541\Debug\cyfitter_cfg.o
 .text.cfg_write_bytes32
                0x00005b14       0x34 .\CortexM3\ARM_GCC_541\Debug\cyfitter_cfg.o
 .text.AnalogSetDefault
                0x00005b48       0x28 .\CortexM3\ARM_GCC_541\Debug\cyfitter_cfg.o
 .text.CYMEMZERO
                0x00005b70        0xc .\CortexM3\ARM_GCC_541\Debug\cyfitter_cfg.o
 .text.CYCONFIGCPYCODE
                0x00005b7c        0x8 .\CortexM3\ARM_GCC_541\Debug\cyfitter_cfg.o
 .text.CYCONFIGCPY
                0x00005b84        0x8 .\CortexM3\ARM_GCC_541\Debug\cyfitter_cfg.o
 .text.ClockSetup
                0x00005b8c       0xe8 .\CortexM3\ARM_GCC_541\Debug\cyfitter_cfg.o
 .text.cyfitter_cfg
                0x00005c74      0x178 .\CortexM3\ARM_GCC_541\Debug\cyfitter_cfg.o
                0x00005c74                cyfitter_cfg
 .text.IntDefaultHandler
                0x00005dec       0x10 .\CortexM3\ARM_GCC_541\Debug\Cm3Start.o
                0x00005dec                IntDefaultHandler
 .text._sbrk    0x00005dfc       0x30 .\CortexM3\ARM_GCC_541\Debug\Cm3Start.o
                0x00005dfc                _sbrk
 .text.Start_c  0x00005e2c       0x4c .\CortexM3\ARM_GCC_541\Debug\Cm3Start.o
                0x00005e2c                Start_c
 .text.initialize_psoc
                0x00005e78       0x68 .\CortexM3\ARM_GCC_541\Debug\Cm3Start.o
                0x00005e78                initialize_psoc
 .text.Pin_CSMotorX_Write
                0x00005ee0       0x18 .\CortexM3\ARM_GCC_541\Debug\Half_Skeleton_V2_LED_ARRAY.a(Pin_CSMotorX.o)
                0x00005ee0                Pin_CSMotorX_Write
 .text.Pin_CSMotorY_Write
                0x00005ef8       0x18 .\CortexM3\ARM_GCC_541\Debug\Half_Skeleton_V2_LED_ARRAY.a(Pin_CSMotorY.o)
                0x00005ef8                Pin_CSMotorY_Write
 .text.Pin_CSMotorZ_Write
                0x00005f10       0x18 .\CortexM3\ARM_GCC_541\Debug\Half_Skeleton_V2_LED_ARRAY.a(Pin_CSMotorZ.o)
                0x00005f10                Pin_CSMotorZ_Write
 .text.SPIM_EnableTxInt
                0x00005f28        0xc .\CortexM3\ARM_GCC_541\Debug\Half_Skeleton_V2_LED_ARRAY.a(SPIM.o)
                0x00005f28                SPIM_EnableTxInt
 .text.SPIM_EnableRxInt
                0x00005f34        0xc .\CortexM3\ARM_GCC_541\Debug\Half_Skeleton_V2_LED_ARRAY.a(SPIM.o)
                0x00005f34                SPIM_EnableRxInt
 .text.SPIM_Enable
                0x00005f40       0x3c .\CortexM3\ARM_GCC_541\Debug\Half_Skeleton_V2_LED_ARRAY.a(SPIM.o)
                0x00005f40                SPIM_Enable
 .text.SPIM_DisableTxInt
                0x00005f7c        0xc .\CortexM3\ARM_GCC_541\Debug\Half_Skeleton_V2_LED_ARRAY.a(SPIM.o)
                0x00005f7c                SPIM_DisableTxInt
 .text.SPIM_DisableRxInt
                0x00005f88        0xc .\CortexM3\ARM_GCC_541\Debug\Half_Skeleton_V2_LED_ARRAY.a(SPIM.o)
                0x00005f88                SPIM_DisableRxInt
 .text.SPIM_ReadTxStatus
                0x00005f94       0x28 .\CortexM3\ARM_GCC_541\Debug\Half_Skeleton_V2_LED_ARRAY.a(SPIM.o)
                0x00005f94                SPIM_ReadTxStatus
 .text.SPIM_ReadRxStatus
                0x00005fbc       0x28 .\CortexM3\ARM_GCC_541\Debug\Half_Skeleton_V2_LED_ARRAY.a(SPIM.o)
                0x00005fbc                SPIM_ReadRxStatus
 .text.SPIM_WriteTxData
                0x00005fe4       0xd4 .\CortexM3\ARM_GCC_541\Debug\Half_Skeleton_V2_LED_ARRAY.a(SPIM.o)
                0x00005fe4                SPIM_WriteTxData
 .text.SPIM_ReadRxData
                0x000060b8       0x64 .\CortexM3\ARM_GCC_541\Debug\Half_Skeleton_V2_LED_ARRAY.a(SPIM.o)
                0x000060b8                SPIM_ReadRxData
 .text.SPIM_ClearFIFO
                0x0000611c       0x3c .\CortexM3\ARM_GCC_541\Debug\Half_Skeleton_V2_LED_ARRAY.a(SPIM.o)
                0x0000611c                SPIM_ClearFIFO
 .text.SPIM_Init
                0x00006158       0x90 .\CortexM3\ARM_GCC_541\Debug\Half_Skeleton_V2_LED_ARRAY.a(SPIM.o)
                0x00006158                SPIM_Init
 .text.SPIM_Start
                0x000061e8       0x1c .\CortexM3\ARM_GCC_541\Debug\Half_Skeleton_V2_LED_ARRAY.a(SPIM.o)
                0x000061e8                SPIM_Start
 .text.SPIM_TX_ISR
                0x00006204       0xa0 .\CortexM3\ARM_GCC_541\Debug\Half_Skeleton_V2_LED_ARRAY.a(SPIM_INT.o)
                0x00006204                SPIM_TX_ISR
 .text.SPIM_RX_ISR
                0x000062a4       0xa0 .\CortexM3\ARM_GCC_541\Debug\Half_Skeleton_V2_LED_ARRAY.a(SPIM_INT.o)
                0x000062a4                SPIM_RX_ISR
 .text.CyHalt   0x00006344        0x4 .\CortexM3\ARM_GCC_541\Debug\Half_Skeleton_V2_LED_ARRAY.a(CyLib.o)
                0x00006344                CyHalt
 .text.CySoftwareReset
                0x00006348       0x10 .\CortexM3\ARM_GCC_541\Debug\Half_Skeleton_V2_LED_ARRAY.a(CyLib.o)
                0x00006348                CySoftwareReset
 .text.CyDelay  0x00006358       0x2c .\CortexM3\ARM_GCC_541\Debug\Half_Skeleton_V2_LED_ARRAY.a(CyLib.o)
                0x00006358                CyDelay
 .text.CyDelayUs
                0x00006384       0x14 .\CortexM3\ARM_GCC_541\Debug\Half_Skeleton_V2_LED_ARRAY.a(CyLib.o)
                0x00006384                CyDelayUs
 .text.CyIntSetVector
                0x00006398       0x28 .\CortexM3\ARM_GCC_541\Debug\Half_Skeleton_V2_LED_ARRAY.a(CyLib.o)
                0x00006398                CyIntSetVector
 .text.CyIntSetPriority
                0x000063c0       0x30 .\CortexM3\ARM_GCC_541\Debug\Half_Skeleton_V2_LED_ARRAY.a(CyLib.o)
                0x000063c0                CyIntSetPriority
 .text.CyGetUniqueId
                0x000063f0       0x70 .\CortexM3\ARM_GCC_541\Debug\Half_Skeleton_V2_LED_ARRAY.a(CyLib.o)
                0x000063f0                CyGetUniqueId
 .text.USB_Init
                0x00006460      0x140 .\CortexM3\ARM_GCC_541\Debug\Half_Skeleton_V2_LED_ARRAY.a(USB.o)
                0x00006460                USB_Init
 .text.USB_InitComponent
                0x000065a0       0xd0 .\CortexM3\ARM_GCC_541\Debug\Half_Skeleton_V2_LED_ARRAY.a(USB.o)
                0x000065a0                USB_InitComponent
 .text.USB_Start
                0x00006670       0x24 .\CortexM3\ARM_GCC_541\Debug\Half_Skeleton_V2_LED_ARRAY.a(USB.o)
                0x00006670                USB_Start
 .text.USB_ReInitComponent
                0x00006694       0x64 .\CortexM3\ARM_GCC_541\Debug\Half_Skeleton_V2_LED_ARRAY.a(USB.o)
                0x00006694                USB_ReInitComponent
 .text.USB_GetConfiguration
                0x000066f8        0xc .\CortexM3\ARM_GCC_541\Debug\Half_Skeleton_V2_LED_ARRAY.a(USB.o)
                0x000066f8                USB_GetConfiguration
 .text.USB_IsConfigurationChanged
                0x00006704       0x20 .\CortexM3\ARM_GCC_541\Debug\Half_Skeleton_V2_LED_ARRAY.a(USB.o)
                0x00006704                USB_IsConfigurationChanged
 .text.USB_GetEPState
                0x00006724       0x14 .\CortexM3\ARM_GCC_541\Debug\Half_Skeleton_V2_LED_ARRAY.a(USB.o)
                0x00006724                USB_GetEPState
 .text.USB_GetEPCount
                0x00006738       0x28 .\CortexM3\ARM_GCC_541\Debug\Half_Skeleton_V2_LED_ARRAY.a(USB.o)
                0x00006738                USB_GetEPCount
 .text.USB_LoadInEP
                0x00006760       0x94 .\CortexM3\ARM_GCC_541\Debug\Half_Skeleton_V2_LED_ARRAY.a(USB.o)
                0x00006760                USB_LoadInEP
 .text.USB_EnableOutEP
                0x000067f4       0x2c .\CortexM3\ARM_GCC_541\Debug\Half_Skeleton_V2_LED_ARRAY.a(USB.o)
                0x000067f4                USB_EnableOutEP
 .text.USB_ReadOutEP
                0x00006820       0x50 .\CortexM3\ARM_GCC_541\Debug\Half_Skeleton_V2_LED_ARRAY.a(USB.o)
                0x00006820                USB_ReadOutEP
 .text.USB_EnableSofInt
                0x00006870       0x10 .\CortexM3\ARM_GCC_541\Debug\Half_Skeleton_V2_LED_ARRAY.a(USB.o)
                0x00006870                USB_EnableSofInt
 .text.USB_GetInterfaceComPort
                0x00006880       0x38 .\CortexM3\ARM_GCC_541\Debug\Half_Skeleton_V2_LED_ARRAY.a(USB_cdc.o)
                0x00006880                USB_GetInterfaceComPort
 .text.USB_DispatchCDCClassRqst
                0x000068b8       0x98 .\CortexM3\ARM_GCC_541\Debug\Half_Skeleton_V2_LED_ARRAY.a(USB_cdc.o)
                0x000068b8                USB_DispatchCDCClassRqst
 .text.USB_CDC_Init
                0x00006950       0x98 .\CortexM3\ARM_GCC_541\Debug\Half_Skeleton_V2_LED_ARRAY.a(USB_cdc.o)
                0x00006950                USB_CDC_Init
 .text.USB_PutData
                0x000069e8       0x50 .\CortexM3\ARM_GCC_541\Debug\Half_Skeleton_V2_LED_ARRAY.a(USB_cdc.o)
                0x000069e8                USB_PutData
 .text.USB_DataIsReady
                0x00006a38       0x18 .\CortexM3\ARM_GCC_541\Debug\Half_Skeleton_V2_LED_ARRAY.a(USB_cdc.o)
                0x00006a38                USB_DataIsReady
 .text.USB_GetAll
                0x00006a50       0x30 .\CortexM3\ARM_GCC_541\Debug\Half_Skeleton_V2_LED_ARRAY.a(USB_cdc.o)
                0x00006a50                USB_GetAll
 .text.USB_Cdc_EpInit
                0x00006a80       0x50 .\CortexM3\ARM_GCC_541\Debug\Half_Skeleton_V2_LED_ARRAY.a(USB_cdc.o)
                0x00006a80                USB_Cdc_EpInit
 .text.USB_LoadEP0
                0x00006ad0       0x98 .\CortexM3\ARM_GCC_541\Debug\Half_Skeleton_V2_LED_ARRAY.a(USB_drv.o)
                0x00006ad0                USB_LoadEP0
 .text.USB_InitZeroLengthControlTransfer
                0x00006b68       0x34 .\CortexM3\ARM_GCC_541\Debug\Half_Skeleton_V2_LED_ARRAY.a(USB_drv.o)
                0x00006b68                USB_InitZeroLengthControlTransfer
 .text.USB_ControlReadDataStage
                0x00006b9c        0x8 .\CortexM3\ARM_GCC_541\Debug\Half_Skeleton_V2_LED_ARRAY.a(USB_drv.o)
                0x00006b9c                USB_ControlReadDataStage
 .text.USB_ControlWriteDataStage
                0x00006ba4       0x84 .\CortexM3\ARM_GCC_541\Debug\Half_Skeleton_V2_LED_ARRAY.a(USB_drv.o)
                0x00006ba4                USB_ControlWriteDataStage
 .text.USB_InitNoDataControlTransfer
                0x00006c28       0x2c .\CortexM3\ARM_GCC_541\Debug\Half_Skeleton_V2_LED_ARRAY.a(USB_drv.o)
                0x00006c28                USB_InitNoDataControlTransfer
 .text.USB_UpdateStatusBlock
                0x00006c54       0x24 .\CortexM3\ARM_GCC_541\Debug\Half_Skeleton_V2_LED_ARRAY.a(USB_drv.o)
                0x00006c54                USB_UpdateStatusBlock
 .text.USB_HandleSetup
                0x00006c78       0x5c .\CortexM3\ARM_GCC_541\Debug\Half_Skeleton_V2_LED_ARRAY.a(USB_drv.o)
                0x00006c78                USB_HandleSetup
 .text.USB_ControlReadStatusStage
                0x00006cd4       0x38 .\CortexM3\ARM_GCC_541\Debug\Half_Skeleton_V2_LED_ARRAY.a(USB_drv.o)
                0x00006cd4                USB_ControlReadStatusStage
 .text.USB_HandleOUT
                0x00006d0c       0x38 .\CortexM3\ARM_GCC_541\Debug\Half_Skeleton_V2_LED_ARRAY.a(USB_drv.o)
                0x00006d0c                USB_HandleOUT
 .text.USB_ControlWriteStatusStage
                0x00006d44       0x20 .\CortexM3\ARM_GCC_541\Debug\Half_Skeleton_V2_LED_ARRAY.a(USB_drv.o)
                0x00006d44                USB_ControlWriteStatusStage
 .text.USB_NoDataControlStatusStage
                0x00006d64       0x40 .\CortexM3\ARM_GCC_541\Debug\Half_Skeleton_V2_LED_ARRAY.a(USB_drv.o)
                0x00006d64                USB_NoDataControlStatusStage
 .text.USB_HandleIN
                0x00006da4       0x2c .\CortexM3\ARM_GCC_541\Debug\Half_Skeleton_V2_LED_ARRAY.a(USB_drv.o)
                0x00006da4                USB_HandleIN
 .text.USB_EP_0_ISR
                0x00006dd0       0xb8 .\CortexM3\ARM_GCC_541\Debug\Half_Skeleton_V2_LED_ARRAY.a(USB_drv.o)
                0x00006dd0                USB_EP_0_ISR
 .text.USB_InitializeStatusBlock
                0x00006e88       0x24 .\CortexM3\ARM_GCC_541\Debug\Half_Skeleton_V2_LED_ARRAY.a(USB_drv.o)
                0x00006e88                USB_InitializeStatusBlock
 .text.USB_InitControlRead
                0x00006eac       0x50 .\CortexM3\ARM_GCC_541\Debug\Half_Skeleton_V2_LED_ARRAY.a(USB_drv.o)
                0x00006eac                USB_InitControlRead
 .text.USB_InitControlWrite
                0x00006efc       0x48 .\CortexM3\ARM_GCC_541\Debug\Half_Skeleton_V2_LED_ARRAY.a(USB_drv.o)
                0x00006efc                USB_InitControlWrite
 .text.USB_EP_1_ISR
                0x00006f44       0x30 .\CortexM3\ARM_GCC_541\Debug\Half_Skeleton_V2_LED_ARRAY.a(USB_episr.o)
                0x00006f44                USB_EP_1_ISR
 .text.USB_EP_2_ISR
                0x00006f74       0x34 .\CortexM3\ARM_GCC_541\Debug\Half_Skeleton_V2_LED_ARRAY.a(USB_episr.o)
                0x00006f74                USB_EP_2_ISR
 .text.USB_EP_3_ISR
                0x00006fa8       0x3c .\CortexM3\ARM_GCC_541\Debug\Half_Skeleton_V2_LED_ARRAY.a(USB_episr.o)
                0x00006fa8                USB_EP_3_ISR
 .text.USB_SOF_ISR
                0x00006fe4        0x4 .\CortexM3\ARM_GCC_541\Debug\Half_Skeleton_V2_LED_ARRAY.a(USB_episr.o)
                0x00006fe4                USB_SOF_ISR
 .text.USB_BUS_RESET_ISR
                0x00006fe8        0x8 .\CortexM3\ARM_GCC_541\Debug\Half_Skeleton_V2_LED_ARRAY.a(USB_episr.o)
                0x00006fe8                USB_BUS_RESET_ISR
 .text.USB_FindHidClassDecriptor
                0x00006ff0       0x44 .\CortexM3\ARM_GCC_541\Debug\Half_Skeleton_V2_LED_ARRAY.a(USB_hid.o)
                0x00006ff0                USB_FindHidClassDecriptor
 .text.USB_FindReportDescriptor
                0x00007034       0x4c .\CortexM3\ARM_GCC_541\Debug\Half_Skeleton_V2_LED_ARRAY.a(USB_hid.o)
                0x00007034                USB_FindReportDescriptor
 .text.USB_FindReport
                0x00007080       0x80 .\CortexM3\ARM_GCC_541\Debug\Half_Skeleton_V2_LED_ARRAY.a(USB_hid.o)
                0x00007080                USB_FindReport
 .text.USB_DispatchHIDClassRqst
                0x00007100      0x184 .\CortexM3\ARM_GCC_541\Debug\Half_Skeleton_V2_LED_ARRAY.a(USB_hid.o)
                0x00007100                USB_DispatchHIDClassRqst
 .text.USB_DP_ISR
                0x00007284        0x8 .\CortexM3\ARM_GCC_541\Debug\Half_Skeleton_V2_LED_ARRAY.a(USB_pm.o)
                0x00007284                USB_DP_ISR
 .text.USB_ReadDieID
                0x0000728c       0x6c .\CortexM3\ARM_GCC_541\Debug\Half_Skeleton_V2_LED_ARRAY.a(USB_std.o)
                0x0000728c                USB_ReadDieID
 .text.USB_ConfigReg
                0x000072f8       0xa4 .\CortexM3\ARM_GCC_541\Debug\Half_Skeleton_V2_LED_ARRAY.a(USB_std.o)
                0x000072f8                USB_ConfigReg
 .text.USB_GetConfigTablePtr
                0x0000739c       0x28 .\CortexM3\ARM_GCC_541\Debug\Half_Skeleton_V2_LED_ARRAY.a(USB_std.o)
                0x0000739c                USB_GetConfigTablePtr
 .text.USB_ConfigAltChanged
                0x000073c4      0x11c .\CortexM3\ARM_GCC_541\Debug\Half_Skeleton_V2_LED_ARRAY.a(USB_std.o)
                0x000073c4                USB_ConfigAltChanged
 .text.USB_GetDeviceTablePtr
                0x000074e0       0x18 .\CortexM3\ARM_GCC_541\Debug\Half_Skeleton_V2_LED_ARRAY.a(USB_std.o)
                0x000074e0                USB_GetDeviceTablePtr
 .text.USB_GetInterfaceClassTablePtr
                0x000074f8       0x28 .\CortexM3\ARM_GCC_541\Debug\Half_Skeleton_V2_LED_ARRAY.a(USB_std.o)
                0x000074f8                USB_GetInterfaceClassTablePtr
 .text.USB_Config
                0x00007520      0x1ec .\CortexM3\ARM_GCC_541\Debug\Half_Skeleton_V2_LED_ARRAY.a(USB_std.o)
                0x00007520                USB_Config
 .text.USB_SetEndpointHalt
                0x0000770c       0x64 .\CortexM3\ARM_GCC_541\Debug\Half_Skeleton_V2_LED_ARRAY.a(USB_std.o)
                0x0000770c                USB_SetEndpointHalt
 .text.USB_ClearEndpointHalt
                0x00007770       0xac .\CortexM3\ARM_GCC_541\Debug\Half_Skeleton_V2_LED_ARRAY.a(USB_std.o)
                0x00007770                USB_ClearEndpointHalt
 .text.USB_ValidateAlternateSetting
                0x0000781c       0x4c .\CortexM3\ARM_GCC_541\Debug\Half_Skeleton_V2_LED_ARRAY.a(USB_std.o)
                0x0000781c                USB_ValidateAlternateSetting
 .text.USB_HandleStandardRqst
                0x00007868      0x35c .\CortexM3\ARM_GCC_541\Debug\Half_Skeleton_V2_LED_ARRAY.a(USB_std.o)
                0x00007868                USB_HandleStandardRqst
 .text.USB_HandleVendorRqst
                0x00007bc4       0x3c .\CortexM3\ARM_GCC_541\Debug\Half_Skeleton_V2_LED_ARRAY.a(USB_vnd.o)
                0x00007bc4                USB_HandleVendorRqst
 .text.USB_Dp_ClearInterrupt
                0x00007c00       0x10 .\CortexM3\ARM_GCC_541\Debug\Half_Skeleton_V2_LED_ARRAY.a(USB_Dp.o)
                0x00007c00                USB_Dp_ClearInterrupt
 .text.PWM_CondenserLED_Enable
                0x00007c10       0x28 .\CortexM3\ARM_GCC_541\Debug\Half_Skeleton_V2_LED_ARRAY.a(PWM_CondenserLED.o)
                0x00007c10                PWM_CondenserLED_Enable
 .text.PWM_CondenserLED_WritePeriod
                0x00007c38        0xc .\CortexM3\ARM_GCC_541\Debug\Half_Skeleton_V2_LED_ARRAY.a(PWM_CondenserLED.o)
                0x00007c38                PWM_CondenserLED_WritePeriod
 .text.PWM_CondenserLED_WriteCompare
                0x00007c44        0xc .\CortexM3\ARM_GCC_541\Debug\Half_Skeleton_V2_LED_ARRAY.a(PWM_CondenserLED.o)
                0x00007c44                PWM_CondenserLED_WriteCompare
 .text.PWM_CondenserLED_SetInterruptMode
                0x00007c50        0xc .\CortexM3\ARM_GCC_541\Debug\Half_Skeleton_V2_LED_ARRAY.a(PWM_CondenserLED.o)
                0x00007c50                PWM_CondenserLED_SetInterruptMode
 .text.PWM_CondenserLED_Init
                0x00007c5c       0x74 .\CortexM3\ARM_GCC_541\Debug\Half_Skeleton_V2_LED_ARRAY.a(PWM_CondenserLED.o)
                0x00007c5c                PWM_CondenserLED_Init
 .text.PWM_CondenserLED_Start
                0x00007cd0       0x1c .\CortexM3\ARM_GCC_541\Debug\Half_Skeleton_V2_LED_ARRAY.a(PWM_CondenserLED.o)
                0x00007cd0                PWM_CondenserLED_Start
 .text.SPIM_IntClock_Start
                0x00007cec       0x1c .\CortexM3\ARM_GCC_541\Debug\Half_Skeleton_V2_LED_ARRAY.a(SPIM_IntClock.o)
                0x00007cec                SPIM_IntClock_Start
 .text.QuadDec_X_Init
                0x00007d08       0x24 .\CortexM3\ARM_GCC_541\Debug\Half_Skeleton_V2_LED_ARRAY.a(QuadDec_X.o)
                0x00007d08                QuadDec_X_Init
 .text.QuadDec_X_GetCounter
                0x00007d2c       0x2c .\CortexM3\ARM_GCC_541\Debug\Half_Skeleton_V2_LED_ARRAY.a(QuadDec_X.o)
                0x00007d2c                QuadDec_X_GetCounter
 .text.QuadDec_X_SetCounter
                0x00007d58       0x28 .\CortexM3\ARM_GCC_541\Debug\Half_Skeleton_V2_LED_ARRAY.a(QuadDec_X.o)
                0x00007d58                QuadDec_X_SetCounter
 .text.QuadDec_X_GetEvents
                0x00007d80       0x10 .\CortexM3\ARM_GCC_541\Debug\Half_Skeleton_V2_LED_ARRAY.a(QuadDec_X.o)
                0x00007d80                QuadDec_X_GetEvents
 .text.QuadDec_X_SetInterruptMask
                0x00007d90       0x10 .\CortexM3\ARM_GCC_541\Debug\Half_Skeleton_V2_LED_ARRAY.a(QuadDec_X.o)
                0x00007d90                QuadDec_X_SetInterruptMask
 .text.QuadDec_X_Enable
                0x00007da0       0x30 .\CortexM3\ARM_GCC_541\Debug\Half_Skeleton_V2_LED_ARRAY.a(QuadDec_X.o)
                0x00007da0                QuadDec_X_Enable
 .text.QuadDec_X_Start
                0x00007dd0       0x34 .\CortexM3\ARM_GCC_541\Debug\Half_Skeleton_V2_LED_ARRAY.a(QuadDec_X.o)
                0x00007dd0                QuadDec_X_Start
 .text.QuadDec_X_ISR
                0x00007e04       0x40 .\CortexM3\ARM_GCC_541\Debug\Half_Skeleton_V2_LED_ARRAY.a(QuadDec_X_INT.o)
                0x00007e04                QuadDec_X_ISR
 .text.QuadDec_X_Cnt16_Enable
                0x00007e44       0x10 .\CortexM3\ARM_GCC_541\Debug\Half_Skeleton_V2_LED_ARRAY.a(QuadDec_X_Cnt16.o)
                0x00007e44                QuadDec_X_Cnt16_Enable
 .text.QuadDec_X_Cnt16_SetInterruptMode
                0x00007e54        0xc .\CortexM3\ARM_GCC_541\Debug\Half_Skeleton_V2_LED_ARRAY.a(QuadDec_X_Cnt16.o)
                0x00007e54                QuadDec_X_Cnt16_SetInterruptMode
 .text.QuadDec_X_Cnt16_ReadStatusRegister
                0x00007e60        0xc .\CortexM3\ARM_GCC_541\Debug\Half_Skeleton_V2_LED_ARRAY.a(QuadDec_X_Cnt16.o)
                0x00007e60                QuadDec_X_Cnt16_ReadStatusRegister
 .text.QuadDec_X_Cnt16_WriteCounter
                0x00007e6c        0xc .\CortexM3\ARM_GCC_541\Debug\Half_Skeleton_V2_LED_ARRAY.a(QuadDec_X_Cnt16.o)
                0x00007e6c                QuadDec_X_Cnt16_WriteCounter
 .text.QuadDec_X_Cnt16_ReadCounter
                0x00007e78       0x14 .\CortexM3\ARM_GCC_541\Debug\Half_Skeleton_V2_LED_ARRAY.a(QuadDec_X_Cnt16.o)
                0x00007e78                QuadDec_X_Cnt16_ReadCounter
 .text.QuadDec_X_Cnt16_ReadCapture
                0x00007e8c        0xc .\CortexM3\ARM_GCC_541\Debug\Half_Skeleton_V2_LED_ARRAY.a(QuadDec_X_Cnt16.o)
                0x00007e8c                QuadDec_X_Cnt16_ReadCapture
 .text.QuadDec_X_Cnt16_WritePeriod
                0x00007e98        0xc .\CortexM3\ARM_GCC_541\Debug\Half_Skeleton_V2_LED_ARRAY.a(QuadDec_X_Cnt16.o)
                0x00007e98                QuadDec_X_Cnt16_WritePeriod
 .text.QuadDec_X_Cnt16_WriteCompare
                0x00007ea4        0xc .\CortexM3\ARM_GCC_541\Debug\Half_Skeleton_V2_LED_ARRAY.a(QuadDec_X_Cnt16.o)
                0x00007ea4                QuadDec_X_Cnt16_WriteCompare
 .text.QuadDec_X_Cnt16_ClearFIFO
                0x00007eb0       0x14 .\CortexM3\ARM_GCC_541\Debug\Half_Skeleton_V2_LED_ARRAY.a(QuadDec_X_Cnt16.o)
                0x00007eb0                QuadDec_X_Cnt16_ClearFIFO
 .text.QuadDec_X_Cnt16_Init
                0x00007ec4       0x58 .\CortexM3\ARM_GCC_541\Debug\Half_Skeleton_V2_LED_ARRAY.a(QuadDec_X_Cnt16.o)
                0x00007ec4                QuadDec_X_Cnt16_Init
 .text.QuadDec_X_Cnt16_Start
                0x00007f1c       0x1c .\CortexM3\ARM_GCC_541\Debug\Half_Skeleton_V2_LED_ARRAY.a(QuadDec_X_Cnt16.o)
                0x00007f1c                QuadDec_X_Cnt16_Start
 .text.UART_PCB_LOG_Init
                0x00007f38       0x44 .\CortexM3\ARM_GCC_541\Debug\Half_Skeleton_V2_LED_ARRAY.a(UART_PCB_LOG.o)
                0x00007f38                UART_PCB_LOG_Init
 .text.UART_PCB_LOG_Enable
                0x00007f7c       0x48 .\CortexM3\ARM_GCC_541\Debug\Half_Skeleton_V2_LED_ARRAY.a(UART_PCB_LOG.o)
                0x00007f7c                UART_PCB_LOG_Enable
 .text.UART_PCB_LOG_Start
                0x00007fc4       0x1c .\CortexM3\ARM_GCC_541\Debug\Half_Skeleton_V2_LED_ARRAY.a(UART_PCB_LOG.o)
                0x00007fc4                UART_PCB_LOG_Start
 .text.UART_PCB_LOG_PutChar
                0x00007fe0       0x18 .\CortexM3\ARM_GCC_541\Debug\Half_Skeleton_V2_LED_ARRAY.a(UART_PCB_LOG.o)
                0x00007fe0                UART_PCB_LOG_PutChar
 .text.UART_PCB_LOG_PutString
                0x00007ff8       0x24 .\CortexM3\ARM_GCC_541\Debug\Half_Skeleton_V2_LED_ARRAY.a(UART_PCB_LOG.o)
                0x00007ff8                UART_PCB_LOG_PutString
 .text.UART_PCB_LOG_RXISR
                0x0000801c       0x98 .\CortexM3\ARM_GCC_541\Debug\Half_Skeleton_V2_LED_ARRAY.a(UART_PCB_LOG_INT.o)
                0x0000801c                UART_PCB_LOG_RXISR
 .text.UART_PCB_LOG_IntClock_Start
                0x000080b4       0x1c .\CortexM3\ARM_GCC_541\Debug\Half_Skeleton_V2_LED_ARRAY.a(UART_PCB_LOG_IntClock.o)
                0x000080b4                UART_PCB_LOG_IntClock_Start
 .text.Pin_Backlight_Write
                0x000080d0       0x18 .\CortexM3\ARM_GCC_541\Debug\Half_Skeleton_V2_LED_ARRAY.a(Pin_Backlight.o)
                0x000080d0                Pin_Backlight_Write
 .text.LED2_Write
                0x000080e8       0x18 .\CortexM3\ARM_GCC_541\Debug\Half_Skeleton_V2_LED_ARRAY.a(LED2.o)
                0x000080e8                LED2_Write
 .text.Pin_CSMotorO_Write
                0x00008100       0x18 .\CortexM3\ARM_GCC_541\Debug\Half_Skeleton_V2_LED_ARRAY.a(Pin_CSMotorO.o)
                0x00008100                Pin_CSMotorO_Write
 .text.Pin_CSMotorT_Write
                0x00008118       0x18 .\CortexM3\ARM_GCC_541\Debug\Half_Skeleton_V2_LED_ARRAY.a(Pin_CSMotorT.o)
                0x00008118                Pin_CSMotorT_Write
 .text.QuadDec_TZ_Init
                0x00008130       0x24 .\CortexM3\ARM_GCC_541\Debug\Half_Skeleton_V2_LED_ARRAY.a(QuadDec_TZ.o)
                0x00008130                QuadDec_TZ_Init
 .text.QuadDec_TZ_GetCounter
                0x00008154       0x2c .\CortexM3\ARM_GCC_541\Debug\Half_Skeleton_V2_LED_ARRAY.a(QuadDec_TZ.o)
                0x00008154                QuadDec_TZ_GetCounter
 .text.QuadDec_TZ_SetCounter
                0x00008180       0x28 .\CortexM3\ARM_GCC_541\Debug\Half_Skeleton_V2_LED_ARRAY.a(QuadDec_TZ.o)
                0x00008180                QuadDec_TZ_SetCounter
 .text.QuadDec_TZ_GetEvents
                0x000081a8       0x10 .\CortexM3\ARM_GCC_541\Debug\Half_Skeleton_V2_LED_ARRAY.a(QuadDec_TZ.o)
                0x000081a8                QuadDec_TZ_GetEvents
 .text.QuadDec_TZ_SetInterruptMask
                0x000081b8       0x10 .\CortexM3\ARM_GCC_541\Debug\Half_Skeleton_V2_LED_ARRAY.a(QuadDec_TZ.o)
                0x000081b8                QuadDec_TZ_SetInterruptMask
 .text.QuadDec_TZ_Enable
                0x000081c8       0x30 .\CortexM3\ARM_GCC_541\Debug\Half_Skeleton_V2_LED_ARRAY.a(QuadDec_TZ.o)
                0x000081c8                QuadDec_TZ_Enable
 .text.QuadDec_TZ_Start
                0x000081f8       0x34 .\CortexM3\ARM_GCC_541\Debug\Half_Skeleton_V2_LED_ARRAY.a(QuadDec_TZ.o)
                0x000081f8                QuadDec_TZ_Start
 .text.QuadDec_TZ_ISR
                0x0000822c       0x40 .\CortexM3\ARM_GCC_541\Debug\Half_Skeleton_V2_LED_ARRAY.a(QuadDec_TZ_INT.o)
                0x0000822c                QuadDec_TZ_ISR
 .text.PWM_Buzzer_Enable
                0x0000826c       0x28 .\CortexM3\ARM_GCC_541\Debug\Half_Skeleton_V2_LED_ARRAY.a(PWM_Buzzer.o)
                0x0000826c                PWM_Buzzer_Enable
 .text.PWM_Buzzer_WritePeriod
                0x00008294        0xc .\CortexM3\ARM_GCC_541\Debug\Half_Skeleton_V2_LED_ARRAY.a(PWM_Buzzer.o)
                0x00008294                PWM_Buzzer_WritePeriod
 .text.PWM_Buzzer_WriteCompare
                0x000082a0        0xc .\CortexM3\ARM_GCC_541\Debug\Half_Skeleton_V2_LED_ARRAY.a(PWM_Buzzer.o)
                0x000082a0                PWM_Buzzer_WriteCompare
 .text.PWM_Buzzer_SetInterruptMode
                0x000082ac        0xc .\CortexM3\ARM_GCC_541\Debug\Half_Skeleton_V2_LED_ARRAY.a(PWM_Buzzer.o)
                0x000082ac                PWM_Buzzer_SetInterruptMode
 .text.PWM_Buzzer_Init
                0x000082b8       0x74 .\CortexM3\ARM_GCC_541\Debug\Half_Skeleton_V2_LED_ARRAY.a(PWM_Buzzer.o)
                0x000082b8                PWM_Buzzer_Init
 .text.PWM_Buzzer_Start
                0x0000832c       0x1c .\CortexM3\ARM_GCC_541\Debug\Half_Skeleton_V2_LED_ARRAY.a(PWM_Buzzer.o)
                0x0000832c                PWM_Buzzer_Start
 .text.QuadDec_Y_Init
                0x00008348       0x24 .\CortexM3\ARM_GCC_541\Debug\Half_Skeleton_V2_LED_ARRAY.a(QuadDec_Y.o)
                0x00008348                QuadDec_Y_Init
 .text.QuadDec_Y_GetCounter
                0x0000836c       0x2c .\CortexM3\ARM_GCC_541\Debug\Half_Skeleton_V2_LED_ARRAY.a(QuadDec_Y.o)
                0x0000836c                QuadDec_Y_GetCounter
 .text.QuadDec_Y_SetCounter
                0x00008398       0x28 .\CortexM3\ARM_GCC_541\Debug\Half_Skeleton_V2_LED_ARRAY.a(QuadDec_Y.o)
                0x00008398                QuadDec_Y_SetCounter
 .text.QuadDec_Y_GetEvents
                0x000083c0       0x10 .\CortexM3\ARM_GCC_541\Debug\Half_Skeleton_V2_LED_ARRAY.a(QuadDec_Y.o)
                0x000083c0                QuadDec_Y_GetEvents
 .text.QuadDec_Y_SetInterruptMask
                0x000083d0       0x10 .\CortexM3\ARM_GCC_541\Debug\Half_Skeleton_V2_LED_ARRAY.a(QuadDec_Y.o)
                0x000083d0                QuadDec_Y_SetInterruptMask
 .text.QuadDec_Y_Enable
                0x000083e0       0x30 .\CortexM3\ARM_GCC_541\Debug\Half_Skeleton_V2_LED_ARRAY.a(QuadDec_Y.o)
                0x000083e0                QuadDec_Y_Enable
 .text.QuadDec_Y_Start
                0x00008410       0x34 .\CortexM3\ARM_GCC_541\Debug\Half_Skeleton_V2_LED_ARRAY.a(QuadDec_Y.o)
                0x00008410                QuadDec_Y_Start
 .text.QuadDec_Y_ISR
                0x00008444       0x40 .\CortexM3\ARM_GCC_541\Debug\Half_Skeleton_V2_LED_ARRAY.a(QuadDec_Y_INT.o)
                0x00008444                QuadDec_Y_ISR
 .text.PWM_BarcodeCondenser_LED_Enable
                0x00008484       0x28 .\CortexM3\ARM_GCC_541\Debug\Half_Skeleton_V2_LED_ARRAY.a(PWM_BarcodeCondenser_LED.o)
                0x00008484                PWM_BarcodeCondenser_LED_Enable
 .text.PWM_BarcodeCondenser_LED_WritePeriod
                0x000084ac        0xc .\CortexM3\ARM_GCC_541\Debug\Half_Skeleton_V2_LED_ARRAY.a(PWM_BarcodeCondenser_LED.o)
                0x000084ac                PWM_BarcodeCondenser_LED_WritePeriod
 .text.PWM_BarcodeCondenser_LED_WriteCompare
                0x000084b8        0xc .\CortexM3\ARM_GCC_541\Debug\Half_Skeleton_V2_LED_ARRAY.a(PWM_BarcodeCondenser_LED.o)
                0x000084b8                PWM_BarcodeCondenser_LED_WriteCompare
 .text.PWM_BarcodeCondenser_LED_SetInterruptMode
                0x000084c4        0xc .\CortexM3\ARM_GCC_541\Debug\Half_Skeleton_V2_LED_ARRAY.a(PWM_BarcodeCondenser_LED.o)
                0x000084c4                PWM_BarcodeCondenser_LED_SetInterruptMode
 .text.PWM_BarcodeCondenser_LED_Init
                0x000084d0       0x74 .\CortexM3\ARM_GCC_541\Debug\Half_Skeleton_V2_LED_ARRAY.a(PWM_BarcodeCondenser_LED.o)
                0x000084d0                PWM_BarcodeCondenser_LED_Init
 .text.PWM_BarcodeCondenser_LED_Start
                0x00008544       0x1c .\CortexM3\ARM_GCC_541\Debug\Half_Skeleton_V2_LED_ARRAY.a(PWM_BarcodeCondenser_LED.o)
                0x00008544                PWM_BarcodeCondenser_LED_Start
 .text.LED3_Write
                0x00008560       0x18 .\CortexM3\ARM_GCC_541\Debug\Half_Skeleton_V2_LED_ARRAY.a(LED3.o)
                0x00008560                LED3_Write
 .text.Encoder_T_Z_Select_Write
                0x00008578        0xc .\CortexM3\ARM_GCC_541\Debug\Half_Skeleton_V2_LED_ARRAY.a(Encoder_T_Z_Select.o)
                0x00008578                Encoder_T_Z_Select_Write
 .text.TMC5160_MotorX_EN_Write
                0x00008584       0x18 .\CortexM3\ARM_GCC_541\Debug\Half_Skeleton_V2_LED_ARRAY.a(TMC5160_MotorX_EN.o)
                0x00008584                TMC5160_MotorX_EN_Write
 .text.TMC5160_MotorY_EN_Write
                0x0000859c       0x18 .\CortexM3\ARM_GCC_541\Debug\Half_Skeleton_V2_LED_ARRAY.a(TMC5160_MotorY_EN.o)
                0x0000859c                TMC5160_MotorY_EN_Write
 .text.TMC5160_MotorZ_EN_Write
                0x000085b4       0x18 .\CortexM3\ARM_GCC_541\Debug\Half_Skeleton_V2_LED_ARRAY.a(TMC5160_MotorZ_EN.o)
                0x000085b4                TMC5160_MotorZ_EN_Write
 .text.TMC5160_MotorT_EN_Write
                0x000085cc       0x18 .\CortexM3\ARM_GCC_541\Debug\Half_Skeleton_V2_LED_ARRAY.a(TMC5160_MotorT_EN.o)
                0x000085cc                TMC5160_MotorT_EN_Write
 .text.TMC5160_MotorO_EN_Write
                0x000085e4       0x18 .\CortexM3\ARM_GCC_541\Debug\Half_Skeleton_V2_LED_ARRAY.a(TMC5160_MotorO_EN.o)
                0x000085e4                TMC5160_MotorO_EN_Write
 .text.QuadDec_TZ_Cnt16_Enable
                0x000085fc       0x10 .\CortexM3\ARM_GCC_541\Debug\Half_Skeleton_V2_LED_ARRAY.a(QuadDec_TZ_Cnt16.o)
                0x000085fc                QuadDec_TZ_Cnt16_Enable
 .text.QuadDec_TZ_Cnt16_SetInterruptMode
                0x0000860c        0xc .\CortexM3\ARM_GCC_541\Debug\Half_Skeleton_V2_LED_ARRAY.a(QuadDec_TZ_Cnt16.o)
                0x0000860c                QuadDec_TZ_Cnt16_SetInterruptMode
 .text.QuadDec_TZ_Cnt16_ReadStatusRegister
                0x00008618        0xc .\CortexM3\ARM_GCC_541\Debug\Half_Skeleton_V2_LED_ARRAY.a(QuadDec_TZ_Cnt16.o)
                0x00008618                QuadDec_TZ_Cnt16_ReadStatusRegister
 .text.QuadDec_TZ_Cnt16_WriteCounter
                0x00008624        0xc .\CortexM3\ARM_GCC_541\Debug\Half_Skeleton_V2_LED_ARRAY.a(QuadDec_TZ_Cnt16.o)
                0x00008624                QuadDec_TZ_Cnt16_WriteCounter
 .text.QuadDec_TZ_Cnt16_ReadCounter
                0x00008630       0x14 .\CortexM3\ARM_GCC_541\Debug\Half_Skeleton_V2_LED_ARRAY.a(QuadDec_TZ_Cnt16.o)
                0x00008630                QuadDec_TZ_Cnt16_ReadCounter
 .text.QuadDec_TZ_Cnt16_ReadCapture
                0x00008644        0xc .\CortexM3\ARM_GCC_541\Debug\Half_Skeleton_V2_LED_ARRAY.a(QuadDec_TZ_Cnt16.o)
                0x00008644                QuadDec_TZ_Cnt16_ReadCapture
 .text.QuadDec_TZ_Cnt16_WritePeriod
                0x00008650        0xc .\CortexM3\ARM_GCC_541\Debug\Half_Skeleton_V2_LED_ARRAY.a(QuadDec_TZ_Cnt16.o)
                0x00008650                QuadDec_TZ_Cnt16_WritePeriod
 .text.QuadDec_TZ_Cnt16_WriteCompare
                0x0000865c        0xc .\CortexM3\ARM_GCC_541\Debug\Half_Skeleton_V2_LED_ARRAY.a(QuadDec_TZ_Cnt16.o)
                0x0000865c                QuadDec_TZ_Cnt16_WriteCompare
 .text.QuadDec_TZ_Cnt16_ClearFIFO
                0x00008668       0x14 .\CortexM3\ARM_GCC_541\Debug\Half_Skeleton_V2_LED_ARRAY.a(QuadDec_TZ_Cnt16.o)
                0x00008668                QuadDec_TZ_Cnt16_ClearFIFO
 .text.QuadDec_TZ_Cnt16_Init
                0x0000867c       0x58 .\CortexM3\ARM_GCC_541\Debug\Half_Skeleton_V2_LED_ARRAY.a(QuadDec_TZ_Cnt16.o)
                0x0000867c                QuadDec_TZ_Cnt16_Init
 .text.QuadDec_TZ_Cnt16_Start
                0x000086d4       0x1c .\CortexM3\ARM_GCC_541\Debug\Half_Skeleton_V2_LED_ARRAY.a(QuadDec_TZ_Cnt16.o)
                0x000086d4                QuadDec_TZ_Cnt16_Start
 .text.QuadDec_Y_Cnt16_Enable
                0x000086f0       0x10 .\CortexM3\ARM_GCC_541\Debug\Half_Skeleton_V2_LED_ARRAY.a(QuadDec_Y_Cnt16.o)
                0x000086f0                QuadDec_Y_Cnt16_Enable
 .text.QuadDec_Y_Cnt16_SetInterruptMode
                0x00008700        0xc .\CortexM3\ARM_GCC_541\Debug\Half_Skeleton_V2_LED_ARRAY.a(QuadDec_Y_Cnt16.o)
                0x00008700                QuadDec_Y_Cnt16_SetInterruptMode
 .text.QuadDec_Y_Cnt16_ReadStatusRegister
                0x0000870c        0xc .\CortexM3\ARM_GCC_541\Debug\Half_Skeleton_V2_LED_ARRAY.a(QuadDec_Y_Cnt16.o)
                0x0000870c                QuadDec_Y_Cnt16_ReadStatusRegister
 .text.QuadDec_Y_Cnt16_WriteCounter
                0x00008718        0xc .\CortexM3\ARM_GCC_541\Debug\Half_Skeleton_V2_LED_ARRAY.a(QuadDec_Y_Cnt16.o)
                0x00008718                QuadDec_Y_Cnt16_WriteCounter
 .text.QuadDec_Y_Cnt16_ReadCounter
                0x00008724       0x14 .\CortexM3\ARM_GCC_541\Debug\Half_Skeleton_V2_LED_ARRAY.a(QuadDec_Y_Cnt16.o)
                0x00008724                QuadDec_Y_Cnt16_ReadCounter
 .text.QuadDec_Y_Cnt16_ReadCapture
                0x00008738        0xc .\CortexM3\ARM_GCC_541\Debug\Half_Skeleton_V2_LED_ARRAY.a(QuadDec_Y_Cnt16.o)
                0x00008738                QuadDec_Y_Cnt16_ReadCapture
 .text.QuadDec_Y_Cnt16_WritePeriod
                0x00008744        0xc .\CortexM3\ARM_GCC_541\Debug\Half_Skeleton_V2_LED_ARRAY.a(QuadDec_Y_Cnt16.o)
                0x00008744                QuadDec_Y_Cnt16_WritePeriod
 .text.QuadDec_Y_Cnt16_WriteCompare
                0x00008750        0xc .\CortexM3\ARM_GCC_541\Debug\Half_Skeleton_V2_LED_ARRAY.a(QuadDec_Y_Cnt16.o)
                0x00008750                QuadDec_Y_Cnt16_WriteCompare
 .text.QuadDec_Y_Cnt16_ClearFIFO
                0x0000875c       0x14 .\CortexM3\ARM_GCC_541\Debug\Half_Skeleton_V2_LED_ARRAY.a(QuadDec_Y_Cnt16.o)
                0x0000875c                QuadDec_Y_Cnt16_ClearFIFO
 .text.QuadDec_Y_Cnt16_Init
                0x00008770       0x58 .\CortexM3\ARM_GCC_541\Debug\Half_Skeleton_V2_LED_ARRAY.a(QuadDec_Y_Cnt16.o)
                0x00008770                QuadDec_Y_Cnt16_Init
 .text.QuadDec_Y_Cnt16_Start
                0x000087c8       0x1c .\CortexM3\ARM_GCC_541\Debug\Half_Skeleton_V2_LED_ARRAY.a(QuadDec_Y_Cnt16.o)
                0x000087c8                QuadDec_Y_Cnt16_Start
 .text.wait_timer_Enable
                0x000087e4       0x28 .\CortexM3\ARM_GCC_541\Debug\Half_Skeleton_V2_LED_ARRAY.a(wait_timer.o)
                0x000087e4                wait_timer_Enable
 .text.wait_timer_Stop
                0x0000880c       0x28 .\CortexM3\ARM_GCC_541\Debug\Half_Skeleton_V2_LED_ARRAY.a(wait_timer.o)
                0x0000880c                wait_timer_Stop
 .text.wait_timer_SetInterruptMode
                0x00008834        0xc .\CortexM3\ARM_GCC_541\Debug\Half_Skeleton_V2_LED_ARRAY.a(wait_timer.o)
                0x00008834                wait_timer_SetInterruptMode
 .text.wait_timer_WritePeriod
                0x00008840        0xc .\CortexM3\ARM_GCC_541\Debug\Half_Skeleton_V2_LED_ARRAY.a(wait_timer.o)
                0x00008840                wait_timer_WritePeriod
 .text.wait_timer_WriteCounter
                0x0000884c        0xc .\CortexM3\ARM_GCC_541\Debug\Half_Skeleton_V2_LED_ARRAY.a(wait_timer.o)
                0x0000884c                wait_timer_WriteCounter
 .text.wait_timer_Init
                0x00008858       0x68 .\CortexM3\ARM_GCC_541\Debug\Half_Skeleton_V2_LED_ARRAY.a(wait_timer.o)
                0x00008858                wait_timer_Init
 .text.wait_timer_Start
                0x000088c0       0x1c .\CortexM3\ARM_GCC_541\Debug\Half_Skeleton_V2_LED_ARRAY.a(wait_timer.o)
                0x000088c0                wait_timer_Start
 .text.wait_interrupt_SetVector
                0x000088dc        0xc .\CortexM3\ARM_GCC_541\Debug\Half_Skeleton_V2_LED_ARRAY.a(wait_interrupt.o)
                0x000088dc                wait_interrupt_SetVector
 .text.wait_interrupt_SetPriority
                0x000088e8       0x10 .\CortexM3\ARM_GCC_541\Debug\Half_Skeleton_V2_LED_ARRAY.a(wait_interrupt.o)
                0x000088e8                wait_interrupt_SetPriority
 .text.wait_interrupt_Enable
                0x000088f8       0x10 .\CortexM3\ARM_GCC_541\Debug\Half_Skeleton_V2_LED_ARRAY.a(wait_interrupt.o)
                0x000088f8                wait_interrupt_Enable
 .text.wait_interrupt_Disable
                0x00008908       0x10 .\CortexM3\ARM_GCC_541\Debug\Half_Skeleton_V2_LED_ARRAY.a(wait_interrupt.o)
                0x00008908                wait_interrupt_Disable
 .text.wait_interrupt_StartEx
                0x00008918       0x1c .\CortexM3\ARM_GCC_541\Debug\Half_Skeleton_V2_LED_ARRAY.a(wait_interrupt.o)
                0x00008918                wait_interrupt_StartEx
 .text.X_MOT_INT_Read
                0x00008934       0x10 .\CortexM3\ARM_GCC_541\Debug\Half_Skeleton_V2_LED_ARRAY.a(X_MOT_INT.o)
                0x00008934                X_MOT_INT_Read
 .text.Y_MOT_INT_Read
                0x00008944       0x10 .\CortexM3\ARM_GCC_541\Debug\Half_Skeleton_V2_LED_ARRAY.a(Y_MOT_INT.o)
                0x00008944                Y_MOT_INT_Read
 .text.Z_MOT_INT_Read
                0x00008954       0x10 .\CortexM3\ARM_GCC_541\Debug\Half_Skeleton_V2_LED_ARRAY.a(Z_MOT_INT.o)
                0x00008954                Z_MOT_INT_Read
 .text.Camera_Trigger_Write
                0x00008964       0x18 .\CortexM3\ARM_GCC_541\Debug\Half_Skeleton_V2_LED_ARRAY.a(Camera_Trigger.o)
                0x00008964                Camera_Trigger_Write
 .text.Pin_SDI_RGB_Write
                0x0000897c       0x18 .\CortexM3\ARM_GCC_541\Debug\Half_Skeleton_V2_LED_ARRAY.a(Pin_SDI_RGB.o)
                0x0000897c                Pin_SDI_RGB_Write
 .text.Pin_Clock_RGB_Write
                0x00008994       0x18 .\CortexM3\ARM_GCC_541\Debug\Half_Skeleton_V2_LED_ARRAY.a(Pin_Clock_RGB.o)
                0x00008994                Pin_Clock_RGB_Write
 .text.Pin_MOSI_PCA9959_Write
                0x000089ac       0x18 .\CortexM3\ARM_GCC_541\Debug\Half_Skeleton_V2_LED_ARRAY.a(Pin_MOSI_PCA9959.o)
                0x000089ac                Pin_MOSI_PCA9959_Write
 .text.Pin_SCK_PCA9959_Write
                0x000089c4       0x18 .\CortexM3\ARM_GCC_541\Debug\Half_Skeleton_V2_LED_ARRAY.a(Pin_SCK_PCA9959.o)
                0x000089c4                Pin_SCK_PCA9959_Write
 .text.Pin_SS_PCA9959_Write
                0x000089dc       0x18 .\CortexM3\ARM_GCC_541\Debug\Half_Skeleton_V2_LED_ARRAY.a(Pin_SS_PCA9959.o)
                0x000089dc                Pin_SS_PCA9959_Write
 .text.Pin_OE_PCA9959_1_Write
                0x000089f4       0x18 .\CortexM3\ARM_GCC_541\Debug\Half_Skeleton_V2_LED_ARRAY.a(Pin_OE_PCA9959_1.o)
                0x000089f4                Pin_OE_PCA9959_1_Write
 .text.Pin_OE_PCA9959_2_Write
                0x00008a0c       0x18 .\CortexM3\ARM_GCC_541\Debug\Half_Skeleton_V2_LED_ARRAY.a(Pin_OE_PCA9959_2.o)
                0x00008a0c                Pin_OE_PCA9959_2_Write
 .text.Pin_OE_PCA9959_3_Write
                0x00008a24       0x18 .\CortexM3\ARM_GCC_541\Debug\Half_Skeleton_V2_LED_ARRAY.a(Pin_OE_PCA9959_3.o)
                0x00008a24                Pin_OE_PCA9959_3_Write
 .text.Pin_OE_PCA9959_4_Write
                0x00008a3c       0x18 .\CortexM3\ARM_GCC_541\Debug\Half_Skeleton_V2_LED_ARRAY.a(Pin_OE_PCA9959_4.o)
                0x00008a3c                Pin_OE_PCA9959_4_Write
 .text.Pin_RST_PCA9959_Write
                0x00008a54       0x18 .\CortexM3\ARM_GCC_541\Debug\Half_Skeleton_V2_LED_ARRAY.a(Pin_RST_PCA9959.o)
                0x00008a54                Pin_RST_PCA9959_Write
 *fill*         0x00008a6c        0x4 
 .text          0x00008a70       0x20 .\CortexM3\ARM_GCC_541\Debug\Half_Skeleton_V2_LED_ARRAY.a(CyBootAsmGnu.o)
                0x00008a70                CyDelayCycles
                0x00008a80                CyEnterCriticalSection
                0x00008a88                CyExitCriticalSection
 .text.USB_DispatchClassRqst
                0x00008a90       0x68 .\CortexM3\ARM_GCC_541\Debug\Half_Skeleton_V2_LED_ARRAY.a(USB_cls.o)
                0x00008a90                USB_DispatchClassRqst
 .text.pow      0x00008af8      0x330 c:/program files (x86)/cypress/psoc creator/4.4/psoc creator/import/gnu/arm/5.4.1/bin/../lib/gcc/arm-none-eabi/5.4.1/../../../../arm-none-eabi/lib/armv7-m\libm.a(lib_a-w_pow.o)
                0x00008af8                pow
 .text.__ieee754_pow
                0x00008e28      0xac4 c:/program files (x86)/cypress/psoc creator/4.4/psoc creator/import/gnu/arm/5.4.1/bin/../lib/gcc/arm-none-eabi/5.4.1/../../../../arm-none-eabi/lib/armv7-m\libm.a(lib_a-e_pow.o)
                0x00008e28                __ieee754_pow
 .text.__ieee754_sqrt
                0x000098ec      0x188 c:/program files (x86)/cypress/psoc creator/4.4/psoc creator/import/gnu/arm/5.4.1/bin/../lib/gcc/arm-none-eabi/5.4.1/../../../../arm-none-eabi/lib/armv7-m\libm.a(lib_a-e_sqrt.o)
                0x000098ec                __ieee754_sqrt
 .text.fabs     0x00009a74        0x8 c:/program files (x86)/cypress/psoc creator/4.4/psoc creator/import/gnu/arm/5.4.1/bin/../lib/gcc/arm-none-eabi/5.4.1/../../../../arm-none-eabi/lib/armv7-m\libm.a(lib_a-s_fabs.o)
                0x00009a74                fabs
 .text.finite   0x00009a7c        0xc c:/program files (x86)/cypress/psoc creator/4.4/psoc creator/import/gnu/arm/5.4.1/bin/../lib/gcc/arm-none-eabi/5.4.1/../../../../arm-none-eabi/lib/armv7-m\libm.a(lib_a-s_finite.o)
                0x00009a7c                finite
 .text.matherr  0x00009a88        0x4 c:/program files (x86)/cypress/psoc creator/4.4/psoc creator/import/gnu/arm/5.4.1/bin/../lib/gcc/arm-none-eabi/5.4.1/../../../../arm-none-eabi/lib/armv7-m\libm.a(lib_a-s_matherr.o)
                0x00009a88                matherr
 .text.nan      0x00009a8c        0xc c:/program files (x86)/cypress/psoc creator/4.4/psoc creator/import/gnu/arm/5.4.1/bin/../lib/gcc/arm-none-eabi/5.4.1/../../../../arm-none-eabi/lib/armv7-m\libm.a(lib_a-s_nan.o)
                0x00009a8c                nan
 .text.rint     0x00009a98      0x120 c:/program files (x86)/cypress/psoc creator/4.4/psoc creator/import/gnu/arm/5.4.1/bin/../lib/gcc/arm-none-eabi/5.4.1/../../../../arm-none-eabi/lib/armv7-m\libm.a(lib_a-s_rint.o)
                0x00009a98                rint
 .text.scalbn   0x00009bb8       0xe4 c:/program files (x86)/cypress/psoc creator/4.4/psoc creator/import/gnu/arm/5.4.1/bin/../lib/gcc/arm-none-eabi/5.4.1/../../../../arm-none-eabi/lib/armv7-m\libm.a(lib_a-s_scalbn.o)
                0x00009bb8                scalbn
 .text.copysign
                0x00009c9c       0x10 c:/program files (x86)/cypress/psoc creator/4.4/psoc creator/import/gnu/arm/5.4.1/bin/../lib/gcc/arm-none-eabi/5.4.1/../../../../arm-none-eabi/lib/armv7-m\libm.a(lib_a-s_copysign.o)
                0x00009c9c                copysign
 .text          0x00009cac      0x370 c:/program files (x86)/cypress/psoc creator/4.4/psoc creator/import/gnu/arm/5.4.1/bin/../lib/gcc/arm-none-eabi/5.4.1/armv7-m\libgcc.a(_arm_addsubdf3.o)
                0x00009cac                __aeabi_drsub
                0x00009cb4                __aeabi_dsub
                0x00009cb4                __subdf3
                0x00009cb8                __aeabi_dadd
                0x00009cb8                __adddf3
                0x00009f30                __floatunsidf
                0x00009f30                __aeabi_ui2d
                0x00009f50                __floatsidf
                0x00009f50                __aeabi_i2d
                0x00009f74                __aeabi_f2d
                0x00009f74                __extendsfdf2
                0x00009fb0                __floatundidf
                0x00009fb0                __aeabi_ul2d
                0x00009fc0                __floatdidf
                0x00009fc0                __aeabi_l2d
 .text          0x0000a01c      0x424 c:/program files (x86)/cypress/psoc creator/4.4/psoc creator/import/gnu/arm/5.4.1/bin/../lib/gcc/arm-none-eabi/5.4.1/armv7-m\libgcc.a(_arm_muldivdf3.o)
                0x0000a01c                __aeabi_dmul
                0x0000a01c                __muldf3
                0x0000a270                __divdf3
                0x0000a270                __aeabi_ddiv
 .text          0x0000a440      0x110 c:/program files (x86)/cypress/psoc creator/4.4/psoc creator/import/gnu/arm/5.4.1/bin/../lib/gcc/arm-none-eabi/5.4.1/armv7-m\libgcc.a(_arm_cmpdf2.o)
                0x0000a440                __gtdf2
                0x0000a440                __gedf2
                0x0000a448                __ltdf2
                0x0000a448                __ledf2
                0x0000a450                __nedf2
                0x0000a450                __eqdf2
                0x0000a450                __cmpdf2
                0x0000a4cc                __aeabi_cdrcmple
                0x0000a4dc                __aeabi_cdcmpeq
                0x0000a4dc                __aeabi_cdcmple
                0x0000a4ec                __aeabi_dcmpeq
                0x0000a500                __aeabi_dcmplt
                0x0000a514                __aeabi_dcmple
                0x0000a528                __aeabi_dcmpge
                0x0000a53c                __aeabi_dcmpgt
 .text          0x0000a550       0x2c c:/program files (x86)/cypress/psoc creator/4.4/psoc creator/import/gnu/arm/5.4.1/bin/../lib/gcc/arm-none-eabi/5.4.1/armv7-m\libgcc.a(_arm_unorddf2.o)
                0x0000a550                __unorddf2
                0x0000a550                __aeabi_dcmpun
 .text          0x0000a57c       0x50 c:/program files (x86)/cypress/psoc creator/4.4/psoc creator/import/gnu/arm/5.4.1/bin/../lib/gcc/arm-none-eabi/5.4.1/armv7-m\libgcc.a(_arm_fixdfsi.o)
                0x0000a57c                __aeabi_d2iz
                0x0000a57c                __fixdfsi
 .text          0x0000a5cc       0x40 c:/program files (x86)/cypress/psoc creator/4.4/psoc creator/import/gnu/arm/5.4.1/bin/../lib/gcc/arm-none-eabi/5.4.1/armv7-m\libgcc.a(_arm_fixunsdfsi.o)
                0x0000a5cc                __aeabi_d2uiz
                0x0000a5cc                __fixunsdfsi
 .text          0x0000a60c       0xa0 c:/program files (x86)/cypress/psoc creator/4.4/psoc creator/import/gnu/arm/5.4.1/bin/../lib/gcc/arm-none-eabi/5.4.1/armv7-m\libgcc.a(_arm_truncdfsf2.o)
                0x0000a60c                __truncdfsf2
                0x0000a60c                __aeabi_d2f
 .text          0x0000a6ac      0x21c c:/program files (x86)/cypress/psoc creator/4.4/psoc creator/import/gnu/arm/5.4.1/bin/../lib/gcc/arm-none-eabi/5.4.1/armv7-m\libgcc.a(_arm_addsubsf3.o)
                0x0000a6ac                __aeabi_frsub
                0x0000a6b4                __subsf3
                0x0000a6b4                __aeabi_fsub
                0x0000a6b8                __aeabi_fadd
                0x0000a6b8                __addsf3
                0x0000a818                __aeabi_ui2f
                0x0000a818                __floatunsisf
                0x0000a820                __aeabi_i2f
                0x0000a820                __floatsisf
                0x0000a83c                __aeabi_ul2f
                0x0000a83c                __floatundisf
                0x0000a84c                __aeabi_l2f
                0x0000a84c                __floatdisf
 .text          0x0000a8c8      0x2a0 c:/program files (x86)/cypress/psoc creator/4.4/psoc creator/import/gnu/arm/5.4.1/bin/../lib/gcc/arm-none-eabi/5.4.1/armv7-m\libgcc.a(_arm_muldivsf3.o)
                0x0000a8c8                __mulsf3
                0x0000a8c8                __aeabi_fmul
                0x0000aa30                __aeabi_fdiv
                0x0000aa30                __divsf3
 .text.__errno  0x0000ab68        0xc c:/program files (x86)/cypress/psoc creator/4.4/psoc creator/import/gnu/arm/5.4.1/bin/../lib/gcc/arm-none-eabi/5.4.1/../../../../arm-none-eabi/lib/armv7-m\libg_nano.a(lib_a-errno.o)
                0x0000ab68                __errno
 .text.__libc_init_array
                0x0000ab74       0x4c c:/program files (x86)/cypress/psoc creator/4.4/psoc creator/import/gnu/arm/5.4.1/bin/../lib/gcc/arm-none-eabi/5.4.1/../../../../arm-none-eabi/lib/armv7-m\libg_nano.a(lib_a-init.o)
                0x0000ab74                __libc_init_array
 .text.memcpy   0x0000abc0       0x16 c:/program files (x86)/cypress/psoc creator/4.4/psoc creator/import/gnu/arm/5.4.1/bin/../lib/gcc/arm-none-eabi/5.4.1/../../../../arm-none-eabi/lib/armv7-m\libg_nano.a(lib_a-memcpy-stub.o)
                0x0000abc0                memcpy
 .text.memset   0x0000abd6       0x10 c:/program files (x86)/cypress/psoc creator/4.4/psoc creator/import/gnu/arm/5.4.1/bin/../lib/gcc/arm-none-eabi/5.4.1/../../../../arm-none-eabi/lib/armv7-m\libg_nano.a(lib_a-memset.o)
                0x0000abd6                memset
 *fill*         0x0000abe6        0x2 
 .text.sprintf  0x0000abe8       0x48 c:/program files (x86)/cypress/psoc creator/4.4/psoc creator/import/gnu/arm/5.4.1/bin/../lib/gcc/arm-none-eabi/5.4.1/../../../../arm-none-eabi/lib/armv7-m\libg_nano.a(lib_a-sprintf.o)
                0x0000abe8                siprintf
                0x0000abe8                sprintf
 .text.__ssputs_r
                0x0000ac30       0xb2 c:/program files (x86)/cypress/psoc creator/4.4/psoc creator/import/gnu/arm/5.4.1/bin/../lib/gcc/arm-none-eabi/5.4.1/../../../../arm-none-eabi/lib/armv7-m\libg_nano.a(lib_a-nano-svfprintf.o)
                0x0000ac30                __ssputs_r
 *fill*         0x0000ace2        0x2 
 .text._svfprintf_r
                0x0000ace4      0x1e8 c:/program files (x86)/cypress/psoc creator/4.4/psoc creator/import/gnu/arm/5.4.1/bin/../lib/gcc/arm-none-eabi/5.4.1/../../../../arm-none-eabi/lib/armv7-m\libg_nano.a(lib_a-nano-svfprintf.o)
                0x0000ace4                _svfiprintf_r
                0x0000ace4                _svfprintf_r
 .text._printf_common
                0x0000aecc       0xec c:/program files (x86)/cypress/psoc creator/4.4/psoc creator/import/gnu/arm/5.4.1/bin/../lib/gcc/arm-none-eabi/5.4.1/../../../../arm-none-eabi/lib/armv7-m\libg_nano.a(lib_a-nano-vfprintf_i.o)
                0x0000aecc                _printf_common
 .text._printf_i
                0x0000afb8      0x24c c:/program files (x86)/cypress/psoc creator/4.4/psoc creator/import/gnu/arm/5.4.1/bin/../lib/gcc/arm-none-eabi/5.4.1/../../../../arm-none-eabi/lib/armv7-m\libg_nano.a(lib_a-nano-vfprintf_i.o)
                0x0000afb8                _printf_i
 .text.memchr   0x0000b204       0x1c c:/program files (x86)/cypress/psoc creator/4.4/psoc creator/import/gnu/arm/5.4.1/bin/../lib/gcc/arm-none-eabi/5.4.1/../../../../arm-none-eabi/lib/armv7-m\libg_nano.a(lib_a-memchr-stub.o)
                0x0000b204                memchr
 .text.memmove  0x0000b220       0x36 c:/program files (x86)/cypress/psoc creator/4.4/psoc creator/import/gnu/arm/5.4.1/bin/../lib/gcc/arm-none-eabi/5.4.1/../../../../arm-none-eabi/lib/armv7-m\libg_nano.a(lib_a-memmove.o)
                0x0000b220                memmove
 *fill*         0x0000b256        0x2 
 .text._free_r  0x0000b258       0x98 c:/program files (x86)/cypress/psoc creator/4.4/psoc creator/import/gnu/arm/5.4.1/bin/../lib/gcc/arm-none-eabi/5.4.1/../../../../arm-none-eabi/lib/armv7-m\libg_nano.a(lib_a-nano-freer.o)
                0x0000b258                _free_r
 .text._malloc_r
                0x0000b2f0       0xbc c:/program files (x86)/cypress/psoc creator/4.4/psoc creator/import/gnu/arm/5.4.1/bin/../lib/gcc/arm-none-eabi/5.4.1/../../../../arm-none-eabi/lib/armv7-m\libg_nano.a(lib_a-nano-mallocr.o)
                0x0000b2f0                _malloc_r
 .text._realloc_r
                0x0000b3ac       0x4c c:/program files (x86)/cypress/psoc creator/4.4/psoc creator/import/gnu/arm/5.4.1/bin/../lib/gcc/arm-none-eabi/5.4.1/../../../../arm-none-eabi/lib/armv7-m\libg_nano.a(lib_a-nano-reallocr.o)
                0x0000b3ac                _realloc_r
 .text._sbrk_r  0x0000b3f8       0x20 c:/program files (x86)/cypress/psoc creator/4.4/psoc creator/import/gnu/arm/5.4.1/bin/../lib/gcc/arm-none-eabi/5.4.1/../../../../arm-none-eabi/lib/armv7-m\libg_nano.a(lib_a-sbrkr.o)
                0x0000b3f8                _sbrk_r
 .text.__malloc_lock
                0x0000b418        0x2 c:/program files (x86)/cypress/psoc creator/4.4/psoc creator/import/gnu/arm/5.4.1/bin/../lib/gcc/arm-none-eabi/5.4.1/../../../../arm-none-eabi/lib/armv7-m\libg_nano.a(lib_a-mlock.o)
                0x0000b418                __malloc_lock
 .text.__malloc_unlock
                0x0000b41a        0x2 c:/program files (x86)/cypress/psoc creator/4.4/psoc creator/import/gnu/arm/5.4.1/bin/../lib/gcc/arm-none-eabi/5.4.1/../../../../arm-none-eabi/lib/armv7-m\libg_nano.a(lib_a-mlock.o)
                0x0000b41a                __malloc_unlock
 .text._malloc_usable_size_r
                0x0000b41c       0x14 c:/program files (x86)/cypress/psoc creator/4.4/psoc creator/import/gnu/arm/5.4.1/bin/../lib/gcc/arm-none-eabi/5.4.1/../../../../arm-none-eabi/lib/armv7-m\libg_nano.a(lib_a-nano-msizer.o)
                0x0000b41c                _malloc_usable_size_r
 *(.plt)
 *(.gnu.warning)
 *(.glue_7t)
 .glue_7t       0x0000b430        0x0 linker stubs
 *(.glue_7)
 .glue_7        0x0000b430        0x0 linker stubs
 *(.vfp11_veneer)
 .vfp11_veneer  0x0000b430        0x0 linker stubs
 *(.bootloader)
 *(.ARM.extab* .gnu.linkonce.armextab.*)
 *(.gcc_except_table)

.v4_bx          0x0000b430        0x0
 .v4_bx         0x0000b430        0x0 linker stubs

.iplt           0x0000b430        0x0
 .iplt          0x0000b430        0x0 c:/program files (x86)/cypress/psoc creator/4.4/psoc creator/import/gnu/arm/5.4.1/bin/../lib/gcc/arm-none-eabi/5.4.1/armv7-m/crtbegin.o

.eh_frame_hdr
 *(.eh_frame_hdr)

.eh_frame       0x0000b430        0x4
 *(.eh_frame)
 .eh_frame      0x0000b430        0x0 c:/program files (x86)/cypress/psoc creator/4.4/psoc creator/import/gnu/arm/5.4.1/bin/../lib/gcc/arm-none-eabi/5.4.1/armv7-m/crtbegin.o
 .eh_frame      0x0000b430        0x4 c:/program files (x86)/cypress/psoc creator/4.4/psoc creator/import/gnu/arm/5.4.1/bin/../lib/gcc/arm-none-eabi/5.4.1/armv7-m/crtend.o
                [!provide]                PROVIDE (__exidx_start, .)

.ARM.exidx
 *(.ARM.exidx* .gnu.linkonce.armexidx.*)
                0x0000b434                __exidx_end = .

.rodata         0x0000b438     0x1a40
 *(.rodata .rodata.* .gnu.linkonce.r.*)
 .rodata.str1.4
                0x0000b438       0x32 .\CortexM3\ARM_GCC_541\Debug\main.o
 *fill*         0x0000b46a        0x2 
 .rodata.str1.4
                0x0000b46c      0x6e7 .\CortexM3\ARM_GCC_541\Debug\AS76.o
                                0x6fb (size before relaxing)
 *fill*         0x0000bb53        0x1 
 .rodata        0x0000bb54     0x1070 .\CortexM3\ARM_GCC_541\Debug\cyfitter_cfg.o
 .rodata.str1.4
                0x0000cbc4       0x11 .\CortexM3\ARM_GCC_541\Debug\Half_Skeleton_V2_LED_ARRAY.a(USB_std.o)
 *fill*         0x0000cbd5        0x3 
 .rodata        0x0000cbd8      0x21a .\CortexM3\ARM_GCC_541\Debug\Half_Skeleton_V2_LED_ARRAY.a(USB_descr.o)
                0x0000cbd8                USB_MSOS_CONFIGURATION_DESCR
                0x0000cc00                USB_MSOS_DESCRIPTOR
                0x0000cc14                USB_TABLE
                0x0000cc1c                USB_DEVICE0_TABLE
                0x0000cc34                USB_DEVICE0_CONFIGURATION0_TABLE
                0x0000cc5c                USB_DEVICE0_CONFIGURATION0_INTERFACE_CLASS
                0x0000cc60                USB_DEVICE0_CONFIGURATION0_EP_SETTINGS_TABLE
                0x0000cc78                USB_HIDREPORT_DESCRIPTOR1
                0x0000ccb0                USB_SN_STRING_DESCRIPTOR
                0x0000ccb4                USB_STRING_DESCRIPTORS
                0x0000cd9c                USB_DEVICE0_CONFIGURATION0_DESCR
                0x0000cde0                USB_DEVICE0_DESCR
 *fill*         0x0000cdf2        0x2 
 .rodata.str1.4
                0x0000cdf4        0x4 c:/program files (x86)/cypress/psoc creator/4.4/psoc creator/import/gnu/arm/5.4.1/bin/../lib/gcc/arm-none-eabi/5.4.1/../../../../arm-none-eabi/lib/armv7-m\libm.a(lib_a-w_pow.o)
 .rodata.str1.4
                0x0000cdf8        0x4 c:/program files (x86)/cypress/psoc creator/4.4/psoc creator/import/gnu/arm/5.4.1/bin/../lib/gcc/arm-none-eabi/5.4.1/../../../../arm-none-eabi/lib/armv7-m\libm.a(lib_a-e_pow.o)
                                  0x1 (size before relaxing)
 .rodata.TWO52  0x0000cdf8       0x10 c:/program files (x86)/cypress/psoc creator/4.4/psoc creator/import/gnu/arm/5.4.1/bin/../lib/gcc/arm-none-eabi/5.4.1/../../../../arm-none-eabi/lib/armv7-m\libm.a(lib_a-s_rint.o)
 .rodata.str1.1
                0x0000ce08        0x2 c:/program files (x86)/cypress/psoc creator/4.4/psoc creator/import/gnu/arm/5.4.1/bin/../lib/gcc/arm-none-eabi/5.4.1/../../../../arm-none-eabi/lib/armv7-m\libg_nano.a(lib_a-impure.o)
 .rodata.str1.1
                0x0000ce0a       0x11 c:/program files (x86)/cypress/psoc creator/4.4/psoc creator/import/gnu/arm/5.4.1/bin/../lib/gcc/arm-none-eabi/5.4.1/../../../../arm-none-eabi/lib/armv7-m\libg_nano.a(lib_a-nano-svfprintf.o)
 .rodata.str1.1
                0x0000ce1b       0x22 c:/program files (x86)/cypress/psoc creator/4.4/psoc creator/import/gnu/arm/5.4.1/bin/../lib/gcc/arm-none-eabi/5.4.1/../../../../arm-none-eabi/lib/armv7-m\libg_nano.a(lib_a-nano-vfprintf_i.o)
                0x0000ce40                . = ALIGN (0x4)
 *fill*         0x0000ce3d        0x3 
 *(.init)
 .init          0x0000ce40        0x4 c:/program files (x86)/cypress/psoc creator/4.4/psoc creator/import/gnu/arm/5.4.1/bin/../lib/gcc/arm-none-eabi/5.4.1/armv7-m/crti.o
                0x0000ce40                _init
 .init          0x0000ce44        0x8 c:/program files (x86)/cypress/psoc creator/4.4/psoc creator/import/gnu/arm/5.4.1/bin/../lib/gcc/arm-none-eabi/5.4.1/armv7-m/crtn.o
                0x0000ce4c                . = ALIGN (0x4)
                0x0000ce4c                __preinit_array_start = .
 *(.preinit_array)
                0x0000ce4c                __preinit_array_end = .
                0x0000ce4c                . = ALIGN (0x4)
                0x0000ce4c                __init_array_start = .
 *(SORT(.init_array.*))
 *(.init_array)
 .init_array    0x0000ce4c        0x4 c:/program files (x86)/cypress/psoc creator/4.4/psoc creator/import/gnu/arm/5.4.1/bin/../lib/gcc/arm-none-eabi/5.4.1/armv7-m/crtbegin.o
 .init_array    0x0000ce50        0x4 .\CortexM3\ARM_GCC_541\Debug\Cm3Start.o
                0x0000ce54                __init_array_end = .
                0x0000ce54                . = ALIGN (0x4)
 *(.fini)
 .fini          0x0000ce54        0x4 c:/program files (x86)/cypress/psoc creator/4.4/psoc creator/import/gnu/arm/5.4.1/bin/../lib/gcc/arm-none-eabi/5.4.1/armv7-m/crti.o
                0x0000ce54                _fini
 .fini          0x0000ce58        0x8 c:/program files (x86)/cypress/psoc creator/4.4/psoc creator/import/gnu/arm/5.4.1/bin/../lib/gcc/arm-none-eabi/5.4.1/armv7-m/crtn.o
                0x0000ce60                . = ALIGN (0x4)
                0x0000ce60                __fini_array_start = .
 *(.fini_array)
 .fini_array    0x0000ce60        0x4 c:/program files (x86)/cypress/psoc creator/4.4/psoc creator/import/gnu/arm/5.4.1/bin/../lib/gcc/arm-none-eabi/5.4.1/armv7-m/crtbegin.o
 *(SORT(.fini_array.*))
                0x0000ce64                __fini_array_end = .
                0x0000ce64                . = ALIGN (0x4)
 *crtbegin.o(.ctors)
 *(EXCLUDE_FILE(*crtend.o) .ctors)
 *(SORT(.ctors.*))
 *crtend.o(.ctors)
                0x0000ce64                . = ALIGN (0x4)
 *crtbegin.o(.dtors)
 *(EXCLUDE_FILE(*crtend.o) .dtors)
 *(SORT(.dtors.*))
 *crtend.o(.dtors)
                0x0000ce64                . = ALIGN (0x4)
                0x0000ce64                __cy_regions = .
                0x0000ce64        0x4 LONG 0xce78 __cy_region_init_ram
                0x0000ce68        0x4 LONG 0x1fff80c8 __cy_region_start_data
                0x0000ce6c        0x4 LONG 0xc8 __cy_region_init_size_ram
                0x0000ce70        0x4 LONG 0x288 __cy_region_zero_size_ram
                0x0000ce74                __cy_regions_end = .
                0x0000ce78                . = ALIGN (0x8)
 *fill*         0x0000ce74        0x4 
                0x0000ce78                _etext = .

.cy_checksum_exclude
                0x0000ce78        0x0
 *(.cy_checksum_exclude)

.ramvectors     0x1fff8000       0xc0
                0x1fff8000                __cy_region_start_ram = .
 *(.ramvectors)
 .ramvectors    0x1fff8000       0xc0 .\CortexM3\ARM_GCC_541\Debug\Cm3Start.o
                0x1fff8000                CyRamVectors

.noinit         0x1fff80c0        0x1
 *(.noinit)
 .noinit        0x1fff80c0        0x1 .\CortexM3\ARM_GCC_541\Debug\Half_Skeleton_V2_LED_ARRAY.a(CyLib.o)
                0x1fff80c0                CyResetStatus

.data           0x1fff80c8       0xc8 load address 0x0000ce78
                0x1fff80c8                __cy_region_start_data = .
 *(.jcr)
 .jcr           0x1fff80c8        0x0 c:/program files (x86)/cypress/psoc creator/4.4/psoc creator/import/gnu/arm/5.4.1/bin/../lib/gcc/arm-none-eabi/5.4.1/armv7-m/crtbegin.o
 .jcr           0x1fff80c8        0x4 c:/program files (x86)/cypress/psoc creator/4.4/psoc creator/import/gnu/arm/5.4.1/bin/../lib/gcc/arm-none-eabi/5.4.1/armv7-m/crtend.o
 *(.got.plt)
 *(.got)
 *(.shdata)
 *(.data .data.* .gnu.linkonce.d.*)
 .data          0x1fff80cc        0x4 .\CortexM3\ARM_GCC_541\Debug\main.o
                0x1fff80cc                status_t
                0x1fff80cd                status_z
                0x1fff80ce                status_y
                0x1fff80cf                status_x
 .data          0x1fff80d0       0x25 .\CortexM3\ARM_GCC_541\Debug\AS76.o
                0x1fff80d0                PWM_Condenser_comare_value
                0x1fff80d4                Motor_Speed_X
                0x1fff80d8                Motor_Speed_Y
                0x1fff80dc                Motor_Speed_Z
                0x1fff80e0                HomeY_done
                0x1fff80e1                HomeX_done
                0x1fff80e2                HomeZ_done
                0x1fff80e3                HomeT_done
                0x1fff80e4                T_Pitchfactor
                0x1fff80e8                Z_Pitchfactor
                0x1fff80ec                Y_Pitchfactor
                0x1fff80f0                X_Pitchfactor
                0x1fff80f4                Time_Out_Error
 .data          0x1fff80f5        0x1 .\CortexM3\ARM_GCC_541\Debug\PCA9959.o
                0x1fff80f5                Op
 *fill*         0x1fff80f6        0x2 
 .data          0x1fff80f8        0x4 .\CortexM3\ARM_GCC_541\Debug\Cm3Start.o
 .data          0x1fff80fc       0x10 .\CortexM3\ARM_GCC_541\Debug\Half_Skeleton_V2_LED_ARRAY.a(CyLib.o)
                0x1fff80fc                cydelay_32k_ms
                0x1fff8100                cydelay_freq_khz
                0x1fff8104                cydelay_freq_mhz
                0x1fff8108                cydelay_freq_hz
 .data          0x1fff810c       0x1a .\CortexM3\ARM_GCC_541\Debug\Half_Skeleton_V2_LED_ARRAY.a(USB_cdc.o)
                0x1fff810c                USB_linesCoding
 .data.__fdlib_version
                0x1fff8126        0x1 c:/program files (x86)/cypress/psoc creator/4.4/psoc creator/import/gnu/arm/5.4.1/bin/../lib/gcc/arm-none-eabi/5.4.1/../../../../arm-none-eabi/lib/armv7-m\libm.a(lib_a-s_lib_ver.o)
                0x1fff8126                __fdlib_version
 *fill*         0x1fff8127        0x1 
 .data.impure_data
                0x1fff8128       0x60 c:/program files (x86)/cypress/psoc creator/4.4/psoc creator/import/gnu/arm/5.4.1/bin/../lib/gcc/arm-none-eabi/5.4.1/../../../../arm-none-eabi/lib/armv7-m\libg_nano.a(lib_a-impure.o)
 .data._impure_ptr
                0x1fff8188        0x4 c:/program files (x86)/cypress/psoc creator/4.4/psoc creator/import/gnu/arm/5.4.1/bin/../lib/gcc/arm-none-eabi/5.4.1/../../../../arm-none-eabi/lib/armv7-m\libg_nano.a(lib_a-impure.o)
                0x1fff8188                _impure_ptr
                0x1fff8190                . = ALIGN (0x8)
 *fill*         0x1fff818c        0x4 
 *(.ram)
                0x1fff8190                _edata = .

.igot.plt       0x1fff8190        0x0 load address 0x0000cf40
 .igot.plt      0x1fff8190        0x0 c:/program files (x86)/cypress/psoc creator/4.4/psoc creator/import/gnu/arm/5.4.1/bin/../lib/gcc/arm-none-eabi/5.4.1/armv7-m/crtbegin.o

.bss            0x1fff8190      0x288 load address 0x0000cf40
                0x1fff8190                PROVIDE (__bss_start__, .)
 *(.shbss)
 *(.bss .bss.* .gnu.linkonce.b.*)
 .bss           0x1fff8190       0x1c c:/program files (x86)/cypress/psoc creator/4.4/psoc creator/import/gnu/arm/5.4.1/bin/../lib/gcc/arm-none-eabi/5.4.1/armv7-m/crtbegin.o
 .bss           0x1fff81ac       0x68 .\CortexM3\ARM_GCC_541\Debug\AS76.o
                0x1fff81ac                ms_count
                0x1fff81b0                exit_loop
                0x1fff81b4                X_QuadPosition
                0x1fff81b8                start_quad
                0x1fff81bc                capture_flag
                0x1fff81c0                Y_QuadPosition
                0x1fff81c4                EncoderTZSelect
                0x1fff81c8                Z_QuadPosition
                0x1fff81cc                T_QuadPosition
                0x1fff81d0                Buffer_Z_QuadPosition
                0x1fff81d4                Buffer_T_QuadPosition
                0x1fff81d8                print_flag
                0x1fff81dc                PWM_barcode_comare_value
                0x1fff81e0                Error
                0x1fff81e5                HomeX_done_Buffer
                0x1fff81e6                HomeY_done_Buffer
                0x1fff81e7                HomeZ_done_Buffer
                0x1fff81e8                HomeT_done_Buffer
                0x1fff81ec                Previous_X_Position
                0x1fff81f0                Previous_Y_Position
                0x1fff81f4                Previous_Z_Position
                0x1fff81f8                Position_X_Requested
                0x1fff81fc                Position_Y_Requested
                0x1fff8200                Position_Z_Requested
                0x1fff8204                Position_T_Requested
                0x1fff8208                time_ms
                0x1fff820c                oil_speed
                0x1fff8210                oil_dir
 .bss           0x1fff8214        0xc .\CortexM3\ARM_GCC_541\Debug\APA102.o
                0x1fff8214                BnB
                0x1fff8216                GnR
                0x1fff8218                STFB
                0x1fff821c                LedCnt
                0x1fff821d                MaxB
                0x1fff821e                B
                0x1fff821f                j
 .bss           0x1fff8220        0x8 .\CortexM3\ARM_GCC_541\Debug\PCA9959.o
                0x1fff8220                TX
                0x1fff8222                RegAddr
                0x1fff8223                Data
                0x1fff8224                PgSl
                0x1fff8226                RX
 .bss           0x1fff8228        0x1 .\CortexM3\ARM_GCC_541\Debug\Half_Skeleton_V2_LED_ARRAY.a(SPIM.o)
                0x1fff8228                SPIM_initVar
 .bss           0x1fff8229        0x1 .\CortexM3\ARM_GCC_541\Debug\Half_Skeleton_V2_LED_ARRAY.a(USB.o)
                0x1fff8229                USB_initVar
 .bss           0x1fff822a        0x1 .\CortexM3\ARM_GCC_541\Debug\Half_Skeleton_V2_LED_ARRAY.a(USB_cdc.o)
 *fill*         0x1fff822b        0x1 
 .bss           0x1fff822c        0x2 .\CortexM3\ARM_GCC_541\Debug\Half_Skeleton_V2_LED_ARRAY.a(USB_std.o)
 .bss           0x1fff822e        0x1 .\CortexM3\ARM_GCC_541\Debug\Half_Skeleton_V2_LED_ARRAY.a(PWM_CondenserLED.o)
                0x1fff822e                PWM_CondenserLED_initVar
 .bss           0x1fff822f        0x1 .\CortexM3\ARM_GCC_541\Debug\Half_Skeleton_V2_LED_ARRAY.a(QuadDec_X.o)
                0x1fff822f                QuadDec_X_initVar
 .bss           0x1fff8230        0x4 .\CortexM3\ARM_GCC_541\Debug\Half_Skeleton_V2_LED_ARRAY.a(QuadDec_X_INT.o)
                0x1fff8230                QuadDec_X_count32SoftPart
 .bss           0x1fff8234        0x1 .\CortexM3\ARM_GCC_541\Debug\Half_Skeleton_V2_LED_ARRAY.a(QuadDec_X_Cnt16.o)
                0x1fff8234                QuadDec_X_Cnt16_initVar
 .bss           0x1fff8235        0x7 .\CortexM3\ARM_GCC_541\Debug\Half_Skeleton_V2_LED_ARRAY.a(UART_PCB_LOG.o)
                0x1fff8235                UART_PCB_LOG_errorStatus
                0x1fff8236                UART_PCB_LOG_initVar
                0x1fff8237                UART_PCB_LOG_rxBufferRead
                0x1fff8238                UART_PCB_LOG_rxBufferWrite
                0x1fff8239                UART_PCB_LOG_rxBufferLoopDetect
                0x1fff823a                UART_PCB_LOG_rxBufferOverflow
 .bss           0x1fff823c        0x1 .\CortexM3\ARM_GCC_541\Debug\Half_Skeleton_V2_LED_ARRAY.a(QuadDec_TZ.o)
                0x1fff823c                QuadDec_TZ_initVar
 *fill*         0x1fff823d        0x3 
 .bss           0x1fff8240        0x4 .\CortexM3\ARM_GCC_541\Debug\Half_Skeleton_V2_LED_ARRAY.a(QuadDec_TZ_INT.o)
                0x1fff8240                QuadDec_TZ_count32SoftPart
 .bss           0x1fff8244        0x1 .\CortexM3\ARM_GCC_541\Debug\Half_Skeleton_V2_LED_ARRAY.a(PWM_Buzzer.o)
                0x1fff8244                PWM_Buzzer_initVar
 .bss           0x1fff8245        0x1 .\CortexM3\ARM_GCC_541\Debug\Half_Skeleton_V2_LED_ARRAY.a(QuadDec_Y.o)
                0x1fff8245                QuadDec_Y_initVar
 *fill*         0x1fff8246        0x2 
 .bss           0x1fff8248        0x4 .\CortexM3\ARM_GCC_541\Debug\Half_Skeleton_V2_LED_ARRAY.a(QuadDec_Y_INT.o)
                0x1fff8248                QuadDec_Y_count32SoftPart
 .bss           0x1fff824c        0x1 .\CortexM3\ARM_GCC_541\Debug\Half_Skeleton_V2_LED_ARRAY.a(PWM_BarcodeCondenser_LED.o)
                0x1fff824c                PWM_BarcodeCondenser_LED_initVar
 .bss           0x1fff824d        0x1 .\CortexM3\ARM_GCC_541\Debug\Half_Skeleton_V2_LED_ARRAY.a(QuadDec_TZ_Cnt16.o)
                0x1fff824d                QuadDec_TZ_Cnt16_initVar
 .bss           0x1fff824e        0x1 .\CortexM3\ARM_GCC_541\Debug\Half_Skeleton_V2_LED_ARRAY.a(QuadDec_Y_Cnt16.o)
                0x1fff824e                QuadDec_Y_Cnt16_initVar
 .bss           0x1fff824f        0x1 .\CortexM3\ARM_GCC_541\Debug\Half_Skeleton_V2_LED_ARRAY.a(wait_timer.o)
                0x1fff824f                wait_timer_initVar
 .bss.__malloc_sbrk_start
                0x1fff8250        0x4 c:/program files (x86)/cypress/psoc creator/4.4/psoc creator/import/gnu/arm/5.4.1/bin/../lib/gcc/arm-none-eabi/5.4.1/../../../../arm-none-eabi/lib/armv7-m\libg_nano.a(lib_a-nano-mallocr.o)
                0x1fff8250                __malloc_sbrk_start
 .bss.__malloc_free_list
                0x1fff8254        0x4 c:/program files (x86)/cypress/psoc creator/4.4/psoc creator/import/gnu/arm/5.4.1/bin/../lib/gcc/arm-none-eabi/5.4.1/../../../../arm-none-eabi/lib/armv7-m\libg_nano.a(lib_a-nano-mallocr.o)
                0x1fff8254                __malloc_free_list
 *(COMMON)
 COMMON         0x1fff8258       0x77 .\CortexM3\ARM_GCC_541\Debug\main.o
                0x1fff8258                Is_Slide_On_Gripper
                0x1fff825c                USB_received
                0x1fff829c                count
                0x1fff82a0                USB_transmit
 *fill*         0x1fff82cf        0x1 
 COMMON         0x1fff82d0        0x4 .\CortexM3\ARM_GCC_541\Debug\AS76.o
                0x1fff82d0                command
 COMMON         0x1fff82d4        0x7 .\CortexM3\ARM_GCC_541\Debug\APA102.o
                0x1fff82d4                SPI_RGB_DATA
                0x1fff82d8                i
                0x1fff82d9                G
                0x1fff82da                R
 *fill*         0x1fff82db        0x1 
 COMMON         0x1fff82dc       0x18 .\CortexM3\ARM_GCC_541\Debug\Half_Skeleton_V2_LED_ARRAY.a(SPIM.o)
                0x1fff82dc                SPIM_rxBufferFull
                0x1fff82e0                SPIM_txBuffer
                0x1fff82e5                SPIM_swStatusTx
                0x1fff82e8                SPIM_rxBuffer
                0x1fff82ee                SPIM_txBufferFull
                0x1fff82ef                SPIM_txBufferRead
                0x1fff82f0                SPIM_rxBufferWrite
                0x1fff82f1                SPIM_txBufferWrite
                0x1fff82f2                SPIM_rxBufferRead
                0x1fff82f3                SPIM_swStatusRx
 COMMON         0x1fff82f4       0x16 .\CortexM3\ARM_GCC_541\Debug\Half_Skeleton_V2_LED_ARRAY.a(USB_cdc.o)
                0x1fff82f4                USB_linesControlBitmap
                0x1fff82f8                USB_cdcCommInInterruptEp
                0x1fff82fc                USB_serialStateBitmap
                0x1fff8300                USB_cdcDataOutEp
                0x1fff8304                USB_cdcDataInEp
                0x1fff8308                USB_linesChanged
 *fill*         0x1fff830a        0x2 
 COMMON         0x1fff830c       0x98 .\CortexM3\ARM_GCC_541\Debug\Half_Skeleton_V2_LED_ARRAY.a(USB_drv.o)
                0x1fff830c                USB_transferState
                0x1fff830d                USB_interfaceNumber
                0x1fff830e                USB_lastPacketSize
                0x1fff8310                USB_interfaceClass
                0x1fff8314                USB_interfaceSetting
                0x1fff8316                USB_ep0Mode
                0x1fff8317                USB_device
                0x1fff8318                USB_deviceAddress
                0x1fff8319                USB_ep0Toggle
                0x1fff831c                USB_interfaceSettingLast
                0x1fff831e                USB_configurationChanged
                0x1fff8320                USB_interfaceStatus
                0x1fff8322                USB_transferByteCount
                0x1fff8324                USB_configuration
                0x1fff8328                USB_currentTD
                0x1fff8334                USB_ep0Count
                0x1fff8335                USB_deviceStatus
                0x1fff8338                USB_EP
 COMMON         0x1fff83a4        0xa .\CortexM3\ARM_GCC_541\Debug\Half_Skeleton_V2_LED_ARRAY.a(USB_hid.o)